2018-08-28 03:31:38,098 : INFO : adding document #0 to Dictionary(0 unique tokens: [])
2018-08-28 03:32:06,890 : INFO : built Dictionary(138769 unique tokens: ['1000', '15m', '4000', '999', 'act']...) from 4623 documents (total 2290604 corpus positions)
2018-08-28 03:32:34,376 : INFO : adding document #0 to Dictionary(0 unique tokens: [])
2018-08-28 03:32:54,334 : INFO : built Dictionary(118961 unique tokens: ['10', '100', '10x', '120', '20']...) from 2653 documents (total 1868102 corpus positions)
2018-08-28 03:33:14,569 : INFO : adding document #0 to Dictionary(0 unique tokens: [])
2018-08-28 03:33:26,319 : INFO : built Dictionary(88770 unique tokens: ['1', '100', '20k', '247', '3']...) from 1067 documents (total 1256157 corpus positions)
2018-08-28 03:33:37,483 : INFO : using symmetric alpha at 0.1
2018-08-28 03:33:37,486 : INFO : using symmetric eta at 0.1
2018-08-28 03:33:37,519 : INFO : using serial LDA version on this node
2018-08-28 03:33:37,714 : INFO : running online (multi-pass) LDA training, 10 topics, 100 passes over the supplied corpus of 4623 documents, updating model once every 4623 documents, evaluating perplexity every 4623 documents, iterating 50x with a convergence threshold of 0.001000
2018-08-28 03:33:46,509 : INFO : -13.090 per-word bound, 8717.4 perplexity estimate based on a held-out corpus of 4623 documents with 2290604 words
2018-08-28 03:33:46,511 : INFO : PROGRESS: pass 0, at document #4623/4623
2018-08-28 03:33:51,161 : INFO : topic #3 (0.100): 0.008*"like" + 0.007*"get" + 0.007*"im" + 0.006*"coin" + 0.005*"buy" + 0.004*"btc" + 0.004*"go" + 0.004*"money" + 0.004*"people" + 0.004*"going"
2018-08-28 03:33:51,163 : INFO : topic #5 (0.100): 0.007*"get" + 0.007*"fucking" + 0.006*"coin" + 0.006*"btc" + 0.006*"like" + 0.006*"buy" + 0.005*"would" + 0.005*"money" + 0.005*"make" + 0.005*"bitcoin"
2018-08-28 03:33:51,165 : INFO : topic #9 (0.100): 0.009*"like" + 0.008*"btc" + 0.007*"shit" + 0.007*"buy" + 0.005*"make" + 0.005*"going" + 0.005*"time" + 0.005*"get" + 0.005*"coin" + 0.005*"would"
2018-08-28 03:33:51,166 : INFO : topic #7 (0.100): 0.009*"get" + 0.007*"like" + 0.007*"btc" + 0.006*"bitcoin" + 0.005*"coin" + 0.005*"money" + 0.004*"one" + 0.004*"im" + 0.004*"going" + 0.004*"fucking"
2018-08-28 03:33:51,167 : INFO : topic #4 (0.100): 0.010*"btc" + 0.009*"get" + 0.006*"people" + 0.006*"coin" + 0.006*"bch" + 0.006*"im" + 0.006*"buy" + 0.005*"money" + 0.005*"even" + 0.005*"bitcoin"
2018-08-28 03:33:51,169 : INFO : topic diff=4.887020, rho=1.000000
2018-08-28 03:34:00,031 : INFO : -8.728 per-word bound, 423.9 perplexity estimate based on a held-out corpus of 4623 documents with 2290604 words
2018-08-28 03:34:00,033 : INFO : PROGRESS: pass 1, at document #4623/4623
2018-08-28 03:34:04,490 : INFO : topic #9 (0.100): 0.009*"like" + 0.008*"btc" + 0.007*"buy" + 0.007*"shit" + 0.005*"get" + 0.005*"going" + 0.005*"im" + 0.005*"coin" + 0.005*"time" + 0.005*"fucking"
2018-08-28 03:34:04,492 : INFO : topic #5 (0.100): 0.011*"chancoin" + 0.007*"get" + 0.007*"fucking" + 0.006*"coin" + 0.005*"like" + 0.005*"btc" + 0.005*"buy" + 0.004*"would" + 0.004*"make" + 0.004*"money"
2018-08-28 03:34:04,493 : INFO : topic #0 (0.100): 0.009*"like" + 0.007*"btc" + 0.007*"im" + 0.006*"get" + 0.006*"bitcoin" + 0.006*"money" + 0.005*"buy" + 0.005*"bch" + 0.005*"coin" + 0.004*"time"
2018-08-28 03:34:04,494 : INFO : topic #2 (0.100): 0.007*"get" + 0.006*"people" + 0.006*"like" + 0.006*"im" + 0.005*"want" + 0.005*"time" + 0.004*"it" + 0.004*"go" + 0.004*"coin" + 0.004*"buy"
2018-08-28 03:34:04,496 : INFO : topic #6 (0.100): 0.008*"buy" + 0.008*"im" + 0.007*"going" + 0.007*"like" + 0.006*"get" + 0.005*"go" + 0.005*"make" + 0.005*"money" + 0.005*"time" + 0.005*"fucking"
2018-08-28 03:34:04,498 : INFO : topic diff=1.401714, rho=0.577350
2018-08-28 03:34:12,947 : INFO : -8.544 per-word bound, 373.3 perplexity estimate based on a held-out corpus of 4623 documents with 2290604 words
2018-08-28 03:34:12,947 : INFO : PROGRESS: pass 2, at document #4623/4623
2018-08-28 03:34:17,239 : INFO : topic #7 (0.100): 0.008*"get" + 0.006*"like" + 0.006*"bitcoin" + 0.005*"btc" + 0.005*"money" + 0.004*"coin" + 0.004*"people" + 0.004*"one" + 0.004*"going" + 0.004*"would"
2018-08-28 03:34:17,241 : INFO : topic #2 (0.100): 0.008*"get" + 0.007*"like" + 0.006*"people" + 0.006*"im" + 0.005*"want" + 0.005*"time" + 0.004*"money" + 0.004*"go" + 0.004*"it" + 0.004*"make"
2018-08-28 03:34:17,242 : INFO : topic #9 (0.100): 0.008*"like" + 0.008*"btc" + 0.007*"buy" + 0.006*"shit" + 0.006*"get" + 0.006*"im" + 0.005*"going" + 0.005*"fucking" + 0.005*"coin" + 0.005*"money"
2018-08-28 03:34:17,244 : INFO : topic #5 (0.100): 0.019*"chancoin" + 0.007*"get" + 0.007*"coin" + 0.006*"fucking" + 0.005*"like" + 0.004*"btc" + 0.004*"buy" + 0.004*"make" + 0.004*"would" + 0.004*"money"
2018-08-28 03:34:17,245 : INFO : topic #0 (0.100): 0.008*"like" + 0.008*"btc" + 0.006*"im" + 0.006*"get" + 0.006*"bitcoin" + 0.006*"money" + 0.005*"buy" + 0.005*"crypto" + 0.004*"coin" + 0.004*"time"
2018-08-28 03:34:17,247 : INFO : topic diff=0.930016, rho=0.500000
2018-08-28 03:34:25,841 : INFO : -8.468 per-word bound, 354.2 perplexity estimate based on a held-out corpus of 4623 documents with 2290604 words
2018-08-28 03:34:25,842 : INFO : PROGRESS: pass 3, at document #4623/4623
2018-08-28 03:34:29,966 : INFO : topic #6 (0.100): 0.008*"buy" + 0.008*"im" + 0.007*"like" + 0.007*"going" + 0.007*"get" + 0.006*"go" + 0.005*"make" + 0.005*"money" + 0.005*"time" + 0.005*"fucking"
2018-08-28 03:34:29,967 : INFO : topic #8 (0.100): 0.010*"link" + 0.007*"like" + 0.007*"buy" + 0.007*"get" + 0.007*"coin" + 0.006*"im" + 0.005*"make" + 0.005*"fucking" + 0.005*"one" + 0.004*"go"
2018-08-28 03:34:29,969 : INFO : topic #9 (0.100): 0.008*"like" + 0.008*"btc" + 0.007*"buy" + 0.006*"shit" + 0.006*"get" + 0.006*"im" + 0.006*"fucking" + 0.005*"going" + 0.005*"coin" + 0.005*"money"
2018-08-28 03:34:29,970 : INFO : topic #4 (0.100): 0.016*"btc" + 0.012*"bch" + 0.011*"bitcoin" + 0.007*"get" + 0.006*"people" + 0.006*"coin" + 0.005*"like" + 0.005*"going" + 0.005*"money" + 0.005*"buy"
2018-08-28 03:34:29,971 : INFO : topic #5 (0.100): 0.025*"chancoin" + 0.007*"coin" + 0.006*"get" + 0.006*"fucking" + 0.005*"sage" + 0.005*"like" + 0.004*"make" + 0.004*"buy" + 0.004*"would" + 0.004*"btc"
2018-08-28 03:34:29,973 : INFO : topic diff=0.597091, rho=0.447214
2018-08-28 03:34:38,366 : INFO : -8.431 per-word bound, 345.1 perplexity estimate based on a held-out corpus of 4623 documents with 2290604 words
2018-08-28 03:34:38,368 : INFO : PROGRESS: pass 4, at document #4623/4623
2018-08-28 03:34:42,505 : INFO : topic #7 (0.100): 0.008*"get" + 0.006*"like" + 0.005*"money" + 0.004*"bitcoin" + 0.004*"btc" + 0.004*"would" + 0.004*"one" + 0.004*"going" + 0.004*"people" + 0.004*"coin"
2018-08-28 03:34:42,507 : INFO : topic #8 (0.100): 0.010*"link" + 0.007*"like" + 0.007*"coin" + 0.007*"buy" + 0.007*"get" + 0.006*"im" + 0.005*"make" + 0.005*"fucking" + 0.005*"one" + 0.004*"go"
2018-08-28 03:34:42,508 : INFO : topic #4 (0.100): 0.017*"btc" + 0.013*"bch" + 0.012*"bitcoin" + 0.007*"get" + 0.006*"people" + 0.006*"like" + 0.005*"coin" + 0.005*"going" + 0.005*"fucking" + 0.005*"money"
2018-08-28 03:34:42,509 : INFO : topic #2 (0.100): 0.009*"get" + 0.008*"like" + 0.007*"people" + 0.006*"im" + 0.005*"want" + 0.005*"money" + 0.005*"make" + 0.005*"work" + 0.004*"time" + 0.004*"would"
2018-08-28 03:34:42,511 : INFO : topic #1 (0.100): 0.007*"tax" + 0.007*"get" + 0.007*"coin" + 0.006*"like" + 0.005*"crypto" + 0.005*"year" + 0.005*"would" + 0.005*"wallet" + 0.005*"money" + 0.005*"im"
2018-08-28 03:34:42,512 : INFO : topic diff=0.389420, rho=0.408248
2018-08-28 03:34:50,837 : INFO : -8.409 per-word bound, 339.9 perplexity estimate based on a held-out corpus of 4623 documents with 2290604 words
2018-08-28 03:34:50,839 : INFO : PROGRESS: pass 5, at document #4623/4623
2018-08-28 03:34:55,037 : INFO : topic #2 (0.100): 0.009*"get" + 0.008*"like" + 0.007*"people" + 0.006*"im" + 0.005*"want" + 0.005*"money" + 0.005*"make" + 0.005*"work" + 0.004*"would" + 0.004*"job"
2018-08-28 03:34:55,038 : INFO : topic #8 (0.100): 0.010*"link" + 0.007*"like" + 0.007*"coin" + 0.007*"buy" + 0.007*"get" + 0.006*"im" + 0.005*"make" + 0.005*"one" + 0.005*"fucking" + 0.004*"token"
2018-08-28 03:34:55,039 : INFO : topic #9 (0.100): 0.008*"like" + 0.008*"buy" + 0.007*"btc" + 0.006*"get" + 0.006*"im" + 0.006*"shit" + 0.006*"fucking" + 0.006*"going" + 0.005*"coin" + 0.005*"money"
2018-08-28 03:34:55,041 : INFO : topic #5 (0.100): 0.035*"chancoin" + 0.007*"sage" + 0.007*"coin" + 0.006*"get" + 0.005*"fucking" + 0.004*"like" + 0.003*"make" + 0.003*"one" + 0.003*"it" + 0.003*"would"
2018-08-28 03:34:55,042 : INFO : topic #7 (0.100): 0.007*"get" + 0.005*"like" + 0.004*"money" + 0.004*"would" + 0.004*"bitcoin" + 0.004*"going" + 0.004*"one" + 0.004*"people" + 0.004*"ark" + 0.004*"btc"
2018-08-28 03:34:55,044 : INFO : topic diff=0.260810, rho=0.377964
2018-08-28 03:35:03,393 : INFO : -8.395 per-word bound, 336.6 perplexity estimate based on a held-out corpus of 4623 documents with 2290604 words
2018-08-28 03:35:03,393 : INFO : PROGRESS: pass 6, at document #4623/4623
2018-08-28 03:35:07,585 : INFO : topic #8 (0.100): 0.010*"link" + 0.008*"coin" + 0.007*"like" + 0.007*"buy" + 0.007*"get" + 0.006*"im" + 0.005*"make" + 0.005*"one" + 0.005*"fucking" + 0.005*"token"
2018-08-28 03:35:07,587 : INFO : topic #3 (0.100): 0.006*"like" + 0.005*"get" + 0.005*"im" + 0.003*"coin" + 0.003*"make" + 0.003*"credit" + 0.003*"buy" + 0.003*"good" + 0.003*"going" + 0.003*"one"
2018-08-28 03:35:07,588 : INFO : topic #0 (0.100): 0.012*"tether" + 0.008*"btc" + 0.007*"like" + 0.006*"bitcoin" + 0.006*"money" + 0.006*"get" + 0.005*"crypto" + 0.005*"im" + 0.005*"buy" + 0.004*"usd"
2018-08-28 03:35:07,589 : INFO : topic #4 (0.100): 0.018*"btc" + 0.014*"bch" + 0.014*"bitcoin" + 0.007*"get" + 0.006*"people" + 0.006*"like" + 0.006*"going" + 0.005*"coin" + 0.005*"fucking" + 0.005*"money"
2018-08-28 03:35:07,591 : INFO : topic #6 (0.100): 0.009*"buy" + 0.008*"im" + 0.007*"like" + 0.007*"going" + 0.007*"get" + 0.006*"go" + 0.005*"make" + 0.005*"money" + 0.005*"sell" + 0.005*"coin"
2018-08-28 03:35:07,592 : INFO : topic diff=0.180883, rho=0.353553
2018-08-28 03:35:15,867 : INFO : -8.385 per-word bound, 334.3 perplexity estimate based on a held-out corpus of 4623 documents with 2290604 words
2018-08-28 03:35:15,869 : INFO : PROGRESS: pass 7, at document #4623/4623
2018-08-28 03:35:20,028 : INFO : topic #9 (0.100): 0.008*"like" + 0.008*"buy" + 0.007*"btc" + 0.007*"im" + 0.007*"get" + 0.006*"shit" + 0.006*"fucking" + 0.006*"going" + 0.005*"coin" + 0.005*"money"
2018-08-28 03:35:20,030 : INFO : topic #3 (0.100): 0.005*"like" + 0.005*"im" + 0.005*"get" + 0.003*"credit" + 0.003*"coin" + 0.003*"make" + 0.003*"buy" + 0.003*"good" + 0.003*"going" + 0.003*"one"
2018-08-28 03:35:20,032 : INFO : topic #6 (0.100): 0.009*"buy" + 0.008*"im" + 0.007*"like" + 0.007*"going" + 0.007*"get" + 0.006*"go" + 0.005*"make" + 0.005*"money" + 0.005*"sell" + 0.005*"coin"
2018-08-28 03:35:20,033 : INFO : topic #8 (0.100): 0.010*"link" + 0.008*"coin" + 0.007*"like" + 0.007*"buy" + 0.007*"get" + 0.006*"im" + 0.005*"make" + 0.005*"one" + 0.005*"fucking" + 0.005*"token"
2018-08-28 03:35:20,034 : INFO : topic #1 (0.100): 0.009*"tax" + 0.007*"get" + 0.006*"wallet" + 0.006*"like" + 0.006*"crypto" + 0.006*"coin" + 0.005*"year" + 0.005*"would" + 0.005*"money" + 0.005*"pay"
2018-08-28 03:35:20,036 : INFO : topic diff=0.130786, rho=0.333333
2018-08-28 03:35:28,394 : INFO : -8.378 per-word bound, 332.7 perplexity estimate based on a held-out corpus of 4623 documents with 2290604 words
2018-08-28 03:35:28,395 : INFO : PROGRESS: pass 8, at document #4623/4623
2018-08-28 03:35:32,512 : INFO : topic #2 (0.100): 0.009*"get" + 0.008*"like" + 0.007*"people" + 0.006*"im" + 0.006*"money" + 0.006*"make" + 0.006*"want" + 0.005*"work" + 0.005*"year" + 0.005*"would"
2018-08-28 03:35:32,514 : INFO : topic #8 (0.100): 0.010*"link" + 0.008*"coin" + 0.007*"like" + 0.007*"buy" + 0.007*"get" + 0.006*"im" + 0.005*"make" + 0.005*"one" + 0.005*"fucking" + 0.005*"token"
2018-08-28 03:35:32,515 : INFO : topic #5 (0.100): 0.046*"chancoin" + 0.009*"sage" + 0.006*"coin" + 0.005*"get" + 0.004*"fucking" + 0.004*"4chn" + 0.003*"like" + 0.003*"wallet" + 0.003*"make" + 0.003*"it"
2018-08-28 03:35:32,517 : INFO : topic #3 (0.100): 0.005*"like" + 0.004*"im" + 0.004*"get" + 0.004*"credit" + 0.003*"coin" + 0.003*"make" + 0.003*"card" + 0.003*"buy" + 0.003*"going" + 0.003*"good"
2018-08-28 03:35:32,518 : INFO : topic #7 (0.100): 0.007*"get" + 0.005*"ark" + 0.005*"like" + 0.004*"money" + 0.004*"going" + 0.004*"would" + 0.003*"one" + 0.003*"use" + 0.003*"fucking" + 0.003*"people"
2018-08-28 03:35:32,520 : INFO : topic diff=0.098767, rho=0.316228
2018-08-28 03:35:40,822 : INFO : -8.372 per-word bound, 331.4 perplexity estimate based on a held-out corpus of 4623 documents with 2290604 words
2018-08-28 03:35:40,824 : INFO : PROGRESS: pass 9, at document #4623/4623
2018-08-28 03:35:44,977 : INFO : topic #7 (0.100): 0.006*"get" + 0.005*"ark" + 0.004*"like" + 0.004*"going" + 0.003*"money" + 0.003*"would" + 0.003*"use" + 0.003*"data" + 0.003*"one" + 0.003*"fucking"
2018-08-28 03:35:44,978 : INFO : topic #0 (0.100): 0.016*"tether" + 0.008*"btc" + 0.006*"like" + 0.006*"money" + 0.006*"bitcoin" + 0.006*"crypto" + 0.005*"get" + 0.005*"usd" + 0.005*"bitfinex" + 0.004*"im"
2018-08-28 03:35:44,979 : INFO : topic #4 (0.100): 0.019*"btc" + 0.015*"bitcoin" + 0.014*"bch" + 0.007*"get" + 0.006*"people" + 0.006*"like" + 0.006*"going" + 0.005*"coin" + 0.005*"fucking" + 0.005*"would"
2018-08-28 03:35:44,981 : INFO : topic #3 (0.100): 0.005*"like" + 0.004*"im" + 0.004*"get" + 0.004*"credit" + 0.003*"card" + 0.003*"make" + 0.003*"coin" + 0.002*"going" + 0.002*"buy" + 0.002*"good"
2018-08-28 03:35:44,982 : INFO : topic #1 (0.100): 0.010*"tax" + 0.007*"wallet" + 0.007*"get" + 0.006*"crypto" + 0.006*"like" + 0.006*"year" + 0.005*"coin" + 0.005*"would" + 0.005*"pay" + 0.005*"money"
2018-08-28 03:35:44,984 : INFO : topic diff=0.077567, rho=0.301511
2018-08-28 03:35:53,308 : INFO : -8.368 per-word bound, 330.4 perplexity estimate based on a held-out corpus of 4623 documents with 2290604 words
2018-08-28 03:35:53,311 : INFO : PROGRESS: pass 10, at document #4623/4623
2018-08-28 03:35:57,461 : INFO : topic #5 (0.100): 0.052*"chancoin" + 0.010*"sage" + 0.006*"coin" + 0.004*"get" + 0.004*"4chn" + 0.003*"fucking" + 0.003*"wallet" + 0.003*"like" + 0.002*"make" + 0.002*"it"
2018-08-28 03:35:57,462 : INFO : topic #7 (0.100): 0.006*"get" + 0.005*"ark" + 0.004*"like" + 0.004*"going" + 0.003*"data" + 0.003*"use" + 0.003*"would" + 0.003*"money" + 0.003*"one" + 0.003*"fucking"
2018-08-28 03:35:57,464 : INFO : topic #3 (0.100): 0.004*"like" + 0.004*"credit" + 0.004*"im" + 0.004*"get" + 0.003*"card" + 0.002*"fomo" + 0.002*"make" + 0.002*"application" + 0.002*"silver" + 0.002*"going"
2018-08-28 03:35:57,465 : INFO : topic #9 (0.100): 0.008*"like" + 0.008*"buy" + 0.008*"btc" + 0.007*"im" + 0.007*"get" + 0.006*"fucking" + 0.006*"shit" + 0.006*"going" + 0.005*"fuck" + 0.005*"money"
2018-08-28 03:35:57,467 : INFO : topic #6 (0.100): 0.009*"buy" + 0.009*"im" + 0.007*"like" + 0.007*"going" + 0.007*"get" + 0.006*"go" + 0.005*"make" + 0.005*"sell" + 0.005*"money" + 0.005*"day"
2018-08-28 03:35:57,468 : INFO : topic diff=0.062986, rho=0.288675
2018-08-28 03:36:05,724 : INFO : -8.364 per-word bound, 329.5 perplexity estimate based on a held-out corpus of 4623 documents with 2290604 words
2018-08-28 03:36:05,726 : INFO : PROGRESS: pass 11, at document #4623/4623
2018-08-28 03:36:09,862 : INFO : topic #3 (0.100): 0.004*"credit" + 0.004*"like" + 0.003*"im" + 0.003*"get" + 0.003*"card" + 0.003*"application" + 0.003*"fomo" + 0.002*"silver" + 0.002*"ha" + 0.002*"make"
2018-08-28 03:36:09,863 : INFO : topic #4 (0.100): 0.020*"btc" + 0.015*"bitcoin" + 0.014*"bch" + 0.006*"get" + 0.006*"people" + 0.006*"like" + 0.006*"going" + 0.005*"coin" + 0.005*"fucking" + 0.005*"would"
2018-08-28 03:36:09,864 : INFO : topic #7 (0.100): 0.006*"get" + 0.005*"ark" + 0.004*"like" + 0.004*"data" + 0.003*"going" + 0.003*"use" + 0.003*"would" + 0.003*"money" + 0.003*"one" + 0.003*"fucking"
2018-08-28 03:36:09,866 : INFO : topic #6 (0.100): 0.010*"buy" + 0.009*"im" + 0.008*"like" + 0.007*"going" + 0.007*"get" + 0.006*"go" + 0.005*"sell" + 0.005*"make" + 0.005*"money" + 0.005*"day"
2018-08-28 03:36:09,868 : INFO : topic #5 (0.100): 0.055*"chancoin" + 0.010*"sage" + 0.006*"coin" + 0.004*"4chn" + 0.004*"get" + 0.003*"fucking" + 0.003*"wallet" + 0.002*"like" + 0.002*"it" + 0.002*"address"
2018-08-28 03:36:09,869 : INFO : topic diff=0.052440, rho=0.277350
2018-08-28 03:36:18,182 : INFO : -8.361 per-word bound, 328.9 perplexity estimate based on a held-out corpus of 4623 documents with 2290604 words
2018-08-28 03:36:18,184 : INFO : PROGRESS: pass 12, at document #4623/4623
2018-08-28 03:36:22,373 : INFO : topic #2 (0.100): 0.010*"get" + 0.009*"like" + 0.007*"people" + 0.007*"im" + 0.006*"money" + 0.006*"make" + 0.006*"want" + 0.005*"year" + 0.005*"work" + 0.005*"would"
2018-08-28 03:36:22,381 : INFO : topic #7 (0.100): 0.006*"get" + 0.006*"ark" + 0.004*"data" + 0.004*"like" + 0.003*"going" + 0.003*"use" + 0.003*"would" + 0.003*"quad" + 0.003*"money" + 0.003*"fucking"
2018-08-28 03:36:22,382 : INFO : topic #3 (0.100): 0.004*"credit" + 0.004*"like" + 0.003*"card" + 0.003*"im" + 0.003*"get" + 0.003*"application" + 0.003*"fomo" + 0.003*"silver" + 0.003*"ha" + 0.002*"platform"
2018-08-28 03:36:22,384 : INFO : topic #1 (0.100): 0.011*"tax" + 0.008*"wallet" + 0.007*"get" + 0.007*"crypto" + 0.006*"like" + 0.006*"year" + 0.005*"pay" + 0.005*"coin" + 0.005*"would" + 0.005*"money"
2018-08-28 03:36:22,385 : INFO : topic #8 (0.100): 0.010*"link" + 0.009*"coin" + 0.007*"like" + 0.007*"buy" + 0.007*"get" + 0.006*"im" + 0.005*"token" + 0.005*"one" + 0.005*"make" + 0.005*"fucking"
2018-08-28 03:36:22,387 : INFO : topic diff=0.044644, rho=0.267261
2018-08-28 03:36:31,228 : INFO : -8.359 per-word bound, 328.3 perplexity estimate based on a held-out corpus of 4623 documents with 2290604 words
2018-08-28 03:36:31,230 : INFO : PROGRESS: pass 13, at document #4623/4623
2018-08-28 03:36:35,792 : INFO : topic #1 (0.100): 0.011*"tax" + 0.008*"wallet" + 0.007*"get" + 0.007*"crypto" + 0.006*"like" + 0.006*"year" + 0.005*"pay" + 0.005*"would" + 0.005*"coin" + 0.005*"money"
2018-08-28 03:36:35,793 : INFO : topic #8 (0.100): 0.010*"link" + 0.009*"coin" + 0.007*"like" + 0.007*"buy" + 0.007*"get" + 0.006*"im" + 0.005*"token" + 0.005*"one" + 0.005*"make" + 0.005*"fucking"
2018-08-28 03:36:35,794 : INFO : topic #6 (0.100): 0.010*"buy" + 0.009*"im" + 0.008*"like" + 0.007*"going" + 0.007*"get" + 0.006*"go" + 0.005*"sell" + 0.005*"make" + 0.005*"money" + 0.005*"day"
2018-08-28 03:36:35,796 : INFO : topic #7 (0.100): 0.006*"ark" + 0.005*"get" + 0.004*"data" + 0.003*"use" + 0.003*"going" + 0.003*"like" + 0.003*"quad" + 0.003*"would" + 0.003*"blockchain" + 0.003*"money"
2018-08-28 03:36:35,797 : INFO : topic #2 (0.100): 0.010*"get" + 0.009*"like" + 0.007*"people" + 0.007*"im" + 0.006*"money" + 0.006*"make" + 0.006*"want" + 0.005*"year" + 0.005*"would" + 0.005*"work"
2018-08-28 03:36:35,798 : INFO : topic diff=0.038681, rho=0.258199
2018-08-28 03:36:45,313 : INFO : -8.356 per-word bound, 327.8 perplexity estimate based on a held-out corpus of 4623 documents with 2290604 words
2018-08-28 03:36:45,315 : INFO : PROGRESS: pass 14, at document #4623/4623
2018-08-28 03:36:50,006 : INFO : topic #2 (0.100): 0.010*"get" + 0.009*"like" + 0.007*"people" + 0.007*"im" + 0.007*"money" + 0.006*"make" + 0.006*"want" + 0.005*"year" + 0.005*"would" + 0.005*"work"
2018-08-28 03:36:50,008 : INFO : topic #3 (0.100): 0.005*"credit" + 0.003*"card" + 0.003*"like" + 0.003*"application" + 0.003*"fomo" + 0.003*"silver" + 0.003*"ha" + 0.003*"im" + 0.003*"platform" + 0.002*"get"
2018-08-28 03:36:50,009 : INFO : topic #1 (0.100): 0.011*"tax" + 0.009*"wallet" + 0.007*"get" + 0.007*"crypto" + 0.006*"like" + 0.006*"pay" + 0.006*"year" + 0.005*"would" + 0.005*"coin" + 0.005*"gain"
2018-08-28 03:36:50,010 : INFO : topic #8 (0.100): 0.010*"link" + 0.009*"coin" + 0.007*"like" + 0.007*"buy" + 0.007*"get" + 0.006*"im" + 0.005*"token" + 0.005*"one" + 0.005*"make" + 0.005*"fucking"
2018-08-28 03:36:50,012 : INFO : topic #5 (0.100): 0.061*"chancoin" + 0.012*"sage" + 0.006*"coin" + 0.005*"4chn" + 0.003*"get" + 0.003*"wallet" + 0.002*"discord" + 0.002*"fucking" + 0.002*"address" + 0.002*"post"
2018-08-28 03:36:50,013 : INFO : topic diff=0.034046, rho=0.250000
2018-08-28 03:36:58,419 : INFO : -8.355 per-word bound, 327.3 perplexity estimate based on a held-out corpus of 4623 documents with 2290604 words
2018-08-28 03:36:58,421 : INFO : PROGRESS: pass 15, at document #4623/4623
2018-08-28 03:37:02,788 : INFO : topic #1 (0.100): 0.011*"tax" + 0.009*"wallet" + 0.007*"get" + 0.007*"crypto" + 0.006*"like" + 0.006*"pay" + 0.006*"year" + 0.005*"would" + 0.005*"gain" + 0.005*"use"
2018-08-28 03:37:02,790 : INFO : topic #0 (0.100): 0.020*"tether" + 0.007*"btc" + 0.007*"bitfinex" + 0.006*"money" + 0.006*"usd" + 0.006*"crypto" + 0.006*"bitcoin" + 0.006*"like" + 0.005*"usdt" + 0.005*"get"
2018-08-28 03:37:02,791 : INFO : topic #3 (0.100): 0.005*"credit" + 0.003*"card" + 0.003*"application" + 0.003*"fomo" + 0.003*"silver" + 0.003*"like" + 0.003*"ha" + 0.003*"platform" + 0.002*"im" + 0.002*"get"
2018-08-28 03:37:02,793 : INFO : topic #7 (0.100): 0.006*"ark" + 0.005*"get" + 0.004*"data" + 0.003*"use" + 0.003*"going" + 0.003*"quad" + 0.003*"blockchain" + 0.003*"like" + 0.003*"would" + 0.003*"smart"
2018-08-28 03:37:02,794 : INFO : topic #8 (0.100): 0.010*"link" + 0.009*"coin" + 0.007*"like" + 0.007*"buy" + 0.007*"get" + 0.006*"im" + 0.005*"token" + 0.005*"one" + 0.005*"make" + 0.005*"fucking"
2018-08-28 03:37:02,796 : INFO : topic diff=0.030319, rho=0.242536
2018-08-28 03:37:11,451 : INFO : -8.353 per-word bound, 326.9 perplexity estimate based on a held-out corpus of 4623 documents with 2290604 words
2018-08-28 03:37:11,453 : INFO : PROGRESS: pass 16, at document #4623/4623
2018-08-28 03:37:15,780 : INFO : topic #5 (0.100): 0.065*"chancoin" + 0.012*"sage" + 0.005*"coin" + 0.005*"4chn" + 0.003*"get" + 0.003*"wallet" + 0.002*"discord" + 0.002*"address" + 0.002*"post" + 0.002*"blockchain"
2018-08-28 03:37:15,781 : INFO : topic #4 (0.100): 0.020*"btc" + 0.016*"bitcoin" + 0.015*"bch" + 0.007*"people" + 0.006*"get" + 0.006*"like" + 0.006*"going" + 0.005*"coin" + 0.005*"would" + 0.005*"fucking"
2018-08-28 03:37:15,783 : INFO : topic #6 (0.100): 0.010*"buy" + 0.009*"im" + 0.008*"like" + 0.007*"going" + 0.007*"get" + 0.006*"go" + 0.006*"sell" + 0.005*"day" + 0.005*"make" + 0.005*"money"
2018-08-28 03:37:15,785 : INFO : topic #1 (0.100): 0.011*"tax" + 0.009*"wallet" + 0.007*"get" + 0.007*"crypto" + 0.006*"like" + 0.006*"pay" + 0.006*"year" + 0.005*"use" + 0.005*"would" + 0.005*"gain"
2018-08-28 03:37:15,786 : INFO : topic #0 (0.100): 0.021*"tether" + 0.007*"btc" + 0.007*"bitfinex" + 0.007*"usd" + 0.006*"money" + 0.006*"crypto" + 0.006*"bitcoin" + 0.006*"like" + 0.005*"usdt" + 0.005*"exchange"
2018-08-28 03:37:15,787 : INFO : topic diff=0.027288, rho=0.235702
2018-08-28 03:37:24,140 : INFO : -8.351 per-word bound, 326.6 perplexity estimate based on a held-out corpus of 4623 documents with 2290604 words
2018-08-28 03:37:24,143 : INFO : PROGRESS: pass 17, at document #4623/4623
2018-08-28 03:37:28,325 : INFO : topic #9 (0.100): 0.008*"buy" + 0.008*"like" + 0.008*"btc" + 0.007*"im" + 0.007*"get" + 0.007*"fucking" + 0.006*"shit" + 0.006*"going" + 0.006*"fuck" + 0.006*"eth"
2018-08-28 03:37:28,328 : INFO : topic #8 (0.100): 0.010*"link" + 0.009*"coin" + 0.007*"like" + 0.007*"buy" + 0.007*"get" + 0.006*"im" + 0.005*"token" + 0.005*"one" + 0.005*"make" + 0.005*"fucking"
2018-08-28 03:37:28,329 : INFO : topic #2 (0.100): 0.010*"get" + 0.009*"like" + 0.007*"people" + 0.007*"im" + 0.007*"money" + 0.007*"make" + 0.006*"want" + 0.005*"year" + 0.005*"would" + 0.005*"work"
2018-08-28 03:37:28,331 : INFO : topic #3 (0.100): 0.005*"credit" + 0.004*"card" + 0.003*"application" + 0.003*"silver" + 0.003*"fomo" + 0.003*"ha" + 0.003*"platform" + 0.002*"like" + 0.002*"token" + 0.002*"see"
2018-08-28 03:37:28,332 : INFO : topic #0 (0.100): 0.021*"tether" + 0.008*"bitfinex" + 0.007*"btc" + 0.007*"usd" + 0.006*"money" + 0.006*"crypto" + 0.006*"bitcoin" + 0.005*"like" + 0.005*"usdt" + 0.005*"exchange"
2018-08-28 03:37:28,333 : INFO : topic diff=0.024745, rho=0.229416
2018-08-28 03:37:36,773 : INFO : -8.350 per-word bound, 326.3 perplexity estimate based on a held-out corpus of 4623 documents with 2290604 words
2018-08-28 03:37:36,775 : INFO : PROGRESS: pass 18, at document #4623/4623
2018-08-28 03:37:40,904 : INFO : topic #0 (0.100): 0.022*"tether" + 0.008*"bitfinex" + 0.007*"btc" + 0.007*"usd" + 0.006*"money" + 0.006*"crypto" + 0.006*"bitcoin" + 0.006*"usdt" + 0.005*"like" + 0.005*"exchange"
2018-08-28 03:37:40,906 : INFO : topic #5 (0.100): 0.067*"chancoin" + 0.013*"sage" + 0.005*"4chn" + 0.005*"coin" + 0.003*"get" + 0.002*"discord" + 0.002*"wallet" + 0.002*"address" + 0.002*"post" + 0.002*"blockchain"
2018-08-28 03:37:40,908 : INFO : topic #1 (0.100): 0.011*"tax" + 0.009*"wallet" + 0.007*"crypto" + 0.007*"get" + 0.006*"like" + 0.006*"pay" + 0.006*"year" + 0.005*"use" + 0.005*"gain" + 0.005*"would"
2018-08-28 03:37:40,909 : INFO : topic #6 (0.100): 0.010*"buy" + 0.009*"im" + 0.008*"like" + 0.007*"going" + 0.007*"get" + 0.006*"go" + 0.006*"sell" + 0.005*"day" + 0.005*"money" + 0.005*"make"
2018-08-28 03:37:40,911 : INFO : topic #7 (0.100): 0.007*"ark" + 0.005*"get" + 0.004*"data" + 0.004*"quad" + 0.003*"use" + 0.003*"going" + 0.003*"blockchain" + 0.003*"oracle" + 0.003*"smart" + 0.002*"contract"
2018-08-28 03:37:40,913 : INFO : topic diff=0.022601, rho=0.223607
2018-08-28 03:37:49,296 : INFO : -8.349 per-word bound, 326.0 perplexity estimate based on a held-out corpus of 4623 documents with 2290604 words
2018-08-28 03:37:49,298 : INFO : PROGRESS: pass 19, at document #4623/4623
2018-08-28 03:37:53,447 : INFO : topic #6 (0.100): 0.010*"buy" + 0.009*"im" + 0.008*"like" + 0.007*"going" + 0.007*"get" + 0.006*"go" + 0.006*"sell" + 0.005*"day" + 0.005*"money" + 0.005*"make"
2018-08-28 03:37:53,451 : INFO : topic #5 (0.100): 0.069*"chancoin" + 0.013*"sage" + 0.005*"4chn" + 0.005*"coin" + 0.003*"get" + 0.003*"discord" + 0.002*"wallet" + 0.002*"address" + 0.002*"post" + 0.002*"tipping"
2018-08-28 03:37:53,452 : INFO : topic #8 (0.100): 0.010*"link" + 0.009*"coin" + 0.007*"like" + 0.007*"buy" + 0.007*"get" + 0.006*"im" + 0.005*"token" + 0.005*"one" + 0.005*"make" + 0.005*"fucking"
2018-08-28 03:37:53,453 : INFO : topic #9 (0.100): 0.008*"buy" + 0.008*"like" + 0.008*"btc" + 0.007*"im" + 0.007*"get" + 0.007*"fucking" + 0.006*"shit" + 0.006*"going" + 0.006*"fuck" + 0.006*"eth"
2018-08-28 03:37:53,454 : INFO : topic #4 (0.100): 0.020*"btc" + 0.016*"bitcoin" + 0.015*"bch" + 0.007*"people" + 0.006*"get" + 0.006*"like" + 0.006*"going" + 0.006*"coin" + 0.005*"would" + 0.005*"fucking"
2018-08-28 03:37:53,455 : INFO : topic diff=0.020773, rho=0.218218
2018-08-28 03:38:01,952 : INFO : -8.347 per-word bound, 325.7 perplexity estimate based on a held-out corpus of 4623 documents with 2290604 words
2018-08-28 03:38:01,954 : INFO : PROGRESS: pass 20, at document #4623/4623
2018-08-28 03:38:06,205 : INFO : topic #9 (0.100): 0.008*"buy" + 0.008*"btc" + 0.008*"like" + 0.007*"im" + 0.007*"get" + 0.007*"fucking" + 0.006*"shit" + 0.006*"going" + 0.006*"fuck" + 0.006*"eth"
2018-08-28 03:38:06,207 : INFO : topic #1 (0.100): 0.011*"tax" + 0.010*"wallet" + 0.007*"crypto" + 0.007*"get" + 0.006*"like" + 0.006*"pay" + 0.005*"year" + 0.005*"use" + 0.005*"gain" + 0.005*"trade"
2018-08-28 03:38:06,208 : INFO : topic #7 (0.100): 0.007*"ark" + 0.005*"data" + 0.004*"get" + 0.004*"quad" + 0.003*"use" + 0.003*"blockchain" + 0.003*"going" + 0.003*"oracle" + 0.003*"smart" + 0.002*"contract"
2018-08-28 03:38:06,210 : INFO : topic #5 (0.100): 0.070*"chancoin" + 0.013*"sage" + 0.006*"4chn" + 0.005*"coin" + 0.003*"discord" + 0.002*"get" + 0.002*"wallet" + 0.002*"address" + 0.002*"post" + 0.002*"tipping"
2018-08-28 03:38:06,211 : INFO : topic #4 (0.100): 0.020*"btc" + 0.016*"bitcoin" + 0.015*"bch" + 0.007*"people" + 0.006*"get" + 0.006*"like" + 0.006*"going" + 0.006*"coin" + 0.005*"would" + 0.005*"fucking"
2018-08-28 03:38:06,213 : INFO : topic diff=0.019178, rho=0.213201
2018-08-28 03:38:14,604 : INFO : -8.346 per-word bound, 325.5 perplexity estimate based on a held-out corpus of 4623 documents with 2290604 words
2018-08-28 03:38:14,604 : INFO : PROGRESS: pass 21, at document #4623/4623
2018-08-28 03:38:18,743 : INFO : topic #7 (0.100): 0.007*"ark" + 0.005*"data" + 0.004*"get" + 0.004*"quad" + 0.003*"use" + 0.003*"blockchain" + 0.003*"going" + 0.003*"oracle" + 0.003*"smart" + 0.002*"contract"
2018-08-28 03:38:18,744 : INFO : topic #2 (0.100): 0.010*"get" + 0.009*"like" + 0.007*"people" + 0.007*"money" + 0.007*"im" + 0.007*"make" + 0.006*"want" + 0.005*"would" + 0.005*"year" + 0.005*"work"
2018-08-28 03:38:18,745 : INFO : topic #4 (0.100): 0.020*"btc" + 0.016*"bitcoin" + 0.015*"bch" + 0.007*"people" + 0.006*"get" + 0.006*"like" + 0.006*"going" + 0.006*"coin" + 0.005*"would" + 0.005*"fucking"
2018-08-28 03:38:18,746 : INFO : topic #3 (0.100): 0.005*"credit" + 0.004*"card" + 0.003*"application" + 0.003*"silver" + 0.003*"fomo" + 0.003*"ha" + 0.003*"platform" + 0.002*"token" + 0.002*"see" + 0.002*"binance"
2018-08-28 03:38:18,748 : INFO : topic #1 (0.100): 0.011*"tax" + 0.010*"wallet" + 0.007*"crypto" + 0.007*"get" + 0.006*"like" + 0.006*"pay" + 0.005*"year" + 0.005*"use" + 0.005*"gain" + 0.005*"exchange"
2018-08-28 03:38:18,750 : INFO : topic diff=0.017792, rho=0.208514
2018-08-28 03:38:27,095 : INFO : -8.346 per-word bound, 325.3 perplexity estimate based on a held-out corpus of 4623 documents with 2290604 words
2018-08-28 03:38:27,095 : INFO : PROGRESS: pass 22, at document #4623/4623
2018-08-28 03:38:31,253 : INFO : topic #6 (0.100): 0.010*"buy" + 0.009*"im" + 0.008*"like" + 0.007*"going" + 0.007*"get" + 0.006*"go" + 0.006*"sell" + 0.006*"day" + 0.005*"money" + 0.005*"make"
2018-08-28 03:38:31,255 : INFO : topic #8 (0.100): 0.010*"link" + 0.009*"coin" + 0.007*"like" + 0.007*"buy" + 0.007*"get" + 0.005*"im" + 0.005*"token" + 0.005*"one" + 0.005*"make" + 0.005*"fucking"
2018-08-28 03:38:31,256 : INFO : topic #5 (0.100): 0.072*"chancoin" + 0.014*"sage" + 0.006*"4chn" + 0.005*"coin" + 0.003*"discord" + 0.002*"wallet" + 0.002*"address" + 0.002*"get" + 0.002*"post" + 0.002*"tipping"
2018-08-28 03:38:31,257 : INFO : topic #4 (0.100): 0.020*"btc" + 0.016*"bitcoin" + 0.015*"bch" + 0.007*"people" + 0.006*"get" + 0.006*"like" + 0.006*"going" + 0.006*"coin" + 0.005*"would" + 0.005*"fucking"
2018-08-28 03:38:31,259 : INFO : topic #2 (0.100): 0.010*"get" + 0.009*"like" + 0.007*"people" + 0.007*"money" + 0.007*"im" + 0.007*"make" + 0.006*"want" + 0.005*"would" + 0.005*"year" + 0.005*"work"
2018-08-28 03:38:31,260 : INFO : topic diff=0.016577, rho=0.204124
2018-08-28 03:38:39,577 : INFO : -8.345 per-word bound, 325.1 perplexity estimate based on a held-out corpus of 4623 documents with 2290604 words
2018-08-28 03:38:39,578 : INFO : PROGRESS: pass 23, at document #4623/4623
2018-08-28 03:38:43,709 : INFO : topic #8 (0.100): 0.010*"link" + 0.009*"coin" + 0.007*"like" + 0.007*"buy" + 0.007*"get" + 0.005*"im" + 0.005*"token" + 0.005*"one" + 0.005*"make" + 0.005*"fucking"
2018-08-28 03:38:43,710 : INFO : topic #6 (0.100): 0.010*"buy" + 0.009*"im" + 0.008*"like" + 0.007*"going" + 0.007*"get" + 0.006*"go" + 0.006*"sell" + 0.006*"day" + 0.005*"money" + 0.005*"make"
2018-08-28 03:38:43,712 : INFO : topic #0 (0.100): 0.024*"tether" + 0.009*"bitfinex" + 0.007*"usd" + 0.007*"btc" + 0.006*"crypto" + 0.006*"money" + 0.006*"usdt" + 0.005*"bitcoin" + 0.005*"exchange" + 0.005*"like"
2018-08-28 03:38:43,713 : INFO : topic #2 (0.100): 0.010*"get" + 0.009*"like" + 0.007*"people" + 0.007*"money" + 0.007*"im" + 0.007*"make" + 0.006*"want" + 0.005*"would" + 0.005*"year" + 0.005*"work"
2018-08-28 03:38:43,714 : INFO : topic #5 (0.100): 0.073*"chancoin" + 0.014*"sage" + 0.006*"4chn" + 0.005*"coin" + 0.003*"discord" + 0.002*"wallet" + 0.002*"address" + 0.002*"get" + 0.002*"tipping" + 0.002*"post"
2018-08-28 03:38:43,716 : INFO : topic diff=0.015494, rho=0.200000
2018-08-28 03:38:52,112 : INFO : -8.344 per-word bound, 324.9 perplexity estimate based on a held-out corpus of 4623 documents with 2290604 words
2018-08-28 03:38:52,114 : INFO : PROGRESS: pass 24, at document #4623/4623
2018-08-28 03:38:56,308 : INFO : topic #3 (0.100): 0.005*"credit" + 0.004*"card" + 0.004*"application" + 0.004*"silver" + 0.003*"ha" + 0.003*"fomo" + 0.003*"platform" + 0.002*"see" + 0.002*"token" + 0.002*"binance"
2018-08-28 03:38:56,309 : INFO : topic #7 (0.100): 0.007*"ark" + 0.005*"data" + 0.004*"quad" + 0.004*"get" + 0.003*"use" + 0.003*"blockchain" + 0.003*"oracle" + 0.003*"going" + 0.003*"smart" + 0.002*"arkies"
2018-08-28 03:38:56,311 : INFO : topic #1 (0.100): 0.012*"tax" + 0.010*"wallet" + 0.007*"crypto" + 0.007*"get" + 0.006*"pay" + 0.006*"like" + 0.005*"year" + 0.005*"use" + 0.005*"exchange" + 0.005*"gain"
2018-08-28 03:38:56,312 : INFO : topic #8 (0.100): 0.010*"link" + 0.009*"coin" + 0.007*"like" + 0.007*"buy" + 0.007*"get" + 0.005*"im" + 0.005*"token" + 0.005*"one" + 0.005*"make" + 0.005*"fucking"
2018-08-28 03:38:56,313 : INFO : topic #2 (0.100): 0.010*"get" + 0.009*"like" + 0.007*"people" + 0.007*"money" + 0.007*"im" + 0.007*"make" + 0.006*"want" + 0.005*"would" + 0.005*"year" + 0.005*"work"
2018-08-28 03:38:56,315 : INFO : topic diff=0.014529, rho=0.196116
2018-08-28 03:39:04,608 : INFO : -8.343 per-word bound, 324.7 perplexity estimate based on a held-out corpus of 4623 documents with 2290604 words
2018-08-28 03:39:04,609 : INFO : PROGRESS: pass 25, at document #4623/4623
2018-08-28 03:39:08,786 : INFO : topic #0 (0.100): 0.025*"tether" + 0.009*"bitfinex" + 0.008*"usd" + 0.006*"btc" + 0.006*"crypto" + 0.006*"usdt" + 0.006*"money" + 0.005*"exchange" + 0.005*"bitcoin" + 0.005*"like"
2018-08-28 03:39:08,789 : INFO : topic #4 (0.100): 0.020*"btc" + 0.016*"bitcoin" + 0.015*"bch" + 0.007*"people" + 0.006*"get" + 0.006*"like" + 0.006*"going" + 0.006*"coin" + 0.005*"would" + 0.005*"time"
2018-08-28 03:39:08,790 : INFO : topic #3 (0.100): 0.006*"credit" + 0.004*"card" + 0.004*"application" + 0.004*"silver" + 0.003*"ha" + 0.003*"fomo" + 0.003*"platform" + 0.002*"see" + 0.002*"token" + 0.002*"binance"
2018-08-28 03:39:08,792 : INFO : topic #7 (0.100): 0.007*"ark" + 0.005*"data" + 0.004*"quad" + 0.004*"get" + 0.003*"use" + 0.003*"blockchain" + 0.003*"oracle" + 0.003*"going" + 0.003*"arkies" + 0.002*"smart"
2018-08-28 03:39:08,793 : INFO : topic #2 (0.100): 0.010*"get" + 0.009*"like" + 0.007*"people" + 0.007*"money" + 0.007*"im" + 0.007*"make" + 0.006*"want" + 0.005*"would" + 0.005*"year" + 0.005*"work"
2018-08-28 03:39:08,795 : INFO : topic diff=0.013649, rho=0.192450
2018-08-28 03:39:17,172 : INFO : -8.342 per-word bound, 324.6 perplexity estimate based on a held-out corpus of 4623 documents with 2290604 words
2018-08-28 03:39:17,174 : INFO : PROGRESS: pass 26, at document #4623/4623
2018-08-28 03:39:21,367 : INFO : topic #8 (0.100): 0.010*"link" + 0.009*"coin" + 0.007*"like" + 0.007*"buy" + 0.007*"get" + 0.005*"im" + 0.005*"token" + 0.005*"one" + 0.005*"make" + 0.005*"fucking"
2018-08-28 03:39:21,368 : INFO : topic #0 (0.100): 0.026*"tether" + 0.009*"bitfinex" + 0.008*"usd" + 0.006*"usdt" + 0.006*"btc" + 0.006*"crypto" + 0.006*"money" + 0.005*"exchange" + 0.005*"bitcoin" + 0.005*"like"
2018-08-28 03:39:21,370 : INFO : topic #5 (0.100): 0.075*"chancoin" + 0.014*"sage" + 0.006*"4chn" + 0.004*"coin" + 0.003*"discord" + 0.002*"address" + 0.002*"wallet" + 0.002*"tipping" + 0.002*"post" + 0.002*"name"
2018-08-28 03:39:21,371 : INFO : topic #7 (0.100): 0.008*"ark" + 0.005*"data" + 0.004*"quad" + 0.003*"get" + 0.003*"blockchain" + 0.003*"use" + 0.003*"oracle" + 0.003*"going" + 0.003*"arkies" + 0.002*"smart"
2018-08-28 03:39:21,373 : INFO : topic #6 (0.100): 0.010*"buy" + 0.009*"im" + 0.008*"like" + 0.007*"going" + 0.007*"get" + 0.006*"go" + 0.006*"sell" + 0.006*"day" + 0.005*"money" + 0.005*"make"
2018-08-28 03:39:21,374 : INFO : topic diff=0.012852, rho=0.188982
2018-08-28 03:39:30,290 : INFO : -8.342 per-word bound, 324.4 perplexity estimate based on a held-out corpus of 4623 documents with 2290604 words
2018-08-28 03:39:30,292 : INFO : PROGRESS: pass 27, at document #4623/4623
2018-08-28 03:39:34,574 : INFO : topic #9 (0.100): 0.009*"buy" + 0.008*"btc" + 0.008*"like" + 0.007*"im" + 0.007*"fucking" + 0.007*"get" + 0.006*"shit" + 0.006*"going" + 0.006*"fuck" + 0.006*"eth"
2018-08-28 03:39:34,575 : INFO : topic #4 (0.100): 0.021*"btc" + 0.016*"bitcoin" + 0.015*"bch" + 0.007*"people" + 0.006*"get" + 0.006*"like" + 0.006*"going" + 0.006*"coin" + 0.005*"would" + 0.005*"time"
2018-08-28 03:39:34,577 : INFO : topic #7 (0.100): 0.008*"ark" + 0.005*"data" + 0.004*"quad" + 0.003*"get" + 0.003*"blockchain" + 0.003*"use" + 0.003*"oracle" + 0.003*"going" + 0.003*"arkies" + 0.002*"smart"
2018-08-28 03:39:34,578 : INFO : topic #2 (0.100): 0.010*"get" + 0.009*"like" + 0.007*"people" + 0.007*"money" + 0.007*"make" + 0.007*"im" + 0.006*"want" + 0.005*"would" + 0.005*"year" + 0.005*"work"
2018-08-28 03:39:34,580 : INFO : topic #3 (0.100): 0.006*"credit" + 0.004*"card" + 0.004*"application" + 0.004*"silver" + 0.003*"ha" + 0.003*"fomo" + 0.003*"platform" + 0.002*"see" + 0.002*"token" + 0.002*"debt"
2018-08-28 03:39:34,581 : INFO : topic diff=0.012136, rho=0.185695
2018-08-28 03:39:43,011 : INFO : -8.341 per-word bound, 324.3 perplexity estimate based on a held-out corpus of 4623 documents with 2290604 words
2018-08-28 03:39:43,011 : INFO : PROGRESS: pass 28, at document #4623/4623
2018-08-28 03:39:47,236 : INFO : topic #7 (0.100): 0.008*"ark" + 0.005*"data" + 0.004*"quad" + 0.003*"get" + 0.003*"blockchain" + 0.003*"use" + 0.003*"oracle" + 0.003*"going" + 0.003*"arkies" + 0.002*"smart"
2018-08-28 03:39:47,238 : INFO : topic #4 (0.100): 0.021*"btc" + 0.016*"bitcoin" + 0.015*"bch" + 0.007*"people" + 0.006*"get" + 0.006*"like" + 0.006*"going" + 0.006*"coin" + 0.005*"would" + 0.005*"time"
2018-08-28 03:39:47,240 : INFO : topic #5 (0.100): 0.076*"chancoin" + 0.014*"sage" + 0.006*"4chn" + 0.004*"coin" + 0.003*"discord" + 0.002*"address" + 0.002*"tipping" + 0.002*"wallet" + 0.002*"post" + 0.002*"name"
2018-08-28 03:39:47,241 : INFO : topic #2 (0.100): 0.010*"get" + 0.009*"like" + 0.007*"people" + 0.007*"money" + 0.007*"make" + 0.007*"im" + 0.006*"want" + 0.005*"would" + 0.005*"year" + 0.005*"work"
2018-08-28 03:39:47,243 : INFO : topic #1 (0.100): 0.012*"tax" + 0.010*"wallet" + 0.007*"crypto" + 0.007*"get" + 0.006*"pay" + 0.006*"like" + 0.006*"use" + 0.005*"year" + 0.005*"exchange" + 0.005*"gain"
2018-08-28 03:39:47,244 : INFO : topic diff=0.011470, rho=0.182574
2018-08-28 03:39:55,686 : INFO : -8.341 per-word bound, 324.2 perplexity estimate based on a held-out corpus of 4623 documents with 2290604 words
2018-08-28 03:39:55,687 : INFO : PROGRESS: pass 29, at document #4623/4623
2018-08-28 03:39:59,999 : INFO : topic #7 (0.100): 0.008*"ark" + 0.005*"data" + 0.004*"quad" + 0.003*"get" + 0.003*"blockchain" + 0.003*"use" + 0.003*"oracle" + 0.003*"arkies" + 0.003*"going" + 0.002*"smart"
2018-08-28 03:40:00,001 : INFO : topic #9 (0.100): 0.009*"buy" + 0.008*"btc" + 0.008*"like" + 0.007*"im" + 0.007*"fucking" + 0.007*"get" + 0.006*"shit" + 0.006*"going" + 0.006*"fuck" + 0.006*"eth"
2018-08-28 03:40:00,002 : INFO : topic #8 (0.100): 0.010*"link" + 0.009*"coin" + 0.007*"like" + 0.007*"buy" + 0.007*"get" + 0.005*"im" + 0.005*"token" + 0.005*"one" + 0.005*"make" + 0.005*"fucking"
2018-08-28 03:40:00,003 : INFO : topic #2 (0.100): 0.010*"get" + 0.009*"like" + 0.007*"people" + 0.007*"money" + 0.007*"make" + 0.007*"im" + 0.006*"want" + 0.005*"would" + 0.005*"year" + 0.005*"work"
2018-08-28 03:40:00,005 : INFO : topic #0 (0.100): 0.027*"tether" + 0.009*"bitfinex" + 0.008*"usd" + 0.007*"usdt" + 0.006*"crypto" + 0.006*"money" + 0.006*"btc" + 0.006*"exchange" + 0.005*"bitcoin" + 0.004*"market"
2018-08-28 03:40:00,006 : INFO : topic diff=0.010866, rho=0.179605
2018-08-28 03:40:08,531 : INFO : -8.340 per-word bound, 324.1 perplexity estimate based on a held-out corpus of 4623 documents with 2290604 words
2018-08-28 03:40:08,532 : INFO : PROGRESS: pass 30, at document #4623/4623
2018-08-28 03:40:12,767 : INFO : topic #4 (0.100): 0.021*"btc" + 0.016*"bitcoin" + 0.015*"bch" + 0.007*"people" + 0.006*"get" + 0.006*"like" + 0.006*"going" + 0.006*"coin" + 0.005*"would" + 0.005*"time"
2018-08-28 03:40:12,769 : INFO : topic #2 (0.100): 0.010*"get" + 0.009*"like" + 0.007*"people" + 0.007*"money" + 0.007*"make" + 0.007*"im" + 0.006*"want" + 0.005*"would" + 0.005*"year" + 0.005*"work"
2018-08-28 03:40:12,771 : INFO : topic #5 (0.100): 0.077*"chancoin" + 0.015*"sage" + 0.006*"4chn" + 0.004*"coin" + 0.003*"discord" + 0.002*"tipping" + 0.002*"address" + 0.002*"wallet" + 0.002*"post" + 0.002*"name"
2018-08-28 03:40:12,772 : INFO : topic #8 (0.100): 0.010*"link" + 0.009*"coin" + 0.007*"like" + 0.007*"buy" + 0.007*"get" + 0.005*"im" + 0.005*"token" + 0.005*"one" + 0.005*"make" + 0.005*"going"
2018-08-28 03:40:12,773 : INFO : topic #7 (0.100): 0.008*"ark" + 0.005*"data" + 0.004*"quad" + 0.003*"blockchain" + 0.003*"get" + 0.003*"oracle" + 0.003*"use" + 0.003*"arkies" + 0.003*"going" + 0.002*"smart"
2018-08-28 03:40:12,775 : INFO : topic diff=0.010306, rho=0.176777
2018-08-28 03:40:21,508 : INFO : -8.340 per-word bound, 323.9 perplexity estimate based on a held-out corpus of 4623 documents with 2290604 words
2018-08-28 03:40:21,509 : INFO : PROGRESS: pass 31, at document #4623/4623
2018-08-28 03:40:26,023 : INFO : topic #1 (0.100): 0.012*"tax" + 0.010*"wallet" + 0.007*"crypto" + 0.007*"get" + 0.006*"pay" + 0.006*"like" + 0.006*"use" + 0.006*"exchange" + 0.005*"year" + 0.005*"gain"
2018-08-28 03:40:26,026 : INFO : topic #2 (0.100): 0.010*"get" + 0.009*"like" + 0.007*"people" + 0.007*"money" + 0.007*"make" + 0.007*"im" + 0.006*"want" + 0.005*"would" + 0.005*"year" + 0.005*"work"
2018-08-28 03:40:26,028 : INFO : topic #8 (0.100): 0.010*"link" + 0.009*"coin" + 0.007*"like" + 0.007*"buy" + 0.007*"get" + 0.005*"im" + 0.005*"token" + 0.005*"one" + 0.005*"make" + 0.005*"going"
2018-08-28 03:40:26,030 : INFO : topic #3 (0.100): 0.006*"credit" + 0.004*"application" + 0.004*"card" + 0.004*"silver" + 0.004*"ha" + 0.003*"fomo" + 0.003*"platform" + 0.002*"debt" + 0.002*"lead" + 0.002*"see"
2018-08-28 03:40:26,031 : INFO : topic #7 (0.100): 0.008*"ark" + 0.005*"data" + 0.004*"quad" + 0.003*"blockchain" + 0.003*"get" + 0.003*"oracle" + 0.003*"use" + 0.003*"arkies" + 0.002*"going" + 0.002*"smart"
2018-08-28 03:40:26,032 : INFO : topic diff=0.009786, rho=0.174078
2018-08-28 03:40:35,599 : INFO : -8.339 per-word bound, 323.8 perplexity estimate based on a held-out corpus of 4623 documents with 2290604 words
2018-08-28 03:40:35,601 : INFO : PROGRESS: pass 32, at document #4623/4623
2018-08-28 03:40:39,887 : INFO : topic #5 (0.100): 0.078*"chancoin" + 0.015*"sage" + 0.006*"4chn" + 0.004*"coin" + 0.003*"discord" + 0.002*"tipping" + 0.002*"address" + 0.002*"wallet" + 0.002*"name" + 0.002*"post"
2018-08-28 03:40:39,888 : INFO : topic #4 (0.100): 0.021*"btc" + 0.016*"bitcoin" + 0.015*"bch" + 0.007*"people" + 0.006*"get" + 0.006*"like" + 0.006*"going" + 0.006*"coin" + 0.005*"would" + 0.005*"time"
2018-08-28 03:40:39,889 : INFO : topic #9 (0.100): 0.009*"buy" + 0.008*"btc" + 0.008*"like" + 0.008*"im" + 0.007*"fucking" + 0.007*"get" + 0.006*"shit" + 0.006*"going" + 0.006*"fuck" + 0.006*"eth"
2018-08-28 03:40:39,891 : INFO : topic #8 (0.100): 0.010*"link" + 0.009*"coin" + 0.007*"like" + 0.007*"buy" + 0.007*"get" + 0.005*"im" + 0.005*"token" + 0.005*"one" + 0.005*"make" + 0.005*"going"
2018-08-28 03:40:39,892 : INFO : topic #2 (0.100): 0.010*"get" + 0.009*"like" + 0.007*"people" + 0.007*"money" + 0.007*"make" + 0.007*"im" + 0.006*"want" + 0.005*"would" + 0.005*"year" + 0.005*"work"
2018-08-28 03:40:39,893 : INFO : topic diff=0.009332, rho=0.171499
2018-08-28 03:40:48,338 : INFO : -8.339 per-word bound, 323.7 perplexity estimate based on a held-out corpus of 4623 documents with 2290604 words
2018-08-28 03:40:48,340 : INFO : PROGRESS: pass 33, at document #4623/4623
2018-08-28 03:40:52,715 : INFO : topic #5 (0.100): 0.078*"chancoin" + 0.015*"sage" + 0.006*"4chn" + 0.004*"coin" + 0.003*"discord" + 0.002*"tipping" + 0.002*"address" + 0.002*"wallet" + 0.002*"name" + 0.002*"post"
2018-08-28 03:40:52,718 : INFO : topic #2 (0.100): 0.010*"get" + 0.009*"like" + 0.007*"people" + 0.007*"money" + 0.007*"make" + 0.007*"im" + 0.006*"want" + 0.005*"would" + 0.005*"year" + 0.005*"work"
2018-08-28 03:40:52,719 : INFO : topic #7 (0.100): 0.008*"ark" + 0.005*"data" + 0.005*"quad" + 0.003*"blockchain" + 0.003*"oracle" + 0.003*"arkies" + 0.003*"use" + 0.003*"get" + 0.002*"going" + 0.002*"satoshi"
2018-08-28 03:40:52,722 : INFO : topic #6 (0.100): 0.010*"buy" + 0.009*"im" + 0.008*"like" + 0.007*"going" + 0.007*"get" + 0.006*"go" + 0.006*"sell" + 0.006*"day" + 0.005*"money" + 0.005*"make"
2018-08-28 03:40:52,723 : INFO : topic #4 (0.100): 0.021*"btc" + 0.017*"bitcoin" + 0.015*"bch" + 0.007*"people" + 0.006*"get" + 0.006*"like" + 0.006*"going" + 0.006*"coin" + 0.005*"would" + 0.005*"time"
2018-08-28 03:40:52,724 : INFO : topic diff=0.008888, rho=0.169031
2018-08-28 03:41:00,971 : INFO : -8.338 per-word bound, 323.6 perplexity estimate based on a held-out corpus of 4623 documents with 2290604 words
2018-08-28 03:41:00,971 : INFO : PROGRESS: pass 34, at document #4623/4623
2018-08-28 03:41:05,163 : INFO : topic #0 (0.100): 0.029*"tether" + 0.010*"bitfinex" + 0.008*"usd" + 0.007*"usdt" + 0.006*"crypto" + 0.006*"money" + 0.006*"exchange" + 0.005*"btc" + 0.004*"market" + 0.004*"bitcoin"
2018-08-28 03:41:05,164 : INFO : topic #4 (0.100): 0.021*"btc" + 0.017*"bitcoin" + 0.015*"bch" + 0.007*"people" + 0.006*"get" + 0.006*"like" + 0.006*"going" + 0.006*"coin" + 0.005*"would" + 0.005*"time"
2018-08-28 03:41:05,165 : INFO : topic #7 (0.100): 0.008*"ark" + 0.005*"data" + 0.005*"quad" + 0.003*"blockchain" + 0.003*"oracle" + 0.003*"arkies" + 0.003*"use" + 0.003*"get" + 0.002*"going" + 0.002*"satoshi"
2018-08-28 03:41:05,167 : INFO : topic #1 (0.100): 0.012*"tax" + 0.011*"wallet" + 0.007*"crypto" + 0.007*"get" + 0.006*"pay" + 0.006*"use" + 0.006*"like" + 0.006*"exchange" + 0.005*"year" + 0.005*"gain"
2018-08-28 03:41:05,168 : INFO : topic #8 (0.100): 0.010*"link" + 0.010*"coin" + 0.007*"like" + 0.007*"buy" + 0.007*"get" + 0.005*"im" + 0.005*"token" + 0.005*"one" + 0.005*"make" + 0.005*"going"
2018-08-28 03:41:05,169 : INFO : topic diff=0.008492, rho=0.166667
2018-08-28 03:41:14,274 : INFO : -8.338 per-word bound, 323.6 perplexity estimate based on a held-out corpus of 4623 documents with 2290604 words
2018-08-28 03:41:14,278 : INFO : PROGRESS: pass 35, at document #4623/4623
2018-08-28 03:41:19,202 : INFO : topic #6 (0.100): 0.010*"buy" + 0.009*"im" + 0.008*"like" + 0.007*"going" + 0.007*"get" + 0.006*"go" + 0.006*"sell" + 0.006*"day" + 0.005*"money" + 0.005*"make"
2018-08-28 03:41:19,203 : INFO : topic #7 (0.100): 0.008*"ark" + 0.005*"data" + 0.005*"quad" + 0.003*"blockchain" + 0.003*"arkies" + 0.003*"oracle" + 0.003*"use" + 0.003*"get" + 0.002*"going" + 0.002*"satoshi"
2018-08-28 03:41:19,205 : INFO : topic #5 (0.100): 0.079*"chancoin" + 0.015*"sage" + 0.006*"4chn" + 0.004*"coin" + 0.003*"discord" + 0.002*"tipping" + 0.002*"address" + 0.002*"wallet" + 0.002*"name" + 0.002*"post"
2018-08-28 03:41:19,207 : INFO : topic #3 (0.100): 0.006*"credit" + 0.004*"application" + 0.004*"silver" + 0.004*"card" + 0.004*"ha" + 0.004*"fomo" + 0.003*"platform" + 0.002*"debt" + 0.002*"lead" + 0.002*"la"
2018-08-28 03:41:19,208 : INFO : topic #9 (0.100): 0.009*"buy" + 0.008*"btc" + 0.008*"like" + 0.008*"im" + 0.007*"fucking" + 0.007*"get" + 0.007*"shit" + 0.006*"going" + 0.006*"fuck" + 0.006*"eth"
2018-08-28 03:41:19,210 : INFO : topic diff=0.008117, rho=0.164399
2018-08-28 03:41:27,853 : INFO : -8.338 per-word bound, 323.5 perplexity estimate based on a held-out corpus of 4623 documents with 2290604 words
2018-08-28 03:41:27,855 : INFO : PROGRESS: pass 36, at document #4623/4623
2018-08-28 03:41:32,154 : INFO : topic #9 (0.100): 0.009*"buy" + 0.008*"btc" + 0.008*"like" + 0.008*"im" + 0.007*"fucking" + 0.007*"get" + 0.007*"shit" + 0.006*"going" + 0.006*"fuck" + 0.006*"eth"
2018-08-28 03:41:32,155 : INFO : topic #5 (0.100): 0.080*"chancoin" + 0.015*"sage" + 0.006*"4chn" + 0.003*"coin" + 0.003*"discord" + 0.002*"tipping" + 0.002*"address" + 0.002*"wallet" + 0.002*"name" + 0.002*"post"
2018-08-28 03:41:32,156 : INFO : topic #8 (0.100): 0.010*"link" + 0.010*"coin" + 0.007*"like" + 0.007*"buy" + 0.007*"get" + 0.005*"im" + 0.005*"token" + 0.005*"one" + 0.005*"make" + 0.005*"going"
2018-08-28 03:41:32,157 : INFO : topic #4 (0.100): 0.021*"btc" + 0.017*"bitcoin" + 0.015*"bch" + 0.007*"people" + 0.006*"get" + 0.006*"like" + 0.006*"going" + 0.006*"coin" + 0.005*"would" + 0.005*"time"
2018-08-28 03:41:32,159 : INFO : topic #0 (0.100): 0.029*"tether" + 0.010*"bitfinex" + 0.009*"usd" + 0.007*"usdt" + 0.006*"crypto" + 0.006*"exchange" + 0.006*"money" + 0.005*"btc" + 0.004*"market" + 0.004*"bank"
2018-08-28 03:41:32,160 : INFO : topic diff=0.007765, rho=0.162221
2018-08-28 03:41:40,529 : INFO : -8.337 per-word bound, 323.4 perplexity estimate based on a held-out corpus of 4623 documents with 2290604 words
2018-08-28 03:41:40,532 : INFO : PROGRESS: pass 37, at document #4623/4623
2018-08-28 03:41:44,748 : INFO : topic #6 (0.100): 0.011*"buy" + 0.009*"im" + 0.008*"like" + 0.007*"going" + 0.007*"get" + 0.006*"go" + 0.006*"sell" + 0.006*"day" + 0.005*"money" + 0.005*"make"
2018-08-28 03:41:44,750 : INFO : topic #5 (0.100): 0.080*"chancoin" + 0.015*"sage" + 0.006*"4chn" + 0.003*"coin" + 0.003*"discord" + 0.002*"tipping" + 0.002*"address" + 0.002*"wallet" + 0.002*"name" + 0.002*"feature"
2018-08-28 03:41:44,751 : INFO : topic #9 (0.100): 0.009*"buy" + 0.008*"btc" + 0.008*"like" + 0.008*"im" + 0.007*"fucking" + 0.007*"get" + 0.007*"shit" + 0.006*"going" + 0.006*"fuck" + 0.006*"eth"
2018-08-28 03:41:44,752 : INFO : topic #4 (0.100): 0.021*"btc" + 0.017*"bitcoin" + 0.015*"bch" + 0.007*"people" + 0.006*"get" + 0.006*"like" + 0.006*"going" + 0.006*"coin" + 0.005*"would" + 0.005*"time"
2018-08-28 03:41:44,754 : INFO : topic #2 (0.100): 0.010*"get" + 0.009*"like" + 0.007*"people" + 0.007*"money" + 0.007*"make" + 0.007*"im" + 0.006*"want" + 0.005*"would" + 0.005*"year" + 0.005*"work"
2018-08-28 03:41:44,755 : INFO : topic diff=0.007447, rho=0.160128
2018-08-28 03:41:53,160 : INFO : -8.337 per-word bound, 323.3 perplexity estimate based on a held-out corpus of 4623 documents with 2290604 words
2018-08-28 03:41:53,161 : INFO : PROGRESS: pass 38, at document #4623/4623
2018-08-28 03:41:57,339 : INFO : topic #8 (0.100): 0.010*"link" + 0.010*"coin" + 0.007*"like" + 0.007*"buy" + 0.007*"get" + 0.005*"im" + 0.005*"token" + 0.005*"one" + 0.005*"make" + 0.005*"going"
2018-08-28 03:41:57,341 : INFO : topic #2 (0.100): 0.010*"get" + 0.009*"like" + 0.007*"people" + 0.007*"money" + 0.007*"make" + 0.007*"im" + 0.006*"want" + 0.005*"would" + 0.005*"year" + 0.005*"work"
2018-08-28 03:41:57,342 : INFO : topic #9 (0.100): 0.009*"buy" + 0.008*"btc" + 0.008*"im" + 0.008*"like" + 0.007*"fucking" + 0.007*"get" + 0.007*"shit" + 0.006*"going" + 0.006*"fuck" + 0.006*"eth"
2018-08-28 03:41:57,343 : INFO : topic #7 (0.100): 0.008*"ark" + 0.005*"data" + 0.005*"quad" + 0.003*"blockchain" + 0.003*"arkies" + 0.003*"oracle" + 0.003*"use" + 0.002*"satoshi" + 0.002*"get" + 0.002*"tank"
2018-08-28 03:41:57,345 : INFO : topic #1 (0.100): 0.012*"tax" + 0.011*"wallet" + 0.007*"crypto" + 0.007*"get" + 0.006*"pay" + 0.006*"use" + 0.006*"exchange" + 0.006*"like" + 0.005*"year" + 0.005*"gain"
2018-08-28 03:41:57,346 : INFO : topic diff=0.007133, rho=0.158114
2018-08-28 03:42:05,668 : INFO : -8.336 per-word bound, 323.2 perplexity estimate based on a held-out corpus of 4623 documents with 2290604 words
2018-08-28 03:42:05,668 : INFO : PROGRESS: pass 39, at document #4623/4623
2018-08-28 03:42:09,847 : INFO : topic #1 (0.100): 0.012*"tax" + 0.011*"wallet" + 0.007*"crypto" + 0.007*"get" + 0.006*"pay" + 0.006*"use" + 0.006*"exchange" + 0.006*"like" + 0.005*"year" + 0.005*"gain"
2018-08-28 03:42:09,848 : INFO : topic #9 (0.100): 0.009*"buy" + 0.008*"btc" + 0.008*"im" + 0.008*"like" + 0.007*"fucking" + 0.007*"get" + 0.007*"shit" + 0.006*"going" + 0.006*"fuck" + 0.006*"eth"
2018-08-28 03:42:09,850 : INFO : topic #3 (0.100): 0.006*"credit" + 0.004*"application" + 0.004*"silver" + 0.004*"ha" + 0.004*"card" + 0.004*"fomo" + 0.003*"platform" + 0.002*"debt" + 0.002*"lead" + 0.002*"la"
2018-08-28 03:42:09,851 : INFO : topic #5 (0.100): 0.081*"chancoin" + 0.015*"sage" + 0.006*"4chn" + 0.003*"coin" + 0.003*"discord" + 0.002*"tipping" + 0.002*"address" + 0.002*"wallet" + 0.002*"name" + 0.002*"feature"
2018-08-28 03:42:09,853 : INFO : topic #6 (0.100): 0.011*"buy" + 0.009*"im" + 0.008*"like" + 0.007*"going" + 0.007*"get" + 0.006*"go" + 0.006*"sell" + 0.006*"day" + 0.005*"money" + 0.005*"make"
2018-08-28 03:42:09,855 : INFO : topic diff=0.006855, rho=0.156174
2018-08-28 03:42:18,236 : INFO : -8.336 per-word bound, 323.2 perplexity estimate based on a held-out corpus of 4623 documents with 2290604 words
2018-08-28 03:42:18,238 : INFO : PROGRESS: pass 40, at document #4623/4623
2018-08-28 03:42:22,556 : INFO : topic #9 (0.100): 0.009*"buy" + 0.008*"btc" + 0.008*"im" + 0.008*"like" + 0.007*"fucking" + 0.007*"get" + 0.007*"shit" + 0.006*"going" + 0.006*"fuck" + 0.006*"eth"
2018-08-28 03:42:22,559 : INFO : topic #3 (0.100): 0.006*"credit" + 0.004*"application" + 0.004*"silver" + 0.004*"ha" + 0.004*"card" + 0.004*"fomo" + 0.003*"platform" + 0.002*"debt" + 0.002*"lead" + 0.002*"la"
2018-08-28 03:42:22,560 : INFO : topic #7 (0.100): 0.008*"ark" + 0.005*"data" + 0.005*"quad" + 0.003*"blockchain" + 0.003*"arkies" + 0.003*"oracle" + 0.002*"use" + 0.002*"satoshi" + 0.002*"tank" + 0.002*"deluded"
2018-08-28 03:42:22,562 : INFO : topic #1 (0.100): 0.012*"tax" + 0.011*"wallet" + 0.007*"crypto" + 0.007*"get" + 0.006*"pay" + 0.006*"use" + 0.006*"exchange" + 0.006*"like" + 0.005*"year" + 0.005*"gain"
2018-08-28 03:42:22,563 : INFO : topic #0 (0.100): 0.031*"tether" + 0.011*"bitfinex" + 0.009*"usd" + 0.008*"usdt" + 0.006*"crypto" + 0.006*"exchange" + 0.006*"money" + 0.005*"btc" + 0.004*"bank" + 0.004*"market"
2018-08-28 03:42:22,565 : INFO : topic diff=0.006585, rho=0.154303
2018-08-28 03:42:31,390 : INFO : -8.336 per-word bound, 323.1 perplexity estimate based on a held-out corpus of 4623 documents with 2290604 words
2018-08-28 03:42:31,390 : INFO : PROGRESS: pass 41, at document #4623/4623
2018-08-28 03:42:35,572 : INFO : topic #1 (0.100): 0.012*"tax" + 0.011*"wallet" + 0.007*"crypto" + 0.007*"get" + 0.006*"pay" + 0.006*"use" + 0.006*"exchange" + 0.006*"like" + 0.005*"year" + 0.005*"gain"
2018-08-28 03:42:35,574 : INFO : topic #7 (0.100): 0.008*"ark" + 0.005*"data" + 0.005*"quad" + 0.003*"arkies" + 0.003*"blockchain" + 0.003*"oracle" + 0.002*"satoshi" + 0.002*"use" + 0.002*"tank" + 0.002*"deluded"
2018-08-28 03:42:35,575 : INFO : topic #4 (0.100): 0.021*"btc" + 0.017*"bitcoin" + 0.015*"bch" + 0.007*"people" + 0.006*"get" + 0.006*"like" + 0.006*"going" + 0.006*"coin" + 0.005*"would" + 0.005*"time"
2018-08-28 03:42:35,576 : INFO : topic #6 (0.100): 0.011*"buy" + 0.009*"im" + 0.008*"like" + 0.007*"going" + 0.007*"get" + 0.006*"go" + 0.006*"sell" + 0.006*"day" + 0.005*"money" + 0.005*"good"
2018-08-28 03:42:35,577 : INFO : topic #0 (0.100): 0.031*"tether" + 0.011*"bitfinex" + 0.009*"usd" + 0.008*"usdt" + 0.006*"crypto" + 0.006*"exchange" + 0.006*"money" + 0.005*"btc" + 0.004*"bank" + 0.004*"market"
2018-08-28 03:42:35,579 : INFO : topic diff=0.006334, rho=0.152499
2018-08-28 03:42:43,844 : INFO : -8.336 per-word bound, 323.0 perplexity estimate based on a held-out corpus of 4623 documents with 2290604 words
2018-08-28 03:42:43,844 : INFO : PROGRESS: pass 42, at document #4623/4623
2018-08-28 03:42:48,006 : INFO : topic #2 (0.100): 0.010*"get" + 0.009*"like" + 0.007*"people" + 0.007*"money" + 0.007*"make" + 0.007*"im" + 0.006*"want" + 0.005*"would" + 0.005*"year" + 0.005*"work"
2018-08-28 03:42:48,008 : INFO : topic #0 (0.100): 0.031*"tether" + 0.011*"bitfinex" + 0.009*"usd" + 0.008*"usdt" + 0.006*"crypto" + 0.006*"exchange" + 0.005*"money" + 0.005*"btc" + 0.005*"bank" + 0.004*"fiat"
2018-08-28 03:42:48,009 : INFO : topic #7 (0.100): 0.008*"ark" + 0.005*"data" + 0.005*"quad" + 0.003*"arkies" + 0.003*"blockchain" + 0.003*"oracle" + 0.002*"satoshi" + 0.002*"tank" + 0.002*"deluded" + 0.002*"use"
2018-08-28 03:42:48,010 : INFO : topic #9 (0.100): 0.009*"buy" + 0.008*"btc" + 0.008*"im" + 0.008*"like" + 0.007*"fucking" + 0.007*"get" + 0.007*"shit" + 0.006*"going" + 0.006*"fuck" + 0.006*"eth"
2018-08-28 03:42:48,011 : INFO : topic #3 (0.100): 0.006*"credit" + 0.004*"application" + 0.004*"silver" + 0.004*"ha" + 0.004*"card" + 0.004*"fomo" + 0.003*"platform" + 0.002*"lead" + 0.002*"debt" + 0.002*"la"
2018-08-28 03:42:48,013 : INFO : topic diff=0.006090, rho=0.150756
2018-08-28 03:42:56,348 : INFO : -8.335 per-word bound, 323.0 perplexity estimate based on a held-out corpus of 4623 documents with 2290604 words
2018-08-28 03:42:56,349 : INFO : PROGRESS: pass 43, at document #4623/4623
2018-08-28 03:43:00,890 : INFO : topic #1 (0.100): 0.012*"tax" + 0.011*"wallet" + 0.007*"crypto" + 0.007*"get" + 0.006*"pay" + 0.006*"use" + 0.006*"exchange" + 0.006*"like" + 0.005*"year" + 0.005*"trade"
2018-08-28 03:43:00,893 : INFO : topic #8 (0.100): 0.010*"link" + 0.010*"coin" + 0.007*"like" + 0.007*"buy" + 0.007*"get" + 0.005*"im" + 0.005*"token" + 0.005*"one" + 0.005*"make" + 0.005*"going"
2018-08-28 03:43:00,894 : INFO : topic #5 (0.100): 0.082*"chancoin" + 0.015*"sage" + 0.006*"4chn" + 0.003*"coin" + 0.003*"discord" + 0.002*"tipping" + 0.002*"address" + 0.002*"name" + 0.002*"wallet" + 0.002*"chan"
2018-08-28 03:43:00,896 : INFO : topic #3 (0.100): 0.006*"credit" + 0.004*"application" + 0.004*"silver" + 0.004*"ha" + 0.004*"card" + 0.004*"fomo" + 0.003*"platform" + 0.002*"lead" + 0.002*"debt" + 0.002*"la"
2018-08-28 03:43:00,897 : INFO : topic #7 (0.100): 0.008*"ark" + 0.005*"data" + 0.005*"quad" + 0.003*"arkies" + 0.003*"blockchain" + 0.003*"oracle" + 0.002*"satoshi" + 0.002*"tank" + 0.002*"deluded" + 0.002*"use"
2018-08-28 03:43:00,898 : INFO : topic diff=0.005867, rho=0.149071
2018-08-28 03:43:09,269 : INFO : -8.335 per-word bound, 322.9 perplexity estimate based on a held-out corpus of 4623 documents with 2290604 words
2018-08-28 03:43:09,270 : INFO : PROGRESS: pass 44, at document #4623/4623
2018-08-28 03:43:13,443 : INFO : topic #0 (0.100): 0.032*"tether" + 0.011*"bitfinex" + 0.009*"usd" + 0.008*"usdt" + 0.006*"crypto" + 0.006*"exchange" + 0.005*"money" + 0.005*"bank" + 0.004*"btc" + 0.004*"fiat"
2018-08-28 03:43:13,444 : INFO : topic #7 (0.100): 0.008*"ark" + 0.005*"data" + 0.005*"quad" + 0.003*"arkies" + 0.003*"blockchain" + 0.003*"oracle" + 0.002*"satoshi" + 0.002*"tank" + 0.002*"deluded" + 0.002*"use"
2018-08-28 03:43:13,446 : INFO : topic #2 (0.100): 0.010*"get" + 0.009*"like" + 0.007*"people" + 0.007*"money" + 0.007*"make" + 0.007*"im" + 0.006*"want" + 0.005*"would" + 0.005*"year" + 0.005*"work"
2018-08-28 03:43:13,447 : INFO : topic #4 (0.100): 0.021*"btc" + 0.017*"bitcoin" + 0.015*"bch" + 0.007*"people" + 0.006*"get" + 0.006*"like" + 0.006*"going" + 0.006*"coin" + 0.005*"would" + 0.005*"time"
2018-08-28 03:43:13,448 : INFO : topic #9 (0.100): 0.009*"buy" + 0.008*"btc" + 0.008*"im" + 0.008*"like" + 0.007*"fucking" + 0.007*"get" + 0.007*"shit" + 0.006*"going" + 0.006*"fuck" + 0.006*"eth"
2018-08-28 03:43:13,450 : INFO : topic diff=0.005649, rho=0.147442
2018-08-28 03:43:21,839 : INFO : -8.335 per-word bound, 322.9 perplexity estimate based on a held-out corpus of 4623 documents with 2290604 words
2018-08-28 03:43:21,840 : INFO : PROGRESS: pass 45, at document #4623/4623
2018-08-28 03:43:26,047 : INFO : topic #2 (0.100): 0.010*"get" + 0.009*"like" + 0.007*"people" + 0.007*"money" + 0.007*"make" + 0.007*"im" + 0.006*"want" + 0.005*"would" + 0.005*"year" + 0.005*"work"
2018-08-28 03:43:26,048 : INFO : topic #3 (0.100): 0.006*"credit" + 0.004*"application" + 0.004*"silver" + 0.004*"ha" + 0.004*"card" + 0.004*"fomo" + 0.003*"platform" + 0.002*"lead" + 0.002*"debt" + 0.002*"la"
2018-08-28 03:43:26,050 : INFO : topic #0 (0.100): 0.032*"tether" + 0.011*"bitfinex" + 0.009*"usd" + 0.008*"usdt" + 0.006*"crypto" + 0.006*"exchange" + 0.005*"money" + 0.005*"bank" + 0.004*"fiat" + 0.004*"btc"
2018-08-28 03:43:26,051 : INFO : topic #1 (0.100): 0.012*"tax" + 0.011*"wallet" + 0.007*"crypto" + 0.007*"get" + 0.006*"pay" + 0.006*"exchange" + 0.006*"use" + 0.006*"like" + 0.005*"year" + 0.005*"trade"
2018-08-28 03:43:26,053 : INFO : topic #8 (0.100): 0.010*"link" + 0.010*"coin" + 0.007*"like" + 0.007*"buy" + 0.007*"get" + 0.005*"im" + 0.005*"token" + 0.005*"one" + 0.005*"make" + 0.005*"going"
2018-08-28 03:43:26,054 : INFO : topic diff=0.005457, rho=0.145865
2018-08-28 03:43:34,382 : INFO : -8.335 per-word bound, 322.8 perplexity estimate based on a held-out corpus of 4623 documents with 2290604 words
2018-08-28 03:43:34,382 : INFO : PROGRESS: pass 46, at document #4623/4623
2018-08-28 03:43:38,550 : INFO : topic #5 (0.100): 0.082*"chancoin" + 0.016*"sage" + 0.007*"4chn" + 0.003*"coin" + 0.003*"discord" + 0.002*"tipping" + 0.002*"address" + 0.002*"name" + 0.002*"chan" + 0.002*"wallet"
2018-08-28 03:43:38,552 : INFO : topic #4 (0.100): 0.021*"btc" + 0.017*"bitcoin" + 0.015*"bch" + 0.007*"people" + 0.006*"get" + 0.006*"like" + 0.006*"going" + 0.006*"coin" + 0.005*"would" + 0.005*"time"
2018-08-28 03:43:38,553 : INFO : topic #6 (0.100): 0.011*"buy" + 0.009*"im" + 0.008*"like" + 0.007*"going" + 0.007*"get" + 0.006*"go" + 0.006*"sell" + 0.006*"day" + 0.006*"money" + 0.005*"good"
2018-08-28 03:43:38,554 : INFO : topic #8 (0.100): 0.010*"link" + 0.010*"coin" + 0.007*"like" + 0.007*"buy" + 0.007*"get" + 0.005*"im" + 0.005*"token" + 0.005*"one" + 0.005*"make" + 0.005*"going"
2018-08-28 03:43:38,556 : INFO : topic #2 (0.100): 0.010*"get" + 0.009*"like" + 0.007*"people" + 0.007*"money" + 0.007*"make" + 0.007*"im" + 0.006*"want" + 0.005*"would" + 0.005*"year" + 0.005*"work"
2018-08-28 03:43:38,557 : INFO : topic diff=0.005260, rho=0.144338
2018-08-28 03:43:46,846 : INFO : -8.334 per-word bound, 322.8 perplexity estimate based on a held-out corpus of 4623 documents with 2290604 words
2018-08-28 03:43:46,847 : INFO : PROGRESS: pass 47, at document #4623/4623
2018-08-28 03:43:51,063 : INFO : topic #5 (0.100): 0.082*"chancoin" + 0.016*"sage" + 0.007*"4chn" + 0.003*"coin" + 0.003*"discord" + 0.002*"tipping" + 0.002*"address" + 0.002*"name" + 0.002*"chan" + 0.002*"feature"
2018-08-28 03:43:51,065 : INFO : topic #1 (0.100): 0.012*"tax" + 0.011*"wallet" + 0.007*"crypto" + 0.007*"get" + 0.006*"pay" + 0.006*"exchange" + 0.006*"use" + 0.006*"like" + 0.005*"trade" + 0.005*"year"
2018-08-28 03:43:51,066 : INFO : topic #8 (0.100): 0.010*"link" + 0.010*"coin" + 0.007*"like" + 0.007*"buy" + 0.007*"get" + 0.005*"im" + 0.005*"token" + 0.005*"one" + 0.005*"make" + 0.005*"going"
2018-08-28 03:43:51,067 : INFO : topic #3 (0.100): 0.006*"credit" + 0.004*"application" + 0.004*"silver" + 0.004*"ha" + 0.004*"card" + 0.004*"fomo" + 0.003*"platform" + 0.002*"lead" + 0.002*"debt" + 0.002*"la"
2018-08-28 03:43:51,069 : INFO : topic #6 (0.100): 0.011*"buy" + 0.009*"im" + 0.008*"like" + 0.007*"going" + 0.007*"get" + 0.006*"go" + 0.006*"sell" + 0.006*"day" + 0.006*"money" + 0.005*"good"
2018-08-28 03:43:51,070 : INFO : topic diff=0.005086, rho=0.142857
2018-08-28 03:43:59,427 : INFO : -8.334 per-word bound, 322.7 perplexity estimate based on a held-out corpus of 4623 documents with 2290604 words
2018-08-28 03:43:59,428 : INFO : PROGRESS: pass 48, at document #4623/4623
2018-08-28 03:44:03,610 : INFO : topic #3 (0.100): 0.006*"credit" + 0.004*"application" + 0.004*"silver" + 0.004*"ha" + 0.004*"card" + 0.004*"fomo" + 0.003*"platform" + 0.002*"lead" + 0.002*"debt" + 0.002*"la"
2018-08-28 03:44:03,612 : INFO : topic #9 (0.100): 0.009*"buy" + 0.008*"btc" + 0.008*"im" + 0.008*"like" + 0.008*"fucking" + 0.007*"get" + 0.007*"shit" + 0.006*"going" + 0.006*"fuck" + 0.006*"eth"
2018-08-28 03:44:03,613 : INFO : topic #7 (0.100): 0.009*"ark" + 0.005*"data" + 0.005*"quad" + 0.003*"arkies" + 0.003*"blockchain" + 0.003*"oracle" + 0.002*"satoshi" + 0.002*"tank" + 0.002*"deluded" + 0.002*"arkie"
2018-08-28 03:44:03,615 : INFO : topic #1 (0.100): 0.012*"tax" + 0.011*"wallet" + 0.007*"crypto" + 0.007*"get" + 0.006*"pay" + 0.006*"exchange" + 0.006*"use" + 0.006*"like" + 0.005*"trade" + 0.005*"gain"
2018-08-28 03:44:03,616 : INFO : topic #0 (0.100): 0.033*"tether" + 0.012*"bitfinex" + 0.010*"usd" + 0.008*"usdt" + 0.006*"exchange" + 0.006*"crypto" + 0.005*"money" + 0.005*"bank" + 0.004*"fiat" + 0.004*"market"
2018-08-28 03:44:03,617 : INFO : topic diff=0.004919, rho=0.141421
2018-08-28 03:44:11,864 : INFO : -8.334 per-word bound, 322.7 perplexity estimate based on a held-out corpus of 4623 documents with 2290604 words
2018-08-28 03:44:11,865 : INFO : PROGRESS: pass 49, at document #4623/4623
2018-08-28 03:44:16,070 : INFO : topic #7 (0.100): 0.009*"ark" + 0.005*"data" + 0.005*"quad" + 0.003*"arkies" + 0.003*"blockchain" + 0.003*"oracle" + 0.003*"satoshi" + 0.002*"tank" + 0.002*"deluded" + 0.002*"arkie"
2018-08-28 03:44:16,072 : INFO : topic #8 (0.100): 0.010*"link" + 0.010*"coin" + 0.007*"like" + 0.007*"buy" + 0.007*"get" + 0.005*"im" + 0.005*"token" + 0.005*"one" + 0.005*"make" + 0.005*"going"
2018-08-28 03:44:16,073 : INFO : topic #9 (0.100): 0.009*"buy" + 0.008*"btc" + 0.008*"im" + 0.008*"like" + 0.008*"fucking" + 0.007*"get" + 0.007*"shit" + 0.006*"going" + 0.006*"fuck" + 0.006*"eth"
2018-08-28 03:44:16,074 : INFO : topic #4 (0.100): 0.021*"btc" + 0.017*"bitcoin" + 0.015*"bch" + 0.007*"people" + 0.006*"get" + 0.006*"like" + 0.006*"going" + 0.006*"coin" + 0.005*"would" + 0.005*"time"
2018-08-28 03:44:16,076 : INFO : topic #1 (0.100): 0.012*"tax" + 0.011*"wallet" + 0.007*"crypto" + 0.007*"get" + 0.006*"pay" + 0.006*"exchange" + 0.006*"use" + 0.006*"like" + 0.005*"trade" + 0.005*"gain"
2018-08-28 03:44:16,077 : INFO : topic diff=0.004762, rho=0.140028
2018-08-28 03:44:24,456 : INFO : -8.334 per-word bound, 322.6 perplexity estimate based on a held-out corpus of 4623 documents with 2290604 words
2018-08-28 03:44:24,458 : INFO : PROGRESS: pass 50, at document #4623/4623
2018-08-28 03:44:28,671 : INFO : topic #7 (0.100): 0.009*"ark" + 0.005*"data" + 0.005*"quad" + 0.003*"arkies" + 0.003*"blockchain" + 0.003*"oracle" + 0.003*"satoshi" + 0.002*"tank" + 0.002*"deluded" + 0.002*"arkie"
2018-08-28 03:44:28,673 : INFO : topic #2 (0.100): 0.010*"get" + 0.009*"like" + 0.007*"people" + 0.007*"money" + 0.007*"make" + 0.007*"im" + 0.006*"want" + 0.005*"would" + 0.005*"year" + 0.005*"work"
2018-08-28 03:44:28,674 : INFO : topic #8 (0.100): 0.010*"link" + 0.010*"coin" + 0.007*"like" + 0.007*"buy" + 0.007*"get" + 0.005*"im" + 0.005*"token" + 0.005*"one" + 0.005*"make" + 0.005*"going"
2018-08-28 03:44:28,676 : INFO : topic #6 (0.100): 0.011*"buy" + 0.009*"im" + 0.008*"like" + 0.007*"going" + 0.007*"get" + 0.006*"go" + 0.006*"sell" + 0.006*"day" + 0.006*"money" + 0.005*"good"
2018-08-28 03:44:28,677 : INFO : topic #3 (0.100): 0.006*"credit" + 0.004*"application" + 0.004*"silver" + 0.004*"ha" + 0.004*"card" + 0.004*"fomo" + 0.003*"platform" + 0.002*"lead" + 0.002*"debt" + 0.002*"la"
2018-08-28 03:44:28,679 : INFO : topic diff=0.004605, rho=0.138675
2018-08-28 03:44:37,012 : INFO : -8.334 per-word bound, 322.6 perplexity estimate based on a held-out corpus of 4623 documents with 2290604 words
2018-08-28 03:44:37,013 : INFO : PROGRESS: pass 51, at document #4623/4623
2018-08-28 03:44:41,117 : INFO : topic #9 (0.100): 0.009*"buy" + 0.008*"btc" + 0.008*"im" + 0.008*"like" + 0.008*"fucking" + 0.007*"get" + 0.007*"shit" + 0.006*"going" + 0.006*"fuck" + 0.006*"eth"
2018-08-28 03:44:41,119 : INFO : topic #2 (0.100): 0.010*"get" + 0.009*"like" + 0.007*"people" + 0.007*"money" + 0.007*"make" + 0.007*"im" + 0.006*"want" + 0.005*"would" + 0.005*"year" + 0.005*"work"
2018-08-28 03:44:41,120 : INFO : topic #5 (0.100): 0.083*"chancoin" + 0.016*"sage" + 0.007*"4chn" + 0.003*"discord" + 0.003*"coin" + 0.002*"tipping" + 0.002*"address" + 0.002*"name" + 0.002*"chan" + 0.002*"feature"
2018-08-28 03:44:41,121 : INFO : topic #8 (0.100): 0.010*"link" + 0.010*"coin" + 0.007*"like" + 0.007*"buy" + 0.007*"get" + 0.005*"im" + 0.005*"token" + 0.005*"one" + 0.005*"make" + 0.005*"going"
2018-08-28 03:44:41,123 : INFO : topic #0 (0.100): 0.034*"tether" + 0.012*"bitfinex" + 0.010*"usd" + 0.009*"usdt" + 0.006*"exchange" + 0.006*"crypto" + 0.005*"money" + 0.005*"bank" + 0.004*"fiat" + 0.004*"dollar"
2018-08-28 03:44:41,124 : INFO : topic diff=0.004463, rho=0.137361
2018-08-28 03:44:49,495 : INFO : -8.333 per-word bound, 322.6 perplexity estimate based on a held-out corpus of 4623 documents with 2290604 words
2018-08-28 03:44:49,496 : INFO : PROGRESS: pass 52, at document #4623/4623
2018-08-28 03:44:53,663 : INFO : topic #4 (0.100): 0.021*"btc" + 0.017*"bitcoin" + 0.014*"bch" + 0.007*"people" + 0.006*"get" + 0.006*"like" + 0.006*"going" + 0.006*"coin" + 0.005*"would" + 0.005*"time"
2018-08-28 03:44:53,664 : INFO : topic #7 (0.100): 0.009*"ark" + 0.005*"data" + 0.005*"quad" + 0.003*"arkies" + 0.003*"blockchain" + 0.003*"satoshi" + 0.003*"oracle" + 0.002*"tank" + 0.002*"deluded" + 0.002*"arkie"
2018-08-28 03:44:53,666 : INFO : topic #2 (0.100): 0.010*"get" + 0.009*"like" + 0.007*"people" + 0.007*"money" + 0.007*"make" + 0.007*"im" + 0.006*"want" + 0.005*"would" + 0.005*"year" + 0.005*"work"
2018-08-28 03:44:53,667 : INFO : topic #3 (0.100): 0.006*"credit" + 0.004*"application" + 0.004*"silver" + 0.004*"ha" + 0.004*"card" + 0.004*"fomo" + 0.003*"platform" + 0.002*"lead" + 0.002*"debt" + 0.002*"la"
2018-08-28 03:44:53,669 : INFO : topic #8 (0.100): 0.010*"link" + 0.010*"coin" + 0.007*"like" + 0.007*"buy" + 0.007*"get" + 0.005*"im" + 0.005*"token" + 0.005*"one" + 0.005*"make" + 0.005*"going"
2018-08-28 03:44:53,670 : INFO : topic diff=0.004330, rho=0.136083
2018-08-28 03:45:02,103 : INFO : -8.333 per-word bound, 322.5 perplexity estimate based on a held-out corpus of 4623 documents with 2290604 words
2018-08-28 03:45:02,153 : INFO : PROGRESS: pass 53, at document #4623/4623
2018-08-28 03:45:09,251 : INFO : topic #6 (0.100): 0.011*"buy" + 0.009*"im" + 0.008*"like" + 0.007*"going" + 0.007*"get" + 0.006*"go" + 0.006*"sell" + 0.006*"day" + 0.006*"money" + 0.005*"good"
2018-08-28 03:45:09,252 : INFO : topic #4 (0.100): 0.021*"btc" + 0.017*"bitcoin" + 0.014*"bch" + 0.007*"people" + 0.006*"get" + 0.006*"like" + 0.006*"going" + 0.006*"coin" + 0.005*"would" + 0.005*"time"
2018-08-28 03:45:09,254 : INFO : topic #3 (0.100): 0.006*"credit" + 0.004*"application" + 0.004*"silver" + 0.004*"ha" + 0.004*"card" + 0.004*"fomo" + 0.003*"platform" + 0.002*"lead" + 0.002*"debt" + 0.002*"la"
2018-08-28 03:45:09,255 : INFO : topic #8 (0.100): 0.010*"link" + 0.010*"coin" + 0.007*"like" + 0.007*"buy" + 0.007*"get" + 0.005*"im" + 0.005*"token" + 0.005*"one" + 0.005*"make" + 0.005*"going"
2018-08-28 03:45:09,256 : INFO : topic #0 (0.100): 0.035*"tether" + 0.012*"bitfinex" + 0.010*"usd" + 0.009*"usdt" + 0.006*"exchange" + 0.006*"crypto" + 0.005*"money" + 0.005*"bank" + 0.004*"fiat" + 0.004*"dollar"
2018-08-28 03:45:09,258 : INFO : topic diff=0.004198, rho=0.134840
2018-08-28 03:45:21,925 : INFO : -8.333 per-word bound, 322.5 perplexity estimate based on a held-out corpus of 4623 documents with 2290604 words
2018-08-28 03:45:21,926 : INFO : PROGRESS: pass 54, at document #4623/4623
2018-08-28 03:45:27,957 : INFO : topic #5 (0.100): 0.084*"chancoin" + 0.016*"sage" + 0.007*"4chn" + 0.003*"discord" + 0.003*"coin" + 0.002*"tipping" + 0.002*"address" + 0.002*"name" + 0.002*"chan" + 0.002*"feature"
2018-08-28 03:45:27,958 : INFO : topic #9 (0.100): 0.009*"buy" + 0.008*"btc" + 0.008*"im" + 0.008*"fucking" + 0.008*"like" + 0.007*"get" + 0.007*"shit" + 0.006*"going" + 0.006*"fuck" + 0.006*"eth"
2018-08-28 03:45:27,959 : INFO : topic #3 (0.100): 0.006*"credit" + 0.004*"application" + 0.004*"silver" + 0.004*"ha" + 0.004*"card" + 0.004*"fomo" + 0.003*"platform" + 0.002*"lead" + 0.002*"debt" + 0.002*"la"
2018-08-28 03:45:27,961 : INFO : topic #6 (0.100): 0.011*"buy" + 0.009*"im" + 0.008*"like" + 0.007*"going" + 0.007*"get" + 0.006*"go" + 0.006*"sell" + 0.006*"day" + 0.006*"money" + 0.005*"good"
2018-08-28 03:45:27,962 : INFO : topic #1 (0.100): 0.013*"tax" + 0.011*"wallet" + 0.007*"crypto" + 0.007*"get" + 0.007*"pay" + 0.006*"exchange" + 0.006*"use" + 0.005*"like" + 0.005*"trade" + 0.005*"gain"
2018-08-28 03:45:27,963 : INFO : topic diff=0.004079, rho=0.133631
2018-08-28 03:45:37,763 : INFO : -8.333 per-word bound, 322.4 perplexity estimate based on a held-out corpus of 4623 documents with 2290604 words
2018-08-28 03:45:37,766 : INFO : PROGRESS: pass 55, at document #4623/4623
2018-08-28 03:45:41,921 : INFO : topic #1 (0.100): 0.013*"tax" + 0.011*"wallet" + 0.007*"crypto" + 0.007*"get" + 0.007*"pay" + 0.006*"exchange" + 0.006*"use" + 0.005*"like" + 0.005*"trade" + 0.005*"gain"
2018-08-28 03:45:41,922 : INFO : topic #7 (0.100): 0.009*"ark" + 0.005*"data" + 0.005*"quad" + 0.003*"arkies" + 0.003*"blockchain" + 0.003*"satoshi" + 0.002*"tank" + 0.002*"deluded" + 0.002*"oracle" + 0.002*"arkie"
2018-08-28 03:45:41,923 : INFO : topic #9 (0.100): 0.009*"buy" + 0.008*"btc" + 0.008*"im" + 0.008*"fucking" + 0.008*"like" + 0.007*"get" + 0.007*"shit" + 0.006*"going" + 0.006*"fuck" + 0.006*"eth"
2018-08-28 03:45:41,925 : INFO : topic #8 (0.100): 0.010*"link" + 0.010*"coin" + 0.007*"like" + 0.007*"buy" + 0.007*"get" + 0.005*"im" + 0.005*"token" + 0.005*"one" + 0.005*"make" + 0.005*"going"
2018-08-28 03:45:41,926 : INFO : topic #4 (0.100): 0.021*"btc" + 0.017*"bitcoin" + 0.014*"bch" + 0.007*"people" + 0.006*"get" + 0.006*"like" + 0.006*"going" + 0.006*"coin" + 0.005*"would" + 0.005*"time"
2018-08-28 03:45:41,927 : INFO : topic diff=0.003966, rho=0.132453
2018-08-28 03:45:50,280 : INFO : -8.333 per-word bound, 322.4 perplexity estimate based on a held-out corpus of 4623 documents with 2290604 words
2018-08-28 03:45:50,282 : INFO : PROGRESS: pass 56, at document #4623/4623
2018-08-28 03:45:54,460 : INFO : topic #7 (0.100): 0.009*"ark" + 0.005*"data" + 0.005*"quad" + 0.003*"arkies" + 0.003*"blockchain" + 0.003*"satoshi" + 0.003*"tank" + 0.002*"deluded" + 0.002*"oracle" + 0.002*"arkie"
2018-08-28 03:45:54,464 : INFO : topic #3 (0.100): 0.006*"credit" + 0.004*"application" + 0.004*"silver" + 0.004*"ha" + 0.004*"card" + 0.004*"fomo" + 0.003*"platform" + 0.002*"lead" + 0.002*"debt" + 0.002*"la"
2018-08-28 03:45:54,465 : INFO : topic #5 (0.100): 0.084*"chancoin" + 0.016*"sage" + 0.007*"4chn" + 0.003*"discord" + 0.003*"coin" + 0.002*"tipping" + 0.002*"address" + 0.002*"chan" + 0.002*"name" + 0.002*"feature"
2018-08-28 03:45:54,467 : INFO : topic #2 (0.100): 0.010*"get" + 0.009*"like" + 0.007*"people" + 0.007*"money" + 0.007*"make" + 0.007*"im" + 0.006*"want" + 0.005*"would" + 0.005*"year" + 0.005*"work"
2018-08-28 03:45:54,468 : INFO : topic #0 (0.100): 0.035*"tether" + 0.012*"bitfinex" + 0.010*"usd" + 0.009*"usdt" + 0.006*"exchange" + 0.006*"crypto" + 0.005*"money" + 0.005*"bank" + 0.004*"fiat" + 0.004*"dollar"
2018-08-28 03:45:54,469 : INFO : topic diff=0.003853, rho=0.131306
2018-08-28 03:46:02,796 : INFO : -8.333 per-word bound, 322.4 perplexity estimate based on a held-out corpus of 4623 documents with 2290604 words
2018-08-28 03:46:02,797 : INFO : PROGRESS: pass 57, at document #4623/4623
2018-08-28 03:46:06,979 : INFO : topic #3 (0.100): 0.006*"credit" + 0.004*"application" + 0.004*"silver" + 0.004*"ha" + 0.004*"card" + 0.004*"fomo" + 0.003*"platform" + 0.002*"lead" + 0.002*"debt" + 0.002*"la"
2018-08-28 03:46:06,982 : INFO : topic #5 (0.100): 0.084*"chancoin" + 0.016*"sage" + 0.007*"4chn" + 0.003*"discord" + 0.003*"coin" + 0.002*"tipping" + 0.002*"address" + 0.002*"chan" + 0.002*"name" + 0.002*"feature"
2018-08-28 03:46:06,983 : INFO : topic #1 (0.100): 0.013*"tax" + 0.011*"wallet" + 0.007*"crypto" + 0.007*"get" + 0.007*"pay" + 0.006*"exchange" + 0.006*"use" + 0.005*"like" + 0.005*"trade" + 0.005*"gain"
2018-08-28 03:46:06,985 : INFO : topic #2 (0.100): 0.010*"get" + 0.009*"like" + 0.007*"people" + 0.007*"money" + 0.007*"make" + 0.007*"im" + 0.006*"want" + 0.005*"would" + 0.005*"year" + 0.005*"work"
2018-08-28 03:46:06,986 : INFO : topic #6 (0.100): 0.011*"buy" + 0.009*"im" + 0.008*"like" + 0.007*"going" + 0.007*"get" + 0.006*"go" + 0.006*"sell" + 0.006*"day" + 0.006*"money" + 0.005*"good"
2018-08-28 03:46:06,988 : INFO : topic diff=0.003758, rho=0.130189
2018-08-28 03:46:15,196 : INFO : -8.332 per-word bound, 322.3 perplexity estimate based on a held-out corpus of 4623 documents with 2290604 words
2018-08-28 03:46:15,197 : INFO : PROGRESS: pass 58, at document #4623/4623
2018-08-28 03:46:19,375 : INFO : topic #1 (0.100): 0.013*"tax" + 0.011*"wallet" + 0.007*"crypto" + 0.007*"get" + 0.007*"pay" + 0.006*"exchange" + 0.006*"use" + 0.005*"like" + 0.005*"trade" + 0.005*"gain"
2018-08-28 03:46:19,378 : INFO : topic #6 (0.100): 0.011*"buy" + 0.009*"im" + 0.008*"like" + 0.007*"going" + 0.007*"get" + 0.006*"go" + 0.006*"sell" + 0.006*"day" + 0.006*"money" + 0.005*"good"
2018-08-28 03:46:19,380 : INFO : topic #9 (0.100): 0.009*"buy" + 0.008*"btc" + 0.008*"im" + 0.008*"fucking" + 0.008*"like" + 0.007*"get" + 0.007*"shit" + 0.006*"going" + 0.006*"fuck" + 0.006*"eth"
2018-08-28 03:46:19,381 : INFO : topic #2 (0.100): 0.010*"get" + 0.009*"like" + 0.007*"people" + 0.007*"money" + 0.007*"make" + 0.007*"im" + 0.006*"want" + 0.005*"would" + 0.005*"year" + 0.005*"work"
2018-08-28 03:46:19,383 : INFO : topic #8 (0.100): 0.010*"link" + 0.010*"coin" + 0.007*"like" + 0.007*"buy" + 0.007*"get" + 0.005*"token" + 0.005*"im" + 0.005*"one" + 0.005*"make" + 0.005*"going"
2018-08-28 03:46:19,384 : INFO : topic diff=0.003656, rho=0.129099
2018-08-28 03:46:27,680 : INFO : -8.332 per-word bound, 322.3 perplexity estimate based on a held-out corpus of 4623 documents with 2290604 words
2018-08-28 03:46:27,682 : INFO : PROGRESS: pass 59, at document #4623/4623
2018-08-28 03:46:31,918 : INFO : topic #6 (0.100): 0.011*"buy" + 0.009*"im" + 0.008*"like" + 0.007*"going" + 0.007*"get" + 0.006*"go" + 0.006*"sell" + 0.006*"day" + 0.006*"money" + 0.005*"good"
2018-08-28 03:46:31,919 : INFO : topic #9 (0.100): 0.009*"buy" + 0.008*"btc" + 0.008*"im" + 0.008*"fucking" + 0.008*"like" + 0.007*"get" + 0.007*"shit" + 0.006*"going" + 0.006*"fuck" + 0.006*"eth"
2018-08-28 03:46:31,921 : INFO : topic #8 (0.100): 0.010*"link" + 0.010*"coin" + 0.007*"like" + 0.007*"buy" + 0.007*"get" + 0.005*"token" + 0.005*"im" + 0.005*"one" + 0.005*"make" + 0.005*"going"
2018-08-28 03:46:31,922 : INFO : topic #2 (0.100): 0.010*"get" + 0.009*"like" + 0.007*"people" + 0.007*"money" + 0.007*"make" + 0.007*"im" + 0.006*"want" + 0.005*"would" + 0.005*"year" + 0.005*"work"
2018-08-28 03:46:31,923 : INFO : topic #4 (0.100): 0.021*"btc" + 0.017*"bitcoin" + 0.014*"bch" + 0.007*"people" + 0.006*"get" + 0.006*"like" + 0.006*"going" + 0.006*"coin" + 0.005*"would" + 0.005*"time"
2018-08-28 03:46:31,925 : INFO : topic diff=0.003556, rho=0.128037
2018-08-28 03:46:40,259 : INFO : -8.332 per-word bound, 322.3 perplexity estimate based on a held-out corpus of 4623 documents with 2290604 words
2018-08-28 03:46:40,261 : INFO : PROGRESS: pass 60, at document #4623/4623
2018-08-28 03:46:44,397 : INFO : topic #5 (0.100): 0.084*"chancoin" + 0.016*"sage" + 0.007*"4chn" + 0.003*"discord" + 0.002*"tipping" + 0.002*"coin" + 0.002*"address" + 0.002*"chan" + 0.002*"feature" + 0.002*"name"
2018-08-28 03:46:44,399 : INFO : topic #0 (0.100): 0.036*"tether" + 0.013*"bitfinex" + 0.010*"usd" + 0.009*"usdt" + 0.006*"exchange" + 0.006*"crypto" + 0.005*"bank" + 0.005*"money" + 0.004*"fiat" + 0.004*"dollar"
2018-08-28 03:46:44,400 : INFO : topic #2 (0.100): 0.010*"get" + 0.009*"like" + 0.007*"people" + 0.007*"money" + 0.007*"make" + 0.007*"im" + 0.006*"want" + 0.005*"would" + 0.005*"year" + 0.005*"work"
2018-08-28 03:46:44,401 : INFO : topic #8 (0.100): 0.010*"link" + 0.010*"coin" + 0.007*"like" + 0.007*"buy" + 0.007*"get" + 0.005*"token" + 0.005*"im" + 0.005*"one" + 0.005*"make" + 0.005*"going"
2018-08-28 03:46:44,403 : INFO : topic #9 (0.100): 0.009*"buy" + 0.008*"btc" + 0.008*"im" + 0.008*"fucking" + 0.008*"like" + 0.007*"get" + 0.007*"shit" + 0.006*"going" + 0.006*"fuck" + 0.006*"eth"
2018-08-28 03:46:44,404 : INFO : topic diff=0.003458, rho=0.127000
2018-08-28 03:46:52,721 : INFO : -8.332 per-word bound, 322.2 perplexity estimate based on a held-out corpus of 4623 documents with 2290604 words
2018-08-28 03:46:52,724 : INFO : PROGRESS: pass 61, at document #4623/4623
2018-08-28 03:46:56,883 : INFO : topic #9 (0.100): 0.009*"buy" + 0.008*"btc" + 0.008*"im" + 0.008*"fucking" + 0.008*"like" + 0.007*"get" + 0.007*"shit" + 0.006*"going" + 0.006*"fuck" + 0.006*"eth"
2018-08-28 03:46:56,886 : INFO : topic #2 (0.100): 0.010*"get" + 0.009*"like" + 0.007*"people" + 0.007*"money" + 0.007*"make" + 0.007*"im" + 0.006*"want" + 0.005*"would" + 0.005*"year" + 0.005*"work"
2018-08-28 03:46:56,888 : INFO : topic #6 (0.100): 0.011*"buy" + 0.009*"im" + 0.008*"like" + 0.007*"going" + 0.007*"get" + 0.006*"go" + 0.006*"sell" + 0.006*"day" + 0.006*"money" + 0.005*"good"
2018-08-28 03:46:56,890 : INFO : topic #5 (0.100): 0.084*"chancoin" + 0.016*"sage" + 0.007*"4chn" + 0.003*"discord" + 0.002*"tipping" + 0.002*"coin" + 0.002*"address" + 0.002*"chan" + 0.002*"feature" + 0.002*"name"
2018-08-28 03:46:56,891 : INFO : topic #4 (0.100): 0.021*"btc" + 0.017*"bitcoin" + 0.014*"bch" + 0.007*"people" + 0.006*"get" + 0.006*"like" + 0.006*"going" + 0.006*"coin" + 0.005*"would" + 0.005*"time"
2018-08-28 03:46:56,893 : INFO : topic diff=0.003374, rho=0.125988
2018-08-28 03:47:05,109 : INFO : -8.332 per-word bound, 322.2 perplexity estimate based on a held-out corpus of 4623 documents with 2290604 words
2018-08-28 03:47:05,110 : INFO : PROGRESS: pass 62, at document #4623/4623
2018-08-28 03:47:09,281 : INFO : topic #1 (0.100): 0.013*"tax" + 0.012*"wallet" + 0.007*"crypto" + 0.007*"get" + 0.007*"pay" + 0.006*"exchange" + 0.006*"use" + 0.005*"trade" + 0.005*"gain" + 0.005*"like"
2018-08-28 03:47:09,285 : INFO : topic #4 (0.100): 0.021*"btc" + 0.017*"bitcoin" + 0.014*"bch" + 0.007*"people" + 0.006*"get" + 0.006*"like" + 0.006*"going" + 0.006*"coin" + 0.005*"would" + 0.005*"time"
2018-08-28 03:47:09,287 : INFO : topic #5 (0.100): 0.084*"chancoin" + 0.016*"sage" + 0.007*"4chn" + 0.003*"discord" + 0.002*"tipping" + 0.002*"coin" + 0.002*"address" + 0.002*"chan" + 0.002*"feature" + 0.002*"name"
2018-08-28 03:47:09,288 : INFO : topic #9 (0.100): 0.009*"buy" + 0.008*"btc" + 0.008*"im" + 0.008*"fucking" + 0.008*"like" + 0.007*"get" + 0.007*"shit" + 0.006*"going" + 0.006*"fuck" + 0.006*"eth"
2018-08-28 03:47:09,289 : INFO : topic #7 (0.100): 0.009*"ark" + 0.005*"quad" + 0.005*"data" + 0.003*"arkies" + 0.003*"blockchain" + 0.003*"satoshi" + 0.003*"tank" + 0.002*"deluded" + 0.002*"arkie" + 0.002*"oracle"
2018-08-28 03:47:09,291 : INFO : topic diff=0.003285, rho=0.125000
2018-08-28 03:47:17,593 : INFO : -8.332 per-word bound, 322.2 perplexity estimate based on a held-out corpus of 4623 documents with 2290604 words
2018-08-28 03:47:17,595 : INFO : PROGRESS: pass 63, at document #4623/4623
2018-08-28 03:47:21,801 : INFO : topic #5 (0.100): 0.085*"chancoin" + 0.016*"sage" + 0.007*"4chn" + 0.003*"discord" + 0.002*"tipping" + 0.002*"coin" + 0.002*"address" + 0.002*"chan" + 0.002*"feature" + 0.002*"name"
2018-08-28 03:47:21,803 : INFO : topic #7 (0.100): 0.009*"ark" + 0.005*"quad" + 0.005*"data" + 0.003*"arkies" + 0.003*"blockchain" + 0.003*"satoshi" + 0.003*"tank" + 0.003*"deluded" + 0.002*"arkie" + 0.002*"oracle"
2018-08-28 03:47:21,804 : INFO : topic #4 (0.100): 0.021*"btc" + 0.017*"bitcoin" + 0.014*"bch" + 0.007*"people" + 0.006*"get" + 0.006*"like" + 0.006*"going" + 0.006*"coin" + 0.005*"would" + 0.005*"time"
2018-08-28 03:47:21,805 : INFO : topic #8 (0.100): 0.010*"link" + 0.010*"coin" + 0.007*"like" + 0.007*"buy" + 0.007*"get" + 0.005*"token" + 0.005*"im" + 0.005*"one" + 0.005*"make" + 0.005*"going"
2018-08-28 03:47:21,807 : INFO : topic #2 (0.100): 0.010*"get" + 0.009*"like" + 0.007*"people" + 0.007*"money" + 0.007*"make" + 0.007*"im" + 0.006*"want" + 0.005*"would" + 0.005*"year" + 0.005*"work"
2018-08-28 03:47:21,808 : INFO : topic diff=0.003210, rho=0.124035
2018-08-28 03:47:30,066 : INFO : -8.332 per-word bound, 322.2 perplexity estimate based on a held-out corpus of 4623 documents with 2290604 words
2018-08-28 03:47:30,071 : INFO : PROGRESS: pass 64, at document #4623/4623
2018-08-28 03:47:34,224 : INFO : topic #5 (0.100): 0.085*"chancoin" + 0.016*"sage" + 0.007*"4chn" + 0.003*"discord" + 0.002*"tipping" + 0.002*"coin" + 0.002*"address" + 0.002*"chan" + 0.002*"feature" + 0.002*"name"
2018-08-28 03:47:34,225 : INFO : topic #9 (0.100): 0.009*"buy" + 0.008*"btc" + 0.008*"im" + 0.008*"fucking" + 0.008*"like" + 0.007*"get" + 0.007*"shit" + 0.006*"going" + 0.006*"fuck" + 0.006*"eth"
2018-08-28 03:47:34,227 : INFO : topic #2 (0.100): 0.010*"get" + 0.009*"like" + 0.007*"people" + 0.007*"money" + 0.007*"make" + 0.007*"im" + 0.006*"want" + 0.005*"would" + 0.005*"year" + 0.005*"work"
2018-08-28 03:47:34,228 : INFO : topic #0 (0.100): 0.037*"tether" + 0.013*"bitfinex" + 0.010*"usd" + 0.009*"usdt" + 0.006*"exchange" + 0.006*"crypto" + 0.005*"bank" + 0.004*"fiat" + 0.004*"money" + 0.004*"dollar"
2018-08-28 03:47:34,229 : INFO : topic #4 (0.100): 0.021*"btc" + 0.017*"bitcoin" + 0.014*"bch" + 0.007*"people" + 0.006*"get" + 0.006*"like" + 0.006*"going" + 0.006*"coin" + 0.005*"would" + 0.005*"time"
2018-08-28 03:47:34,231 : INFO : topic diff=0.003136, rho=0.123091
2018-08-28 03:47:42,451 : INFO : -8.332 per-word bound, 322.1 perplexity estimate based on a held-out corpus of 4623 documents with 2290604 words
2018-08-28 03:47:42,451 : INFO : PROGRESS: pass 65, at document #4623/4623
2018-08-28 03:47:46,595 : INFO : topic #3 (0.100): 0.006*"credit" + 0.004*"application" + 0.004*"silver" + 0.004*"ha" + 0.004*"card" + 0.004*"fomo" + 0.003*"platform" + 0.002*"lead" + 0.002*"debt" + 0.002*"la"
2018-08-28 03:47:46,597 : INFO : topic #0 (0.100): 0.038*"tether" + 0.013*"bitfinex" + 0.010*"usd" + 0.009*"usdt" + 0.006*"exchange" + 0.006*"crypto" + 0.005*"bank" + 0.005*"fiat" + 0.004*"money" + 0.004*"dollar"
2018-08-28 03:47:46,599 : INFO : topic #1 (0.100): 0.013*"tax" + 0.012*"wallet" + 0.007*"crypto" + 0.007*"pay" + 0.007*"get" + 0.006*"exchange" + 0.006*"use" + 0.005*"trade" + 0.005*"gain" + 0.005*"like"
2018-08-28 03:47:46,601 : INFO : topic #9 (0.100): 0.009*"buy" + 0.008*"btc" + 0.008*"im" + 0.008*"fucking" + 0.008*"like" + 0.007*"get" + 0.007*"shit" + 0.006*"going" + 0.006*"fuck" + 0.006*"eth"
2018-08-28 03:47:46,602 : INFO : topic #4 (0.100): 0.021*"btc" + 0.017*"bitcoin" + 0.014*"bch" + 0.007*"people" + 0.006*"get" + 0.006*"like" + 0.006*"going" + 0.006*"coin" + 0.005*"would" + 0.005*"time"
2018-08-28 03:47:46,604 : INFO : topic diff=0.003057, rho=0.122169
2018-08-28 03:47:54,902 : INFO : -8.331 per-word bound, 322.1 perplexity estimate based on a held-out corpus of 4623 documents with 2290604 words
2018-08-28 03:47:54,905 : INFO : PROGRESS: pass 66, at document #4623/4623
2018-08-28 03:47:59,283 : INFO : topic #9 (0.100): 0.009*"buy" + 0.008*"btc" + 0.008*"im" + 0.008*"fucking" + 0.008*"like" + 0.007*"get" + 0.007*"shit" + 0.006*"going" + 0.006*"fuck" + 0.006*"eth"
2018-08-28 03:47:59,286 : INFO : topic #0 (0.100): 0.038*"tether" + 0.013*"bitfinex" + 0.011*"usd" + 0.010*"usdt" + 0.006*"exchange" + 0.006*"crypto" + 0.005*"bank" + 0.005*"fiat" + 0.004*"money" + 0.004*"dollar"
2018-08-28 03:47:59,287 : INFO : topic #4 (0.100): 0.021*"btc" + 0.017*"bitcoin" + 0.014*"bch" + 0.007*"people" + 0.006*"get" + 0.006*"like" + 0.006*"going" + 0.006*"coin" + 0.005*"would" + 0.005*"time"
2018-08-28 03:47:59,288 : INFO : topic #3 (0.100): 0.006*"credit" + 0.004*"application" + 0.004*"silver" + 0.004*"ha" + 0.004*"card" + 0.004*"fomo" + 0.003*"platform" + 0.002*"lead" + 0.002*"debt" + 0.002*"la"
2018-08-28 03:47:59,289 : INFO : topic #8 (0.100): 0.010*"link" + 0.010*"coin" + 0.007*"like" + 0.007*"buy" + 0.007*"get" + 0.005*"token" + 0.005*"im" + 0.005*"one" + 0.005*"make" + 0.005*"going"
2018-08-28 03:47:59,290 : INFO : topic diff=0.002981, rho=0.121268
2018-08-28 03:48:07,604 : INFO : -8.331 per-word bound, 322.1 perplexity estimate based on a held-out corpus of 4623 documents with 2290604 words
2018-08-28 03:48:07,606 : INFO : PROGRESS: pass 67, at document #4623/4623
2018-08-28 03:48:11,695 : INFO : topic #3 (0.100): 0.006*"credit" + 0.004*"application" + 0.004*"silver" + 0.004*"ha" + 0.004*"card" + 0.004*"fomo" + 0.003*"platform" + 0.002*"lead" + 0.002*"debt" + 0.002*"la"
2018-08-28 03:48:11,697 : INFO : topic #1 (0.100): 0.013*"tax" + 0.012*"wallet" + 0.007*"crypto" + 0.007*"pay" + 0.007*"get" + 0.006*"exchange" + 0.006*"use" + 0.005*"trade" + 0.005*"gain" + 0.005*"like"
2018-08-28 03:48:11,698 : INFO : topic #7 (0.100): 0.009*"ark" + 0.005*"quad" + 0.005*"data" + 0.003*"arkies" + 0.003*"blockchain" + 0.003*"satoshi" + 0.003*"tank" + 0.003*"deluded" + 0.002*"arkie" + 0.002*"oracle"
2018-08-28 03:48:11,699 : INFO : topic #9 (0.100): 0.009*"buy" + 0.008*"btc" + 0.008*"im" + 0.008*"fucking" + 0.008*"like" + 0.007*"get" + 0.007*"shit" + 0.006*"going" + 0.006*"fuck" + 0.006*"back"
2018-08-28 03:48:11,701 : INFO : topic #5 (0.100): 0.085*"chancoin" + 0.016*"sage" + 0.007*"4chn" + 0.003*"discord" + 0.002*"tipping" + 0.002*"coin" + 0.002*"address" + 0.002*"chan" + 0.002*"feature" + 0.002*"name"
2018-08-28 03:48:11,702 : INFO : topic diff=0.002914, rho=0.120386
2018-08-28 03:48:20,144 : INFO : -8.331 per-word bound, 322.1 perplexity estimate based on a held-out corpus of 4623 documents with 2290604 words
2018-08-28 03:48:20,144 : INFO : PROGRESS: pass 68, at document #4623/4623
2018-08-28 03:48:24,359 : INFO : topic #0 (0.100): 0.038*"tether" + 0.013*"bitfinex" + 0.011*"usd" + 0.010*"usdt" + 0.006*"exchange" + 0.005*"crypto" + 0.005*"bank" + 0.005*"fiat" + 0.004*"money" + 0.004*"dollar"
2018-08-28 03:48:24,360 : INFO : topic #8 (0.100): 0.010*"link" + 0.010*"coin" + 0.007*"like" + 0.007*"buy" + 0.007*"get" + 0.005*"token" + 0.005*"im" + 0.005*"one" + 0.005*"make" + 0.005*"going"
2018-08-28 03:48:24,362 : INFO : topic #7 (0.100): 0.009*"ark" + 0.005*"quad" + 0.005*"data" + 0.003*"arkies" + 0.003*"blockchain" + 0.003*"satoshi" + 0.003*"tank" + 0.003*"deluded" + 0.002*"arkie" + 0.002*"oracle"
2018-08-28 03:48:24,363 : INFO : topic #1 (0.100): 0.013*"tax" + 0.012*"wallet" + 0.007*"crypto" + 0.007*"pay" + 0.007*"get" + 0.006*"exchange" + 0.006*"use" + 0.005*"trade" + 0.005*"gain" + 0.005*"like"
2018-08-28 03:48:24,365 : INFO : topic #5 (0.100): 0.085*"chancoin" + 0.016*"sage" + 0.007*"4chn" + 0.003*"discord" + 0.002*"tipping" + 0.002*"coin" + 0.002*"address" + 0.002*"chan" + 0.002*"feature" + 0.002*"name"
2018-08-28 03:48:24,366 : INFO : topic diff=0.002851, rho=0.119523
2018-08-28 03:48:32,578 : INFO : -8.331 per-word bound, 322.0 perplexity estimate based on a held-out corpus of 4623 documents with 2290604 words
2018-08-28 03:48:32,578 : INFO : PROGRESS: pass 69, at document #4623/4623
2018-08-28 03:48:36,743 : INFO : topic #0 (0.100): 0.038*"tether" + 0.013*"bitfinex" + 0.011*"usd" + 0.010*"usdt" + 0.006*"exchange" + 0.005*"crypto" + 0.005*"bank" + 0.005*"fiat" + 0.004*"dollar" + 0.004*"money"
2018-08-28 03:48:36,745 : INFO : topic #3 (0.100): 0.006*"credit" + 0.004*"application" + 0.004*"silver" + 0.004*"ha" + 0.004*"card" + 0.004*"fomo" + 0.003*"platform" + 0.002*"lead" + 0.002*"debt" + 0.002*"la"
2018-08-28 03:48:36,746 : INFO : topic #2 (0.100): 0.010*"get" + 0.009*"like" + 0.007*"people" + 0.007*"money" + 0.007*"make" + 0.007*"im" + 0.006*"want" + 0.005*"would" + 0.005*"year" + 0.005*"work"
2018-08-28 03:48:36,748 : INFO : topic #9 (0.100): 0.009*"buy" + 0.008*"btc" + 0.008*"im" + 0.008*"fucking" + 0.008*"like" + 0.007*"get" + 0.007*"shit" + 0.006*"going" + 0.006*"fuck" + 0.006*"back"
2018-08-28 03:48:36,749 : INFO : topic #6 (0.100): 0.011*"buy" + 0.009*"im" + 0.008*"like" + 0.007*"going" + 0.007*"get" + 0.006*"go" + 0.006*"sell" + 0.006*"day" + 0.006*"money" + 0.005*"good"
2018-08-28 03:48:36,751 : INFO : topic diff=0.002787, rho=0.118678
2018-08-28 03:48:44,915 : INFO : -8.331 per-word bound, 322.0 perplexity estimate based on a held-out corpus of 4623 documents with 2290604 words
2018-08-28 03:48:44,916 : INFO : PROGRESS: pass 70, at document #4623/4623
2018-08-28 03:48:49,119 : INFO : topic #2 (0.100): 0.010*"get" + 0.009*"like" + 0.007*"people" + 0.007*"money" + 0.007*"make" + 0.007*"im" + 0.006*"want" + 0.005*"would" + 0.005*"year" + 0.005*"work"
2018-08-28 03:48:49,122 : INFO : topic #3 (0.100): 0.006*"credit" + 0.004*"application" + 0.004*"silver" + 0.004*"ha" + 0.004*"card" + 0.004*"fomo" + 0.003*"platform" + 0.002*"lead" + 0.002*"debt" + 0.002*"la"
2018-08-28 03:48:49,123 : INFO : topic #7 (0.100): 0.009*"ark" + 0.005*"quad" + 0.005*"data" + 0.003*"arkies" + 0.003*"satoshi" + 0.003*"blockchain" + 0.003*"tank" + 0.003*"deluded" + 0.002*"arkie" + 0.002*"oracle"
2018-08-28 03:48:49,124 : INFO : topic #4 (0.100): 0.021*"btc" + 0.017*"bitcoin" + 0.014*"bch" + 0.007*"people" + 0.006*"get" + 0.006*"like" + 0.006*"going" + 0.006*"coin" + 0.005*"would" + 0.005*"time"
2018-08-28 03:48:49,125 : INFO : topic #8 (0.100): 0.010*"link" + 0.010*"coin" + 0.007*"like" + 0.007*"buy" + 0.007*"get" + 0.005*"token" + 0.005*"im" + 0.005*"one" + 0.005*"going" + 0.005*"make"
2018-08-28 03:48:49,127 : INFO : topic diff=0.002726, rho=0.117851
2018-08-28 03:48:57,419 : INFO : -8.331 per-word bound, 322.0 perplexity estimate based on a held-out corpus of 4623 documents with 2290604 words
2018-08-28 03:48:57,421 : INFO : PROGRESS: pass 71, at document #4623/4623
2018-08-28 03:49:01,560 : INFO : topic #0 (0.100): 0.039*"tether" + 0.013*"bitfinex" + 0.011*"usd" + 0.010*"usdt" + 0.006*"exchange" + 0.005*"crypto" + 0.005*"bank" + 0.005*"fiat" + 0.004*"dollar" + 0.004*"money"
2018-08-28 03:49:01,562 : INFO : topic #1 (0.100): 0.013*"tax" + 0.012*"wallet" + 0.007*"crypto" + 0.007*"pay" + 0.007*"get" + 0.006*"exchange" + 0.006*"use" + 0.006*"trade" + 0.005*"gain" + 0.005*"like"
2018-08-28 03:49:01,563 : INFO : topic #9 (0.100): 0.009*"buy" + 0.008*"btc" + 0.008*"im" + 0.008*"fucking" + 0.008*"like" + 0.008*"get" + 0.007*"shit" + 0.007*"going" + 0.006*"fuck" + 0.006*"back"
2018-08-28 03:49:01,565 : INFO : topic #5 (0.100): 0.085*"chancoin" + 0.016*"sage" + 0.007*"4chn" + 0.003*"discord" + 0.002*"tipping" + 0.002*"coin" + 0.002*"address" + 0.002*"chan" + 0.002*"feature" + 0.002*"name"
2018-08-28 03:49:01,566 : INFO : topic #8 (0.100): 0.010*"link" + 0.010*"coin" + 0.007*"like" + 0.007*"buy" + 0.007*"get" + 0.005*"token" + 0.005*"im" + 0.005*"one" + 0.005*"going" + 0.005*"make"
2018-08-28 03:49:01,568 : INFO : topic diff=0.002668, rho=0.117041
2018-08-28 03:49:09,809 : INFO : -8.331 per-word bound, 322.0 perplexity estimate based on a held-out corpus of 4623 documents with 2290604 words
2018-08-28 03:49:09,810 : INFO : PROGRESS: pass 72, at document #4623/4623
2018-08-28 03:49:13,932 : INFO : topic #0 (0.100): 0.039*"tether" + 0.014*"bitfinex" + 0.011*"usd" + 0.010*"usdt" + 0.006*"exchange" + 0.005*"crypto" + 0.005*"bank" + 0.005*"fiat" + 0.004*"dollar" + 0.004*"money"
2018-08-28 03:49:13,935 : INFO : topic #3 (0.100): 0.006*"credit" + 0.004*"application" + 0.004*"silver" + 0.004*"ha" + 0.004*"card" + 0.004*"fomo" + 0.003*"platform" + 0.002*"lead" + 0.002*"debt" + 0.002*"la"
2018-08-28 03:49:13,936 : INFO : topic #1 (0.100): 0.013*"tax" + 0.012*"wallet" + 0.007*"crypto" + 0.007*"pay" + 0.007*"get" + 0.006*"exchange" + 0.006*"use" + 0.006*"trade" + 0.005*"gain" + 0.005*"like"
2018-08-28 03:49:13,937 : INFO : topic #7 (0.100): 0.009*"ark" + 0.005*"quad" + 0.005*"data" + 0.003*"arkies" + 0.003*"satoshi" + 0.003*"blockchain" + 0.003*"tank" + 0.003*"deluded" + 0.002*"arkie" + 0.002*"oracle"
2018-08-28 03:49:13,939 : INFO : topic #5 (0.100): 0.085*"chancoin" + 0.016*"sage" + 0.007*"4chn" + 0.003*"discord" + 0.002*"tipping" + 0.002*"coin" + 0.002*"address" + 0.002*"chan" + 0.002*"feature" + 0.002*"name"
2018-08-28 03:49:13,941 : INFO : topic diff=0.002610, rho=0.116248
2018-08-28 03:49:22,213 : INFO : -8.331 per-word bound, 321.9 perplexity estimate based on a held-out corpus of 4623 documents with 2290604 words
2018-08-28 03:49:22,214 : INFO : PROGRESS: pass 73, at document #4623/4623
2018-08-28 03:49:26,400 : INFO : topic #8 (0.100): 0.010*"link" + 0.010*"coin" + 0.007*"like" + 0.007*"buy" + 0.007*"get" + 0.005*"token" + 0.005*"im" + 0.005*"one" + 0.005*"going" + 0.005*"make"
2018-08-28 03:49:26,402 : INFO : topic #1 (0.100): 0.013*"tax" + 0.012*"wallet" + 0.007*"crypto" + 0.007*"pay" + 0.007*"get" + 0.006*"exchange" + 0.006*"use" + 0.006*"trade" + 0.005*"gain" + 0.005*"year"
2018-08-28 03:49:26,403 : INFO : topic #2 (0.100): 0.010*"get" + 0.009*"like" + 0.007*"people" + 0.007*"money" + 0.007*"make" + 0.007*"im" + 0.006*"want" + 0.005*"would" + 0.005*"year" + 0.005*"work"
2018-08-28 03:49:26,405 : INFO : topic #3 (0.100): 0.006*"credit" + 0.004*"application" + 0.004*"silver" + 0.004*"ha" + 0.004*"card" + 0.004*"fomo" + 0.003*"platform" + 0.002*"lead" + 0.002*"debt" + 0.002*"la"
2018-08-28 03:49:26,407 : INFO : topic #5 (0.100): 0.085*"chancoin" + 0.016*"sage" + 0.007*"4chn" + 0.003*"discord" + 0.002*"tipping" + 0.002*"coin" + 0.002*"address" + 0.002*"chan" + 0.002*"feature" + 0.002*"name"
2018-08-28 03:49:26,409 : INFO : topic diff=0.002549, rho=0.115470
2018-08-28 03:49:34,634 : INFO : -8.331 per-word bound, 321.9 perplexity estimate based on a held-out corpus of 4623 documents with 2290604 words
2018-08-28 03:49:34,634 : INFO : PROGRESS: pass 74, at document #4623/4623
2018-08-28 03:49:38,832 : INFO : topic #8 (0.100): 0.010*"link" + 0.010*"coin" + 0.007*"like" + 0.007*"buy" + 0.007*"get" + 0.005*"token" + 0.005*"im" + 0.005*"one" + 0.005*"going" + 0.005*"make"
2018-08-28 03:49:38,833 : INFO : topic #4 (0.100): 0.021*"btc" + 0.017*"bitcoin" + 0.014*"bch" + 0.007*"people" + 0.006*"get" + 0.006*"like" + 0.006*"going" + 0.006*"coin" + 0.005*"would" + 0.005*"money"
2018-08-28 03:49:38,834 : INFO : topic #7 (0.100): 0.009*"ark" + 0.005*"quad" + 0.005*"data" + 0.003*"arkies" + 0.003*"satoshi" + 0.003*"blockchain" + 0.003*"tank" + 0.003*"deluded" + 0.002*"arkie" + 0.002*"oracle"
2018-08-28 03:49:38,836 : INFO : topic #2 (0.100): 0.010*"get" + 0.009*"like" + 0.007*"people" + 0.007*"money" + 0.007*"make" + 0.007*"im" + 0.006*"want" + 0.005*"would" + 0.005*"year" + 0.005*"work"
2018-08-28 03:49:38,837 : INFO : topic #3 (0.100): 0.006*"credit" + 0.004*"application" + 0.004*"silver" + 0.004*"ha" + 0.004*"card" + 0.004*"fomo" + 0.003*"platform" + 0.002*"lead" + 0.002*"debt" + 0.002*"la"
2018-08-28 03:49:38,839 : INFO : topic diff=0.002496, rho=0.114708
2018-08-28 03:49:47,049 : INFO : -8.330 per-word bound, 321.9 perplexity estimate based on a held-out corpus of 4623 documents with 2290604 words
2018-08-28 03:49:47,051 : INFO : PROGRESS: pass 75, at document #4623/4623
2018-08-28 03:49:51,221 : INFO : topic #6 (0.100): 0.011*"buy" + 0.009*"im" + 0.008*"like" + 0.007*"going" + 0.007*"get" + 0.006*"go" + 0.006*"sell" + 0.006*"day" + 0.006*"money" + 0.005*"good"
2018-08-28 03:49:51,222 : INFO : topic #3 (0.100): 0.006*"credit" + 0.004*"application" + 0.004*"silver" + 0.004*"ha" + 0.004*"card" + 0.004*"fomo" + 0.003*"platform" + 0.002*"lead" + 0.002*"debt" + 0.002*"la"
2018-08-28 03:49:51,223 : INFO : topic #8 (0.100): 0.010*"link" + 0.010*"coin" + 0.007*"like" + 0.007*"buy" + 0.007*"get" + 0.005*"token" + 0.005*"im" + 0.005*"one" + 0.005*"going" + 0.005*"make"
2018-08-28 03:49:51,225 : INFO : topic #5 (0.100): 0.086*"chancoin" + 0.016*"sage" + 0.007*"4chn" + 0.003*"discord" + 0.002*"tipping" + 0.002*"address" + 0.002*"coin" + 0.002*"chan" + 0.002*"feature" + 0.002*"name"
2018-08-28 03:49:51,227 : INFO : topic #1 (0.100): 0.013*"tax" + 0.012*"wallet" + 0.007*"crypto" + 0.007*"pay" + 0.007*"get" + 0.007*"exchange" + 0.006*"use" + 0.006*"trade" + 0.006*"gain" + 0.005*"year"
2018-08-28 03:49:51,228 : INFO : topic diff=0.002442, rho=0.113961
2018-08-28 03:49:59,565 : INFO : -8.330 per-word bound, 321.9 perplexity estimate based on a held-out corpus of 4623 documents with 2290604 words
2018-08-28 03:49:59,567 : INFO : PROGRESS: pass 76, at document #4623/4623
2018-08-28 03:50:03,708 : INFO : topic #6 (0.100): 0.011*"buy" + 0.009*"im" + 0.008*"like" + 0.007*"going" + 0.007*"get" + 0.006*"go" + 0.006*"sell" + 0.006*"day" + 0.006*"money" + 0.005*"good"
2018-08-28 03:50:03,709 : INFO : topic #9 (0.100): 0.009*"buy" + 0.008*"btc" + 0.008*"im" + 0.008*"fucking" + 0.008*"like" + 0.008*"get" + 0.007*"shit" + 0.007*"going" + 0.007*"fuck" + 0.006*"back"
2018-08-28 03:50:03,710 : INFO : topic #4 (0.100): 0.021*"btc" + 0.017*"bitcoin" + 0.014*"bch" + 0.007*"people" + 0.006*"get" + 0.006*"like" + 0.006*"going" + 0.006*"coin" + 0.005*"would" + 0.005*"money"
2018-08-28 03:50:03,711 : INFO : topic #7 (0.100): 0.009*"ark" + 0.005*"quad" + 0.005*"data" + 0.003*"arkies" + 0.003*"satoshi" + 0.003*"tank" + 0.003*"blockchain" + 0.003*"deluded" + 0.002*"arkie" + 0.002*"world"
2018-08-28 03:50:03,713 : INFO : topic #8 (0.100): 0.010*"link" + 0.010*"coin" + 0.007*"like" + 0.007*"buy" + 0.007*"get" + 0.005*"token" + 0.005*"im" + 0.005*"one" + 0.005*"going" + 0.005*"make"
2018-08-28 03:50:03,714 : INFO : topic diff=0.002393, rho=0.113228
2018-08-28 03:50:12,081 : INFO : -8.330 per-word bound, 321.9 perplexity estimate based on a held-out corpus of 4623 documents with 2290604 words
2018-08-28 03:50:12,098 : INFO : PROGRESS: pass 77, at document #4623/4623
2018-08-28 03:50:16,645 : INFO : topic #8 (0.100): 0.010*"link" + 0.010*"coin" + 0.007*"like" + 0.007*"buy" + 0.007*"get" + 0.005*"token" + 0.005*"im" + 0.005*"one" + 0.005*"going" + 0.005*"make"
2018-08-28 03:50:16,646 : INFO : topic #0 (0.100): 0.040*"tether" + 0.014*"bitfinex" + 0.011*"usd" + 0.010*"usdt" + 0.006*"exchange" + 0.005*"crypto" + 0.005*"bank" + 0.005*"fiat" + 0.004*"dollar" + 0.004*"money"
2018-08-28 03:50:16,647 : INFO : topic #7 (0.100): 0.009*"ark" + 0.005*"quad" + 0.005*"data" + 0.003*"arkies" + 0.003*"satoshi" + 0.003*"tank" + 0.003*"blockchain" + 0.003*"deluded" + 0.002*"arkie" + 0.002*"world"
2018-08-28 03:50:16,648 : INFO : topic #4 (0.100): 0.021*"btc" + 0.017*"bitcoin" + 0.014*"bch" + 0.007*"people" + 0.006*"get" + 0.006*"like" + 0.006*"going" + 0.006*"coin" + 0.005*"would" + 0.005*"money"
2018-08-28 03:50:16,650 : INFO : topic #2 (0.100): 0.010*"get" + 0.009*"like" + 0.007*"people" + 0.007*"money" + 0.007*"make" + 0.007*"im" + 0.006*"want" + 0.005*"would" + 0.005*"year" + 0.005*"work"
2018-08-28 03:50:16,651 : INFO : topic diff=0.002348, rho=0.112509
2018-08-28 03:50:25,876 : INFO : -8.330 per-word bound, 321.8 perplexity estimate based on a held-out corpus of 4623 documents with 2290604 words
2018-08-28 03:50:25,878 : INFO : PROGRESS: pass 78, at document #4623/4623
2018-08-28 03:50:30,116 : INFO : topic #2 (0.100): 0.010*"get" + 0.009*"like" + 0.007*"people" + 0.007*"money" + 0.007*"make" + 0.007*"im" + 0.006*"want" + 0.005*"would" + 0.005*"year" + 0.005*"work"
2018-08-28 03:50:30,118 : INFO : topic #1 (0.100): 0.013*"tax" + 0.012*"wallet" + 0.007*"crypto" + 0.007*"pay" + 0.007*"exchange" + 0.007*"get" + 0.006*"use" + 0.006*"trade" + 0.006*"gain" + 0.005*"year"
2018-08-28 03:50:30,120 : INFO : topic #8 (0.100): 0.010*"link" + 0.010*"coin" + 0.007*"like" + 0.007*"buy" + 0.007*"get" + 0.005*"token" + 0.005*"im" + 0.005*"one" + 0.005*"going" + 0.005*"make"
2018-08-28 03:50:30,121 : INFO : topic #0 (0.100): 0.040*"tether" + 0.014*"bitfinex" + 0.011*"usd" + 0.010*"usdt" + 0.006*"exchange" + 0.005*"crypto" + 0.005*"bank" + 0.004*"fiat" + 0.004*"dollar" + 0.004*"money"
2018-08-28 03:50:30,122 : INFO : topic #9 (0.100): 0.009*"buy" + 0.008*"btc" + 0.008*"im" + 0.008*"fucking" + 0.008*"get" + 0.008*"like" + 0.007*"shit" + 0.007*"going" + 0.007*"fuck" + 0.006*"back"
2018-08-28 03:50:30,124 : INFO : topic diff=0.002298, rho=0.111803
2018-08-28 03:50:38,447 : INFO : -8.330 per-word bound, 321.8 perplexity estimate based on a held-out corpus of 4623 documents with 2290604 words
2018-08-28 03:50:38,449 : INFO : PROGRESS: pass 79, at document #4623/4623
2018-08-28 03:50:42,658 : INFO : topic #0 (0.100): 0.040*"tether" + 0.014*"bitfinex" + 0.011*"usd" + 0.010*"usdt" + 0.006*"exchange" + 0.005*"crypto" + 0.005*"bank" + 0.004*"fiat" + 0.004*"dollar" + 0.004*"money"
2018-08-28 03:50:42,659 : INFO : topic #3 (0.100): 0.006*"credit" + 0.004*"application" + 0.004*"silver" + 0.004*"ha" + 0.004*"card" + 0.004*"fomo" + 0.003*"platform" + 0.002*"lead" + 0.002*"debt" + 0.002*"la"
2018-08-28 03:50:42,661 : INFO : topic #2 (0.100): 0.010*"get" + 0.009*"like" + 0.007*"people" + 0.007*"money" + 0.007*"make" + 0.007*"im" + 0.006*"want" + 0.005*"would" + 0.005*"year" + 0.005*"work"
2018-08-28 03:50:42,662 : INFO : topic #9 (0.100): 0.009*"buy" + 0.008*"btc" + 0.008*"im" + 0.008*"fucking" + 0.008*"get" + 0.008*"like" + 0.007*"shit" + 0.007*"going" + 0.007*"fuck" + 0.006*"back"
2018-08-28 03:50:42,664 : INFO : topic #1 (0.100): 0.013*"tax" + 0.012*"wallet" + 0.007*"crypto" + 0.007*"pay" + 0.007*"exchange" + 0.007*"get" + 0.006*"use" + 0.006*"trade" + 0.006*"gain" + 0.005*"year"
2018-08-28 03:50:42,665 : INFO : topic diff=0.002255, rho=0.111111
2018-08-28 03:50:50,894 : INFO : -8.330 per-word bound, 321.8 perplexity estimate based on a held-out corpus of 4623 documents with 2290604 words
2018-08-28 03:50:50,896 : INFO : PROGRESS: pass 80, at document #4623/4623
2018-08-28 03:50:55,244 : INFO : topic #8 (0.100): 0.010*"link" + 0.010*"coin" + 0.007*"like" + 0.007*"buy" + 0.007*"get" + 0.005*"token" + 0.005*"im" + 0.005*"one" + 0.005*"going" + 0.005*"make"
2018-08-28 03:50:55,245 : INFO : topic #3 (0.100): 0.006*"credit" + 0.004*"application" + 0.004*"silver" + 0.004*"ha" + 0.004*"card" + 0.004*"fomo" + 0.003*"platform" + 0.002*"lead" + 0.002*"debt" + 0.002*"la"
2018-08-28 03:50:55,246 : INFO : topic #7 (0.100): 0.009*"ark" + 0.005*"quad" + 0.005*"data" + 0.004*"arkies" + 0.003*"satoshi" + 0.003*"tank" + 0.003*"blockchain" + 0.003*"deluded" + 0.002*"arkie" + 0.002*"world"
2018-08-28 03:50:55,248 : INFO : topic #2 (0.100): 0.010*"get" + 0.009*"like" + 0.007*"people" + 0.007*"money" + 0.007*"make" + 0.007*"im" + 0.006*"want" + 0.005*"would" + 0.005*"year" + 0.005*"work"
2018-08-28 03:50:55,249 : INFO : topic #4 (0.100): 0.021*"btc" + 0.017*"bitcoin" + 0.014*"bch" + 0.007*"people" + 0.006*"get" + 0.006*"like" + 0.006*"going" + 0.006*"coin" + 0.005*"would" + 0.005*"money"
2018-08-28 03:50:55,251 : INFO : topic diff=0.002207, rho=0.110432
2018-08-28 03:51:03,616 : INFO : -8.330 per-word bound, 321.8 perplexity estimate based on a held-out corpus of 4623 documents with 2290604 words
2018-08-28 03:51:03,616 : INFO : PROGRESS: pass 81, at document #4623/4623
2018-08-28 03:51:07,778 : INFO : topic #5 (0.100): 0.086*"chancoin" + 0.016*"sage" + 0.007*"4chn" + 0.003*"discord" + 0.002*"tipping" + 0.002*"address" + 0.002*"chan" + 0.002*"feature" + 0.002*"coin" + 0.002*"name"
2018-08-28 03:51:07,781 : INFO : topic #6 (0.100): 0.011*"buy" + 0.009*"im" + 0.008*"like" + 0.007*"going" + 0.007*"get" + 0.006*"go" + 0.006*"sell" + 0.006*"day" + 0.006*"money" + 0.005*"good"
2018-08-28 03:51:07,782 : INFO : topic #7 (0.100): 0.009*"ark" + 0.005*"quad" + 0.005*"data" + 0.004*"arkies" + 0.003*"satoshi" + 0.003*"tank" + 0.003*"blockchain" + 0.003*"deluded" + 0.002*"arkie" + 0.002*"world"
2018-08-28 03:51:07,783 : INFO : topic #0 (0.100): 0.041*"tether" + 0.014*"bitfinex" + 0.011*"usd" + 0.010*"usdt" + 0.006*"exchange" + 0.005*"crypto" + 0.005*"bank" + 0.004*"fiat" + 0.004*"dollar" + 0.004*"money"
2018-08-28 03:51:07,785 : INFO : topic #8 (0.100): 0.010*"link" + 0.010*"coin" + 0.007*"like" + 0.007*"buy" + 0.007*"get" + 0.005*"token" + 0.005*"im" + 0.005*"one" + 0.005*"going" + 0.005*"make"
2018-08-28 03:51:07,786 : INFO : topic diff=0.002168, rho=0.109764
2018-08-28 03:51:16,140 : INFO : -8.330 per-word bound, 321.8 perplexity estimate based on a held-out corpus of 4623 documents with 2290604 words
2018-08-28 03:51:16,141 : INFO : PROGRESS: pass 82, at document #4623/4623
2018-08-28 03:51:20,278 : INFO : topic #8 (0.100): 0.010*"link" + 0.010*"coin" + 0.007*"like" + 0.007*"buy" + 0.007*"get" + 0.005*"token" + 0.005*"im" + 0.005*"one" + 0.005*"going" + 0.005*"make"
2018-08-28 03:51:20,279 : INFO : topic #0 (0.100): 0.041*"tether" + 0.014*"bitfinex" + 0.011*"usd" + 0.010*"usdt" + 0.006*"exchange" + 0.005*"crypto" + 0.005*"bank" + 0.004*"fiat" + 0.004*"dollar" + 0.004*"money"
2018-08-28 03:51:20,281 : INFO : topic #5 (0.100): 0.086*"chancoin" + 0.016*"sage" + 0.007*"4chn" + 0.003*"discord" + 0.002*"tipping" + 0.002*"address" + 0.002*"chan" + 0.002*"feature" + 0.002*"name" + 0.002*"00100000"
2018-08-28 03:51:20,283 : INFO : topic #6 (0.100): 0.011*"buy" + 0.009*"im" + 0.008*"like" + 0.007*"going" + 0.007*"get" + 0.006*"go" + 0.006*"sell" + 0.006*"day" + 0.006*"money" + 0.005*"good"
2018-08-28 03:51:20,284 : INFO : topic #1 (0.100): 0.013*"tax" + 0.012*"wallet" + 0.007*"crypto" + 0.007*"pay" + 0.007*"exchange" + 0.007*"get" + 0.006*"use" + 0.006*"trade" + 0.006*"gain" + 0.005*"year"
2018-08-28 03:51:20,286 : INFO : topic diff=0.002129, rho=0.109109
2018-08-28 03:51:28,658 : INFO : -8.330 per-word bound, 321.8 perplexity estimate based on a held-out corpus of 4623 documents with 2290604 words
2018-08-28 03:51:28,660 : INFO : PROGRESS: pass 83, at document #4623/4623
2018-08-28 03:51:32,851 : INFO : topic #1 (0.100): 0.013*"tax" + 0.012*"wallet" + 0.007*"crypto" + 0.007*"pay" + 0.007*"exchange" + 0.007*"get" + 0.006*"use" + 0.006*"trade" + 0.006*"gain" + 0.005*"year"
2018-08-28 03:51:32,852 : INFO : topic #4 (0.100): 0.021*"btc" + 0.017*"bitcoin" + 0.014*"bch" + 0.007*"people" + 0.006*"get" + 0.006*"like" + 0.006*"going" + 0.006*"coin" + 0.005*"would" + 0.005*"money"
2018-08-28 03:51:32,853 : INFO : topic #7 (0.100): 0.009*"ark" + 0.005*"quad" + 0.005*"data" + 0.004*"arkies" + 0.003*"satoshi" + 0.003*"tank" + 0.003*"deluded" + 0.003*"blockchain" + 0.002*"arkie" + 0.002*"world"
2018-08-28 03:51:32,855 : INFO : topic #6 (0.100): 0.011*"buy" + 0.009*"im" + 0.008*"like" + 0.007*"going" + 0.007*"get" + 0.006*"go" + 0.006*"sell" + 0.006*"day" + 0.006*"money" + 0.005*"good"
2018-08-28 03:51:32,856 : INFO : topic #3 (0.100): 0.006*"credit" + 0.004*"silver" + 0.004*"application" + 0.004*"ha" + 0.004*"card" + 0.004*"fomo" + 0.003*"platform" + 0.002*"lead" + 0.002*"debt" + 0.002*"la"
2018-08-28 03:51:32,858 : INFO : topic diff=0.002092, rho=0.108465
2018-08-28 03:51:41,224 : INFO : -8.330 per-word bound, 321.7 perplexity estimate based on a held-out corpus of 4623 documents with 2290604 words
2018-08-28 03:51:41,226 : INFO : PROGRESS: pass 84, at document #4623/4623
2018-08-28 03:51:45,444 : INFO : topic #0 (0.100): 0.041*"tether" + 0.014*"bitfinex" + 0.011*"usd" + 0.010*"usdt" + 0.006*"exchange" + 0.005*"crypto" + 0.005*"bank" + 0.004*"fiat" + 0.004*"dollar" + 0.003*"money"
2018-08-28 03:51:45,446 : INFO : topic #1 (0.100): 0.013*"tax" + 0.012*"wallet" + 0.007*"crypto" + 0.007*"pay" + 0.007*"exchange" + 0.007*"get" + 0.006*"use" + 0.006*"trade" + 0.006*"gain" + 0.005*"year"
2018-08-28 03:51:45,447 : INFO : topic #7 (0.100): 0.009*"ark" + 0.005*"quad" + 0.005*"data" + 0.004*"arkies" + 0.003*"satoshi" + 0.003*"tank" + 0.003*"deluded" + 0.003*"blockchain" + 0.002*"arkie" + 0.002*"world"
2018-08-28 03:51:45,448 : INFO : topic #3 (0.100): 0.006*"credit" + 0.004*"silver" + 0.004*"application" + 0.004*"ha" + 0.004*"card" + 0.004*"fomo" + 0.003*"platform" + 0.002*"lead" + 0.002*"debt" + 0.002*"la"
2018-08-28 03:51:45,450 : INFO : topic #9 (0.100): 0.009*"buy" + 0.008*"btc" + 0.008*"im" + 0.008*"fucking" + 0.008*"get" + 0.008*"like" + 0.007*"shit" + 0.007*"going" + 0.007*"fuck" + 0.006*"back"
2018-08-28 03:51:45,452 : INFO : topic diff=0.002052, rho=0.107833
2018-08-28 03:51:53,704 : INFO : -8.330 per-word bound, 321.7 perplexity estimate based on a held-out corpus of 4623 documents with 2290604 words
2018-08-28 03:51:53,707 : INFO : PROGRESS: pass 85, at document #4623/4623
2018-08-28 03:51:57,924 : INFO : topic #9 (0.100): 0.009*"buy" + 0.008*"btc" + 0.008*"im" + 0.008*"fucking" + 0.008*"get" + 0.008*"like" + 0.007*"shit" + 0.007*"going" + 0.007*"fuck" + 0.006*"back"
2018-08-28 03:51:57,926 : INFO : topic #6 (0.100): 0.011*"buy" + 0.009*"im" + 0.008*"like" + 0.007*"going" + 0.007*"get" + 0.006*"go" + 0.006*"sell" + 0.006*"day" + 0.006*"money" + 0.005*"good"
2018-08-28 03:51:57,927 : INFO : topic #7 (0.100): 0.009*"ark" + 0.005*"quad" + 0.005*"data" + 0.004*"arkies" + 0.003*"satoshi" + 0.003*"tank" + 0.003*"deluded" + 0.003*"blockchain" + 0.002*"arkie" + 0.002*"world"
2018-08-28 03:51:57,928 : INFO : topic #8 (0.100): 0.010*"link" + 0.010*"coin" + 0.007*"like" + 0.007*"buy" + 0.007*"get" + 0.005*"token" + 0.005*"im" + 0.005*"one" + 0.005*"going" + 0.005*"make"
2018-08-28 03:51:57,930 : INFO : topic #1 (0.100): 0.013*"tax" + 0.012*"wallet" + 0.007*"crypto" + 0.007*"pay" + 0.007*"exchange" + 0.006*"get" + 0.006*"use" + 0.006*"trade" + 0.006*"gain" + 0.005*"year"
2018-08-28 03:51:57,931 : INFO : topic diff=0.002014, rho=0.107211
2018-08-28 03:52:06,148 : INFO : -8.330 per-word bound, 321.7 perplexity estimate based on a held-out corpus of 4623 documents with 2290604 words
2018-08-28 03:52:06,148 : INFO : PROGRESS: pass 86, at document #4623/4623
2018-08-28 03:52:10,236 : INFO : topic #7 (0.100): 0.009*"ark" + 0.005*"quad" + 0.005*"data" + 0.004*"arkies" + 0.003*"satoshi" + 0.003*"tank" + 0.003*"deluded" + 0.003*"blockchain" + 0.002*"arkie" + 0.002*"world"
2018-08-28 03:52:10,238 : INFO : topic #2 (0.100): 0.010*"get" + 0.009*"like" + 0.007*"people" + 0.007*"money" + 0.007*"make" + 0.007*"im" + 0.006*"want" + 0.006*"would" + 0.005*"year" + 0.005*"work"
2018-08-28 03:52:10,239 : INFO : topic #6 (0.100): 0.011*"buy" + 0.009*"im" + 0.008*"like" + 0.007*"going" + 0.007*"get" + 0.006*"go" + 0.006*"sell" + 0.006*"day" + 0.006*"money" + 0.005*"good"
2018-08-28 03:52:10,240 : INFO : topic #4 (0.100): 0.021*"btc" + 0.017*"bitcoin" + 0.014*"bch" + 0.007*"people" + 0.006*"get" + 0.006*"like" + 0.006*"going" + 0.006*"coin" + 0.005*"would" + 0.005*"money"
2018-08-28 03:52:10,241 : INFO : topic #0 (0.100): 0.042*"tether" + 0.014*"bitfinex" + 0.011*"usd" + 0.010*"usdt" + 0.006*"exchange" + 0.005*"bank" + 0.005*"crypto" + 0.004*"fiat" + 0.004*"dollar" + 0.003*"money"
2018-08-28 03:52:10,243 : INFO : topic diff=0.001979, rho=0.106600
2018-08-28 03:52:18,539 : INFO : -8.330 per-word bound, 321.7 perplexity estimate based on a held-out corpus of 4623 documents with 2290604 words
2018-08-28 03:52:18,540 : INFO : PROGRESS: pass 87, at document #4623/4623
2018-08-28 03:52:22,694 : INFO : topic #3 (0.100): 0.006*"credit" + 0.004*"silver" + 0.004*"application" + 0.004*"ha" + 0.004*"card" + 0.004*"fomo" + 0.003*"platform" + 0.002*"lead" + 0.002*"debt" + 0.002*"la"
2018-08-28 03:52:22,697 : INFO : topic #5 (0.100): 0.086*"chancoin" + 0.016*"sage" + 0.007*"4chn" + 0.003*"discord" + 0.002*"tipping" + 0.002*"address" + 0.002*"chan" + 0.002*"feature" + 0.002*"name" + 0.002*"00100000"
2018-08-28 03:52:22,698 : INFO : topic #7 (0.100): 0.009*"ark" + 0.005*"quad" + 0.005*"data" + 0.004*"arkies" + 0.003*"satoshi" + 0.003*"tank" + 0.003*"deluded" + 0.003*"blockchain" + 0.002*"arkie" + 0.002*"world"
2018-08-28 03:52:22,700 : INFO : topic #8 (0.100): 0.010*"link" + 0.010*"coin" + 0.007*"like" + 0.007*"buy" + 0.007*"get" + 0.005*"token" + 0.005*"im" + 0.005*"one" + 0.005*"going" + 0.005*"make"
2018-08-28 03:52:22,701 : INFO : topic #1 (0.100): 0.013*"tax" + 0.012*"wallet" + 0.007*"crypto" + 0.007*"pay" + 0.007*"exchange" + 0.006*"get" + 0.006*"use" + 0.006*"trade" + 0.006*"gain" + 0.005*"year"
2018-08-28 03:52:22,703 : INFO : topic diff=0.001942, rho=0.106000
2018-08-28 03:52:31,049 : INFO : -8.329 per-word bound, 321.7 perplexity estimate based on a held-out corpus of 4623 documents with 2290604 words
2018-08-28 03:52:31,050 : INFO : PROGRESS: pass 88, at document #4623/4623
2018-08-28 03:52:35,401 : INFO : topic #9 (0.100): 0.009*"buy" + 0.008*"btc" + 0.008*"im" + 0.008*"fucking" + 0.008*"get" + 0.008*"like" + 0.007*"shit" + 0.007*"going" + 0.007*"fuck" + 0.006*"back"
2018-08-28 03:52:35,403 : INFO : topic #3 (0.100): 0.006*"credit" + 0.004*"silver" + 0.004*"application" + 0.004*"ha" + 0.004*"card" + 0.004*"fomo" + 0.003*"platform" + 0.002*"lead" + 0.002*"debt" + 0.002*"la"
2018-08-28 03:52:35,404 : INFO : topic #4 (0.100): 0.021*"btc" + 0.017*"bitcoin" + 0.014*"bch" + 0.007*"people" + 0.006*"get" + 0.006*"like" + 0.006*"going" + 0.006*"coin" + 0.005*"would" + 0.005*"money"
2018-08-28 03:52:35,406 : INFO : topic #6 (0.100): 0.011*"buy" + 0.009*"im" + 0.008*"like" + 0.007*"going" + 0.007*"get" + 0.006*"go" + 0.006*"sell" + 0.006*"day" + 0.006*"money" + 0.005*"good"
2018-08-28 03:52:35,407 : INFO : topic #1 (0.100): 0.013*"tax" + 0.012*"wallet" + 0.007*"crypto" + 0.007*"pay" + 0.007*"exchange" + 0.006*"get" + 0.006*"use" + 0.006*"trade" + 0.006*"gain" + 0.005*"year"
2018-08-28 03:52:35,409 : INFO : topic diff=0.001911, rho=0.105409
2018-08-28 03:52:43,640 : INFO : -8.329 per-word bound, 321.7 perplexity estimate based on a held-out corpus of 4623 documents with 2290604 words
2018-08-28 03:52:43,641 : INFO : PROGRESS: pass 89, at document #4623/4623
2018-08-28 03:52:47,825 : INFO : topic #0 (0.100): 0.042*"tether" + 0.014*"bitfinex" + 0.011*"usd" + 0.011*"usdt" + 0.006*"exchange" + 0.005*"bank" + 0.005*"crypto" + 0.004*"fiat" + 0.004*"dollar" + 0.003*"million"
2018-08-28 03:52:47,827 : INFO : topic #7 (0.100): 0.009*"ark" + 0.005*"quad" + 0.005*"data" + 0.004*"arkies" + 0.003*"satoshi" + 0.003*"tank" + 0.003*"deluded" + 0.002*"blockchain" + 0.002*"arkie" + 0.002*"world"
2018-08-28 03:52:47,828 : INFO : topic #6 (0.100): 0.011*"buy" + 0.009*"im" + 0.008*"like" + 0.007*"going" + 0.007*"get" + 0.006*"go" + 0.006*"sell" + 0.006*"day" + 0.006*"money" + 0.005*"good"
2018-08-28 03:52:47,829 : INFO : topic #8 (0.100): 0.010*"link" + 0.010*"coin" + 0.007*"like" + 0.007*"buy" + 0.007*"get" + 0.005*"token" + 0.005*"im" + 0.005*"one" + 0.005*"going" + 0.005*"make"
2018-08-28 03:52:47,830 : INFO : topic #9 (0.100): 0.009*"buy" + 0.008*"btc" + 0.008*"im" + 0.008*"fucking" + 0.008*"get" + 0.008*"like" + 0.007*"shit" + 0.007*"going" + 0.007*"fuck" + 0.006*"back"
2018-08-28 03:52:47,832 : INFO : topic diff=0.001877, rho=0.104828
2018-08-28 03:52:56,101 : INFO : -8.329 per-word bound, 321.6 perplexity estimate based on a held-out corpus of 4623 documents with 2290604 words
2018-08-28 03:52:56,101 : INFO : PROGRESS: pass 90, at document #4623/4623
2018-08-28 03:53:00,806 : INFO : topic #6 (0.100): 0.011*"buy" + 0.009*"im" + 0.008*"like" + 0.007*"going" + 0.007*"get" + 0.006*"go" + 0.006*"sell" + 0.006*"day" + 0.006*"money" + 0.005*"good"
2018-08-28 03:53:00,809 : INFO : topic #3 (0.100): 0.006*"credit" + 0.004*"silver" + 0.004*"application" + 0.004*"ha" + 0.004*"fomo" + 0.004*"card" + 0.003*"platform" + 0.002*"lead" + 0.002*"debt" + 0.002*"la"
2018-08-28 03:53:00,810 : INFO : topic #8 (0.100): 0.010*"link" + 0.010*"coin" + 0.007*"like" + 0.007*"buy" + 0.007*"get" + 0.005*"token" + 0.005*"im" + 0.005*"one" + 0.005*"going" + 0.005*"make"
2018-08-28 03:53:00,811 : INFO : topic #4 (0.100): 0.021*"btc" + 0.017*"bitcoin" + 0.014*"bch" + 0.007*"people" + 0.006*"get" + 0.006*"like" + 0.006*"going" + 0.006*"coin" + 0.005*"would" + 0.005*"money"
2018-08-28 03:53:00,812 : INFO : topic #9 (0.100): 0.009*"buy" + 0.008*"btc" + 0.008*"im" + 0.008*"fucking" + 0.008*"get" + 0.008*"like" + 0.007*"shit" + 0.007*"going" + 0.007*"fuck" + 0.006*"back"
2018-08-28 03:53:00,814 : INFO : topic diff=0.001843, rho=0.104257
2018-08-28 03:53:09,080 : INFO : -8.329 per-word bound, 321.6 perplexity estimate based on a held-out corpus of 4623 documents with 2290604 words
2018-08-28 03:53:09,081 : INFO : PROGRESS: pass 91, at document #4623/4623
2018-08-28 03:53:13,219 : INFO : topic #7 (0.100): 0.009*"ark" + 0.005*"quad" + 0.005*"data" + 0.004*"arkies" + 0.003*"satoshi" + 0.003*"tank" + 0.003*"deluded" + 0.002*"arkie" + 0.002*"blockchain" + 0.002*"world"
2018-08-28 03:53:13,220 : INFO : topic #6 (0.100): 0.011*"buy" + 0.009*"im" + 0.008*"like" + 0.007*"going" + 0.007*"get" + 0.006*"go" + 0.006*"day" + 0.006*"sell" + 0.006*"money" + 0.005*"good"
2018-08-28 03:53:13,222 : INFO : topic #2 (0.100): 0.010*"get" + 0.009*"like" + 0.007*"people" + 0.007*"money" + 0.007*"make" + 0.007*"im" + 0.006*"want" + 0.006*"would" + 0.005*"year" + 0.005*"one"
2018-08-28 03:53:13,223 : INFO : topic #0 (0.100): 0.042*"tether" + 0.015*"bitfinex" + 0.011*"usd" + 0.011*"usdt" + 0.006*"exchange" + 0.005*"bank" + 0.005*"crypto" + 0.004*"fiat" + 0.004*"dollar" + 0.003*"million"
2018-08-28 03:53:13,224 : INFO : topic #4 (0.100): 0.021*"btc" + 0.017*"bitcoin" + 0.014*"bch" + 0.007*"people" + 0.006*"get" + 0.006*"like" + 0.006*"going" + 0.006*"coin" + 0.005*"would" + 0.005*"money"
2018-08-28 03:53:13,226 : INFO : topic diff=0.001814, rho=0.103695
2018-08-28 03:53:21,625 : INFO : -8.329 per-word bound, 321.6 perplexity estimate based on a held-out corpus of 4623 documents with 2290604 words
2018-08-28 03:53:21,625 : INFO : PROGRESS: pass 92, at document #4623/4623
2018-08-28 03:53:25,828 : INFO : topic #4 (0.100): 0.021*"btc" + 0.017*"bitcoin" + 0.014*"bch" + 0.007*"people" + 0.006*"get" + 0.006*"like" + 0.006*"going" + 0.006*"coin" + 0.005*"would" + 0.005*"money"
2018-08-28 03:53:25,832 : INFO : topic #3 (0.100): 0.006*"credit" + 0.004*"silver" + 0.004*"application" + 0.004*"ha" + 0.004*"fomo" + 0.004*"card" + 0.003*"platform" + 0.002*"lead" + 0.002*"debt" + 0.002*"la"
2018-08-28 03:53:25,833 : INFO : topic #1 (0.100): 0.013*"tax" + 0.012*"wallet" + 0.007*"crypto" + 0.007*"pay" + 0.007*"exchange" + 0.006*"get" + 0.006*"use" + 0.006*"trade" + 0.006*"gain" + 0.005*"year"
2018-08-28 03:53:25,835 : INFO : topic #9 (0.100): 0.009*"buy" + 0.008*"btc" + 0.008*"im" + 0.008*"fucking" + 0.008*"get" + 0.008*"like" + 0.007*"shit" + 0.007*"going" + 0.007*"fuck" + 0.006*"back"
2018-08-28 03:53:25,836 : INFO : topic #6 (0.100): 0.011*"buy" + 0.009*"im" + 0.008*"like" + 0.007*"going" + 0.007*"get" + 0.006*"go" + 0.006*"day" + 0.006*"sell" + 0.006*"money" + 0.005*"good"
2018-08-28 03:53:25,838 : INFO : topic diff=0.001785, rho=0.103142
2018-08-28 03:53:34,091 : INFO : -8.329 per-word bound, 321.6 perplexity estimate based on a held-out corpus of 4623 documents with 2290604 words
2018-08-28 03:53:34,091 : INFO : PROGRESS: pass 93, at document #4623/4623
2018-08-28 03:53:38,253 : INFO : topic #8 (0.100): 0.010*"link" + 0.010*"coin" + 0.007*"like" + 0.007*"buy" + 0.007*"get" + 0.005*"token" + 0.005*"im" + 0.005*"one" + 0.005*"going" + 0.005*"make"
2018-08-28 03:53:38,255 : INFO : topic #3 (0.100): 0.006*"credit" + 0.004*"silver" + 0.004*"ha" + 0.004*"application" + 0.004*"fomo" + 0.004*"card" + 0.003*"platform" + 0.002*"lead" + 0.002*"debt" + 0.002*"la"
2018-08-28 03:53:38,256 : INFO : topic #4 (0.100): 0.021*"btc" + 0.017*"bitcoin" + 0.014*"bch" + 0.007*"people" + 0.006*"get" + 0.006*"like" + 0.006*"going" + 0.006*"coin" + 0.005*"would" + 0.005*"money"
2018-08-28 03:53:38,258 : INFO : topic #5 (0.100): 0.086*"chancoin" + 0.016*"sage" + 0.007*"4chn" + 0.003*"discord" + 0.002*"tipping" + 0.002*"address" + 0.002*"chan" + 0.002*"feature" + 0.002*"00100000" + 0.002*"name"
2018-08-28 03:53:38,260 : INFO : topic #1 (0.100): 0.014*"tax" + 0.012*"wallet" + 0.007*"crypto" + 0.007*"pay" + 0.007*"exchange" + 0.006*"get" + 0.006*"use" + 0.006*"trade" + 0.006*"gain" + 0.005*"year"
2018-08-28 03:53:38,261 : INFO : topic diff=0.001759, rho=0.102598
2018-08-28 03:53:46,536 : INFO : -8.329 per-word bound, 321.6 perplexity estimate based on a held-out corpus of 4623 documents with 2290604 words
2018-08-28 03:53:46,537 : INFO : PROGRESS: pass 94, at document #4623/4623
2018-08-28 03:53:50,717 : INFO : topic #4 (0.100): 0.021*"btc" + 0.017*"bitcoin" + 0.014*"bch" + 0.007*"people" + 0.006*"get" + 0.006*"like" + 0.006*"going" + 0.006*"coin" + 0.005*"would" + 0.005*"money"
2018-08-28 03:53:50,719 : INFO : topic #6 (0.100): 0.011*"buy" + 0.009*"im" + 0.008*"like" + 0.007*"going" + 0.007*"get" + 0.006*"go" + 0.006*"day" + 0.006*"sell" + 0.006*"money" + 0.005*"good"
2018-08-28 03:53:50,721 : INFO : topic #5 (0.100): 0.087*"chancoin" + 0.016*"sage" + 0.007*"4chn" + 0.003*"discord" + 0.002*"tipping" + 0.002*"address" + 0.002*"chan" + 0.002*"feature" + 0.002*"00100000" + 0.002*"name"
2018-08-28 03:53:50,722 : INFO : topic #0 (0.100): 0.043*"tether" + 0.015*"bitfinex" + 0.011*"usd" + 0.011*"usdt" + 0.006*"exchange" + 0.005*"bank" + 0.005*"crypto" + 0.004*"fiat" + 0.004*"dollar" + 0.003*"million"
2018-08-28 03:53:50,723 : INFO : topic #8 (0.100): 0.010*"link" + 0.010*"coin" + 0.007*"like" + 0.007*"buy" + 0.007*"get" + 0.005*"token" + 0.005*"im" + 0.005*"one" + 0.005*"going" + 0.005*"make"
2018-08-28 03:53:50,725 : INFO : topic diff=0.001726, rho=0.102062
2018-08-28 03:53:58,955 : INFO : -8.329 per-word bound, 321.6 perplexity estimate based on a held-out corpus of 4623 documents with 2290604 words
2018-08-28 03:53:58,955 : INFO : PROGRESS: pass 95, at document #4623/4623
2018-08-28 03:54:03,145 : INFO : topic #1 (0.100): 0.014*"tax" + 0.012*"wallet" + 0.007*"crypto" + 0.007*"pay" + 0.007*"exchange" + 0.006*"use" + 0.006*"get" + 0.006*"trade" + 0.006*"gain" + 0.005*"year"
2018-08-28 03:54:03,146 : INFO : topic #0 (0.100): 0.043*"tether" + 0.015*"bitfinex" + 0.011*"usd" + 0.011*"usdt" + 0.006*"exchange" + 0.005*"bank" + 0.005*"crypto" + 0.004*"fiat" + 0.004*"dollar" + 0.003*"million"
2018-08-28 03:54:03,147 : INFO : topic #7 (0.100): 0.009*"ark" + 0.006*"quad" + 0.005*"data" + 0.004*"arkies" + 0.003*"satoshi" + 0.003*"tank" + 0.003*"deluded" + 0.002*"arkie" + 0.002*"blockchain" + 0.002*"world"
2018-08-28 03:54:03,149 : INFO : topic #5 (0.100): 0.087*"chancoin" + 0.016*"sage" + 0.007*"4chn" + 0.003*"discord" + 0.002*"tipping" + 0.002*"address" + 0.002*"chan" + 0.002*"feature" + 0.002*"00100000" + 0.002*"name"
2018-08-28 03:54:03,150 : INFO : topic #6 (0.100): 0.011*"buy" + 0.009*"im" + 0.008*"like" + 0.007*"going" + 0.007*"get" + 0.006*"go" + 0.006*"day" + 0.006*"sell" + 0.006*"money" + 0.005*"good"
2018-08-28 03:54:03,152 : INFO : topic diff=0.001706, rho=0.101535
2018-08-28 03:54:11,385 : INFO : -8.329 per-word bound, 321.6 perplexity estimate based on a held-out corpus of 4623 documents with 2290604 words
2018-08-28 03:54:11,386 : INFO : PROGRESS: pass 96, at document #4623/4623
2018-08-28 03:54:15,567 : INFO : topic #0 (0.100): 0.043*"tether" + 0.015*"bitfinex" + 0.012*"usd" + 0.011*"usdt" + 0.006*"exchange" + 0.005*"bank" + 0.005*"crypto" + 0.004*"fiat" + 0.004*"dollar" + 0.003*"million"
2018-08-28 03:54:15,569 : INFO : topic #2 (0.100): 0.010*"get" + 0.009*"like" + 0.007*"people" + 0.007*"money" + 0.007*"make" + 0.007*"im" + 0.006*"want" + 0.006*"would" + 0.005*"year" + 0.005*"one"
2018-08-28 03:54:15,570 : INFO : topic #7 (0.100): 0.009*"ark" + 0.006*"quad" + 0.005*"data" + 0.004*"arkies" + 0.003*"satoshi" + 0.003*"tank" + 0.003*"deluded" + 0.003*"arkie" + 0.002*"blockchain" + 0.002*"world"
2018-08-28 03:54:15,571 : INFO : topic #6 (0.100): 0.011*"buy" + 0.009*"im" + 0.008*"like" + 0.007*"going" + 0.007*"get" + 0.006*"go" + 0.006*"day" + 0.006*"sell" + 0.006*"money" + 0.005*"good"
2018-08-28 03:54:15,573 : INFO : topic #4 (0.100): 0.021*"btc" + 0.017*"bitcoin" + 0.014*"bch" + 0.007*"people" + 0.006*"get" + 0.006*"like" + 0.006*"going" + 0.006*"coin" + 0.005*"would" + 0.005*"money"
2018-08-28 03:54:15,574 : INFO : topic diff=0.001675, rho=0.101015
2018-08-28 03:54:23,896 : INFO : -8.329 per-word bound, 321.6 perplexity estimate based on a held-out corpus of 4623 documents with 2290604 words
2018-08-28 03:54:23,896 : INFO : PROGRESS: pass 97, at document #4623/4623
2018-08-28 03:54:28,128 : INFO : topic #2 (0.100): 0.010*"get" + 0.009*"like" + 0.007*"people" + 0.007*"money" + 0.007*"make" + 0.007*"im" + 0.006*"want" + 0.006*"would" + 0.005*"year" + 0.005*"one"
2018-08-28 03:54:28,130 : INFO : topic #6 (0.100): 0.011*"buy" + 0.009*"im" + 0.008*"like" + 0.007*"going" + 0.007*"get" + 0.006*"go" + 0.006*"day" + 0.006*"sell" + 0.006*"money" + 0.005*"good"
2018-08-28 03:54:28,132 : INFO : topic #0 (0.100): 0.043*"tether" + 0.015*"bitfinex" + 0.012*"usd" + 0.011*"usdt" + 0.006*"exchange" + 0.005*"bank" + 0.005*"crypto" + 0.004*"fiat" + 0.004*"dollar" + 0.003*"million"
2018-08-28 03:54:28,133 : INFO : topic #7 (0.100): 0.009*"ark" + 0.006*"quad" + 0.005*"data" + 0.004*"arkies" + 0.003*"satoshi" + 0.003*"tank" + 0.003*"deluded" + 0.003*"arkie" + 0.002*"blockchain" + 0.002*"world"
2018-08-28 03:54:28,134 : INFO : topic #9 (0.100): 0.009*"buy" + 0.008*"btc" + 0.008*"im" + 0.008*"fucking" + 0.008*"get" + 0.008*"like" + 0.007*"shit" + 0.007*"going" + 0.007*"fuck" + 0.006*"back"
2018-08-28 03:54:28,136 : INFO : topic diff=0.001653, rho=0.100504
2018-08-28 03:54:36,427 : INFO : -8.329 per-word bound, 321.5 perplexity estimate based on a held-out corpus of 4623 documents with 2290604 words
2018-08-28 03:54:36,428 : INFO : PROGRESS: pass 98, at document #4623/4623
2018-08-28 03:54:40,537 : INFO : topic #1 (0.100): 0.014*"tax" + 0.012*"wallet" + 0.007*"crypto" + 0.007*"pay" + 0.007*"exchange" + 0.006*"use" + 0.006*"get" + 0.006*"trade" + 0.006*"gain" + 0.005*"year"
2018-08-28 03:54:40,538 : INFO : topic #4 (0.100): 0.021*"btc" + 0.017*"bitcoin" + 0.014*"bch" + 0.007*"people" + 0.006*"get" + 0.006*"like" + 0.006*"going" + 0.006*"coin" + 0.005*"would" + 0.005*"money"
2018-08-28 03:54:40,540 : INFO : topic #6 (0.100): 0.011*"buy" + 0.009*"im" + 0.008*"like" + 0.007*"going" + 0.007*"get" + 0.006*"go" + 0.006*"day" + 0.006*"sell" + 0.006*"money" + 0.005*"good"
2018-08-28 03:54:40,541 : INFO : topic #9 (0.100): 0.009*"buy" + 0.008*"btc" + 0.008*"im" + 0.008*"fucking" + 0.008*"get" + 0.008*"like" + 0.007*"shit" + 0.007*"going" + 0.007*"fuck" + 0.006*"back"
2018-08-28 03:54:40,543 : INFO : topic #2 (0.100): 0.010*"get" + 0.009*"like" + 0.007*"people" + 0.007*"money" + 0.007*"make" + 0.007*"im" + 0.006*"want" + 0.006*"would" + 0.005*"year" + 0.005*"one"
2018-08-28 03:54:40,544 : INFO : topic diff=0.001628, rho=0.100000
2018-08-28 03:54:48,852 : INFO : -8.329 per-word bound, 321.5 perplexity estimate based on a held-out corpus of 4623 documents with 2290604 words
2018-08-28 03:54:48,854 : INFO : PROGRESS: pass 99, at document #4623/4623
2018-08-28 03:54:53,001 : INFO : topic #0 (0.100): 0.043*"tether" + 0.015*"bitfinex" + 0.012*"usd" + 0.011*"usdt" + 0.006*"exchange" + 0.005*"bank" + 0.005*"crypto" + 0.004*"fiat" + 0.004*"dollar" + 0.003*"million"
2018-08-28 03:54:53,004 : INFO : topic #4 (0.100): 0.021*"btc" + 0.017*"bitcoin" + 0.014*"bch" + 0.007*"people" + 0.006*"get" + 0.006*"like" + 0.006*"going" + 0.006*"coin" + 0.005*"would" + 0.005*"money"
2018-08-28 03:54:53,005 : INFO : topic #5 (0.100): 0.087*"chancoin" + 0.016*"sage" + 0.007*"4chn" + 0.003*"discord" + 0.002*"tipping" + 0.002*"address" + 0.002*"chan" + 0.002*"feature" + 0.002*"00100000" + 0.002*"name"
2018-08-28 03:54:53,007 : INFO : topic #8 (0.100): 0.010*"link" + 0.010*"coin" + 0.007*"like" + 0.007*"buy" + 0.007*"get" + 0.005*"token" + 0.005*"im" + 0.005*"one" + 0.005*"going" + 0.005*"make"
2018-08-28 03:54:53,008 : INFO : topic #3 (0.100): 0.006*"credit" + 0.004*"silver" + 0.004*"ha" + 0.004*"application" + 0.004*"fomo" + 0.004*"card" + 0.003*"platform" + 0.002*"lead" + 0.002*"debt" + 0.002*"la"
2018-08-28 03:54:53,009 : INFO : topic diff=0.001599, rho=0.099504
2018-08-28 03:54:53,011 : INFO : saving LdaState object under models/ldamodel.state, separately None
2018-08-28 03:54:53,082 : INFO : saved models/ldamodel.state
2018-08-28 03:54:53,168 : INFO : saving LdaModel object under models/ldamodel, separately ['expElogbeta', 'sstats']
2018-08-28 03:54:53,171 : INFO : storing np array 'expElogbeta' to models/ldamodel.expElogbeta.npy
2018-08-28 03:54:53,209 : INFO : not storing attribute id2word
2018-08-28 03:54:53,210 : INFO : not storing attribute state
2018-08-28 03:54:53,210 : INFO : not storing attribute dispatcher
2018-08-28 03:54:53,219 : INFO : saved models/ldamodel
2018-08-28 03:54:53,221 : INFO : topic #0 (0.100): 0.043*"tether" + 0.015*"bitfinex" + 0.012*"usd" + 0.011*"usdt" + 0.006*"exchange" + 0.005*"bank" + 0.005*"crypto" + 0.004*"fiat" + 0.004*"dollar" + 0.003*"million" + 0.003*"backed" + 0.003*"audit" + 0.003*"reserve" + 0.003*"money" + 0.003*"nsa" + 0.003*"crash" + 0.003*"market" + 0.002*"conspiracy" + 0.002*"scam" + 0.002*"print"
2018-08-28 03:54:53,223 : INFO : topic #1 (0.100): 0.014*"tax" + 0.012*"wallet" + 0.007*"crypto" + 0.007*"pay" + 0.007*"exchange" + 0.006*"use" + 0.006*"get" + 0.006*"trade" + 0.006*"gain" + 0.005*"year" + 0.005*"account" + 0.005*"like" + 0.005*"address" + 0.005*"iota" + 0.004*"would" + 0.004*"cash" + 0.004*"money" + 0.004*"irs" + 0.004*"coin" + 0.004*"know"
2018-08-28 03:54:53,225 : INFO : topic #2 (0.100): 0.010*"get" + 0.009*"like" + 0.007*"people" + 0.007*"money" + 0.007*"make" + 0.007*"im" + 0.006*"want" + 0.006*"would" + 0.005*"year" + 0.005*"one" + 0.005*"work" + 0.005*"good" + 0.004*"know" + 0.004*"fucking" + 0.004*"it" + 0.004*"shit" + 0.004*"even" + 0.004*"job" + 0.004*"fuck" + 0.004*"life"
2018-08-28 03:54:53,226 : INFO : topic #3 (0.100): 0.006*"credit" + 0.004*"silver" + 0.004*"ha" + 0.004*"application" + 0.004*"fomo" + 0.004*"card" + 0.003*"platform" + 0.002*"lead" + 0.002*"debt" + 0.002*"la" + 0.002*"stellar" + 0.001*"poker" + 0.001*"player" + 0.001*"among" + 0.001*"currently" + 0.001*"protocol" + 0.001*"third" + 0.001*"customer" + 0.001*"gift" + 0.001*"tracking"
2018-08-28 03:54:53,227 : INFO : topic #4 (0.100): 0.021*"btc" + 0.017*"bitcoin" + 0.014*"bch" + 0.007*"people" + 0.006*"get" + 0.006*"like" + 0.006*"going" + 0.006*"coin" + 0.005*"would" + 0.005*"money" + 0.005*"time" + 0.005*"fucking" + 0.005*"one" + 0.005*"go" + 0.004*"think" + 0.004*"buy" + 0.004*"even" + 0.004*"transaction" + 0.004*"cash" + 0.004*"price"
2018-08-28 03:54:53,228 : INFO : topic #5 (0.100): 0.087*"chancoin" + 0.016*"sage" + 0.007*"4chn" + 0.003*"discord" + 0.002*"tipping" + 0.002*"address" + 0.002*"chan" + 0.002*"feature" + 0.002*"00100000" + 0.002*"name" + 0.002*"wallet" + 0.002*"coin" + 0.001*"tip" + 0.001*"post" + 0.001*"mining" + 0.001*"field" + 0.001*"community" + 0.001*"blockchain" + 0.001*"using" + 0.001*"chancoins"
2018-08-28 03:54:53,230 : INFO : topic #6 (0.100): 0.011*"buy" + 0.009*"im" + 0.008*"like" + 0.007*"going" + 0.007*"get" + 0.006*"go" + 0.006*"day" + 0.006*"sell" + 0.006*"money" + 0.005*"good" + 0.005*"time" + 0.005*"make" + 0.005*"trade" + 0.005*"market" + 0.004*"price" + 0.004*"trading" + 0.004*"right" + 0.004*"back" + 0.004*"one" + 0.004*"stock"
2018-08-28 03:54:53,231 : INFO : topic #7 (0.100): 0.009*"ark" + 0.006*"quad" + 0.005*"data" + 0.004*"arkies" + 0.003*"satoshi" + 0.003*"tank" + 0.003*"deluded" + 0.003*"arkie" + 0.002*"blockchain" + 0.002*"world" + 0.002*"pothead" + 0.002*"wagecucking" + 0.002*"arsehole" + 0.002*"oracle" + 0.002*"interview" + 0.001*"minister" + 0.001*"floor" + 0.001*"stuttering" + 0.001*"technology" + 0.001*"engineering"
2018-08-28 03:54:53,232 : INFO : topic #8 (0.100): 0.010*"link" + 0.010*"coin" + 0.007*"like" + 0.007*"buy" + 0.007*"get" + 0.005*"token" + 0.005*"im" + 0.005*"one" + 0.005*"going" + 0.005*"make" + 0.005*"even" + 0.004*"fucking" + 0.004*"price" + 0.004*"shit" + 0.004*"go" + 0.004*"would" + 0.004*"people" + 0.004*"know" + 0.004*"it" + 0.004*"project"
2018-08-28 03:54:53,233 : INFO : topic #9 (0.100): 0.009*"buy" + 0.008*"btc" + 0.008*"im" + 0.008*"fucking" + 0.008*"get" + 0.008*"like" + 0.007*"shit" + 0.007*"going" + 0.007*"fuck" + 0.006*"back" + 0.006*"eth" + 0.006*"go" + 0.006*"sell" + 0.005*"neo" + 0.005*"coin" + 0.005*"money" + 0.005*"bought" + 0.005*"time" + 0.005*"make" + 0.004*"pump"
2018-08-28 03:54:53,252 : INFO : using symmetric alpha at 0.1
2018-08-28 03:54:53,256 : INFO : using symmetric eta at 0.1
2018-08-28 03:54:53,265 : INFO : using serial LDA version on this node
2018-08-28 03:54:53,363 : INFO : running online (multi-pass) LDA training, 10 topics, 100 passes over the supplied corpus of 1067 documents, updating model once every 1067 documents, evaluating perplexity every 1067 documents, iterating 50x with a convergence threshold of 0.001000
2018-08-28 03:54:57,034 : INFO : -12.728 per-word bound, 6785.3 perplexity estimate based on a held-out corpus of 1067 documents with 1256157 words
2018-08-28 03:54:57,036 : INFO : PROGRESS: pass 0, at document #1067/1067
2018-08-28 03:54:58,682 : INFO : topic #2 (0.100): 0.008*"im" + 0.008*"like" + 0.007*"btc" + 0.006*"get" + 0.005*"going" + 0.005*"buy" + 0.005*"money" + 0.005*"make" + 0.005*"coin" + 0.005*"go"
2018-08-28 03:54:58,684 : INFO : topic #8 (0.100): 0.007*"im" + 0.007*"get" + 0.007*"like" + 0.006*"time" + 0.005*"btc" + 0.005*"buy" + 0.005*"one" + 0.004*"fucking" + 0.004*"would" + 0.004*"going"
2018-08-28 03:54:58,685 : INFO : topic #5 (0.100): 0.008*"btc" + 0.007*"like" + 0.006*"get" + 0.006*"buy" + 0.005*"bitcoin" + 0.005*"fucking" + 0.005*"go" + 0.005*"bch" + 0.005*"money" + 0.005*"going"
2018-08-28 03:54:58,686 : INFO : topic #0 (0.100): 0.008*"btc" + 0.007*"get" + 0.007*"buy" + 0.007*"like" + 0.006*"im" + 0.006*"people" + 0.005*"money" + 0.005*"even" + 0.005*"would" + 0.005*"coin"
2018-08-28 03:54:58,687 : INFO : topic #4 (0.100): 0.007*"like" + 0.006*"get" + 0.006*"btc" + 0.005*"money" + 0.005*"people" + 0.005*"buy" + 0.005*"make" + 0.004*"im" + 0.004*"shit" + 0.004*"bitcoin"
2018-08-28 03:54:58,688 : INFO : topic diff=4.489697, rho=1.000000
2018-08-28 03:55:02,148 : INFO : -8.795 per-word bound, 444.2 perplexity estimate based on a held-out corpus of 1067 documents with 1256157 words
2018-08-28 03:55:02,149 : INFO : PROGRESS: pass 1, at document #1067/1067
2018-08-28 03:55:03,743 : INFO : topic #6 (0.100): 0.007*"like" + 0.007*"get" + 0.006*"btc" + 0.005*"coin" + 0.005*"going" + 0.005*"would" + 0.005*"fucking" + 0.005*"think" + 0.004*"buy" + 0.004*"time"
2018-08-28 03:55:03,745 : INFO : topic #1 (0.100): 0.010*"chancoin" + 0.006*"get" + 0.006*"like" + 0.006*"make" + 0.006*"money" + 0.006*"im" + 0.006*"would" + 0.005*"people" + 0.004*"fucking" + 0.004*"coin"
2018-08-28 03:55:03,746 : INFO : topic #3 (0.100): 0.007*"like" + 0.007*"get" + 0.006*"people" + 0.005*"bitcoin" + 0.005*"im" + 0.005*"one" + 0.004*"going" + 0.004*"btc" + 0.004*"would" + 0.004*"shit"
2018-08-28 03:55:03,747 : INFO : topic #8 (0.100): 0.007*"im" + 0.007*"get" + 0.006*"like" + 0.006*"time" + 0.004*"one" + 0.004*"buy" + 0.004*"fucking" + 0.004*"btc" + 0.004*"make" + 0.004*"would"
2018-08-28 03:55:03,748 : INFO : topic #7 (0.100): 0.006*"get" + 0.006*"like" + 0.005*"buy" + 0.005*"btc" + 0.005*"fucking" + 0.004*"make" + 0.004*"bitcoin" + 0.004*"people" + 0.004*"im" + 0.004*"even"
2018-08-28 03:55:03,749 : INFO : topic diff=1.402020, rho=0.577350
2018-08-28 03:55:07,200 : INFO : -8.574 per-word bound, 381.1 perplexity estimate based on a held-out corpus of 1067 documents with 1256157 words
2018-08-28 03:55:07,201 : INFO : PROGRESS: pass 2, at document #1067/1067
2018-08-28 03:55:08,713 : INFO : topic #1 (0.100): 0.011*"chancoin" + 0.006*"get" + 0.006*"like" + 0.006*"make" + 0.006*"money" + 0.005*"would" + 0.005*"im" + 0.005*"people" + 0.004*"it" + 0.004*"coin"
2018-08-28 03:55:08,714 : INFO : topic #4 (0.100): 0.007*"link" + 0.007*"like" + 0.006*"get" + 0.004*"make" + 0.004*"would" + 0.004*"money" + 0.004*"people" + 0.004*"one" + 0.004*"im" + 0.003*"buy"
2018-08-28 03:55:08,715 : INFO : topic #2 (0.100): 0.008*"im" + 0.008*"like" + 0.007*"link" + 0.007*"get" + 0.005*"make" + 0.005*"money" + 0.005*"buy" + 0.005*"going" + 0.005*"go" + 0.005*"btc"
2018-08-28 03:55:08,716 : INFO : topic #5 (0.100): 0.009*"btc" + 0.008*"bitcoin" + 0.007*"like" + 0.007*"bch" + 0.006*"get" + 0.006*"fucking" + 0.005*"go" + 0.005*"going" + 0.005*"people" + 0.005*"make"
2018-08-28 03:55:08,717 : INFO : topic #3 (0.100): 0.006*"like" + 0.006*"get" + 0.006*"scam" + 0.005*"people" + 0.005*"bitcoin" + 0.004*"one" + 0.004*"would" + 0.004*"going" + 0.004*"im" + 0.004*"btc"
2018-08-28 03:55:08,718 : INFO : topic diff=0.957194, rho=0.500000
2018-08-28 03:55:12,104 : INFO : -8.486 per-word bound, 358.5 perplexity estimate based on a held-out corpus of 1067 documents with 1256157 words
2018-08-28 03:55:12,105 : INFO : PROGRESS: pass 3, at document #1067/1067
2018-08-28 03:55:13,627 : INFO : topic #7 (0.100): 0.009*"tether" + 0.006*"get" + 0.005*"like" + 0.005*"people" + 0.005*"fucking" + 0.005*"btc" + 0.004*"buy" + 0.004*"bitcoin" + 0.004*"even" + 0.004*"would"
2018-08-28 03:55:13,629 : INFO : topic #9 (0.100): 0.009*"buy" + 0.008*"like" + 0.007*"get" + 0.007*"im" + 0.006*"going" + 0.005*"go" + 0.005*"coin" + 0.005*"money" + 0.005*"good" + 0.005*"sell"
2018-08-28 03:55:13,630 : INFO : topic #0 (0.100): 0.009*"btc" + 0.007*"get" + 0.007*"like" + 0.006*"buy" + 0.006*"im" + 0.006*"people" + 0.006*"coin" + 0.005*"money" + 0.005*"bitcoin" + 0.005*"would"
2018-08-28 03:55:13,631 : INFO : topic #3 (0.100): 0.007*"scam" + 0.005*"like" + 0.005*"get" + 0.005*"people" + 0.005*"bitcoin" + 0.004*"would" + 0.004*"one" + 0.003*"shit" + 0.003*"going" + 0.003*"ha"
2018-08-28 03:55:13,633 : INFO : topic #6 (0.100): 0.007*"get" + 0.007*"like" + 0.007*"tax" + 0.005*"btc" + 0.004*"im" + 0.004*"would" + 0.004*"fucking" + 0.004*"one" + 0.004*"coin" + 0.004*"going"
2018-08-28 03:55:13,634 : INFO : topic diff=0.624945, rho=0.447214
2018-08-28 03:55:17,126 : INFO : -8.446 per-word bound, 348.7 perplexity estimate based on a held-out corpus of 1067 documents with 1256157 words
2018-08-28 03:55:17,126 : INFO : PROGRESS: pass 4, at document #1067/1067
2018-08-28 03:55:18,653 : INFO : topic #8 (0.100): 0.006*"get" + 0.006*"im" + 0.006*"like" + 0.004*"make" + 0.004*"people" + 0.004*"want" + 0.004*"work" + 0.004*"good" + 0.004*"time" + 0.004*"money"
2018-08-28 03:55:18,654 : INFO : topic #4 (0.100): 0.010*"link" + 0.006*"like" + 0.006*"get" + 0.005*"would" + 0.004*"contract" + 0.004*"token" + 0.004*"make" + 0.004*"smart" + 0.004*"money" + 0.004*"use"
2018-08-28 03:55:18,654 : INFO : topic #7 (0.100): 0.011*"tether" + 0.006*"get" + 0.005*"like" + 0.005*"people" + 0.005*"fucking" + 0.004*"btc" + 0.004*"buy" + 0.004*"would" + 0.004*"exchange" + 0.004*"even"
2018-08-28 03:55:18,655 : INFO : topic #0 (0.100): 0.009*"btc" + 0.007*"like" + 0.007*"get" + 0.006*"buy" + 0.006*"im" + 0.006*"coin" + 0.006*"people" + 0.005*"bitcoin" + 0.005*"money" + 0.005*"bch"
2018-08-28 03:55:18,657 : INFO : topic #1 (0.100): 0.013*"chancoin" + 0.007*"get" + 0.007*"like" + 0.005*"would" + 0.005*"money" + 0.005*"make" + 0.005*"wallet" + 0.004*"monero" + 0.004*"people" + 0.004*"im"
2018-08-28 03:55:18,658 : INFO : topic diff=0.412191, rho=0.408248
2018-08-28 03:55:22,067 : INFO : -8.425 per-word bound, 343.6 perplexity estimate based on a held-out corpus of 1067 documents with 1256157 words
2018-08-28 03:55:22,068 : INFO : PROGRESS: pass 5, at document #1067/1067
2018-08-28 03:55:23,623 : INFO : topic #8 (0.100): 0.006*"get" + 0.006*"like" + 0.005*"im" + 0.004*"people" + 0.004*"make" + 0.004*"work" + 0.004*"want" + 0.004*"good" + 0.004*"money" + 0.003*"time"
2018-08-28 03:55:23,627 : INFO : topic #5 (0.100): 0.010*"btc" + 0.008*"bitcoin" + 0.007*"like" + 0.007*"bch" + 0.007*"get" + 0.006*"fucking" + 0.005*"people" + 0.005*"go" + 0.005*"money" + 0.005*"make"
2018-08-28 03:55:23,628 : INFO : topic #6 (0.100): 0.010*"tax" + 0.007*"get" + 0.007*"like" + 0.005*"gain" + 0.005*"im" + 0.005*"pay" + 0.004*"year" + 0.004*"crypto" + 0.004*"would" + 0.004*"money"
2018-08-28 03:55:23,629 : INFO : topic #9 (0.100): 0.009*"buy" + 0.008*"im" + 0.008*"like" + 0.007*"get" + 0.007*"going" + 0.005*"go" + 0.005*"coin" + 0.005*"money" + 0.005*"sell" + 0.005*"good"
2018-08-28 03:55:23,630 : INFO : topic #1 (0.100): 0.013*"chancoin" + 0.007*"get" + 0.007*"like" + 0.005*"wallet" + 0.005*"would" + 0.005*"money" + 0.005*"make" + 0.005*"monero" + 0.004*"people" + 0.004*"im"
2018-08-28 03:55:23,631 : INFO : topic diff=0.276908, rho=0.377964
2018-08-28 03:55:27,079 : INFO : -8.412 per-word bound, 340.6 perplexity estimate based on a held-out corpus of 1067 documents with 1256157 words
2018-08-28 03:55:27,079 : INFO : PROGRESS: pass 6, at document #1067/1067
2018-08-28 03:55:28,675 : INFO : topic #0 (0.100): 0.009*"btc" + 0.007*"like" + 0.007*"get" + 0.006*"buy" + 0.006*"im" + 0.006*"coin" + 0.006*"people" + 0.005*"bitcoin" + 0.005*"bch" + 0.005*"going"
2018-08-28 03:55:28,676 : INFO : topic #4 (0.100): 0.013*"link" + 0.006*"like" + 0.005*"get" + 0.005*"token" + 0.005*"contract" + 0.005*"would" + 0.005*"smart" + 0.004*"chainlink" + 0.004*"use" + 0.004*"data"
2018-08-28 03:55:28,677 : INFO : topic #2 (0.100): 0.009*"link" + 0.008*"im" + 0.007*"get" + 0.007*"like" + 0.005*"make" + 0.005*"money" + 0.005*"die" + 0.005*"go" + 0.005*"fucking" + 0.004*"buy"
2018-08-28 03:55:28,678 : INFO : topic #3 (0.100): 0.011*"scam" + 0.005*"ha" + 0.004*"like" + 0.004*"bitcoin" + 0.003*"people" + 0.003*"get" + 0.003*"shit" + 0.003*"would" + 0.002*"one" + 0.002*"fucking"
2018-08-28 03:55:28,680 : INFO : topic #6 (0.100): 0.011*"tax" + 0.007*"get" + 0.007*"like" + 0.005*"gain" + 0.005*"pay" + 0.005*"year" + 0.005*"im" + 0.005*"crypto" + 0.004*"would" + 0.004*"money"
2018-08-28 03:55:28,681 : INFO : topic diff=0.190560, rho=0.353553
2018-08-28 03:55:32,091 : INFO : -8.403 per-word bound, 338.6 perplexity estimate based on a held-out corpus of 1067 documents with 1256157 words
2018-08-28 03:55:32,092 : INFO : PROGRESS: pass 7, at document #1067/1067
2018-08-28 03:55:33,623 : INFO : topic #4 (0.100): 0.014*"link" + 0.006*"like" + 0.006*"token" + 0.005*"contract" + 0.005*"get" + 0.005*"smart" + 0.005*"would" + 0.005*"chainlink" + 0.005*"data" + 0.005*"use"
2018-08-28 03:55:33,625 : INFO : topic #6 (0.100): 0.012*"tax" + 0.007*"get" + 0.007*"like" + 0.006*"gain" + 0.005*"pay" + 0.005*"year" + 0.005*"crypto" + 0.005*"im" + 0.004*"trade" + 0.004*"would"
2018-08-28 03:55:33,626 : INFO : topic #5 (0.100): 0.010*"btc" + 0.009*"bitcoin" + 0.007*"like" + 0.007*"bch" + 0.007*"get" + 0.006*"fucking" + 0.005*"people" + 0.005*"go" + 0.005*"money" + 0.005*"make"
2018-08-28 03:55:33,627 : INFO : topic #0 (0.100): 0.009*"btc" + 0.007*"like" + 0.007*"get" + 0.006*"buy" + 0.006*"coin" + 0.006*"im" + 0.006*"people" + 0.005*"bitcoin" + 0.005*"bch" + 0.005*"going"
2018-08-28 03:55:33,628 : INFO : topic #2 (0.100): 0.009*"link" + 0.008*"im" + 0.008*"get" + 0.007*"like" + 0.005*"make" + 0.005*"money" + 0.005*"die" + 0.005*"go" + 0.004*"fucking" + 0.004*"year"
2018-08-28 03:55:33,629 : INFO : topic diff=0.134583, rho=0.333333
2018-08-28 03:55:37,073 : INFO : -8.397 per-word bound, 337.2 perplexity estimate based on a held-out corpus of 1067 documents with 1256157 words
2018-08-28 03:55:37,074 : INFO : PROGRESS: pass 8, at document #1067/1067
2018-08-28 03:55:38,623 : INFO : topic #4 (0.100): 0.014*"link" + 0.006*"token" + 0.006*"like" + 0.006*"contract" + 0.005*"smart" + 0.005*"would" + 0.005*"chainlink" + 0.005*"get" + 0.005*"data" + 0.005*"use"
2018-08-28 03:55:38,624 : INFO : topic #7 (0.100): 0.016*"tether" + 0.006*"get" + 0.006*"bitfinex" + 0.005*"people" + 0.005*"like" + 0.005*"usd" + 0.005*"exchange" + 0.005*"fucking" + 0.004*"btc" + 0.004*"usdt"
2018-08-28 03:55:38,625 : INFO : topic #1 (0.100): 0.015*"chancoin" + 0.007*"wallet" + 0.007*"get" + 0.006*"like" + 0.006*"monero" + 0.005*"would" + 0.005*"money" + 0.005*"make" + 0.004*"transaction" + 0.004*"people"
2018-08-28 03:55:38,626 : INFO : topic #0 (0.100): 0.009*"btc" + 0.007*"like" + 0.007*"get" + 0.006*"buy" + 0.006*"coin" + 0.006*"im" + 0.006*"people" + 0.005*"bitcoin" + 0.005*"bch" + 0.005*"going"
2018-08-28 03:55:38,628 : INFO : topic #6 (0.100): 0.012*"tax" + 0.007*"get" + 0.007*"like" + 0.006*"gain" + 0.006*"pay" + 0.005*"year" + 0.005*"crypto" + 0.005*"im" + 0.005*"trade" + 0.004*"money"
2018-08-28 03:55:38,629 : INFO : topic diff=0.097704, rho=0.316228
2018-08-28 03:55:42,034 : INFO : -8.393 per-word bound, 336.1 perplexity estimate based on a held-out corpus of 1067 documents with 1256157 words
2018-08-28 03:55:42,034 : INFO : PROGRESS: pass 9, at document #1067/1067
2018-08-28 03:55:43,592 : INFO : topic #9 (0.100): 0.009*"buy" + 0.008*"im" + 0.008*"like" + 0.007*"get" + 0.007*"going" + 0.005*"go" + 0.005*"sell" + 0.005*"coin" + 0.005*"money" + 0.005*"good"
2018-08-28 03:55:43,593 : INFO : topic #3 (0.100): 0.014*"scam" + 0.007*"ha" + 0.003*"tesla" + 0.002*"bitcoin" + 0.002*"like" + 0.002*"people" + 0.002*"shit" + 0.002*"car" + 0.002*"get" + 0.002*"would"
2018-08-28 03:55:43,594 : INFO : topic #4 (0.100): 0.015*"link" + 0.006*"token" + 0.006*"contract" + 0.006*"like" + 0.006*"smart" + 0.005*"chainlink" + 0.005*"would" + 0.005*"data" + 0.005*"get" + 0.005*"use"
2018-08-28 03:55:43,596 : INFO : topic #6 (0.100): 0.013*"tax" + 0.007*"get" + 0.007*"like" + 0.006*"gain" + 0.006*"pay" + 0.005*"year" + 0.005*"crypto" + 0.005*"trade" + 0.005*"im" + 0.004*"money"
2018-08-28 03:55:43,597 : INFO : topic #7 (0.100): 0.016*"tether" + 0.006*"bitfinex" + 0.006*"get" + 0.005*"people" + 0.005*"usd" + 0.005*"like" + 0.005*"exchange" + 0.004*"fucking" + 0.004*"usdt" + 0.004*"btc"
2018-08-28 03:55:43,598 : INFO : topic diff=0.073171, rho=0.301511
2018-08-28 03:55:47,054 : INFO : -8.389 per-word bound, 335.2 perplexity estimate based on a held-out corpus of 1067 documents with 1256157 words
2018-08-28 03:55:47,054 : INFO : PROGRESS: pass 10, at document #1067/1067
2018-08-28 03:55:48,641 : INFO : topic #4 (0.100): 0.016*"link" + 0.006*"token" + 0.006*"contract" + 0.006*"like" + 0.006*"smart" + 0.006*"chainlink" + 0.005*"would" + 0.005*"data" + 0.005*"use" + 0.005*"get"
2018-08-28 03:55:48,643 : INFO : topic #5 (0.100): 0.010*"btc" + 0.009*"bitcoin" + 0.007*"like" + 0.007*"bch" + 0.007*"get" + 0.006*"fucking" + 0.006*"people" + 0.005*"make" + 0.005*"money" + 0.005*"go"
2018-08-28 03:55:48,644 : INFO : topic #1 (0.100): 0.015*"chancoin" + 0.007*"wallet" + 0.007*"get" + 0.006*"like" + 0.006*"monero" + 0.005*"would" + 0.005*"money" + 0.005*"make" + 0.005*"transaction" + 0.004*"one"
2018-08-28 03:55:48,645 : INFO : topic #2 (0.100): 0.009*"link" + 0.008*"get" + 0.008*"im" + 0.008*"like" + 0.006*"make" + 0.006*"money" + 0.005*"year" + 0.005*"die" + 0.005*"go" + 0.004*"fucking"
2018-08-28 03:55:48,647 : INFO : topic #8 (0.100): 0.006*"get" + 0.005*"like" + 0.005*"people" + 0.005*"im" + 0.004*"work" + 0.004*"make" + 0.004*"life" + 0.004*"want" + 0.003*"good" + 0.003*"money"
2018-08-28 03:55:48,648 : INFO : topic diff=0.056755, rho=0.288675
2018-08-28 03:55:52,091 : INFO : -8.386 per-word bound, 334.5 perplexity estimate based on a held-out corpus of 1067 documents with 1256157 words
2018-08-28 03:55:52,091 : INFO : PROGRESS: pass 11, at document #1067/1067
2018-08-28 03:55:53,648 : INFO : topic #8 (0.100): 0.005*"get" + 0.005*"people" + 0.005*"like" + 0.004*"im" + 0.004*"work" + 0.004*"life" + 0.004*"make" + 0.004*"want" + 0.003*"good" + 0.003*"money"
2018-08-28 03:55:53,653 : INFO : topic #6 (0.100): 0.014*"tax" + 0.007*"get" + 0.007*"like" + 0.006*"gain" + 0.006*"pay" + 0.006*"crypto" + 0.005*"year" + 0.005*"trade" + 0.005*"im" + 0.004*"irs"
2018-08-28 03:55:53,655 : INFO : topic #1 (0.100): 0.015*"chancoin" + 0.007*"wallet" + 0.007*"get" + 0.006*"like" + 0.006*"monero" + 0.005*"would" + 0.005*"money" + 0.005*"transaction" + 0.005*"make" + 0.004*"one"
2018-08-28 03:55:53,656 : INFO : topic #3 (0.100): 0.014*"scam" + 0.007*"ha" + 0.003*"tesla" + 0.002*"car" + 0.002*"bitcoin" + 0.002*"like" + 0.002*"shit" + 0.001*"people" + 0.001*"ev" + 0.001*"weed"
2018-08-28 03:55:53,657 : INFO : topic #2 (0.100): 0.009*"link" + 0.008*"get" + 0.008*"im" + 0.008*"like" + 0.006*"make" + 0.006*"money" + 0.005*"year" + 0.005*"die" + 0.005*"go" + 0.004*"good"
2018-08-28 03:55:53,658 : INFO : topic diff=0.045621, rho=0.277350
2018-08-28 03:55:57,135 : INFO : -8.383 per-word bound, 333.9 perplexity estimate based on a held-out corpus of 1067 documents with 1256157 words
2018-08-28 03:55:57,137 : INFO : PROGRESS: pass 12, at document #1067/1067
2018-08-28 03:55:58,737 : INFO : topic #8 (0.100): 0.005*"get" + 0.005*"people" + 0.004*"like" + 0.004*"im" + 0.004*"work" + 0.004*"life" + 0.004*"make" + 0.004*"want" + 0.003*"good" + 0.003*"money"
2018-08-28 03:55:58,739 : INFO : topic #6 (0.100): 0.014*"tax" + 0.007*"get" + 0.007*"gain" + 0.007*"like" + 0.006*"pay" + 0.006*"crypto" + 0.006*"year" + 0.005*"trade" + 0.005*"im" + 0.005*"irs"
2018-08-28 03:55:58,740 : INFO : topic #1 (0.100): 0.016*"chancoin" + 0.008*"wallet" + 0.007*"get" + 0.006*"like" + 0.006*"monero" + 0.005*"would" + 0.005*"transaction" + 0.005*"money" + 0.004*"make" + 0.004*"one"
2018-08-28 03:55:58,741 : INFO : topic #2 (0.100): 0.009*"link" + 0.008*"get" + 0.008*"im" + 0.008*"like" + 0.006*"make" + 0.006*"money" + 0.005*"year" + 0.005*"die" + 0.005*"job" + 0.005*"go"
2018-08-28 03:55:58,742 : INFO : topic #5 (0.100): 0.010*"btc" + 0.009*"bitcoin" + 0.007*"like" + 0.007*"bch" + 0.007*"get" + 0.006*"fucking" + 0.006*"people" + 0.005*"make" + 0.005*"money" + 0.005*"go"
2018-08-28 03:55:58,744 : INFO : topic diff=0.037860, rho=0.267261
2018-08-28 03:56:02,194 : INFO : -8.381 per-word bound, 333.3 perplexity estimate based on a held-out corpus of 1067 documents with 1256157 words
2018-08-28 03:56:02,195 : INFO : PROGRESS: pass 13, at document #1067/1067
2018-08-28 03:56:03,737 : INFO : topic #9 (0.100): 0.009*"buy" + 0.008*"im" + 0.008*"like" + 0.007*"get" + 0.007*"going" + 0.005*"go" + 0.005*"sell" + 0.005*"day" + 0.005*"good" + 0.005*"money"
2018-08-28 03:56:03,739 : INFO : topic #6 (0.100): 0.015*"tax" + 0.007*"get" + 0.007*"gain" + 0.007*"like" + 0.006*"pay" + 0.006*"crypto" + 0.006*"year" + 0.005*"trade" + 0.005*"irs" + 0.005*"im"
2018-08-28 03:56:03,740 : INFO : topic #3 (0.100): 0.015*"scam" + 0.008*"ha" + 0.003*"tesla" + 0.002*"car" + 0.002*"ev" + 0.001*"bitcoin" + 0.001*"weed" + 0.001*"like" + 0.001*"smoke" + 0.001*"shit"
2018-08-28 03:56:03,741 : INFO : topic #7 (0.100): 0.019*"tether" + 0.007*"bitfinex" + 0.006*"usd" + 0.005*"get" + 0.005*"exchange" + 0.005*"people" + 0.005*"usdt" + 0.005*"like" + 0.004*"fucking" + 0.004*"btc"
2018-08-28 03:56:03,742 : INFO : topic #5 (0.100): 0.010*"btc" + 0.009*"bitcoin" + 0.007*"like" + 0.007*"bch" + 0.007*"get" + 0.006*"fucking" + 0.006*"people" + 0.005*"make" + 0.005*"money" + 0.005*"go"
2018-08-28 03:56:03,744 : INFO : topic diff=0.032311, rho=0.258199
2018-08-28 03:56:07,228 : INFO : -8.378 per-word bound, 332.8 perplexity estimate based on a held-out corpus of 1067 documents with 1256157 words
2018-08-28 03:56:07,229 : INFO : PROGRESS: pass 14, at document #1067/1067
2018-08-28 03:56:08,748 : INFO : topic #2 (0.100): 0.009*"link" + 0.009*"get" + 0.008*"im" + 0.008*"like" + 0.006*"make" + 0.006*"money" + 0.006*"year" + 0.005*"job" + 0.005*"want" + 0.005*"die"
2018-08-28 03:56:08,749 : INFO : topic #0 (0.100): 0.010*"btc" + 0.007*"like" + 0.007*"get" + 0.007*"coin" + 0.007*"buy" + 0.006*"im" + 0.006*"bitcoin" + 0.006*"people" + 0.005*"bch" + 0.005*"going"
2018-08-28 03:56:08,750 : INFO : topic #1 (0.100): 0.016*"chancoin" + 0.008*"wallet" + 0.007*"monero" + 0.006*"get" + 0.006*"like" + 0.005*"would" + 0.005*"transaction" + 0.004*"money" + 0.004*"make" + 0.004*"one"
2018-08-28 03:56:08,751 : INFO : topic #5 (0.100): 0.010*"btc" + 0.009*"bitcoin" + 0.007*"like" + 0.007*"bch" + 0.007*"get" + 0.006*"fucking" + 0.006*"people" + 0.005*"make" + 0.005*"money" + 0.005*"go"
2018-08-28 03:56:08,752 : INFO : topic #8 (0.100): 0.005*"get" + 0.004*"people" + 0.004*"like" + 0.004*"life" + 0.004*"im" + 0.004*"work" + 0.003*"make" + 0.003*"want" + 0.003*"good" + 0.003*"money"
2018-08-28 03:56:08,754 : INFO : topic diff=0.028280, rho=0.250000
2018-08-28 03:56:12,226 : INFO : -8.377 per-word bound, 332.3 perplexity estimate based on a held-out corpus of 1067 documents with 1256157 words
2018-08-28 03:56:12,227 : INFO : PROGRESS: pass 15, at document #1067/1067
2018-08-28 03:56:13,815 : INFO : topic #1 (0.100): 0.017*"chancoin" + 0.008*"wallet" + 0.007*"monero" + 0.006*"get" + 0.006*"like" + 0.005*"would" + 0.005*"transaction" + 0.004*"money" + 0.004*"make" + 0.004*"one"
2018-08-28 03:56:13,817 : INFO : topic #8 (0.100): 0.005*"get" + 0.004*"people" + 0.004*"life" + 0.004*"like" + 0.004*"work" + 0.004*"im" + 0.003*"make" + 0.003*"want" + 0.003*"good" + 0.003*"money"
2018-08-28 03:56:13,818 : INFO : topic #2 (0.100): 0.009*"get" + 0.008*"link" + 0.008*"im" + 0.008*"like" + 0.006*"make" + 0.006*"money" + 0.006*"year" + 0.005*"job" + 0.005*"want" + 0.005*"good"
2018-08-28 03:56:13,819 : INFO : topic #3 (0.100): 0.016*"scam" + 0.008*"ha" + 0.003*"tesla" + 0.002*"car" + 0.002*"ev" + 0.001*"weed" + 0.001*"egg" + 0.001*"smoke" + 0.001*"bitcoin" + 0.001*"smoking"
2018-08-28 03:56:13,820 : INFO : topic #7 (0.100): 0.019*"tether" + 0.007*"bitfinex" + 0.006*"usd" + 0.005*"exchange" + 0.005*"people" + 0.005*"usdt" + 0.005*"get" + 0.004*"like" + 0.004*"fucking" + 0.004*"would"
2018-08-28 03:56:13,821 : INFO : topic diff=0.025310, rho=0.242536
2018-08-28 03:56:17,300 : INFO : -8.375 per-word bound, 331.9 perplexity estimate based on a held-out corpus of 1067 documents with 1256157 words
2018-08-28 03:56:17,301 : INFO : PROGRESS: pass 16, at document #1067/1067
2018-08-28 03:56:18,851 : INFO : topic #7 (0.100): 0.020*"tether" + 0.008*"bitfinex" + 0.006*"usd" + 0.006*"exchange" + 0.005*"usdt" + 0.005*"people" + 0.005*"get" + 0.004*"like" + 0.004*"fucking" + 0.004*"would"
2018-08-28 03:56:18,852 : INFO : topic #5 (0.100): 0.010*"btc" + 0.008*"bitcoin" + 0.008*"like" + 0.007*"get" + 0.007*"bch" + 0.006*"fucking" + 0.006*"people" + 0.005*"make" + 0.005*"money" + 0.005*"go"
2018-08-28 03:56:18,853 : INFO : topic #4 (0.100): 0.020*"link" + 0.007*"token" + 0.007*"chainlink" + 0.007*"contract" + 0.006*"smart" + 0.006*"data" + 0.006*"like" + 0.005*"use" + 0.005*"would" + 0.005*"node"
2018-08-28 03:56:18,855 : INFO : topic #9 (0.100): 0.009*"buy" + 0.008*"im" + 0.008*"like" + 0.007*"get" + 0.007*"going" + 0.006*"go" + 0.005*"sell" + 0.005*"day" + 0.005*"good" + 0.005*"money"
2018-08-28 03:56:18,856 : INFO : topic #1 (0.100): 0.017*"chancoin" + 0.008*"wallet" + 0.007*"monero" + 0.006*"get" + 0.006*"like" + 0.005*"would" + 0.005*"transaction" + 0.004*"money" + 0.004*"make" + 0.004*"one"
2018-08-28 03:56:18,857 : INFO : topic diff=0.023036, rho=0.235702
2018-08-28 03:56:22,333 : INFO : -8.373 per-word bound, 331.6 perplexity estimate based on a held-out corpus of 1067 documents with 1256157 words
2018-08-28 03:56:22,334 : INFO : PROGRESS: pass 17, at document #1067/1067
2018-08-28 03:56:24,050 : INFO : topic #1 (0.100): 0.017*"chancoin" + 0.009*"wallet" + 0.007*"monero" + 0.006*"get" + 0.006*"like" + 0.005*"would" + 0.005*"transaction" + 0.004*"money" + 0.004*"make" + 0.004*"one"
2018-08-28 03:56:24,053 : INFO : topic #5 (0.100): 0.009*"btc" + 0.008*"bitcoin" + 0.008*"like" + 0.007*"get" + 0.007*"bch" + 0.006*"fucking" + 0.006*"people" + 0.005*"make" + 0.005*"money" + 0.005*"go"
2018-08-28 03:56:24,054 : INFO : topic #9 (0.100): 0.009*"buy" + 0.008*"im" + 0.008*"like" + 0.007*"get" + 0.007*"going" + 0.006*"go" + 0.005*"sell" + 0.005*"day" + 0.005*"good" + 0.005*"money"
2018-08-28 03:56:24,057 : INFO : topic #0 (0.100): 0.010*"btc" + 0.007*"like" + 0.007*"coin" + 0.007*"get" + 0.007*"buy" + 0.006*"im" + 0.006*"bitcoin" + 0.006*"people" + 0.006*"bch" + 0.005*"going"
2018-08-28 03:56:24,058 : INFO : topic #6 (0.100): 0.016*"tax" + 0.007*"gain" + 0.007*"pay" + 0.007*"get" + 0.006*"like" + 0.006*"crypto" + 0.006*"year" + 0.006*"trade" + 0.005*"irs" + 0.005*"money"
2018-08-28 03:56:24,059 : INFO : topic diff=0.021221, rho=0.229416
2018-08-28 03:56:27,559 : INFO : -8.372 per-word bound, 331.2 perplexity estimate based on a held-out corpus of 1067 documents with 1256157 words
2018-08-28 03:56:27,560 : INFO : PROGRESS: pass 18, at document #1067/1067
2018-08-28 03:56:29,121 : INFO : topic #6 (0.100): 0.016*"tax" + 0.007*"gain" + 0.007*"pay" + 0.007*"get" + 0.006*"like" + 0.006*"crypto" + 0.006*"year" + 0.006*"trade" + 0.005*"irs" + 0.005*"money"
2018-08-28 03:56:29,122 : INFO : topic #9 (0.100): 0.009*"buy" + 0.008*"im" + 0.008*"like" + 0.007*"get" + 0.007*"going" + 0.006*"go" + 0.005*"sell" + 0.005*"day" + 0.005*"good" + 0.005*"money"
2018-08-28 03:56:29,123 : INFO : topic #1 (0.100): 0.017*"chancoin" + 0.009*"wallet" + 0.007*"monero" + 0.006*"get" + 0.006*"like" + 0.005*"would" + 0.005*"transaction" + 0.004*"money" + 0.004*"address" + 0.004*"make"
2018-08-28 03:56:29,125 : INFO : topic #7 (0.100): 0.021*"tether" + 0.008*"bitfinex" + 0.006*"usd" + 0.006*"exchange" + 0.006*"usdt" + 0.005*"people" + 0.005*"get" + 0.004*"fucking" + 0.004*"like" + 0.004*"would"
2018-08-28 03:56:29,126 : INFO : topic #8 (0.100): 0.004*"people" + 0.004*"get" + 0.004*"life" + 0.003*"work" + 0.003*"like" + 0.003*"im" + 0.003*"make" + 0.003*"want" + 0.003*"good" + 0.003*"thing"
2018-08-28 03:56:29,127 : INFO : topic diff=0.019766, rho=0.223607
2018-08-28 03:56:32,611 : INFO : -8.370 per-word bound, 330.9 perplexity estimate based on a held-out corpus of 1067 documents with 1256157 words
2018-08-28 03:56:32,611 : INFO : PROGRESS: pass 19, at document #1067/1067
2018-08-28 03:56:34,148 : INFO : topic #9 (0.100): 0.010*"buy" + 0.008*"im" + 0.008*"like" + 0.007*"get" + 0.007*"going" + 0.006*"go" + 0.005*"sell" + 0.005*"day" + 0.005*"good" + 0.005*"money"
2018-08-28 03:56:34,149 : INFO : topic #7 (0.100): 0.021*"tether" + 0.008*"bitfinex" + 0.007*"usd" + 0.006*"exchange" + 0.006*"usdt" + 0.005*"people" + 0.005*"get" + 0.004*"fucking" + 0.004*"like" + 0.004*"would"
2018-08-28 03:56:34,151 : INFO : topic #6 (0.100): 0.016*"tax" + 0.007*"gain" + 0.007*"pay" + 0.007*"get" + 0.006*"like" + 0.006*"crypto" + 0.006*"year" + 0.006*"trade" + 0.005*"irs" + 0.005*"money"
2018-08-28 03:56:34,152 : INFO : topic #3 (0.100): 0.016*"scam" + 0.008*"ha" + 0.003*"tesla" + 0.002*"ev" + 0.001*"car" + 0.001*"weed" + 0.001*"egg" + 0.001*"smoke" + 0.001*"smoking" + 0.001*"eat"
2018-08-28 03:56:34,153 : INFO : topic #2 (0.100): 0.009*"get" + 0.008*"im" + 0.008*"like" + 0.008*"link" + 0.006*"make" + 0.006*"money" + 0.006*"year" + 0.006*"job" + 0.005*"want" + 0.005*"good"
2018-08-28 03:56:34,154 : INFO : topic diff=0.018576, rho=0.218218
2018-08-28 03:56:37,704 : INFO : -8.369 per-word bound, 330.6 perplexity estimate based on a held-out corpus of 1067 documents with 1256157 words
2018-08-28 03:56:37,706 : INFO : PROGRESS: pass 20, at document #1067/1067
2018-08-28 03:56:39,255 : INFO : topic #6 (0.100): 0.016*"tax" + 0.007*"gain" + 0.007*"pay" + 0.007*"get" + 0.006*"crypto" + 0.006*"like" + 0.006*"year" + 0.006*"trade" + 0.005*"irs" + 0.005*"money"
2018-08-28 03:56:39,256 : INFO : topic #4 (0.100): 0.023*"link" + 0.008*"token" + 0.007*"chainlink" + 0.007*"contract" + 0.007*"smart" + 0.006*"data" + 0.006*"use" + 0.005*"like" + 0.005*"node" + 0.005*"oracle"
2018-08-28 03:56:39,257 : INFO : topic #2 (0.100): 0.009*"get" + 0.008*"im" + 0.008*"like" + 0.008*"link" + 0.006*"make" + 0.006*"money" + 0.006*"year" + 0.006*"job" + 0.005*"want" + 0.005*"good"
2018-08-28 03:56:39,258 : INFO : topic #1 (0.100): 0.018*"chancoin" + 0.009*"wallet" + 0.007*"monero" + 0.006*"get" + 0.006*"like" + 0.005*"transaction" + 0.005*"would" + 0.004*"address" + 0.004*"money" + 0.004*"one"
2018-08-28 03:56:39,259 : INFO : topic #0 (0.100): 0.010*"btc" + 0.007*"like" + 0.007*"coin" + 0.007*"get" + 0.007*"buy" + 0.006*"bitcoin" + 0.006*"im" + 0.006*"people" + 0.006*"bch" + 0.006*"going"
2018-08-28 03:56:39,261 : INFO : topic diff=0.017564, rho=0.213201
2018-08-28 03:56:42,691 : INFO : -8.368 per-word bound, 330.3 perplexity estimate based on a held-out corpus of 1067 documents with 1256157 words
2018-08-28 03:56:42,692 : INFO : PROGRESS: pass 21, at document #1067/1067
2018-08-28 03:56:44,242 : INFO : topic #6 (0.100): 0.016*"tax" + 0.007*"gain" + 0.007*"pay" + 0.007*"get" + 0.006*"crypto" + 0.006*"like" + 0.006*"year" + 0.006*"trade" + 0.005*"irs" + 0.005*"money"
2018-08-28 03:56:44,244 : INFO : topic #9 (0.100): 0.010*"buy" + 0.008*"im" + 0.008*"like" + 0.007*"get" + 0.007*"going" + 0.006*"go" + 0.005*"sell" + 0.005*"day" + 0.005*"good" + 0.005*"money"
2018-08-28 03:56:44,244 : INFO : topic #7 (0.100): 0.022*"tether" + 0.008*"bitfinex" + 0.007*"usd" + 0.006*"exchange" + 0.006*"usdt" + 0.005*"people" + 0.005*"get" + 0.004*"fucking" + 0.004*"like" + 0.004*"would"
2018-08-28 03:56:44,246 : INFO : topic #8 (0.100): 0.004*"life" + 0.004*"people" + 0.003*"get" + 0.003*"work" + 0.003*"like" + 0.003*"im" + 0.002*"want" + 0.002*"organ" + 0.002*"make" + 0.002*"thing"
2018-08-28 03:56:44,247 : INFO : topic #1 (0.100): 0.018*"chancoin" + 0.009*"wallet" + 0.007*"monero" + 0.006*"get" + 0.006*"like" + 0.005*"transaction" + 0.005*"would" + 0.004*"address" + 0.004*"money" + 0.004*"use"
2018-08-28 03:56:44,248 : INFO : topic diff=0.016703, rho=0.208514
2018-08-28 03:56:47,771 : INFO : -8.367 per-word bound, 330.0 perplexity estimate based on a held-out corpus of 1067 documents with 1256157 words
2018-08-28 03:56:47,773 : INFO : PROGRESS: pass 22, at document #1067/1067
2018-08-28 03:56:49,323 : INFO : topic #3 (0.100): 0.016*"scam" + 0.009*"ha" + 0.003*"tesla" + 0.002*"ev" + 0.001*"egg" + 0.001*"weed" + 0.001*"car" + 0.001*"smoke" + 0.001*"smoking" + 0.001*"battery"
2018-08-28 03:56:49,324 : INFO : topic #7 (0.100): 0.022*"tether" + 0.009*"bitfinex" + 0.007*"usd" + 0.006*"exchange" + 0.006*"usdt" + 0.005*"people" + 0.005*"get" + 0.004*"fucking" + 0.004*"like" + 0.004*"market"
2018-08-28 03:56:49,325 : INFO : topic #0 (0.100): 0.010*"btc" + 0.007*"coin" + 0.007*"like" + 0.007*"get" + 0.007*"buy" + 0.006*"bitcoin" + 0.006*"im" + 0.006*"bch" + 0.006*"people" + 0.006*"going"
2018-08-28 03:56:49,326 : INFO : topic #8 (0.100): 0.003*"life" + 0.003*"people" + 0.003*"get" + 0.003*"work" + 0.003*"like" + 0.003*"im" + 0.002*"organ" + 0.002*"want" + 0.002*"thing" + 0.002*"good"
2018-08-28 03:56:49,328 : INFO : topic #6 (0.100): 0.017*"tax" + 0.008*"gain" + 0.007*"pay" + 0.007*"get" + 0.006*"crypto" + 0.006*"like" + 0.006*"year" + 0.006*"trade" + 0.005*"irs" + 0.005*"money"
2018-08-28 03:56:49,329 : INFO : topic diff=0.015941, rho=0.204124
2018-08-28 03:56:52,790 : INFO : -8.365 per-word bound, 329.8 perplexity estimate based on a held-out corpus of 1067 documents with 1256157 words
2018-08-28 03:56:52,792 : INFO : PROGRESS: pass 23, at document #1067/1067
2018-08-28 03:56:54,323 : INFO : topic #1 (0.100): 0.018*"chancoin" + 0.010*"wallet" + 0.008*"monero" + 0.006*"get" + 0.006*"like" + 0.005*"transaction" + 0.005*"would" + 0.004*"address" + 0.004*"use" + 0.004*"money"
2018-08-28 03:56:54,324 : INFO : topic #7 (0.100): 0.023*"tether" + 0.009*"bitfinex" + 0.007*"usd" + 0.006*"usdt" + 0.006*"exchange" + 0.005*"people" + 0.005*"get" + 0.004*"fucking" + 0.004*"like" + 0.004*"market"
2018-08-28 03:56:54,325 : INFO : topic #2 (0.100): 0.010*"get" + 0.009*"im" + 0.008*"like" + 0.007*"link" + 0.007*"make" + 0.007*"money" + 0.006*"year" + 0.006*"job" + 0.005*"want" + 0.005*"good"
2018-08-28 03:56:54,326 : INFO : topic #8 (0.100): 0.003*"life" + 0.003*"people" + 0.003*"get" + 0.003*"work" + 0.003*"organ" + 0.002*"im" + 0.002*"like" + 0.002*"thing" + 0.002*"want" + 0.002*"good"
2018-08-28 03:56:54,328 : INFO : topic #6 (0.100): 0.017*"tax" + 0.008*"gain" + 0.007*"pay" + 0.007*"get" + 0.006*"crypto" + 0.006*"like" + 0.006*"year" + 0.006*"trade" + 0.005*"irs" + 0.005*"money"
2018-08-28 03:56:54,329 : INFO : topic diff=0.015276, rho=0.200000
2018-08-28 03:56:57,842 : INFO : -8.364 per-word bound, 329.6 perplexity estimate based on a held-out corpus of 1067 documents with 1256157 words
2018-08-28 03:56:57,842 : INFO : PROGRESS: pass 24, at document #1067/1067
2018-08-28 03:56:59,409 : INFO : topic #4 (0.100): 0.025*"link" + 0.008*"token" + 0.008*"chainlink" + 0.007*"contract" + 0.007*"smart" + 0.006*"data" + 0.006*"use" + 0.006*"node" + 0.005*"swift" + 0.005*"oracle"
2018-08-28 03:56:59,410 : INFO : topic #8 (0.100): 0.003*"life" + 0.003*"people" + 0.003*"get" + 0.003*"organ" + 0.002*"work" + 0.002*"im" + 0.002*"like" + 0.002*"thing" + 0.002*"want" + 0.002*"good"
2018-08-28 03:56:59,412 : INFO : topic #0 (0.100): 0.011*"btc" + 0.007*"coin" + 0.007*"like" + 0.007*"get" + 0.007*"buy" + 0.006*"bitcoin" + 0.006*"im" + 0.006*"bch" + 0.006*"people" + 0.006*"going"
2018-08-28 03:56:59,413 : INFO : topic #2 (0.100): 0.010*"get" + 0.009*"im" + 0.008*"like" + 0.007*"link" + 0.007*"make" + 0.007*"money" + 0.006*"year" + 0.006*"job" + 0.005*"want" + 0.005*"good"
2018-08-28 03:56:59,413 : INFO : topic #7 (0.100): 0.023*"tether" + 0.009*"bitfinex" + 0.007*"usd" + 0.006*"usdt" + 0.006*"exchange" + 0.005*"people" + 0.005*"get" + 0.004*"fucking" + 0.004*"like" + 0.004*"market"
2018-08-28 03:56:59,415 : INFO : topic diff=0.014687, rho=0.196116
2018-08-28 03:57:02,828 : INFO : -8.363 per-word bound, 329.3 perplexity estimate based on a held-out corpus of 1067 documents with 1256157 words
2018-08-28 03:57:02,828 : INFO : PROGRESS: pass 25, at document #1067/1067
2018-08-28 03:57:04,359 : INFO : topic #0 (0.100): 0.011*"btc" + 0.007*"coin" + 0.007*"like" + 0.007*"get" + 0.007*"buy" + 0.006*"bitcoin" + 0.006*"im" + 0.006*"bch" + 0.006*"people" + 0.006*"going"
2018-08-28 03:57:04,361 : INFO : topic #1 (0.100): 0.019*"chancoin" + 0.010*"wallet" + 0.008*"monero" + 0.006*"get" + 0.006*"like" + 0.005*"transaction" + 0.005*"would" + 0.005*"address" + 0.004*"use" + 0.004*"one"
2018-08-28 03:57:04,362 : INFO : topic #4 (0.100): 0.025*"link" + 0.008*"token" + 0.008*"chainlink" + 0.007*"contract" + 0.007*"smart" + 0.006*"data" + 0.006*"use" + 0.006*"node" + 0.006*"swift" + 0.005*"oracle"
2018-08-28 03:57:04,363 : INFO : topic #8 (0.100): 0.003*"life" + 0.003*"people" + 0.003*"organ" + 0.002*"get" + 0.002*"work" + 0.002*"im" + 0.002*"like" + 0.002*"thing" + 0.002*"want" + 0.002*"luck"
2018-08-28 03:57:04,364 : INFO : topic #6 (0.100): 0.017*"tax" + 0.008*"gain" + 0.007*"pay" + 0.007*"crypto" + 0.006*"get" + 0.006*"like" + 0.006*"trade" + 0.006*"year" + 0.005*"irs" + 0.005*"money"
2018-08-28 03:57:04,365 : INFO : topic diff=0.014159, rho=0.192450
2018-08-28 03:57:07,857 : INFO : -8.363 per-word bound, 329.1 perplexity estimate based on a held-out corpus of 1067 documents with 1256157 words
2018-08-28 03:57:07,858 : INFO : PROGRESS: pass 26, at document #1067/1067
2018-08-28 03:57:09,390 : INFO : topic #8 (0.100): 0.003*"life" + 0.003*"people" + 0.003*"organ" + 0.002*"get" + 0.002*"work" + 0.002*"im" + 0.002*"thing" + 0.002*"luck" + 0.002*"like" + 0.002*"want"
2018-08-28 03:57:09,391 : INFO : topic #3 (0.100): 0.016*"scam" + 0.009*"ha" + 0.003*"tesla" + 0.002*"ev" + 0.001*"egg" + 0.001*"weed" + 0.001*"smoking" + 0.001*"smoke" + 0.001*"car" + 0.001*"battery"
2018-08-28 03:57:09,392 : INFO : topic #2 (0.100): 0.010*"get" + 0.009*"im" + 0.008*"like" + 0.007*"make" + 0.007*"money" + 0.007*"link" + 0.006*"year" + 0.006*"job" + 0.005*"want" + 0.005*"good"
2018-08-28 03:57:09,392 : INFO : topic #4 (0.100): 0.026*"link" + 0.008*"token" + 0.008*"chainlink" + 0.007*"contract" + 0.007*"smart" + 0.006*"data" + 0.006*"use" + 0.006*"swift" + 0.006*"node" + 0.006*"oracle"
2018-08-28 03:57:09,393 : INFO : topic #5 (0.100): 0.008*"btc" + 0.008*"bitcoin" + 0.008*"like" + 0.007*"get" + 0.006*"people" + 0.006*"fucking" + 0.006*"bch" + 0.005*"make" + 0.005*"go" + 0.005*"money"
2018-08-28 03:57:09,395 : INFO : topic diff=0.013652, rho=0.188982
2018-08-28 03:57:12,806 : INFO : -8.362 per-word bound, 328.9 perplexity estimate based on a held-out corpus of 1067 documents with 1256157 words
2018-08-28 03:57:12,806 : INFO : PROGRESS: pass 27, at document #1067/1067
2018-08-28 03:57:14,365 : INFO : topic #9 (0.100): 0.010*"buy" + 0.008*"im" + 0.008*"like" + 0.007*"get" + 0.007*"going" + 0.006*"go" + 0.005*"sell" + 0.005*"day" + 0.005*"good" + 0.005*"money"
2018-08-28 03:57:14,366 : INFO : topic #3 (0.100): 0.016*"scam" + 0.009*"ha" + 0.003*"tesla" + 0.002*"ev" + 0.001*"egg" + 0.001*"weed" + 0.001*"smoking" + 0.001*"smoke" + 0.001*"car" + 0.001*"battery"
2018-08-28 03:57:14,368 : INFO : topic #5 (0.100): 0.008*"btc" + 0.008*"bitcoin" + 0.008*"like" + 0.007*"get" + 0.006*"people" + 0.006*"fucking" + 0.006*"bch" + 0.005*"make" + 0.005*"go" + 0.005*"money"
2018-08-28 03:57:14,369 : INFO : topic #8 (0.100): 0.003*"life" + 0.003*"organ" + 0.003*"people" + 0.002*"get" + 0.002*"work" + 0.002*"luck" + 0.002*"thing" + 0.002*"im" + 0.002*"die" + 0.002*"like"
2018-08-28 03:57:14,370 : INFO : topic #7 (0.100): 0.024*"tether" + 0.009*"bitfinex" + 0.007*"usd" + 0.006*"usdt" + 0.006*"exchange" + 0.005*"people" + 0.004*"get" + 0.004*"fucking" + 0.004*"market" + 0.004*"use"
2018-08-28 03:57:14,371 : INFO : topic diff=0.013169, rho=0.185695
2018-08-28 03:57:17,857 : INFO : -8.361 per-word bound, 328.7 perplexity estimate based on a held-out corpus of 1067 documents with 1256157 words
2018-08-28 03:57:17,859 : INFO : PROGRESS: pass 28, at document #1067/1067
2018-08-28 03:57:19,393 : INFO : topic #8 (0.100): 0.003*"life" + 0.003*"organ" + 0.002*"people" + 0.002*"get" + 0.002*"luck" + 0.002*"work" + 0.002*"thing" + 0.002*"die" + 0.002*"im" + 0.002*"like"
2018-08-28 03:57:19,395 : INFO : topic #0 (0.100): 0.011*"btc" + 0.007*"coin" + 0.007*"like" + 0.007*"buy" + 0.007*"get" + 0.006*"bitcoin" + 0.006*"im" + 0.006*"bch" + 0.006*"going" + 0.006*"people"
2018-08-28 03:57:19,395 : INFO : topic #7 (0.100): 0.024*"tether" + 0.009*"bitfinex" + 0.007*"usd" + 0.006*"usdt" + 0.006*"exchange" + 0.005*"people" + 0.004*"get" + 0.004*"fucking" + 0.004*"market" + 0.004*"use"
2018-08-28 03:57:19,396 : INFO : topic #2 (0.100): 0.010*"get" + 0.009*"im" + 0.009*"like" + 0.007*"make" + 0.007*"money" + 0.006*"year" + 0.006*"link" + 0.006*"job" + 0.005*"want" + 0.005*"good"
2018-08-28 03:57:19,397 : INFO : topic #4 (0.100): 0.027*"link" + 0.009*"token" + 0.008*"chainlink" + 0.007*"contract" + 0.007*"smart" + 0.006*"data" + 0.006*"use" + 0.006*"swift" + 0.006*"node" + 0.006*"oracle"
2018-08-28 03:57:19,398 : INFO : topic diff=0.012736, rho=0.182574
2018-08-28 03:57:22,844 : INFO : -8.360 per-word bound, 328.6 perplexity estimate based on a held-out corpus of 1067 documents with 1256157 words
2018-08-28 03:57:22,846 : INFO : PROGRESS: pass 29, at document #1067/1067
2018-08-28 03:57:24,394 : INFO : topic #9 (0.100): 0.010*"buy" + 0.008*"im" + 0.008*"like" + 0.007*"get" + 0.007*"going" + 0.006*"go" + 0.005*"sell" + 0.005*"day" + 0.005*"good" + 0.005*"money"
2018-08-28 03:57:24,395 : INFO : topic #0 (0.100): 0.011*"btc" + 0.007*"coin" + 0.007*"like" + 0.007*"buy" + 0.007*"get" + 0.006*"bitcoin" + 0.006*"im" + 0.006*"bch" + 0.006*"going" + 0.006*"people"
2018-08-28 03:57:24,396 : INFO : topic #2 (0.100): 0.010*"get" + 0.009*"im" + 0.009*"like" + 0.007*"make" + 0.007*"money" + 0.006*"year" + 0.006*"link" + 0.006*"job" + 0.005*"want" + 0.005*"good"
2018-08-28 03:57:24,398 : INFO : topic #3 (0.100): 0.016*"scam" + 0.009*"ha" + 0.003*"tesla" + 0.002*"ev" + 0.001*"egg" + 0.001*"weed" + 0.001*"smoking" + 0.001*"smoke" + 0.001*"battery" + 0.001*"car"
2018-08-28 03:57:24,399 : INFO : topic #6 (0.100): 0.018*"tax" + 0.008*"gain" + 0.008*"pay" + 0.007*"crypto" + 0.006*"get" + 0.006*"trade" + 0.006*"year" + 0.006*"like" + 0.005*"irs" + 0.005*"money"
2018-08-28 03:57:24,400 : INFO : topic diff=0.012295, rho=0.179605
2018-08-28 03:57:27,882 : INFO : -8.359 per-word bound, 328.4 perplexity estimate based on a held-out corpus of 1067 documents with 1256157 words
2018-08-28 03:57:27,883 : INFO : PROGRESS: pass 30, at document #1067/1067
2018-08-28 03:57:29,418 : INFO : topic #7 (0.100): 0.025*"tether" + 0.010*"bitfinex" + 0.008*"usd" + 0.007*"usdt" + 0.006*"exchange" + 0.005*"people" + 0.004*"get" + 0.004*"fucking" + 0.004*"market" + 0.004*"use"
2018-08-28 03:57:29,420 : INFO : topic #2 (0.100): 0.010*"get" + 0.009*"im" + 0.009*"like" + 0.007*"make" + 0.007*"money" + 0.006*"year" + 0.006*"link" + 0.006*"job" + 0.006*"want" + 0.005*"good"
2018-08-28 03:57:29,421 : INFO : topic #8 (0.100): 0.003*"organ" + 0.003*"life" + 0.002*"people" + 0.002*"luck" + 0.002*"die" + 0.002*"get" + 0.002*"thing" + 0.002*"work" + 0.002*"du" + 0.002*"im"
2018-08-28 03:57:29,422 : INFO : topic #9 (0.100): 0.010*"buy" + 0.008*"im" + 0.008*"like" + 0.007*"get" + 0.007*"going" + 0.006*"go" + 0.005*"sell" + 0.005*"day" + 0.005*"good" + 0.005*"money"
2018-08-28 03:57:29,423 : INFO : topic #5 (0.100): 0.008*"btc" + 0.008*"like" + 0.008*"bitcoin" + 0.007*"get" + 0.006*"people" + 0.006*"fucking" + 0.005*"bch" + 0.005*"make" + 0.005*"go" + 0.005*"money"
2018-08-28 03:57:29,424 : INFO : topic diff=0.011909, rho=0.176777
2018-08-28 03:57:32,850 : INFO : -8.358 per-word bound, 328.2 perplexity estimate based on a held-out corpus of 1067 documents with 1256157 words
2018-08-28 03:57:32,851 : INFO : PROGRESS: pass 31, at document #1067/1067
2018-08-28 03:57:34,375 : INFO : topic #3 (0.100): 0.016*"scam" + 0.009*"ha" + 0.003*"tesla" + 0.002*"ev" + 0.001*"egg" + 0.001*"weed" + 0.001*"smoking" + 0.001*"smoke" + 0.001*"battery" + 0.001*"tuna"
2018-08-28 03:57:34,376 : INFO : topic #8 (0.100): 0.003*"organ" + 0.002*"life" + 0.002*"people" + 0.002*"luck" + 0.002*"die" + 0.002*"du" + 0.002*"thing" + 0.002*"get" + 0.002*"germany" + 0.002*"work"
2018-08-28 03:57:34,377 : INFO : topic #1 (0.100): 0.020*"chancoin" + 0.011*"wallet" + 0.008*"monero" + 0.006*"get" + 0.005*"transaction" + 0.005*"like" + 0.005*"would" + 0.005*"address" + 0.004*"use" + 0.004*"one"
2018-08-28 03:57:34,378 : INFO : topic #2 (0.100): 0.010*"get" + 0.009*"im" + 0.009*"like" + 0.007*"make" + 0.007*"money" + 0.006*"year" + 0.006*"link" + 0.006*"job" + 0.006*"want" + 0.005*"good"
2018-08-28 03:57:34,379 : INFO : topic #9 (0.100): 0.010*"buy" + 0.008*"im" + 0.008*"like" + 0.007*"get" + 0.007*"going" + 0.006*"go" + 0.005*"sell" + 0.005*"day" + 0.005*"good" + 0.005*"money"
2018-08-28 03:57:34,380 : INFO : topic diff=0.011509, rho=0.174078
2018-08-28 03:57:37,848 : INFO : -8.358 per-word bound, 328.1 perplexity estimate based on a held-out corpus of 1067 documents with 1256157 words
2018-08-28 03:57:37,848 : INFO : PROGRESS: pass 32, at document #1067/1067
2018-08-28 03:57:39,372 : INFO : topic #0 (0.100): 0.011*"btc" + 0.007*"coin" + 0.007*"like" + 0.007*"buy" + 0.007*"get" + 0.006*"bitcoin" + 0.006*"bch" + 0.006*"im" + 0.006*"going" + 0.006*"people"
2018-08-28 03:57:39,374 : INFO : topic #7 (0.100): 0.026*"tether" + 0.010*"bitfinex" + 0.008*"usd" + 0.007*"usdt" + 0.006*"exchange" + 0.005*"people" + 0.004*"get" + 0.004*"fucking" + 0.004*"market" + 0.004*"use"
2018-08-28 03:57:39,375 : INFO : topic #9 (0.100): 0.010*"buy" + 0.008*"im" + 0.008*"like" + 0.007*"get" + 0.007*"going" + 0.006*"go" + 0.005*"sell" + 0.005*"day" + 0.005*"good" + 0.005*"money"
2018-08-28 03:57:39,376 : INFO : topic #3 (0.100): 0.016*"scam" + 0.009*"ha" + 0.003*"tesla" + 0.002*"ev" + 0.001*"egg" + 0.001*"weed" + 0.001*"smoking" + 0.001*"smoke" + 0.001*"battery" + 0.001*"tuna"
2018-08-28 03:57:39,378 : INFO : topic #6 (0.100): 0.018*"tax" + 0.008*"gain" + 0.008*"pay" + 0.007*"crypto" + 0.006*"trade" + 0.006*"get" + 0.006*"year" + 0.006*"like" + 0.006*"irs" + 0.005*"money"
2018-08-28 03:57:39,379 : INFO : topic diff=0.011157, rho=0.171499
2018-08-28 03:57:42,786 : INFO : -8.357 per-word bound, 327.9 perplexity estimate based on a held-out corpus of 1067 documents with 1256157 words
2018-08-28 03:57:42,786 : INFO : PROGRESS: pass 33, at document #1067/1067
2018-08-28 03:57:44,301 : INFO : topic #7 (0.100): 0.026*"tether" + 0.010*"bitfinex" + 0.008*"usd" + 0.007*"usdt" + 0.006*"exchange" + 0.005*"people" + 0.004*"get" + 0.004*"fucking" + 0.004*"market" + 0.004*"bank"
2018-08-28 03:57:44,303 : INFO : topic #2 (0.100): 0.010*"get" + 0.009*"im" + 0.009*"like" + 0.007*"make" + 0.007*"money" + 0.006*"year" + 0.006*"job" + 0.006*"link" + 0.006*"want" + 0.005*"good"
2018-08-28 03:57:44,304 : INFO : topic #0 (0.100): 0.011*"btc" + 0.007*"coin" + 0.007*"like" + 0.007*"buy" + 0.007*"get" + 0.006*"bitcoin" + 0.006*"bch" + 0.006*"im" + 0.006*"going" + 0.006*"people"
2018-08-28 03:57:44,304 : INFO : topic #4 (0.100): 0.029*"link" + 0.009*"token" + 0.008*"chainlink" + 0.008*"contract" + 0.007*"smart" + 0.006*"data" + 0.006*"use" + 0.006*"swift" + 0.006*"oracle" + 0.006*"node"
2018-08-28 03:57:44,306 : INFO : topic #6 (0.100): 0.018*"tax" + 0.008*"gain" + 0.008*"pay" + 0.007*"crypto" + 0.006*"trade" + 0.006*"get" + 0.006*"year" + 0.006*"like" + 0.006*"irs" + 0.005*"money"
2018-08-28 03:57:44,307 : INFO : topic diff=0.010796, rho=0.169031
2018-08-28 03:57:47,767 : INFO : -8.356 per-word bound, 327.7 perplexity estimate based on a held-out corpus of 1067 documents with 1256157 words
2018-08-28 03:57:47,768 : INFO : PROGRESS: pass 34, at document #1067/1067
2018-08-28 03:57:49,345 : INFO : topic #1 (0.100): 0.020*"chancoin" + 0.011*"wallet" + 0.008*"monero" + 0.006*"transaction" + 0.006*"get" + 0.005*"like" + 0.005*"address" + 0.005*"would" + 0.004*"use" + 0.004*"one"
2018-08-28 03:57:49,346 : INFO : topic #7 (0.100): 0.026*"tether" + 0.010*"bitfinex" + 0.008*"usd" + 0.007*"usdt" + 0.006*"exchange" + 0.005*"people" + 0.004*"get" + 0.004*"fucking" + 0.004*"bank" + 0.004*"market"
2018-08-28 03:57:49,347 : INFO : topic #5 (0.100): 0.008*"like" + 0.007*"btc" + 0.007*"bitcoin" + 0.007*"people" + 0.007*"get" + 0.006*"fucking" + 0.005*"make" + 0.005*"bch" + 0.005*"go" + 0.005*"money"
2018-08-28 03:57:49,349 : INFO : topic #9 (0.100): 0.010*"buy" + 0.008*"im" + 0.008*"like" + 0.007*"get" + 0.007*"going" + 0.006*"go" + 0.005*"sell" + 0.005*"day" + 0.005*"good" + 0.005*"money"
2018-08-28 03:57:49,350 : INFO : topic #6 (0.100): 0.018*"tax" + 0.008*"gain" + 0.008*"pay" + 0.007*"crypto" + 0.006*"trade" + 0.006*"get" + 0.006*"year" + 0.006*"like" + 0.006*"irs" + 0.005*"money"
2018-08-28 03:57:49,351 : INFO : topic diff=0.010471, rho=0.166667
2018-08-28 03:57:52,806 : INFO : -8.356 per-word bound, 327.6 perplexity estimate based on a held-out corpus of 1067 documents with 1256157 words
2018-08-28 03:57:52,808 : INFO : PROGRESS: pass 35, at document #1067/1067
2018-08-28 03:57:54,322 : INFO : topic #8 (0.100): 0.003*"organ" + 0.002*"life" + 0.002*"luck" + 0.002*"die" + 0.002*"du" + 0.002*"people" + 0.002*"germany" + 0.001*"suffering" + 0.001*"thing" + 0.001*"consent"
2018-08-28 03:57:54,324 : INFO : topic #3 (0.100): 0.016*"scam" + 0.009*"ha" + 0.003*"tesla" + 0.002*"ev" + 0.001*"egg" + 0.001*"weed" + 0.001*"smoking" + 0.001*"smoke" + 0.001*"tuna" + 0.001*"battery"
2018-08-28 03:57:54,325 : INFO : topic #0 (0.100): 0.011*"btc" + 0.007*"coin" + 0.007*"like" + 0.007*"buy" + 0.007*"get" + 0.007*"bitcoin" + 0.006*"bch" + 0.006*"im" + 0.006*"going" + 0.006*"people"
2018-08-28 03:57:54,325 : INFO : topic #4 (0.100): 0.030*"link" + 0.009*"token" + 0.009*"chainlink" + 0.008*"contract" + 0.007*"smart" + 0.006*"data" + 0.006*"swift" + 0.006*"use" + 0.006*"oracle" + 0.006*"node"
2018-08-28 03:57:54,327 : INFO : topic #6 (0.100): 0.018*"tax" + 0.008*"gain" + 0.008*"pay" + 0.007*"crypto" + 0.006*"trade" + 0.006*"get" + 0.006*"year" + 0.006*"like" + 0.006*"irs" + 0.005*"money"
2018-08-28 03:57:54,328 : INFO : topic diff=0.010146, rho=0.164399
2018-08-28 03:57:57,995 : INFO : -8.355 per-word bound, 327.5 perplexity estimate based on a held-out corpus of 1067 documents with 1256157 words
2018-08-28 03:57:57,997 : INFO : PROGRESS: pass 36, at document #1067/1067
2018-08-28 03:57:59,584 : INFO : topic #2 (0.100): 0.010*"get" + 0.009*"like" + 0.009*"im" + 0.007*"money" + 0.007*"make" + 0.006*"year" + 0.006*"job" + 0.006*"want" + 0.005*"good" + 0.005*"link"
2018-08-28 03:57:59,586 : INFO : topic #8 (0.100): 0.003*"organ" + 0.002*"life" + 0.002*"die" + 0.002*"luck" + 0.002*"du" + 0.002*"germany" + 0.002*"people" + 0.002*"suffering" + 0.001*"consent" + 0.001*"thing"
2018-08-28 03:57:59,587 : INFO : topic #5 (0.100): 0.008*"like" + 0.007*"btc" + 0.007*"bitcoin" + 0.007*"people" + 0.007*"get" + 0.006*"fucking" + 0.005*"make" + 0.005*"go" + 0.005*"money" + 0.005*"bch"
2018-08-28 03:57:59,588 : INFO : topic #3 (0.100): 0.016*"scam" + 0.009*"ha" + 0.003*"tesla" + 0.002*"ev" + 0.001*"egg" + 0.001*"weed" + 0.001*"smoking" + 0.001*"smoke" + 0.001*"tuna" + 0.001*"battery"
2018-08-28 03:57:59,589 : INFO : topic #9 (0.100): 0.010*"buy" + 0.008*"im" + 0.008*"like" + 0.007*"get" + 0.007*"going" + 0.006*"go" + 0.005*"sell" + 0.005*"day" + 0.005*"good" + 0.005*"money"
2018-08-28 03:57:59,590 : INFO : topic diff=0.009838, rho=0.162221
2018-08-28 03:58:03,032 : INFO : -8.355 per-word bound, 327.3 perplexity estimate based on a held-out corpus of 1067 documents with 1256157 words
2018-08-28 03:58:03,033 : INFO : PROGRESS: pass 37, at document #1067/1067
2018-08-28 03:58:04,551 : INFO : topic #5 (0.100): 0.008*"like" + 0.007*"btc" + 0.007*"bitcoin" + 0.007*"people" + 0.007*"get" + 0.006*"fucking" + 0.005*"make" + 0.005*"go" + 0.005*"money" + 0.005*"one"
2018-08-28 03:58:04,552 : INFO : topic #0 (0.100): 0.011*"btc" + 0.007*"coin" + 0.007*"like" + 0.007*"buy" + 0.007*"get" + 0.007*"bitcoin" + 0.006*"bch" + 0.006*"im" + 0.006*"going" + 0.006*"people"
2018-08-28 03:58:04,553 : INFO : topic #9 (0.100): 0.010*"buy" + 0.008*"im" + 0.008*"like" + 0.007*"get" + 0.007*"going" + 0.006*"go" + 0.005*"sell" + 0.005*"day" + 0.005*"good" + 0.005*"money"
2018-08-28 03:58:04,554 : INFO : topic #3 (0.100): 0.016*"scam" + 0.009*"ha" + 0.003*"tesla" + 0.002*"ev" + 0.001*"egg" + 0.001*"weed" + 0.001*"smoking" + 0.001*"smoke" + 0.001*"tuna" + 0.001*"battery"
2018-08-28 03:58:04,555 : INFO : topic #4 (0.100): 0.031*"link" + 0.009*"token" + 0.009*"chainlink" + 0.008*"contract" + 0.008*"smart" + 0.006*"swift" + 0.006*"data" + 0.006*"use" + 0.006*"oracle" + 0.006*"node"
2018-08-28 03:58:04,556 : INFO : topic diff=0.009552, rho=0.160128
2018-08-28 03:58:07,999 : INFO : -8.354 per-word bound, 327.2 perplexity estimate based on a held-out corpus of 1067 documents with 1256157 words
2018-08-28 03:58:08,000 : INFO : PROGRESS: pass 38, at document #1067/1067
2018-08-28 03:58:09,565 : INFO : topic #7 (0.100): 0.027*"tether" + 0.011*"bitfinex" + 0.008*"usd" + 0.007*"usdt" + 0.007*"exchange" + 0.004*"people" + 0.004*"bank" + 0.004*"get" + 0.004*"use" + 0.004*"market"
2018-08-28 03:58:09,566 : INFO : topic #6 (0.100): 0.019*"tax" + 0.008*"gain" + 0.008*"pay" + 0.007*"crypto" + 0.007*"trade" + 0.006*"year" + 0.006*"get" + 0.006*"like" + 0.006*"irs" + 0.005*"money"
2018-08-28 03:58:09,567 : INFO : topic #4 (0.100): 0.031*"link" + 0.009*"token" + 0.009*"chainlink" + 0.008*"contract" + 0.008*"smart" + 0.006*"swift" + 0.006*"data" + 0.006*"use" + 0.006*"oracle" + 0.006*"node"
2018-08-28 03:58:09,568 : INFO : topic #1 (0.100): 0.021*"chancoin" + 0.011*"wallet" + 0.009*"monero" + 0.006*"transaction" + 0.005*"get" + 0.005*"address" + 0.005*"like" + 0.005*"would" + 0.005*"use" + 0.004*"one"
2018-08-28 03:58:09,569 : INFO : topic #2 (0.100): 0.010*"get" + 0.009*"like" + 0.009*"im" + 0.007*"money" + 0.007*"make" + 0.006*"year" + 0.006*"job" + 0.006*"want" + 0.006*"good" + 0.005*"link"
2018-08-28 03:58:09,570 : INFO : topic diff=0.009279, rho=0.158114
2018-08-28 03:58:12,989 : INFO : -8.354 per-word bound, 327.1 perplexity estimate based on a held-out corpus of 1067 documents with 1256157 words
2018-08-28 03:58:12,990 : INFO : PROGRESS: pass 39, at document #1067/1067
2018-08-28 03:58:14,530 : INFO : topic #9 (0.100): 0.010*"buy" + 0.008*"im" + 0.008*"like" + 0.007*"get" + 0.007*"going" + 0.006*"go" + 0.005*"sell" + 0.005*"day" + 0.005*"good" + 0.005*"money"
2018-08-28 03:58:14,532 : INFO : topic #1 (0.100): 0.021*"chancoin" + 0.011*"wallet" + 0.009*"monero" + 0.006*"transaction" + 0.005*"get" + 0.005*"address" + 0.005*"like" + 0.005*"would" + 0.005*"use" + 0.004*"one"
2018-08-28 03:58:14,533 : INFO : topic #3 (0.100): 0.016*"scam" + 0.009*"ha" + 0.003*"tesla" + 0.002*"ev" + 0.001*"egg" + 0.001*"smoking" + 0.001*"weed" + 0.001*"smoke" + 0.001*"tuna" + 0.001*"battery"
2018-08-28 03:58:14,534 : INFO : topic #7 (0.100): 0.028*"tether" + 0.011*"bitfinex" + 0.008*"usd" + 0.007*"usdt" + 0.007*"exchange" + 0.004*"people" + 0.004*"bank" + 0.004*"use" + 0.004*"get" + 0.004*"market"
2018-08-28 03:58:14,535 : INFO : topic #8 (0.100): 0.003*"organ" + 0.002*"du" + 0.002*"germany" + 0.002*"life" + 0.002*"die" + 0.002*"luck" + 0.002*"suffering" + 0.001*"consent" + 0.001*"und" + 0.001*"people"
2018-08-28 03:58:14,536 : INFO : topic diff=0.009012, rho=0.156174
2018-08-28 03:58:17,989 : INFO : -8.353 per-word bound, 327.0 perplexity estimate based on a held-out corpus of 1067 documents with 1256157 words
2018-08-28 03:58:17,989 : INFO : PROGRESS: pass 40, at document #1067/1067
2018-08-28 03:58:19,551 : INFO : topic #8 (0.100): 0.003*"organ" + 0.002*"du" + 0.002*"germany" + 0.002*"die" + 0.002*"luck" + 0.002*"life" + 0.002*"suffering" + 0.001*"consent" + 0.001*"und" + 0.001*"german"
2018-08-28 03:58:19,553 : INFO : topic #5 (0.100): 0.008*"like" + 0.007*"btc" + 0.007*"people" + 0.007*"bitcoin" + 0.006*"get" + 0.006*"fucking" + 0.005*"make" + 0.005*"go" + 0.005*"one" + 0.005*"shit"
2018-08-28 03:58:19,554 : INFO : topic #6 (0.100): 0.019*"tax" + 0.008*"gain" + 0.008*"pay" + 0.007*"crypto" + 0.007*"trade" + 0.006*"year" + 0.006*"get" + 0.006*"like" + 0.006*"irs" + 0.005*"money"
2018-08-28 03:58:19,555 : INFO : topic #0 (0.100): 0.011*"btc" + 0.007*"coin" + 0.007*"like" + 0.007*"buy" + 0.007*"get" + 0.007*"bitcoin" + 0.006*"bch" + 0.006*"im" + 0.006*"going" + 0.006*"people"
2018-08-28 03:58:19,556 : INFO : topic #7 (0.100): 0.028*"tether" + 0.011*"bitfinex" + 0.008*"usd" + 0.007*"usdt" + 0.007*"exchange" + 0.004*"people" + 0.004*"bank" + 0.004*"use" + 0.004*"get" + 0.004*"market"
2018-08-28 03:58:19,557 : INFO : topic diff=0.008757, rho=0.154303
2018-08-28 03:58:23,008 : INFO : -8.352 per-word bound, 326.8 perplexity estimate based on a held-out corpus of 1067 documents with 1256157 words
2018-08-28 03:58:23,010 : INFO : PROGRESS: pass 41, at document #1067/1067
2018-08-28 03:58:24,544 : INFO : topic #4 (0.100): 0.032*"link" + 0.009*"token" + 0.009*"chainlink" + 0.008*"contract" + 0.008*"smart" + 0.006*"swift" + 0.006*"data" + 0.006*"use" + 0.006*"oracle" + 0.006*"node"
2018-08-28 03:58:24,545 : INFO : topic #9 (0.100): 0.010*"buy" + 0.008*"im" + 0.008*"like" + 0.007*"get" + 0.007*"going" + 0.006*"go" + 0.005*"sell" + 0.005*"day" + 0.005*"good" + 0.005*"money"
2018-08-28 03:58:24,546 : INFO : topic #8 (0.100): 0.003*"organ" + 0.002*"du" + 0.002*"germany" + 0.002*"die" + 0.002*"luck" + 0.002*"suffering" + 0.001*"life" + 0.001*"consent" + 0.001*"und" + 0.001*"german"
2018-08-28 03:58:24,547 : INFO : topic #3 (0.100): 0.016*"scam" + 0.009*"ha" + 0.003*"tesla" + 0.002*"ev" + 0.001*"egg" + 0.001*"smoking" + 0.001*"weed" + 0.001*"smoke" + 0.001*"tuna" + 0.001*"battery"
2018-08-28 03:58:24,548 : INFO : topic #0 (0.100): 0.011*"btc" + 0.007*"coin" + 0.007*"like" + 0.007*"buy" + 0.007*"bitcoin" + 0.007*"get" + 0.006*"bch" + 0.006*"im" + 0.006*"going" + 0.006*"people"
2018-08-28 03:58:24,549 : INFO : topic diff=0.008507, rho=0.152499
2018-08-28 03:58:28,005 : INFO : -8.352 per-word bound, 326.7 perplexity estimate based on a held-out corpus of 1067 documents with 1256157 words
2018-08-28 03:58:28,006 : INFO : PROGRESS: pass 42, at document #1067/1067
2018-08-28 03:58:29,528 : INFO : topic #4 (0.100): 0.033*"link" + 0.009*"token" + 0.009*"chainlink" + 0.008*"contract" + 0.008*"smart" + 0.006*"swift" + 0.006*"data" + 0.006*"use" + 0.006*"oracle" + 0.006*"node"
2018-08-28 03:58:29,529 : INFO : topic #8 (0.100): 0.003*"organ" + 0.002*"du" + 0.002*"germany" + 0.002*"die" + 0.002*"suffering" + 0.002*"luck" + 0.001*"life" + 0.001*"consent" + 0.001*"und" + 0.001*"german"
2018-08-28 03:58:29,530 : INFO : topic #2 (0.100): 0.010*"get" + 0.009*"like" + 0.009*"im" + 0.007*"money" + 0.007*"make" + 0.006*"year" + 0.006*"want" + 0.006*"job" + 0.006*"good" + 0.005*"people"
2018-08-28 03:58:29,531 : INFO : topic #5 (0.100): 0.008*"like" + 0.007*"people" + 0.007*"btc" + 0.006*"bitcoin" + 0.006*"get" + 0.006*"fucking" + 0.005*"make" + 0.005*"go" + 0.005*"shit" + 0.005*"one"
2018-08-28 03:58:29,532 : INFO : topic #1 (0.100): 0.022*"chancoin" + 0.012*"wallet" + 0.009*"monero" + 0.006*"transaction" + 0.005*"address" + 0.005*"get" + 0.005*"like" + 0.005*"would" + 0.005*"use" + 0.004*"private"
2018-08-28 03:58:29,533 : INFO : topic diff=0.008282, rho=0.150756
2018-08-28 03:58:32,969 : INFO : -8.352 per-word bound, 326.6 perplexity estimate based on a held-out corpus of 1067 documents with 1256157 words
2018-08-28 03:58:32,969 : INFO : PROGRESS: pass 43, at document #1067/1067
2018-08-28 03:58:34,485 : INFO : topic #3 (0.100): 0.016*"scam" + 0.009*"ha" + 0.003*"tesla" + 0.002*"ev" + 0.001*"egg" + 0.001*"smoking" + 0.001*"weed" + 0.001*"tuna" + 0.001*"smoke" + 0.001*"battery"
2018-08-28 03:58:34,487 : INFO : topic #9 (0.100): 0.010*"buy" + 0.009*"im" + 0.008*"like" + 0.007*"get" + 0.007*"going" + 0.006*"go" + 0.005*"sell" + 0.005*"day" + 0.005*"good" + 0.005*"money"
2018-08-28 03:58:34,488 : INFO : topic #2 (0.100): 0.011*"get" + 0.009*"like" + 0.009*"im" + 0.007*"money" + 0.007*"make" + 0.006*"year" + 0.006*"want" + 0.006*"job" + 0.006*"good" + 0.005*"people"
2018-08-28 03:58:34,489 : INFO : topic #4 (0.100): 0.033*"link" + 0.009*"token" + 0.009*"chainlink" + 0.008*"contract" + 0.008*"smart" + 0.006*"swift" + 0.006*"use" + 0.006*"data" + 0.006*"oracle" + 0.006*"node"
2018-08-28 03:58:34,490 : INFO : topic #5 (0.100): 0.008*"like" + 0.007*"people" + 0.006*"get" + 0.006*"btc" + 0.006*"bitcoin" + 0.006*"fucking" + 0.005*"make" + 0.005*"go" + 0.005*"shit" + 0.005*"one"
2018-08-28 03:58:34,491 : INFO : topic diff=0.008048, rho=0.149071
2018-08-28 03:58:37,892 : INFO : -8.351 per-word bound, 326.5 perplexity estimate based on a held-out corpus of 1067 documents with 1256157 words
2018-08-28 03:58:37,892 : INFO : PROGRESS: pass 44, at document #1067/1067
2018-08-28 03:58:39,396 : INFO : topic #7 (0.100): 0.029*"tether" + 0.011*"bitfinex" + 0.009*"usd" + 0.008*"usdt" + 0.007*"exchange" + 0.004*"people" + 0.004*"bank" + 0.004*"use" + 0.003*"market" + 0.003*"get"
2018-08-28 03:58:39,398 : INFO : topic #6 (0.100): 0.019*"tax" + 0.009*"gain" + 0.008*"pay" + 0.007*"crypto" + 0.007*"trade" + 0.006*"year" + 0.006*"get" + 0.006*"irs" + 0.006*"like" + 0.005*"money"
2018-08-28 03:58:39,399 : INFO : topic #0 (0.100): 0.011*"btc" + 0.007*"coin" + 0.007*"like" + 0.007*"buy" + 0.007*"bitcoin" + 0.007*"get" + 0.006*"bch" + 0.006*"im" + 0.006*"going" + 0.006*"people"
2018-08-28 03:58:39,400 : INFO : topic #5 (0.100): 0.008*"like" + 0.007*"people" + 0.006*"get" + 0.006*"btc" + 0.006*"bitcoin" + 0.006*"fucking" + 0.005*"make" + 0.005*"go" + 0.005*"shit" + 0.005*"one"
2018-08-28 03:58:39,401 : INFO : topic #4 (0.100): 0.033*"link" + 0.010*"token" + 0.009*"chainlink" + 0.008*"contract" + 0.008*"smart" + 0.006*"swift" + 0.006*"use" + 0.006*"data" + 0.006*"oracle" + 0.006*"node"
2018-08-28 03:58:39,402 : INFO : topic diff=0.007830, rho=0.147442
2018-08-28 03:58:42,827 : INFO : -8.351 per-word bound, 326.4 perplexity estimate based on a held-out corpus of 1067 documents with 1256157 words
2018-08-28 03:58:42,827 : INFO : PROGRESS: pass 45, at document #1067/1067
2018-08-28 03:58:44,330 : INFO : topic #4 (0.100): 0.034*"link" + 0.010*"token" + 0.009*"chainlink" + 0.008*"contract" + 0.008*"smart" + 0.006*"swift" + 0.006*"use" + 0.006*"data" + 0.006*"oracle" + 0.006*"node"
2018-08-28 03:58:44,331 : INFO : topic #0 (0.100): 0.011*"btc" + 0.007*"coin" + 0.007*"like" + 0.007*"buy" + 0.007*"bitcoin" + 0.007*"get" + 0.006*"bch" + 0.006*"im" + 0.006*"going" + 0.006*"people"
2018-08-28 03:58:44,332 : INFO : topic #1 (0.100): 0.022*"chancoin" + 0.012*"wallet" + 0.009*"monero" + 0.006*"transaction" + 0.005*"address" + 0.005*"get" + 0.005*"use" + 0.005*"like" + 0.005*"would" + 0.004*"private"
2018-08-28 03:58:44,333 : INFO : topic #3 (0.100): 0.016*"scam" + 0.009*"ha" + 0.003*"tesla" + 0.002*"ev" + 0.001*"egg" + 0.001*"smoking" + 0.001*"weed" + 0.001*"tuna" + 0.001*"smoke" + 0.001*"battery"
2018-08-28 03:58:44,334 : INFO : topic #6 (0.100): 0.019*"tax" + 0.009*"gain" + 0.008*"pay" + 0.007*"crypto" + 0.007*"trade" + 0.006*"year" + 0.006*"get" + 0.006*"irs" + 0.006*"like" + 0.005*"capital"
2018-08-28 03:58:44,335 : INFO : topic diff=0.007623, rho=0.145865
2018-08-28 03:58:47,774 : INFO : -8.350 per-word bound, 326.3 perplexity estimate based on a held-out corpus of 1067 documents with 1256157 words
2018-08-28 03:58:47,775 : INFO : PROGRESS: pass 46, at document #1067/1067
2018-08-28 03:58:49,274 : INFO : topic #9 (0.100): 0.010*"buy" + 0.009*"im" + 0.008*"like" + 0.007*"get" + 0.007*"going" + 0.006*"go" + 0.005*"sell" + 0.005*"day" + 0.005*"good" + 0.005*"money"
2018-08-28 03:58:49,276 : INFO : topic #1 (0.100): 0.023*"chancoin" + 0.012*"wallet" + 0.009*"monero" + 0.006*"transaction" + 0.005*"address" + 0.005*"get" + 0.005*"use" + 0.005*"like" + 0.005*"would" + 0.004*"private"
2018-08-28 03:58:49,277 : INFO : topic #0 (0.100): 0.011*"btc" + 0.007*"coin" + 0.007*"like" + 0.007*"buy" + 0.007*"bitcoin" + 0.007*"get" + 0.006*"bch" + 0.006*"going" + 0.006*"im" + 0.006*"people"
2018-08-28 03:58:49,278 : INFO : topic #2 (0.100): 0.011*"get" + 0.009*"like" + 0.009*"im" + 0.007*"money" + 0.007*"make" + 0.006*"year" + 0.006*"want" + 0.006*"job" + 0.006*"good" + 0.005*"people"
2018-08-28 03:58:49,279 : INFO : topic #8 (0.100): 0.003*"organ" + 0.002*"du" + 0.002*"germany" + 0.002*"suffering" + 0.001*"die" + 0.001*"luck" + 0.001*"und" + 0.001*"consent" + 0.001*"da" + 0.001*"german"
2018-08-28 03:58:49,280 : INFO : topic diff=0.007428, rho=0.144338
2018-08-28 03:58:52,756 : INFO : -8.350 per-word bound, 326.2 perplexity estimate based on a held-out corpus of 1067 documents with 1256157 words
2018-08-28 03:58:52,758 : INFO : PROGRESS: pass 47, at document #1067/1067
2018-08-28 03:58:54,263 : INFO : topic #8 (0.100): 0.003*"organ" + 0.002*"du" + 0.002*"germany" + 0.002*"suffering" + 0.001*"die" + 0.001*"luck" + 0.001*"und" + 0.001*"consent" + 0.001*"da" + 0.001*"german"
2018-08-28 03:58:54,264 : INFO : topic #5 (0.100): 0.008*"like" + 0.007*"people" + 0.006*"get" + 0.006*"fucking" + 0.006*"btc" + 0.006*"bitcoin" + 0.005*"make" + 0.005*"go" + 0.005*"shit" + 0.005*"one"
2018-08-28 03:58:54,265 : INFO : topic #7 (0.100): 0.030*"tether" + 0.012*"bitfinex" + 0.009*"usd" + 0.008*"usdt" + 0.007*"exchange" + 0.004*"bank" + 0.004*"people" + 0.004*"use" + 0.003*"market" + 0.003*"silver"
2018-08-28 03:58:54,266 : INFO : topic #0 (0.100): 0.011*"btc" + 0.007*"coin" + 0.007*"like" + 0.007*"bitcoin" + 0.007*"buy" + 0.007*"get" + 0.006*"bch" + 0.006*"going" + 0.006*"im" + 0.006*"people"
2018-08-28 03:58:54,267 : INFO : topic #9 (0.100): 0.010*"buy" + 0.009*"im" + 0.008*"like" + 0.007*"get" + 0.007*"going" + 0.006*"go" + 0.005*"sell" + 0.005*"day" + 0.005*"good" + 0.005*"money"
2018-08-28 03:58:54,268 : INFO : topic diff=0.007234, rho=0.142857
2018-08-28 03:58:57,679 : INFO : -8.349 per-word bound, 326.1 perplexity estimate based on a held-out corpus of 1067 documents with 1256157 words
2018-08-28 03:58:57,679 : INFO : PROGRESS: pass 48, at document #1067/1067
2018-08-28 03:58:59,174 : INFO : topic #3 (0.100): 0.016*"scam" + 0.009*"ha" + 0.003*"tesla" + 0.002*"ev" + 0.001*"egg" + 0.001*"smoking" + 0.001*"weed" + 0.001*"tuna" + 0.001*"smoke" + 0.001*"withdrawal"
2018-08-28 03:58:59,175 : INFO : topic #1 (0.100): 0.023*"chancoin" + 0.012*"wallet" + 0.009*"monero" + 0.006*"transaction" + 0.006*"address" + 0.005*"get" + 0.005*"use" + 0.004*"like" + 0.004*"would" + 0.004*"private"
2018-08-28 03:58:59,177 : INFO : topic #6 (0.100): 0.020*"tax" + 0.009*"gain" + 0.008*"pay" + 0.007*"crypto" + 0.007*"trade" + 0.006*"year" + 0.006*"irs" + 0.006*"get" + 0.006*"like" + 0.005*"capital"
2018-08-28 03:58:59,178 : INFO : topic #0 (0.100): 0.011*"btc" + 0.007*"coin" + 0.007*"like" + 0.007*"bitcoin" + 0.007*"buy" + 0.007*"get" + 0.006*"bch" + 0.006*"going" + 0.006*"im" + 0.006*"people"
2018-08-28 03:58:59,179 : INFO : topic #8 (0.100): 0.003*"organ" + 0.002*"du" + 0.002*"germany" + 0.002*"suffering" + 0.001*"die" + 0.001*"und" + 0.001*"luck" + 0.001*"consent" + 0.001*"da" + 0.001*"german"
2018-08-28 03:58:59,180 : INFO : topic diff=0.007054, rho=0.141421
2018-08-28 03:59:02,623 : INFO : -8.349 per-word bound, 326.0 perplexity estimate based on a held-out corpus of 1067 documents with 1256157 words
2018-08-28 03:59:02,624 : INFO : PROGRESS: pass 49, at document #1067/1067
2018-08-28 03:59:04,118 : INFO : topic #0 (0.100): 0.011*"btc" + 0.007*"coin" + 0.007*"bitcoin" + 0.007*"like" + 0.007*"buy" + 0.007*"get" + 0.006*"bch" + 0.006*"going" + 0.006*"im" + 0.006*"people"
2018-08-28 03:59:04,120 : INFO : topic #5 (0.100): 0.008*"like" + 0.007*"people" + 0.006*"get" + 0.006*"fucking" + 0.006*"btc" + 0.006*"bitcoin" + 0.005*"make" + 0.005*"go" + 0.005*"shit" + 0.005*"one"
2018-08-28 03:59:04,121 : INFO : topic #2 (0.100): 0.011*"get" + 0.009*"like" + 0.009*"im" + 0.007*"money" + 0.007*"make" + 0.006*"year" + 0.006*"want" + 0.006*"job" + 0.006*"good" + 0.005*"people"
2018-08-28 03:59:04,122 : INFO : topic #3 (0.100): 0.016*"scam" + 0.009*"ha" + 0.003*"tesla" + 0.002*"ev" + 0.001*"egg" + 0.001*"smoking" + 0.001*"weed" + 0.001*"tuna" + 0.001*"smoke" + 0.001*"withdrawal"
2018-08-28 03:59:04,122 : INFO : topic #7 (0.100): 0.031*"tether" + 0.012*"bitfinex" + 0.009*"usd" + 0.008*"usdt" + 0.007*"exchange" + 0.004*"bank" + 0.004*"people" + 0.004*"use" + 0.003*"silver" + 0.003*"market"
2018-08-28 03:59:04,124 : INFO : topic diff=0.006876, rho=0.140028
2018-08-28 03:59:07,526 : INFO : -8.349 per-word bound, 326.0 perplexity estimate based on a held-out corpus of 1067 documents with 1256157 words
2018-08-28 03:59:07,527 : INFO : PROGRESS: pass 50, at document #1067/1067
2018-08-28 03:59:09,031 : INFO : topic #7 (0.100): 0.031*"tether" + 0.012*"bitfinex" + 0.009*"usd" + 0.008*"usdt" + 0.007*"exchange" + 0.004*"bank" + 0.004*"people" + 0.004*"use" + 0.003*"silver" + 0.003*"market"
2018-08-28 03:59:09,032 : INFO : topic #2 (0.100): 0.011*"get" + 0.009*"like" + 0.009*"im" + 0.008*"money" + 0.007*"make" + 0.006*"year" + 0.006*"want" + 0.006*"job" + 0.006*"good" + 0.005*"people"
2018-08-28 03:59:09,033 : INFO : topic #3 (0.100): 0.016*"scam" + 0.009*"ha" + 0.003*"tesla" + 0.002*"ev" + 0.001*"egg" + 0.001*"smoking" + 0.001*"weed" + 0.001*"tuna" + 0.001*"smoke" + 0.001*"withdrawal"
2018-08-28 03:59:09,034 : INFO : topic #1 (0.100): 0.023*"chancoin" + 0.012*"wallet" + 0.009*"monero" + 0.006*"transaction" + 0.006*"address" + 0.005*"get" + 0.005*"use" + 0.004*"would" + 0.004*"like" + 0.004*"private"
2018-08-28 03:59:09,036 : INFO : topic #6 (0.100): 0.020*"tax" + 0.009*"gain" + 0.008*"pay" + 0.007*"crypto" + 0.007*"trade" + 0.006*"year" + 0.006*"irs" + 0.006*"get" + 0.006*"like" + 0.005*"capital"
2018-08-28 03:59:09,037 : INFO : topic diff=0.006705, rho=0.138675
2018-08-28 03:59:12,425 : INFO : -8.348 per-word bound, 325.9 perplexity estimate based on a held-out corpus of 1067 documents with 1256157 words
2018-08-28 03:59:12,425 : INFO : PROGRESS: pass 51, at document #1067/1067
2018-08-28 03:59:13,916 : INFO : topic #5 (0.100): 0.008*"like" + 0.007*"people" + 0.006*"get" + 0.006*"fucking" + 0.006*"btc" + 0.006*"bitcoin" + 0.005*"make" + 0.005*"go" + 0.005*"shit" + 0.005*"one"
2018-08-28 03:59:13,918 : INFO : topic #9 (0.100): 0.010*"buy" + 0.009*"im" + 0.008*"like" + 0.007*"get" + 0.007*"going" + 0.006*"go" + 0.005*"sell" + 0.005*"day" + 0.005*"good" + 0.005*"money"
2018-08-28 03:59:13,919 : INFO : topic #1 (0.100): 0.023*"chancoin" + 0.012*"wallet" + 0.009*"monero" + 0.006*"transaction" + 0.006*"address" + 0.005*"use" + 0.005*"get" + 0.004*"would" + 0.004*"like" + 0.004*"private"
2018-08-28 03:59:13,920 : INFO : topic #0 (0.100): 0.011*"btc" + 0.007*"coin" + 0.007*"bitcoin" + 0.007*"like" + 0.007*"buy" + 0.007*"get" + 0.006*"bch" + 0.006*"going" + 0.006*"im" + 0.006*"people"
2018-08-28 03:59:13,921 : INFO : topic #4 (0.100): 0.036*"link" + 0.010*"token" + 0.009*"chainlink" + 0.008*"contract" + 0.008*"smart" + 0.006*"swift" + 0.006*"use" + 0.006*"data" + 0.006*"oracle" + 0.006*"node"
2018-08-28 03:59:13,922 : INFO : topic diff=0.006537, rho=0.137361
2018-08-28 03:59:17,360 : INFO : -8.348 per-word bound, 325.8 perplexity estimate based on a held-out corpus of 1067 documents with 1256157 words
2018-08-28 03:59:17,360 : INFO : PROGRESS: pass 52, at document #1067/1067
2018-08-28 03:59:19,075 : INFO : topic #9 (0.100): 0.010*"buy" + 0.009*"im" + 0.008*"like" + 0.007*"get" + 0.007*"going" + 0.006*"go" + 0.005*"sell" + 0.005*"day" + 0.005*"good" + 0.005*"money"
2018-08-28 03:59:19,076 : INFO : topic #8 (0.100): 0.003*"organ" + 0.002*"du" + 0.002*"germany" + 0.002*"suffering" + 0.001*"und" + 0.001*"consent" + 0.001*"die" + 0.001*"luck" + 0.001*"da" + 0.001*"german"
2018-08-28 03:59:19,077 : INFO : topic #4 (0.100): 0.036*"link" + 0.010*"token" + 0.009*"chainlink" + 0.008*"smart" + 0.008*"contract" + 0.006*"swift" + 0.006*"use" + 0.006*"data" + 0.006*"oracle" + 0.006*"node"
2018-08-28 03:59:19,077 : INFO : topic #7 (0.100): 0.031*"tether" + 0.012*"bitfinex" + 0.009*"usd" + 0.008*"usdt" + 0.007*"exchange" + 0.004*"bank" + 0.004*"people" + 0.004*"use" + 0.004*"silver" + 0.003*"market"
2018-08-28 03:59:19,078 : INFO : topic #5 (0.100): 0.008*"like" + 0.007*"people" + 0.006*"get" + 0.006*"fucking" + 0.006*"btc" + 0.006*"bitcoin" + 0.005*"make" + 0.005*"go" + 0.005*"shit" + 0.005*"one"
2018-08-28 03:59:19,080 : INFO : topic diff=0.006392, rho=0.136083
2018-08-28 03:59:23,165 : INFO : -8.347 per-word bound, 325.7 perplexity estimate based on a held-out corpus of 1067 documents with 1256157 words
2018-08-28 03:59:23,167 : INFO : PROGRESS: pass 53, at document #1067/1067
2018-08-28 03:59:24,726 : INFO : topic #9 (0.100): 0.010*"buy" + 0.009*"im" + 0.008*"like" + 0.007*"get" + 0.007*"going" + 0.006*"go" + 0.005*"sell" + 0.005*"day" + 0.005*"good" + 0.005*"money"
2018-08-28 03:59:24,727 : INFO : topic #0 (0.100): 0.011*"btc" + 0.007*"coin" + 0.007*"bitcoin" + 0.007*"like" + 0.007*"buy" + 0.007*"get" + 0.006*"bch" + 0.006*"going" + 0.006*"im" + 0.006*"people"
2018-08-28 03:59:24,728 : INFO : topic #2 (0.100): 0.011*"get" + 0.009*"like" + 0.009*"im" + 0.008*"money" + 0.007*"make" + 0.006*"year" + 0.006*"want" + 0.006*"good" + 0.006*"job" + 0.005*"people"
2018-08-28 03:59:24,729 : INFO : topic #3 (0.100): 0.016*"scam" + 0.009*"ha" + 0.003*"tesla" + 0.002*"ev" + 0.001*"egg" + 0.001*"smoking" + 0.001*"tuna" + 0.001*"weed" + 0.001*"smoke" + 0.001*"withdrawal"
2018-08-28 03:59:24,730 : INFO : topic #8 (0.100): 0.003*"organ" + 0.002*"du" + 0.002*"germany" + 0.002*"suffering" + 0.001*"und" + 0.001*"consent" + 0.001*"die" + 0.001*"da" + 0.001*"german" + 0.001*"luck"
2018-08-28 03:59:24,731 : INFO : topic diff=0.006245, rho=0.134840
2018-08-28 03:59:28,335 : INFO : -8.347 per-word bound, 325.6 perplexity estimate based on a held-out corpus of 1067 documents with 1256157 words
2018-08-28 03:59:28,335 : INFO : PROGRESS: pass 54, at document #1067/1067
2018-08-28 03:59:29,912 : INFO : topic #5 (0.100): 0.008*"like" + 0.007*"people" + 0.006*"get" + 0.006*"fucking" + 0.005*"btc" + 0.005*"bitcoin" + 0.005*"make" + 0.005*"go" + 0.005*"shit" + 0.005*"one"
2018-08-28 03:59:29,913 : INFO : topic #3 (0.100): 0.016*"scam" + 0.009*"ha" + 0.003*"tesla" + 0.002*"ev" + 0.001*"egg" + 0.001*"smoking" + 0.001*"tuna" + 0.001*"weed" + 0.001*"withdrawal" + 0.001*"microwave"
2018-08-28 03:59:29,914 : INFO : topic #9 (0.100): 0.010*"buy" + 0.009*"im" + 0.008*"like" + 0.007*"get" + 0.007*"going" + 0.006*"go" + 0.005*"sell" + 0.005*"day" + 0.005*"good" + 0.005*"money"
2018-08-28 03:59:29,915 : INFO : topic #8 (0.100): 0.003*"organ" + 0.002*"du" + 0.002*"germany" + 0.002*"suffering" + 0.001*"und" + 0.001*"consent" + 0.001*"die" + 0.001*"da" + 0.001*"german" + 0.001*"luck"
2018-08-28 03:59:29,916 : INFO : topic #6 (0.100): 0.020*"tax" + 0.009*"gain" + 0.009*"pay" + 0.007*"crypto" + 0.007*"trade" + 0.006*"year" + 0.006*"irs" + 0.006*"get" + 0.006*"like" + 0.005*"capital"
2018-08-28 03:59:29,917 : INFO : topic diff=0.006098, rho=0.133631
2018-08-28 03:59:33,927 : INFO : -8.347 per-word bound, 325.6 perplexity estimate based on a held-out corpus of 1067 documents with 1256157 words
2018-08-28 03:59:33,929 : INFO : PROGRESS: pass 55, at document #1067/1067
2018-08-28 03:59:36,323 : INFO : topic #0 (0.100): 0.011*"btc" + 0.007*"coin" + 0.007*"bitcoin" + 0.007*"like" + 0.007*"buy" + 0.007*"get" + 0.006*"bch" + 0.006*"going" + 0.006*"im" + 0.006*"people"
2018-08-28 03:59:36,325 : INFO : topic #5 (0.100): 0.008*"like" + 0.007*"people" + 0.006*"get" + 0.006*"fucking" + 0.005*"btc" + 0.005*"bitcoin" + 0.005*"make" + 0.005*"go" + 0.005*"shit" + 0.005*"one"
2018-08-28 03:59:36,325 : INFO : topic #4 (0.100): 0.037*"link" + 0.010*"token" + 0.010*"chainlink" + 0.008*"smart" + 0.008*"contract" + 0.007*"swift" + 0.006*"use" + 0.006*"data" + 0.006*"oracle" + 0.006*"node"
2018-08-28 03:59:36,326 : INFO : topic #7 (0.100): 0.032*"tether" + 0.012*"bitfinex" + 0.009*"usd" + 0.008*"usdt" + 0.007*"exchange" + 0.004*"bank" + 0.004*"silver" + 0.004*"use" + 0.004*"people" + 0.003*"market"
2018-08-28 03:59:36,327 : INFO : topic #2 (0.100): 0.011*"get" + 0.009*"like" + 0.009*"im" + 0.008*"money" + 0.007*"make" + 0.006*"year" + 0.006*"want" + 0.006*"good" + 0.006*"job" + 0.005*"people"
2018-08-28 03:59:36,328 : INFO : topic diff=0.005961, rho=0.132453
2018-08-28 03:59:39,822 : INFO : -8.347 per-word bound, 325.5 perplexity estimate based on a held-out corpus of 1067 documents with 1256157 words
2018-08-28 03:59:39,822 : INFO : PROGRESS: pass 56, at document #1067/1067
2018-08-28 03:59:41,322 : INFO : topic #1 (0.100): 0.024*"chancoin" + 0.013*"wallet" + 0.010*"monero" + 0.006*"transaction" + 0.006*"address" + 0.005*"use" + 0.005*"get" + 0.004*"would" + 0.004*"private" + 0.004*"key"
2018-08-28 03:59:41,323 : INFO : topic #9 (0.100): 0.010*"buy" + 0.009*"im" + 0.008*"like" + 0.007*"get" + 0.007*"going" + 0.006*"go" + 0.005*"sell" + 0.005*"day" + 0.005*"good" + 0.005*"money"
2018-08-28 03:59:41,324 : INFO : topic #3 (0.100): 0.016*"scam" + 0.009*"ha" + 0.003*"tesla" + 0.002*"ev" + 0.001*"egg" + 0.001*"smoking" + 0.001*"tuna" + 0.001*"weed" + 0.001*"withdrawal" + 0.001*"microwave"
2018-08-28 03:59:41,326 : INFO : topic #8 (0.100): 0.003*"organ" + 0.002*"du" + 0.002*"germany" + 0.002*"suffering" + 0.001*"und" + 0.001*"consent" + 0.001*"da" + 0.001*"german" + 0.001*"die" + 0.001*"luck"
2018-08-28 03:59:41,327 : INFO : topic #5 (0.100): 0.008*"like" + 0.007*"people" + 0.006*"get" + 0.006*"fucking" + 0.005*"btc" + 0.005*"bitcoin" + 0.005*"make" + 0.005*"shit" + 0.005*"go" + 0.005*"one"
2018-08-28 03:59:41,328 : INFO : topic diff=0.005835, rho=0.131306
2018-08-28 03:59:44,744 : INFO : -8.346 per-word bound, 325.4 perplexity estimate based on a held-out corpus of 1067 documents with 1256157 words
2018-08-28 03:59:44,745 : INFO : PROGRESS: pass 57, at document #1067/1067
2018-08-28 03:59:46,268 : INFO : topic #1 (0.100): 0.024*"chancoin" + 0.013*"wallet" + 0.010*"monero" + 0.006*"transaction" + 0.006*"address" + 0.005*"use" + 0.005*"get" + 0.004*"would" + 0.004*"private" + 0.004*"key"
2018-08-28 03:59:46,270 : INFO : topic #5 (0.100): 0.008*"like" + 0.007*"people" + 0.006*"get" + 0.006*"fucking" + 0.005*"btc" + 0.005*"bitcoin" + 0.005*"make" + 0.005*"shit" + 0.005*"go" + 0.005*"one"
2018-08-28 03:59:46,272 : INFO : topic #9 (0.100): 0.010*"buy" + 0.009*"im" + 0.008*"like" + 0.007*"get" + 0.007*"going" + 0.006*"go" + 0.005*"sell" + 0.005*"day" + 0.005*"good" + 0.005*"money"
2018-08-28 03:59:46,273 : INFO : topic #2 (0.100): 0.011*"get" + 0.009*"like" + 0.009*"im" + 0.008*"money" + 0.007*"make" + 0.006*"year" + 0.006*"want" + 0.006*"good" + 0.006*"job" + 0.005*"people"
2018-08-28 03:59:46,274 : INFO : topic #8 (0.100): 0.003*"organ" + 0.002*"du" + 0.002*"germany" + 0.002*"suffering" + 0.001*"und" + 0.001*"consent" + 0.001*"da" + 0.001*"german" + 0.001*"die" + 0.001*"rice"
2018-08-28 03:59:46,275 : INFO : topic diff=0.005711, rho=0.130189
2018-08-28 03:59:49,681 : INFO : -8.346 per-word bound, 325.4 perplexity estimate based on a held-out corpus of 1067 documents with 1256157 words
2018-08-28 03:59:49,682 : INFO : PROGRESS: pass 58, at document #1067/1067
2018-08-28 03:59:51,171 : INFO : topic #3 (0.100): 0.016*"scam" + 0.009*"ha" + 0.003*"tesla" + 0.002*"ev" + 0.001*"egg" + 0.001*"smoking" + 0.001*"tuna" + 0.001*"weed" + 0.001*"withdrawal" + 0.001*"microwave"
2018-08-28 03:59:51,171 : INFO : topic #4 (0.100): 0.038*"link" + 0.010*"token" + 0.010*"chainlink" + 0.008*"smart" + 0.008*"contract" + 0.007*"swift" + 0.006*"use" + 0.006*"data" + 0.006*"oracle" + 0.006*"node"
2018-08-28 03:59:51,173 : INFO : topic #1 (0.100): 0.024*"chancoin" + 0.013*"wallet" + 0.010*"monero" + 0.006*"transaction" + 0.006*"address" + 0.005*"use" + 0.004*"get" + 0.004*"would" + 0.004*"private" + 0.004*"key"
2018-08-28 03:59:51,174 : INFO : topic #0 (0.100): 0.011*"btc" + 0.007*"coin" + 0.007*"bitcoin" + 0.007*"like" + 0.007*"buy" + 0.007*"get" + 0.006*"bch" + 0.006*"going" + 0.006*"im" + 0.006*"people"
2018-08-28 03:59:51,175 : INFO : topic #2 (0.100): 0.011*"get" + 0.009*"like" + 0.009*"im" + 0.008*"money" + 0.007*"make" + 0.006*"year" + 0.006*"want" + 0.006*"good" + 0.006*"job" + 0.005*"people"
2018-08-28 03:59:51,176 : INFO : topic diff=0.005588, rho=0.129099
2018-08-28 03:59:54,623 : INFO : -8.346 per-word bound, 325.3 perplexity estimate based on a held-out corpus of 1067 documents with 1256157 words
2018-08-28 03:59:54,625 : INFO : PROGRESS: pass 59, at document #1067/1067
2018-08-28 03:59:56,132 : INFO : topic #3 (0.100): 0.016*"scam" + 0.009*"ha" + 0.003*"tesla" + 0.002*"ev" + 0.001*"egg" + 0.001*"smoking" + 0.001*"tuna" + 0.001*"weed" + 0.001*"withdrawal" + 0.001*"microwave"
2018-08-28 03:59:56,133 : INFO : topic #9 (0.100): 0.010*"buy" + 0.009*"im" + 0.008*"like" + 0.007*"get" + 0.007*"going" + 0.006*"go" + 0.005*"sell" + 0.005*"day" + 0.005*"good" + 0.005*"money"
2018-08-28 03:59:56,134 : INFO : topic #1 (0.100): 0.024*"chancoin" + 0.013*"wallet" + 0.010*"monero" + 0.006*"transaction" + 0.006*"address" + 0.005*"use" + 0.004*"get" + 0.004*"private" + 0.004*"would" + 0.004*"key"
2018-08-28 03:59:56,136 : INFO : topic #6 (0.100): 0.021*"tax" + 0.009*"gain" + 0.009*"pay" + 0.007*"crypto" + 0.007*"trade" + 0.006*"year" + 0.006*"irs" + 0.006*"get" + 0.005*"like" + 0.005*"capital"
2018-08-28 03:59:56,136 : INFO : topic #4 (0.100): 0.038*"link" + 0.010*"token" + 0.010*"chainlink" + 0.008*"smart" + 0.008*"contract" + 0.007*"swift" + 0.006*"use" + 0.006*"data" + 0.006*"oracle" + 0.006*"node"
2018-08-28 03:59:56,137 : INFO : topic diff=0.005456, rho=0.128037
2018-08-28 03:59:59,532 : INFO : -8.345 per-word bound, 325.2 perplexity estimate based on a held-out corpus of 1067 documents with 1256157 words
2018-08-28 03:59:59,532 : INFO : PROGRESS: pass 60, at document #1067/1067
2018-08-28 04:00:01,039 : INFO : topic #3 (0.100): 0.016*"scam" + 0.009*"ha" + 0.003*"tesla" + 0.002*"ev" + 0.001*"egg" + 0.001*"smoking" + 0.001*"tuna" + 0.001*"weed" + 0.001*"withdrawal" + 0.001*"microwave"
2018-08-28 04:00:01,040 : INFO : topic #5 (0.100): 0.008*"like" + 0.007*"people" + 0.006*"get" + 0.006*"fucking" + 0.005*"make" + 0.005*"btc" + 0.005*"bitcoin" + 0.005*"shit" + 0.005*"go" + 0.005*"one"
2018-08-28 04:00:01,041 : INFO : topic #7 (0.100): 0.033*"tether" + 0.013*"bitfinex" + 0.010*"usd" + 0.009*"usdt" + 0.007*"exchange" + 0.004*"bank" + 0.004*"silver" + 0.004*"use" + 0.003*"people" + 0.003*"fiat"
2018-08-28 04:00:01,042 : INFO : topic #2 (0.100): 0.011*"get" + 0.009*"like" + 0.009*"im" + 0.008*"money" + 0.007*"make" + 0.006*"year" + 0.006*"want" + 0.006*"good" + 0.006*"job" + 0.005*"people"
2018-08-28 04:00:01,044 : INFO : topic #1 (0.100): 0.025*"chancoin" + 0.013*"wallet" + 0.010*"monero" + 0.006*"transaction" + 0.006*"address" + 0.005*"use" + 0.004*"get" + 0.004*"private" + 0.004*"key" + 0.004*"would"
2018-08-28 04:00:01,045 : INFO : topic diff=0.005330, rho=0.127000
2018-08-28 04:00:04,429 : INFO : -8.345 per-word bound, 325.2 perplexity estimate based on a held-out corpus of 1067 documents with 1256157 words
2018-08-28 04:00:04,430 : INFO : PROGRESS: pass 61, at document #1067/1067
2018-08-28 04:00:05,971 : INFO : topic #7 (0.100): 0.033*"tether" + 0.013*"bitfinex" + 0.010*"usd" + 0.009*"usdt" + 0.007*"exchange" + 0.004*"bank" + 0.004*"silver" + 0.004*"use" + 0.003*"people" + 0.003*"fiat"
2018-08-28 04:00:05,972 : INFO : topic #4 (0.100): 0.039*"link" + 0.010*"token" + 0.010*"chainlink" + 0.008*"smart" + 0.008*"contract" + 0.007*"swift" + 0.006*"use" + 0.006*"data" + 0.006*"oracle" + 0.006*"req"
2018-08-28 04:00:05,973 : INFO : topic #2 (0.100): 0.011*"get" + 0.009*"like" + 0.009*"im" + 0.008*"money" + 0.007*"make" + 0.006*"year" + 0.006*"want" + 0.006*"good" + 0.006*"job" + 0.005*"people"
2018-08-28 04:00:05,974 : INFO : topic #5 (0.100): 0.008*"like" + 0.007*"people" + 0.006*"fucking" + 0.006*"get" + 0.005*"make" + 0.005*"btc" + 0.005*"shit" + 0.005*"bitcoin" + 0.005*"go" + 0.005*"one"
2018-08-28 04:00:05,975 : INFO : topic #9 (0.100): 0.010*"buy" + 0.009*"im" + 0.008*"like" + 0.007*"get" + 0.007*"going" + 0.006*"go" + 0.005*"sell" + 0.005*"day" + 0.005*"good" + 0.005*"money"
2018-08-28 04:00:05,976 : INFO : topic diff=0.005223, rho=0.125988
2018-08-28 04:00:09,327 : INFO : -8.345 per-word bound, 325.1 perplexity estimate based on a held-out corpus of 1067 documents with 1256157 words
2018-08-28 04:00:09,328 : INFO : PROGRESS: pass 62, at document #1067/1067
2018-08-28 04:00:10,815 : INFO : topic #2 (0.100): 0.011*"get" + 0.009*"like" + 0.009*"im" + 0.008*"money" + 0.008*"make" + 0.006*"year" + 0.006*"want" + 0.006*"good" + 0.006*"job" + 0.005*"people"
2018-08-28 04:00:10,816 : INFO : topic #3 (0.100): 0.016*"scam" + 0.009*"ha" + 0.003*"tesla" + 0.002*"ev" + 0.001*"egg" + 0.001*"smoking" + 0.001*"tuna" + 0.001*"withdrawal" + 0.001*"microwave" + 0.001*"lithium"
2018-08-28 04:00:10,817 : INFO : topic #9 (0.100): 0.010*"buy" + 0.009*"im" + 0.008*"like" + 0.007*"get" + 0.007*"going" + 0.006*"go" + 0.005*"sell" + 0.005*"day" + 0.005*"good" + 0.005*"money"
2018-08-28 04:00:10,818 : INFO : topic #6 (0.100): 0.021*"tax" + 0.009*"gain" + 0.009*"pay" + 0.007*"crypto" + 0.007*"trade" + 0.006*"year" + 0.006*"irs" + 0.006*"get" + 0.005*"like" + 0.005*"capital"
2018-08-28 04:00:10,819 : INFO : topic #7 (0.100): 0.034*"tether" + 0.013*"bitfinex" + 0.010*"usd" + 0.009*"usdt" + 0.007*"exchange" + 0.004*"bank" + 0.004*"silver" + 0.004*"use" + 0.003*"people" + 0.003*"fiat"
2018-08-28 04:00:10,820 : INFO : topic diff=0.005125, rho=0.125000
2018-08-28 04:00:14,161 : INFO : -8.344 per-word bound, 325.0 perplexity estimate based on a held-out corpus of 1067 documents with 1256157 words
2018-08-28 04:00:14,162 : INFO : PROGRESS: pass 63, at document #1067/1067
2018-08-28 04:00:15,740 : INFO : topic #2 (0.100): 0.011*"get" + 0.009*"like" + 0.009*"im" + 0.008*"money" + 0.008*"make" + 0.006*"year" + 0.006*"want" + 0.006*"good" + 0.006*"job" + 0.005*"people"
2018-08-28 04:00:15,742 : INFO : topic #4 (0.100): 0.039*"link" + 0.010*"token" + 0.010*"chainlink" + 0.008*"smart" + 0.008*"contract" + 0.007*"swift" + 0.006*"use" + 0.006*"data" + 0.006*"oracle" + 0.006*"req"
2018-08-28 04:00:15,744 : INFO : topic #6 (0.100): 0.021*"tax" + 0.009*"gain" + 0.009*"pay" + 0.007*"crypto" + 0.007*"trade" + 0.006*"year" + 0.006*"irs" + 0.006*"get" + 0.005*"like" + 0.005*"capital"
2018-08-28 04:00:15,745 : INFO : topic #9 (0.100): 0.010*"buy" + 0.009*"im" + 0.008*"like" + 0.007*"get" + 0.007*"going" + 0.006*"go" + 0.005*"sell" + 0.005*"day" + 0.005*"good" + 0.005*"money"
2018-08-28 04:00:15,746 : INFO : topic #7 (0.100): 0.034*"tether" + 0.013*"bitfinex" + 0.010*"usd" + 0.009*"usdt" + 0.007*"exchange" + 0.004*"bank" + 0.004*"silver" + 0.004*"use" + 0.003*"fiat" + 0.003*"people"
2018-08-28 04:00:15,747 : INFO : topic diff=0.005010, rho=0.124035
2018-08-28 04:00:19,116 : INFO : -8.344 per-word bound, 325.0 perplexity estimate based on a held-out corpus of 1067 documents with 1256157 words
2018-08-28 04:00:19,117 : INFO : PROGRESS: pass 64, at document #1067/1067
2018-08-28 04:00:20,599 : INFO : topic #4 (0.100): 0.039*"link" + 0.010*"token" + 0.010*"chainlink" + 0.008*"smart" + 0.008*"contract" + 0.007*"swift" + 0.006*"use" + 0.006*"data" + 0.006*"oracle" + 0.006*"req"
2018-08-28 04:00:20,600 : INFO : topic #2 (0.100): 0.011*"get" + 0.009*"like" + 0.009*"im" + 0.008*"money" + 0.008*"make" + 0.006*"year" + 0.006*"want" + 0.006*"good" + 0.006*"job" + 0.005*"people"
2018-08-28 04:00:20,601 : INFO : topic #3 (0.100): 0.016*"scam" + 0.009*"ha" + 0.003*"tesla" + 0.002*"ev" + 0.001*"egg" + 0.001*"smoking" + 0.001*"tuna" + 0.001*"withdrawal" + 0.001*"microwave" + 0.001*"lithium"
2018-08-28 04:00:20,603 : INFO : topic #6 (0.100): 0.021*"tax" + 0.009*"gain" + 0.009*"pay" + 0.007*"crypto" + 0.007*"trade" + 0.006*"year" + 0.006*"irs" + 0.006*"get" + 0.005*"like" + 0.005*"capital"
2018-08-28 04:00:20,604 : INFO : topic #9 (0.100): 0.010*"buy" + 0.009*"im" + 0.008*"like" + 0.007*"get" + 0.007*"going" + 0.006*"go" + 0.005*"sell" + 0.005*"day" + 0.005*"good" + 0.005*"money"
2018-08-28 04:00:20,605 : INFO : topic diff=0.004912, rho=0.123091
2018-08-28 04:00:23,995 : INFO : -8.344 per-word bound, 324.9 perplexity estimate based on a held-out corpus of 1067 documents with 1256157 words
2018-08-28 04:00:23,998 : INFO : PROGRESS: pass 65, at document #1067/1067
2018-08-28 04:00:25,557 : INFO : topic #5 (0.100): 0.008*"like" + 0.007*"people" + 0.006*"fucking" + 0.006*"get" + 0.005*"make" + 0.005*"shit" + 0.005*"go" + 0.005*"one" + 0.005*"think" + 0.005*"btc"
2018-08-28 04:00:25,558 : INFO : topic #3 (0.100): 0.016*"scam" + 0.009*"ha" + 0.003*"tesla" + 0.002*"ev" + 0.001*"egg" + 0.001*"smoking" + 0.001*"tuna" + 0.001*"withdrawal" + 0.001*"microwave" + 0.001*"lithium"
2018-08-28 04:00:25,559 : INFO : topic #1 (0.100): 0.025*"chancoin" + 0.013*"wallet" + 0.010*"monero" + 0.006*"transaction" + 0.006*"address" + 0.005*"use" + 0.004*"private" + 0.004*"key" + 0.004*"get" + 0.004*"would"
2018-08-28 04:00:25,560 : INFO : topic #9 (0.100): 0.010*"buy" + 0.009*"im" + 0.008*"like" + 0.007*"get" + 0.007*"going" + 0.006*"go" + 0.005*"sell" + 0.005*"day" + 0.005*"good" + 0.005*"money"
2018-08-28 04:00:25,562 : INFO : topic #6 (0.100): 0.021*"tax" + 0.009*"gain" + 0.009*"pay" + 0.007*"crypto" + 0.007*"trade" + 0.006*"irs" + 0.006*"year" + 0.006*"get" + 0.005*"like" + 0.005*"capital"
2018-08-28 04:00:25,563 : INFO : topic diff=0.004808, rho=0.122169
2018-08-28 04:00:28,886 : INFO : -8.344 per-word bound, 324.9 perplexity estimate based on a held-out corpus of 1067 documents with 1256157 words
2018-08-28 04:00:28,886 : INFO : PROGRESS: pass 66, at document #1067/1067
2018-08-28 04:00:30,380 : INFO : topic #2 (0.100): 0.011*"get" + 0.009*"like" + 0.009*"im" + 0.008*"money" + 0.008*"make" + 0.006*"year" + 0.006*"want" + 0.006*"good" + 0.005*"job" + 0.005*"people"
2018-08-28 04:00:30,381 : INFO : topic #5 (0.100): 0.008*"like" + 0.007*"people" + 0.006*"fucking" + 0.006*"get" + 0.005*"make" + 0.005*"shit" + 0.005*"go" + 0.005*"one" + 0.005*"think" + 0.004*"btc"
2018-08-28 04:00:30,382 : INFO : topic #4 (0.100): 0.040*"link" + 0.010*"token" + 0.010*"chainlink" + 0.008*"smart" + 0.008*"contract" + 0.007*"swift" + 0.006*"use" + 0.006*"data" + 0.006*"req" + 0.006*"oracle"
2018-08-28 04:00:30,384 : INFO : topic #9 (0.100): 0.010*"buy" + 0.009*"im" + 0.008*"like" + 0.007*"get" + 0.007*"going" + 0.006*"go" + 0.005*"sell" + 0.005*"day" + 0.005*"good" + 0.005*"money"
2018-08-28 04:00:30,385 : INFO : topic #0 (0.100): 0.012*"btc" + 0.007*"bitcoin" + 0.007*"coin" + 0.007*"like" + 0.007*"buy" + 0.007*"get" + 0.006*"bch" + 0.006*"going" + 0.006*"im" + 0.006*"people"
2018-08-28 04:00:30,386 : INFO : topic diff=0.004712, rho=0.121268
2018-08-28 04:00:33,766 : INFO : -8.343 per-word bound, 324.8 perplexity estimate based on a held-out corpus of 1067 documents with 1256157 words
2018-08-28 04:00:33,766 : INFO : PROGRESS: pass 67, at document #1067/1067
2018-08-28 04:00:35,236 : INFO : topic #9 (0.100): 0.010*"buy" + 0.009*"im" + 0.008*"like" + 0.007*"get" + 0.007*"going" + 0.006*"go" + 0.005*"sell" + 0.005*"day" + 0.005*"good" + 0.005*"money"
2018-08-28 04:00:35,237 : INFO : topic #6 (0.100): 0.021*"tax" + 0.009*"gain" + 0.009*"pay" + 0.007*"crypto" + 0.007*"trade" + 0.007*"irs" + 0.006*"year" + 0.005*"get" + 0.005*"like" + 0.005*"capital"
2018-08-28 04:00:35,238 : INFO : topic #7 (0.100): 0.035*"tether" + 0.013*"bitfinex" + 0.010*"usd" + 0.009*"usdt" + 0.007*"exchange" + 0.004*"bank" + 0.004*"silver" + 0.004*"use" + 0.003*"fiat" + 0.003*"people"
2018-08-28 04:00:35,240 : INFO : topic #1 (0.100): 0.025*"chancoin" + 0.013*"wallet" + 0.010*"monero" + 0.006*"transaction" + 0.006*"address" + 0.005*"use" + 0.004*"private" + 0.004*"key" + 0.004*"get" + 0.004*"would"
2018-08-28 04:00:35,241 : INFO : topic #8 (0.100): 0.004*"organ" + 0.002*"du" + 0.002*"germany" + 0.002*"suffering" + 0.001*"und" + 0.001*"consent" + 0.001*"da" + 0.001*"german" + 0.001*"rice" + 0.001*"die"
2018-08-28 04:00:35,242 : INFO : topic diff=0.004624, rho=0.120386
2018-08-28 04:00:38,683 : INFO : -8.343 per-word bound, 324.8 perplexity estimate based on a held-out corpus of 1067 documents with 1256157 words
2018-08-28 04:00:38,683 : INFO : PROGRESS: pass 68, at document #1067/1067
2018-08-28 04:00:40,164 : INFO : topic #0 (0.100): 0.012*"btc" + 0.007*"bitcoin" + 0.007*"coin" + 0.007*"like" + 0.007*"buy" + 0.007*"get" + 0.006*"bch" + 0.006*"going" + 0.006*"im" + 0.006*"people"
2018-08-28 04:00:40,165 : INFO : topic #1 (0.100): 0.026*"chancoin" + 0.013*"wallet" + 0.010*"monero" + 0.006*"transaction" + 0.006*"address" + 0.005*"use" + 0.004*"private" + 0.004*"key" + 0.004*"get" + 0.004*"would"
2018-08-28 04:00:40,166 : INFO : topic #3 (0.100): 0.016*"scam" + 0.009*"ha" + 0.003*"tesla" + 0.002*"ev" + 0.001*"egg" + 0.001*"smoking" + 0.001*"tuna" + 0.001*"withdrawal" + 0.001*"microwave" + 0.001*"lithium"
2018-08-28 04:00:40,167 : INFO : topic #6 (0.100): 0.021*"tax" + 0.009*"gain" + 0.009*"pay" + 0.007*"crypto" + 0.007*"trade" + 0.007*"irs" + 0.006*"year" + 0.005*"get" + 0.005*"like" + 0.005*"capital"
2018-08-28 04:00:40,168 : INFO : topic #5 (0.100): 0.008*"like" + 0.007*"people" + 0.006*"fucking" + 0.006*"get" + 0.005*"make" + 0.005*"shit" + 0.005*"go" + 0.005*"think" + 0.005*"one" + 0.004*"btc"
2018-08-28 04:00:40,169 : INFO : topic diff=0.004530, rho=0.119523
2018-08-28 04:00:43,534 : INFO : -8.343 per-word bound, 324.7 perplexity estimate based on a held-out corpus of 1067 documents with 1256157 words
2018-08-28 04:00:43,534 : INFO : PROGRESS: pass 69, at document #1067/1067
2018-08-28 04:00:45,030 : INFO : topic #1 (0.100): 0.026*"chancoin" + 0.014*"wallet" + 0.010*"monero" + 0.007*"transaction" + 0.006*"address" + 0.005*"use" + 0.004*"private" + 0.004*"key" + 0.004*"get" + 0.004*"would"
2018-08-28 04:00:45,031 : INFO : topic #0 (0.100): 0.012*"btc" + 0.007*"bitcoin" + 0.007*"coin" + 0.007*"like" + 0.007*"buy" + 0.007*"get" + 0.006*"bch" + 0.006*"going" + 0.006*"im" + 0.006*"people"
2018-08-28 04:00:45,032 : INFO : topic #9 (0.100): 0.010*"buy" + 0.009*"im" + 0.008*"like" + 0.007*"get" + 0.007*"going" + 0.006*"go" + 0.005*"sell" + 0.005*"day" + 0.005*"good" + 0.005*"money"
2018-08-28 04:00:45,033 : INFO : topic #4 (0.100): 0.040*"link" + 0.011*"token" + 0.010*"chainlink" + 0.008*"smart" + 0.008*"contract" + 0.007*"swift" + 0.006*"req" + 0.006*"use" + 0.006*"data" + 0.006*"oracle"
2018-08-28 04:00:45,034 : INFO : topic #8 (0.100): 0.004*"organ" + 0.002*"du" + 0.002*"germany" + 0.002*"suffering" + 0.001*"und" + 0.001*"consent" + 0.001*"da" + 0.001*"german" + 0.001*"rice" + 0.001*"nicht"
2018-08-28 04:00:45,035 : INFO : topic diff=0.004441, rho=0.118678
2018-08-28 04:00:48,499 : INFO : -8.343 per-word bound, 324.7 perplexity estimate based on a held-out corpus of 1067 documents with 1256157 words
2018-08-28 04:00:48,501 : INFO : PROGRESS: pass 70, at document #1067/1067
2018-08-28 04:00:49,982 : INFO : topic #5 (0.100): 0.008*"like" + 0.007*"people" + 0.006*"fucking" + 0.006*"get" + 0.005*"make" + 0.005*"shit" + 0.005*"go" + 0.005*"think" + 0.005*"one" + 0.004*"fuck"
2018-08-28 04:00:49,984 : INFO : topic #3 (0.100): 0.016*"scam" + 0.009*"ha" + 0.003*"tesla" + 0.002*"ev" + 0.001*"egg" + 0.001*"smoking" + 0.001*"tuna" + 0.001*"withdrawal" + 0.001*"microwave" + 0.001*"lithium"
2018-08-28 04:00:49,985 : INFO : topic #2 (0.100): 0.011*"get" + 0.009*"like" + 0.009*"im" + 0.008*"money" + 0.008*"make" + 0.006*"year" + 0.006*"want" + 0.006*"good" + 0.005*"job" + 0.005*"people"
2018-08-28 04:00:49,986 : INFO : topic #9 (0.100): 0.010*"buy" + 0.009*"im" + 0.008*"like" + 0.007*"get" + 0.007*"going" + 0.006*"go" + 0.005*"sell" + 0.005*"day" + 0.005*"good" + 0.005*"money"
2018-08-28 04:00:49,987 : INFO : topic #8 (0.100): 0.004*"organ" + 0.002*"du" + 0.002*"germany" + 0.002*"suffering" + 0.001*"und" + 0.001*"consent" + 0.001*"da" + 0.001*"german" + 0.001*"rice" + 0.001*"nicht"
2018-08-28 04:00:49,988 : INFO : topic diff=0.004356, rho=0.117851
2018-08-28 04:00:53,376 : INFO : -8.343 per-word bound, 324.6 perplexity estimate based on a held-out corpus of 1067 documents with 1256157 words
2018-08-28 04:00:53,378 : INFO : PROGRESS: pass 71, at document #1067/1067
2018-08-28 04:00:54,858 : INFO : topic #7 (0.100): 0.035*"tether" + 0.014*"bitfinex" + 0.010*"usd" + 0.009*"usdt" + 0.007*"exchange" + 0.004*"bank" + 0.004*"silver" + 0.003*"use" + 0.003*"fiat" + 0.003*"audit"
2018-08-28 04:00:54,859 : INFO : topic #4 (0.100): 0.041*"link" + 0.011*"token" + 0.010*"chainlink" + 0.008*"smart" + 0.008*"contract" + 0.007*"swift" + 0.007*"req" + 0.006*"use" + 0.006*"data" + 0.006*"oracle"
2018-08-28 04:00:54,860 : INFO : topic #1 (0.100): 0.026*"chancoin" + 0.014*"wallet" + 0.010*"monero" + 0.007*"transaction" + 0.006*"address" + 0.005*"use" + 0.004*"private" + 0.004*"key" + 0.004*"get" + 0.004*"would"
2018-08-28 04:00:54,861 : INFO : topic #9 (0.100): 0.010*"buy" + 0.009*"im" + 0.008*"like" + 0.007*"get" + 0.007*"going" + 0.006*"go" + 0.005*"sell" + 0.005*"day" + 0.005*"good" + 0.005*"money"
2018-08-28 04:00:54,863 : INFO : topic #2 (0.100): 0.011*"get" + 0.009*"like" + 0.009*"im" + 0.008*"money" + 0.008*"make" + 0.006*"year" + 0.006*"want" + 0.006*"good" + 0.005*"job" + 0.005*"people"
2018-08-28 04:00:54,864 : INFO : topic diff=0.004276, rho=0.117041
2018-08-28 04:00:58,337 : INFO : -8.342 per-word bound, 324.6 perplexity estimate based on a held-out corpus of 1067 documents with 1256157 words
2018-08-28 04:00:58,339 : INFO : PROGRESS: pass 72, at document #1067/1067
2018-08-28 04:00:59,816 : INFO : topic #5 (0.100): 0.008*"like" + 0.007*"people" + 0.006*"fucking" + 0.006*"get" + 0.005*"make" + 0.005*"shit" + 0.005*"go" + 0.005*"think" + 0.005*"one" + 0.004*"fuck"
2018-08-28 04:00:59,817 : INFO : topic #8 (0.100): 0.004*"organ" + 0.002*"du" + 0.002*"germany" + 0.002*"suffering" + 0.001*"und" + 0.001*"consent" + 0.001*"da" + 0.001*"german" + 0.001*"rice" + 0.001*"nicht"
2018-08-28 04:00:59,818 : INFO : topic #0 (0.100): 0.012*"btc" + 0.007*"bitcoin" + 0.007*"coin" + 0.007*"like" + 0.007*"buy" + 0.007*"get" + 0.006*"bch" + 0.006*"going" + 0.006*"im" + 0.006*"people"
2018-08-28 04:00:59,819 : INFO : topic #4 (0.100): 0.041*"link" + 0.011*"token" + 0.010*"chainlink" + 0.008*"smart" + 0.008*"contract" + 0.007*"swift" + 0.007*"req" + 0.006*"use" + 0.006*"data" + 0.006*"oracle"
2018-08-28 04:00:59,820 : INFO : topic #3 (0.100): 0.016*"scam" + 0.009*"ha" + 0.003*"tesla" + 0.002*"ev" + 0.001*"egg" + 0.001*"smoking" + 0.001*"tuna" + 0.001*"withdrawal" + 0.001*"microwave" + 0.001*"lithium"
2018-08-28 04:00:59,821 : INFO : topic diff=0.004200, rho=0.116248
2018-08-28 04:01:03,196 : INFO : -8.342 per-word bound, 324.5 perplexity estimate based on a held-out corpus of 1067 documents with 1256157 words
2018-08-28 04:01:03,196 : INFO : PROGRESS: pass 73, at document #1067/1067
2018-08-28 04:01:04,673 : INFO : topic #5 (0.100): 0.008*"like" + 0.007*"people" + 0.006*"fucking" + 0.006*"get" + 0.005*"make" + 0.005*"shit" + 0.005*"go" + 0.005*"think" + 0.005*"one" + 0.004*"fuck"
2018-08-28 04:01:04,675 : INFO : topic #7 (0.100): 0.036*"tether" + 0.014*"bitfinex" + 0.010*"usd" + 0.009*"usdt" + 0.007*"exchange" + 0.004*"bank" + 0.004*"silver" + 0.003*"use" + 0.003*"fiat" + 0.003*"audit"
2018-08-28 04:01:04,676 : INFO : topic #3 (0.100): 0.016*"scam" + 0.009*"ha" + 0.003*"tesla" + 0.002*"ev" + 0.001*"egg" + 0.001*"smoking" + 0.001*"tuna" + 0.001*"withdrawal" + 0.001*"microwave" + 0.001*"lithium"
2018-08-28 04:01:04,677 : INFO : topic #9 (0.100): 0.010*"buy" + 0.009*"im" + 0.008*"like" + 0.007*"get" + 0.007*"going" + 0.006*"go" + 0.005*"sell" + 0.005*"day" + 0.005*"good" + 0.005*"money"
2018-08-28 04:01:04,678 : INFO : topic #2 (0.100): 0.011*"get" + 0.009*"like" + 0.009*"im" + 0.008*"money" + 0.008*"make" + 0.006*"year" + 0.006*"want" + 0.006*"good" + 0.005*"job" + 0.005*"people"
2018-08-28 04:01:04,679 : INFO : topic diff=0.004123, rho=0.115470
2018-08-28 04:01:08,104 : INFO : -8.342 per-word bound, 324.5 perplexity estimate based on a held-out corpus of 1067 documents with 1256157 words
2018-08-28 04:01:08,106 : INFO : PROGRESS: pass 74, at document #1067/1067
2018-08-28 04:01:09,589 : INFO : topic #4 (0.100): 0.041*"link" + 0.011*"token" + 0.010*"chainlink" + 0.008*"smart" + 0.008*"contract" + 0.007*"req" + 0.007*"swift" + 0.006*"use" + 0.006*"data" + 0.006*"oracle"
2018-08-28 04:01:09,590 : INFO : topic #8 (0.100): 0.004*"organ" + 0.002*"du" + 0.002*"germany" + 0.002*"suffering" + 0.001*"und" + 0.001*"consent" + 0.001*"da" + 0.001*"german" + 0.001*"rice" + 0.001*"nicht"
2018-08-28 04:01:09,591 : INFO : topic #2 (0.100): 0.011*"get" + 0.009*"like" + 0.009*"im" + 0.008*"money" + 0.008*"make" + 0.006*"year" + 0.006*"want" + 0.006*"good" + 0.005*"job" + 0.005*"people"
2018-08-28 04:01:09,592 : INFO : topic #1 (0.100): 0.026*"chancoin" + 0.014*"wallet" + 0.010*"monero" + 0.007*"transaction" + 0.006*"address" + 0.005*"use" + 0.004*"private" + 0.004*"key" + 0.004*"get" + 0.004*"would"
2018-08-28 04:01:09,593 : INFO : topic #5 (0.100): 0.008*"like" + 0.007*"people" + 0.006*"fucking" + 0.006*"get" + 0.005*"shit" + 0.005*"make" + 0.005*"go" + 0.005*"think" + 0.005*"one" + 0.004*"fuck"
2018-08-28 04:01:09,595 : INFO : topic diff=0.004042, rho=0.114708
2018-08-28 04:01:12,935 : INFO : -8.342 per-word bound, 324.4 perplexity estimate based on a held-out corpus of 1067 documents with 1256157 words
2018-08-28 04:01:12,935 : INFO : PROGRESS: pass 75, at document #1067/1067
2018-08-28 04:01:14,436 : INFO : topic #1 (0.100): 0.026*"chancoin" + 0.014*"wallet" + 0.010*"monero" + 0.007*"transaction" + 0.006*"address" + 0.005*"use" + 0.005*"private" + 0.004*"key" + 0.004*"get" + 0.004*"would"
2018-08-28 04:01:14,437 : INFO : topic #7 (0.100): 0.036*"tether" + 0.014*"bitfinex" + 0.010*"usd" + 0.009*"usdt" + 0.007*"exchange" + 0.004*"bank" + 0.004*"silver" + 0.003*"use" + 0.003*"fiat" + 0.003*"audit"
2018-08-28 04:01:14,438 : INFO : topic #0 (0.100): 0.012*"btc" + 0.007*"bitcoin" + 0.007*"coin" + 0.007*"like" + 0.007*"buy" + 0.007*"get" + 0.006*"bch" + 0.006*"going" + 0.006*"im" + 0.006*"people"
2018-08-28 04:01:14,438 : INFO : topic #4 (0.100): 0.042*"link" + 0.011*"token" + 0.010*"chainlink" + 0.008*"smart" + 0.008*"contract" + 0.007*"req" + 0.007*"swift" + 0.006*"use" + 0.006*"data" + 0.006*"oracle"
2018-08-28 04:01:14,440 : INFO : topic #9 (0.100): 0.010*"buy" + 0.009*"im" + 0.008*"like" + 0.007*"get" + 0.007*"going" + 0.006*"go" + 0.005*"sell" + 0.005*"day" + 0.005*"good" + 0.005*"money"
2018-08-28 04:01:14,441 : INFO : topic diff=0.003992, rho=0.113961
2018-08-28 04:01:17,842 : INFO : -8.342 per-word bound, 324.4 perplexity estimate based on a held-out corpus of 1067 documents with 1256157 words
2018-08-28 04:01:17,843 : INFO : PROGRESS: pass 76, at document #1067/1067
2018-08-28 04:01:19,374 : INFO : topic #1 (0.100): 0.026*"chancoin" + 0.014*"wallet" + 0.011*"monero" + 0.007*"transaction" + 0.006*"address" + 0.005*"use" + 0.005*"private" + 0.004*"key" + 0.004*"get" + 0.004*"would"
2018-08-28 04:01:19,375 : INFO : topic #5 (0.100): 0.008*"like" + 0.007*"people" + 0.006*"fucking" + 0.006*"get" + 0.005*"shit" + 0.005*"make" + 0.005*"go" + 0.005*"think" + 0.005*"one" + 0.004*"fuck"
2018-08-28 04:01:19,376 : INFO : topic #4 (0.100): 0.042*"link" + 0.011*"token" + 0.010*"chainlink" + 0.008*"smart" + 0.008*"contract" + 0.007*"req" + 0.007*"swift" + 0.006*"use" + 0.006*"data" + 0.006*"oracle"
2018-08-28 04:01:19,378 : INFO : topic #3 (0.100): 0.016*"scam" + 0.009*"ha" + 0.003*"tesla" + 0.002*"ev" + 0.001*"egg" + 0.001*"smoking" + 0.001*"tuna" + 0.001*"withdrawal" + 0.001*"microwave" + 0.001*"lithium"
2018-08-28 04:01:19,378 : INFO : topic #0 (0.100): 0.012*"btc" + 0.007*"bitcoin" + 0.007*"coin" + 0.007*"like" + 0.007*"buy" + 0.007*"get" + 0.006*"bch" + 0.006*"going" + 0.006*"im" + 0.006*"people"
2018-08-28 04:01:19,380 : INFO : topic diff=0.003922, rho=0.113228
2018-08-28 04:01:22,757 : INFO : -8.341 per-word bound, 324.3 perplexity estimate based on a held-out corpus of 1067 documents with 1256157 words
2018-08-28 04:01:22,759 : INFO : PROGRESS: pass 77, at document #1067/1067
2018-08-28 04:01:24,266 : INFO : topic #3 (0.100): 0.016*"scam" + 0.009*"ha" + 0.003*"tesla" + 0.002*"ev" + 0.001*"egg" + 0.001*"smoking" + 0.001*"tuna" + 0.001*"withdrawal" + 0.001*"lithium" + 0.001*"microwave"
2018-08-28 04:01:24,267 : INFO : topic #0 (0.100): 0.012*"btc" + 0.007*"bitcoin" + 0.007*"coin" + 0.007*"like" + 0.007*"buy" + 0.007*"get" + 0.006*"bch" + 0.006*"going" + 0.006*"im" + 0.006*"people"
2018-08-28 04:01:24,268 : INFO : topic #7 (0.100): 0.036*"tether" + 0.014*"bitfinex" + 0.010*"usd" + 0.010*"usdt" + 0.007*"exchange" + 0.004*"bank" + 0.004*"silver" + 0.003*"use" + 0.003*"fiat" + 0.003*"audit"
2018-08-28 04:01:24,269 : INFO : topic #8 (0.100): 0.004*"organ" + 0.002*"du" + 0.002*"germany" + 0.002*"suffering" + 0.001*"und" + 0.001*"consent" + 0.001*"da" + 0.001*"german" + 0.001*"rice" + 0.001*"nicht"
2018-08-28 04:01:24,270 : INFO : topic #4 (0.100): 0.042*"link" + 0.011*"token" + 0.010*"chainlink" + 0.008*"smart" + 0.008*"contract" + 0.007*"req" + 0.007*"swift" + 0.006*"use" + 0.006*"data" + 0.006*"oracle"
2018-08-28 04:01:24,271 : INFO : topic diff=0.003845, rho=0.112509
2018-08-28 04:01:27,675 : INFO : -8.341 per-word bound, 324.3 perplexity estimate based on a held-out corpus of 1067 documents with 1256157 words
2018-08-28 04:01:27,677 : INFO : PROGRESS: pass 78, at document #1067/1067
2018-08-28 04:01:29,157 : INFO : topic #2 (0.100): 0.011*"get" + 0.009*"like" + 0.009*"im" + 0.008*"money" + 0.008*"make" + 0.006*"year" + 0.006*"want" + 0.006*"good" + 0.005*"job" + 0.005*"people"
2018-08-28 04:01:29,159 : INFO : topic #0 (0.100): 0.012*"btc" + 0.007*"bitcoin" + 0.007*"coin" + 0.007*"like" + 0.007*"buy" + 0.007*"get" + 0.006*"bch" + 0.006*"going" + 0.006*"im" + 0.006*"people"
2018-08-28 04:01:29,160 : INFO : topic #3 (0.100): 0.016*"scam" + 0.009*"ha" + 0.003*"tesla" + 0.002*"ev" + 0.001*"egg" + 0.001*"smoking" + 0.001*"tuna" + 0.001*"withdrawal" + 0.001*"lithium" + 0.001*"microwave"
2018-08-28 04:01:29,161 : INFO : topic #9 (0.100): 0.010*"buy" + 0.009*"im" + 0.008*"like" + 0.007*"get" + 0.007*"going" + 0.006*"go" + 0.005*"sell" + 0.005*"day" + 0.005*"good" + 0.005*"money"
2018-08-28 04:01:29,162 : INFO : topic #8 (0.100): 0.004*"organ" + 0.002*"du" + 0.002*"germany" + 0.002*"suffering" + 0.001*"und" + 0.001*"consent" + 0.001*"da" + 0.001*"german" + 0.001*"rice" + 0.001*"nicht"
2018-08-28 04:01:29,163 : INFO : topic diff=0.003777, rho=0.111803
2018-08-28 04:01:32,619 : INFO : -8.341 per-word bound, 324.3 perplexity estimate based on a held-out corpus of 1067 documents with 1256157 words
2018-08-28 04:01:32,620 : INFO : PROGRESS: pass 79, at document #1067/1067
2018-08-28 04:01:34,113 : INFO : topic #5 (0.100): 0.008*"like" + 0.007*"people" + 0.006*"fucking" + 0.006*"get" + 0.005*"shit" + 0.005*"make" + 0.005*"think" + 0.005*"go" + 0.005*"one" + 0.004*"fuck"
2018-08-28 04:01:34,115 : INFO : topic #0 (0.100): 0.012*"btc" + 0.007*"bitcoin" + 0.007*"coin" + 0.007*"like" + 0.007*"buy" + 0.007*"get" + 0.006*"bch" + 0.006*"going" + 0.006*"im" + 0.006*"people"
2018-08-28 04:01:34,116 : INFO : topic #1 (0.100): 0.027*"chancoin" + 0.014*"wallet" + 0.011*"monero" + 0.007*"transaction" + 0.006*"address" + 0.005*"use" + 0.005*"private" + 0.005*"key" + 0.004*"would" + 0.004*"get"
2018-08-28 04:01:34,116 : INFO : topic #4 (0.100): 0.042*"link" + 0.011*"token" + 0.010*"chainlink" + 0.008*"smart" + 0.008*"contract" + 0.007*"req" + 0.007*"swift" + 0.006*"use" + 0.006*"data" + 0.006*"oracle"
2018-08-28 04:01:34,117 : INFO : topic #3 (0.100): 0.016*"scam" + 0.009*"ha" + 0.003*"tesla" + 0.002*"ev" + 0.001*"egg" + 0.001*"smoking" + 0.001*"tuna" + 0.001*"withdrawal" + 0.001*"lithium" + 0.001*"microwave"
2018-08-28 04:01:34,118 : INFO : topic diff=0.003717, rho=0.111111
2018-08-28 04:01:37,497 : INFO : -8.341 per-word bound, 324.2 perplexity estimate based on a held-out corpus of 1067 documents with 1256157 words
2018-08-28 04:01:37,499 : INFO : PROGRESS: pass 80, at document #1067/1067
2018-08-28 04:01:38,988 : INFO : topic #0 (0.100): 0.012*"btc" + 0.007*"bitcoin" + 0.007*"coin" + 0.007*"like" + 0.007*"buy" + 0.007*"get" + 0.006*"bch" + 0.006*"going" + 0.006*"im" + 0.006*"people"
2018-08-28 04:01:38,990 : INFO : topic #6 (0.100): 0.022*"tax" + 0.010*"gain" + 0.009*"pay" + 0.008*"trade" + 0.008*"crypto" + 0.007*"irs" + 0.007*"year" + 0.005*"capital" + 0.005*"get" + 0.005*"like"
2018-08-28 04:01:38,991 : INFO : topic #5 (0.100): 0.008*"like" + 0.007*"people" + 0.006*"fucking" + 0.006*"get" + 0.005*"shit" + 0.005*"make" + 0.005*"think" + 0.005*"go" + 0.005*"one" + 0.004*"fuck"
2018-08-28 04:01:38,992 : INFO : topic #1 (0.100): 0.027*"chancoin" + 0.014*"wallet" + 0.011*"monero" + 0.007*"transaction" + 0.006*"address" + 0.005*"use" + 0.005*"private" + 0.005*"key" + 0.004*"would" + 0.004*"get"
2018-08-28 04:01:38,993 : INFO : topic #3 (0.100): 0.016*"scam" + 0.009*"ha" + 0.003*"tesla" + 0.002*"ev" + 0.001*"egg" + 0.001*"smoking" + 0.001*"tuna" + 0.001*"withdrawal" + 0.001*"lithium" + 0.001*"microwave"
2018-08-28 04:01:38,994 : INFO : topic diff=0.003652, rho=0.110432
2018-08-28 04:01:42,378 : INFO : -8.341 per-word bound, 324.2 perplexity estimate based on a held-out corpus of 1067 documents with 1256157 words
2018-08-28 04:01:42,379 : INFO : PROGRESS: pass 81, at document #1067/1067
2018-08-28 04:01:43,857 : INFO : topic #1 (0.100): 0.027*"chancoin" + 0.014*"wallet" + 0.011*"monero" + 0.007*"transaction" + 0.006*"address" + 0.005*"use" + 0.005*"private" + 0.005*"key" + 0.004*"would" + 0.004*"get"
2018-08-28 04:01:43,859 : INFO : topic #8 (0.100): 0.004*"organ" + 0.002*"du" + 0.002*"germany" + 0.002*"suffering" + 0.001*"und" + 0.001*"consent" + 0.001*"da" + 0.001*"german" + 0.001*"rice" + 0.001*"nicht"
2018-08-28 04:01:43,860 : INFO : topic #5 (0.100): 0.008*"like" + 0.007*"people" + 0.006*"fucking" + 0.006*"get" + 0.005*"shit" + 0.005*"make" + 0.005*"think" + 0.005*"go" + 0.005*"one" + 0.004*"fuck"
2018-08-28 04:01:43,861 : INFO : topic #2 (0.100): 0.011*"get" + 0.010*"like" + 0.009*"im" + 0.008*"money" + 0.008*"make" + 0.006*"year" + 0.006*"want" + 0.006*"good" + 0.005*"people" + 0.005*"job"
2018-08-28 04:01:43,863 : INFO : topic #3 (0.100): 0.016*"scam" + 0.009*"ha" + 0.003*"tesla" + 0.002*"ev" + 0.001*"egg" + 0.001*"smoking" + 0.001*"tuna" + 0.001*"withdrawal" + 0.001*"lithium" + 0.001*"microwave"
2018-08-28 04:01:43,864 : INFO : topic diff=0.003594, rho=0.109764
2018-08-28 04:01:47,228 : INFO : -8.341 per-word bound, 324.2 perplexity estimate based on a held-out corpus of 1067 documents with 1256157 words
2018-08-28 04:01:47,229 : INFO : PROGRESS: pass 82, at document #1067/1067
2018-08-28 04:01:48,731 : INFO : topic #1 (0.100): 0.027*"chancoin" + 0.014*"wallet" + 0.011*"monero" + 0.007*"transaction" + 0.006*"address" + 0.005*"use" + 0.005*"private" + 0.005*"key" + 0.004*"would" + 0.004*"get"
2018-08-28 04:01:48,732 : INFO : topic #5 (0.100): 0.008*"like" + 0.007*"people" + 0.006*"fucking" + 0.006*"get" + 0.005*"shit" + 0.005*"make" + 0.005*"think" + 0.005*"go" + 0.005*"one" + 0.004*"fuck"
2018-08-28 04:01:48,733 : INFO : topic #3 (0.100): 0.016*"scam" + 0.009*"ha" + 0.003*"tesla" + 0.002*"ev" + 0.001*"egg" + 0.001*"smoking" + 0.001*"tuna" + 0.001*"withdrawal" + 0.001*"lithium" + 0.001*"microwave"
2018-08-28 04:01:48,734 : INFO : topic #2 (0.100): 0.011*"get" + 0.010*"like" + 0.009*"im" + 0.008*"money" + 0.008*"make" + 0.006*"year" + 0.006*"want" + 0.006*"good" + 0.005*"people" + 0.005*"job"
2018-08-28 04:01:48,735 : INFO : topic #9 (0.100): 0.010*"buy" + 0.009*"im" + 0.008*"like" + 0.007*"get" + 0.007*"going" + 0.006*"go" + 0.005*"sell" + 0.005*"day" + 0.005*"good" + 0.005*"money"
2018-08-28 04:01:48,736 : INFO : topic diff=0.003531, rho=0.109109
2018-08-28 04:01:52,141 : INFO : -8.340 per-word bound, 324.1 perplexity estimate based on a held-out corpus of 1067 documents with 1256157 words
2018-08-28 04:01:52,141 : INFO : PROGRESS: pass 83, at document #1067/1067
2018-08-28 04:01:53,631 : INFO : topic #7 (0.100): 0.037*"tether" + 0.014*"bitfinex" + 0.011*"usd" + 0.010*"usdt" + 0.007*"exchange" + 0.005*"bank" + 0.004*"silver" + 0.003*"use" + 0.003*"fiat" + 0.003*"audit"
2018-08-28 04:01:53,634 : INFO : topic #4 (0.100): 0.043*"link" + 0.011*"token" + 0.010*"chainlink" + 0.008*"smart" + 0.008*"contract" + 0.007*"req" + 0.007*"swift" + 0.006*"use" + 0.006*"data" + 0.006*"oracle"
2018-08-28 04:01:53,635 : INFO : topic #9 (0.100): 0.010*"buy" + 0.009*"im" + 0.008*"like" + 0.007*"get" + 0.007*"going" + 0.006*"go" + 0.005*"sell" + 0.005*"day" + 0.005*"good" + 0.005*"money"
2018-08-28 04:01:53,636 : INFO : topic #2 (0.100): 0.011*"get" + 0.010*"like" + 0.009*"im" + 0.008*"money" + 0.008*"make" + 0.006*"year" + 0.006*"want" + 0.006*"good" + 0.005*"people" + 0.005*"job"
2018-08-28 04:01:53,638 : INFO : topic #1 (0.100): 0.027*"chancoin" + 0.014*"wallet" + 0.011*"monero" + 0.007*"transaction" + 0.006*"address" + 0.005*"use" + 0.005*"private" + 0.005*"key" + 0.004*"would" + 0.003*"get"
2018-08-28 04:01:53,639 : INFO : topic diff=0.003472, rho=0.108465
2018-08-28 04:01:57,011 : INFO : -8.340 per-word bound, 324.1 perplexity estimate based on a held-out corpus of 1067 documents with 1256157 words
2018-08-28 04:01:57,011 : INFO : PROGRESS: pass 84, at document #1067/1067
2018-08-28 04:01:58,487 : INFO : topic #8 (0.100): 0.004*"organ" + 0.002*"du" + 0.002*"germany" + 0.002*"suffering" + 0.001*"und" + 0.001*"consent" + 0.001*"da" + 0.001*"german" + 0.001*"rice" + 0.001*"nicht"
2018-08-28 04:01:58,488 : INFO : topic #1 (0.100): 0.027*"chancoin" + 0.014*"wallet" + 0.011*"monero" + 0.007*"transaction" + 0.006*"address" + 0.005*"use" + 0.005*"private" + 0.005*"key" + 0.004*"would" + 0.003*"get"
2018-08-28 04:01:58,489 : INFO : topic #5 (0.100): 0.008*"like" + 0.007*"people" + 0.006*"fucking" + 0.006*"get" + 0.005*"shit" + 0.005*"make" + 0.005*"think" + 0.005*"go" + 0.005*"one" + 0.004*"fuck"
2018-08-28 04:01:58,490 : INFO : topic #4 (0.100): 0.043*"link" + 0.011*"token" + 0.010*"chainlink" + 0.008*"smart" + 0.008*"contract" + 0.007*"req" + 0.007*"swift" + 0.006*"use" + 0.006*"data" + 0.006*"oracle"
2018-08-28 04:01:58,491 : INFO : topic #2 (0.100): 0.011*"get" + 0.010*"like" + 0.009*"im" + 0.008*"money" + 0.008*"make" + 0.006*"year" + 0.006*"want" + 0.006*"good" + 0.005*"people" + 0.005*"job"
2018-08-28 04:01:58,492 : INFO : topic diff=0.003421, rho=0.107833
2018-08-28 04:02:01,884 : INFO : -8.340 per-word bound, 324.0 perplexity estimate based on a held-out corpus of 1067 documents with 1256157 words
2018-08-28 04:02:01,884 : INFO : PROGRESS: pass 85, at document #1067/1067
2018-08-28 04:02:03,378 : INFO : topic #6 (0.100): 0.023*"tax" + 0.010*"gain" + 0.009*"pay" + 0.008*"trade" + 0.008*"crypto" + 0.007*"irs" + 0.007*"year" + 0.005*"capital" + 0.005*"get" + 0.005*"cash"
2018-08-28 04:02:03,379 : INFO : topic #7 (0.100): 0.038*"tether" + 0.014*"bitfinex" + 0.011*"usd" + 0.010*"usdt" + 0.007*"exchange" + 0.005*"bank" + 0.004*"silver" + 0.003*"use" + 0.003*"fiat" + 0.003*"audit"
2018-08-28 04:02:03,380 : INFO : topic #8 (0.100): 0.004*"organ" + 0.002*"du" + 0.002*"germany" + 0.002*"suffering" + 0.001*"und" + 0.001*"consent" + 0.001*"da" + 0.001*"german" + 0.001*"rice" + 0.001*"nicht"
2018-08-28 04:02:03,382 : INFO : topic #3 (0.100): 0.016*"scam" + 0.009*"ha" + 0.003*"tesla" + 0.002*"ev" + 0.001*"egg" + 0.001*"smoking" + 0.001*"tuna" + 0.001*"withdrawal" + 0.001*"lithium" + 0.001*"microwave"
2018-08-28 04:02:03,383 : INFO : topic #0 (0.100): 0.012*"btc" + 0.008*"bitcoin" + 0.007*"coin" + 0.007*"like" + 0.007*"buy" + 0.007*"get" + 0.006*"bch" + 0.006*"going" + 0.006*"people" + 0.006*"im"
2018-08-28 04:02:03,384 : INFO : topic diff=0.003360, rho=0.107211
2018-08-28 04:02:06,770 : INFO : -8.340 per-word bound, 324.0 perplexity estimate based on a held-out corpus of 1067 documents with 1256157 words
2018-08-28 04:02:06,770 : INFO : PROGRESS: pass 86, at document #1067/1067
2018-08-28 04:02:08,227 : INFO : topic #6 (0.100): 0.023*"tax" + 0.010*"gain" + 0.009*"pay" + 0.008*"trade" + 0.008*"crypto" + 0.007*"irs" + 0.007*"year" + 0.005*"capital" + 0.005*"cash" + 0.005*"get"
2018-08-28 04:02:08,228 : INFO : topic #4 (0.100): 0.043*"link" + 0.011*"token" + 0.010*"chainlink" + 0.008*"smart" + 0.008*"contract" + 0.007*"req" + 0.007*"swift" + 0.006*"use" + 0.006*"data" + 0.006*"oracle"
2018-08-28 04:02:08,229 : INFO : topic #9 (0.100): 0.010*"buy" + 0.009*"im" + 0.008*"like" + 0.007*"get" + 0.007*"going" + 0.006*"go" + 0.005*"sell" + 0.005*"day" + 0.005*"good" + 0.005*"money"
2018-08-28 04:02:08,230 : INFO : topic #5 (0.100): 0.008*"like" + 0.007*"people" + 0.006*"fucking" + 0.006*"get" + 0.005*"shit" + 0.005*"make" + 0.005*"think" + 0.005*"go" + 0.004*"one" + 0.004*"fuck"
2018-08-28 04:02:08,231 : INFO : topic #1 (0.100): 0.027*"chancoin" + 0.014*"wallet" + 0.011*"monero" + 0.007*"transaction" + 0.006*"address" + 0.005*"use" + 0.005*"private" + 0.005*"key" + 0.003*"would" + 0.003*"get"
2018-08-28 04:02:08,232 : INFO : topic diff=0.003310, rho=0.106600
2018-08-28 04:02:11,738 : INFO : -8.340 per-word bound, 324.0 perplexity estimate based on a held-out corpus of 1067 documents with 1256157 words
2018-08-28 04:02:11,738 : INFO : PROGRESS: pass 87, at document #1067/1067
2018-08-28 04:02:13,245 : INFO : topic #5 (0.100): 0.008*"like" + 0.007*"people" + 0.006*"fucking" + 0.006*"get" + 0.005*"shit" + 0.005*"make" + 0.005*"think" + 0.005*"go" + 0.004*"one" + 0.004*"fuck"
2018-08-28 04:02:13,246 : INFO : topic #0 (0.100): 0.012*"btc" + 0.008*"bitcoin" + 0.007*"coin" + 0.007*"like" + 0.007*"buy" + 0.007*"get" + 0.006*"bch" + 0.006*"going" + 0.006*"people" + 0.006*"im"
2018-08-28 04:02:13,247 : INFO : topic #4 (0.100): 0.043*"link" + 0.011*"token" + 0.010*"chainlink" + 0.008*"smart" + 0.008*"contract" + 0.007*"req" + 0.007*"swift" + 0.006*"use" + 0.006*"data" + 0.006*"oracle"
2018-08-28 04:02:13,248 : INFO : topic #3 (0.100): 0.016*"scam" + 0.009*"ha" + 0.003*"tesla" + 0.002*"ev" + 0.001*"egg" + 0.001*"smoking" + 0.001*"tuna" + 0.001*"withdrawal" + 0.001*"lithium" + 0.001*"microwave"
2018-08-28 04:02:13,249 : INFO : topic #6 (0.100): 0.023*"tax" + 0.010*"gain" + 0.009*"pay" + 0.008*"trade" + 0.008*"crypto" + 0.007*"irs" + 0.007*"year" + 0.005*"capital" + 0.005*"cash" + 0.005*"get"
2018-08-28 04:02:13,250 : INFO : topic diff=0.003257, rho=0.106000
2018-08-28 04:02:16,655 : INFO : -8.340 per-word bound, 323.9 perplexity estimate based on a held-out corpus of 1067 documents with 1256157 words
2018-08-28 04:02:16,656 : INFO : PROGRESS: pass 88, at document #1067/1067
2018-08-28 04:02:18,306 : INFO : topic #6 (0.100): 0.023*"tax" + 0.010*"gain" + 0.009*"pay" + 0.008*"trade" + 0.008*"crypto" + 0.007*"irs" + 0.007*"year" + 0.005*"capital" + 0.005*"cash" + 0.005*"get"
2018-08-28 04:02:18,307 : INFO : topic #1 (0.100): 0.028*"chancoin" + 0.014*"wallet" + 0.011*"monero" + 0.007*"transaction" + 0.006*"address" + 0.005*"use" + 0.005*"private" + 0.005*"key" + 0.003*"would" + 0.003*"get"
2018-08-28 04:02:18,308 : INFO : topic #8 (0.100): 0.004*"organ" + 0.002*"du" + 0.002*"germany" + 0.002*"suffering" + 0.001*"und" + 0.001*"consent" + 0.001*"da" + 0.001*"german" + 0.001*"rice" + 0.001*"nicht"
2018-08-28 04:02:18,309 : INFO : topic #2 (0.100): 0.011*"get" + 0.010*"like" + 0.009*"im" + 0.008*"money" + 0.008*"make" + 0.006*"year" + 0.006*"want" + 0.006*"good" + 0.005*"people" + 0.005*"job"
2018-08-28 04:02:18,310 : INFO : topic #7 (0.100): 0.038*"tether" + 0.015*"bitfinex" + 0.011*"usd" + 0.010*"usdt" + 0.007*"exchange" + 0.005*"bank" + 0.004*"silver" + 0.003*"use" + 0.003*"fiat" + 0.003*"audit"
2018-08-28 04:02:18,311 : INFO : topic diff=0.003211, rho=0.105409
2018-08-28 04:02:21,805 : INFO : -8.339 per-word bound, 323.9 perplexity estimate based on a held-out corpus of 1067 documents with 1256157 words
2018-08-28 04:02:21,806 : INFO : PROGRESS: pass 89, at document #1067/1067
2018-08-28 04:02:23,452 : INFO : topic #0 (0.100): 0.012*"btc" + 0.008*"bitcoin" + 0.007*"coin" + 0.007*"like" + 0.007*"buy" + 0.007*"get" + 0.006*"bch" + 0.006*"going" + 0.006*"people" + 0.006*"im"
2018-08-28 04:02:23,455 : INFO : topic #2 (0.100): 0.011*"get" + 0.010*"like" + 0.009*"im" + 0.008*"money" + 0.008*"make" + 0.006*"year" + 0.006*"want" + 0.006*"good" + 0.005*"people" + 0.005*"job"
2018-08-28 04:02:23,456 : INFO : topic #9 (0.100): 0.010*"buy" + 0.009*"im" + 0.008*"like" + 0.007*"get" + 0.007*"going" + 0.006*"go" + 0.005*"sell" + 0.005*"day" + 0.005*"good" + 0.005*"money"
2018-08-28 04:02:23,457 : INFO : topic #3 (0.100): 0.016*"scam" + 0.009*"ha" + 0.003*"tesla" + 0.002*"ev" + 0.001*"egg" + 0.001*"smoking" + 0.001*"tuna" + 0.001*"withdrawal" + 0.001*"lithium" + 0.001*"microwave"
2018-08-28 04:02:23,458 : INFO : topic #8 (0.100): 0.004*"organ" + 0.002*"du" + 0.002*"germany" + 0.002*"suffering" + 0.001*"und" + 0.001*"consent" + 0.001*"da" + 0.001*"german" + 0.001*"rice" + 0.001*"nicht"
2018-08-28 04:02:23,459 : INFO : topic diff=0.003161, rho=0.104828
2018-08-28 04:02:26,881 : INFO : -8.339 per-word bound, 323.9 perplexity estimate based on a held-out corpus of 1067 documents with 1256157 words
2018-08-28 04:02:26,882 : INFO : PROGRESS: pass 90, at document #1067/1067
2018-08-28 04:02:28,357 : INFO : topic #0 (0.100): 0.012*"btc" + 0.008*"bitcoin" + 0.007*"coin" + 0.007*"like" + 0.007*"buy" + 0.007*"get" + 0.006*"bch" + 0.006*"going" + 0.006*"people" + 0.006*"im"
2018-08-28 04:02:28,358 : INFO : topic #7 (0.100): 0.038*"tether" + 0.015*"bitfinex" + 0.011*"usd" + 0.010*"usdt" + 0.007*"exchange" + 0.005*"bank" + 0.004*"silver" + 0.003*"fiat" + 0.003*"use" + 0.003*"audit"
2018-08-28 04:02:28,359 : INFO : topic #4 (0.100): 0.044*"link" + 0.011*"token" + 0.010*"chainlink" + 0.008*"smart" + 0.008*"contract" + 0.007*"req" + 0.007*"swift" + 0.006*"use" + 0.006*"data" + 0.006*"oracle"
2018-08-28 04:02:28,360 : INFO : topic #8 (0.100): 0.004*"organ" + 0.002*"du" + 0.002*"germany" + 0.002*"suffering" + 0.001*"und" + 0.001*"consent" + 0.001*"da" + 0.001*"german" + 0.001*"rice" + 0.001*"nicht"
2018-08-28 04:02:28,361 : INFO : topic #2 (0.100): 0.011*"get" + 0.010*"like" + 0.009*"im" + 0.008*"money" + 0.008*"make" + 0.006*"year" + 0.006*"want" + 0.006*"good" + 0.005*"people" + 0.005*"job"
2018-08-28 04:02:28,363 : INFO : topic diff=0.003112, rho=0.104257
2018-08-28 04:02:31,969 : INFO : -8.339 per-word bound, 323.9 perplexity estimate based on a held-out corpus of 1067 documents with 1256157 words
2018-08-28 04:02:31,970 : INFO : PROGRESS: pass 91, at document #1067/1067
2018-08-28 04:02:33,600 : INFO : topic #1 (0.100): 0.028*"chancoin" + 0.015*"wallet" + 0.011*"monero" + 0.007*"transaction" + 0.007*"address" + 0.005*"use" + 0.005*"private" + 0.005*"key" + 0.003*"would" + 0.003*"xmr"
2018-08-28 04:02:33,602 : INFO : topic #2 (0.100): 0.011*"get" + 0.010*"like" + 0.009*"im" + 0.008*"money" + 0.008*"make" + 0.006*"year" + 0.006*"want" + 0.006*"good" + 0.005*"people" + 0.005*"job"
2018-08-28 04:02:33,603 : INFO : topic #4 (0.100): 0.044*"link" + 0.011*"token" + 0.010*"chainlink" + 0.008*"smart" + 0.008*"contract" + 0.008*"req" + 0.007*"swift" + 0.007*"use" + 0.006*"data" + 0.006*"oracle"
2018-08-28 04:02:33,604 : INFO : topic #8 (0.100): 0.004*"organ" + 0.002*"du" + 0.002*"germany" + 0.002*"suffering" + 0.001*"und" + 0.001*"consent" + 0.001*"da" + 0.001*"german" + 0.001*"rice" + 0.001*"nicht"
2018-08-28 04:02:33,605 : INFO : topic #7 (0.100): 0.038*"tether" + 0.015*"bitfinex" + 0.011*"usd" + 0.010*"usdt" + 0.007*"exchange" + 0.005*"bank" + 0.004*"silver" + 0.003*"fiat" + 0.003*"use" + 0.003*"audit"
2018-08-28 04:02:33,606 : INFO : topic diff=0.003066, rho=0.103695
2018-08-28 04:02:37,214 : INFO : -8.339 per-word bound, 323.8 perplexity estimate based on a held-out corpus of 1067 documents with 1256157 words
2018-08-28 04:02:37,215 : INFO : PROGRESS: pass 92, at document #1067/1067
2018-08-28 04:02:38,748 : INFO : topic #4 (0.100): 0.044*"link" + 0.011*"token" + 0.010*"chainlink" + 0.008*"smart" + 0.008*"contract" + 0.008*"req" + 0.007*"swift" + 0.007*"use" + 0.006*"data" + 0.006*"oracle"
2018-08-28 04:02:38,749 : INFO : topic #8 (0.100): 0.004*"organ" + 0.002*"du" + 0.002*"germany" + 0.002*"suffering" + 0.001*"und" + 0.001*"da" + 0.001*"consent" + 0.001*"german" + 0.001*"rice" + 0.001*"nicht"
2018-08-28 04:02:38,750 : INFO : topic #0 (0.100): 0.012*"btc" + 0.008*"bitcoin" + 0.007*"coin" + 0.007*"like" + 0.007*"buy" + 0.007*"get" + 0.006*"bch" + 0.006*"going" + 0.006*"people" + 0.006*"im"
2018-08-28 04:02:38,751 : INFO : topic #6 (0.100): 0.023*"tax" + 0.010*"gain" + 0.009*"pay" + 0.008*"trade" + 0.008*"crypto" + 0.007*"irs" + 0.007*"year" + 0.006*"capital" + 0.005*"cash" + 0.005*"get"
2018-08-28 04:02:38,752 : INFO : topic #7 (0.100): 0.039*"tether" + 0.015*"bitfinex" + 0.011*"usd" + 0.010*"usdt" + 0.007*"exchange" + 0.005*"bank" + 0.004*"silver" + 0.003*"fiat" + 0.003*"audit" + 0.003*"use"
2018-08-28 04:02:38,753 : INFO : topic diff=0.003025, rho=0.103142
2018-08-28 04:02:42,095 : INFO : -8.339 per-word bound, 323.8 perplexity estimate based on a held-out corpus of 1067 documents with 1256157 words
2018-08-28 04:02:42,096 : INFO : PROGRESS: pass 93, at document #1067/1067
2018-08-28 04:02:43,568 : INFO : topic #9 (0.100): 0.010*"buy" + 0.009*"im" + 0.008*"like" + 0.007*"get" + 0.007*"going" + 0.006*"go" + 0.005*"sell" + 0.005*"day" + 0.005*"good" + 0.005*"shit"
2018-08-28 04:02:43,569 : INFO : topic #6 (0.100): 0.023*"tax" + 0.010*"gain" + 0.009*"pay" + 0.008*"trade" + 0.008*"crypto" + 0.007*"irs" + 0.007*"year" + 0.006*"capital" + 0.005*"cash" + 0.005*"get"
2018-08-28 04:02:43,570 : INFO : topic #7 (0.100): 0.039*"tether" + 0.015*"bitfinex" + 0.011*"usd" + 0.010*"usdt" + 0.007*"exchange" + 0.005*"bank" + 0.004*"silver" + 0.003*"fiat" + 0.003*"audit" + 0.003*"use"
2018-08-28 04:02:43,571 : INFO : topic #8 (0.100): 0.004*"organ" + 0.002*"du" + 0.002*"germany" + 0.002*"suffering" + 0.001*"und" + 0.001*"da" + 0.001*"consent" + 0.001*"german" + 0.001*"rice" + 0.001*"nicht"
2018-08-28 04:02:43,573 : INFO : topic #1 (0.100): 0.028*"chancoin" + 0.015*"wallet" + 0.011*"monero" + 0.007*"transaction" + 0.007*"address" + 0.005*"use" + 0.005*"private" + 0.005*"key" + 0.003*"would" + 0.003*"xmr"
2018-08-28 04:02:43,574 : INFO : topic diff=0.002983, rho=0.102598
2018-08-28 04:02:46,955 : INFO : -8.339 per-word bound, 323.8 perplexity estimate based on a held-out corpus of 1067 documents with 1256157 words
2018-08-28 04:02:46,957 : INFO : PROGRESS: pass 94, at document #1067/1067
2018-08-28 04:02:48,440 : INFO : topic #2 (0.100): 0.011*"get" + 0.010*"like" + 0.009*"im" + 0.008*"money" + 0.008*"make" + 0.006*"year" + 0.006*"want" + 0.006*"good" + 0.005*"people" + 0.005*"would"
2018-08-28 04:02:48,442 : INFO : topic #1 (0.100): 0.028*"chancoin" + 0.015*"wallet" + 0.011*"monero" + 0.007*"transaction" + 0.007*"address" + 0.005*"use" + 0.005*"private" + 0.005*"key" + 0.003*"would" + 0.003*"xmr"
2018-08-28 04:02:48,443 : INFO : topic #9 (0.100): 0.010*"buy" + 0.009*"im" + 0.008*"like" + 0.007*"get" + 0.007*"going" + 0.006*"go" + 0.005*"sell" + 0.005*"day" + 0.005*"good" + 0.005*"shit"
2018-08-28 04:02:48,444 : INFO : topic #5 (0.100): 0.008*"like" + 0.007*"people" + 0.006*"fucking" + 0.006*"get" + 0.005*"shit" + 0.005*"think" + 0.005*"make" + 0.005*"go" + 0.004*"one" + 0.004*"fuck"
2018-08-28 04:02:48,446 : INFO : topic #0 (0.100): 0.012*"btc" + 0.008*"bitcoin" + 0.007*"coin" + 0.007*"like" + 0.007*"buy" + 0.007*"get" + 0.006*"bch" + 0.006*"going" + 0.006*"people" + 0.006*"im"
2018-08-28 04:02:48,447 : INFO : topic diff=0.002941, rho=0.102062
2018-08-28 04:02:51,810 : INFO : -8.339 per-word bound, 323.7 perplexity estimate based on a held-out corpus of 1067 documents with 1256157 words
2018-08-28 04:02:51,811 : INFO : PROGRESS: pass 95, at document #1067/1067
2018-08-28 04:02:53,300 : INFO : topic #5 (0.100): 0.008*"like" + 0.007*"people" + 0.006*"fucking" + 0.006*"get" + 0.005*"shit" + 0.005*"think" + 0.005*"make" + 0.004*"go" + 0.004*"one" + 0.004*"fuck"
2018-08-28 04:02:53,304 : INFO : topic #2 (0.100): 0.011*"get" + 0.010*"like" + 0.009*"im" + 0.008*"money" + 0.008*"make" + 0.006*"year" + 0.006*"want" + 0.006*"good" + 0.005*"people" + 0.005*"would"
2018-08-28 04:02:53,305 : INFO : topic #3 (0.100): 0.016*"scam" + 0.009*"ha" + 0.003*"tesla" + 0.002*"ev" + 0.001*"egg" + 0.001*"smoking" + 0.001*"tuna" + 0.001*"withdrawal" + 0.001*"lithium" + 0.001*"microwave"
2018-08-28 04:02:53,306 : INFO : topic #9 (0.100): 0.010*"buy" + 0.009*"im" + 0.008*"like" + 0.007*"get" + 0.007*"going" + 0.006*"go" + 0.005*"sell" + 0.005*"day" + 0.005*"good" + 0.005*"shit"
2018-08-28 04:02:53,307 : INFO : topic #0 (0.100): 0.012*"btc" + 0.008*"bitcoin" + 0.007*"coin" + 0.007*"like" + 0.007*"buy" + 0.007*"get" + 0.006*"bch" + 0.006*"going" + 0.006*"people" + 0.006*"im"
2018-08-28 04:02:53,308 : INFO : topic diff=0.002899, rho=0.101535
2018-08-28 04:02:56,715 : INFO : -8.339 per-word bound, 323.7 perplexity estimate based on a held-out corpus of 1067 documents with 1256157 words
2018-08-28 04:02:56,715 : INFO : PROGRESS: pass 96, at document #1067/1067
2018-08-28 04:02:58,517 : INFO : topic #5 (0.100): 0.007*"like" + 0.007*"people" + 0.006*"fucking" + 0.006*"get" + 0.005*"shit" + 0.005*"think" + 0.005*"make" + 0.004*"go" + 0.004*"one" + 0.004*"fuck"
2018-08-28 04:02:58,520 : INFO : topic #1 (0.100): 0.028*"chancoin" + 0.015*"wallet" + 0.011*"monero" + 0.007*"transaction" + 0.007*"address" + 0.005*"use" + 0.005*"key" + 0.005*"private" + 0.003*"xmr" + 0.003*"would"
2018-08-28 04:02:58,520 : INFO : topic #7 (0.100): 0.039*"tether" + 0.015*"bitfinex" + 0.011*"usd" + 0.010*"usdt" + 0.007*"exchange" + 0.005*"bank" + 0.004*"silver" + 0.003*"audit" + 0.003*"fiat" + 0.003*"use"
2018-08-28 04:02:58,521 : INFO : topic #9 (0.100): 0.010*"buy" + 0.009*"im" + 0.008*"like" + 0.007*"get" + 0.007*"going" + 0.006*"go" + 0.005*"sell" + 0.005*"day" + 0.005*"good" + 0.005*"shit"
2018-08-28 04:02:58,522 : INFO : topic #8 (0.100): 0.004*"organ" + 0.002*"du" + 0.002*"germany" + 0.002*"suffering" + 0.001*"und" + 0.001*"da" + 0.001*"consent" + 0.001*"german" + 0.001*"rice" + 0.001*"nicht"
2018-08-28 04:02:58,523 : INFO : topic diff=0.002860, rho=0.101015
2018-08-28 04:03:01,819 : INFO : -8.338 per-word bound, 323.7 perplexity estimate based on a held-out corpus of 1067 documents with 1256157 words
2018-08-28 04:03:01,819 : INFO : PROGRESS: pass 97, at document #1067/1067
2018-08-28 04:03:03,301 : INFO : topic #6 (0.100): 0.023*"tax" + 0.010*"gain" + 0.010*"pay" + 0.008*"trade" + 0.008*"crypto" + 0.007*"irs" + 0.007*"year" + 0.006*"capital" + 0.005*"cash" + 0.005*"get"
2018-08-28 04:03:03,302 : INFO : topic #8 (0.100): 0.004*"organ" + 0.002*"du" + 0.002*"germany" + 0.002*"suffering" + 0.001*"und" + 0.001*"da" + 0.001*"consent" + 0.001*"german" + 0.001*"rice" + 0.001*"nicht"
2018-08-28 04:03:03,303 : INFO : topic #5 (0.100): 0.007*"like" + 0.007*"people" + 0.006*"fucking" + 0.006*"get" + 0.005*"shit" + 0.005*"think" + 0.005*"make" + 0.004*"go" + 0.004*"one" + 0.004*"fuck"
2018-08-28 04:03:03,304 : INFO : topic #3 (0.100): 0.016*"scam" + 0.009*"ha" + 0.003*"tesla" + 0.002*"ev" + 0.001*"egg" + 0.001*"smoking" + 0.001*"tuna" + 0.001*"withdrawal" + 0.001*"lithium" + 0.001*"microwave"
2018-08-28 04:03:03,305 : INFO : topic #7 (0.100): 0.039*"tether" + 0.015*"bitfinex" + 0.011*"usd" + 0.010*"usdt" + 0.007*"exchange" + 0.005*"bank" + 0.004*"silver" + 0.003*"audit" + 0.003*"fiat" + 0.003*"use"
2018-08-28 04:03:03,306 : INFO : topic diff=0.002821, rho=0.100504
2018-08-28 04:03:06,752 : INFO : -8.338 per-word bound, 323.6 perplexity estimate based on a held-out corpus of 1067 documents with 1256157 words
2018-08-28 04:03:06,752 : INFO : PROGRESS: pass 98, at document #1067/1067
2018-08-28 04:03:08,214 : INFO : topic #7 (0.100): 0.039*"tether" + 0.015*"bitfinex" + 0.011*"usd" + 0.010*"usdt" + 0.007*"exchange" + 0.005*"bank" + 0.004*"silver" + 0.003*"audit" + 0.003*"fiat" + 0.003*"use"
2018-08-28 04:03:08,215 : INFO : topic #0 (0.100): 0.012*"btc" + 0.008*"bitcoin" + 0.007*"coin" + 0.007*"like" + 0.007*"buy" + 0.007*"get" + 0.006*"bch" + 0.006*"going" + 0.006*"people" + 0.006*"im"
2018-08-28 04:03:08,216 : INFO : topic #9 (0.100): 0.010*"buy" + 0.009*"im" + 0.008*"like" + 0.007*"get" + 0.007*"going" + 0.006*"go" + 0.005*"sell" + 0.005*"day" + 0.005*"good" + 0.005*"shit"
2018-08-28 04:03:08,218 : INFO : topic #8 (0.100): 0.004*"organ" + 0.002*"du" + 0.002*"germany" + 0.002*"suffering" + 0.001*"und" + 0.001*"da" + 0.001*"consent" + 0.001*"german" + 0.001*"rice" + 0.001*"nicht"
2018-08-28 04:03:08,219 : INFO : topic #6 (0.100): 0.024*"tax" + 0.010*"gain" + 0.010*"pay" + 0.008*"trade" + 0.008*"crypto" + 0.007*"irs" + 0.007*"year" + 0.006*"capital" + 0.005*"cash" + 0.005*"get"
2018-08-28 04:03:08,220 : INFO : topic diff=0.002782, rho=0.100000
2018-08-28 04:03:11,557 : INFO : -8.338 per-word bound, 323.6 perplexity estimate based on a held-out corpus of 1067 documents with 1256157 words
2018-08-28 04:03:11,557 : INFO : PROGRESS: pass 99, at document #1067/1067
2018-08-28 04:03:13,053 : INFO : topic #2 (0.100): 0.011*"get" + 0.010*"like" + 0.009*"im" + 0.008*"money" + 0.008*"make" + 0.006*"year" + 0.006*"want" + 0.006*"good" + 0.006*"people" + 0.005*"would"
2018-08-28 04:03:13,054 : INFO : topic #7 (0.100): 0.039*"tether" + 0.015*"bitfinex" + 0.011*"usd" + 0.010*"usdt" + 0.007*"exchange" + 0.005*"bank" + 0.004*"silver" + 0.003*"audit" + 0.003*"fiat" + 0.003*"use"
2018-08-28 04:03:13,055 : INFO : topic #5 (0.100): 0.007*"like" + 0.007*"people" + 0.006*"fucking" + 0.006*"get" + 0.005*"shit" + 0.005*"think" + 0.005*"make" + 0.004*"go" + 0.004*"one" + 0.004*"fuck"
2018-08-28 04:03:13,056 : INFO : topic #6 (0.100): 0.024*"tax" + 0.010*"gain" + 0.010*"pay" + 0.008*"trade" + 0.008*"crypto" + 0.007*"irs" + 0.007*"year" + 0.006*"capital" + 0.005*"cash" + 0.005*"get"
2018-08-28 04:03:13,057 : INFO : topic #3 (0.100): 0.016*"scam" + 0.009*"ha" + 0.003*"tesla" + 0.002*"ev" + 0.001*"egg" + 0.001*"smoking" + 0.001*"tuna" + 0.001*"withdrawal" + 0.001*"lithium" + 0.001*"microwave"
2018-08-28 04:03:13,058 : INFO : topic diff=0.002738, rho=0.099504
2018-08-28 04:03:13,059 : INFO : saving LdaState object under models/ldamodel.state, separately None
2018-08-28 04:03:13,102 : INFO : saved models/ldamodel.state
2018-08-28 04:03:13,154 : INFO : saving LdaModel object under models/ldamodel, separately ['expElogbeta', 'sstats']
2018-08-28 04:03:13,155 : INFO : storing np array 'expElogbeta' to models/ldamodel.expElogbeta.npy
2018-08-28 04:03:13,174 : INFO : not storing attribute id2word
2018-08-28 04:03:13,176 : INFO : not storing attribute state
2018-08-28 04:03:13,176 : INFO : not storing attribute dispatcher
2018-08-28 04:03:13,183 : INFO : saved models/ldamodel
2018-08-28 04:03:13,185 : INFO : topic #0 (0.100): 0.012*"btc" + 0.008*"bitcoin" + 0.007*"coin" + 0.007*"like" + 0.007*"buy" + 0.007*"get" + 0.006*"bch" + 0.006*"going" + 0.006*"people" + 0.006*"im" + 0.005*"fucking" + 0.005*"would" + 0.005*"money" + 0.005*"go" + 0.005*"time" + 0.005*"one" + 0.005*"even" + 0.005*"make" + 0.004*"shit" + 0.004*"think"
2018-08-28 04:03:13,186 : INFO : topic #1 (0.100): 0.029*"chancoin" + 0.015*"wallet" + 0.011*"monero" + 0.007*"transaction" + 0.007*"address" + 0.005*"use" + 0.005*"key" + 0.005*"private" + 0.003*"xmr" + 0.003*"would" + 0.003*"account" + 0.003*"send" + 0.003*"get" + 0.003*"one" + 0.003*"contract" + 0.003*"sent" + 0.003*"privacy" + 0.003*"like" + 0.002*"fee" + 0.002*"need"
2018-08-28 04:03:13,187 : INFO : topic #2 (0.100): 0.011*"get" + 0.010*"like" + 0.009*"im" + 0.008*"money" + 0.008*"make" + 0.006*"year" + 0.006*"want" + 0.006*"good" + 0.006*"people" + 0.005*"would" + 0.005*"job" + 0.005*"one" + 0.005*"work" + 0.005*"life" + 0.005*"go" + 0.005*"fucking" + 0.005*"it" + 0.005*"fuck" + 0.004*"know" + 0.004*"shit"
2018-08-28 04:03:13,188 : INFO : topic #3 (0.100): 0.016*"scam" + 0.009*"ha" + 0.003*"tesla" + 0.002*"ev" + 0.001*"egg" + 0.001*"smoking" + 0.001*"tuna" + 0.001*"withdrawal" + 0.001*"lithium" + 0.001*"microwave" + 0.001*"uh" + 0.001*"explosive" + 0.001*"smog" + 0.001*"sheldon" + 0.001*"jam" + 0.001*"fish" + 0.000*"production" + 0.000*"episode" + 0.000*"battery" + 0.000*"addicted"
2018-08-28 04:03:13,188 : INFO : topic #4 (0.100): 0.045*"link" + 0.011*"token" + 0.010*"chainlink" + 0.008*"smart" + 0.008*"contract" + 0.008*"req" + 0.007*"swift" + 0.007*"use" + 0.006*"data" + 0.006*"oracle" + 0.006*"node" + 0.005*"project" + 0.005*"network" + 0.005*"omg" + 0.005*"would" + 0.005*"blockchain" + 0.004*"even" + 0.004*"like" + 0.004*"eth" + 0.004*"sergey"
2018-08-28 04:03:13,189 : INFO : topic #5 (0.100): 0.007*"like" + 0.007*"people" + 0.006*"fucking" + 0.006*"get" + 0.005*"shit" + 0.005*"think" + 0.005*"make" + 0.004*"go" + 0.004*"one" + 0.004*"fuck" + 0.004*"even" + 0.004*"know" + 0.004*"would" + 0.004*"im" + 0.004*"want" + 0.004*"time" + 0.004*"sage" + 0.003*"money" + 0.003*"it" + 0.003*"btc"
2018-08-28 04:03:13,191 : INFO : topic #6 (0.100): 0.024*"tax" + 0.010*"gain" + 0.010*"pay" + 0.008*"trade" + 0.008*"crypto" + 0.007*"irs" + 0.007*"year" + 0.006*"capital" + 0.005*"cash" + 0.005*"get" + 0.005*"like" + 0.004*"exchange" + 0.004*"money" + 0.004*"roll" + 0.004*"fiat" + 0.003*"would" + 0.003*"report" + 0.003*"know" + 0.003*"loss" + 0.003*"every"
2018-08-28 04:03:13,191 : INFO : topic #7 (0.100): 0.039*"tether" + 0.015*"bitfinex" + 0.011*"usd" + 0.010*"usdt" + 0.007*"exchange" + 0.005*"bank" + 0.004*"silver" + 0.003*"audit" + 0.003*"fiat" + 0.003*"use" + 0.003*"dollar" + 0.003*"million" + 0.003*"wabi" + 0.003*"reserve" + 0.003*"nsa" + 0.003*"withdraw" + 0.003*"u" + 0.002*"company" + 0.002*"market" + 0.002*"gox"
2018-08-28 04:03:13,192 : INFO : topic #8 (0.100): 0.004*"organ" + 0.002*"du" + 0.002*"germany" + 0.002*"suffering" + 0.001*"und" + 0.001*"da" + 0.001*"consent" + 0.001*"german" + 0.001*"rice" + 0.001*"nicht" + 0.001*"unethical" + 0.001*"ich" + 0.001*"ist" + 0.001*"existence" + 0.001*"commute" + 0.001*"reproducing" + 0.001*"hail" + 0.001*"minister" + 0.001*"euro" + 0.001*"reproduce"
2018-08-28 04:03:13,193 : INFO : topic #9 (0.100): 0.010*"buy" + 0.009*"im" + 0.008*"like" + 0.007*"get" + 0.007*"going" + 0.006*"go" + 0.005*"sell" + 0.005*"day" + 0.005*"good" + 0.005*"shit" + 0.005*"money" + 0.005*"ark" + 0.005*"time" + 0.004*"back" + 0.004*"dip" + 0.004*"make" + 0.004*"stock" + 0.004*"one" + 0.004*"market" + 0.004*"coin"
2018-08-28 04:03:13,206 : INFO : using symmetric alpha at 0.1
2018-08-28 04:03:13,208 : INFO : using symmetric eta at 0.1
2018-08-28 04:03:13,221 : INFO : using serial LDA version on this node
2018-08-28 04:03:13,351 : INFO : running online (multi-pass) LDA training, 10 topics, 100 passes over the supplied corpus of 2653 documents, updating model once every 2653 documents, evaluating perplexity every 2653 documents, iterating 50x with a convergence threshold of 0.001000
2018-08-28 04:03:19,712 : INFO : -12.956 per-word bound, 7945.1 perplexity estimate based on a held-out corpus of 2653 documents with 1868102 words
2018-08-28 04:03:19,712 : INFO : PROGRESS: pass 0, at document #2653/2653
2018-08-28 04:03:22,914 : INFO : topic #2 (0.100): 0.007*"like" + 0.007*"btc" + 0.006*"buy" + 0.005*"im" + 0.005*"get" + 0.005*"coin" + 0.005*"shit" + 0.004*"think" + 0.004*"time" + 0.004*"money"
2018-08-28 04:03:22,917 : INFO : topic #1 (0.100): 0.009*"like" + 0.007*"get" + 0.006*"buy" + 0.006*"money" + 0.006*"fucking" + 0.005*"im" + 0.005*"people" + 0.005*"good" + 0.005*"going" + 0.005*"go"
2018-08-28 04:03:22,919 : INFO : topic #9 (0.100): 0.009*"btc" + 0.008*"get" + 0.007*"like" + 0.006*"bitcoin" + 0.006*"im" + 0.006*"bch" + 0.005*"fucking" + 0.005*"coin" + 0.005*"even" + 0.005*"one"
2018-08-28 04:03:22,921 : INFO : topic #7 (0.100): 0.006*"get" + 0.006*"btc" + 0.006*"like" + 0.005*"buy" + 0.005*"coin" + 0.005*"im" + 0.005*"go" + 0.004*"would" + 0.004*"need" + 0.004*"think"
2018-08-28 04:03:22,923 : INFO : topic #0 (0.100): 0.008*"get" + 0.006*"like" + 0.006*"btc" + 0.006*"go" + 0.006*"make" + 0.006*"buy" + 0.005*"fucking" + 0.005*"time" + 0.005*"bitcoin" + 0.005*"coin"
2018-08-28 04:03:22,924 : INFO : topic diff=4.692172, rho=1.000000
2018-08-28 04:03:29,242 : INFO : -8.758 per-word bound, 433.1 perplexity estimate based on a held-out corpus of 2653 documents with 1868102 words
2018-08-28 04:03:29,243 : INFO : PROGRESS: pass 1, at document #2653/2653
2018-08-28 04:03:32,373 : INFO : topic #3 (0.100): 0.010*"btc" + 0.008*"like" + 0.007*"people" + 0.006*"money" + 0.006*"bch" + 0.006*"get" + 0.006*"one" + 0.005*"im" + 0.005*"bitcoin" + 0.005*"would"
2018-08-28 04:03:32,375 : INFO : topic #1 (0.100): 0.009*"like" + 0.007*"get" + 0.006*"im" + 0.006*"buy" + 0.006*"money" + 0.005*"fucking" + 0.005*"good" + 0.005*"people" + 0.005*"going" + 0.005*"go"
2018-08-28 04:03:32,376 : INFO : topic #2 (0.100): 0.007*"like" + 0.006*"btc" + 0.005*"buy" + 0.005*"im" + 0.005*"coin" + 0.004*"get" + 0.004*"shit" + 0.004*"think" + 0.004*"time" + 0.004*"money"
2018-08-28 04:03:32,378 : INFO : topic #7 (0.100): 0.006*"get" + 0.005*"like" + 0.005*"coin" + 0.005*"buy" + 0.005*"im" + 0.005*"btc" + 0.005*"go" + 0.004*"would" + 0.004*"need" + 0.004*"know"
2018-08-28 04:03:32,380 : INFO : topic #9 (0.100): 0.014*"btc" + 0.010*"bch" + 0.010*"bitcoin" + 0.008*"get" + 0.006*"like" + 0.005*"im" + 0.005*"fucking" + 0.005*"coin" + 0.005*"even" + 0.004*"going"
2018-08-28 04:03:32,381 : INFO : topic diff=1.453668, rho=0.577350
2018-08-28 04:03:38,520 : INFO : -8.559 per-word bound, 377.1 perplexity estimate based on a held-out corpus of 2653 documents with 1868102 words
2018-08-28 04:03:38,521 : INFO : PROGRESS: pass 2, at document #2653/2653
2018-08-28 04:03:41,497 : INFO : topic #1 (0.100): 0.009*"like" + 0.008*"get" + 0.006*"im" + 0.006*"money" + 0.005*"buy" + 0.005*"fucking" + 0.005*"good" + 0.005*"people" + 0.005*"make" + 0.005*"go"
2018-08-28 04:03:41,498 : INFO : topic #2 (0.100): 0.006*"like" + 0.005*"btc" + 0.005*"iota" + 0.005*"buy" + 0.004*"coin" + 0.004*"im" + 0.004*"get" + 0.004*"shit" + 0.004*"sage" + 0.004*"think"
2018-08-28 04:03:41,499 : INFO : topic #0 (0.100): 0.007*"get" + 0.007*"like" + 0.007*"btc" + 0.006*"people" + 0.005*"bitcoin" + 0.005*"make" + 0.005*"fucking" + 0.005*"money" + 0.005*"go" + 0.005*"im"
2018-08-28 04:03:41,501 : INFO : topic #8 (0.100): 0.009*"buy" + 0.007*"get" + 0.007*"im" + 0.007*"like" + 0.007*"coin" + 0.007*"going" + 0.006*"btc" + 0.005*"money" + 0.005*"go" + 0.005*"fucking"
2018-08-28 04:03:41,502 : INFO : topic #9 (0.100): 0.017*"btc" + 0.014*"bch" + 0.013*"bitcoin" + 0.007*"get" + 0.006*"like" + 0.005*"fucking" + 0.005*"going" + 0.005*"coin" + 0.005*"people" + 0.005*"im"
2018-08-28 04:03:41,503 : INFO : topic diff=0.974733, rho=0.500000
2018-08-28 04:03:47,589 : INFO : -8.476 per-word bound, 356.0 perplexity estimate based on a held-out corpus of 2653 documents with 1868102 words
2018-08-28 04:03:47,590 : INFO : PROGRESS: pass 3, at document #2653/2653
2018-08-28 04:03:50,587 : INFO : topic #6 (0.100): 0.008*"buy" + 0.007*"like" + 0.006*"get" + 0.006*"btc" + 0.006*"coin" + 0.006*"im" + 0.005*"going" + 0.005*"make" + 0.005*"go" + 0.005*"shit"
2018-08-28 04:03:50,589 : INFO : topic #9 (0.100): 0.020*"btc" + 0.017*"bch" + 0.016*"bitcoin" + 0.007*"get" + 0.006*"like" + 0.005*"going" + 0.005*"fucking" + 0.005*"people" + 0.005*"coin" + 0.005*"would"
2018-08-28 04:03:50,590 : INFO : topic #0 (0.100): 0.007*"get" + 0.007*"like" + 0.007*"btc" + 0.006*"people" + 0.005*"bitcoin" + 0.005*"make" + 0.005*"money" + 0.005*"fucking" + 0.005*"would" + 0.005*"go"
2018-08-28 04:03:50,591 : INFO : topic #8 (0.100): 0.010*"buy" + 0.008*"im" + 0.008*"coin" + 0.008*"get" + 0.007*"like" + 0.007*"going" + 0.006*"btc" + 0.005*"go" + 0.005*"money" + 0.005*"fucking"
2018-08-28 04:03:50,593 : INFO : topic #7 (0.100): 0.005*"get" + 0.004*"like" + 0.004*"coin" + 0.004*"buy" + 0.004*"im" + 0.004*"go" + 0.004*"would" + 0.003*"know" + 0.003*"need" + 0.003*"one"
2018-08-28 04:03:50,595 : INFO : topic diff=0.625831, rho=0.447214
2018-08-28 04:03:56,678 : INFO : -8.436 per-word bound, 346.2 perplexity estimate based on a held-out corpus of 2653 documents with 1868102 words
2018-08-28 04:03:56,679 : INFO : PROGRESS: pass 4, at document #2653/2653
2018-08-28 04:03:59,645 : INFO : topic #4 (0.100): 0.017*"link" + 0.006*"get" + 0.006*"coin" + 0.006*"like" + 0.006*"make" + 0.005*"im" + 0.005*"would" + 0.005*"fucking" + 0.005*"one" + 0.005*"even"
2018-08-28 04:03:59,646 : INFO : topic #8 (0.100): 0.010*"buy" + 0.008*"coin" + 0.008*"im" + 0.008*"get" + 0.007*"like" + 0.007*"going" + 0.006*"go" + 0.005*"btc" + 0.005*"money" + 0.005*"fucking"
2018-08-28 04:03:59,648 : INFO : topic #7 (0.100): 0.004*"get" + 0.004*"like" + 0.004*"coin" + 0.003*"power" + 0.003*"would" + 0.003*"buy" + 0.003*"go" + 0.003*"im" + 0.003*"know" + 0.003*"one"
2018-08-28 04:03:59,649 : INFO : topic #5 (0.100): 0.006*"like" + 0.006*"get" + 0.005*"btc" + 0.005*"im" + 0.005*"one" + 0.005*"die" + 0.004*"fucking" + 0.004*"even" + 0.004*"make" + 0.004*"buy"
2018-08-28 04:03:59,651 : INFO : topic #9 (0.100): 0.021*"btc" + 0.018*"bch" + 0.017*"bitcoin" + 0.006*"get" + 0.006*"like" + 0.005*"going" + 0.005*"people" + 0.005*"fucking" + 0.005*"would" + 0.005*"coin"
2018-08-28 04:03:59,653 : INFO : topic diff=0.408379, rho=0.408248
2018-08-28 04:04:05,729 : INFO : -8.413 per-word bound, 340.8 perplexity estimate based on a held-out corpus of 2653 documents with 1868102 words
2018-08-28 04:04:05,729 : INFO : PROGRESS: pass 5, at document #2653/2653
2018-08-28 04:04:08,647 : INFO : topic #5 (0.100): 0.006*"like" + 0.006*"get" + 0.005*"die" + 0.005*"btc" + 0.005*"one" + 0.004*"im" + 0.004*"fucking" + 0.004*"even" + 0.004*"make" + 0.004*"coin"
2018-08-28 04:04:08,648 : INFO : topic #6 (0.100): 0.008*"buy" + 0.007*"coin" + 0.006*"like" + 0.006*"get" + 0.006*"btc" + 0.006*"im" + 0.005*"going" + 0.005*"go" + 0.005*"shit" + 0.005*"make"
2018-08-28 04:04:08,649 : INFO : topic #4 (0.100): 0.018*"link" + 0.006*"get" + 0.006*"coin" + 0.006*"like" + 0.006*"make" + 0.005*"im" + 0.005*"would" + 0.005*"fucking" + 0.005*"one" + 0.005*"even"
2018-08-28 04:04:08,650 : INFO : topic #0 (0.100): 0.007*"get" + 0.007*"like" + 0.006*"btc" + 0.006*"people" + 0.005*"money" + 0.005*"tether" + 0.005*"fucking" + 0.005*"make" + 0.005*"would" + 0.005*"bitcoin"
2018-08-28 04:04:08,651 : INFO : topic #2 (0.100): 0.010*"iota" + 0.009*"sage" + 0.005*"like" + 0.004*"coin" + 0.003*"buy" + 0.003*"shit" + 0.003*"get" + 0.003*"think" + 0.003*"btc" + 0.003*"one"
2018-08-28 04:04:08,653 : INFO : topic diff=0.273325, rho=0.377964
2018-08-28 04:04:14,735 : INFO : -8.399 per-word bound, 337.5 perplexity estimate based on a held-out corpus of 2653 documents with 1868102 words
2018-08-28 04:04:14,736 : INFO : PROGRESS: pass 6, at document #2653/2653
2018-08-28 04:04:17,683 : INFO : topic #8 (0.100): 0.010*"buy" + 0.009*"coin" + 0.008*"im" + 0.008*"get" + 0.007*"like" + 0.007*"going" + 0.006*"go" + 0.005*"fucking" + 0.005*"btc" + 0.005*"sell"
2018-08-28 04:04:17,685 : INFO : topic #3 (0.100): 0.008*"like" + 0.008*"btc" + 0.007*"people" + 0.007*"money" + 0.005*"get" + 0.005*"one" + 0.005*"would" + 0.004*"crypto" + 0.004*"make" + 0.004*"im"
2018-08-28 04:04:17,686 : INFO : topic #2 (0.100): 0.011*"iota" + 0.011*"sage" + 0.004*"like" + 0.003*"coin" + 0.003*"shit" + 0.003*"buy" + 0.003*"think" + 0.003*"one" + 0.003*"get" + 0.003*"year"
2018-08-28 04:04:17,688 : INFO : topic #6 (0.100): 0.008*"buy" + 0.007*"coin" + 0.006*"like" + 0.006*"get" + 0.006*"im" + 0.006*"btc" + 0.005*"going" + 0.005*"go" + 0.005*"shit" + 0.005*"make"
2018-08-28 04:04:17,689 : INFO : topic #9 (0.100): 0.023*"btc" + 0.020*"bch" + 0.018*"bitcoin" + 0.006*"get" + 0.006*"like" + 0.006*"going" + 0.006*"people" + 0.005*"fucking" + 0.005*"would" + 0.005*"coin"
2018-08-28 04:04:17,691 : INFO : topic diff=0.188959, rho=0.353553
2018-08-28 04:04:23,848 : INFO : -8.389 per-word bound, 335.1 perplexity estimate based on a held-out corpus of 2653 documents with 1868102 words
2018-08-28 04:04:23,849 : INFO : PROGRESS: pass 7, at document #2653/2653
2018-08-28 04:04:26,912 : INFO : topic #7 (0.100): 0.005*"power" + 0.004*"energy" + 0.003*"get" + 0.003*"4chn" + 0.003*"use" + 0.003*"like" + 0.003*"would" + 0.002*"coin" + 0.002*"year" + 0.002*"one"
2018-08-28 04:04:26,914 : INFO : topic #9 (0.100): 0.023*"btc" + 0.020*"bch" + 0.019*"bitcoin" + 0.006*"get" + 0.006*"going" + 0.006*"like" + 0.006*"people" + 0.005*"fucking" + 0.005*"would" + 0.005*"coin"
2018-08-28 04:04:26,915 : INFO : topic #2 (0.100): 0.012*"iota" + 0.012*"sage" + 0.004*"like" + 0.003*"coin" + 0.003*"shit" + 0.003*"think" + 0.003*"one" + 0.003*"year" + 0.003*"buy" + 0.002*"get"
2018-08-28 04:04:26,917 : INFO : topic #8 (0.100): 0.010*"buy" + 0.009*"coin" + 0.008*"im" + 0.008*"get" + 0.007*"like" + 0.007*"going" + 0.006*"go" + 0.005*"fucking" + 0.005*"sell" + 0.005*"btc"
2018-08-28 04:04:26,918 : INFO : topic #4 (0.100): 0.019*"link" + 0.006*"get" + 0.006*"like" + 0.006*"coin" + 0.006*"make" + 0.005*"would" + 0.005*"im" + 0.005*"fucking" + 0.005*"even" + 0.005*"one"
2018-08-28 04:04:26,919 : INFO : topic diff=0.135463, rho=0.333333
2018-08-28 04:04:32,962 : INFO : -8.381 per-word bound, 333.5 perplexity estimate based on a held-out corpus of 2653 documents with 1868102 words
2018-08-28 04:04:32,962 : INFO : PROGRESS: pass 8, at document #2653/2653
2018-08-28 04:04:35,955 : INFO : topic #4 (0.100): 0.020*"link" + 0.006*"like" + 0.006*"get" + 0.006*"coin" + 0.006*"make" + 0.005*"would" + 0.005*"fucking" + 0.005*"im" + 0.005*"even" + 0.005*"token"
2018-08-28 04:04:35,956 : INFO : topic #5 (0.100): 0.006*"die" + 0.006*"like" + 0.005*"get" + 0.005*"one" + 0.004*"even" + 0.004*"use" + 0.004*"coin" + 0.004*"make" + 0.004*"im" + 0.004*"token"
2018-08-28 04:04:35,957 : INFO : topic #2 (0.100): 0.013*"iota" + 0.013*"sage" + 0.004*"like" + 0.003*"coin" + 0.002*"shit" + 0.002*"cos" + 0.002*"one" + 0.002*"think" + 0.002*"year" + 0.002*"buy"
2018-08-28 04:04:35,959 : INFO : topic #9 (0.100): 0.024*"btc" + 0.020*"bch" + 0.019*"bitcoin" + 0.006*"get" + 0.006*"going" + 0.006*"people" + 0.006*"like" + 0.005*"fucking" + 0.005*"would" + 0.005*"time"
2018-08-28 04:04:35,961 : INFO : topic #7 (0.100): 0.005*"power" + 0.004*"energy" + 0.003*"4chn" + 0.003*"get" + 0.003*"use" + 0.003*"like" + 0.002*"year" + 0.002*"electricity" + 0.002*"would" + 0.002*"one"
2018-08-28 04:04:35,962 : INFO : topic diff=0.101306, rho=0.316228
2018-08-28 04:04:41,989 : INFO : -8.376 per-word bound, 332.2 perplexity estimate based on a held-out corpus of 2653 documents with 1868102 words
2018-08-28 04:04:41,990 : INFO : PROGRESS: pass 9, at document #2653/2653
2018-08-28 04:04:44,905 : INFO : topic #7 (0.100): 0.005*"power" + 0.004*"energy" + 0.004*"4chn" + 0.003*"use" + 0.003*"get" + 0.003*"electricity" + 0.002*"year" + 0.002*"like" + 0.002*"mining" + 0.002*"powr"
2018-08-28 04:04:44,907 : INFO : topic #6 (0.100): 0.008*"buy" + 0.007*"coin" + 0.006*"get" + 0.006*"like" + 0.006*"im" + 0.005*"going" + 0.005*"btc" + 0.005*"go" + 0.005*"shit" + 0.004*"make"
2018-08-28 04:04:44,909 : INFO : topic #1 (0.100): 0.009*"like" + 0.009*"get" + 0.007*"im" + 0.006*"money" + 0.006*"make" + 0.005*"year" + 0.005*"good" + 0.005*"people" + 0.005*"fucking" + 0.004*"would"
2018-08-28 04:04:44,910 : INFO : topic #4 (0.100): 0.020*"link" + 0.006*"like" + 0.006*"get" + 0.006*"coin" + 0.006*"make" + 0.005*"would" + 0.005*"fucking" + 0.005*"even" + 0.005*"token" + 0.005*"im"
2018-08-28 04:04:44,911 : INFO : topic #9 (0.100): 0.024*"btc" + 0.020*"bch" + 0.019*"bitcoin" + 0.006*"people" + 0.006*"going" + 0.006*"get" + 0.006*"like" + 0.005*"would" + 0.005*"fucking" + 0.005*"time"
2018-08-28 04:04:44,912 : INFO : topic diff=0.079281, rho=0.301511
2018-08-28 04:04:51,056 : INFO : -8.371 per-word bound, 331.1 perplexity estimate based on a held-out corpus of 2653 documents with 1868102 words
2018-08-28 04:04:51,057 : INFO : PROGRESS: pass 10, at document #2653/2653
2018-08-28 04:04:54,016 : INFO : topic #9 (0.100): 0.024*"btc" + 0.020*"bch" + 0.019*"bitcoin" + 0.006*"people" + 0.006*"going" + 0.006*"get" + 0.006*"like" + 0.005*"would" + 0.005*"fucking" + 0.005*"transaction"
2018-08-28 04:04:54,020 : INFO : topic #2 (0.100): 0.015*"iota" + 0.015*"sage" + 0.003*"like" + 0.003*"cos" + 0.002*"coin" + 0.002*"shit" + 0.002*"year" + 0.002*"one" + 0.002*"think" + 0.002*"time"
2018-08-28 04:04:54,021 : INFO : topic #0 (0.100): 0.007*"get" + 0.007*"like" + 0.006*"people" + 0.006*"tether" + 0.006*"btc" + 0.006*"money" + 0.005*"would" + 0.005*"crypto" + 0.005*"fucking" + 0.005*"make"
2018-08-28 04:04:54,022 : INFO : topic #5 (0.100): 0.006*"die" + 0.005*"like" + 0.005*"get" + 0.004*"one" + 0.004*"token" + 0.004*"even" + 0.004*"use" + 0.004*"contract" + 0.004*"make" + 0.004*"coin"
2018-08-28 04:04:54,024 : INFO : topic #3 (0.100): 0.008*"like" + 0.007*"people" + 0.007*"money" + 0.005*"btc" + 0.005*"one" + 0.005*"get" + 0.005*"would" + 0.004*"crypto" + 0.004*"make" + 0.004*"eth"
2018-08-28 04:04:54,025 : INFO : topic diff=0.064383, rho=0.288675
2018-08-28 04:05:00,100 : INFO : -8.368 per-word bound, 330.3 perplexity estimate based on a held-out corpus of 2653 documents with 1868102 words
2018-08-28 04:05:00,102 : INFO : PROGRESS: pass 11, at document #2653/2653
2018-08-28 04:05:03,008 : INFO : topic #8 (0.100): 0.011*"buy" + 0.009*"coin" + 0.008*"im" + 0.008*"get" + 0.008*"like" + 0.007*"going" + 0.006*"go" + 0.005*"sell" + 0.005*"fucking" + 0.005*"shit"
2018-08-28 04:05:03,009 : INFO : topic #5 (0.100): 0.006*"die" + 0.005*"like" + 0.005*"get" + 0.004*"one" + 0.004*"token" + 0.004*"use" + 0.004*"contract" + 0.004*"even" + 0.004*"make" + 0.004*"coin"
2018-08-28 04:05:03,010 : INFO : topic #0 (0.100): 0.007*"get" + 0.007*"like" + 0.006*"people" + 0.006*"tether" + 0.006*"btc" + 0.006*"money" + 0.005*"would" + 0.005*"crypto" + 0.005*"fucking" + 0.005*"make"
2018-08-28 04:05:03,011 : INFO : topic #9 (0.100): 0.024*"btc" + 0.020*"bch" + 0.019*"bitcoin" + 0.006*"people" + 0.006*"going" + 0.006*"get" + 0.006*"like" + 0.005*"would" + 0.005*"fucking" + 0.005*"transaction"
2018-08-28 04:05:03,013 : INFO : topic #3 (0.100): 0.008*"like" + 0.007*"people" + 0.006*"money" + 0.005*"btc" + 0.005*"one" + 0.005*"get" + 0.005*"would" + 0.004*"crypto" + 0.004*"make" + 0.004*"eth"
2018-08-28 04:05:03,014 : INFO : topic diff=0.053810, rho=0.277350
2018-08-28 04:05:09,132 : INFO : -8.364 per-word bound, 329.6 perplexity estimate based on a held-out corpus of 2653 documents with 1868102 words
2018-08-28 04:05:09,133 : INFO : PROGRESS: pass 12, at document #2653/2653
2018-08-28 04:05:12,036 : INFO : topic #1 (0.100): 0.009*"like" + 0.009*"get" + 0.007*"im" + 0.007*"money" + 0.006*"make" + 0.005*"year" + 0.005*"good" + 0.005*"people" + 0.005*"fucking" + 0.005*"would"
2018-08-28 04:05:12,038 : INFO : topic #9 (0.100): 0.025*"btc" + 0.020*"bch" + 0.019*"bitcoin" + 0.006*"people" + 0.006*"going" + 0.006*"get" + 0.006*"like" + 0.005*"would" + 0.005*"fucking" + 0.005*"transaction"
2018-08-28 04:05:12,039 : INFO : topic #5 (0.100): 0.007*"die" + 0.005*"like" + 0.005*"get" + 0.004*"one" + 0.004*"token" + 0.004*"contract" + 0.004*"use" + 0.004*"even" + 0.003*"make" + 0.003*"coin"
2018-08-28 04:05:12,040 : INFO : topic #4 (0.100): 0.020*"link" + 0.006*"like" + 0.006*"coin" + 0.006*"get" + 0.006*"make" + 0.005*"would" + 0.005*"token" + 0.005*"even" + 0.005*"fucking" + 0.005*"im"
2018-08-28 04:05:12,041 : INFO : topic #3 (0.100): 0.008*"like" + 0.007*"people" + 0.006*"money" + 0.005*"one" + 0.005*"btc" + 0.004*"get" + 0.004*"would" + 0.004*"crypto" + 0.004*"make" + 0.004*"eth"
2018-08-28 04:05:12,042 : INFO : topic diff=0.046035, rho=0.267261
2018-08-28 04:05:18,144 : INFO : -8.362 per-word bound, 328.9 perplexity estimate based on a held-out corpus of 2653 documents with 1868102 words
2018-08-28 04:05:18,146 : INFO : PROGRESS: pass 13, at document #2653/2653
2018-08-28 04:05:21,075 : INFO : topic #1 (0.100): 0.009*"like" + 0.009*"get" + 0.007*"im" + 0.007*"money" + 0.006*"make" + 0.005*"year" + 0.005*"good" + 0.005*"people" + 0.005*"fucking" + 0.005*"would"
2018-08-28 04:05:21,077 : INFO : topic #6 (0.100): 0.008*"buy" + 0.007*"coin" + 0.006*"get" + 0.006*"like" + 0.005*"im" + 0.005*"going" + 0.005*"go" + 0.005*"btc" + 0.005*"shit" + 0.004*"price"
2018-08-28 04:05:21,078 : INFO : topic #3 (0.100): 0.008*"like" + 0.006*"people" + 0.006*"money" + 0.005*"one" + 0.004*"would" + 0.004*"get" + 0.004*"btc" + 0.004*"crypto" + 0.004*"car" + 0.004*"make"
2018-08-28 04:05:21,079 : INFO : topic #4 (0.100): 0.020*"link" + 0.006*"like" + 0.006*"coin" + 0.006*"get" + 0.006*"make" + 0.005*"token" + 0.005*"would" + 0.005*"even" + 0.005*"fucking" + 0.005*"one"
2018-08-28 04:05:21,081 : INFO : topic #9 (0.100): 0.025*"btc" + 0.020*"bch" + 0.019*"bitcoin" + 0.006*"people" + 0.006*"going" + 0.006*"like" + 0.006*"get" + 0.005*"would" + 0.005*"fucking" + 0.005*"transaction"
2018-08-28 04:05:21,082 : INFO : topic diff=0.040218, rho=0.258199
2018-08-28 04:05:27,168 : INFO : -8.359 per-word bound, 328.4 perplexity estimate based on a held-out corpus of 2653 documents with 1868102 words
2018-08-28 04:05:27,170 : INFO : PROGRESS: pass 14, at document #2653/2653
2018-08-28 04:05:30,117 : INFO : topic #2 (0.100): 0.018*"iota" + 0.018*"sage" + 0.002*"cos" + 0.002*"giota" + 0.002*"like" + 0.002*"tangle" + 0.002*"tesla" + 0.002*"devs" + 0.001*"year" + 0.001*"shit"
2018-08-28 04:05:30,119 : INFO : topic #8 (0.100): 0.011*"buy" + 0.009*"coin" + 0.008*"im" + 0.008*"get" + 0.008*"like" + 0.007*"going" + 0.006*"go" + 0.005*"sell" + 0.005*"fucking" + 0.005*"shit"
2018-08-28 04:05:30,120 : INFO : topic #9 (0.100): 0.025*"btc" + 0.020*"bch" + 0.019*"bitcoin" + 0.006*"people" + 0.006*"going" + 0.006*"like" + 0.006*"get" + 0.005*"would" + 0.005*"transaction" + 0.005*"fucking"
2018-08-28 04:05:30,122 : INFO : topic #6 (0.100): 0.008*"buy" + 0.007*"coin" + 0.006*"get" + 0.006*"like" + 0.005*"im" + 0.005*"going" + 0.005*"go" + 0.005*"btc" + 0.004*"shit" + 0.004*"price"
2018-08-28 04:05:30,123 : INFO : topic #1 (0.100): 0.009*"like" + 0.009*"get" + 0.007*"im" + 0.007*"money" + 0.006*"make" + 0.005*"year" + 0.005*"good" + 0.005*"people" + 0.005*"fucking" + 0.005*"would"
2018-08-28 04:05:30,125 : INFO : topic diff=0.035675, rho=0.250000
2018-08-28 04:05:36,195 : INFO : -8.357 per-word bound, 327.9 perplexity estimate based on a held-out corpus of 2653 documents with 1868102 words
2018-08-28 04:05:36,197 : INFO : PROGRESS: pass 15, at document #2653/2653
2018-08-28 04:05:39,123 : INFO : topic #9 (0.100): 0.025*"btc" + 0.020*"bch" + 0.019*"bitcoin" + 0.006*"people" + 0.006*"going" + 0.006*"like" + 0.006*"get" + 0.005*"would" + 0.005*"transaction" + 0.005*"time"
2018-08-28 04:05:39,124 : INFO : topic #4 (0.100): 0.021*"link" + 0.006*"like" + 0.006*"coin" + 0.006*"get" + 0.005*"make" + 0.005*"token" + 0.005*"would" + 0.005*"even" + 0.005*"fucking" + 0.005*"one"
2018-08-28 04:05:39,125 : INFO : topic #5 (0.100): 0.007*"die" + 0.005*"like" + 0.004*"token" + 0.004*"contract" + 0.004*"get" + 0.004*"one" + 0.004*"use" + 0.004*"even" + 0.004*"req" + 0.003*"make"
2018-08-28 04:05:39,127 : INFO : topic #7 (0.100): 0.007*"power" + 0.005*"energy" + 0.005*"4chn" + 0.003*"electricity" + 0.002*"use" + 0.002*"solar" + 0.002*"mining" + 0.002*"tesla" + 0.002*"year" + 0.002*"powr"
2018-08-28 04:05:39,128 : INFO : topic #8 (0.100): 0.011*"buy" + 0.009*"coin" + 0.008*"im" + 0.008*"get" + 0.008*"like" + 0.007*"going" + 0.006*"go" + 0.005*"sell" + 0.005*"fucking" + 0.005*"shit"
2018-08-28 04:05:39,130 : INFO : topic diff=0.032088, rho=0.242536
2018-08-28 04:05:45,129 : INFO : -8.355 per-word bound, 327.5 perplexity estimate based on a held-out corpus of 2653 documents with 1868102 words
2018-08-28 04:05:45,129 : INFO : PROGRESS: pass 16, at document #2653/2653
2018-08-28 04:05:48,040 : INFO : topic #2 (0.100): 0.019*"iota" + 0.019*"sage" + 0.002*"cos" + 0.002*"giota" + 0.002*"tangle" + 0.002*"tesla" + 0.002*"devs" + 0.001*"foundation" + 0.001*"like" + 0.001*"reclaim"
2018-08-28 04:05:48,042 : INFO : topic #0 (0.100): 0.007*"get" + 0.007*"like" + 0.006*"people" + 0.006*"tether" + 0.006*"money" + 0.006*"btc" + 0.005*"crypto" + 0.005*"would" + 0.005*"fucking" + 0.005*"one"
2018-08-28 04:05:48,043 : INFO : topic #8 (0.100): 0.011*"buy" + 0.009*"coin" + 0.008*"im" + 0.008*"get" + 0.008*"like" + 0.007*"going" + 0.006*"go" + 0.005*"sell" + 0.005*"fucking" + 0.005*"shit"
2018-08-28 04:05:48,044 : INFO : topic #6 (0.100): 0.008*"buy" + 0.007*"coin" + 0.006*"get" + 0.006*"like" + 0.005*"im" + 0.005*"going" + 0.005*"go" + 0.004*"shit" + 0.004*"btc" + 0.004*"price"
2018-08-28 04:05:48,046 : INFO : topic #1 (0.100): 0.009*"like" + 0.009*"get" + 0.007*"im" + 0.007*"money" + 0.006*"make" + 0.005*"year" + 0.005*"good" + 0.005*"people" + 0.005*"want" + 0.005*"would"
2018-08-28 04:05:48,047 : INFO : topic diff=0.029180, rho=0.235702
2018-08-28 04:05:54,148 : INFO : -8.354 per-word bound, 327.1 perplexity estimate based on a held-out corpus of 2653 documents with 1868102 words
2018-08-28 04:05:54,151 : INFO : PROGRESS: pass 17, at document #2653/2653
2018-08-28 04:05:57,082 : INFO : topic #0 (0.100): 0.007*"get" + 0.007*"like" + 0.006*"people" + 0.006*"tether" + 0.006*"money" + 0.006*"btc" + 0.005*"crypto" + 0.005*"would" + 0.005*"fucking" + 0.005*"one"
2018-08-28 04:05:57,084 : INFO : topic #8 (0.100): 0.011*"buy" + 0.009*"coin" + 0.008*"im" + 0.008*"get" + 0.008*"like" + 0.007*"going" + 0.006*"go" + 0.005*"sell" + 0.005*"fucking" + 0.005*"shit"
2018-08-28 04:05:57,086 : INFO : topic #2 (0.100): 0.020*"iota" + 0.019*"sage" + 0.002*"cos" + 0.002*"giota" + 0.002*"tangle" + 0.002*"tesla" + 0.002*"devs" + 0.001*"foundation" + 0.001*"reclaim" + 0.001*"coordinator"
2018-08-28 04:05:57,087 : INFO : topic #5 (0.100): 0.008*"die" + 0.005*"like" + 0.005*"contract" + 0.004*"token" + 0.004*"use" + 0.004*"one" + 0.004*"get" + 0.004*"req" + 0.004*"even" + 0.003*"make"
2018-08-28 04:05:57,089 : INFO : topic #4 (0.100): 0.021*"link" + 0.006*"like" + 0.006*"token" + 0.006*"coin" + 0.005*"make" + 0.005*"get" + 0.005*"would" + 0.005*"even" + 0.005*"fucking" + 0.005*"one"
2018-08-28 04:05:57,090 : INFO : topic diff=0.026760, rho=0.229416
2018-08-28 04:06:03,132 : INFO : -8.352 per-word bound, 326.7 perplexity estimate based on a held-out corpus of 2653 documents with 1868102 words
2018-08-28 04:06:03,134 : INFO : PROGRESS: pass 18, at document #2653/2653
2018-08-28 04:06:06,083 : INFO : topic #1 (0.100): 0.009*"get" + 0.009*"like" + 0.007*"im" + 0.007*"money" + 0.006*"make" + 0.005*"year" + 0.005*"people" + 0.005*"good" + 0.005*"want" + 0.005*"would"
2018-08-28 04:06:06,084 : INFO : topic #4 (0.100): 0.021*"link" + 0.006*"like" + 0.006*"token" + 0.006*"coin" + 0.005*"make" + 0.005*"get" + 0.005*"would" + 0.005*"even" + 0.005*"fucking" + 0.005*"chainlink"
2018-08-28 04:06:06,085 : INFO : topic #0 (0.100): 0.007*"get" + 0.007*"like" + 0.006*"people" + 0.006*"tether" + 0.006*"money" + 0.006*"btc" + 0.005*"crypto" + 0.005*"would" + 0.005*"fucking" + 0.005*"one"
2018-08-28 04:06:06,087 : INFO : topic #9 (0.100): 0.025*"btc" + 0.020*"bch" + 0.020*"bitcoin" + 0.006*"people" + 0.006*"going" + 0.006*"like" + 0.006*"get" + 0.005*"would" + 0.005*"transaction" + 0.005*"time"
2018-08-28 04:06:06,088 : INFO : topic #5 (0.100): 0.008*"die" + 0.005*"contract" + 0.005*"like" + 0.005*"token" + 0.004*"use" + 0.004*"one" + 0.004*"get" + 0.004*"req" + 0.004*"even" + 0.003*"make"
2018-08-28 04:06:06,089 : INFO : topic diff=0.024815, rho=0.223607
2018-08-28 04:06:12,103 : INFO : -8.351 per-word bound, 326.4 perplexity estimate based on a held-out corpus of 2653 documents with 1868102 words
2018-08-28 04:06:12,104 : INFO : PROGRESS: pass 19, at document #2653/2653
2018-08-28 04:06:14,996 : INFO : topic #2 (0.100): 0.020*"iota" + 0.020*"sage" + 0.002*"giota" + 0.002*"cos" + 0.002*"tangle" + 0.002*"tesla" + 0.001*"foundation" + 0.001*"devs" + 0.001*"reclaim" + 0.001*"coordinator"
2018-08-28 04:06:14,998 : INFO : topic #1 (0.100): 0.009*"get" + 0.009*"like" + 0.007*"im" + 0.007*"money" + 0.006*"make" + 0.005*"year" + 0.005*"people" + 0.005*"good" + 0.005*"want" + 0.005*"would"
2018-08-28 04:06:14,999 : INFO : topic #9 (0.100): 0.025*"btc" + 0.020*"bch" + 0.020*"bitcoin" + 0.006*"people" + 0.006*"going" + 0.006*"like" + 0.006*"get" + 0.005*"would" + 0.005*"transaction" + 0.005*"time"
2018-08-28 04:06:15,001 : INFO : topic #7 (0.100): 0.007*"power" + 0.006*"energy" + 0.005*"4chn" + 0.004*"electricity" + 0.002*"solar" + 0.002*"tesla" + 0.002*"mining" + 0.002*"use" + 0.002*"australia" + 0.002*"grid"
2018-08-28 04:06:15,002 : INFO : topic #0 (0.100): 0.007*"get" + 0.007*"like" + 0.006*"tether" + 0.006*"people" + 0.006*"money" + 0.006*"btc" + 0.005*"crypto" + 0.005*"would" + 0.005*"fucking" + 0.005*"one"
2018-08-28 04:06:15,003 : INFO : topic diff=0.023015, rho=0.218218
2018-08-28 04:06:21,049 : INFO : -8.349 per-word bound, 326.1 perplexity estimate based on a held-out corpus of 2653 documents with 1868102 words
2018-08-28 04:06:21,051 : INFO : PROGRESS: pass 20, at document #2653/2653
2018-08-28 04:06:24,031 : INFO : topic #5 (0.100): 0.008*"die" + 0.005*"contract" + 0.005*"token" + 0.004*"like" + 0.004*"use" + 0.004*"req" + 0.004*"one" + 0.004*"get" + 0.004*"even" + 0.003*"make"
2018-08-28 04:06:24,035 : INFO : topic #7 (0.100): 0.007*"power" + 0.006*"energy" + 0.005*"4chn" + 0.004*"electricity" + 0.003*"solar" + 0.002*"tesla" + 0.002*"mining" + 0.002*"australia" + 0.002*"use" + 0.002*"grid"
2018-08-28 04:06:24,036 : INFO : topic #2 (0.100): 0.021*"iota" + 0.020*"sage" + 0.002*"giota" + 0.002*"cos" + 0.002*"tangle" + 0.002*"tesla" + 0.002*"foundation" + 0.001*"devs" + 0.001*"reclaim" + 0.001*"coordinator"
2018-08-28 04:06:24,038 : INFO : topic #6 (0.100): 0.008*"buy" + 0.006*"coin" + 0.006*"get" + 0.006*"like" + 0.005*"im" + 0.005*"going" + 0.004*"go" + 0.004*"shit" + 0.004*"price" + 0.004*"btc"
2018-08-28 04:06:24,040 : INFO : topic #1 (0.100): 0.009*"get" + 0.009*"like" + 0.007*"im" + 0.007*"money" + 0.006*"make" + 0.005*"year" + 0.005*"people" + 0.005*"good" + 0.005*"want" + 0.005*"would"
2018-08-28 04:06:24,042 : INFO : topic diff=0.021455, rho=0.213201
2018-08-28 04:06:30,067 : INFO : -8.348 per-word bound, 325.9 perplexity estimate based on a held-out corpus of 2653 documents with 1868102 words
2018-08-28 04:06:30,067 : INFO : PROGRESS: pass 21, at document #2653/2653
2018-08-28 04:06:33,053 : INFO : topic #0 (0.100): 0.007*"get" + 0.007*"like" + 0.006*"tether" + 0.006*"people" + 0.006*"money" + 0.006*"btc" + 0.005*"crypto" + 0.005*"would" + 0.005*"fucking" + 0.005*"tax"
2018-08-28 04:06:33,055 : INFO : topic #9 (0.100): 0.025*"btc" + 0.020*"bch" + 0.020*"bitcoin" + 0.006*"people" + 0.006*"going" + 0.006*"like" + 0.006*"get" + 0.005*"would" + 0.005*"transaction" + 0.005*"time"
2018-08-28 04:06:33,056 : INFO : topic #4 (0.100): 0.021*"link" + 0.006*"like" + 0.006*"token" + 0.006*"coin" + 0.005*"make" + 0.005*"would" + 0.005*"get" + 0.005*"even" + 0.005*"fucking" + 0.005*"chainlink"
2018-08-28 04:06:33,057 : INFO : topic #5 (0.100): 0.008*"die" + 0.005*"contract" + 0.005*"token" + 0.004*"use" + 0.004*"like" + 0.004*"req" + 0.004*"one" + 0.004*"even" + 0.004*"get" + 0.003*"request"
2018-08-28 04:06:33,058 : INFO : topic #2 (0.100): 0.021*"iota" + 0.021*"sage" + 0.002*"giota" + 0.002*"tangle" + 0.002*"cos" + 0.002*"tesla" + 0.002*"foundation" + 0.001*"devs" + 0.001*"reclaim" + 0.001*"coordinator"
2018-08-28 04:06:33,060 : INFO : topic diff=0.020111, rho=0.208514
2018-08-28 04:06:39,080 : INFO : -8.347 per-word bound, 325.6 perplexity estimate based on a held-out corpus of 2653 documents with 1868102 words
2018-08-28 04:06:39,082 : INFO : PROGRESS: pass 22, at document #2653/2653
2018-08-28 04:06:42,014 : INFO : topic #8 (0.100): 0.011*"buy" + 0.009*"coin" + 0.008*"im" + 0.008*"get" + 0.008*"like" + 0.007*"going" + 0.006*"go" + 0.006*"sell" + 0.005*"fucking" + 0.005*"shit"
2018-08-28 04:06:42,016 : INFO : topic #0 (0.100): 0.007*"get" + 0.007*"like" + 0.006*"tether" + 0.006*"people" + 0.006*"money" + 0.006*"btc" + 0.006*"crypto" + 0.005*"would" + 0.005*"fucking" + 0.005*"tax"
2018-08-28 04:06:42,017 : INFO : topic #6 (0.100): 0.008*"buy" + 0.006*"coin" + 0.006*"get" + 0.005*"like" + 0.005*"im" + 0.005*"going" + 0.004*"go" + 0.004*"shit" + 0.004*"price" + 0.004*"btc"
2018-08-28 04:06:42,018 : INFO : topic #4 (0.100): 0.021*"link" + 0.006*"like" + 0.006*"token" + 0.006*"coin" + 0.005*"would" + 0.005*"make" + 0.005*"get" + 0.005*"even" + 0.005*"fucking" + 0.005*"chainlink"
2018-08-28 04:06:42,020 : INFO : topic #9 (0.100): 0.025*"btc" + 0.020*"bch" + 0.020*"bitcoin" + 0.006*"people" + 0.006*"going" + 0.006*"like" + 0.006*"get" + 0.005*"would" + 0.005*"transaction" + 0.005*"time"
2018-08-28 04:06:42,021 : INFO : topic diff=0.018933, rho=0.204124
2018-08-28 04:06:48,056 : INFO : -8.346 per-word bound, 325.4 perplexity estimate based on a held-out corpus of 2653 documents with 1868102 words
2018-08-28 04:06:48,057 : INFO : PROGRESS: pass 23, at document #2653/2653
2018-08-28 04:06:51,029 : INFO : topic #5 (0.100): 0.009*"die" + 0.005*"contract" + 0.005*"token" + 0.004*"use" + 0.004*"req" + 0.004*"like" + 0.004*"one" + 0.004*"even" + 0.003*"get" + 0.003*"request"
2018-08-28 04:06:51,031 : INFO : topic #8 (0.100): 0.011*"buy" + 0.010*"coin" + 0.008*"im" + 0.008*"get" + 0.008*"like" + 0.007*"going" + 0.006*"go" + 0.006*"sell" + 0.005*"fucking" + 0.005*"shit"
2018-08-28 04:06:51,032 : INFO : topic #4 (0.100): 0.021*"link" + 0.006*"like" + 0.006*"token" + 0.006*"coin" + 0.005*"would" + 0.005*"make" + 0.005*"get" + 0.005*"even" + 0.005*"fucking" + 0.005*"chainlink"
2018-08-28 04:06:51,033 : INFO : topic #3 (0.100): 0.007*"like" + 0.006*"people" + 0.006*"money" + 0.005*"car" + 0.004*"one" + 0.004*"would" + 0.004*"eth" + 0.003*"crypto" + 0.003*"get" + 0.003*"make"
2018-08-28 04:06:51,035 : INFO : topic #7 (0.100): 0.008*"power" + 0.006*"energy" + 0.005*"4chn" + 0.004*"electricity" + 0.003*"tesla" + 0.003*"solar" + 0.002*"australia" + 0.002*"mining" + 0.002*"battery" + 0.002*"grid"
2018-08-28 04:06:51,036 : INFO : topic diff=0.017883, rho=0.200000
2018-08-28 04:06:57,158 : INFO : -8.345 per-word bound, 325.2 perplexity estimate based on a held-out corpus of 2653 documents with 1868102 words
2018-08-28 04:06:57,158 : INFO : PROGRESS: pass 24, at document #2653/2653
2018-08-28 04:07:00,058 : INFO : topic #0 (0.100): 0.007*"get" + 0.007*"like" + 0.006*"tether" + 0.006*"people" + 0.006*"money" + 0.006*"crypto" + 0.006*"btc" + 0.005*"would" + 0.005*"fucking" + 0.005*"tax"
2018-08-28 04:07:00,059 : INFO : topic #6 (0.100): 0.007*"buy" + 0.006*"coin" + 0.006*"get" + 0.005*"like" + 0.005*"im" + 0.005*"going" + 0.004*"go" + 0.004*"shit" + 0.004*"price" + 0.004*"one"
2018-08-28 04:07:00,061 : INFO : topic #8 (0.100): 0.011*"buy" + 0.010*"coin" + 0.008*"im" + 0.008*"get" + 0.008*"like" + 0.007*"going" + 0.006*"go" + 0.006*"sell" + 0.005*"fucking" + 0.005*"shit"
2018-08-28 04:07:00,062 : INFO : topic #2 (0.100): 0.022*"iota" + 0.022*"sage" + 0.002*"giota" + 0.002*"tangle" + 0.002*"tesla" + 0.002*"cos" + 0.002*"foundation" + 0.001*"reclaim" + 0.001*"devs" + 0.001*"coordinator"
2018-08-28 04:07:00,063 : INFO : topic #4 (0.100): 0.021*"link" + 0.006*"token" + 0.006*"like" + 0.006*"coin" + 0.005*"would" + 0.005*"make" + 0.005*"get" + 0.005*"even" + 0.005*"fucking" + 0.005*"chainlink"
2018-08-28 04:07:00,064 : INFO : topic diff=0.016984, rho=0.196116
2018-08-28 04:07:06,120 : INFO : -8.344 per-word bound, 325.0 perplexity estimate based on a held-out corpus of 2653 documents with 1868102 words
2018-08-28 04:07:06,121 : INFO : PROGRESS: pass 25, at document #2653/2653
2018-08-28 04:07:09,003 : INFO : topic #5 (0.100): 0.009*"die" + 0.005*"contract" + 0.005*"token" + 0.004*"req" + 0.004*"use" + 0.004*"like" + 0.004*"one" + 0.004*"even" + 0.003*"get" + 0.003*"request"
2018-08-28 04:07:09,004 : INFO : topic #0 (0.100): 0.007*"get" + 0.007*"like" + 0.006*"tether" + 0.006*"people" + 0.006*"money" + 0.006*"crypto" + 0.006*"btc" + 0.005*"would" + 0.005*"fucking" + 0.005*"tax"
2018-08-28 04:07:09,005 : INFO : topic #4 (0.100): 0.021*"link" + 0.006*"token" + 0.006*"like" + 0.006*"coin" + 0.005*"would" + 0.005*"make" + 0.005*"get" + 0.005*"even" + 0.005*"fucking" + 0.005*"chainlink"
2018-08-28 04:07:09,006 : INFO : topic #2 (0.100): 0.022*"iota" + 0.022*"sage" + 0.002*"giota" + 0.002*"tangle" + 0.002*"tesla" + 0.002*"cos" + 0.002*"foundation" + 0.001*"reclaim" + 0.001*"coordinator" + 0.001*"devs"
2018-08-28 04:07:09,008 : INFO : topic #3 (0.100): 0.007*"like" + 0.006*"people" + 0.005*"money" + 0.005*"car" + 0.004*"one" + 0.004*"would" + 0.004*"eth" + 0.003*"crypto" + 0.003*"get" + 0.003*"make"
2018-08-28 04:07:09,009 : INFO : topic diff=0.016172, rho=0.192450
2018-08-28 04:07:15,053 : INFO : -8.343 per-word bound, 324.8 perplexity estimate based on a held-out corpus of 2653 documents with 1868102 words
2018-08-28 04:07:15,053 : INFO : PROGRESS: pass 26, at document #2653/2653
2018-08-28 04:07:17,979 : INFO : topic #5 (0.100): 0.009*"die" + 0.005*"contract" + 0.005*"token" + 0.004*"req" + 0.004*"use" + 0.004*"like" + 0.004*"one" + 0.004*"even" + 0.003*"request" + 0.003*"get"
2018-08-28 04:07:17,982 : INFO : topic #9 (0.100): 0.025*"btc" + 0.020*"bch" + 0.020*"bitcoin" + 0.006*"people" + 0.006*"going" + 0.006*"like" + 0.006*"get" + 0.005*"would" + 0.005*"time" + 0.005*"transaction"
2018-08-28 04:07:17,984 : INFO : topic #6 (0.100): 0.007*"buy" + 0.006*"coin" + 0.006*"get" + 0.005*"like" + 0.005*"im" + 0.004*"going" + 0.004*"go" + 0.004*"shit" + 0.004*"price" + 0.004*"one"
2018-08-28 04:07:17,985 : INFO : topic #3 (0.100): 0.007*"like" + 0.006*"people" + 0.005*"car" + 0.005*"money" + 0.004*"one" + 0.004*"would" + 0.003*"eth" + 0.003*"crypto" + 0.003*"get" + 0.003*"make"
2018-08-28 04:07:17,986 : INFO : topic #4 (0.100): 0.021*"link" + 0.006*"token" + 0.006*"like" + 0.006*"coin" + 0.005*"would" + 0.005*"make" + 0.005*"get" + 0.005*"even" + 0.005*"fucking" + 0.005*"chainlink"
2018-08-28 04:07:17,987 : INFO : topic diff=0.015387, rho=0.188982
2018-08-28 04:07:24,018 : INFO : -8.343 per-word bound, 324.6 perplexity estimate based on a held-out corpus of 2653 documents with 1868102 words
2018-08-28 04:07:24,021 : INFO : PROGRESS: pass 27, at document #2653/2653
2018-08-28 04:07:26,977 : INFO : topic #8 (0.100): 0.011*"buy" + 0.010*"coin" + 0.008*"im" + 0.008*"get" + 0.008*"like" + 0.007*"going" + 0.006*"go" + 0.006*"sell" + 0.005*"fucking" + 0.005*"shit"
2018-08-28 04:07:26,978 : INFO : topic #9 (0.100): 0.025*"btc" + 0.020*"bch" + 0.020*"bitcoin" + 0.006*"people" + 0.006*"going" + 0.006*"like" + 0.006*"get" + 0.005*"would" + 0.005*"time" + 0.005*"transaction"
2018-08-28 04:07:26,979 : INFO : topic #5 (0.100): 0.009*"die" + 0.005*"contract" + 0.005*"token" + 0.005*"req" + 0.004*"use" + 0.004*"like" + 0.004*"one" + 0.004*"even" + 0.003*"request" + 0.003*"get"
2018-08-28 04:07:26,981 : INFO : topic #7 (0.100): 0.008*"power" + 0.007*"energy" + 0.005*"4chn" + 0.005*"electricity" + 0.003*"tesla" + 0.003*"solar" + 0.002*"australia" + 0.002*"battery" + 0.002*"grid" + 0.002*"mining"
2018-08-28 04:07:26,983 : INFO : topic #6 (0.100): 0.007*"buy" + 0.006*"coin" + 0.006*"get" + 0.005*"like" + 0.005*"im" + 0.004*"going" + 0.004*"shit" + 0.004*"go" + 0.004*"price" + 0.004*"one"
2018-08-28 04:07:26,984 : INFO : topic diff=0.014681, rho=0.185695
2018-08-28 04:07:32,994 : INFO : -8.342 per-word bound, 324.4 perplexity estimate based on a held-out corpus of 2653 documents with 1868102 words
2018-08-28 04:07:32,995 : INFO : PROGRESS: pass 28, at document #2653/2653
2018-08-28 04:07:35,939 : INFO : topic #9 (0.100): 0.025*"btc" + 0.020*"bch" + 0.020*"bitcoin" + 0.006*"people" + 0.006*"going" + 0.006*"like" + 0.006*"get" + 0.005*"would" + 0.005*"time" + 0.005*"transaction"
2018-08-28 04:07:35,942 : INFO : topic #4 (0.100): 0.021*"link" + 0.006*"token" + 0.006*"like" + 0.006*"coin" + 0.005*"would" + 0.005*"make" + 0.005*"get" + 0.005*"even" + 0.005*"fucking" + 0.005*"chainlink"
2018-08-28 04:07:35,943 : INFO : topic #8 (0.100): 0.011*"buy" + 0.010*"coin" + 0.008*"im" + 0.008*"get" + 0.008*"like" + 0.007*"going" + 0.006*"go" + 0.006*"sell" + 0.005*"fucking" + 0.005*"shit"
2018-08-28 04:07:35,945 : INFO : topic #6 (0.100): 0.007*"buy" + 0.006*"coin" + 0.006*"get" + 0.005*"like" + 0.005*"im" + 0.004*"going" + 0.004*"shit" + 0.004*"go" + 0.004*"price" + 0.004*"one"
2018-08-28 04:07:35,946 : INFO : topic #3 (0.100): 0.006*"like" + 0.006*"car" + 0.005*"people" + 0.005*"money" + 0.004*"one" + 0.003*"eth" + 0.003*"would" + 0.003*"crypto" + 0.003*"get" + 0.003*"make"
2018-08-28 04:07:35,947 : INFO : topic diff=0.014025, rho=0.182574
2018-08-28 04:07:41,913 : INFO : -8.341 per-word bound, 324.3 perplexity estimate based on a held-out corpus of 2653 documents with 1868102 words
2018-08-28 04:07:41,914 : INFO : PROGRESS: pass 29, at document #2653/2653
2018-08-28 04:07:44,803 : INFO : topic #8 (0.100): 0.011*"buy" + 0.010*"coin" + 0.008*"im" + 0.008*"get" + 0.008*"like" + 0.007*"going" + 0.006*"go" + 0.006*"sell" + 0.005*"fucking" + 0.005*"shit"
2018-08-28 04:07:44,804 : INFO : topic #2 (0.100): 0.023*"iota" + 0.022*"sage" + 0.002*"giota" + 0.002*"tangle" + 0.002*"tesla" + 0.002*"foundation" + 0.002*"reclaim" + 0.001*"cos" + 0.001*"coordinator" + 0.001*"devs"
2018-08-28 04:07:44,806 : INFO : topic #5 (0.100): 0.010*"die" + 0.005*"contract" + 0.005*"req" + 0.005*"token" + 0.004*"use" + 0.004*"one" + 0.004*"like" + 0.003*"even" + 0.003*"request" + 0.003*"get"
2018-08-28 04:07:44,807 : INFO : topic #9 (0.100): 0.025*"btc" + 0.020*"bch" + 0.020*"bitcoin" + 0.006*"people" + 0.006*"going" + 0.006*"like" + 0.006*"get" + 0.005*"would" + 0.005*"time" + 0.005*"transaction"
2018-08-28 04:07:44,809 : INFO : topic #7 (0.100): 0.009*"power" + 0.007*"energy" + 0.006*"4chn" + 0.005*"electricity" + 0.003*"tesla" + 0.003*"solar" + 0.002*"australia" + 0.002*"battery" + 0.002*"grid" + 0.002*"ledger"
2018-08-28 04:07:44,810 : INFO : topic diff=0.013418, rho=0.179605
2018-08-28 04:07:50,882 : INFO : -8.340 per-word bound, 324.1 perplexity estimate based on a held-out corpus of 2653 documents with 1868102 words
2018-08-28 04:07:50,882 : INFO : PROGRESS: pass 30, at document #2653/2653
2018-08-28 04:07:53,813 : INFO : topic #3 (0.100): 0.006*"like" + 0.006*"car" + 0.005*"people" + 0.005*"money" + 0.004*"one" + 0.003*"eth" + 0.003*"would" + 0.003*"crypto" + 0.002*"get" + 0.002*"shit"
2018-08-28 04:07:53,815 : INFO : topic #2 (0.100): 0.023*"iota" + 0.023*"sage" + 0.002*"giota" + 0.002*"tangle" + 0.002*"foundation" + 0.002*"tesla" + 0.002*"reclaim" + 0.001*"coordinator" + 0.001*"cos" + 0.001*"devs"
2018-08-28 04:07:53,816 : INFO : topic #1 (0.100): 0.010*"get" + 0.010*"like" + 0.007*"im" + 0.007*"money" + 0.006*"make" + 0.005*"year" + 0.005*"people" + 0.005*"good" + 0.005*"want" + 0.005*"would"
2018-08-28 04:07:53,817 : INFO : topic #6 (0.100): 0.007*"buy" + 0.006*"coin" + 0.005*"get" + 0.005*"like" + 0.005*"im" + 0.004*"going" + 0.004*"price" + 0.004*"shit" + 0.004*"go" + 0.004*"one"
2018-08-28 04:07:53,819 : INFO : topic #8 (0.100): 0.011*"buy" + 0.010*"coin" + 0.008*"im" + 0.008*"get" + 0.008*"like" + 0.007*"going" + 0.006*"go" + 0.006*"sell" + 0.005*"fucking" + 0.005*"shit"
2018-08-28 04:07:53,820 : INFO : topic diff=0.012870, rho=0.176777
2018-08-28 04:08:00,562 : INFO : -8.340 per-word bound, 324.0 perplexity estimate based on a held-out corpus of 2653 documents with 1868102 words
2018-08-28 04:08:00,564 : INFO : PROGRESS: pass 31, at document #2653/2653
2018-08-28 04:08:03,453 : INFO : topic #4 (0.100): 0.021*"link" + 0.006*"token" + 0.006*"like" + 0.006*"coin" + 0.005*"would" + 0.005*"make" + 0.005*"get" + 0.005*"even" + 0.005*"fucking" + 0.005*"chainlink"
2018-08-28 04:08:03,455 : INFO : topic #8 (0.100): 0.011*"buy" + 0.010*"coin" + 0.008*"im" + 0.008*"get" + 0.008*"like" + 0.007*"going" + 0.006*"go" + 0.006*"sell" + 0.005*"fucking" + 0.005*"shit"
2018-08-28 04:08:03,456 : INFO : topic #0 (0.100): 0.007*"get" + 0.007*"like" + 0.006*"tether" + 0.006*"people" + 0.006*"money" + 0.006*"crypto" + 0.005*"btc" + 0.005*"would" + 0.005*"tax" + 0.005*"fucking"
2018-08-28 04:08:03,457 : INFO : topic #5 (0.100): 0.010*"die" + 0.005*"contract" + 0.005*"req" + 0.005*"token" + 0.004*"use" + 0.004*"one" + 0.003*"like" + 0.003*"even" + 0.003*"request" + 0.003*"blockchain"
2018-08-28 04:08:03,459 : INFO : topic #6 (0.100): 0.007*"buy" + 0.006*"coin" + 0.005*"get" + 0.005*"like" + 0.005*"im" + 0.004*"going" + 0.004*"price" + 0.004*"shit" + 0.004*"go" + 0.004*"one"
2018-08-28 04:08:03,460 : INFO : topic diff=0.012359, rho=0.174078
2018-08-28 04:08:09,565 : INFO : -8.339 per-word bound, 323.8 perplexity estimate based on a held-out corpus of 2653 documents with 1868102 words
2018-08-28 04:08:09,566 : INFO : PROGRESS: pass 32, at document #2653/2653
2018-08-28 04:08:12,428 : INFO : topic #5 (0.100): 0.010*"die" + 0.005*"contract" + 0.005*"req" + 0.005*"token" + 0.004*"use" + 0.004*"one" + 0.003*"request" + 0.003*"even" + 0.003*"like" + 0.003*"blockchain"
2018-08-28 04:08:12,429 : INFO : topic #6 (0.100): 0.007*"buy" + 0.006*"coin" + 0.005*"get" + 0.005*"like" + 0.004*"im" + 0.004*"going" + 0.004*"price" + 0.004*"shit" + 0.004*"go" + 0.004*"one"
2018-08-28 04:08:12,430 : INFO : topic #9 (0.100): 0.025*"btc" + 0.020*"bch" + 0.020*"bitcoin" + 0.006*"people" + 0.006*"going" + 0.006*"like" + 0.006*"get" + 0.005*"would" + 0.005*"time" + 0.005*"transaction"
2018-08-28 04:08:12,432 : INFO : topic #2 (0.100): 0.023*"iota" + 0.023*"sage" + 0.002*"giota" + 0.002*"tangle" + 0.002*"foundation" + 0.002*"tesla" + 0.002*"reclaim" + 0.001*"coordinator" + 0.001*"cos" + 0.001*"devs"
2018-08-28 04:08:12,433 : INFO : topic #1 (0.100): 0.010*"get" + 0.010*"like" + 0.007*"im" + 0.007*"money" + 0.006*"make" + 0.005*"year" + 0.005*"people" + 0.005*"good" + 0.005*"want" + 0.005*"would"
2018-08-28 04:08:12,434 : INFO : topic diff=0.011881, rho=0.171499
2018-08-28 04:08:18,535 : INFO : -8.339 per-word bound, 323.7 perplexity estimate based on a held-out corpus of 2653 documents with 1868102 words
2018-08-28 04:08:18,536 : INFO : PROGRESS: pass 33, at document #2653/2653
2018-08-28 04:08:21,512 : INFO : topic #5 (0.100): 0.010*"die" + 0.005*"contract" + 0.005*"req" + 0.005*"token" + 0.004*"use" + 0.003*"one" + 0.003*"request" + 0.003*"even" + 0.003*"like" + 0.003*"blockchain"
2018-08-28 04:08:21,514 : INFO : topic #1 (0.100): 0.010*"get" + 0.010*"like" + 0.007*"im" + 0.007*"money" + 0.006*"make" + 0.005*"year" + 0.005*"people" + 0.005*"good" + 0.005*"want" + 0.005*"would"
2018-08-28 04:08:21,516 : INFO : topic #3 (0.100): 0.006*"like" + 0.006*"car" + 0.005*"people" + 0.005*"money" + 0.004*"one" + 0.003*"eth" + 0.003*"would" + 0.002*"crypto" + 0.002*"shit" + 0.002*"know"
2018-08-28 04:08:21,517 : INFO : topic #0 (0.100): 0.007*"get" + 0.007*"like" + 0.007*"tether" + 0.006*"people" + 0.006*"money" + 0.006*"crypto" + 0.005*"btc" + 0.005*"would" + 0.005*"tax" + 0.005*"fucking"
2018-08-28 04:08:21,518 : INFO : topic #6 (0.100): 0.007*"buy" + 0.006*"coin" + 0.005*"get" + 0.005*"like" + 0.004*"im" + 0.004*"going" + 0.004*"price" + 0.004*"shit" + 0.004*"go" + 0.004*"one"
2018-08-28 04:08:21,520 : INFO : topic diff=0.011428, rho=0.169031
2018-08-28 04:08:27,631 : INFO : -8.338 per-word bound, 323.6 perplexity estimate based on a held-out corpus of 2653 documents with 1868102 words
2018-08-28 04:08:27,631 : INFO : PROGRESS: pass 34, at document #2653/2653
2018-08-28 04:08:30,503 : INFO : topic #5 (0.100): 0.010*"die" + 0.005*"contract" + 0.005*"req" + 0.004*"token" + 0.004*"use" + 0.003*"request" + 0.003*"one" + 0.003*"even" + 0.003*"like" + 0.003*"blockchain"
2018-08-28 04:08:30,504 : INFO : topic #3 (0.100): 0.006*"car" + 0.006*"like" + 0.005*"people" + 0.005*"money" + 0.004*"one" + 0.003*"eth" + 0.003*"would" + 0.002*"crypto" + 0.002*"shit" + 0.002*"know"
2018-08-28 04:08:30,506 : INFO : topic #6 (0.100): 0.007*"buy" + 0.006*"coin" + 0.005*"get" + 0.005*"like" + 0.004*"im" + 0.004*"price" + 0.004*"going" + 0.004*"shit" + 0.004*"go" + 0.004*"token"
2018-08-28 04:08:30,508 : INFO : topic #7 (0.100): 0.009*"power" + 0.008*"energy" + 0.006*"4chn" + 0.005*"electricity" + 0.003*"tesla" + 0.003*"solar" + 0.002*"australia" + 0.002*"battery" + 0.002*"grid" + 0.002*"ledger"
2018-08-28 04:08:30,509 : INFO : topic #2 (0.100): 0.023*"iota" + 0.023*"sage" + 0.002*"giota" + 0.002*"tangle" + 0.002*"foundation" + 0.002*"reclaim" + 0.002*"tesla" + 0.001*"coordinator" + 0.001*"cos" + 0.001*"devs"
2018-08-28 04:08:30,510 : INFO : topic diff=0.011009, rho=0.166667
2018-08-28 04:08:36,523 : INFO : -8.337 per-word bound, 323.5 perplexity estimate based on a held-out corpus of 2653 documents with 1868102 words
2018-08-28 04:08:36,524 : INFO : PROGRESS: pass 35, at document #2653/2653
2018-08-28 04:08:39,430 : INFO : topic #7 (0.100): 0.009*"power" + 0.008*"energy" + 0.006*"4chn" + 0.005*"electricity" + 0.003*"tesla" + 0.003*"solar" + 0.003*"australia" + 0.002*"battery" + 0.002*"grid" + 0.002*"ledger"
2018-08-28 04:08:39,432 : INFO : topic #6 (0.100): 0.007*"buy" + 0.006*"coin" + 0.005*"get" + 0.005*"like" + 0.004*"im" + 0.004*"price" + 0.004*"going" + 0.004*"shit" + 0.004*"go" + 0.004*"token"
2018-08-28 04:08:39,434 : INFO : topic #8 (0.100): 0.011*"buy" + 0.010*"coin" + 0.009*"im" + 0.008*"get" + 0.008*"like" + 0.007*"going" + 0.006*"go" + 0.006*"sell" + 0.005*"fucking" + 0.005*"shit"
2018-08-28 04:08:39,435 : INFO : topic #4 (0.100): 0.020*"link" + 0.007*"token" + 0.006*"like" + 0.006*"coin" + 0.006*"would" + 0.005*"make" + 0.005*"even" + 0.005*"get" + 0.005*"fucking" + 0.005*"one"
2018-08-28 04:08:39,436 : INFO : topic #9 (0.100): 0.025*"btc" + 0.020*"bitcoin" + 0.020*"bch" + 0.006*"people" + 0.006*"going" + 0.006*"like" + 0.006*"get" + 0.005*"would" + 0.005*"time" + 0.005*"transaction"
2018-08-28 04:08:39,438 : INFO : topic diff=0.010629, rho=0.164399
2018-08-28 04:08:45,433 : INFO : -8.337 per-word bound, 323.3 perplexity estimate based on a held-out corpus of 2653 documents with 1868102 words
2018-08-28 04:08:45,434 : INFO : PROGRESS: pass 36, at document #2653/2653
2018-08-28 04:08:48,336 : INFO : topic #7 (0.100): 0.009*"power" + 0.008*"energy" + 0.006*"4chn" + 0.005*"electricity" + 0.003*"tesla" + 0.003*"solar" + 0.003*"australia" + 0.002*"battery" + 0.002*"grid" + 0.002*"ledger"
2018-08-28 04:08:48,338 : INFO : topic #4 (0.100): 0.020*"link" + 0.007*"token" + 0.006*"like" + 0.006*"coin" + 0.006*"would" + 0.005*"make" + 0.005*"even" + 0.005*"get" + 0.005*"fucking" + 0.005*"one"
2018-08-28 04:08:48,340 : INFO : topic #6 (0.100): 0.007*"buy" + 0.006*"coin" + 0.005*"get" + 0.005*"like" + 0.004*"im" + 0.004*"price" + 0.004*"going" + 0.004*"shit" + 0.004*"go" + 0.004*"token"
2018-08-28 04:08:48,342 : INFO : topic #1 (0.100): 0.010*"get" + 0.010*"like" + 0.007*"im" + 0.007*"money" + 0.006*"make" + 0.005*"year" + 0.005*"people" + 0.005*"good" + 0.005*"want" + 0.005*"would"
2018-08-28 04:08:48,343 : INFO : topic #2 (0.100): 0.023*"iota" + 0.023*"sage" + 0.002*"giota" + 0.002*"tangle" + 0.002*"foundation" + 0.002*"reclaim" + 0.002*"tesla" + 0.001*"coordinator" + 0.001*"cos" + 0.001*"devs"
2018-08-28 04:08:48,345 : INFO : topic diff=0.010247, rho=0.162221
2018-08-28 04:08:54,360 : INFO : -8.336 per-word bound, 323.2 perplexity estimate based on a held-out corpus of 2653 documents with 1868102 words
2018-08-28 04:08:54,360 : INFO : PROGRESS: pass 37, at document #2653/2653
2018-08-28 04:08:57,268 : INFO : topic #8 (0.100): 0.011*"buy" + 0.010*"coin" + 0.009*"im" + 0.008*"get" + 0.008*"like" + 0.007*"going" + 0.006*"go" + 0.006*"sell" + 0.005*"fucking" + 0.005*"shit"
2018-08-28 04:08:57,270 : INFO : topic #7 (0.100): 0.009*"power" + 0.008*"energy" + 0.006*"4chn" + 0.005*"electricity" + 0.003*"tesla" + 0.003*"solar" + 0.003*"australia" + 0.002*"battery" + 0.002*"grid" + 0.002*"ledger"
2018-08-28 04:08:57,272 : INFO : topic #1 (0.100): 0.010*"get" + 0.010*"like" + 0.007*"im" + 0.007*"money" + 0.006*"make" + 0.005*"year" + 0.005*"people" + 0.005*"good" + 0.005*"want" + 0.005*"would"
2018-08-28 04:08:57,273 : INFO : topic #6 (0.100): 0.007*"buy" + 0.006*"coin" + 0.005*"get" + 0.005*"like" + 0.004*"im" + 0.004*"price" + 0.004*"going" + 0.004*"shit" + 0.004*"go" + 0.004*"token"
2018-08-28 04:08:57,275 : INFO : topic #9 (0.100): 0.025*"btc" + 0.020*"bitcoin" + 0.020*"bch" + 0.006*"people" + 0.006*"going" + 0.006*"like" + 0.006*"get" + 0.005*"would" + 0.005*"time" + 0.005*"transaction"
2018-08-28 04:08:57,276 : INFO : topic diff=0.009904, rho=0.160128
2018-08-28 04:09:03,277 : INFO : -8.336 per-word bound, 323.1 perplexity estimate based on a held-out corpus of 2653 documents with 1868102 words
2018-08-28 04:09:03,277 : INFO : PROGRESS: pass 38, at document #2653/2653
2018-08-28 04:09:06,176 : INFO : topic #6 (0.100): 0.007*"buy" + 0.006*"coin" + 0.005*"get" + 0.005*"like" + 0.004*"im" + 0.004*"price" + 0.004*"shit" + 0.004*"going" + 0.004*"token" + 0.004*"go"
2018-08-28 04:09:06,177 : INFO : topic #7 (0.100): 0.009*"power" + 0.008*"energy" + 0.006*"4chn" + 0.005*"electricity" + 0.003*"tesla" + 0.003*"solar" + 0.003*"australia" + 0.002*"battery" + 0.002*"ledger" + 0.002*"grid"
2018-08-28 04:09:06,179 : INFO : topic #3 (0.100): 0.006*"car" + 0.005*"like" + 0.005*"people" + 0.004*"money" + 0.004*"one" + 0.003*"eth" + 0.003*"would" + 0.002*"lambo" + 0.002*"crypto" + 0.002*"want"
2018-08-28 04:09:06,180 : INFO : topic #4 (0.100): 0.020*"link" + 0.007*"token" + 0.006*"like" + 0.006*"coin" + 0.006*"would" + 0.005*"make" + 0.005*"even" + 0.005*"get" + 0.005*"fucking" + 0.005*"one"
2018-08-28 04:09:06,181 : INFO : topic #5 (0.100): 0.011*"die" + 0.005*"contract" + 0.005*"req" + 0.004*"token" + 0.004*"use" + 0.004*"request" + 0.003*"one" + 0.003*"even" + 0.003*"like" + 0.003*"blockchain"
2018-08-28 04:09:06,183 : INFO : topic diff=0.009585, rho=0.158114
2018-08-28 04:09:12,199 : INFO : -8.336 per-word bound, 323.0 perplexity estimate based on a held-out corpus of 2653 documents with 1868102 words
2018-08-28 04:09:12,200 : INFO : PROGRESS: pass 39, at document #2653/2653
2018-08-28 04:09:15,095 : INFO : topic #3 (0.100): 0.006*"car" + 0.005*"like" + 0.005*"people" + 0.004*"money" + 0.003*"one" + 0.003*"eth" + 0.003*"would" + 0.002*"lambo" + 0.002*"crypto" + 0.002*"want"
2018-08-28 04:09:15,097 : INFO : topic #6 (0.100): 0.007*"buy" + 0.005*"coin" + 0.005*"get" + 0.005*"like" + 0.004*"im" + 0.004*"price" + 0.004*"shit" + 0.004*"going" + 0.004*"token" + 0.004*"go"
2018-08-28 04:09:15,098 : INFO : topic #5 (0.100): 0.011*"die" + 0.005*"contract" + 0.005*"req" + 0.004*"token" + 0.004*"use" + 0.004*"request" + 0.003*"one" + 0.003*"even" + 0.003*"like" + 0.003*"blockchain"
2018-08-28 04:09:15,100 : INFO : topic #9 (0.100): 0.025*"btc" + 0.020*"bitcoin" + 0.020*"bch" + 0.006*"people" + 0.006*"going" + 0.006*"like" + 0.006*"get" + 0.005*"would" + 0.005*"time" + 0.005*"transaction"
2018-08-28 04:09:15,101 : INFO : topic #0 (0.100): 0.007*"get" + 0.007*"tether" + 0.007*"like" + 0.006*"people" + 0.006*"crypto" + 0.006*"money" + 0.005*"btc" + 0.005*"would" + 0.005*"tax" + 0.005*"fucking"
2018-08-28 04:09:15,102 : INFO : topic diff=0.009278, rho=0.156174
2018-08-28 04:09:21,150 : INFO : -8.335 per-word bound, 322.9 perplexity estimate based on a held-out corpus of 2653 documents with 1868102 words
2018-08-28 04:09:21,150 : INFO : PROGRESS: pass 40, at document #2653/2653
2018-08-28 04:09:24,040 : INFO : topic #7 (0.100): 0.009*"power" + 0.008*"energy" + 0.006*"4chn" + 0.005*"electricity" + 0.003*"tesla" + 0.003*"solar" + 0.003*"australia" + 0.002*"battery" + 0.002*"ledger" + 0.002*"grid"
2018-08-28 04:09:24,043 : INFO : topic #3 (0.100): 0.006*"car" + 0.005*"like" + 0.004*"people" + 0.004*"money" + 0.003*"one" + 0.003*"eth" + 0.003*"would" + 0.002*"lambo" + 0.002*"crypto" + 0.002*"want"
2018-08-28 04:09:24,045 : INFO : topic #0 (0.100): 0.007*"get" + 0.007*"tether" + 0.007*"like" + 0.006*"people" + 0.006*"crypto" + 0.006*"money" + 0.005*"btc" + 0.005*"would" + 0.005*"tax" + 0.005*"fucking"
2018-08-28 04:09:24,046 : INFO : topic #1 (0.100): 0.010*"get" + 0.010*"like" + 0.007*"im" + 0.007*"money" + 0.006*"make" + 0.005*"year" + 0.005*"people" + 0.005*"good" + 0.005*"want" + 0.005*"would"
2018-08-28 04:09:24,048 : INFO : topic #8 (0.100): 0.011*"buy" + 0.010*"coin" + 0.009*"im" + 0.008*"get" + 0.008*"like" + 0.007*"going" + 0.006*"go" + 0.006*"sell" + 0.006*"fucking" + 0.005*"shit"
2018-08-28 04:09:24,050 : INFO : topic diff=0.008983, rho=0.154303
2018-08-28 04:09:30,098 : INFO : -8.335 per-word bound, 322.8 perplexity estimate based on a held-out corpus of 2653 documents with 1868102 words
2018-08-28 04:09:30,100 : INFO : PROGRESS: pass 41, at document #2653/2653
2018-08-28 04:09:33,016 : INFO : topic #3 (0.100): 0.006*"car" + 0.005*"like" + 0.004*"people" + 0.004*"money" + 0.003*"one" + 0.003*"eth" + 0.002*"would" + 0.002*"lambo" + 0.002*"crypto" + 0.002*"want"
2018-08-28 04:09:33,018 : INFO : topic #6 (0.100): 0.007*"buy" + 0.005*"coin" + 0.005*"get" + 0.004*"like" + 0.004*"im" + 0.004*"price" + 0.004*"token" + 0.004*"shit" + 0.004*"going" + 0.004*"go"
2018-08-28 04:09:33,020 : INFO : topic #5 (0.100): 0.011*"die" + 0.005*"contract" + 0.005*"req" + 0.004*"token" + 0.004*"use" + 0.004*"request" + 0.003*"one" + 0.003*"even" + 0.003*"like" + 0.003*"please"
2018-08-28 04:09:33,021 : INFO : topic #9 (0.100): 0.025*"btc" + 0.020*"bitcoin" + 0.020*"bch" + 0.006*"people" + 0.006*"going" + 0.006*"like" + 0.006*"get" + 0.005*"would" + 0.005*"time" + 0.005*"transaction"
2018-08-28 04:09:33,022 : INFO : topic #2 (0.100): 0.024*"iota" + 0.023*"sage" + 0.002*"giota" + 0.002*"tangle" + 0.002*"foundation" + 0.002*"reclaim" + 0.001*"tesla" + 0.001*"coordinator" + 0.001*"balance" + 0.001*"refugee"
2018-08-28 04:09:33,023 : INFO : topic diff=0.008694, rho=0.152499
2018-08-28 04:09:39,023 : INFO : -8.334 per-word bound, 322.7 perplexity estimate based on a held-out corpus of 2653 documents with 1868102 words
2018-08-28 04:09:39,023 : INFO : PROGRESS: pass 42, at document #2653/2653
2018-08-28 04:09:41,962 : INFO : topic #3 (0.100): 0.006*"car" + 0.005*"like" + 0.004*"people" + 0.004*"money" + 0.003*"one" + 0.003*"eth" + 0.002*"would" + 0.002*"lambo" + 0.002*"crypto" + 0.002*"want"
2018-08-28 04:09:41,963 : INFO : topic #4 (0.100): 0.020*"link" + 0.007*"token" + 0.006*"like" + 0.006*"coin" + 0.006*"would" + 0.005*"make" + 0.005*"even" + 0.005*"get" + 0.005*"one" + 0.005*"fucking"
2018-08-28 04:09:41,965 : INFO : topic #8 (0.100): 0.011*"buy" + 0.010*"coin" + 0.009*"im" + 0.008*"get" + 0.008*"like" + 0.007*"going" + 0.006*"go" + 0.006*"sell" + 0.006*"fucking" + 0.005*"shit"
2018-08-28 04:09:41,966 : INFO : topic #2 (0.100): 0.024*"iota" + 0.023*"sage" + 0.002*"giota" + 0.002*"tangle" + 0.002*"foundation" + 0.002*"reclaim" + 0.001*"tesla" + 0.001*"coordinator" + 0.001*"balance" + 0.001*"refugee"
2018-08-28 04:09:41,967 : INFO : topic #5 (0.100): 0.011*"die" + 0.005*"contract" + 0.005*"req" + 0.004*"token" + 0.004*"use" + 0.004*"request" + 0.003*"one" + 0.003*"even" + 0.003*"like" + 0.003*"please"
2018-08-28 04:09:41,968 : INFO : topic diff=0.008446, rho=0.150756
2018-08-28 04:09:48,043 : INFO : -8.334 per-word bound, 322.7 perplexity estimate based on a held-out corpus of 2653 documents with 1868102 words
2018-08-28 04:09:48,046 : INFO : PROGRESS: pass 43, at document #2653/2653
2018-08-28 04:09:50,921 : INFO : topic #9 (0.100): 0.025*"btc" + 0.020*"bitcoin" + 0.020*"bch" + 0.006*"people" + 0.006*"going" + 0.006*"like" + 0.006*"get" + 0.005*"would" + 0.005*"time" + 0.005*"transaction"
2018-08-28 04:09:50,923 : INFO : topic #7 (0.100): 0.010*"power" + 0.008*"energy" + 0.006*"4chn" + 0.005*"electricity" + 0.003*"tesla" + 0.003*"solar" + 0.003*"australia" + 0.002*"battery" + 0.002*"ledger" + 0.002*"grid"
2018-08-28 04:09:50,924 : INFO : topic #2 (0.100): 0.024*"iota" + 0.024*"sage" + 0.002*"giota" + 0.002*"tangle" + 0.002*"foundation" + 0.002*"reclaim" + 0.001*"coordinator" + 0.001*"tesla" + 0.001*"balance" + 0.001*"refugee"
2018-08-28 04:09:50,925 : INFO : topic #3 (0.100): 0.006*"car" + 0.005*"like" + 0.004*"people" + 0.004*"money" + 0.003*"one" + 0.003*"eth" + 0.002*"lambo" + 0.002*"would" + 0.002*"crypto" + 0.002*"want"
2018-08-28 04:09:50,926 : INFO : topic #0 (0.100): 0.007*"get" + 0.007*"tether" + 0.007*"like" + 0.006*"people" + 0.006*"crypto" + 0.006*"money" + 0.005*"btc" + 0.005*"would" + 0.005*"tax" + 0.005*"fucking"
2018-08-28 04:09:50,928 : INFO : topic diff=0.008203, rho=0.149071
2018-08-28 04:09:57,067 : INFO : -8.333 per-word bound, 322.6 perplexity estimate based on a held-out corpus of 2653 documents with 1868102 words
2018-08-28 04:09:57,069 : INFO : PROGRESS: pass 44, at document #2653/2653
2018-08-28 04:09:59,916 : INFO : topic #8 (0.100): 0.011*"buy" + 0.010*"coin" + 0.009*"im" + 0.008*"get" + 0.008*"like" + 0.007*"going" + 0.006*"go" + 0.006*"sell" + 0.006*"fucking" + 0.005*"shit"
2018-08-28 04:09:59,917 : INFO : topic #0 (0.100): 0.007*"get" + 0.007*"tether" + 0.007*"like" + 0.006*"people" + 0.006*"crypto" + 0.006*"money" + 0.005*"btc" + 0.005*"would" + 0.005*"tax" + 0.005*"fucking"
2018-08-28 04:09:59,919 : INFO : topic #4 (0.100): 0.020*"link" + 0.007*"token" + 0.006*"like" + 0.006*"coin" + 0.006*"would" + 0.005*"make" + 0.005*"even" + 0.005*"get" + 0.005*"one" + 0.005*"fucking"
2018-08-28 04:09:59,920 : INFO : topic #1 (0.100): 0.010*"like" + 0.010*"get" + 0.007*"im" + 0.007*"money" + 0.006*"make" + 0.005*"people" + 0.005*"year" + 0.005*"good" + 0.005*"want" + 0.005*"would"
2018-08-28 04:09:59,922 : INFO : topic #6 (0.100): 0.006*"buy" + 0.005*"coin" + 0.005*"get" + 0.004*"like" + 0.004*"price" + 0.004*"token" + 0.004*"im" + 0.004*"shit" + 0.003*"exchange" + 0.003*"scam"
2018-08-28 04:09:59,923 : INFO : topic diff=0.007957, rho=0.147442
2018-08-28 04:10:05,978 : INFO : -8.333 per-word bound, 322.5 perplexity estimate based on a held-out corpus of 2653 documents with 1868102 words
2018-08-28 04:10:05,979 : INFO : PROGRESS: pass 45, at document #2653/2653
2018-08-28 04:10:08,826 : INFO : topic #7 (0.100): 0.010*"power" + 0.008*"energy" + 0.006*"4chn" + 0.005*"electricity" + 0.003*"tesla" + 0.003*"solar" + 0.003*"australia" + 0.002*"battery" + 0.002*"ledger" + 0.002*"grid"
2018-08-28 04:10:08,827 : INFO : topic #6 (0.100): 0.006*"buy" + 0.005*"coin" + 0.005*"get" + 0.004*"like" + 0.004*"price" + 0.004*"token" + 0.004*"im" + 0.004*"shit" + 0.004*"scam" + 0.004*"exchange"
2018-08-28 04:10:08,828 : INFO : topic #3 (0.100): 0.007*"car" + 0.005*"like" + 0.004*"people" + 0.004*"money" + 0.003*"one" + 0.003*"eth" + 0.002*"lambo" + 0.002*"would" + 0.002*"crypto" + 0.002*"city"
2018-08-28 04:10:08,829 : INFO : topic #2 (0.100): 0.024*"iota" + 0.024*"sage" + 0.002*"giota" + 0.002*"tangle" + 0.002*"foundation" + 0.002*"reclaim" + 0.001*"coordinator" + 0.001*"tesla" + 0.001*"balance" + 0.001*"refugee"
2018-08-28 04:10:08,830 : INFO : topic #5 (0.100): 0.012*"die" + 0.005*"contract" + 0.005*"req" + 0.004*"use" + 0.004*"token" + 0.004*"request" + 0.003*"one" + 0.003*"even" + 0.003*"please" + 0.003*"ha"
2018-08-28 04:10:08,832 : INFO : topic diff=0.007738, rho=0.145865
2018-08-28 04:10:14,893 : INFO : -8.333 per-word bound, 322.4 perplexity estimate based on a held-out corpus of 2653 documents with 1868102 words
2018-08-28 04:10:14,894 : INFO : PROGRESS: pass 46, at document #2653/2653
2018-08-28 04:10:17,797 : INFO : topic #8 (0.100): 0.011*"buy" + 0.010*"coin" + 0.009*"im" + 0.008*"get" + 0.008*"like" + 0.008*"going" + 0.006*"go" + 0.006*"sell" + 0.006*"fucking" + 0.005*"shit"
2018-08-28 04:10:17,798 : INFO : topic #9 (0.100): 0.025*"btc" + 0.020*"bitcoin" + 0.019*"bch" + 0.006*"people" + 0.006*"going" + 0.006*"like" + 0.006*"get" + 0.005*"would" + 0.005*"time" + 0.005*"transaction"
2018-08-28 04:10:17,799 : INFO : topic #2 (0.100): 0.024*"iota" + 0.024*"sage" + 0.002*"giota" + 0.002*"tangle" + 0.002*"foundation" + 0.002*"reclaim" + 0.001*"coordinator" + 0.001*"tesla" + 0.001*"balance" + 0.001*"refugee"
2018-08-28 04:10:17,801 : INFO : topic #7 (0.100): 0.010*"power" + 0.008*"energy" + 0.006*"4chn" + 0.005*"electricity" + 0.003*"tesla" + 0.003*"solar" + 0.003*"australia" + 0.002*"battery" + 0.002*"ledger" + 0.002*"grid"
2018-08-28 04:10:17,802 : INFO : topic #0 (0.100): 0.007*"get" + 0.007*"tether" + 0.007*"like" + 0.006*"people" + 0.006*"crypto" + 0.006*"money" + 0.005*"btc" + 0.005*"would" + 0.005*"tax" + 0.005*"fucking"
2018-08-28 04:10:17,803 : INFO : topic diff=0.007528, rho=0.144338
2018-08-28 04:10:23,885 : INFO : -8.332 per-word bound, 322.3 perplexity estimate based on a held-out corpus of 2653 documents with 1868102 words
2018-08-28 04:10:23,885 : INFO : PROGRESS: pass 47, at document #2653/2653
2018-08-28 04:10:26,879 : INFO : topic #7 (0.100): 0.010*"power" + 0.009*"energy" + 0.006*"4chn" + 0.005*"electricity" + 0.003*"tesla" + 0.003*"solar" + 0.003*"australia" + 0.002*"ledger" + 0.002*"battery" + 0.002*"grid"
2018-08-28 04:10:26,882 : INFO : topic #9 (0.100): 0.025*"btc" + 0.020*"bitcoin" + 0.019*"bch" + 0.006*"people" + 0.006*"going" + 0.006*"like" + 0.006*"get" + 0.005*"would" + 0.005*"time" + 0.005*"transaction"
2018-08-28 04:10:26,883 : INFO : topic #1 (0.100): 0.010*"like" + 0.010*"get" + 0.007*"im" + 0.007*"money" + 0.006*"make" + 0.005*"people" + 0.005*"year" + 0.005*"good" + 0.005*"want" + 0.005*"would"
2018-08-28 04:10:26,884 : INFO : topic #4 (0.100): 0.020*"link" + 0.007*"token" + 0.006*"like" + 0.006*"coin" + 0.006*"would" + 0.005*"make" + 0.005*"even" + 0.005*"get" + 0.005*"one" + 0.005*"fucking"
2018-08-28 04:10:26,885 : INFO : topic #5 (0.100): 0.012*"die" + 0.005*"contract" + 0.005*"req" + 0.004*"use" + 0.004*"token" + 0.004*"request" + 0.003*"even" + 0.003*"one" + 0.003*"please" + 0.003*"ha"
2018-08-28 04:10:26,887 : INFO : topic diff=0.007317, rho=0.142857
2018-08-28 04:10:32,863 : INFO : -8.332 per-word bound, 322.3 perplexity estimate based on a held-out corpus of 2653 documents with 1868102 words
2018-08-28 04:10:32,863 : INFO : PROGRESS: pass 48, at document #2653/2653
2018-08-28 04:10:35,803 : INFO : topic #0 (0.100): 0.007*"get" + 0.007*"tether" + 0.007*"like" + 0.006*"people" + 0.006*"crypto" + 0.006*"money" + 0.005*"btc" + 0.005*"would" + 0.005*"tax" + 0.005*"fucking"
2018-08-28 04:10:35,804 : INFO : topic #3 (0.100): 0.007*"car" + 0.004*"like" + 0.004*"people" + 0.003*"money" + 0.003*"one" + 0.002*"lambo" + 0.002*"eth" + 0.002*"would" + 0.002*"city" + 0.002*"crypto"
2018-08-28 04:10:35,806 : INFO : topic #8 (0.100): 0.011*"buy" + 0.010*"coin" + 0.009*"im" + 0.008*"get" + 0.008*"like" + 0.008*"going" + 0.006*"go" + 0.006*"sell" + 0.006*"fucking" + 0.005*"shit"
2018-08-28 04:10:35,808 : INFO : topic #6 (0.100): 0.006*"buy" + 0.005*"coin" + 0.005*"get" + 0.004*"like" + 0.004*"token" + 0.004*"price" + 0.004*"scam" + 0.004*"exchange" + 0.004*"im" + 0.003*"shit"
2018-08-28 04:10:35,809 : INFO : topic #5 (0.100): 0.012*"die" + 0.005*"contract" + 0.005*"req" + 0.004*"use" + 0.004*"token" + 0.004*"request" + 0.003*"even" + 0.003*"one" + 0.003*"ha" + 0.003*"please"
2018-08-28 04:10:35,811 : INFO : topic diff=0.007120, rho=0.141421
2018-08-28 04:10:41,796 : INFO : -8.332 per-word bound, 322.2 perplexity estimate based on a held-out corpus of 2653 documents with 1868102 words
2018-08-28 04:10:41,797 : INFO : PROGRESS: pass 49, at document #2653/2653
2018-08-28 04:10:44,711 : INFO : topic #9 (0.100): 0.025*"btc" + 0.020*"bitcoin" + 0.019*"bch" + 0.006*"people" + 0.006*"going" + 0.006*"like" + 0.006*"get" + 0.005*"would" + 0.005*"transaction" + 0.005*"time"
2018-08-28 04:10:44,713 : INFO : topic #1 (0.100): 0.010*"like" + 0.010*"get" + 0.007*"im" + 0.007*"money" + 0.006*"make" + 0.006*"people" + 0.005*"year" + 0.005*"good" + 0.005*"want" + 0.005*"would"
2018-08-28 04:10:44,714 : INFO : topic #6 (0.100): 0.006*"buy" + 0.005*"coin" + 0.005*"get" + 0.004*"like" + 0.004*"token" + 0.004*"price" + 0.004*"scam" + 0.004*"exchange" + 0.003*"im" + 0.003*"shit"
2018-08-28 04:10:44,716 : INFO : topic #7 (0.100): 0.010*"power" + 0.009*"energy" + 0.006*"4chn" + 0.005*"electricity" + 0.003*"tesla" + 0.003*"solar" + 0.003*"australia" + 0.003*"ledger" + 0.003*"battery" + 0.002*"grid"
2018-08-28 04:10:44,717 : INFO : topic #8 (0.100): 0.011*"buy" + 0.010*"coin" + 0.009*"im" + 0.008*"get" + 0.008*"like" + 0.008*"going" + 0.006*"go" + 0.006*"sell" + 0.006*"fucking" + 0.005*"shit"
2018-08-28 04:10:44,719 : INFO : topic diff=0.006936, rho=0.140028
2018-08-28 04:10:50,740 : INFO : -8.331 per-word bound, 322.1 perplexity estimate based on a held-out corpus of 2653 documents with 1868102 words
2018-08-28 04:10:50,742 : INFO : PROGRESS: pass 50, at document #2653/2653
2018-08-28 04:10:53,631 : INFO : topic #4 (0.100): 0.020*"link" + 0.007*"token" + 0.006*"like" + 0.006*"coin" + 0.006*"would" + 0.005*"make" + 0.005*"even" + 0.005*"get" + 0.005*"one" + 0.005*"fucking"
2018-08-28 04:10:53,634 : INFO : topic #3 (0.100): 0.007*"car" + 0.004*"like" + 0.004*"people" + 0.003*"money" + 0.003*"one" + 0.003*"lambo" + 0.002*"eth" + 0.002*"would" + 0.002*"city" + 0.001*"crypto"
2018-08-28 04:10:53,636 : INFO : topic #5 (0.100): 0.012*"die" + 0.005*"contract" + 0.005*"req" + 0.004*"use" + 0.004*"request" + 0.004*"token" + 0.003*"even" + 0.003*"ha" + 0.003*"one" + 0.003*"please"
2018-08-28 04:10:53,638 : INFO : topic #7 (0.100): 0.010*"power" + 0.009*"energy" + 0.006*"4chn" + 0.005*"electricity" + 0.003*"tesla" + 0.003*"solar" + 0.003*"australia" + 0.003*"ledger" + 0.003*"battery" + 0.002*"grid"
2018-08-28 04:10:53,639 : INFO : topic #9 (0.100): 0.025*"btc" + 0.020*"bitcoin" + 0.019*"bch" + 0.006*"people" + 0.006*"going" + 0.006*"like" + 0.006*"get" + 0.005*"would" + 0.005*"transaction" + 0.005*"time"
2018-08-28 04:10:53,640 : INFO : topic diff=0.006749, rho=0.138675
2018-08-28 04:10:59,692 : INFO : -8.331 per-word bound, 322.0 perplexity estimate based on a held-out corpus of 2653 documents with 1868102 words
2018-08-28 04:10:59,692 : INFO : PROGRESS: pass 51, at document #2653/2653
2018-08-28 04:11:02,650 : INFO : topic #6 (0.100): 0.006*"buy" + 0.005*"coin" + 0.004*"get" + 0.004*"like" + 0.004*"token" + 0.004*"scam" + 0.004*"price" + 0.004*"exchange" + 0.003*"im" + 0.003*"shit"
2018-08-28 04:11:02,651 : INFO : topic #9 (0.100): 0.025*"btc" + 0.020*"bitcoin" + 0.019*"bch" + 0.006*"people" + 0.006*"going" + 0.006*"like" + 0.006*"get" + 0.006*"would" + 0.005*"transaction" + 0.005*"time"
2018-08-28 04:11:02,653 : INFO : topic #3 (0.100): 0.007*"car" + 0.004*"like" + 0.004*"people" + 0.003*"money" + 0.003*"one" + 0.003*"lambo" + 0.002*"eth" + 0.002*"would" + 0.002*"city" + 0.001*"crypto"
2018-08-28 04:11:02,654 : INFO : topic #7 (0.100): 0.010*"power" + 0.009*"energy" + 0.006*"4chn" + 0.005*"electricity" + 0.003*"tesla" + 0.003*"solar" + 0.003*"australia" + 0.003*"ledger" + 0.003*"battery" + 0.002*"grid"
2018-08-28 04:11:02,655 : INFO : topic #2 (0.100): 0.024*"iota" + 0.024*"sage" + 0.002*"giota" + 0.002*"tangle" + 0.002*"foundation" + 0.002*"reclaim" + 0.001*"coordinator" + 0.001*"tesla" + 0.001*"balance" + 0.001*"refugee"
2018-08-28 04:11:02,657 : INFO : topic diff=0.006578, rho=0.137361
2018-08-28 04:11:08,696 : INFO : -8.331 per-word bound, 322.0 perplexity estimate based on a held-out corpus of 2653 documents with 1868102 words
2018-08-28 04:11:08,698 : INFO : PROGRESS: pass 52, at document #2653/2653
2018-08-28 04:11:11,572 : INFO : topic #2 (0.100): 0.024*"iota" + 0.024*"sage" + 0.002*"giota" + 0.002*"tangle" + 0.002*"reclaim" + 0.002*"foundation" + 0.001*"coordinator" + 0.001*"tesla" + 0.001*"balance" + 0.001*"refugee"
2018-08-28 04:11:11,574 : INFO : topic #7 (0.100): 0.010*"power" + 0.009*"energy" + 0.006*"4chn" + 0.005*"electricity" + 0.003*"tesla" + 0.003*"solar" + 0.003*"australia" + 0.003*"ledger" + 0.003*"battery" + 0.002*"grid"
2018-08-28 04:11:11,575 : INFO : topic #4 (0.100): 0.020*"link" + 0.007*"token" + 0.006*"like" + 0.006*"coin" + 0.006*"would" + 0.005*"even" + 0.005*"make" + 0.005*"get" + 0.005*"one" + 0.005*"fucking"
2018-08-28 04:11:11,576 : INFO : topic #9 (0.100): 0.025*"btc" + 0.020*"bitcoin" + 0.019*"bch" + 0.006*"people" + 0.006*"going" + 0.006*"like" + 0.006*"get" + 0.006*"would" + 0.005*"transaction" + 0.005*"time"
2018-08-28 04:11:11,577 : INFO : topic #0 (0.100): 0.007*"get" + 0.007*"tether" + 0.006*"like" + 0.006*"people" + 0.006*"crypto" + 0.006*"money" + 0.005*"btc" + 0.005*"would" + 0.005*"tax" + 0.005*"fucking"
2018-08-28 04:11:11,578 : INFO : topic diff=0.006411, rho=0.136083
2018-08-28 04:11:17,655 : INFO : -8.330 per-word bound, 321.9 perplexity estimate based on a held-out corpus of 2653 documents with 1868102 words
2018-08-28 04:11:17,657 : INFO : PROGRESS: pass 53, at document #2653/2653
2018-08-28 04:11:20,529 : INFO : topic #2 (0.100): 0.024*"iota" + 0.024*"sage" + 0.002*"giota" + 0.002*"tangle" + 0.002*"reclaim" + 0.002*"foundation" + 0.001*"coordinator" + 0.001*"tesla" + 0.001*"balance" + 0.001*"refugee"
2018-08-28 04:11:20,531 : INFO : topic #6 (0.100): 0.006*"buy" + 0.005*"coin" + 0.004*"get" + 0.004*"scam" + 0.004*"token" + 0.004*"like" + 0.004*"price" + 0.004*"exchange" + 0.003*"shit" + 0.003*"im"
2018-08-28 04:11:20,532 : INFO : topic #5 (0.100): 0.013*"die" + 0.005*"contract" + 0.005*"req" + 0.004*"request" + 0.004*"use" + 0.004*"token" + 0.003*"ha" + 0.003*"please" + 0.003*"even" + 0.003*"one"
2018-08-28 04:11:20,533 : INFO : topic #8 (0.100): 0.011*"buy" + 0.010*"coin" + 0.009*"im" + 0.008*"get" + 0.008*"like" + 0.008*"going" + 0.006*"go" + 0.006*"sell" + 0.006*"fucking" + 0.005*"shit"
2018-08-28 04:11:20,534 : INFO : topic #9 (0.100): 0.025*"btc" + 0.020*"bitcoin" + 0.019*"bch" + 0.007*"people" + 0.006*"going" + 0.006*"like" + 0.006*"get" + 0.006*"would" + 0.005*"transaction" + 0.005*"time"
2018-08-28 04:11:20,536 : INFO : topic diff=0.006257, rho=0.134840
2018-08-28 04:11:26,680 : INFO : -8.330 per-word bound, 321.8 perplexity estimate based on a held-out corpus of 2653 documents with 1868102 words
2018-08-28 04:11:26,682 : INFO : PROGRESS: pass 54, at document #2653/2653
2018-08-28 04:11:29,547 : INFO : topic #5 (0.100): 0.013*"die" + 0.005*"contract" + 0.005*"req" + 0.004*"request" + 0.004*"use" + 0.004*"token" + 0.003*"ha" + 0.003*"please" + 0.003*"even" + 0.003*"one"
2018-08-28 04:11:29,548 : INFO : topic #8 (0.100): 0.011*"buy" + 0.010*"coin" + 0.009*"im" + 0.008*"get" + 0.008*"like" + 0.008*"going" + 0.006*"go" + 0.006*"sell" + 0.006*"fucking" + 0.005*"shit"
2018-08-28 04:11:29,550 : INFO : topic #6 (0.100): 0.006*"buy" + 0.005*"coin" + 0.004*"get" + 0.004*"scam" + 0.004*"token" + 0.004*"like" + 0.004*"exchange" + 0.004*"price" + 0.003*"shit" + 0.003*"im"
2018-08-28 04:11:29,551 : INFO : topic #0 (0.100): 0.007*"get" + 0.007*"tether" + 0.006*"like" + 0.006*"people" + 0.006*"crypto" + 0.006*"money" + 0.005*"btc" + 0.005*"would" + 0.005*"tax" + 0.005*"fucking"
2018-08-28 04:11:29,553 : INFO : topic #7 (0.100): 0.010*"power" + 0.009*"energy" + 0.006*"4chn" + 0.005*"electricity" + 0.004*"tesla" + 0.004*"solar" + 0.003*"australia" + 0.003*"ledger" + 0.003*"battery" + 0.002*"grid"
2018-08-28 04:11:29,554 : INFO : topic diff=0.006101, rho=0.133631
2018-08-28 04:11:35,589 : INFO : -8.330 per-word bound, 321.8 perplexity estimate based on a held-out corpus of 2653 documents with 1868102 words
2018-08-28 04:11:35,590 : INFO : PROGRESS: pass 55, at document #2653/2653
2018-08-28 04:11:38,491 : INFO : topic #8 (0.100): 0.011*"buy" + 0.010*"coin" + 0.009*"im" + 0.008*"get" + 0.008*"like" + 0.008*"going" + 0.006*"go" + 0.006*"sell" + 0.006*"fucking" + 0.005*"shit"
2018-08-28 04:11:38,492 : INFO : topic #5 (0.100): 0.013*"die" + 0.005*"contract" + 0.005*"req" + 0.004*"request" + 0.004*"use" + 0.004*"token" + 0.003*"ha" + 0.003*"please" + 0.003*"even" + 0.003*"tell"
2018-08-28 04:11:38,493 : INFO : topic #1 (0.100): 0.010*"like" + 0.010*"get" + 0.007*"im" + 0.007*"money" + 0.006*"make" + 0.006*"people" + 0.005*"year" + 0.005*"good" + 0.005*"want" + 0.005*"would"
2018-08-28 04:11:38,495 : INFO : topic #9 (0.100): 0.025*"btc" + 0.020*"bitcoin" + 0.019*"bch" + 0.007*"people" + 0.006*"going" + 0.006*"like" + 0.006*"get" + 0.006*"would" + 0.005*"transaction" + 0.005*"time"
2018-08-28 04:11:38,496 : INFO : topic #0 (0.100): 0.007*"get" + 0.007*"tether" + 0.006*"like" + 0.006*"people" + 0.006*"crypto" + 0.006*"money" + 0.005*"btc" + 0.005*"would" + 0.005*"tax" + 0.005*"fucking"
2018-08-28 04:11:38,497 : INFO : topic diff=0.005948, rho=0.132453
2018-08-28 04:11:44,490 : INFO : -8.330 per-word bound, 321.7 perplexity estimate based on a held-out corpus of 2653 documents with 1868102 words
2018-08-28 04:11:44,491 : INFO : PROGRESS: pass 56, at document #2653/2653
2018-08-28 04:11:47,424 : INFO : topic #7 (0.100): 0.010*"power" + 0.009*"energy" + 0.006*"4chn" + 0.005*"electricity" + 0.004*"solar" + 0.004*"tesla" + 0.003*"australia" + 0.003*"ledger" + 0.003*"battery" + 0.002*"grid"
2018-08-28 04:11:47,426 : INFO : topic #4 (0.100): 0.020*"link" + 0.007*"token" + 0.006*"like" + 0.006*"coin" + 0.006*"would" + 0.005*"even" + 0.005*"make" + 0.005*"get" + 0.005*"one" + 0.004*"fucking"
2018-08-28 04:11:47,427 : INFO : topic #0 (0.100): 0.007*"get" + 0.007*"tether" + 0.006*"like" + 0.006*"people" + 0.006*"crypto" + 0.006*"money" + 0.005*"btc" + 0.005*"would" + 0.005*"tax" + 0.005*"fucking"
2018-08-28 04:11:47,428 : INFO : topic #3 (0.100): 0.007*"car" + 0.004*"like" + 0.003*"people" + 0.003*"money" + 0.003*"lambo" + 0.002*"one" + 0.002*"eth" + 0.002*"city" + 0.002*"would" + 0.001*"drive"
2018-08-28 04:11:47,430 : INFO : topic #5 (0.100): 0.013*"die" + 0.005*"contract" + 0.005*"req" + 0.004*"request" + 0.004*"use" + 0.004*"token" + 0.003*"ha" + 0.003*"please" + 0.003*"even" + 0.003*"tell"
2018-08-28 04:11:47,431 : INFO : topic diff=0.005816, rho=0.131306
2018-08-28 04:11:53,436 : INFO : -8.329 per-word bound, 321.7 perplexity estimate based on a held-out corpus of 2653 documents with 1868102 words
2018-08-28 04:11:53,439 : INFO : PROGRESS: pass 57, at document #2653/2653
2018-08-28 04:11:56,319 : INFO : topic #7 (0.100): 0.010*"power" + 0.009*"energy" + 0.006*"4chn" + 0.005*"electricity" + 0.004*"solar" + 0.004*"tesla" + 0.003*"australia" + 0.003*"ledger" + 0.003*"battery" + 0.002*"grid"
2018-08-28 04:11:56,320 : INFO : topic #5 (0.100): 0.013*"die" + 0.005*"req" + 0.005*"contract" + 0.004*"request" + 0.004*"use" + 0.003*"token" + 0.003*"ha" + 0.003*"please" + 0.003*"tell" + 0.003*"oh"
2018-08-28 04:11:56,322 : INFO : topic #3 (0.100): 0.007*"car" + 0.003*"like" + 0.003*"people" + 0.003*"lambo" + 0.003*"money" + 0.002*"one" + 0.002*"eth" + 0.002*"city" + 0.002*"would" + 0.001*"drive"
2018-08-28 04:11:56,324 : INFO : topic #6 (0.100): 0.006*"buy" + 0.005*"coin" + 0.004*"get" + 0.004*"scam" + 0.004*"token" + 0.004*"exchange" + 0.004*"price" + 0.003*"like" + 0.003*"shit" + 0.003*"im"
2018-08-28 04:11:56,325 : INFO : topic #0 (0.100): 0.007*"get" + 0.007*"tether" + 0.006*"like" + 0.006*"people" + 0.006*"crypto" + 0.006*"money" + 0.005*"btc" + 0.005*"would" + 0.005*"tax" + 0.005*"fucking"
2018-08-28 04:11:56,326 : INFO : topic diff=0.005672, rho=0.130189
2018-08-28 04:12:02,401 : INFO : -8.329 per-word bound, 321.6 perplexity estimate based on a held-out corpus of 2653 documents with 1868102 words
2018-08-28 04:12:02,402 : INFO : PROGRESS: pass 58, at document #2653/2653
2018-08-28 04:12:05,256 : INFO : topic #7 (0.100): 0.010*"power" + 0.009*"energy" + 0.006*"4chn" + 0.005*"electricity" + 0.004*"solar" + 0.004*"tesla" + 0.003*"australia" + 0.003*"ledger" + 0.003*"battery" + 0.002*"grid"
2018-08-28 04:12:05,257 : INFO : topic #4 (0.100): 0.020*"link" + 0.007*"token" + 0.006*"like" + 0.006*"coin" + 0.006*"would" + 0.005*"even" + 0.005*"make" + 0.005*"get" + 0.005*"one" + 0.004*"fucking"
2018-08-28 04:12:05,259 : INFO : topic #6 (0.100): 0.006*"buy" + 0.005*"coin" + 0.004*"get" + 0.004*"scam" + 0.004*"token" + 0.004*"exchange" + 0.003*"price" + 0.003*"like" + 0.003*"shit" + 0.003*"im"
2018-08-28 04:12:05,260 : INFO : topic #0 (0.100): 0.007*"get" + 0.007*"tether" + 0.006*"like" + 0.006*"people" + 0.006*"crypto" + 0.006*"money" + 0.005*"btc" + 0.005*"tax" + 0.005*"would" + 0.005*"fucking"
2018-08-28 04:12:05,261 : INFO : topic #1 (0.100): 0.010*"like" + 0.010*"get" + 0.007*"im" + 0.007*"money" + 0.006*"make" + 0.006*"people" + 0.005*"year" + 0.005*"good" + 0.005*"want" + 0.005*"would"
2018-08-28 04:12:05,262 : INFO : topic diff=0.005545, rho=0.129099
2018-08-28 04:12:11,275 : INFO : -8.329 per-word bound, 321.5 perplexity estimate based on a held-out corpus of 2653 documents with 1868102 words
2018-08-28 04:12:11,277 : INFO : PROGRESS: pass 59, at document #2653/2653
2018-08-28 04:12:14,163 : INFO : topic #7 (0.100): 0.011*"power" + 0.009*"energy" + 0.006*"4chn" + 0.005*"electricity" + 0.004*"solar" + 0.004*"tesla" + 0.003*"australia" + 0.003*"ledger" + 0.003*"battery" + 0.002*"grid"
2018-08-28 04:12:14,164 : INFO : topic #1 (0.100): 0.010*"like" + 0.010*"get" + 0.007*"im" + 0.007*"money" + 0.006*"make" + 0.006*"people" + 0.005*"year" + 0.005*"good" + 0.005*"want" + 0.005*"would"
2018-08-28 04:12:14,166 : INFO : topic #6 (0.100): 0.006*"buy" + 0.004*"coin" + 0.004*"scam" + 0.004*"get" + 0.004*"token" + 0.004*"exchange" + 0.003*"price" + 0.003*"like" + 0.003*"shit" + 0.003*"im"
2018-08-28 04:12:14,167 : INFO : topic #9 (0.100): 0.025*"btc" + 0.020*"bitcoin" + 0.019*"bch" + 0.007*"people" + 0.006*"going" + 0.006*"like" + 0.006*"get" + 0.006*"would" + 0.005*"transaction" + 0.005*"time"
2018-08-28 04:12:14,168 : INFO : topic #8 (0.100): 0.011*"buy" + 0.009*"coin" + 0.009*"im" + 0.008*"get" + 0.008*"like" + 0.008*"going" + 0.006*"go" + 0.006*"sell" + 0.006*"fucking" + 0.005*"shit"
2018-08-28 04:12:14,170 : INFO : topic diff=0.005421, rho=0.128037
2018-08-28 04:12:20,236 : INFO : -8.329 per-word bound, 321.5 perplexity estimate based on a held-out corpus of 2653 documents with 1868102 words
2018-08-28 04:12:20,237 : INFO : PROGRESS: pass 60, at document #2653/2653
2018-08-28 04:12:23,125 : INFO : topic #7 (0.100): 0.011*"power" + 0.009*"energy" + 0.006*"4chn" + 0.005*"electricity" + 0.004*"solar" + 0.004*"tesla" + 0.003*"australia" + 0.003*"ledger" + 0.003*"battery" + 0.003*"grid"
2018-08-28 04:12:23,128 : INFO : topic #2 (0.100): 0.024*"iota" + 0.024*"sage" + 0.002*"giota" + 0.002*"tangle" + 0.002*"reclaim" + 0.002*"foundation" + 0.001*"coordinator" + 0.001*"tesla" + 0.001*"refugee" + 0.001*"balance"
2018-08-28 04:12:23,130 : INFO : topic #8 (0.100): 0.011*"buy" + 0.009*"coin" + 0.009*"im" + 0.008*"get" + 0.008*"like" + 0.008*"going" + 0.006*"go" + 0.006*"sell" + 0.006*"fucking" + 0.005*"shit"
2018-08-28 04:12:23,131 : INFO : topic #3 (0.100): 0.007*"car" + 0.003*"like" + 0.003*"people" + 0.003*"lambo" + 0.002*"money" + 0.002*"one" + 0.002*"eth" + 0.002*"city" + 0.001*"would" + 0.001*"drive"
2018-08-28 04:12:23,132 : INFO : topic #1 (0.100): 0.010*"like" + 0.010*"get" + 0.007*"im" + 0.007*"money" + 0.006*"make" + 0.006*"people" + 0.005*"year" + 0.005*"good" + 0.005*"want" + 0.005*"would"
2018-08-28 04:12:23,134 : INFO : topic diff=0.005302, rho=0.127000
2018-08-28 04:12:29,161 : INFO : -8.328 per-word bound, 321.4 perplexity estimate based on a held-out corpus of 2653 documents with 1868102 words
2018-08-28 04:12:29,163 : INFO : PROGRESS: pass 61, at document #2653/2653
2018-08-28 04:12:32,080 : INFO : topic #1 (0.100): 0.010*"like" + 0.010*"get" + 0.007*"im" + 0.007*"money" + 0.006*"make" + 0.006*"people" + 0.005*"year" + 0.005*"good" + 0.005*"want" + 0.005*"would"
2018-08-28 04:12:32,082 : INFO : topic #7 (0.100): 0.011*"power" + 0.009*"energy" + 0.006*"4chn" + 0.005*"electricity" + 0.004*"solar" + 0.004*"tesla" + 0.003*"australia" + 0.003*"ledger" + 0.003*"battery" + 0.003*"grid"
2018-08-28 04:12:32,083 : INFO : topic #5 (0.100): 0.013*"die" + 0.005*"req" + 0.005*"contract" + 0.004*"request" + 0.004*"use" + 0.003*"token" + 0.003*"ha" + 0.003*"please" + 0.003*"oh" + 0.003*"tell"
2018-08-28 04:12:32,084 : INFO : topic #3 (0.100): 0.007*"car" + 0.003*"like" + 0.003*"people" + 0.003*"lambo" + 0.002*"money" + 0.002*"one" + 0.002*"eth" + 0.002*"city" + 0.001*"would" + 0.001*"drive"
2018-08-28 04:12:32,086 : INFO : topic #9 (0.100): 0.025*"btc" + 0.020*"bitcoin" + 0.019*"bch" + 0.007*"people" + 0.006*"going" + 0.006*"like" + 0.006*"get" + 0.006*"would" + 0.005*"transaction" + 0.005*"time"
2018-08-28 04:12:32,087 : INFO : topic diff=0.005179, rho=0.125988
2018-08-28 04:12:38,323 : INFO : -8.328 per-word bound, 321.4 perplexity estimate based on a held-out corpus of 2653 documents with 1868102 words
2018-08-28 04:12:38,325 : INFO : PROGRESS: pass 62, at document #2653/2653
2018-08-28 04:12:41,290 : INFO : topic #9 (0.100): 0.025*"btc" + 0.020*"bitcoin" + 0.019*"bch" + 0.007*"people" + 0.006*"going" + 0.006*"like" + 0.006*"get" + 0.006*"would" + 0.005*"transaction" + 0.005*"time"
2018-08-28 04:12:41,292 : INFO : topic #4 (0.100): 0.020*"link" + 0.007*"token" + 0.006*"like" + 0.006*"coin" + 0.006*"would" + 0.005*"even" + 0.005*"make" + 0.005*"get" + 0.005*"one" + 0.004*"fucking"
2018-08-28 04:12:41,293 : INFO : topic #0 (0.100): 0.007*"get" + 0.007*"tether" + 0.006*"like" + 0.006*"people" + 0.006*"crypto" + 0.006*"money" + 0.005*"btc" + 0.005*"tax" + 0.005*"would" + 0.005*"fucking"
2018-08-28 04:12:41,294 : INFO : topic #7 (0.100): 0.011*"power" + 0.010*"energy" + 0.006*"4chn" + 0.005*"electricity" + 0.004*"solar" + 0.004*"tesla" + 0.003*"australia" + 0.003*"ledger" + 0.003*"battery" + 0.003*"grid"
2018-08-28 04:12:41,296 : INFO : topic #1 (0.100): 0.010*"like" + 0.010*"get" + 0.007*"im" + 0.007*"money" + 0.006*"make" + 0.006*"people" + 0.005*"year" + 0.005*"good" + 0.005*"want" + 0.005*"would"
2018-08-28 04:12:41,297 : INFO : topic diff=0.005062, rho=0.125000
2018-08-28 04:12:47,336 : INFO : -8.328 per-word bound, 321.3 perplexity estimate based on a held-out corpus of 2653 documents with 1868102 words
2018-08-28 04:12:47,338 : INFO : PROGRESS: pass 63, at document #2653/2653
2018-08-28 04:12:50,270 : INFO : topic #1 (0.100): 0.010*"like" + 0.010*"get" + 0.007*"im" + 0.007*"money" + 0.006*"make" + 0.006*"people" + 0.005*"year" + 0.005*"good" + 0.005*"want" + 0.005*"would"
2018-08-28 04:12:50,271 : INFO : topic #2 (0.100): 0.024*"iota" + 0.024*"sage" + 0.002*"giota" + 0.002*"tangle" + 0.002*"reclaim" + 0.002*"foundation" + 0.001*"coordinator" + 0.001*"tesla" + 0.001*"refugee" + 0.001*"balance"
2018-08-28 04:12:50,273 : INFO : topic #7 (0.100): 0.011*"power" + 0.010*"energy" + 0.006*"4chn" + 0.005*"electricity" + 0.004*"solar" + 0.004*"tesla" + 0.003*"australia" + 0.003*"ledger" + 0.003*"battery" + 0.003*"grid"
2018-08-28 04:12:50,274 : INFO : topic #4 (0.100): 0.020*"link" + 0.007*"token" + 0.006*"like" + 0.006*"coin" + 0.006*"would" + 0.005*"even" + 0.005*"make" + 0.005*"get" + 0.005*"one" + 0.004*"fucking"
2018-08-28 04:12:50,276 : INFO : topic #3 (0.100): 0.007*"car" + 0.003*"like" + 0.003*"lambo" + 0.003*"people" + 0.002*"money" + 0.002*"one" + 0.002*"eth" + 0.002*"city" + 0.001*"drive" + 0.001*"would"
2018-08-28 04:12:50,277 : INFO : topic diff=0.004949, rho=0.124035
2018-08-28 04:12:56,296 : INFO : -8.328 per-word bound, 321.3 perplexity estimate based on a held-out corpus of 2653 documents with 1868102 words
2018-08-28 04:12:56,299 : INFO : PROGRESS: pass 64, at document #2653/2653
2018-08-28 04:12:59,463 : INFO : topic #1 (0.100): 0.010*"like" + 0.010*"get" + 0.007*"im" + 0.007*"money" + 0.006*"make" + 0.006*"people" + 0.005*"year" + 0.005*"want" + 0.005*"good" + 0.005*"would"
2018-08-28 04:12:59,466 : INFO : topic #8 (0.100): 0.011*"buy" + 0.009*"coin" + 0.009*"im" + 0.008*"get" + 0.008*"like" + 0.008*"going" + 0.006*"go" + 0.006*"sell" + 0.006*"fucking" + 0.005*"shit"
2018-08-28 04:12:59,467 : INFO : topic #5 (0.100): 0.013*"die" + 0.005*"req" + 0.005*"contract" + 0.004*"request" + 0.004*"use" + 0.003*"ha" + 0.003*"token" + 0.003*"please" + 0.003*"oh" + 0.003*"tell"
2018-08-28 04:12:59,469 : INFO : topic #6 (0.100): 0.005*"buy" + 0.004*"scam" + 0.004*"coin" + 0.004*"get" + 0.004*"token" + 0.004*"exchange" + 0.003*"price" + 0.003*"like" + 0.003*"shit" + 0.003*"market"
2018-08-28 04:12:59,470 : INFO : topic #9 (0.100): 0.025*"btc" + 0.020*"bitcoin" + 0.019*"bch" + 0.007*"people" + 0.006*"going" + 0.006*"like" + 0.006*"get" + 0.006*"would" + 0.005*"transaction" + 0.005*"time"
2018-08-28 04:12:59,471 : INFO : topic diff=0.004839, rho=0.123091
2018-08-28 04:13:05,509 : INFO : -8.327 per-word bound, 321.2 perplexity estimate based on a held-out corpus of 2653 documents with 1868102 words
2018-08-28 04:13:05,511 : INFO : PROGRESS: pass 65, at document #2653/2653
2018-08-28 04:13:08,358 : INFO : topic #4 (0.100): 0.019*"link" + 0.007*"token" + 0.006*"like" + 0.006*"coin" + 0.006*"would" + 0.005*"even" + 0.005*"make" + 0.005*"get" + 0.005*"one" + 0.004*"fucking"
2018-08-28 04:13:08,360 : INFO : topic #1 (0.100): 0.010*"like" + 0.010*"get" + 0.007*"im" + 0.007*"money" + 0.006*"make" + 0.006*"people" + 0.005*"year" + 0.005*"want" + 0.005*"good" + 0.005*"would"
2018-08-28 04:13:08,361 : INFO : topic #5 (0.100): 0.014*"die" + 0.005*"req" + 0.005*"contract" + 0.004*"request" + 0.004*"use" + 0.003*"ha" + 0.003*"please" + 0.003*"token" + 0.003*"oh" + 0.003*"tell"
2018-08-28 04:13:08,362 : INFO : topic #3 (0.100): 0.007*"car" + 0.003*"like" + 0.003*"lambo" + 0.003*"people" + 0.002*"money" + 0.002*"one" + 0.002*"city" + 0.002*"eth" + 0.001*"drive" + 0.001*"would"
2018-08-28 04:13:08,364 : INFO : topic #2 (0.100): 0.024*"iota" + 0.024*"sage" + 0.002*"giota" + 0.002*"tangle" + 0.002*"reclaim" + 0.002*"foundation" + 0.001*"coordinator" + 0.001*"tesla" + 0.001*"refugee" + 0.001*"balance"
2018-08-28 04:13:08,365 : INFO : topic diff=0.004731, rho=0.122169
2018-08-28 04:13:14,451 : INFO : -8.327 per-word bound, 321.2 perplexity estimate based on a held-out corpus of 2653 documents with 1868102 words
2018-08-28 04:13:14,451 : INFO : PROGRESS: pass 66, at document #2653/2653
2018-08-28 04:13:17,345 : INFO : topic #5 (0.100): 0.014*"die" + 0.005*"req" + 0.005*"contract" + 0.004*"request" + 0.004*"use" + 0.003*"ha" + 0.003*"please" + 0.003*"token" + 0.003*"oh" + 0.003*"tell"
2018-08-28 04:13:17,346 : INFO : topic #4 (0.100): 0.019*"link" + 0.008*"token" + 0.006*"like" + 0.006*"coin" + 0.006*"would" + 0.005*"even" + 0.005*"make" + 0.005*"get" + 0.005*"one" + 0.004*"fucking"
2018-08-28 04:13:17,347 : INFO : topic #2 (0.100): 0.024*"iota" + 0.024*"sage" + 0.002*"giota" + 0.002*"tangle" + 0.002*"reclaim" + 0.002*"foundation" + 0.001*"coordinator" + 0.001*"tesla" + 0.001*"refugee" + 0.001*"balance"
2018-08-28 04:13:17,348 : INFO : topic #0 (0.100): 0.007*"get" + 0.007*"tether" + 0.006*"like" + 0.006*"people" + 0.006*"crypto" + 0.006*"money" + 0.005*"btc" + 0.005*"tax" + 0.005*"would" + 0.005*"fucking"
2018-08-28 04:13:17,350 : INFO : topic #6 (0.100): 0.005*"buy" + 0.004*"scam" + 0.004*"coin" + 0.004*"token" + 0.004*"get" + 0.004*"exchange" + 0.003*"price" + 0.003*"like" + 0.003*"shit" + 0.003*"market"
2018-08-28 04:13:17,351 : INFO : topic diff=0.004628, rho=0.121268
2018-08-28 04:13:23,394 : INFO : -8.327 per-word bound, 321.1 perplexity estimate based on a held-out corpus of 2653 documents with 1868102 words
2018-08-28 04:13:23,397 : INFO : PROGRESS: pass 67, at document #2653/2653
2018-08-28 04:13:26,270 : INFO : topic #4 (0.100): 0.019*"link" + 0.008*"token" + 0.006*"like" + 0.006*"coin" + 0.006*"would" + 0.005*"even" + 0.005*"make" + 0.005*"get" + 0.005*"one" + 0.004*"fucking"
2018-08-28 04:13:26,271 : INFO : topic #2 (0.100): 0.024*"iota" + 0.024*"sage" + 0.002*"giota" + 0.002*"tangle" + 0.002*"reclaim" + 0.002*"foundation" + 0.001*"coordinator" + 0.001*"tesla" + 0.001*"refugee" + 0.001*"balance"
2018-08-28 04:13:26,273 : INFO : topic #7 (0.100): 0.011*"power" + 0.010*"energy" + 0.006*"4chn" + 0.005*"electricity" + 0.004*"solar" + 0.004*"tesla" + 0.003*"australia" + 0.003*"ledger" + 0.003*"battery" + 0.003*"grid"
2018-08-28 04:13:26,275 : INFO : topic #5 (0.100): 0.014*"die" + 0.005*"req" + 0.005*"contract" + 0.004*"request" + 0.003*"use" + 0.003*"ha" + 0.003*"please" + 0.003*"token" + 0.003*"oh" + 0.003*"tell"
2018-08-28 04:13:26,276 : INFO : topic #1 (0.100): 0.010*"like" + 0.010*"get" + 0.007*"im" + 0.007*"money" + 0.006*"make" + 0.006*"people" + 0.005*"year" + 0.005*"want" + 0.005*"good" + 0.005*"would"
2018-08-28 04:13:26,278 : INFO : topic diff=0.004531, rho=0.120386
2018-08-28 04:13:32,298 : INFO : -8.327 per-word bound, 321.1 perplexity estimate based on a held-out corpus of 2653 documents with 1868102 words
2018-08-28 04:13:32,298 : INFO : PROGRESS: pass 68, at document #2653/2653
2018-08-28 04:13:35,150 : INFO : topic #1 (0.100): 0.010*"like" + 0.010*"get" + 0.007*"im" + 0.007*"money" + 0.006*"make" + 0.006*"people" + 0.005*"year" + 0.005*"want" + 0.005*"good" + 0.005*"would"
2018-08-28 04:13:35,151 : INFO : topic #5 (0.100): 0.014*"die" + 0.005*"req" + 0.005*"contract" + 0.004*"request" + 0.003*"use" + 0.003*"ha" + 0.003*"please" + 0.003*"token" + 0.003*"oh" + 0.003*"tell"
2018-08-28 04:13:35,153 : INFO : topic #6 (0.100): 0.005*"buy" + 0.004*"scam" + 0.004*"coin" + 0.004*"token" + 0.004*"exchange" + 0.004*"get" + 0.003*"price" + 0.003*"like" + 0.003*"shit" + 0.003*"market"
2018-08-28 04:13:35,155 : INFO : topic #8 (0.100): 0.011*"buy" + 0.009*"coin" + 0.009*"im" + 0.008*"get" + 0.008*"like" + 0.008*"going" + 0.006*"go" + 0.006*"sell" + 0.006*"fucking" + 0.005*"shit"
2018-08-28 04:13:35,156 : INFO : topic #4 (0.100): 0.019*"link" + 0.008*"token" + 0.006*"like" + 0.006*"coin" + 0.006*"would" + 0.005*"even" + 0.005*"make" + 0.005*"get" + 0.005*"one" + 0.004*"project"
2018-08-28 04:13:35,157 : INFO : topic diff=0.004431, rho=0.119523
2018-08-28 04:13:41,104 : INFO : -8.327 per-word bound, 321.0 perplexity estimate based on a held-out corpus of 2653 documents with 1868102 words
2018-08-28 04:13:41,105 : INFO : PROGRESS: pass 69, at document #2653/2653
2018-08-28 04:13:44,012 : INFO : topic #4 (0.100): 0.019*"link" + 0.008*"token" + 0.006*"like" + 0.006*"coin" + 0.006*"would" + 0.005*"even" + 0.005*"make" + 0.005*"get" + 0.005*"one" + 0.004*"project"
2018-08-28 04:13:44,014 : INFO : topic #6 (0.100): 0.005*"buy" + 0.004*"scam" + 0.004*"coin" + 0.004*"token" + 0.004*"exchange" + 0.004*"get" + 0.003*"price" + 0.003*"like" + 0.003*"shit" + 0.003*"market"
2018-08-28 04:13:44,015 : INFO : topic #8 (0.100): 0.011*"buy" + 0.009*"coin" + 0.009*"im" + 0.008*"get" + 0.008*"like" + 0.008*"going" + 0.006*"go" + 0.006*"sell" + 0.006*"fucking" + 0.005*"shit"
2018-08-28 04:13:44,017 : INFO : topic #1 (0.100): 0.010*"like" + 0.010*"get" + 0.007*"im" + 0.007*"money" + 0.006*"make" + 0.006*"people" + 0.005*"year" + 0.005*"want" + 0.005*"good" + 0.005*"would"
2018-08-28 04:13:44,018 : INFO : topic #9 (0.100): 0.025*"btc" + 0.020*"bitcoin" + 0.019*"bch" + 0.007*"people" + 0.006*"like" + 0.006*"going" + 0.006*"would" + 0.006*"get" + 0.005*"transaction" + 0.005*"time"
2018-08-28 04:13:44,019 : INFO : topic diff=0.004343, rho=0.118678
2018-08-28 04:13:50,021 : INFO : -8.326 per-word bound, 321.0 perplexity estimate based on a held-out corpus of 2653 documents with 1868102 words
2018-08-28 04:13:50,021 : INFO : PROGRESS: pass 70, at document #2653/2653
2018-08-28 04:13:52,904 : INFO : topic #8 (0.100): 0.011*"buy" + 0.009*"coin" + 0.009*"im" + 0.008*"get" + 0.008*"like" + 0.008*"going" + 0.006*"go" + 0.006*"sell" + 0.006*"fucking" + 0.005*"shit"
2018-08-28 04:13:52,908 : INFO : topic #6 (0.100): 0.005*"buy" + 0.005*"scam" + 0.004*"coin" + 0.004*"token" + 0.004*"exchange" + 0.003*"get" + 0.003*"price" + 0.003*"like" + 0.003*"shit" + 0.003*"market"
2018-08-28 04:13:52,909 : INFO : topic #9 (0.100): 0.025*"btc" + 0.020*"bitcoin" + 0.019*"bch" + 0.007*"people" + 0.006*"like" + 0.006*"going" + 0.006*"would" + 0.006*"get" + 0.005*"transaction" + 0.005*"time"
2018-08-28 04:13:52,910 : INFO : topic #2 (0.100): 0.024*"iota" + 0.024*"sage" + 0.002*"giota" + 0.002*"tangle" + 0.002*"reclaim" + 0.002*"foundation" + 0.001*"coordinator" + 0.001*"tesla" + 0.001*"refugee" + 0.001*"balance"
2018-08-28 04:13:52,911 : INFO : topic #3 (0.100): 0.007*"car" + 0.003*"lambo" + 0.002*"like" + 0.002*"people" + 0.002*"money" + 0.002*"one" + 0.002*"city" + 0.001*"eth" + 0.001*"drive" + 0.001*"electric"
2018-08-28 04:13:52,913 : INFO : topic diff=0.004254, rho=0.117851
2018-08-28 04:13:58,965 : INFO : -8.326 per-word bound, 321.0 perplexity estimate based on a held-out corpus of 2653 documents with 1868102 words
2018-08-28 04:13:58,965 : INFO : PROGRESS: pass 71, at document #2653/2653
2018-08-28 04:14:01,814 : INFO : topic #9 (0.100): 0.025*"btc" + 0.020*"bitcoin" + 0.019*"bch" + 0.007*"people" + 0.006*"like" + 0.006*"going" + 0.006*"would" + 0.006*"get" + 0.005*"transaction" + 0.005*"time"
2018-08-28 04:14:01,815 : INFO : topic #0 (0.100): 0.007*"get" + 0.007*"tether" + 0.006*"like" + 0.006*"crypto" + 0.006*"people" + 0.006*"money" + 0.005*"btc" + 0.005*"tax" + 0.005*"would" + 0.005*"fucking"
2018-08-28 04:14:01,817 : INFO : topic #3 (0.100): 0.007*"car" + 0.003*"lambo" + 0.002*"like" + 0.002*"people" + 0.002*"money" + 0.002*"one" + 0.002*"city" + 0.001*"eth" + 0.001*"drive" + 0.001*"electric"
2018-08-28 04:14:01,819 : INFO : topic #7 (0.100): 0.011*"power" + 0.010*"energy" + 0.006*"4chn" + 0.005*"electricity" + 0.004*"solar" + 0.004*"tesla" + 0.003*"australia" + 0.003*"ledger" + 0.003*"battery" + 0.003*"grid"
2018-08-28 04:14:01,819 : INFO : topic #4 (0.100): 0.019*"link" + 0.008*"token" + 0.006*"like" + 0.006*"coin" + 0.006*"would" + 0.005*"even" + 0.005*"make" + 0.005*"get" + 0.005*"one" + 0.004*"project"
2018-08-28 04:14:01,821 : INFO : topic diff=0.004168, rho=0.117041
2018-08-28 04:14:07,847 : INFO : -8.326 per-word bound, 320.9 perplexity estimate based on a held-out corpus of 2653 documents with 1868102 words
2018-08-28 04:14:07,848 : INFO : PROGRESS: pass 72, at document #2653/2653
2018-08-28 04:14:10,701 : INFO : topic #2 (0.100): 0.024*"iota" + 0.024*"sage" + 0.002*"giota" + 0.002*"tangle" + 0.002*"reclaim" + 0.002*"foundation" + 0.001*"coordinator" + 0.001*"tesla" + 0.001*"refugee" + 0.001*"balance"
2018-08-28 04:14:10,703 : INFO : topic #6 (0.100): 0.005*"buy" + 0.005*"scam" + 0.004*"coin" + 0.004*"exchange" + 0.004*"token" + 0.003*"get" + 0.003*"price" + 0.003*"like" + 0.003*"shit" + 0.002*"nuls"
2018-08-28 04:14:10,704 : INFO : topic #3 (0.100): 0.007*"car" + 0.003*"lambo" + 0.002*"like" + 0.002*"people" + 0.002*"money" + 0.002*"city" + 0.002*"one" + 0.001*"eth" + 0.001*"drive" + 0.001*"electric"
2018-08-28 04:14:10,705 : INFO : topic #9 (0.100): 0.025*"btc" + 0.020*"bitcoin" + 0.019*"bch" + 0.007*"people" + 0.006*"like" + 0.006*"going" + 0.006*"would" + 0.006*"get" + 0.005*"transaction" + 0.005*"time"
2018-08-28 04:14:10,707 : INFO : topic #7 (0.100): 0.011*"power" + 0.010*"energy" + 0.006*"4chn" + 0.005*"electricity" + 0.004*"solar" + 0.004*"tesla" + 0.003*"australia" + 0.003*"ledger" + 0.003*"battery" + 0.003*"grid"
2018-08-28 04:14:10,708 : INFO : topic diff=0.004082, rho=0.116248
2018-08-28 04:14:16,774 : INFO : -8.326 per-word bound, 320.9 perplexity estimate based on a held-out corpus of 2653 documents with 1868102 words
2018-08-28 04:14:16,776 : INFO : PROGRESS: pass 73, at document #2653/2653
2018-08-28 04:14:19,649 : INFO : topic #1 (0.100): 0.010*"like" + 0.010*"get" + 0.007*"im" + 0.007*"money" + 0.006*"make" + 0.006*"people" + 0.005*"year" + 0.005*"want" + 0.005*"good" + 0.005*"would"
2018-08-28 04:14:19,651 : INFO : topic #6 (0.100): 0.005*"buy" + 0.005*"scam" + 0.004*"coin" + 0.004*"exchange" + 0.004*"token" + 0.003*"get" + 0.003*"price" + 0.003*"like" + 0.003*"shit" + 0.003*"nuls"
2018-08-28 04:14:19,652 : INFO : topic #7 (0.100): 0.011*"power" + 0.010*"energy" + 0.006*"4chn" + 0.005*"electricity" + 0.004*"solar" + 0.004*"tesla" + 0.003*"australia" + 0.003*"ledger" + 0.003*"battery" + 0.003*"grid"
2018-08-28 04:14:19,654 : INFO : topic #2 (0.100): 0.024*"iota" + 0.024*"sage" + 0.002*"giota" + 0.002*"tangle" + 0.002*"reclaim" + 0.002*"foundation" + 0.001*"coordinator" + 0.001*"tesla" + 0.001*"refugee" + 0.001*"balance"
2018-08-28 04:14:19,655 : INFO : topic #3 (0.100): 0.007*"car" + 0.003*"lambo" + 0.002*"like" + 0.002*"people" + 0.002*"money" + 0.002*"city" + 0.002*"one" + 0.001*"eth" + 0.001*"drive" + 0.001*"asset"
2018-08-28 04:14:19,657 : INFO : topic diff=0.003999, rho=0.115470
2018-08-28 04:14:25,699 : INFO : -8.326 per-word bound, 320.8 perplexity estimate based on a held-out corpus of 2653 documents with 1868102 words
2018-08-28 04:14:25,700 : INFO : PROGRESS: pass 74, at document #2653/2653
2018-08-28 04:14:28,595 : INFO : topic #6 (0.100): 0.005*"buy" + 0.005*"scam" + 0.004*"coin" + 0.004*"exchange" + 0.004*"token" + 0.003*"get" + 0.003*"price" + 0.003*"like" + 0.003*"nuls" + 0.002*"shit"
2018-08-28 04:14:28,596 : INFO : topic #5 (0.100): 0.014*"die" + 0.005*"req" + 0.005*"contract" + 0.004*"request" + 0.003*"ha" + 0.003*"use" + 0.003*"please" + 0.003*"oh" + 0.003*"bat" + 0.003*"tell"
2018-08-28 04:14:28,598 : INFO : topic #8 (0.100): 0.011*"buy" + 0.009*"coin" + 0.009*"im" + 0.008*"get" + 0.008*"like" + 0.008*"going" + 0.006*"go" + 0.006*"sell" + 0.006*"fucking" + 0.005*"shit"
2018-08-28 04:14:28,599 : INFO : topic #4 (0.100): 0.019*"link" + 0.008*"token" + 0.006*"like" + 0.006*"coin" + 0.006*"would" + 0.005*"even" + 0.005*"make" + 0.005*"get" + 0.005*"one" + 0.004*"project"
2018-08-28 04:14:28,600 : INFO : topic #3 (0.100): 0.007*"car" + 0.003*"lambo" + 0.002*"like" + 0.002*"people" + 0.002*"city" + 0.002*"money" + 0.002*"one" + 0.001*"eth" + 0.001*"drive" + 0.001*"asset"
2018-08-28 04:14:28,601 : INFO : topic diff=0.003922, rho=0.114708
2018-08-28 04:14:34,557 : INFO : -8.326 per-word bound, 320.8 perplexity estimate based on a held-out corpus of 2653 documents with 1868102 words
2018-08-28 04:14:34,558 : INFO : PROGRESS: pass 75, at document #2653/2653
2018-08-28 04:14:37,365 : INFO : topic #4 (0.100): 0.019*"link" + 0.008*"token" + 0.006*"like" + 0.006*"coin" + 0.006*"would" + 0.005*"even" + 0.005*"make" + 0.005*"get" + 0.005*"one" + 0.004*"project"
2018-08-28 04:14:37,367 : INFO : topic #7 (0.100): 0.011*"power" + 0.010*"energy" + 0.006*"4chn" + 0.006*"electricity" + 0.004*"solar" + 0.004*"tesla" + 0.003*"australia" + 0.003*"ledger" + 0.003*"battery" + 0.003*"grid"
2018-08-28 04:14:37,369 : INFO : topic #6 (0.100): 0.005*"scam" + 0.005*"buy" + 0.004*"coin" + 0.004*"exchange" + 0.004*"token" + 0.003*"get" + 0.003*"price" + 0.003*"like" + 0.003*"nuls" + 0.002*"shit"
2018-08-28 04:14:37,369 : INFO : topic #0 (0.100): 0.007*"get" + 0.007*"tether" + 0.006*"like" + 0.006*"crypto" + 0.006*"people" + 0.006*"money" + 0.005*"btc" + 0.005*"tax" + 0.005*"would" + 0.005*"fucking"
2018-08-28 04:14:37,371 : INFO : topic #2 (0.100): 0.024*"iota" + 0.024*"sage" + 0.002*"giota" + 0.002*"tangle" + 0.002*"reclaim" + 0.002*"foundation" + 0.001*"coordinator" + 0.001*"tesla" + 0.001*"refugee" + 0.001*"balance"
2018-08-28 04:14:37,372 : INFO : topic diff=0.003848, rho=0.113961
2018-08-28 04:14:43,352 : INFO : -8.325 per-word bound, 320.8 perplexity estimate based on a held-out corpus of 2653 documents with 1868102 words
2018-08-28 04:14:43,353 : INFO : PROGRESS: pass 76, at document #2653/2653
2018-08-28 04:14:46,243 : INFO : topic #8 (0.100): 0.011*"buy" + 0.009*"coin" + 0.009*"im" + 0.008*"get" + 0.008*"like" + 0.008*"going" + 0.006*"go" + 0.006*"sell" + 0.006*"fucking" + 0.005*"shit"
2018-08-28 04:14:46,245 : INFO : topic #1 (0.100): 0.010*"like" + 0.010*"get" + 0.007*"im" + 0.007*"money" + 0.006*"make" + 0.006*"people" + 0.005*"year" + 0.005*"want" + 0.005*"good" + 0.005*"would"
2018-08-28 04:14:46,247 : INFO : topic #5 (0.100): 0.014*"die" + 0.005*"req" + 0.005*"contract" + 0.004*"request" + 0.003*"ha" + 0.003*"use" + 0.003*"please" + 0.003*"oh" + 0.003*"bitbay" + 0.003*"bat"
2018-08-28 04:14:46,249 : INFO : topic #3 (0.100): 0.007*"car" + 0.003*"lambo" + 0.002*"like" + 0.002*"people" + 0.002*"city" + 0.002*"money" + 0.002*"one" + 0.001*"eth" + 0.001*"drive" + 0.001*"asset"
2018-08-28 04:14:46,250 : INFO : topic #4 (0.100): 0.019*"link" + 0.008*"token" + 0.006*"like" + 0.006*"coin" + 0.006*"would" + 0.005*"even" + 0.005*"make" + 0.005*"get" + 0.005*"one" + 0.004*"project"
2018-08-28 04:14:46,251 : INFO : topic diff=0.003771, rho=0.113228
2018-08-28 04:14:52,224 : INFO : -8.325 per-word bound, 320.7 perplexity estimate based on a held-out corpus of 2653 documents with 1868102 words
2018-08-28 04:14:52,225 : INFO : PROGRESS: pass 77, at document #2653/2653
2018-08-28 04:14:55,094 : INFO : topic #3 (0.100): 0.007*"car" + 0.003*"lambo" + 0.002*"like" + 0.002*"people" + 0.002*"city" + 0.002*"money" + 0.002*"one" + 0.001*"eth" + 0.001*"drive" + 0.001*"asset"
2018-08-28 04:14:55,097 : INFO : topic #4 (0.100): 0.019*"link" + 0.008*"token" + 0.006*"like" + 0.006*"coin" + 0.006*"would" + 0.005*"even" + 0.005*"make" + 0.005*"get" + 0.005*"one" + 0.005*"project"
2018-08-28 04:14:55,099 : INFO : topic #8 (0.100): 0.011*"buy" + 0.009*"coin" + 0.009*"im" + 0.008*"get" + 0.008*"like" + 0.008*"going" + 0.006*"go" + 0.006*"sell" + 0.006*"fucking" + 0.005*"shit"
2018-08-28 04:14:55,100 : INFO : topic #9 (0.100): 0.025*"btc" + 0.020*"bitcoin" + 0.019*"bch" + 0.007*"people" + 0.006*"like" + 0.006*"going" + 0.006*"would" + 0.006*"get" + 0.005*"transaction" + 0.005*"time"
2018-08-28 04:14:55,101 : INFO : topic #0 (0.100): 0.007*"get" + 0.007*"tether" + 0.006*"like" + 0.006*"crypto" + 0.006*"people" + 0.006*"money" + 0.005*"btc" + 0.005*"tax" + 0.005*"would" + 0.005*"fucking"
2018-08-28 04:14:55,102 : INFO : topic diff=0.003702, rho=0.112509
2018-08-28 04:15:01,165 : INFO : -8.325 per-word bound, 320.7 perplexity estimate based on a held-out corpus of 2653 documents with 1868102 words
2018-08-28 04:15:01,165 : INFO : PROGRESS: pass 78, at document #2653/2653
2018-08-28 04:15:04,038 : INFO : topic #4 (0.100): 0.019*"link" + 0.008*"token" + 0.006*"like" + 0.006*"coin" + 0.006*"would" + 0.005*"even" + 0.005*"make" + 0.005*"get" + 0.005*"one" + 0.005*"project"
2018-08-28 04:15:04,040 : INFO : topic #5 (0.100): 0.015*"die" + 0.005*"req" + 0.005*"contract" + 0.004*"request" + 0.003*"ha" + 0.003*"please" + 0.003*"use" + 0.003*"oh" + 0.003*"bitbay" + 0.003*"bat"
2018-08-28 04:15:04,041 : INFO : topic #6 (0.100): 0.005*"scam" + 0.005*"buy" + 0.004*"exchange" + 0.003*"token" + 0.003*"coin" + 0.003*"get" + 0.003*"price" + 0.003*"nuls" + 0.002*"ico" + 0.002*"like"
2018-08-28 04:15:04,043 : INFO : topic #3 (0.100): 0.007*"car" + 0.003*"lambo" + 0.002*"like" + 0.002*"people" + 0.002*"city" + 0.002*"money" + 0.001*"one" + 0.001*"drive" + 0.001*"eth" + 0.001*"asset"
2018-08-28 04:15:04,045 : INFO : topic #7 (0.100): 0.011*"power" + 0.010*"energy" + 0.006*"4chn" + 0.006*"electricity" + 0.005*"solar" + 0.004*"tesla" + 0.003*"australia" + 0.003*"ledger" + 0.003*"powr" + 0.003*"grid"
2018-08-28 04:15:04,046 : INFO : topic diff=0.003631, rho=0.111803
2018-08-28 04:15:10,056 : INFO : -8.325 per-word bound, 320.6 perplexity estimate based on a held-out corpus of 2653 documents with 1868102 words
2018-08-28 04:15:10,057 : INFO : PROGRESS: pass 79, at document #2653/2653
2018-08-28 04:15:12,965 : INFO : topic #6 (0.100): 0.005*"scam" + 0.004*"buy" + 0.004*"exchange" + 0.003*"token" + 0.003*"coin" + 0.003*"get" + 0.003*"price" + 0.003*"nuls" + 0.002*"ico" + 0.002*"like"
2018-08-28 04:15:12,966 : INFO : topic #5 (0.100): 0.015*"die" + 0.005*"req" + 0.005*"contract" + 0.004*"request" + 0.003*"ha" + 0.003*"please" + 0.003*"use" + 0.003*"bitbay" + 0.003*"oh" + 0.003*"bat"
2018-08-28 04:15:12,967 : INFO : topic #0 (0.100): 0.007*"get" + 0.007*"tether" + 0.006*"like" + 0.006*"crypto" + 0.006*"people" + 0.006*"money" + 0.005*"tax" + 0.005*"btc" + 0.005*"would" + 0.005*"fucking"
2018-08-28 04:15:12,968 : INFO : topic #4 (0.100): 0.019*"link" + 0.008*"token" + 0.006*"like" + 0.006*"coin" + 0.006*"would" + 0.005*"even" + 0.005*"make" + 0.005*"get" + 0.005*"one" + 0.005*"project"
2018-08-28 04:15:12,970 : INFO : topic #7 (0.100): 0.011*"power" + 0.010*"energy" + 0.006*"4chn" + 0.006*"electricity" + 0.005*"solar" + 0.004*"tesla" + 0.003*"australia" + 0.003*"ledger" + 0.003*"powr" + 0.003*"grid"
2018-08-28 04:15:12,971 : INFO : topic diff=0.003561, rho=0.111111
2018-08-28 04:15:19,048 : INFO : -8.325 per-word bound, 320.6 perplexity estimate based on a held-out corpus of 2653 documents with 1868102 words
2018-08-28 04:15:19,048 : INFO : PROGRESS: pass 80, at document #2653/2653
2018-08-28 04:15:21,912 : INFO : topic #9 (0.100): 0.025*"btc" + 0.020*"bitcoin" + 0.019*"bch" + 0.007*"people" + 0.006*"like" + 0.006*"going" + 0.006*"would" + 0.006*"get" + 0.005*"transaction" + 0.005*"time"
2018-08-28 04:15:21,915 : INFO : topic #2 (0.100): 0.024*"iota" + 0.024*"sage" + 0.002*"giota" + 0.002*"tangle" + 0.002*"reclaim" + 0.002*"foundation" + 0.001*"coordinator" + 0.001*"tesla" + 0.001*"refugee" + 0.001*"balance"
2018-08-28 04:15:21,916 : INFO : topic #6 (0.100): 0.005*"scam" + 0.004*"buy" + 0.004*"exchange" + 0.003*"token" + 0.003*"coin" + 0.003*"get" + 0.003*"price" + 0.003*"nuls" + 0.002*"ico" + 0.002*"like"
2018-08-28 04:15:21,918 : INFO : topic #7 (0.100): 0.012*"power" + 0.011*"energy" + 0.006*"4chn" + 0.006*"electricity" + 0.005*"solar" + 0.004*"tesla" + 0.003*"australia" + 0.003*"ledger" + 0.003*"powr" + 0.003*"grid"
2018-08-28 04:15:21,919 : INFO : topic #3 (0.100): 0.006*"car" + 0.003*"lambo" + 0.002*"like" + 0.002*"people" + 0.002*"city" + 0.001*"money" + 0.001*"one" + 0.001*"drive" + 0.001*"eth" + 0.001*"asset"
2018-08-28 04:15:21,921 : INFO : topic diff=0.003493, rho=0.110432
2018-08-28 04:15:28,003 : INFO : -8.325 per-word bound, 320.6 perplexity estimate based on a held-out corpus of 2653 documents with 1868102 words
2018-08-28 04:15:28,005 : INFO : PROGRESS: pass 81, at document #2653/2653
2018-08-28 04:15:30,887 : INFO : topic #3 (0.100): 0.006*"car" + 0.003*"lambo" + 0.002*"like" + 0.002*"people" + 0.002*"city" + 0.001*"money" + 0.001*"one" + 0.001*"drive" + 0.001*"eth" + 0.001*"asset"
2018-08-28 04:15:30,889 : INFO : topic #7 (0.100): 0.012*"power" + 0.011*"energy" + 0.006*"4chn" + 0.006*"electricity" + 0.005*"solar" + 0.004*"tesla" + 0.003*"australia" + 0.003*"ledger" + 0.003*"powr" + 0.003*"grid"
2018-08-28 04:15:30,890 : INFO : topic #4 (0.100): 0.019*"link" + 0.008*"token" + 0.006*"like" + 0.006*"coin" + 0.006*"would" + 0.005*"even" + 0.005*"make" + 0.005*"get" + 0.005*"one" + 0.005*"project"
2018-08-28 04:15:30,891 : INFO : topic #0 (0.100): 0.007*"tether" + 0.007*"get" + 0.006*"like" + 0.006*"crypto" + 0.006*"people" + 0.006*"money" + 0.005*"tax" + 0.005*"btc" + 0.005*"would" + 0.005*"fucking"
2018-08-28 04:15:30,893 : INFO : topic #8 (0.100): 0.011*"buy" + 0.009*"coin" + 0.009*"im" + 0.008*"get" + 0.008*"like" + 0.008*"going" + 0.006*"go" + 0.006*"sell" + 0.006*"fucking" + 0.005*"shit"
2018-08-28 04:15:30,894 : INFO : topic diff=0.003429, rho=0.109764
2018-08-28 04:15:36,863 : INFO : -8.324 per-word bound, 320.5 perplexity estimate based on a held-out corpus of 2653 documents with 1868102 words
2018-08-28 04:15:36,864 : INFO : PROGRESS: pass 82, at document #2653/2653
2018-08-28 04:15:39,773 : INFO : topic #9 (0.100): 0.025*"btc" + 0.020*"bitcoin" + 0.019*"bch" + 0.007*"people" + 0.006*"like" + 0.006*"going" + 0.006*"would" + 0.006*"get" + 0.005*"transaction" + 0.005*"time"
2018-08-28 04:15:39,775 : INFO : topic #7 (0.100): 0.012*"power" + 0.011*"energy" + 0.006*"4chn" + 0.006*"electricity" + 0.005*"solar" + 0.004*"tesla" + 0.003*"australia" + 0.003*"ledger" + 0.003*"powr" + 0.003*"grid"
2018-08-28 04:15:39,776 : INFO : topic #6 (0.100): 0.005*"scam" + 0.004*"buy" + 0.004*"exchange" + 0.003*"token" + 0.003*"coin" + 0.003*"get" + 0.003*"price" + 0.003*"nuls" + 0.002*"ico" + 0.002*"salt"
2018-08-28 04:15:39,777 : INFO : topic #5 (0.100): 0.015*"die" + 0.005*"req" + 0.005*"contract" + 0.004*"request" + 0.003*"ha" + 0.003*"please" + 0.003*"use" + 0.003*"bitbay" + 0.003*"oh" + 0.003*"bat"
2018-08-28 04:15:39,778 : INFO : topic #1 (0.100): 0.010*"like" + 0.010*"get" + 0.007*"im" + 0.007*"money" + 0.006*"make" + 0.006*"people" + 0.005*"year" + 0.005*"want" + 0.005*"good" + 0.005*"would"
2018-08-28 04:15:39,780 : INFO : topic diff=0.003371, rho=0.109109
2018-08-28 04:15:45,761 : INFO : -8.324 per-word bound, 320.5 perplexity estimate based on a held-out corpus of 2653 documents with 1868102 words
2018-08-28 04:15:45,761 : INFO : PROGRESS: pass 83, at document #2653/2653
2018-08-28 04:15:48,663 : INFO : topic #2 (0.100): 0.024*"iota" + 0.024*"sage" + 0.002*"giota" + 0.002*"tangle" + 0.002*"reclaim" + 0.002*"foundation" + 0.001*"coordinator" + 0.001*"tesla" + 0.001*"refugee" + 0.001*"balance"
2018-08-28 04:15:48,665 : INFO : topic #5 (0.100): 0.015*"die" + 0.005*"req" + 0.005*"contract" + 0.004*"request" + 0.003*"ha" + 0.003*"please" + 0.003*"bitbay" + 0.003*"use" + 0.003*"oh" + 0.003*"bat"
2018-08-28 04:15:48,666 : INFO : topic #7 (0.100): 0.012*"power" + 0.011*"energy" + 0.006*"4chn" + 0.006*"electricity" + 0.005*"solar" + 0.004*"tesla" + 0.003*"australia" + 0.003*"ledger" + 0.003*"powr" + 0.003*"grid"
2018-08-28 04:15:48,667 : INFO : topic #0 (0.100): 0.007*"tether" + 0.007*"get" + 0.006*"like" + 0.006*"crypto" + 0.006*"people" + 0.006*"money" + 0.006*"tax" + 0.005*"btc" + 0.005*"would" + 0.005*"fucking"
2018-08-28 04:15:48,669 : INFO : topic #8 (0.100): 0.011*"buy" + 0.009*"coin" + 0.009*"im" + 0.008*"get" + 0.008*"like" + 0.008*"going" + 0.006*"go" + 0.006*"sell" + 0.006*"fucking" + 0.005*"shit"
2018-08-28 04:15:48,670 : INFO : topic diff=0.003311, rho=0.108465
2018-08-28 04:15:54,694 : INFO : -8.324 per-word bound, 320.5 perplexity estimate based on a held-out corpus of 2653 documents with 1868102 words
2018-08-28 04:15:54,694 : INFO : PROGRESS: pass 84, at document #2653/2653
2018-08-28 04:15:57,584 : INFO : topic #5 (0.100): 0.015*"die" + 0.005*"req" + 0.005*"contract" + 0.004*"request" + 0.003*"ha" + 0.003*"please" + 0.003*"bitbay" + 0.003*"bat" + 0.003*"oh" + 0.003*"use"
2018-08-28 04:15:57,586 : INFO : topic #7 (0.100): 0.012*"power" + 0.011*"energy" + 0.006*"4chn" + 0.006*"electricity" + 0.005*"solar" + 0.004*"tesla" + 0.003*"australia" + 0.003*"ledger" + 0.003*"powr" + 0.003*"grid"
2018-08-28 04:15:57,587 : INFO : topic #0 (0.100): 0.007*"tether" + 0.007*"get" + 0.006*"like" + 0.006*"crypto" + 0.006*"people" + 0.006*"money" + 0.006*"tax" + 0.005*"btc" + 0.005*"would" + 0.005*"fucking"
2018-08-28 04:15:57,588 : INFO : topic #4 (0.100): 0.019*"link" + 0.008*"token" + 0.006*"like" + 0.006*"coin" + 0.006*"would" + 0.005*"even" + 0.005*"make" + 0.005*"get" + 0.005*"one" + 0.005*"project"
2018-08-28 04:15:57,589 : INFO : topic #8 (0.100): 0.011*"buy" + 0.009*"coin" + 0.009*"im" + 0.008*"get" + 0.008*"like" + 0.008*"going" + 0.006*"go" + 0.006*"sell" + 0.006*"fucking" + 0.005*"shit"
2018-08-28 04:15:57,591 : INFO : topic diff=0.003248, rho=0.107833
2018-08-28 04:16:03,601 : INFO : -8.324 per-word bound, 320.4 perplexity estimate based on a held-out corpus of 2653 documents with 1868102 words
2018-08-28 04:16:03,601 : INFO : PROGRESS: pass 85, at document #2653/2653
2018-08-28 04:16:06,458 : INFO : topic #1 (0.100): 0.010*"like" + 0.010*"get" + 0.007*"im" + 0.007*"money" + 0.006*"make" + 0.006*"people" + 0.005*"year" + 0.005*"want" + 0.005*"good" + 0.005*"would"
2018-08-28 04:16:06,460 : INFO : topic #5 (0.100): 0.015*"die" + 0.005*"req" + 0.005*"contract" + 0.004*"request" + 0.003*"ha" + 0.003*"please" + 0.003*"bitbay" + 0.003*"bat" + 0.003*"oh" + 0.003*"tell"
2018-08-28 04:16:06,462 : INFO : topic #7 (0.100): 0.012*"power" + 0.011*"energy" + 0.006*"4chn" + 0.006*"electricity" + 0.005*"solar" + 0.004*"tesla" + 0.003*"australia" + 0.003*"ledger" + 0.003*"powr" + 0.003*"grid"
2018-08-28 04:16:06,463 : INFO : topic #0 (0.100): 0.007*"tether" + 0.007*"get" + 0.006*"like" + 0.006*"crypto" + 0.006*"people" + 0.006*"money" + 0.006*"tax" + 0.005*"btc" + 0.005*"would" + 0.005*"fucking"
2018-08-28 04:16:06,464 : INFO : topic #4 (0.100): 0.019*"link" + 0.008*"token" + 0.006*"like" + 0.006*"coin" + 0.006*"would" + 0.005*"even" + 0.005*"make" + 0.005*"get" + 0.005*"one" + 0.005*"project"
2018-08-28 04:16:06,465 : INFO : topic diff=0.003192, rho=0.107211
2018-08-28 04:16:12,463 : INFO : -8.324 per-word bound, 320.4 perplexity estimate based on a held-out corpus of 2653 documents with 1868102 words
2018-08-28 04:16:12,463 : INFO : PROGRESS: pass 86, at document #2653/2653
2018-08-28 04:16:15,353 : INFO : topic #9 (0.100): 0.025*"btc" + 0.020*"bitcoin" + 0.019*"bch" + 0.007*"people" + 0.006*"like" + 0.006*"going" + 0.006*"would" + 0.006*"get" + 0.005*"transaction" + 0.005*"time"
2018-08-28 04:16:15,354 : INFO : topic #7 (0.100): 0.012*"power" + 0.011*"energy" + 0.006*"4chn" + 0.006*"electricity" + 0.005*"solar" + 0.004*"tesla" + 0.003*"australia" + 0.003*"ledger" + 0.003*"powr" + 0.003*"grid"
2018-08-28 04:16:15,356 : INFO : topic #3 (0.100): 0.006*"car" + 0.003*"lambo" + 0.002*"city" + 0.002*"like" + 0.002*"people" + 0.001*"money" + 0.001*"drive" + 0.001*"one" + 0.001*"asset" + 0.001*"electric"
2018-08-28 04:16:15,357 : INFO : topic #4 (0.100): 0.019*"link" + 0.008*"token" + 0.006*"like" + 0.006*"coin" + 0.006*"would" + 0.005*"even" + 0.005*"make" + 0.005*"get" + 0.005*"one" + 0.005*"project"
2018-08-28 04:16:15,358 : INFO : topic #2 (0.100): 0.024*"iota" + 0.024*"sage" + 0.002*"giota" + 0.002*"tangle" + 0.002*"reclaim" + 0.002*"foundation" + 0.001*"coordinator" + 0.001*"tesla" + 0.001*"refugee" + 0.001*"balance"
2018-08-28 04:16:15,360 : INFO : topic diff=0.003135, rho=0.106600
2018-08-28 04:16:21,382 : INFO : -8.324 per-word bound, 320.4 perplexity estimate based on a held-out corpus of 2653 documents with 1868102 words
2018-08-28 04:16:21,383 : INFO : PROGRESS: pass 87, at document #2653/2653
2018-08-28 04:16:24,284 : INFO : topic #7 (0.100): 0.012*"power" + 0.011*"energy" + 0.006*"4chn" + 0.006*"electricity" + 0.005*"solar" + 0.004*"tesla" + 0.003*"australia" + 0.003*"ledger" + 0.003*"powr" + 0.003*"grid"
2018-08-28 04:16:24,286 : INFO : topic #0 (0.100): 0.007*"tether" + 0.007*"get" + 0.006*"like" + 0.006*"crypto" + 0.006*"people" + 0.006*"money" + 0.006*"tax" + 0.005*"btc" + 0.005*"would" + 0.005*"fucking"
2018-08-28 04:16:24,287 : INFO : topic #9 (0.100): 0.025*"btc" + 0.020*"bitcoin" + 0.019*"bch" + 0.007*"people" + 0.006*"like" + 0.006*"going" + 0.006*"would" + 0.006*"get" + 0.005*"transaction" + 0.005*"time"
2018-08-28 04:16:24,288 : INFO : topic #3 (0.100): 0.006*"car" + 0.003*"lambo" + 0.002*"city" + 0.001*"like" + 0.001*"people" + 0.001*"money" + 0.001*"drive" + 0.001*"one" + 0.001*"asset" + 0.001*"electric"
2018-08-28 04:16:24,289 : INFO : topic #4 (0.100): 0.019*"link" + 0.008*"token" + 0.006*"like" + 0.006*"coin" + 0.006*"would" + 0.005*"even" + 0.005*"make" + 0.005*"get" + 0.005*"one" + 0.005*"project"
2018-08-28 04:16:24,291 : INFO : topic diff=0.003080, rho=0.106000
2018-08-28 04:16:30,322 : INFO : -8.323 per-word bound, 320.3 perplexity estimate based on a held-out corpus of 2653 documents with 1868102 words
2018-08-28 04:16:30,323 : INFO : PROGRESS: pass 88, at document #2653/2653
2018-08-28 04:16:33,262 : INFO : topic #6 (0.100): 0.005*"scam" + 0.004*"buy" + 0.004*"exchange" + 0.003*"token" + 0.003*"coin" + 0.003*"nuls" + 0.003*"get" + 0.003*"price" + 0.002*"ico" + 0.002*"salt"
2018-08-28 04:16:33,264 : INFO : topic #3 (0.100): 0.006*"car" + 0.003*"lambo" + 0.002*"city" + 0.001*"like" + 0.001*"people" + 0.001*"drive" + 0.001*"money" + 0.001*"one" + 0.001*"asset" + 0.001*"electric"
2018-08-28 04:16:33,265 : INFO : topic #5 (0.100): 0.015*"die" + 0.005*"contract" + 0.005*"req" + 0.004*"request" + 0.003*"ha" + 0.003*"please" + 0.003*"bitbay" + 0.003*"bat" + 0.003*"oh" + 0.003*"tell"
2018-08-28 04:16:33,266 : INFO : topic #8 (0.100): 0.011*"buy" + 0.009*"coin" + 0.009*"im" + 0.008*"get" + 0.008*"like" + 0.008*"going" + 0.006*"go" + 0.006*"sell" + 0.006*"fucking" + 0.005*"shit"
2018-08-28 04:16:33,267 : INFO : topic #9 (0.100): 0.025*"btc" + 0.020*"bitcoin" + 0.019*"bch" + 0.007*"people" + 0.006*"like" + 0.006*"going" + 0.006*"would" + 0.006*"get" + 0.005*"transaction" + 0.005*"time"
2018-08-28 04:16:33,269 : INFO : topic diff=0.003026, rho=0.105409
2018-08-28 04:16:39,246 : INFO : -8.323 per-word bound, 320.3 perplexity estimate based on a held-out corpus of 2653 documents with 1868102 words
2018-08-28 04:16:39,247 : INFO : PROGRESS: pass 89, at document #2653/2653
2018-08-28 04:16:42,129 : INFO : topic #7 (0.100): 0.012*"power" + 0.011*"energy" + 0.006*"4chn" + 0.006*"electricity" + 0.005*"solar" + 0.004*"tesla" + 0.003*"australia" + 0.003*"ledger" + 0.003*"powr" + 0.003*"grid"
2018-08-28 04:16:42,130 : INFO : topic #9 (0.100): 0.025*"btc" + 0.020*"bitcoin" + 0.019*"bch" + 0.007*"people" + 0.006*"like" + 0.006*"going" + 0.006*"would" + 0.006*"get" + 0.005*"transaction" + 0.005*"time"
2018-08-28 04:16:42,131 : INFO : topic #0 (0.100): 0.007*"tether" + 0.007*"get" + 0.006*"like" + 0.006*"crypto" + 0.006*"people" + 0.006*"money" + 0.006*"tax" + 0.005*"btc" + 0.005*"would" + 0.005*"fucking"
2018-08-28 04:16:42,133 : INFO : topic #3 (0.100): 0.006*"car" + 0.003*"lambo" + 0.002*"city" + 0.001*"like" + 0.001*"people" + 0.001*"drive" + 0.001*"money" + 0.001*"one" + 0.001*"asset" + 0.001*"electric"
2018-08-28 04:16:42,134 : INFO : topic #4 (0.100): 0.019*"link" + 0.008*"token" + 0.006*"like" + 0.006*"coin" + 0.006*"would" + 0.005*"even" + 0.005*"make" + 0.005*"get" + 0.005*"one" + 0.005*"project"
2018-08-28 04:16:42,135 : INFO : topic diff=0.002966, rho=0.104828
2018-08-28 04:16:48,161 : INFO : -8.323 per-word bound, 320.3 perplexity estimate based on a held-out corpus of 2653 documents with 1868102 words
2018-08-28 04:16:48,163 : INFO : PROGRESS: pass 90, at document #2653/2653
2018-08-28 04:16:51,033 : INFO : topic #7 (0.100): 0.012*"power" + 0.011*"energy" + 0.006*"4chn" + 0.006*"electricity" + 0.005*"solar" + 0.004*"tesla" + 0.004*"australia" + 0.003*"ledger" + 0.003*"powr" + 0.003*"grid"
2018-08-28 04:16:51,034 : INFO : topic #2 (0.100): 0.024*"iota" + 0.024*"sage" + 0.002*"giota" + 0.002*"tangle" + 0.002*"reclaim" + 0.002*"foundation" + 0.001*"coordinator" + 0.001*"refugee" + 0.001*"tesla" + 0.001*"balance"
2018-08-28 04:16:51,036 : INFO : topic #6 (0.100): 0.005*"scam" + 0.004*"buy" + 0.004*"exchange" + 0.003*"token" + 0.003*"coin" + 0.003*"nuls" + 0.002*"get" + 0.002*"price" + 0.002*"salt" + 0.002*"ico"
2018-08-28 04:16:51,037 : INFO : topic #4 (0.100): 0.019*"link" + 0.008*"token" + 0.006*"like" + 0.006*"coin" + 0.006*"would" + 0.005*"even" + 0.005*"make" + 0.005*"get" + 0.005*"one" + 0.005*"project"
2018-08-28 04:16:51,038 : INFO : topic #8 (0.100): 0.011*"buy" + 0.009*"coin" + 0.009*"im" + 0.008*"get" + 0.008*"like" + 0.008*"going" + 0.006*"go" + 0.006*"sell" + 0.006*"fucking" + 0.005*"shit"
2018-08-28 04:16:51,039 : INFO : topic diff=0.002921, rho=0.104257
2018-08-28 04:16:57,086 : INFO : -8.323 per-word bound, 320.3 perplexity estimate based on a held-out corpus of 2653 documents with 1868102 words
2018-08-28 04:16:57,088 : INFO : PROGRESS: pass 91, at document #2653/2653
2018-08-28 04:16:59,941 : INFO : topic #6 (0.100): 0.005*"scam" + 0.004*"buy" + 0.004*"exchange" + 0.003*"token" + 0.003*"coin" + 0.003*"nuls" + 0.002*"price" + 0.002*"get" + 0.002*"salt" + 0.002*"ico"
2018-08-28 04:16:59,942 : INFO : topic #4 (0.100): 0.019*"link" + 0.008*"token" + 0.006*"like" + 0.006*"coin" + 0.006*"would" + 0.005*"even" + 0.005*"make" + 0.005*"get" + 0.005*"one" + 0.005*"project"
2018-08-28 04:16:59,943 : INFO : topic #0 (0.100): 0.007*"tether" + 0.007*"get" + 0.006*"like" + 0.006*"crypto" + 0.006*"people" + 0.006*"money" + 0.006*"tax" + 0.005*"btc" + 0.005*"would" + 0.005*"fucking"
2018-08-28 04:16:59,945 : INFO : topic #1 (0.100): 0.010*"like" + 0.010*"get" + 0.007*"im" + 0.007*"money" + 0.006*"make" + 0.006*"people" + 0.005*"year" + 0.005*"want" + 0.005*"good" + 0.005*"would"
2018-08-28 04:16:59,946 : INFO : topic #2 (0.100): 0.024*"iota" + 0.024*"sage" + 0.002*"giota" + 0.002*"tangle" + 0.002*"reclaim" + 0.002*"foundation" + 0.001*"coordinator" + 0.001*"refugee" + 0.001*"tesla" + 0.001*"balance"
2018-08-28 04:16:59,947 : INFO : topic diff=0.002871, rho=0.103695
2018-08-28 04:17:06,016 : INFO : -8.323 per-word bound, 320.2 perplexity estimate based on a held-out corpus of 2653 documents with 1868102 words
2018-08-28 04:17:06,018 : INFO : PROGRESS: pass 92, at document #2653/2653
2018-08-28 04:17:08,858 : INFO : topic #4 (0.100): 0.019*"link" + 0.008*"token" + 0.006*"like" + 0.006*"coin" + 0.006*"would" + 0.005*"even" + 0.005*"make" + 0.005*"get" + 0.005*"one" + 0.005*"project"
2018-08-28 04:17:08,859 : INFO : topic #2 (0.100): 0.024*"iota" + 0.024*"sage" + 0.002*"giota" + 0.002*"tangle" + 0.002*"reclaim" + 0.002*"foundation" + 0.001*"coordinator" + 0.001*"refugee" + 0.001*"balance" + 0.001*"tesla"
2018-08-28 04:17:08,861 : INFO : topic #3 (0.100): 0.006*"car" + 0.003*"lambo" + 0.002*"city" + 0.001*"like" + 0.001*"people" + 0.001*"drive" + 0.001*"asset" + 0.001*"money" + 0.001*"electric" + 0.001*"one"
2018-08-28 04:17:08,862 : INFO : topic #6 (0.100): 0.005*"scam" + 0.004*"buy" + 0.003*"exchange" + 0.003*"token" + 0.003*"coin" + 0.003*"nuls" + 0.002*"price" + 0.002*"get" + 0.002*"salt" + 0.002*"chinese"
2018-08-28 04:17:08,864 : INFO : topic #7 (0.100): 0.012*"power" + 0.011*"energy" + 0.006*"4chn" + 0.006*"electricity" + 0.005*"solar" + 0.004*"tesla" + 0.004*"australia" + 0.003*"ledger" + 0.003*"powr" + 0.003*"grid"
2018-08-28 04:17:08,865 : INFO : topic diff=0.002815, rho=0.103142
2018-08-28 04:17:14,932 : INFO : -8.323 per-word bound, 320.2 perplexity estimate based on a held-out corpus of 2653 documents with 1868102 words
2018-08-28 04:17:14,932 : INFO : PROGRESS: pass 93, at document #2653/2653
2018-08-28 04:17:17,841 : INFO : topic #4 (0.100): 0.019*"link" + 0.008*"token" + 0.006*"like" + 0.006*"coin" + 0.006*"would" + 0.005*"even" + 0.005*"make" + 0.005*"get" + 0.005*"one" + 0.005*"project"
2018-08-28 04:17:17,844 : INFO : topic #0 (0.100): 0.007*"tether" + 0.007*"get" + 0.006*"like" + 0.006*"crypto" + 0.006*"people" + 0.006*"money" + 0.006*"tax" + 0.005*"btc" + 0.005*"would" + 0.005*"fucking"
2018-08-28 04:17:17,845 : INFO : topic #2 (0.100): 0.024*"iota" + 0.024*"sage" + 0.002*"giota" + 0.002*"tangle" + 0.002*"reclaim" + 0.002*"foundation" + 0.001*"coordinator" + 0.001*"refugee" + 0.001*"balance" + 0.001*"raiblocks"
2018-08-28 04:17:17,846 : INFO : topic #8 (0.100): 0.011*"buy" + 0.009*"coin" + 0.009*"im" + 0.008*"get" + 0.008*"like" + 0.008*"going" + 0.006*"go" + 0.006*"sell" + 0.006*"fucking" + 0.005*"shit"
2018-08-28 04:17:17,847 : INFO : topic #9 (0.100): 0.025*"btc" + 0.020*"bitcoin" + 0.019*"bch" + 0.007*"people" + 0.006*"like" + 0.006*"going" + 0.006*"would" + 0.005*"get" + 0.005*"transaction" + 0.005*"time"
2018-08-28 04:17:17,849 : INFO : topic diff=0.002768, rho=0.102598
2018-08-28 04:17:23,894 : INFO : -8.323 per-word bound, 320.2 perplexity estimate based on a held-out corpus of 2653 documents with 1868102 words
2018-08-28 04:17:23,894 : INFO : PROGRESS: pass 94, at document #2653/2653
2018-08-28 04:17:26,783 : INFO : topic #0 (0.100): 0.007*"tether" + 0.007*"get" + 0.006*"like" + 0.006*"crypto" + 0.006*"people" + 0.006*"money" + 0.006*"tax" + 0.005*"btc" + 0.005*"would" + 0.005*"fucking"
2018-08-28 04:17:26,786 : INFO : topic #2 (0.100): 0.024*"iota" + 0.024*"sage" + 0.002*"giota" + 0.002*"tangle" + 0.002*"reclaim" + 0.002*"foundation" + 0.001*"coordinator" + 0.001*"refugee" + 0.001*"balance" + 0.001*"raiblocks"
2018-08-28 04:17:26,788 : INFO : topic #8 (0.100): 0.011*"buy" + 0.009*"coin" + 0.009*"im" + 0.008*"get" + 0.008*"like" + 0.008*"going" + 0.006*"go" + 0.006*"sell" + 0.006*"fucking" + 0.005*"shit"
2018-08-28 04:17:26,789 : INFO : topic #4 (0.100): 0.019*"link" + 0.008*"token" + 0.006*"like" + 0.006*"coin" + 0.006*"would" + 0.005*"even" + 0.005*"make" + 0.005*"get" + 0.005*"one" + 0.005*"project"
2018-08-28 04:17:26,790 : INFO : topic #6 (0.100): 0.005*"scam" + 0.004*"buy" + 0.003*"exchange" + 0.003*"token" + 0.003*"coin" + 0.003*"nuls" + 0.002*"price" + 0.002*"get" + 0.002*"salt" + 0.002*"chinese"
2018-08-28 04:17:26,792 : INFO : topic diff=0.002719, rho=0.102062
2018-08-28 04:17:32,774 : INFO : -8.323 per-word bound, 320.1 perplexity estimate based on a held-out corpus of 2653 documents with 1868102 words
2018-08-28 04:17:32,775 : INFO : PROGRESS: pass 95, at document #2653/2653
2018-08-28 04:17:35,686 : INFO : topic #8 (0.100): 0.011*"buy" + 0.009*"coin" + 0.009*"im" + 0.008*"get" + 0.008*"like" + 0.008*"going" + 0.006*"go" + 0.006*"sell" + 0.006*"fucking" + 0.005*"shit"
2018-08-28 04:17:35,689 : INFO : topic #5 (0.100): 0.015*"die" + 0.005*"contract" + 0.005*"req" + 0.004*"request" + 0.004*"ha" + 0.003*"please" + 0.003*"bitbay" + 0.003*"bat" + 0.003*"oh" + 0.003*"tell"
2018-08-28 04:17:35,691 : INFO : topic #6 (0.100): 0.005*"scam" + 0.004*"buy" + 0.003*"exchange" + 0.003*"token" + 0.003*"nuls" + 0.003*"coin" + 0.002*"price" + 0.002*"salt" + 0.002*"get" + 0.002*"chinese"
2018-08-28 04:17:35,692 : INFO : topic #1 (0.100): 0.010*"like" + 0.010*"get" + 0.007*"im" + 0.007*"money" + 0.006*"make" + 0.006*"people" + 0.005*"year" + 0.005*"want" + 0.005*"good" + 0.005*"would"
2018-08-28 04:17:35,693 : INFO : topic #9 (0.100): 0.025*"btc" + 0.020*"bitcoin" + 0.019*"bch" + 0.007*"people" + 0.006*"like" + 0.006*"going" + 0.006*"would" + 0.005*"get" + 0.005*"transaction" + 0.005*"time"
2018-08-28 04:17:35,695 : INFO : topic diff=0.002672, rho=0.101535
2018-08-28 04:17:41,654 : INFO : -8.322 per-word bound, 320.1 perplexity estimate based on a held-out corpus of 2653 documents with 1868102 words
2018-08-28 04:17:41,655 : INFO : PROGRESS: pass 96, at document #2653/2653
2018-08-28 04:17:44,562 : INFO : topic #2 (0.100): 0.024*"iota" + 0.024*"sage" + 0.002*"giota" + 0.002*"tangle" + 0.002*"reclaim" + 0.002*"foundation" + 0.001*"coordinator" + 0.001*"refugee" + 0.001*"balance" + 0.001*"raiblocks"
2018-08-28 04:17:44,563 : INFO : topic #8 (0.100): 0.011*"buy" + 0.009*"coin" + 0.009*"im" + 0.008*"get" + 0.008*"like" + 0.008*"going" + 0.006*"go" + 0.006*"sell" + 0.006*"fucking" + 0.005*"shit"
2018-08-28 04:17:44,565 : INFO : topic #5 (0.100): 0.016*"die" + 0.005*"contract" + 0.005*"req" + 0.004*"request" + 0.004*"ha" + 0.003*"please" + 0.003*"bitbay" + 0.003*"bat" + 0.003*"oh" + 0.003*"tell"
2018-08-28 04:17:44,566 : INFO : topic #9 (0.100): 0.025*"btc" + 0.020*"bitcoin" + 0.019*"bch" + 0.007*"people" + 0.006*"like" + 0.006*"going" + 0.006*"would" + 0.005*"get" + 0.005*"transaction" + 0.005*"time"
2018-08-28 04:17:44,567 : INFO : topic #1 (0.100): 0.010*"like" + 0.010*"get" + 0.007*"im" + 0.007*"money" + 0.006*"make" + 0.006*"people" + 0.005*"year" + 0.005*"want" + 0.005*"good" + 0.005*"would"
2018-08-28 04:17:44,569 : INFO : topic diff=0.002629, rho=0.101015
2018-08-28 04:17:50,577 : INFO : -8.322 per-word bound, 320.1 perplexity estimate based on a held-out corpus of 2653 documents with 1868102 words
2018-08-28 04:17:50,579 : INFO : PROGRESS: pass 97, at document #2653/2653
2018-08-28 04:17:53,446 : INFO : topic #4 (0.100): 0.019*"link" + 0.008*"token" + 0.006*"like" + 0.006*"coin" + 0.006*"would" + 0.005*"even" + 0.005*"make" + 0.005*"get" + 0.005*"one" + 0.005*"project"
2018-08-28 04:17:53,449 : INFO : topic #2 (0.100): 0.024*"iota" + 0.024*"sage" + 0.002*"giota" + 0.002*"tangle" + 0.002*"reclaim" + 0.002*"foundation" + 0.001*"coordinator" + 0.001*"refugee" + 0.001*"balance" + 0.001*"raiblocks"
2018-08-28 04:17:53,450 : INFO : topic #7 (0.100): 0.012*"power" + 0.011*"energy" + 0.006*"4chn" + 0.006*"electricity" + 0.005*"solar" + 0.004*"tesla" + 0.004*"powr" + 0.004*"australia" + 0.004*"ledger" + 0.003*"mit"
2018-08-28 04:17:53,451 : INFO : topic #0 (0.100): 0.007*"tether" + 0.007*"get" + 0.006*"like" + 0.006*"crypto" + 0.006*"people" + 0.006*"money" + 0.006*"tax" + 0.005*"btc" + 0.005*"would" + 0.005*"fucking"
2018-08-28 04:17:53,453 : INFO : topic #3 (0.100): 0.006*"car" + 0.003*"lambo" + 0.002*"city" + 0.001*"people" + 0.001*"drive" + 0.001*"like" + 0.001*"asset" + 0.001*"electric" + 0.001*"porsche" + 0.001*"centrum"
2018-08-28 04:17:53,454 : INFO : topic diff=0.002581, rho=0.100504
2018-08-28 04:17:59,870 : INFO : -8.322 per-word bound, 320.1 perplexity estimate based on a held-out corpus of 2653 documents with 1868102 words
2018-08-28 04:17:59,872 : INFO : PROGRESS: pass 98, at document #2653/2653
2018-08-28 04:18:02,729 : INFO : topic #4 (0.100): 0.019*"link" + 0.008*"token" + 0.006*"like" + 0.006*"coin" + 0.006*"would" + 0.005*"even" + 0.005*"make" + 0.005*"get" + 0.005*"one" + 0.005*"project"
2018-08-28 04:18:02,731 : INFO : topic #1 (0.100): 0.010*"like" + 0.010*"get" + 0.007*"im" + 0.007*"money" + 0.006*"make" + 0.006*"people" + 0.005*"year" + 0.005*"want" + 0.005*"good" + 0.005*"would"
2018-08-28 04:18:02,732 : INFO : topic #3 (0.100): 0.006*"car" + 0.003*"lambo" + 0.002*"city" + 0.001*"drive" + 0.001*"people" + 0.001*"like" + 0.001*"asset" + 0.001*"electric" + 0.001*"porsche" + 0.001*"centrum"
2018-08-28 04:18:02,734 : INFO : topic #5 (0.100): 0.016*"die" + 0.005*"contract" + 0.005*"req" + 0.004*"request" + 0.004*"ha" + 0.003*"please" + 0.003*"bitbay" + 0.003*"bat" + 0.003*"oh" + 0.003*"tell"
2018-08-28 04:18:02,735 : INFO : topic #2 (0.100): 0.024*"iota" + 0.024*"sage" + 0.002*"giota" + 0.002*"tangle" + 0.002*"reclaim" + 0.002*"foundation" + 0.001*"coordinator" + 0.001*"refugee" + 0.001*"balance" + 0.001*"raiblocks"
2018-08-28 04:18:02,736 : INFO : topic diff=0.002542, rho=0.100000
2018-08-28 04:18:08,797 : INFO : -8.322 per-word bound, 320.0 perplexity estimate based on a held-out corpus of 2653 documents with 1868102 words
2018-08-28 04:18:08,799 : INFO : PROGRESS: pass 99, at document #2653/2653
2018-08-28 04:18:11,639 : INFO : topic #3 (0.100): 0.006*"car" + 0.003*"lambo" + 0.002*"city" + 0.001*"drive" + 0.001*"asset" + 0.001*"people" + 0.001*"like" + 0.001*"electric" + 0.001*"porsche" + 0.001*"centrum"
2018-08-28 04:18:11,640 : INFO : topic #7 (0.100): 0.012*"power" + 0.011*"energy" + 0.006*"4chn" + 0.006*"electricity" + 0.005*"solar" + 0.004*"tesla" + 0.004*"powr" + 0.004*"australia" + 0.004*"ledger" + 0.003*"mit"
2018-08-28 04:18:11,642 : INFO : topic #5 (0.100): 0.016*"die" + 0.005*"contract" + 0.005*"req" + 0.004*"request" + 0.004*"ha" + 0.003*"please" + 0.003*"bitbay" + 0.003*"bat" + 0.003*"oh" + 0.003*"tell"
2018-08-28 04:18:11,643 : INFO : topic #2 (0.100): 0.024*"iota" + 0.024*"sage" + 0.002*"giota" + 0.002*"tangle" + 0.002*"reclaim" + 0.002*"foundation" + 0.001*"coordinator" + 0.001*"refugee" + 0.001*"balance" + 0.001*"raiblocks"
2018-08-28 04:18:11,644 : INFO : topic #4 (0.100): 0.019*"link" + 0.008*"token" + 0.006*"like" + 0.006*"coin" + 0.006*"would" + 0.005*"even" + 0.005*"make" + 0.005*"get" + 0.005*"one" + 0.005*"project"
2018-08-28 04:18:11,645 : INFO : topic diff=0.002501, rho=0.099504
2018-08-28 04:18:11,647 : INFO : saving LdaState object under models/ldamodel.state, separately None
2018-08-28 04:18:11,706 : INFO : saved models/ldamodel.state
2018-08-28 04:18:11,771 : INFO : saving LdaModel object under models/ldamodel, separately ['expElogbeta', 'sstats']
2018-08-28 04:18:11,772 : INFO : storing np array 'expElogbeta' to models/ldamodel.expElogbeta.npy
2018-08-28 04:18:11,795 : INFO : not storing attribute id2word
2018-08-28 04:18:11,797 : INFO : not storing attribute state
2018-08-28 04:18:11,798 : INFO : not storing attribute dispatcher
2018-08-28 04:18:11,805 : INFO : saved models/ldamodel
2018-08-28 04:18:11,807 : INFO : topic #0 (0.100): 0.007*"tether" + 0.007*"get" + 0.006*"like" + 0.006*"crypto" + 0.006*"people" + 0.006*"money" + 0.006*"tax" + 0.005*"btc" + 0.005*"would" + 0.005*"fucking" + 0.005*"wallet" + 0.005*"one" + 0.004*"exchange" + 0.004*"know" + 0.004*"shit" + 0.004*"use" + 0.004*"fuck" + 0.004*"make" + 0.004*"it" + 0.004*"even"
2018-08-28 04:18:11,809 : INFO : topic #1 (0.100): 0.010*"like" + 0.010*"get" + 0.007*"im" + 0.007*"money" + 0.006*"make" + 0.006*"people" + 0.005*"year" + 0.005*"want" + 0.005*"good" + 0.005*"would" + 0.005*"one" + 0.005*"fucking" + 0.004*"shit" + 0.004*"it" + 0.004*"know" + 0.004*"go" + 0.004*"fuck" + 0.004*"time" + 0.004*"work" + 0.004*"even"
2018-08-28 04:18:11,810 : INFO : topic #2 (0.100): 0.024*"iota" + 0.024*"sage" + 0.002*"giota" + 0.002*"tangle" + 0.002*"reclaim" + 0.002*"foundation" + 0.001*"coordinator" + 0.001*"refugee" + 0.001*"balance" + 0.001*"raiblocks" + 0.001*"tesla" + 0.001*"que" + 0.001*"miota" + 0.001*"ev" + 0.001*"iot" + 0.001*"club" + 0.001*"tool" + 0.001*"max" + 0.001*"invented" + 0.001*"custody"
2018-08-28 04:18:11,811 : INFO : topic #3 (0.100): 0.006*"car" + 0.003*"lambo" + 0.002*"city" + 0.001*"drive" + 0.001*"asset" + 0.001*"people" + 0.001*"like" + 0.001*"electric" + 0.001*"porsche" + 0.001*"centrum" + 0.001*"driving" + 0.001*"decred" + 0.001*"money" + 0.001*"one" + 0.001*"lambos" + 0.001*"office" + 0.001*"eth" + 0.001*"tesla" + 0.001*"burn" + 0.001*"stake"
2018-08-28 04:18:11,812 : INFO : topic #4 (0.100): 0.019*"link" + 0.008*"token" + 0.006*"like" + 0.006*"coin" + 0.006*"would" + 0.005*"even" + 0.005*"make" + 0.005*"get" + 0.005*"one" + 0.005*"project" + 0.004*"fucking" + 0.004*"use" + 0.004*"know" + 0.004*"chainlink" + 0.004*"people" + 0.004*"price" + 0.004*"time" + 0.004*"smart" + 0.004*"team" + 0.004*"it"
2018-08-28 04:18:11,814 : INFO : topic #5 (0.100): 0.016*"die" + 0.005*"contract" + 0.005*"req" + 0.004*"request" + 0.004*"ha" + 0.003*"please" + 0.003*"bitbay" + 0.003*"bat" + 0.003*"oh" + 0.003*"tell" + 0.003*"god" + 0.003*"yc" + 0.003*"use" + 0.003*"card" + 0.002*"payment" + 0.002*"omisego" + 0.002*"1" + 0.002*"sticker" + 0.002*"decentralized" + 0.002*"even"
2018-08-28 04:18:11,815 : INFO : topic #6 (0.100): 0.005*"scam" + 0.003*"exchange" + 0.003*"buy" + 0.003*"token" + 0.003*"nuls" + 0.002*"coin" + 0.002*"salt" + 0.002*"chinese" + 0.002*"price" + 0.002*"ico" + 0.002*"get" + 0.002*"wabi" + 0.002*"10k" + 0.002*"market" + 0.002*"pay" + 0.002*"cap" + 0.002*"shit" + 0.002*"neo" + 0.002*"bought" + 0.002*"look"
2018-08-28 04:18:11,816 : INFO : topic #7 (0.100): 0.012*"power" + 0.011*"energy" + 0.006*"4chn" + 0.006*"electricity" + 0.005*"solar" + 0.004*"tesla" + 0.004*"powr" + 0.004*"australia" + 0.004*"ledger" + 0.003*"mit" + 0.003*"grid" + 0.003*"battery" + 0.002*"government" + 0.002*"origin" + 0.002*"digital" + 0.002*"elon" + 0.002*"panel" + 0.002*"perth" + 0.002*"germany" + 0.001*"mayor"
2018-08-28 04:18:11,818 : INFO : topic #8 (0.100): 0.011*"buy" + 0.009*"coin" + 0.009*"im" + 0.008*"get" + 0.008*"like" + 0.008*"going" + 0.006*"go" + 0.006*"sell" + 0.006*"fucking" + 0.005*"shit" + 0.005*"time" + 0.005*"make" + 0.005*"btc" + 0.005*"bought" + 0.005*"money" + 0.005*"good" + 0.005*"one" + 0.005*"fuck" + 0.005*"back" + 0.004*"it"
2018-08-28 04:18:11,819 : INFO : topic #9 (0.100): 0.025*"btc" + 0.020*"bitcoin" + 0.019*"bch" + 0.007*"people" + 0.006*"like" + 0.006*"going" + 0.006*"would" + 0.005*"get" + 0.005*"transaction" + 0.005*"time" + 0.005*"fucking" + 0.005*"coin" + 0.005*"cash" + 0.005*"money" + 0.004*"think" + 0.004*"go" + 0.004*"even" + 0.004*"miner" + 0.004*"one" + 0.004*"price"
2018-08-28 04:18:11,832 : INFO : using symmetric alpha at 0.05
2018-08-28 04:18:11,835 : INFO : using symmetric eta at 0.05
2018-08-28 04:18:11,849 : INFO : using serial LDA version on this node
2018-08-28 04:18:12,155 : INFO : running online (multi-pass) LDA training, 20 topics, 100 passes over the supplied corpus of 4623 documents, updating model once every 4623 documents, evaluating perplexity every 4623 documents, iterating 50x with a convergence threshold of 0.001000
2018-08-28 04:18:21,970 : INFO : -14.482 per-word bound, 22883.4 perplexity estimate based on a held-out corpus of 4623 documents with 2290604 words
2018-08-28 04:18:21,972 : INFO : PROGRESS: pass 0, at document #4623/4623
2018-08-28 04:18:27,352 : INFO : topic #11 (0.050): 0.009*"btc" + 0.006*"get" + 0.006*"coin" + 0.006*"bch" + 0.006*"like" + 0.006*"people" + 0.006*"going" + 0.006*"time" + 0.005*"good" + 0.005*"money"
2018-08-28 04:18:27,353 : INFO : topic #5 (0.050): 0.009*"get" + 0.008*"btc" + 0.008*"like" + 0.007*"fucking" + 0.005*"im" + 0.005*"bitcoin" + 0.005*"buy" + 0.005*"people" + 0.005*"coin" + 0.005*"shit"
2018-08-28 04:18:27,355 : INFO : topic #18 (0.050): 0.009*"coin" + 0.007*"btc" + 0.006*"like" + 0.006*"going" + 0.006*"im" + 0.006*"would" + 0.006*"one" + 0.005*"buy" + 0.005*"fucking" + 0.005*"make"
2018-08-28 04:18:27,356 : INFO : topic #1 (0.050): 0.006*"like" + 0.006*"im" + 0.005*"buy" + 0.005*"people" + 0.005*"money" + 0.005*"get" + 0.005*"know" + 0.004*"would" + 0.004*"crypto" + 0.004*"go"
2018-08-28 04:18:27,358 : INFO : topic #4 (0.050): 0.006*"get" + 0.006*"it" + 0.005*"one" + 0.005*"im" + 0.005*"like" + 0.005*"btc" + 0.005*"shit" + 0.004*"would" + 0.004*"buy" + 0.004*"coin"
2018-08-28 04:18:27,360 : INFO : topic diff=9.760811, rho=1.000000
2018-08-28 04:18:36,773 : INFO : -9.071 per-word bound, 538.0 perplexity estimate based on a held-out corpus of 4623 documents with 2290604 words
2018-08-28 04:18:36,775 : INFO : PROGRESS: pass 1, at document #4623/4623
2018-08-28 04:18:41,790 : INFO : topic #0 (0.050): 0.009*"buy" + 0.008*"like" + 0.008*"im" + 0.007*"get" + 0.007*"going" + 0.006*"coin" + 0.006*"shit" + 0.006*"go" + 0.005*"btc" + 0.005*"sell"
2018-08-28 04:18:41,792 : INFO : topic #9 (0.050): 0.008*"coin" + 0.007*"get" + 0.005*"like" + 0.005*"bitcoin" + 0.005*"people" + 0.005*"time" + 0.005*"fucking" + 0.005*"even" + 0.005*"make" + 0.004*"going"
2018-08-28 04:18:41,793 : INFO : topic #6 (0.050): 0.008*"btc" + 0.008*"bitcoin" + 0.007*"like" + 0.007*"coin" + 0.007*"im" + 0.005*"get" + 0.005*"buy" + 0.005*"money" + 0.005*"crypto" + 0.005*"going"
2018-08-28 04:18:41,794 : INFO : topic #2 (0.050): 0.009*"coin" + 0.008*"get" + 0.007*"like" + 0.007*"buy" + 0.006*"going" + 0.005*"btc" + 0.005*"make" + 0.005*"im" + 0.005*"even" + 0.005*"fucking"
2018-08-28 04:18:41,796 : INFO : topic #10 (0.050): 0.008*"like" + 0.008*"get" + 0.006*"fucking" + 0.005*"money" + 0.005*"it" + 0.005*"make" + 0.005*"fuck" + 0.005*"people" + 0.005*"im" + 0.005*"buy"
2018-08-28 04:18:41,798 : INFO : topic diff=2.685263, rho=0.577350
2018-08-28 04:18:50,997 : INFO : -8.718 per-word bound, 421.0 perplexity estimate based on a held-out corpus of 4623 documents with 2290604 words
2018-08-28 04:18:50,999 : INFO : PROGRESS: pass 2, at document #4623/4623
2018-08-28 04:18:55,843 : INFO : topic #8 (0.050): 0.009*"like" + 0.006*"get" + 0.005*"btc" + 0.005*"go" + 0.004*"people" + 0.004*"would" + 0.004*"one" + 0.004*"buy" + 0.004*"time" + 0.003*"bitcoin"
2018-08-28 04:18:55,846 : INFO : topic #1 (0.050): 0.005*"like" + 0.005*"im" + 0.004*"buy" + 0.004*"people" + 0.004*"crypto" + 0.004*"know" + 0.004*"bitcoin" + 0.004*"money" + 0.003*"would" + 0.003*"get"
2018-08-28 04:18:55,847 : INFO : topic #6 (0.050): 0.009*"bitcoin" + 0.009*"btc" + 0.007*"coin" + 0.007*"like" + 0.006*"im" + 0.005*"crypto" + 0.005*"money" + 0.005*"get" + 0.005*"buy" + 0.004*"fucking"
2018-08-28 04:18:55,848 : INFO : topic #5 (0.050): 0.008*"get" + 0.008*"btc" + 0.008*"like" + 0.007*"bitcoin" + 0.007*"fucking" + 0.006*"people" + 0.005*"im" + 0.005*"shit" + 0.005*"one" + 0.004*"fuck"
2018-08-28 04:18:55,850 : INFO : topic #10 (0.050): 0.008*"get" + 0.008*"like" + 0.005*"fucking" + 0.005*"make" + 0.005*"link" + 0.005*"money" + 0.005*"it" + 0.005*"people" + 0.005*"fuck" + 0.005*"im"
2018-08-28 04:18:55,851 : INFO : topic diff=1.775331, rho=0.500000
2018-08-28 04:19:04,988 : INFO : -8.593 per-word bound, 386.1 perplexity estimate based on a held-out corpus of 4623 documents with 2290604 words
2018-08-28 04:19:04,988 : INFO : PROGRESS: pass 3, at document #4623/4623
2018-08-28 04:19:09,856 : INFO : topic #14 (0.050): 0.010*"buy" + 0.009*"btc" + 0.007*"get" + 0.007*"money" + 0.007*"like" + 0.006*"im" + 0.005*"make" + 0.005*"going" + 0.005*"would" + 0.005*"go"
2018-08-28 04:19:09,857 : INFO : topic #2 (0.050): 0.010*"coin" + 0.008*"get" + 0.007*"like" + 0.006*"buy" + 0.005*"make" + 0.005*"im" + 0.005*"going" + 0.005*"token" + 0.004*"even" + 0.004*"people"
2018-08-28 04:19:09,859 : INFO : topic #8 (0.050): 0.009*"like" + 0.006*"get" + 0.004*"people" + 0.004*"go" + 0.004*"btc" + 0.004*"would" + 0.004*"one" + 0.003*"time" + 0.003*"buy" + 0.003*"know"
2018-08-28 04:19:09,860 : INFO : topic #19 (0.050): 0.007*"get" + 0.006*"like" + 0.006*"people" + 0.006*"one" + 0.005*"im" + 0.004*"would" + 0.004*"fucking" + 0.004*"money" + 0.004*"think" + 0.004*"know"
2018-08-28 04:19:09,862 : INFO : topic #11 (0.050): 0.013*"btc" + 0.010*"bch" + 0.006*"get" + 0.005*"going" + 0.005*"like" + 0.005*"time" + 0.005*"people" + 0.005*"coin" + 0.005*"money" + 0.004*"would"
2018-08-28 04:19:09,865 : INFO : topic diff=1.166699, rho=0.447214
2018-08-28 04:19:19,129 : INFO : -8.531 per-word bound, 370.0 perplexity estimate based on a held-out corpus of 4623 documents with 2290604 words
2018-08-28 04:19:19,130 : INFO : PROGRESS: pass 4, at document #4623/4623
2018-08-28 04:19:24,025 : INFO : topic #2 (0.050): 0.011*"coin" + 0.007*"get" + 0.007*"like" + 0.006*"buy" + 0.005*"token" + 0.005*"make" + 0.005*"im" + 0.005*"going" + 0.004*"even" + 0.004*"wallet"
2018-08-28 04:19:24,028 : INFO : topic #14 (0.050): 0.010*"buy" + 0.009*"btc" + 0.008*"get" + 0.007*"money" + 0.007*"like" + 0.006*"im" + 0.005*"make" + 0.005*"would" + 0.005*"want" + 0.005*"going"
2018-08-28 04:19:24,029 : INFO : topic #3 (0.050): 0.010*"link" + 0.007*"get" + 0.006*"req" + 0.006*"token" + 0.006*"buy" + 0.006*"like" + 0.005*"make" + 0.005*"coin" + 0.005*"fucking" + 0.005*"people"
2018-08-28 04:19:24,031 : INFO : topic #12 (0.050): 0.005*"silver" + 0.004*"market" + 0.003*"like" + 0.003*"buy" + 0.003*"year" + 0.002*"get" + 0.002*"digital" + 0.002*"even" + 0.002*"people" + 0.002*"good"
2018-08-28 04:19:24,033 : INFO : topic #19 (0.050): 0.007*"get" + 0.006*"people" + 0.006*"like" + 0.006*"one" + 0.004*"im" + 0.004*"would" + 0.004*"fucking" + 0.004*"think" + 0.004*"guy" + 0.004*"money"
2018-08-28 04:19:24,035 : INFO : topic diff=0.775301, rho=0.408248
2018-08-28 04:19:33,256 : INFO : -8.495 per-word bound, 360.8 perplexity estimate based on a held-out corpus of 4623 documents with 2290604 words
2018-08-28 04:19:33,258 : INFO : PROGRESS: pass 5, at document #4623/4623
2018-08-28 04:19:39,490 : INFO : topic #0 (0.050): 0.010*"buy" + 0.008*"im" + 0.008*"like" + 0.008*"going" + 0.007*"get" + 0.007*"coin" + 0.006*"sell" + 0.006*"go" + 0.006*"btc" + 0.006*"shit"
2018-08-28 04:19:39,494 : INFO : topic #18 (0.050): 0.009*"coin" + 0.007*"btc" + 0.007*"tax" + 0.007*"like" + 0.006*"get" + 0.006*"would" + 0.005*"crypto" + 0.005*"one" + 0.005*"bitcoin" + 0.005*"money"
2018-08-28 04:19:39,497 : INFO : topic #4 (0.050): 0.015*"ark" + 0.007*"get" + 0.005*"im" + 0.005*"like" + 0.005*"one" + 0.004*"it" + 0.004*"would" + 0.004*"fucking" + 0.004*"make" + 0.004*"shit"
2018-08-28 04:19:39,500 : INFO : topic #11 (0.050): 0.016*"btc" + 0.015*"bch" + 0.006*"get" + 0.005*"going" + 0.005*"time" + 0.005*"bitcoin" + 0.005*"like" + 0.005*"people" + 0.004*"would" + 0.004*"coin"
2018-08-28 04:19:39,503 : INFO : topic #15 (0.050): 0.016*"chancoin" + 0.007*"btc" + 0.007*"coin" + 0.006*"buy" + 0.006*"like" + 0.006*"get" + 0.006*"bch" + 0.006*"money" + 0.006*"make" + 0.005*"going"
2018-08-28 04:19:39,508 : INFO : topic diff=0.525612, rho=0.377964
2018-08-28 04:19:50,076 : INFO : -8.471 per-word bound, 354.9 perplexity estimate based on a held-out corpus of 4623 documents with 2290604 words
2018-08-28 04:19:50,077 : INFO : PROGRESS: pass 6, at document #4623/4623
2018-08-28 04:19:56,470 : INFO : topic #11 (0.050): 0.018*"btc" + 0.017*"bch" + 0.006*"get" + 0.006*"bitcoin" + 0.006*"going" + 0.005*"time" + 0.005*"people" + 0.005*"like" + 0.005*"transaction" + 0.004*"would"
2018-08-28 04:19:56,472 : INFO : topic #4 (0.050): 0.019*"ark" + 0.007*"get" + 0.005*"im" + 0.004*"like" + 0.004*"one" + 0.004*"it" + 0.004*"fucking" + 0.004*"would" + 0.004*"make" + 0.004*"shit"
2018-08-28 04:19:56,475 : INFO : topic #14 (0.050): 0.010*"buy" + 0.009*"btc" + 0.008*"get" + 0.007*"money" + 0.007*"like" + 0.006*"im" + 0.005*"make" + 0.005*"would" + 0.005*"want" + 0.005*"bitcoin"
2018-08-28 04:19:56,476 : INFO : topic #1 (0.050): 0.002*"like" + 0.002*"im" + 0.002*"buy" + 0.002*"card" + 0.002*"pokemon" + 0.002*"know" + 0.002*"crypto" + 0.002*"people" + 0.002*"one" + 0.002*"fucking"
2018-08-28 04:19:56,479 : INFO : topic #7 (0.050): 0.005*"wallet" + 0.005*"bitbay" + 0.004*"get" + 0.003*"blockchain" + 0.003*"like" + 0.003*"sell" + 0.002*"use" + 0.002*"would" + 0.002*"marketplace" + 0.002*"it"
2018-08-28 04:19:56,482 : INFO : topic diff=0.364684, rho=0.353553
2018-08-28 04:20:08,514 : INFO : -8.454 per-word bound, 350.7 perplexity estimate based on a held-out corpus of 4623 documents with 2290604 words
2018-08-28 04:20:08,515 : INFO : PROGRESS: pass 7, at document #4623/4623
2018-08-28 04:20:15,143 : INFO : topic #7 (0.050): 0.005*"bitbay" + 0.005*"wallet" + 0.003*"get" + 0.003*"blockchain" + 0.003*"marketplace" + 0.002*"sell" + 0.002*"like" + 0.002*"use" + 0.002*"private" + 0.002*"key"
2018-08-28 04:20:15,147 : INFO : topic #8 (0.050): 0.008*"like" + 0.005*"get" + 0.004*"people" + 0.004*"one" + 0.003*"would" + 0.003*"token" + 0.003*"go" + 0.003*"good" + 0.003*"make" + 0.003*"time"
2018-08-28 04:20:15,150 : INFO : topic #4 (0.050): 0.022*"ark" + 0.007*"get" + 0.005*"im" + 0.004*"one" + 0.004*"like" + 0.004*"fucking" + 0.004*"it" + 0.004*"would" + 0.004*"going" + 0.004*"make"
2018-08-28 04:20:15,152 : INFO : topic #10 (0.050): 0.007*"get" + 0.007*"like" + 0.006*"link" + 0.005*"make" + 0.005*"money" + 0.005*"people" + 0.004*"fucking" + 0.004*"it" + 0.004*"fuck" + 0.004*"would"
2018-08-28 04:20:15,153 : INFO : topic #1 (0.050): 0.002*"pokemon" + 0.002*"card" + 0.002*"like" + 0.002*"im" + 0.002*"bat" + 0.002*"buy" + 0.002*"know" + 0.002*"crypto" + 0.001*"people" + 0.001*"one"
2018-08-28 04:20:15,157 : INFO : topic diff=0.259302, rho=0.333333
2018-08-28 04:20:27,366 : INFO : -8.441 per-word bound, 347.5 perplexity estimate based on a held-out corpus of 4623 documents with 2290604 words
2018-08-28 04:20:27,367 : INFO : PROGRESS: pass 8, at document #4623/4623
2018-08-28 04:20:33,799 : INFO : topic #2 (0.050): 0.012*"coin" + 0.008*"token" + 0.007*"get" + 0.006*"like" + 0.006*"buy" + 0.006*"wallet" + 0.005*"im" + 0.004*"make" + 0.004*"cap" + 0.004*"one"
2018-08-28 04:20:33,801 : INFO : topic #6 (0.050): 0.011*"bitcoin" + 0.009*"btc" + 0.008*"coin" + 0.006*"like" + 0.005*"crypto" + 0.005*"im" + 0.005*"money" + 0.005*"xmr" + 0.004*"bch" + 0.004*"one"
2018-08-28 04:20:33,803 : INFO : topic #5 (0.050): 0.011*"bitcoin" + 0.009*"btc" + 0.008*"like" + 0.007*"get" + 0.007*"people" + 0.007*"fucking" + 0.005*"one" + 0.005*"shit" + 0.005*"would" + 0.005*"fuck"
2018-08-28 04:20:33,805 : INFO : topic #11 (0.050): 0.023*"bch" + 0.022*"btc" + 0.007*"bitcoin" + 0.006*"get" + 0.006*"going" + 0.006*"miner" + 0.006*"transaction" + 0.005*"time" + 0.005*"people" + 0.005*"like"
2018-08-28 04:20:33,807 : INFO : topic #10 (0.050): 0.007*"get" + 0.007*"like" + 0.006*"link" + 0.005*"make" + 0.004*"money" + 0.004*"people" + 0.004*"fucking" + 0.004*"it" + 0.004*"fuck" + 0.004*"would"
2018-08-28 04:20:33,810 : INFO : topic diff=0.189119, rho=0.316228
2018-08-28 04:20:45,982 : INFO : -8.431 per-word bound, 345.0 perplexity estimate based on a held-out corpus of 4623 documents with 2290604 words
2018-08-28 04:20:45,983 : INFO : PROGRESS: pass 9, at document #4623/4623
2018-08-28 04:20:52,633 : INFO : topic #7 (0.050): 0.006*"bitbay" + 0.005*"wallet" + 0.003*"blockchain" + 0.003*"marketplace" + 0.003*"get" + 0.003*"private" + 0.002*"key" + 0.002*"decentralized" + 0.002*"use" + 0.002*"also"
2018-08-28 04:20:52,636 : INFO : topic #15 (0.050): 0.021*"chancoin" + 0.008*"coin" + 0.006*"buy" + 0.006*"like" + 0.006*"get" + 0.006*"btc" + 0.005*"make" + 0.005*"money" + 0.005*"going" + 0.005*"im"
2018-08-28 04:20:52,637 : INFO : topic #2 (0.050): 0.013*"coin" + 0.008*"token" + 0.007*"get" + 0.006*"like" + 0.006*"buy" + 0.006*"wallet" + 0.004*"im" + 0.004*"cap" + 0.004*"make" + 0.004*"market"
2018-08-28 04:20:52,639 : INFO : topic #17 (0.050): 0.017*"die" + 0.008*"get" + 0.007*"like" + 0.004*"good" + 0.003*"know" + 0.003*"im" + 0.003*"even" + 0.003*"money" + 0.003*"people" + 0.003*"would"
2018-08-28 04:20:52,641 : INFO : topic #5 (0.050): 0.011*"bitcoin" + 0.009*"btc" + 0.008*"like" + 0.007*"get" + 0.007*"people" + 0.007*"fucking" + 0.005*"one" + 0.005*"shit" + 0.005*"would" + 0.005*"fuck"
2018-08-28 04:20:52,644 : INFO : topic diff=0.141933, rho=0.301511
2018-08-28 04:21:05,002 : INFO : -8.422 per-word bound, 342.9 perplexity estimate based on a held-out corpus of 4623 documents with 2290604 words
2018-08-28 04:21:05,002 : INFO : PROGRESS: pass 10, at document #4623/4623
2018-08-28 04:21:11,593 : INFO : topic #13 (0.050): 0.028*"tether" + 0.009*"btc" + 0.008*"bitfinex" + 0.007*"usdt" + 0.007*"people" + 0.007*"usd" + 0.005*"get" + 0.005*"powr" + 0.005*"money" + 0.005*"bitcoin"
2018-08-28 04:21:11,596 : INFO : topic #9 (0.050): 0.008*"coin" + 0.005*"link" + 0.005*"quad" + 0.005*"linkies" + 0.005*"deranged" + 0.005*"time" + 0.005*"linkie" + 0.004*"token" + 0.004*"get" + 0.004*"even"
2018-08-28 04:21:11,599 : INFO : topic #12 (0.050): 0.009*"silver" + 0.004*"digital" + 0.003*"year" + 0.002*"like" + 0.002*"blockchain" + 0.002*"product" + 0.002*"personal" + 0.002*"market" + 0.001*"wabi" + 0.001*"crime"
2018-08-28 04:21:11,601 : INFO : topic #15 (0.050): 0.023*"chancoin" + 0.008*"coin" + 0.006*"buy" + 0.006*"like" + 0.006*"get" + 0.005*"make" + 0.005*"btc" + 0.005*"going" + 0.005*"money" + 0.005*"im"
2018-08-28 04:21:11,602 : INFO : topic #0 (0.050): 0.011*"buy" + 0.009*"im" + 0.008*"like" + 0.008*"going" + 0.008*"get" + 0.007*"coin" + 0.007*"sell" + 0.007*"go" + 0.006*"btc" + 0.006*"fucking"
2018-08-28 04:21:11,606 : INFO : topic diff=0.109956, rho=0.288675
2018-08-28 04:21:24,010 : INFO : -8.414 per-word bound, 341.2 perplexity estimate based on a held-out corpus of 4623 documents with 2290604 words
2018-08-28 04:21:24,013 : INFO : PROGRESS: pass 11, at document #4623/4623
2018-08-28 04:21:30,624 : INFO : topic #3 (0.050): 0.022*"link" + 0.008*"token" + 0.007*"get" + 0.006*"req" + 0.006*"like" + 0.005*"make" + 0.005*"chainlink" + 0.005*"coin" + 0.005*"even" + 0.005*"use"
2018-08-28 04:21:30,627 : INFO : topic #14 (0.050): 0.010*"buy" + 0.008*"btc" + 0.008*"get" + 0.008*"money" + 0.007*"like" + 0.006*"im" + 0.006*"make" + 0.005*"would" + 0.005*"want" + 0.005*"go"
2018-08-28 04:21:30,629 : INFO : topic #16 (0.050): 0.009*"like" + 0.008*"im" + 0.008*"get" + 0.007*"money" + 0.007*"make" + 0.006*"people" + 0.006*"would" + 0.005*"year" + 0.005*"want" + 0.005*"crypto"
2018-08-28 04:21:30,631 : INFO : topic #18 (0.050): 0.009*"tax" + 0.008*"coin" + 0.007*"like" + 0.007*"btc" + 0.007*"crypto" + 0.006*"get" + 0.006*"would" + 0.006*"money" + 0.005*"pay" + 0.005*"one"
2018-08-28 04:21:30,635 : INFO : topic #17 (0.050): 0.019*"die" + 0.008*"get" + 0.006*"like" + 0.003*"good" + 0.003*"know" + 0.003*"pip" + 0.003*"even" + 0.003*"im" + 0.003*"money" + 0.002*"need"
2018-08-28 04:21:30,640 : INFO : topic diff=0.088119, rho=0.277350
2018-08-28 04:21:43,059 : INFO : -8.408 per-word bound, 339.7 perplexity estimate based on a held-out corpus of 4623 documents with 2290604 words
2018-08-28 04:21:43,061 : INFO : PROGRESS: pass 12, at document #4623/4623
2018-08-28 04:21:49,672 : INFO : topic #6 (0.050): 0.011*"bitcoin" + 0.008*"btc" + 0.008*"coin" + 0.006*"crypto" + 0.005*"xmr" + 0.005*"like" + 0.004*"im" + 0.004*"money" + 0.004*"year" + 0.004*"one"
2018-08-28 04:21:49,675 : INFO : topic #4 (0.050): 0.035*"ark" + 0.007*"get" + 0.004*"fucking" + 0.004*"arkies" + 0.004*"im" + 0.004*"one" + 0.004*"it" + 0.004*"going" + 0.004*"like" + 0.004*"deluded"
2018-08-28 04:21:49,677 : INFO : topic #19 (0.050): 0.006*"cp" + 0.006*"people" + 0.005*"child" + 0.005*"like" + 0.005*"one" + 0.005*"get" + 0.004*"guy" + 0.004*"fucking" + 0.003*"think" + 0.003*"vitalik"
2018-08-28 04:21:49,682 : INFO : topic #5 (0.050): 0.012*"bitcoin" + 0.009*"btc" + 0.008*"like" + 0.007*"people" + 0.007*"get" + 0.007*"fucking" + 0.005*"one" + 0.005*"shit" + 0.005*"would" + 0.005*"fuck"
2018-08-28 04:21:49,684 : INFO : topic #11 (0.050): 0.032*"bch" + 0.028*"btc" + 0.011*"bitcoin" + 0.007*"miner" + 0.006*"going" + 0.006*"transaction" + 0.006*"get" + 0.006*"time" + 0.005*"people" + 0.005*"difficulty"
2018-08-28 04:21:49,688 : INFO : topic diff=0.072996, rho=0.267261
2018-08-28 04:22:02,070 : INFO : -8.402 per-word bound, 338.4 perplexity estimate based on a held-out corpus of 4623 documents with 2290604 words
2018-08-28 04:22:02,073 : INFO : PROGRESS: pass 13, at document #4623/4623
2018-08-28 04:22:08,676 : INFO : topic #5 (0.050): 0.012*"bitcoin" + 0.008*"btc" + 0.008*"like" + 0.007*"people" + 0.007*"get" + 0.007*"fucking" + 0.005*"one" + 0.005*"shit" + 0.005*"would" + 0.005*"fuck"
2018-08-28 04:22:08,678 : INFO : topic #0 (0.050): 0.011*"buy" + 0.009*"im" + 0.008*"like" + 0.008*"going" + 0.008*"get" + 0.007*"coin" + 0.007*"sell" + 0.007*"go" + 0.006*"btc" + 0.006*"fucking"
2018-08-28 04:22:08,680 : INFO : topic #11 (0.050): 0.033*"bch" + 0.029*"btc" + 0.012*"bitcoin" + 0.007*"miner" + 0.007*"transaction" + 0.007*"going" + 0.006*"get" + 0.006*"time" + 0.005*"people" + 0.005*"difficulty"
2018-08-28 04:22:08,682 : INFO : topic #4 (0.050): 0.037*"ark" + 0.007*"get" + 0.004*"fucking" + 0.004*"arkies" + 0.004*"im" + 0.004*"going" + 0.004*"it" + 0.004*"one" + 0.004*"deluded" + 0.003*"delegate"
2018-08-28 04:22:08,684 : INFO : topic #18 (0.050): 0.009*"tax" + 0.008*"coin" + 0.007*"crypto" + 0.007*"like" + 0.007*"btc" + 0.006*"get" + 0.006*"would" + 0.006*"money" + 0.005*"pay" + 0.005*"year"
2018-08-28 04:22:08,687 : INFO : topic diff=0.062096, rho=0.258199
2018-08-28 04:22:21,066 : INFO : -8.398 per-word bound, 337.2 perplexity estimate based on a held-out corpus of 4623 documents with 2290604 words
2018-08-28 04:22:21,069 : INFO : PROGRESS: pass 14, at document #4623/4623
2018-08-28 04:22:27,924 : INFO : topic #15 (0.050): 0.027*"chancoin" + 0.009*"coin" + 0.006*"buy" + 0.005*"like" + 0.005*"get" + 0.005*"make" + 0.005*"power" + 0.005*"going" + 0.004*"money" + 0.004*"im"
2018-08-28 04:22:27,928 : INFO : topic #9 (0.050): 0.007*"coin" + 0.006*"linkies" + 0.006*"quad" + 0.006*"deranged" + 0.006*"linkie" + 0.005*"link" + 0.005*"time" + 0.004*"free" + 0.004*"community" + 0.004*"price"
2018-08-28 04:22:27,930 : INFO : topic #1 (0.050): 0.003*"pokemon" + 0.003*"card" + 0.001*"box" + 0.001*"yugioh" + 0.001*"edition" + 0.001*"bloodline" + 0.001*"bat" + 0.001*"poland" + 0.001*"charizard" + 0.001*"mobile"
2018-08-28 04:22:27,932 : INFO : topic #11 (0.050): 0.034*"bch" + 0.030*"btc" + 0.013*"bitcoin" + 0.007*"miner" + 0.007*"going" + 0.007*"transaction" + 0.006*"time" + 0.006*"get" + 0.005*"people" + 0.005*"block"
2018-08-28 04:22:27,934 : INFO : topic #5 (0.050): 0.012*"bitcoin" + 0.008*"btc" + 0.008*"like" + 0.008*"people" + 0.007*"get" + 0.007*"fucking" + 0.005*"one" + 0.005*"would" + 0.005*"shit" + 0.005*"fuck"
2018-08-28 04:22:27,937 : INFO : topic diff=0.054000, rho=0.250000
2018-08-28 04:22:40,546 : INFO : -8.393 per-word bound, 336.2 perplexity estimate based on a held-out corpus of 4623 documents with 2290604 words
2018-08-28 04:22:40,548 : INFO : PROGRESS: pass 15, at document #4623/4623
2018-08-28 04:22:47,125 : INFO : topic #7 (0.050): 0.008*"bitbay" + 0.004*"marketplace" + 0.003*"wallet" + 0.003*"blockchain" + 0.003*"private" + 0.003*"decentralized" + 0.002*"key" + 0.002*"syscoin" + 0.002*"web" + 0.002*"also"
2018-08-28 04:22:47,127 : INFO : topic #5 (0.050): 0.012*"bitcoin" + 0.008*"btc" + 0.008*"like" + 0.008*"people" + 0.007*"get" + 0.007*"fucking" + 0.005*"one" + 0.005*"would" + 0.005*"shit" + 0.005*"fuck"
2018-08-28 04:22:47,129 : INFO : topic #14 (0.050): 0.010*"buy" + 0.008*"get" + 0.008*"money" + 0.007*"btc" + 0.007*"like" + 0.006*"im" + 0.006*"make" + 0.005*"would" + 0.005*"want" + 0.005*"year"
2018-08-28 04:22:47,131 : INFO : topic #18 (0.050): 0.009*"tax" + 0.008*"coin" + 0.007*"crypto" + 0.007*"like" + 0.006*"btc" + 0.006*"get" + 0.006*"would" + 0.006*"money" + 0.006*"pay" + 0.005*"year"
2018-08-28 04:22:47,133 : INFO : topic #10 (0.050): 0.007*"get" + 0.006*"like" + 0.004*"make" + 0.004*"link" + 0.004*"people" + 0.004*"fuck" + 0.004*"fucking" + 0.004*"it" + 0.004*"money" + 0.004*"bat"
2018-08-28 04:22:47,136 : INFO : topic diff=0.047799, rho=0.242536
2018-08-28 04:22:59,960 : INFO : -8.389 per-word bound, 335.3 perplexity estimate based on a held-out corpus of 4623 documents with 2290604 words
2018-08-28 04:22:59,962 : INFO : PROGRESS: pass 16, at document #4623/4623
2018-08-28 04:23:06,284 : INFO : topic #9 (0.050): 0.007*"coin" + 0.006*"linkies" + 0.006*"quad" + 0.006*"deranged" + 0.006*"linkie" + 0.005*"link" + 0.005*"time" + 0.004*"free" + 0.004*"community" + 0.004*"price"
2018-08-28 04:23:06,287 : INFO : topic #13 (0.050): 0.033*"tether" + 0.011*"bitfinex" + 0.008*"btc" + 0.008*"usd" + 0.008*"usdt" + 0.007*"people" + 0.006*"pbc" + 0.006*"powr" + 0.005*"slr" + 0.005*"money"
2018-08-28 04:23:06,289 : INFO : topic #4 (0.050): 0.042*"ark" + 0.006*"get" + 0.005*"arkies" + 0.004*"fucking" + 0.004*"deluded" + 0.004*"delegate" + 0.004*"going" + 0.004*"it" + 0.003*"im" + 0.003*"one"
2018-08-28 04:23:06,291 : INFO : topic #19 (0.050): 0.007*"cp" + 0.006*"child" + 0.006*"people" + 0.004*"one" + 0.004*"like" + 0.004*"vitalik" + 0.004*"get" + 0.004*"guy" + 0.003*"fucking" + 0.003*"think"
2018-08-28 04:23:06,292 : INFO : topic #1 (0.050): 0.003*"pokemon" + 0.003*"card" + 0.001*"box" + 0.001*"yugioh" + 0.001*"edition" + 0.001*"bloodline" + 0.001*"charizard" + 0.001*"poland" + 0.001*"booster" + 0.001*"mobile"
2018-08-28 04:23:06,296 : INFO : topic diff=0.042924, rho=0.235702
2018-08-28 04:23:18,441 : INFO : -8.386 per-word bound, 334.5 perplexity estimate based on a held-out corpus of 4623 documents with 2290604 words
2018-08-28 04:23:18,442 : INFO : PROGRESS: pass 17, at document #4623/4623
2018-08-28 04:23:24,961 : INFO : topic #1 (0.050): 0.003*"pokemon" + 0.003*"card" + 0.001*"box" + 0.001*"yugioh" + 0.001*"edition" + 0.001*"bloodline" + 0.001*"charizard" + 0.001*"poland" + 0.001*"booster" + 0.001*"mobile"
2018-08-28 04:23:24,963 : INFO : topic #15 (0.050): 0.029*"chancoin" + 0.009*"coin" + 0.006*"buy" + 0.005*"power" + 0.005*"like" + 0.005*"get" + 0.005*"make" + 0.004*"going" + 0.004*"powr" + 0.004*"fucking"
2018-08-28 04:23:24,965 : INFO : topic #14 (0.050): 0.010*"buy" + 0.008*"get" + 0.008*"money" + 0.007*"like" + 0.007*"btc" + 0.006*"im" + 0.005*"make" + 0.005*"would" + 0.005*"want" + 0.005*"year"
2018-08-28 04:23:24,967 : INFO : topic #17 (0.050): 0.023*"die" + 0.007*"get" + 0.005*"like" + 0.003*"pip" + 0.003*"good" + 0.002*"forex" + 0.002*"know" + 0.002*"also" + 0.002*"need" + 0.002*"even"
2018-08-28 04:23:24,969 : INFO : topic #18 (0.050): 0.009*"tax" + 0.008*"coin" + 0.007*"crypto" + 0.007*"like" + 0.006*"btc" + 0.006*"get" + 0.006*"money" + 0.006*"would" + 0.006*"pay" + 0.005*"year"
2018-08-28 04:23:24,972 : INFO : topic diff=0.039003, rho=0.229416
2018-08-28 04:23:36,760 : INFO : -8.383 per-word bound, 333.7 perplexity estimate based on a held-out corpus of 4623 documents with 2290604 words
2018-08-28 04:23:36,761 : INFO : PROGRESS: pass 18, at document #4623/4623
2018-08-28 04:23:43,205 : INFO : topic #19 (0.050): 0.008*"cp" + 0.007*"child" + 0.005*"people" + 0.004*"vitalik" + 0.004*"one" + 0.004*"like" + 0.004*"guy" + 0.004*"get" + 0.003*"fucking" + 0.003*"think"
2018-08-28 04:23:43,207 : INFO : topic #15 (0.050): 0.030*"chancoin" + 0.009*"coin" + 0.006*"buy" + 0.006*"power" + 0.005*"like" + 0.005*"get" + 0.005*"make" + 0.004*"powr" + 0.004*"going" + 0.004*"fucking"
2018-08-28 04:23:43,209 : INFO : topic #13 (0.050): 0.034*"tether" + 0.012*"bitfinex" + 0.008*"usd" + 0.008*"usdt" + 0.008*"btc" + 0.007*"people" + 0.006*"pbc" + 0.006*"powr" + 0.005*"slr" + 0.005*"teeka"
2018-08-28 04:23:43,211 : INFO : topic #16 (0.050): 0.009*"like" + 0.009*"get" + 0.009*"im" + 0.008*"money" + 0.008*"make" + 0.006*"people" + 0.006*"would" + 0.005*"year" + 0.005*"want" + 0.005*"crypto"
2018-08-28 04:23:43,212 : INFO : topic #17 (0.050): 0.024*"die" + 0.007*"get" + 0.005*"like" + 0.003*"pip" + 0.002*"good" + 0.002*"forex" + 0.002*"know" + 0.002*"also" + 0.002*"du" + 0.002*"need"
2018-08-28 04:23:43,216 : INFO : topic diff=0.035792, rho=0.223607
2018-08-28 04:23:55,260 : INFO : -8.380 per-word bound, 333.1 perplexity estimate based on a held-out corpus of 4623 documents with 2290604 words
2018-08-28 04:23:55,262 : INFO : PROGRESS: pass 19, at document #4623/4623
2018-08-28 04:24:01,660 : INFO : topic #9 (0.050): 0.007*"quad" + 0.007*"deranged" + 0.007*"linkies" + 0.006*"linkie" + 0.006*"coin" + 0.005*"link" + 0.005*"time" + 0.004*"community" + 0.004*"free" + 0.004*"surely"
2018-08-28 04:24:01,662 : INFO : topic #16 (0.050): 0.009*"like" + 0.009*"get" + 0.009*"im" + 0.008*"money" + 0.008*"make" + 0.006*"people" + 0.006*"would" + 0.005*"year" + 0.005*"want" + 0.005*"crypto"
2018-08-28 04:24:01,664 : INFO : topic #14 (0.050): 0.010*"buy" + 0.008*"money" + 0.008*"get" + 0.007*"like" + 0.006*"btc" + 0.006*"im" + 0.006*"would" + 0.005*"make" + 0.005*"want" + 0.005*"year"
2018-08-28 04:24:01,667 : INFO : topic #12 (0.050): 0.010*"silver" + 0.004*"digital" + 0.002*"year" + 0.002*"mana" + 0.002*"personal" + 0.002*"crime" + 0.002*"genesis" + 0.002*"rent" + 0.001*"oz" + 0.001*"world"
2018-08-28 04:24:01,668 : INFO : topic #6 (0.050): 0.010*"bitcoin" + 0.007*"coin" + 0.007*"btc" + 0.007*"xmr" + 0.005*"crypto" + 0.004*"year" + 0.004*"monero" + 0.004*"like" + 0.003*"im" + 0.003*"plus"
2018-08-28 04:24:01,671 : INFO : topic diff=0.033093, rho=0.218218
2018-08-28 04:24:13,701 : INFO : -8.377 per-word bound, 332.4 perplexity estimate based on a held-out corpus of 4623 documents with 2290604 words
2018-08-28 04:24:13,702 : INFO : PROGRESS: pass 20, at document #4623/4623
2018-08-28 04:24:20,130 : INFO : topic #3 (0.050): 0.026*"link" + 0.008*"token" + 0.007*"get" + 0.006*"req" + 0.006*"like" + 0.006*"chainlink" + 0.005*"even" + 0.005*"make" + 0.005*"coin" + 0.005*"would"
2018-08-28 04:24:20,132 : INFO : topic #6 (0.050): 0.010*"bitcoin" + 0.007*"xmr" + 0.007*"coin" + 0.006*"btc" + 0.005*"crypto" + 0.004*"year" + 0.004*"monero" + 0.003*"like" + 0.003*"plus" + 0.003*"im"
2018-08-28 04:24:20,133 : INFO : topic #16 (0.050): 0.009*"like" + 0.009*"get" + 0.009*"im" + 0.008*"money" + 0.008*"make" + 0.006*"people" + 0.006*"would" + 0.006*"year" + 0.005*"want" + 0.005*"crypto"
2018-08-28 04:24:20,135 : INFO : topic #0 (0.050): 0.011*"buy" + 0.009*"im" + 0.008*"like" + 0.008*"going" + 0.008*"get" + 0.007*"coin" + 0.007*"sell" + 0.007*"go" + 0.006*"btc" + 0.006*"fucking"
2018-08-28 04:24:20,137 : INFO : topic #18 (0.050): 0.010*"tax" + 0.008*"coin" + 0.007*"crypto" + 0.007*"like" + 0.006*"btc" + 0.006*"money" + 0.006*"get" + 0.006*"pay" + 0.006*"would" + 0.005*"year"
2018-08-28 04:24:20,140 : INFO : topic diff=0.030770, rho=0.213201
2018-08-28 04:24:32,564 : INFO : -8.374 per-word bound, 331.9 perplexity estimate based on a held-out corpus of 4623 documents with 2290604 words
2018-08-28 04:24:32,566 : INFO : PROGRESS: pass 21, at document #4623/4623
2018-08-28 04:24:39,036 : INFO : topic #2 (0.050): 0.015*"coin" + 0.010*"token" + 0.007*"wallet" + 0.007*"get" + 0.007*"ico" + 0.006*"like" + 0.006*"exchange" + 0.006*"project" + 0.006*"buy" + 0.005*"cap"
2018-08-28 04:24:39,038 : INFO : topic #4 (0.050): 0.048*"ark" + 0.006*"get" + 0.005*"arkies" + 0.005*"deluded" + 0.005*"delegate" + 0.004*"fucking" + 0.004*"going" + 0.003*"you" + 0.003*"it" + 0.003*"arkie"
2018-08-28 04:24:39,041 : INFO : topic #9 (0.050): 0.007*"quad" + 0.007*"deranged" + 0.007*"linkies" + 0.007*"linkie" + 0.006*"coin" + 0.005*"link" + 0.005*"time" + 0.004*"community" + 0.004*"free" + 0.004*"surely"
2018-08-28 04:24:39,045 : INFO : topic #16 (0.050): 0.009*"like" + 0.009*"get" + 0.009*"im" + 0.008*"money" + 0.008*"make" + 0.006*"people" + 0.006*"would" + 0.006*"year" + 0.005*"want" + 0.005*"crypto"
2018-08-28 04:24:39,047 : INFO : topic #7 (0.050): 0.010*"bitbay" + 0.004*"marketplace" + 0.003*"blockchain" + 0.003*"decentralized" + 0.002*"private" + 0.002*"wallet" + 0.002*"bay" + 0.002*"syscoin" + 0.002*"web" + 0.002*"peg"
2018-08-28 04:24:39,051 : INFO : topic diff=0.028760, rho=0.208514
2018-08-28 04:24:51,405 : INFO : -8.372 per-word bound, 331.3 perplexity estimate based on a held-out corpus of 4623 documents with 2290604 words
2018-08-28 04:24:51,407 : INFO : PROGRESS: pass 22, at document #4623/4623
2018-08-28 04:24:58,000 : INFO : topic #15 (0.050): 0.033*"chancoin" + 0.009*"coin" + 0.006*"power" + 0.006*"buy" + 0.005*"powr" + 0.005*"get" + 0.005*"like" + 0.005*"energy" + 0.004*"make" + 0.004*"going"
2018-08-28 04:24:58,003 : INFO : topic #11 (0.050): 0.035*"bch" + 0.035*"btc" + 0.018*"bitcoin" + 0.007*"miner" + 0.007*"going" + 0.007*"transaction" + 0.006*"cash" + 0.006*"time" + 0.006*"people" + 0.005*"get"
2018-08-28 04:24:58,005 : INFO : topic #17 (0.050): 0.026*"die" + 0.006*"get" + 0.004*"like" + 0.004*"pip" + 0.003*"forex" + 0.002*"du" + 0.002*"good" + 0.002*"know" + 0.002*"21" + 0.002*"also"
2018-08-28 04:24:58,007 : INFO : topic #16 (0.050): 0.009*"like" + 0.009*"get" + 0.009*"im" + 0.008*"money" + 0.008*"make" + 0.006*"people" + 0.006*"would" + 0.006*"year" + 0.006*"want" + 0.005*"know"
2018-08-28 04:24:58,009 : INFO : topic #19 (0.050): 0.009*"cp" + 0.007*"child" + 0.005*"people" + 0.005*"vitalik" + 0.004*"one" + 0.004*"guy" + 0.003*"like" + 0.003*"get" + 0.003*"think" + 0.003*"fucking"
2018-08-28 04:24:58,012 : INFO : topic diff=0.026971, rho=0.204124
2018-08-28 04:25:10,216 : INFO : -8.370 per-word bound, 330.8 perplexity estimate based on a held-out corpus of 4623 documents with 2290604 words
2018-08-28 04:25:10,218 : INFO : PROGRESS: pass 23, at document #4623/4623
2018-08-28 04:25:16,678 : INFO : topic #5 (0.050): 0.011*"bitcoin" + 0.008*"people" + 0.008*"like" + 0.007*"fucking" + 0.007*"get" + 0.006*"btc" + 0.005*"one" + 0.005*"would" + 0.005*"shit" + 0.005*"fuck"
2018-08-28 04:25:16,679 : INFO : topic #3 (0.050): 0.027*"link" + 0.008*"token" + 0.006*"get" + 0.006*"req" + 0.006*"like" + 0.006*"chainlink" + 0.005*"even" + 0.005*"make" + 0.005*"coin" + 0.005*"would"
2018-08-28 04:25:16,681 : INFO : topic #18 (0.050): 0.010*"tax" + 0.008*"crypto" + 0.007*"coin" + 0.007*"like" + 0.006*"money" + 0.006*"pay" + 0.006*"get" + 0.006*"btc" + 0.006*"would" + 0.005*"year"
2018-08-28 04:25:16,683 : INFO : topic #0 (0.050): 0.012*"buy" + 0.009*"im" + 0.008*"like" + 0.008*"going" + 0.008*"get" + 0.007*"coin" + 0.007*"sell" + 0.007*"go" + 0.006*"btc" + 0.006*"fucking"
2018-08-28 04:25:16,684 : INFO : topic #6 (0.050): 0.010*"bitcoin" + 0.007*"xmr" + 0.006*"coin" + 0.006*"btc" + 0.005*"crypto" + 0.004*"year" + 0.004*"monero" + 0.004*"plus" + 0.003*"like" + 0.003*"im"
2018-08-28 04:25:16,688 : INFO : topic diff=0.025361, rho=0.200000
2018-08-28 04:25:28,971 : INFO : -8.368 per-word bound, 330.4 perplexity estimate based on a held-out corpus of 4623 documents with 2290604 words
2018-08-28 04:25:28,973 : INFO : PROGRESS: pass 24, at document #4623/4623
2018-08-28 04:25:35,407 : INFO : topic #13 (0.050): 0.036*"tether" + 0.013*"bitfinex" + 0.009*"usd" + 0.009*"usdt" + 0.008*"btc" + 0.007*"people" + 0.006*"pbc" + 0.006*"exchange" + 0.006*"powr" + 0.006*"teeka"
2018-08-28 04:25:35,410 : INFO : topic #8 (0.050): 0.005*"like" + 0.005*"application" + 0.005*"platform" + 0.003*"product" + 0.003*"credit" + 0.003*"token" + 0.003*"see" + 0.002*"lead" + 0.002*"million" + 0.002*"one"
2018-08-28 04:25:35,412 : INFO : topic #0 (0.050): 0.012*"buy" + 0.009*"im" + 0.008*"like" + 0.008*"going" + 0.008*"get" + 0.007*"coin" + 0.007*"sell" + 0.007*"go" + 0.006*"btc" + 0.006*"fucking"
2018-08-28 04:25:35,414 : INFO : topic #15 (0.050): 0.034*"chancoin" + 0.009*"coin" + 0.007*"power" + 0.005*"buy" + 0.005*"powr" + 0.005*"energy" + 0.005*"get" + 0.005*"like" + 0.004*"make" + 0.004*"going"
2018-08-28 04:25:35,416 : INFO : topic #12 (0.050): 0.010*"silver" + 0.004*"digital" + 0.002*"year" + 0.002*"mana" + 0.002*"personal" + 0.002*"crime" + 0.002*"genesis" + 0.002*"rent" + 0.002*"oz" + 0.001*"pm"
2018-08-28 04:25:35,420 : INFO : topic diff=0.023970, rho=0.196116
2018-08-28 04:25:47,549 : INFO : -8.366 per-word bound, 330.0 perplexity estimate based on a held-out corpus of 4623 documents with 2290604 words
2018-08-28 04:25:47,550 : INFO : PROGRESS: pass 25, at document #4623/4623
2018-08-28 04:25:54,099 : INFO : topic #6 (0.050): 0.010*"bitcoin" + 0.007*"xmr" + 0.006*"coin" + 0.005*"btc" + 0.005*"crypto" + 0.004*"year" + 0.004*"plus" + 0.004*"monero" + 0.003*"like" + 0.003*"eth"
2018-08-28 04:25:54,104 : INFO : topic #8 (0.050): 0.005*"like" + 0.005*"application" + 0.005*"platform" + 0.003*"product" + 0.003*"credit" + 0.003*"token" + 0.003*"see" + 0.003*"lead" + 0.002*"million" + 0.002*"much"
2018-08-28 04:25:54,106 : INFO : topic #9 (0.050): 0.008*"quad" + 0.007*"deranged" + 0.007*"linkies" + 0.007*"linkie" + 0.005*"coin" + 0.005*"link" + 0.005*"community" + 0.005*"free" + 0.005*"time" + 0.004*"surely"
2018-08-28 04:25:54,109 : INFO : topic #16 (0.050): 0.010*"get" + 0.010*"like" + 0.009*"im" + 0.008*"money" + 0.008*"make" + 0.006*"people" + 0.006*"would" + 0.006*"want" + 0.006*"year" + 0.005*"know"
2018-08-28 04:25:54,110 : INFO : topic #1 (0.050): 0.003*"pokemon" + 0.003*"card" + 0.001*"box" + 0.001*"yugioh" + 0.001*"edition" + 0.001*"bloodline" + 0.001*"charizard" + 0.001*"booster" + 0.001*"poland" + 0.001*"psa"
2018-08-28 04:25:54,113 : INFO : topic diff=0.022661, rho=0.192450
2018-08-28 04:26:06,253 : INFO : -8.364 per-word bound, 329.6 perplexity estimate based on a held-out corpus of 4623 documents with 2290604 words
2018-08-28 04:26:06,254 : INFO : PROGRESS: pass 26, at document #4623/4623
2018-08-28 04:26:12,639 : INFO : topic #6 (0.050): 0.009*"bitcoin" + 0.007*"xmr" + 0.006*"coin" + 0.005*"crypto" + 0.005*"btc" + 0.004*"plus" + 0.004*"year" + 0.004*"monero" + 0.003*"like" + 0.002*"eth"
2018-08-28 04:26:12,641 : INFO : topic #2 (0.050): 0.015*"coin" + 0.010*"token" + 0.007*"wallet" + 0.007*"get" + 0.007*"ico" + 0.006*"exchange" + 0.006*"like" + 0.006*"project" + 0.006*"buy" + 0.006*"team"
2018-08-28 04:26:12,643 : INFO : topic #18 (0.050): 0.010*"tax" + 0.008*"crypto" + 0.007*"coin" + 0.007*"like" + 0.006*"money" + 0.006*"pay" + 0.006*"get" + 0.006*"would" + 0.006*"btc" + 0.005*"monero"
2018-08-28 04:26:12,645 : INFO : topic #15 (0.050): 0.035*"chancoin" + 0.010*"coin" + 0.007*"power" + 0.005*"powr" + 0.005*"buy" + 0.005*"energy" + 0.005*"get" + 0.004*"like" + 0.004*"make" + 0.004*"going"
2018-08-28 04:26:12,647 : INFO : topic #19 (0.050): 0.009*"cp" + 0.008*"child" + 0.005*"vitalik" + 0.005*"people" + 0.004*"one" + 0.004*"guy" + 0.003*"porn" + 0.003*"like" + 0.003*"he" + 0.003*"think"
2018-08-28 04:26:12,650 : INFO : topic diff=0.021454, rho=0.188982
2018-08-28 04:26:24,863 : INFO : -8.363 per-word bound, 329.2 perplexity estimate based on a held-out corpus of 4623 documents with 2290604 words
2018-08-28 04:26:24,866 : INFO : PROGRESS: pass 27, at document #4623/4623
2018-08-28 04:26:31,378 : INFO : topic #12 (0.050): 0.010*"silver" + 0.004*"digital" + 0.002*"year" + 0.002*"mana" + 0.002*"personal" + 0.002*"crime" + 0.002*"genesis" + 0.002*"rent" + 0.002*"oz" + 0.001*"pm"
2018-08-28 04:26:31,381 : INFO : topic #10 (0.050): 0.006*"bat" + 0.005*"get" + 0.004*"like" + 0.003*"fuck" + 0.003*"make" + 0.003*"people" + 0.003*"it" + 0.003*"fucking" + 0.003*"cant" + 0.003*"would"
2018-08-28 04:26:31,383 : INFO : topic #4 (0.050): 0.054*"ark" + 0.006*"arkies" + 0.006*"get" + 0.005*"deluded" + 0.005*"delegate" + 0.004*"fucking" + 0.004*"going" + 0.003*"arkie" + 0.003*"you" + 0.003*"mobile"
2018-08-28 04:26:31,385 : INFO : topic #7 (0.050): 0.010*"bitbay" + 0.005*"marketplace" + 0.003*"blockchain" + 0.003*"decentralized" + 0.002*"bay" + 0.002*"syscoin" + 0.002*"web" + 0.002*"private" + 0.002*"peg" + 0.002*"received"
2018-08-28 04:26:31,388 : INFO : topic #14 (0.050): 0.010*"buy" + 0.008*"money" + 0.008*"get" + 0.006*"like" + 0.006*"would" + 0.006*"car" + 0.005*"want" + 0.005*"im" + 0.005*"make" + 0.005*"year"
2018-08-28 04:26:31,391 : INFO : topic diff=0.020341, rho=0.185695
2018-08-28 04:26:43,638 : INFO : -8.361 per-word bound, 328.9 perplexity estimate based on a held-out corpus of 4623 documents with 2290604 words
2018-08-28 04:26:43,639 : INFO : PROGRESS: pass 28, at document #4623/4623
2018-08-28 04:26:50,112 : INFO : topic #2 (0.050): 0.015*"coin" + 0.010*"token" + 0.008*"wallet" + 0.007*"get" + 0.007*"ico" + 0.007*"exchange" + 0.006*"project" + 0.006*"like" + 0.006*"team" + 0.006*"buy"
2018-08-28 04:26:50,115 : INFO : topic #17 (0.050): 0.029*"die" + 0.005*"get" + 0.004*"pip" + 0.003*"like" + 0.003*"forex" + 0.002*"du" + 0.002*"21" + 0.002*"logo" + 0.002*"da" + 0.002*"und"
2018-08-28 04:26:50,117 : INFO : topic #11 (0.050): 0.036*"btc" + 0.035*"bch" + 0.021*"bitcoin" + 0.007*"miner" + 0.007*"going" + 0.007*"transaction" + 0.006*"cash" + 0.006*"people" + 0.006*"time" + 0.005*"block"
2018-08-28 04:26:50,119 : INFO : topic #15 (0.050): 0.036*"chancoin" + 0.010*"coin" + 0.007*"power" + 0.006*"powr" + 0.005*"energy" + 0.005*"buy" + 0.004*"get" + 0.004*"like" + 0.004*"make" + 0.004*"going"
2018-08-28 04:26:50,121 : INFO : topic #13 (0.050): 0.038*"tether" + 0.013*"bitfinex" + 0.009*"usdt" + 0.009*"usd" + 0.007*"btc" + 0.007*"pbc" + 0.007*"people" + 0.006*"exchange" + 0.006*"teeka" + 0.006*"powr"
2018-08-28 04:26:50,124 : INFO : topic diff=0.019338, rho=0.182574
2018-08-28 04:27:02,504 : INFO : -8.360 per-word bound, 328.5 perplexity estimate based on a held-out corpus of 4623 documents with 2290604 words
2018-08-28 04:27:02,507 : INFO : PROGRESS: pass 29, at document #4623/4623
2018-08-28 04:27:09,003 : INFO : topic #3 (0.050): 0.028*"link" + 0.007*"token" + 0.007*"req" + 0.006*"get" + 0.006*"like" + 0.006*"chainlink" + 0.006*"even" + 0.005*"make" + 0.005*"would" + 0.005*"coin"
2018-08-28 04:27:09,005 : INFO : topic #4 (0.050): 0.056*"ark" + 0.006*"arkies" + 0.005*"get" + 0.005*"deluded" + 0.005*"delegate" + 0.004*"fucking" + 0.004*"going" + 0.004*"arkie" + 0.003*"you" + 0.003*"mobile"
2018-08-28 04:27:09,007 : INFO : topic #18 (0.050): 0.010*"tax" + 0.008*"crypto" + 0.007*"coin" + 0.007*"like" + 0.006*"money" + 0.006*"pay" + 0.006*"get" + 0.006*"would" + 0.006*"btc" + 0.006*"monero"
2018-08-28 04:27:09,009 : INFO : topic #0 (0.050): 0.012*"buy" + 0.009*"im" + 0.008*"like" + 0.008*"going" + 0.008*"get" + 0.007*"coin" + 0.007*"go" + 0.007*"sell" + 0.006*"fucking" + 0.006*"btc"
2018-08-28 04:27:09,011 : INFO : topic #19 (0.050): 0.010*"cp" + 0.008*"child" + 0.006*"vitalik" + 0.004*"people" + 0.003*"guy" + 0.003*"one" + 0.003*"porn" + 0.003*"possession" + 0.003*"he" + 0.003*"like"
2018-08-28 04:27:09,015 : INFO : topic diff=0.018395, rho=0.179605
2018-08-28 04:27:21,306 : INFO : -8.358 per-word bound, 328.2 perplexity estimate based on a held-out corpus of 4623 documents with 2290604 words
2018-08-28 04:27:21,307 : INFO : PROGRESS: pass 30, at document #4623/4623
2018-08-28 04:27:27,827 : INFO : topic #9 (0.050): 0.008*"quad" + 0.008*"deranged" + 0.008*"linkies" + 0.007*"linkie" + 0.005*"community" + 0.005*"free" + 0.005*"link" + 0.005*"surely" + 0.005*"common" + 0.005*"lost"
2018-08-28 04:27:27,832 : INFO : topic #15 (0.050): 0.038*"chancoin" + 0.010*"coin" + 0.008*"power" + 0.006*"powr" + 0.006*"energy" + 0.005*"buy" + 0.004*"get" + 0.004*"like" + 0.004*"make" + 0.004*"going"
2018-08-28 04:27:27,837 : INFO : topic #2 (0.050): 0.015*"coin" + 0.010*"token" + 0.008*"wallet" + 0.007*"get" + 0.007*"ico" + 0.007*"exchange" + 0.006*"project" + 0.006*"like" + 0.006*"team" + 0.006*"buy"
2018-08-28 04:27:27,840 : INFO : topic #11 (0.050): 0.036*"btc" + 0.034*"bch" + 0.022*"bitcoin" + 0.007*"miner" + 0.007*"transaction" + 0.007*"going" + 0.007*"cash" + 0.006*"people" + 0.006*"time" + 0.005*"block"
2018-08-28 04:27:27,842 : INFO : topic #8 (0.050): 0.006*"application" + 0.005*"like" + 0.005*"platform" + 0.003*"credit" + 0.003*"product" + 0.003*"see" + 0.003*"token" + 0.003*"lead" + 0.002*"million" + 0.002*"poker"
2018-08-28 04:27:27,847 : INFO : topic diff=0.017523, rho=0.176777
2018-08-28 04:27:40,078 : INFO : -8.357 per-word bound, 327.9 perplexity estimate based on a held-out corpus of 4623 documents with 2290604 words
2018-08-28 04:27:40,079 : INFO : PROGRESS: pass 31, at document #4623/4623
2018-08-28 04:27:46,500 : INFO : topic #13 (0.050): 0.038*"tether" + 0.014*"bitfinex" + 0.009*"usdt" + 0.009*"usd" + 0.007*"btc" + 0.007*"pbc" + 0.007*"people" + 0.006*"exchange" + 0.006*"teeka" + 0.006*"slr"
2018-08-28 04:27:46,502 : INFO : topic #11 (0.050): 0.036*"btc" + 0.034*"bch" + 0.022*"bitcoin" + 0.007*"miner" + 0.007*"transaction" + 0.007*"going" + 0.007*"cash" + 0.006*"people" + 0.006*"time" + 0.005*"block"
2018-08-28 04:27:46,503 : INFO : topic #3 (0.050): 0.028*"link" + 0.007*"token" + 0.007*"req" + 0.006*"get" + 0.006*"like" + 0.006*"chainlink" + 0.006*"even" + 0.005*"make" + 0.005*"would" + 0.005*"use"
2018-08-28 04:27:46,505 : INFO : topic #18 (0.050): 0.010*"tax" + 0.008*"crypto" + 0.007*"coin" + 0.007*"like" + 0.006*"money" + 0.006*"pay" + 0.006*"get" + 0.006*"would" + 0.006*"btc" + 0.006*"monero"
2018-08-28 04:27:46,507 : INFO : topic #9 (0.050): 0.008*"quad" + 0.008*"deranged" + 0.008*"linkies" + 0.007*"linkie" + 0.005*"community" + 0.005*"free" + 0.005*"surely" + 0.005*"common" + 0.005*"link" + 0.005*"lost"
2018-08-28 04:27:46,514 : INFO : topic diff=0.016679, rho=0.174078
2018-08-28 04:27:59,663 : INFO : -8.356 per-word bound, 327.6 perplexity estimate based on a held-out corpus of 4623 documents with 2290604 words
2018-08-28 04:27:59,664 : INFO : PROGRESS: pass 32, at document #4623/4623
2018-08-28 04:28:06,145 : INFO : topic #12 (0.050): 0.010*"silver" + 0.004*"digital" + 0.002*"year" + 0.002*"mana" + 0.002*"personal" + 0.002*"crime" + 0.002*"genesis" + 0.002*"rent" + 0.002*"oz" + 0.001*"pm"
2018-08-28 04:28:06,148 : INFO : topic #9 (0.050): 0.009*"quad" + 0.008*"deranged" + 0.008*"linkies" + 0.007*"linkie" + 0.005*"community" + 0.005*"free" + 0.005*"surely" + 0.005*"common" + 0.005*"lost" + 0.005*"link"
2018-08-28 04:28:06,152 : INFO : topic #15 (0.050): 0.039*"chancoin" + 0.010*"coin" + 0.008*"power" + 0.006*"powr" + 0.006*"energy" + 0.005*"buy" + 0.004*"get" + 0.004*"make" + 0.004*"like" + 0.004*"going"
2018-08-28 04:28:06,154 : INFO : topic #13 (0.050): 0.039*"tether" + 0.014*"bitfinex" + 0.009*"usdt" + 0.009*"usd" + 0.007*"btc" + 0.007*"pbc" + 0.007*"people" + 0.006*"exchange" + 0.006*"teeka" + 0.006*"slr"
2018-08-28 04:28:06,155 : INFO : topic #3 (0.050): 0.028*"link" + 0.007*"token" + 0.007*"req" + 0.006*"get" + 0.006*"like" + 0.006*"chainlink" + 0.006*"even" + 0.005*"make" + 0.005*"would" + 0.005*"use"
2018-08-28 04:28:06,158 : INFO : topic diff=0.015890, rho=0.171499
2018-08-28 04:28:18,275 : INFO : -8.355 per-word bound, 327.4 perplexity estimate based on a held-out corpus of 4623 documents with 2290604 words
2018-08-28 04:28:18,276 : INFO : PROGRESS: pass 33, at document #4623/4623
2018-08-28 04:28:24,714 : INFO : topic #7 (0.050): 0.011*"bitbay" + 0.005*"marketplace" + 0.003*"blockchain" + 0.003*"bay" + 0.003*"decentralized" + 0.002*"syscoin" + 0.002*"peg" + 0.002*"web" + 0.002*"received" + 0.002*"technology"
2018-08-28 04:28:24,718 : INFO : topic #8 (0.050): 0.006*"application" + 0.005*"platform" + 0.005*"like" + 0.003*"credit" + 0.003*"product" + 0.003*"lead" + 0.003*"see" + 0.003*"token" + 0.002*"million" + 0.002*"poker"
2018-08-28 04:28:24,720 : INFO : topic #5 (0.050): 0.009*"bitcoin" + 0.008*"people" + 0.008*"like" + 0.007*"fucking" + 0.006*"get" + 0.005*"one" + 0.005*"would" + 0.005*"shit" + 0.005*"btc" + 0.005*"fuck"
2018-08-28 04:28:24,722 : INFO : topic #17 (0.050): 0.030*"die" + 0.004*"pip" + 0.004*"get" + 0.003*"forex" + 0.003*"du" + 0.002*"like" + 0.002*"21" + 0.002*"logo" + 0.002*"da" + 0.002*"und"
2018-08-28 04:28:24,724 : INFO : topic #12 (0.050): 0.010*"silver" + 0.004*"digital" + 0.002*"year" + 0.002*"mana" + 0.002*"personal" + 0.002*"crime" + 0.002*"genesis" + 0.002*"rent" + 0.002*"oz" + 0.001*"pm"
2018-08-28 04:28:24,728 : INFO : topic diff=0.015123, rho=0.169031
2018-08-28 04:28:36,788 : INFO : -8.354 per-word bound, 327.1 perplexity estimate based on a held-out corpus of 4623 documents with 2290604 words
2018-08-28 04:28:36,789 : INFO : PROGRESS: pass 34, at document #4623/4623
2018-08-28 04:28:43,075 : INFO : topic #17 (0.050): 0.031*"die" + 0.004*"pip" + 0.004*"get" + 0.003*"forex" + 0.003*"du" + 0.002*"like" + 0.002*"21" + 0.002*"logo" + 0.002*"da" + 0.002*"und"
2018-08-28 04:28:43,078 : INFO : topic #4 (0.050): 0.059*"ark" + 0.006*"arkies" + 0.006*"deluded" + 0.006*"delegate" + 0.005*"get" + 0.004*"going" + 0.004*"fucking" + 0.004*"arkie" + 0.003*"you" + 0.003*"mobile"
2018-08-28 04:28:43,080 : INFO : topic #18 (0.050): 0.010*"tax" + 0.008*"crypto" + 0.007*"like" + 0.007*"coin" + 0.006*"money" + 0.006*"pay" + 0.006*"get" + 0.006*"would" + 0.006*"monero" + 0.006*"btc"
2018-08-28 04:28:43,082 : INFO : topic #11 (0.050): 0.037*"btc" + 0.034*"bch" + 0.023*"bitcoin" + 0.007*"transaction" + 0.007*"miner" + 0.007*"going" + 0.007*"cash" + 0.006*"people" + 0.006*"time" + 0.006*"block"
2018-08-28 04:28:43,084 : INFO : topic #6 (0.050): 0.008*"bitcoin" + 0.008*"xmr" + 0.005*"plus" + 0.004*"coin" + 0.004*"crypto" + 0.004*"year" + 0.003*"monero" + 0.003*"btc" + 0.002*"ltc" + 0.002*"eth"
2018-08-28 04:28:43,087 : INFO : topic diff=0.014395, rho=0.166667
2018-08-28 04:28:54,914 : INFO : -8.353 per-word bound, 326.9 perplexity estimate based on a held-out corpus of 4623 documents with 2290604 words
2018-08-28 04:28:54,917 : INFO : PROGRESS: pass 35, at document #4623/4623
2018-08-28 04:29:01,138 : INFO : topic #11 (0.050): 0.037*"btc" + 0.034*"bch" + 0.023*"bitcoin" + 0.007*"transaction" + 0.007*"miner" + 0.007*"going" + 0.007*"cash" + 0.006*"people" + 0.006*"time" + 0.006*"block"
2018-08-28 04:29:01,142 : INFO : topic #7 (0.050): 0.011*"bitbay" + 0.005*"marketplace" + 0.003*"blockchain" + 0.003*"bay" + 0.002*"decentralized" + 0.002*"syscoin" + 0.002*"peg" + 0.002*"web" + 0.002*"received" + 0.002*"technology"
2018-08-28 04:29:01,144 : INFO : topic #17 (0.050): 0.031*"die" + 0.004*"pip" + 0.004*"get" + 0.003*"forex" + 0.003*"du" + 0.002*"21" + 0.002*"like" + 0.002*"logo" + 0.002*"da" + 0.002*"und"
2018-08-28 04:29:01,146 : INFO : topic #18 (0.050): 0.010*"tax" + 0.008*"crypto" + 0.007*"like" + 0.007*"coin" + 0.006*"money" + 0.006*"pay" + 0.006*"get" + 0.006*"would" + 0.006*"monero" + 0.006*"btc"
2018-08-28 04:29:01,148 : INFO : topic #6 (0.050): 0.008*"bitcoin" + 0.008*"xmr" + 0.005*"plus" + 0.004*"coin" + 0.004*"crypto" + 0.004*"year" + 0.003*"monero" + 0.003*"btc" + 0.002*"ltc" + 0.002*"currency"
2018-08-28 04:29:01,151 : INFO : topic diff=0.013713, rho=0.164399
2018-08-28 04:29:12,895 : INFO : -8.352 per-word bound, 326.6 perplexity estimate based on a held-out corpus of 4623 documents with 2290604 words
2018-08-28 04:29:12,896 : INFO : PROGRESS: pass 36, at document #4623/4623
2018-08-28 04:29:19,086 : INFO : topic #11 (0.050): 0.037*"btc" + 0.034*"bch" + 0.024*"bitcoin" + 0.007*"transaction" + 0.007*"miner" + 0.007*"going" + 0.007*"cash" + 0.006*"people" + 0.006*"time" + 0.006*"block"
2018-08-28 04:29:19,088 : INFO : topic #10 (0.050): 0.006*"bat" + 0.004*"get" + 0.003*"like" + 0.003*"cant" + 0.003*"wabi" + 0.003*"fuck" + 0.002*"it" + 0.002*"make" + 0.002*"work" + 0.002*"fucking"
2018-08-28 04:29:19,090 : INFO : topic #16 (0.050): 0.010*"get" + 0.010*"like" + 0.009*"im" + 0.008*"money" + 0.008*"make" + 0.006*"people" + 0.006*"want" + 0.006*"would" + 0.006*"year" + 0.005*"know"
2018-08-28 04:29:19,093 : INFO : topic #7 (0.050): 0.011*"bitbay" + 0.005*"marketplace" + 0.003*"blockchain" + 0.003*"bay" + 0.002*"decentralized" + 0.002*"syscoin" + 0.002*"peg" + 0.002*"web" + 0.002*"received" + 0.002*"technology"
2018-08-28 04:29:19,095 : INFO : topic #19 (0.050): 0.011*"cp" + 0.009*"child" + 0.006*"vitalik" + 0.004*"people" + 0.004*"porn" + 0.003*"guy" + 0.003*"possession" + 0.003*"one" + 0.003*"he" + 0.003*"pedo"
2018-08-28 04:29:19,099 : INFO : topic diff=0.013109, rho=0.162221
2018-08-28 04:29:30,723 : INFO : -8.351 per-word bound, 326.4 perplexity estimate based on a held-out corpus of 4623 documents with 2290604 words
2018-08-28 04:29:30,723 : INFO : PROGRESS: pass 37, at document #4623/4623
2018-08-28 04:29:36,788 : INFO : topic #18 (0.050): 0.010*"tax" + 0.008*"crypto" + 0.007*"like" + 0.007*"coin" + 0.007*"money" + 0.006*"pay" + 0.006*"get" + 0.006*"would" + 0.006*"monero" + 0.006*"year"
2018-08-28 04:29:36,790 : INFO : topic #19 (0.050): 0.011*"cp" + 0.009*"child" + 0.006*"vitalik" + 0.004*"porn" + 0.004*"people" + 0.003*"guy" + 0.003*"possession" + 0.003*"one" + 0.003*"he" + 0.003*"pedo"
2018-08-28 04:29:36,791 : INFO : topic #6 (0.050): 0.008*"xmr" + 0.007*"bitcoin" + 0.005*"plus" + 0.004*"coin" + 0.004*"crypto" + 0.003*"year" + 0.003*"monero" + 0.003*"btc" + 0.002*"ltc" + 0.002*"currency"
2018-08-28 04:29:36,793 : INFO : topic #3 (0.050): 0.029*"link" + 0.007*"token" + 0.007*"req" + 0.006*"get" + 0.006*"like" + 0.006*"chainlink" + 0.006*"even" + 0.005*"make" + 0.005*"would" + 0.005*"use"
2018-08-28 04:29:36,795 : INFO : topic #12 (0.050): 0.010*"silver" + 0.004*"digital" + 0.002*"mana" + 0.002*"year" + 0.002*"personal" + 0.002*"crime" + 0.002*"genesis" + 0.002*"rent" + 0.002*"oz" + 0.001*"pm"
2018-08-28 04:29:36,798 : INFO : topic diff=0.012560, rho=0.160128
2018-08-28 04:29:48,299 : INFO : -8.350 per-word bound, 326.2 perplexity estimate based on a held-out corpus of 4623 documents with 2290604 words
2018-08-28 04:29:48,299 : INFO : PROGRESS: pass 38, at document #4623/4623
2018-08-28 04:29:54,381 : INFO : topic #6 (0.050): 0.008*"xmr" + 0.007*"bitcoin" + 0.005*"plus" + 0.004*"coin" + 0.004*"crypto" + 0.003*"year" + 0.003*"monero" + 0.003*"btc" + 0.002*"ltc" + 0.002*"currency"
2018-08-28 04:29:54,385 : INFO : topic #18 (0.050): 0.010*"tax" + 0.008*"crypto" + 0.007*"like" + 0.007*"coin" + 0.007*"money" + 0.006*"pay" + 0.006*"get" + 0.006*"would" + 0.006*"monero" + 0.006*"year"
2018-08-28 04:29:54,386 : INFO : topic #15 (0.050): 0.041*"chancoin" + 0.010*"coin" + 0.009*"power" + 0.007*"powr" + 0.006*"energy" + 0.005*"buy" + 0.004*"get" + 0.004*"make" + 0.004*"like" + 0.003*"going"
2018-08-28 04:29:54,388 : INFO : topic #8 (0.050): 0.006*"application" + 0.005*"platform" + 0.004*"like" + 0.003*"credit" + 0.003*"product" + 0.003*"lead" + 0.003*"see" + 0.002*"million" + 0.002*"poker" + 0.002*"token"
2018-08-28 04:29:54,391 : INFO : topic #14 (0.050): 0.010*"buy" + 0.008*"money" + 0.007*"get" + 0.006*"car" + 0.006*"like" + 0.006*"would" + 0.005*"want" + 0.005*"year" + 0.005*"make" + 0.005*"im"
2018-08-28 04:29:54,394 : INFO : topic diff=0.012053, rho=0.158114
2018-08-28 04:30:06,023 : INFO : -8.349 per-word bound, 326.0 perplexity estimate based on a held-out corpus of 4623 documents with 2290604 words
2018-08-28 04:30:06,023 : INFO : PROGRESS: pass 39, at document #4623/4623
2018-08-28 04:30:12,081 : INFO : topic #13 (0.050): 0.040*"tether" + 0.015*"bitfinex" + 0.010*"usdt" + 0.010*"usd" + 0.007*"pbc" + 0.007*"btc" + 0.007*"exchange" + 0.006*"teeka" + 0.006*"people" + 0.006*"slr"
2018-08-28 04:30:12,083 : INFO : topic #6 (0.050): 0.008*"xmr" + 0.007*"bitcoin" + 0.005*"plus" + 0.004*"crypto" + 0.004*"coin" + 0.003*"year" + 0.003*"monero" + 0.002*"btc" + 0.002*"btx" + 0.002*"ltc"
2018-08-28 04:30:12,087 : INFO : topic #19 (0.050): 0.011*"cp" + 0.009*"child" + 0.006*"vitalik" + 0.004*"porn" + 0.004*"people" + 0.003*"possession" + 0.003*"guy" + 0.003*"one" + 0.003*"he" + 0.003*"pedo"
2018-08-28 04:30:12,089 : INFO : topic #4 (0.050): 0.062*"ark" + 0.006*"arkies" + 0.006*"deluded" + 0.006*"delegate" + 0.005*"get" + 0.004*"going" + 0.004*"arkie" + 0.004*"fucking" + 0.003*"you" + 0.003*"mobile"
2018-08-28 04:30:12,091 : INFO : topic #16 (0.050): 0.010*"get" + 0.010*"like" + 0.009*"im" + 0.008*"money" + 0.008*"make" + 0.006*"people" + 0.006*"want" + 0.006*"would" + 0.006*"year" + 0.005*"know"
2018-08-28 04:30:12,094 : INFO : topic diff=0.011580, rho=0.156174
2018-08-28 04:30:23,493 : INFO : -8.348 per-word bound, 325.8 perplexity estimate based on a held-out corpus of 4623 documents with 2290604 words
2018-08-28 04:30:23,496 : INFO : PROGRESS: pass 40, at document #4623/4623
2018-08-28 04:30:29,613 : INFO : topic #10 (0.050): 0.007*"bat" + 0.004*"get" + 0.003*"wabi" + 0.003*"like" + 0.003*"cant" + 0.002*"fuck" + 0.002*"it" + 0.002*"brave" + 0.002*"trying" + 0.002*"smoke"
2018-08-28 04:30:29,616 : INFO : topic #0 (0.050): 0.012*"buy" + 0.009*"im" + 0.009*"like" + 0.008*"going" + 0.008*"get" + 0.007*"coin" + 0.007*"go" + 0.007*"sell" + 0.006*"fucking" + 0.006*"btc"
2018-08-28 04:30:29,621 : INFO : topic #7 (0.050): 0.011*"bitbay" + 0.005*"marketplace" + 0.003*"blockchain" + 0.003*"bay" + 0.002*"decentralized" + 0.002*"syscoin" + 0.002*"peg" + 0.002*"web" + 0.002*"received" + 0.002*"technology"
2018-08-28 04:30:29,623 : INFO : topic #19 (0.050): 0.011*"cp" + 0.009*"child" + 0.007*"vitalik" + 0.004*"porn" + 0.003*"people" + 0.003*"possession" + 0.003*"guy" + 0.003*"one" + 0.003*"pedo" + 0.003*"he"
2018-08-28 04:30:29,625 : INFO : topic #4 (0.050): 0.062*"ark" + 0.006*"arkies" + 0.006*"deluded" + 0.006*"delegate" + 0.005*"get" + 0.004*"going" + 0.004*"arkie" + 0.004*"fucking" + 0.003*"mobile" + 0.003*"you"
2018-08-28 04:30:29,628 : INFO : topic diff=0.011132, rho=0.154303
2018-08-28 04:30:40,868 : INFO : -8.347 per-word bound, 325.6 perplexity estimate based on a held-out corpus of 4623 documents with 2290604 words
2018-08-28 04:30:40,868 : INFO : PROGRESS: pass 41, at document #4623/4623
2018-08-28 04:30:46,456 : INFO : topic #5 (0.050): 0.009*"people" + 0.008*"like" + 0.008*"bitcoin" + 0.008*"fucking" + 0.006*"get" + 0.005*"one" + 0.005*"would" + 0.005*"shit" + 0.005*"fuck" + 0.004*"even"
2018-08-28 04:30:46,459 : INFO : topic #6 (0.050): 0.008*"xmr" + 0.007*"bitcoin" + 0.005*"plus" + 0.003*"crypto" + 0.003*"coin" + 0.003*"year" + 0.003*"monero" + 0.002*"btc" + 0.002*"btx" + 0.002*"ltc"
2018-08-28 04:30:46,461 : INFO : topic #0 (0.050): 0.012*"buy" + 0.009*"im" + 0.009*"like" + 0.008*"going" + 0.008*"get" + 0.007*"coin" + 0.007*"go" + 0.007*"sell" + 0.006*"fucking" + 0.006*"btc"
2018-08-28 04:30:46,463 : INFO : topic #8 (0.050): 0.006*"application" + 0.005*"platform" + 0.004*"like" + 0.003*"credit" + 0.003*"product" + 0.003*"lead" + 0.003*"see" + 0.002*"poker" + 0.002*"million" + 0.002*"sub"
2018-08-28 04:30:46,465 : INFO : topic #12 (0.050): 0.010*"silver" + 0.004*"digital" + 0.002*"mana" + 0.002*"year" + 0.002*"personal" + 0.002*"crime" + 0.002*"genesis" + 0.002*"rent" + 0.002*"oz" + 0.001*"pm"
2018-08-28 04:30:46,468 : INFO : topic diff=0.010709, rho=0.152499
2018-08-28 04:30:58,097 : INFO : -8.346 per-word bound, 325.4 perplexity estimate based on a held-out corpus of 4623 documents with 2290604 words
2018-08-28 04:30:58,099 : INFO : PROGRESS: pass 42, at document #4623/4623
2018-08-28 04:31:04,284 : INFO : topic #3 (0.050): 0.029*"link" + 0.007*"token" + 0.007*"req" + 0.006*"get" + 0.006*"chainlink" + 0.006*"like" + 0.006*"even" + 0.005*"make" + 0.005*"would" + 0.005*"use"
2018-08-28 04:31:04,286 : INFO : topic #10 (0.050): 0.007*"bat" + 0.003*"get" + 0.003*"wabi" + 0.003*"cant" + 0.002*"like" + 0.002*"steve" + 0.002*"trying" + 0.002*"fuck" + 0.002*"brave" + 0.002*"smoke"
2018-08-28 04:31:04,289 : INFO : topic #11 (0.050): 0.037*"btc" + 0.033*"bch" + 0.025*"bitcoin" + 0.007*"transaction" + 0.007*"going" + 0.007*"miner" + 0.007*"cash" + 0.006*"people" + 0.006*"time" + 0.006*"block"
2018-08-28 04:31:04,290 : INFO : topic #1 (0.050): 0.003*"pokemon" + 0.003*"card" + 0.001*"yugioh" + 0.001*"box" + 0.001*"bloodline" + 0.001*"edition" + 0.001*"charizard" + 0.001*"booster" + 0.001*"poland" + 0.001*"psa"
2018-08-28 04:31:04,292 : INFO : topic #13 (0.050): 0.041*"tether" + 0.015*"bitfinex" + 0.010*"usdt" + 0.010*"usd" + 0.007*"pbc" + 0.007*"exchange" + 0.007*"btc" + 0.006*"teeka" + 0.006*"slr" + 0.006*"people"
2018-08-28 04:31:04,296 : INFO : topic diff=0.010309, rho=0.150756
2018-08-28 04:31:16,054 : INFO : -8.346 per-word bound, 325.3 perplexity estimate based on a held-out corpus of 4623 documents with 2290604 words
2018-08-28 04:31:16,054 : INFO : PROGRESS: pass 43, at document #4623/4623
2018-08-28 04:31:22,287 : INFO : topic #12 (0.050): 0.010*"silver" + 0.004*"digital" + 0.002*"mana" + 0.002*"year" + 0.002*"personal" + 0.002*"crime" + 0.002*"genesis" + 0.002*"rent" + 0.002*"oz" + 0.001*"pm"
2018-08-28 04:31:22,289 : INFO : topic #18 (0.050): 0.010*"tax" + 0.008*"crypto" + 0.007*"like" + 0.007*"money" + 0.007*"pay" + 0.006*"coin" + 0.006*"get" + 0.006*"would" + 0.006*"monero" + 0.006*"year"
2018-08-28 04:31:22,291 : INFO : topic #0 (0.050): 0.012*"buy" + 0.009*"im" + 0.009*"like" + 0.008*"going" + 0.008*"get" + 0.007*"coin" + 0.007*"go" + 0.007*"sell" + 0.006*"fucking" + 0.006*"btc"
2018-08-28 04:31:22,293 : INFO : topic #9 (0.050): 0.009*"quad" + 0.009*"deranged" + 0.008*"linkies" + 0.008*"linkie" + 0.005*"community" + 0.005*"free" + 0.005*"surely" + 0.005*"common" + 0.005*"lost" + 0.005*"rent"
2018-08-28 04:31:22,294 : INFO : topic #17 (0.050): 0.033*"die" + 0.005*"pip" + 0.003*"get" + 0.003*"forex" + 0.003*"du" + 0.002*"21" + 0.002*"logo" + 0.002*"da" + 0.002*"und" + 0.002*"germany"
2018-08-28 04:31:22,298 : INFO : topic diff=0.009935, rho=0.149071
2018-08-28 04:31:34,091 : INFO : -8.345 per-word bound, 325.1 perplexity estimate based on a held-out corpus of 4623 documents with 2290604 words
2018-08-28 04:31:34,093 : INFO : PROGRESS: pass 44, at document #4623/4623
2018-08-28 04:31:40,615 : INFO : topic #17 (0.050): 0.033*"die" + 0.005*"pip" + 0.003*"get" + 0.003*"du" + 0.003*"forex" + 0.002*"21" + 0.002*"logo" + 0.002*"da" + 0.002*"und" + 0.002*"drift"
2018-08-28 04:31:40,618 : INFO : topic #7 (0.050): 0.011*"bitbay" + 0.005*"marketplace" + 0.003*"blockchain" + 0.003*"bay" + 0.002*"decentralized" + 0.002*"syscoin" + 0.002*"peg" + 0.002*"received" + 0.002*"web" + 0.002*"technology"
2018-08-28 04:31:40,620 : INFO : topic #13 (0.050): 0.041*"tether" + 0.015*"bitfinex" + 0.010*"usdt" + 0.010*"usd" + 0.007*"pbc" + 0.007*"exchange" + 0.007*"btc" + 0.007*"teeka" + 0.006*"slr" + 0.006*"people"
2018-08-28 04:31:40,622 : INFO : topic #9 (0.050): 0.009*"quad" + 0.009*"deranged" + 0.008*"linkies" + 0.008*"linkie" + 0.005*"community" + 0.005*"free" + 0.005*"surely" + 0.005*"common" + 0.005*"lost" + 0.005*"rent"
2018-08-28 04:31:40,625 : INFO : topic #16 (0.050): 0.010*"get" + 0.010*"like" + 0.009*"im" + 0.008*"money" + 0.008*"make" + 0.006*"people" + 0.006*"want" + 0.006*"would" + 0.006*"year" + 0.005*"know"
2018-08-28 04:31:40,628 : INFO : topic diff=0.009582, rho=0.147442
2018-08-28 04:31:52,899 : INFO : -8.344 per-word bound, 325.0 perplexity estimate based on a held-out corpus of 4623 documents with 2290604 words
2018-08-28 04:31:52,899 : INFO : PROGRESS: pass 45, at document #4623/4623
2018-08-28 04:31:59,424 : INFO : topic #3 (0.050): 0.029*"link" + 0.007*"token" + 0.007*"req" + 0.006*"get" + 0.006*"chainlink" + 0.006*"like" + 0.006*"even" + 0.005*"make" + 0.005*"would" + 0.005*"use"
2018-08-28 04:31:59,428 : INFO : topic #9 (0.050): 0.009*"quad" + 0.009*"deranged" + 0.008*"linkies" + 0.008*"linkie" + 0.005*"community" + 0.005*"free" + 0.005*"surely" + 0.005*"common" + 0.005*"lost" + 0.005*"rent"
2018-08-28 04:31:59,429 : INFO : topic #0 (0.050): 0.012*"buy" + 0.009*"im" + 0.009*"like" + 0.008*"going" + 0.008*"get" + 0.007*"coin" + 0.007*"go" + 0.007*"sell" + 0.006*"fucking" + 0.006*"btc"
2018-08-28 04:31:59,431 : INFO : topic #13 (0.050): 0.041*"tether" + 0.015*"bitfinex" + 0.010*"usdt" + 0.010*"usd" + 0.007*"pbc" + 0.007*"exchange" + 0.007*"btc" + 0.007*"teeka" + 0.006*"slr" + 0.006*"people"
2018-08-28 04:31:59,433 : INFO : topic #8 (0.050): 0.006*"application" + 0.005*"platform" + 0.004*"like" + 0.004*"credit" + 0.003*"product" + 0.003*"lead" + 0.003*"see" + 0.003*"poker" + 0.002*"sub" + 0.002*"million"
2018-08-28 04:31:59,437 : INFO : topic diff=0.009236, rho=0.145865
2018-08-28 04:32:11,481 : INFO : -8.344 per-word bound, 324.8 perplexity estimate based on a held-out corpus of 4623 documents with 2290604 words
2018-08-28 04:32:11,482 : INFO : PROGRESS: pass 46, at document #4623/4623
2018-08-28 04:32:17,662 : INFO : topic #8 (0.050): 0.006*"application" + 0.005*"platform" + 0.004*"like" + 0.004*"credit" + 0.003*"product" + 0.003*"lead" + 0.003*"see" + 0.003*"poker" + 0.002*"sub" + 0.002*"million"
2018-08-28 04:32:17,664 : INFO : topic #17 (0.050): 0.033*"die" + 0.005*"pip" + 0.003*"get" + 0.003*"du" + 0.003*"forex" + 0.002*"21" + 0.002*"logo" + 0.002*"da" + 0.002*"und" + 0.002*"drift"
2018-08-28 04:32:17,666 : INFO : topic #10 (0.050): 0.007*"bat" + 0.003*"steve" + 0.003*"get" + 0.003*"wabi" + 0.002*"mac" + 0.002*"cant" + 0.002*"trying" + 0.002*"smoke" + 0.002*"he" + 0.002*"brave"
2018-08-28 04:32:17,671 : INFO : topic #16 (0.050): 0.010*"get" + 0.010*"like" + 0.009*"im" + 0.008*"money" + 0.008*"make" + 0.006*"people" + 0.006*"want" + 0.006*"would" + 0.006*"year" + 0.005*"know"
2018-08-28 04:32:17,673 : INFO : topic #18 (0.050): 0.011*"tax" + 0.008*"crypto" + 0.007*"like" + 0.007*"money" + 0.007*"pay" + 0.006*"coin" + 0.006*"get" + 0.006*"would" + 0.006*"monero" + 0.006*"year"
2018-08-28 04:32:17,676 : INFO : topic diff=0.008911, rho=0.144338
2018-08-28 04:32:29,006 : INFO : -8.343 per-word bound, 324.7 perplexity estimate based on a held-out corpus of 4623 documents with 2290604 words
2018-08-28 04:32:29,007 : INFO : PROGRESS: pass 47, at document #4623/4623
2018-08-28 04:32:35,229 : INFO : topic #6 (0.050): 0.008*"xmr" + 0.006*"bitcoin" + 0.005*"plus" + 0.003*"year" + 0.003*"crypto" + 0.003*"coin" + 0.003*"monero" + 0.002*"btx" + 0.002*"btc" + 0.001*"ltc"
2018-08-28 04:32:35,232 : INFO : topic #11 (0.050): 0.037*"btc" + 0.033*"bch" + 0.026*"bitcoin" + 0.007*"transaction" + 0.007*"going" + 0.007*"miner" + 0.007*"cash" + 0.006*"people" + 0.006*"time" + 0.006*"block"
2018-08-28 04:32:35,234 : INFO : topic #17 (0.050): 0.033*"die" + 0.005*"pip" + 0.003*"get" + 0.003*"du" + 0.003*"forex" + 0.002*"21" + 0.002*"logo" + 0.002*"da" + 0.002*"und" + 0.002*"drift"
2018-08-28 04:32:35,236 : INFO : topic #1 (0.050): 0.003*"pokemon" + 0.003*"card" + 0.001*"yugioh" + 0.001*"box" + 0.001*"bloodline" + 0.001*"edition" + 0.001*"charizard" + 0.001*"booster" + 0.001*"poland" + 0.001*"psa"
2018-08-28 04:32:35,237 : INFO : topic #15 (0.050): 0.045*"chancoin" + 0.010*"coin" + 0.010*"power" + 0.007*"powr" + 0.007*"energy" + 0.004*"buy" + 0.004*"get" + 0.004*"4chn" + 0.003*"ledger" + 0.003*"make"
2018-08-28 04:32:35,241 : INFO : topic diff=0.008597, rho=0.142857
2018-08-28 04:32:46,964 : INFO : -8.342 per-word bound, 324.6 perplexity estimate based on a held-out corpus of 4623 documents with 2290604 words
2018-08-28 04:32:46,966 : INFO : PROGRESS: pass 48, at document #4623/4623
2018-08-28 04:32:53,256 : INFO : topic #6 (0.050): 0.008*"xmr" + 0.006*"bitcoin" + 0.005*"plus" + 0.003*"year" + 0.003*"crypto" + 0.003*"coin" + 0.002*"monero" + 0.002*"btx" + 0.001*"ltc" + 0.001*"currency"
2018-08-28 04:32:53,259 : INFO : topic #1 (0.050): 0.003*"pokemon" + 0.003*"card" + 0.001*"yugioh" + 0.001*"box" + 0.001*"bloodline" + 0.001*"edition" + 0.001*"charizard" + 0.001*"booster" + 0.001*"poland" + 0.001*"psa"
2018-08-28 04:32:53,262 : INFO : topic #12 (0.050): 0.010*"silver" + 0.004*"digital" + 0.002*"mana" + 0.002*"year" + 0.002*"personal" + 0.002*"crime" + 0.002*"genesis" + 0.002*"rent" + 0.002*"oz" + 0.001*"pm"
2018-08-28 04:32:53,264 : INFO : topic #10 (0.050): 0.007*"bat" + 0.003*"steve" + 0.003*"wabi" + 0.003*"get" + 0.003*"mac" + 0.003*"trying" + 0.002*"cant" + 0.002*"he" + 0.002*"smoke" + 0.002*"brave"
2018-08-28 04:32:53,266 : INFO : topic #17 (0.050): 0.033*"die" + 0.005*"pip" + 0.003*"du" + 0.003*"forex" + 0.003*"get" + 0.002*"21" + 0.002*"logo" + 0.002*"da" + 0.002*"und" + 0.002*"drift"
2018-08-28 04:32:53,269 : INFO : topic diff=0.008307, rho=0.141421
2018-08-28 04:33:05,693 : INFO : -8.342 per-word bound, 324.4 perplexity estimate based on a held-out corpus of 4623 documents with 2290604 words
2018-08-28 04:33:05,695 : INFO : PROGRESS: pass 49, at document #4623/4623
2018-08-28 04:33:12,123 : INFO : topic #4 (0.050): 0.066*"ark" + 0.007*"arkies" + 0.006*"deluded" + 0.006*"delegate" + 0.004*"get" + 0.004*"going" + 0.004*"arkie" + 0.004*"mobile" + 0.004*"lisk" + 0.004*"wallet"
2018-08-28 04:33:12,125 : INFO : topic #19 (0.050): 0.012*"cp" + 0.010*"child" + 0.007*"vitalik" + 0.004*"porn" + 0.003*"possession" + 0.003*"pedo" + 0.003*"heroin" + 0.003*"guy" + 0.003*"people" + 0.003*"he"
2018-08-28 04:33:12,128 : INFO : topic #14 (0.050): 0.011*"buy" + 0.008*"money" + 0.007*"get" + 0.007*"car" + 0.006*"like" + 0.006*"would" + 0.005*"year" + 0.005*"want" + 0.005*"make" + 0.005*"im"
2018-08-28 04:33:12,130 : INFO : topic #16 (0.050): 0.010*"get" + 0.010*"like" + 0.009*"im" + 0.008*"money" + 0.008*"make" + 0.006*"people" + 0.006*"want" + 0.006*"would" + 0.006*"year" + 0.005*"know"
2018-08-28 04:33:12,132 : INFO : topic #10 (0.050): 0.007*"bat" + 0.003*"steve" + 0.003*"wabi" + 0.003*"mac" + 0.003*"trying" + 0.003*"get" + 0.002*"he" + 0.002*"smoke" + 0.002*"cant" + 0.002*"brave"
2018-08-28 04:33:12,135 : INFO : topic diff=0.008030, rho=0.140028
2018-08-28 04:33:24,287 : INFO : -8.341 per-word bound, 324.3 perplexity estimate based on a held-out corpus of 4623 documents with 2290604 words
2018-08-28 04:33:24,288 : INFO : PROGRESS: pass 50, at document #4623/4623
2018-08-28 04:33:30,410 : INFO : topic #8 (0.050): 0.006*"application" + 0.005*"platform" + 0.004*"like" + 0.004*"credit" + 0.003*"product" + 0.003*"lead" + 0.003*"see" + 0.003*"poker" + 0.003*"sub" + 0.002*"comment"
2018-08-28 04:33:30,412 : INFO : topic #2 (0.050): 0.016*"coin" + 0.011*"token" + 0.008*"wallet" + 0.007*"ico" + 0.007*"get" + 0.007*"exchange" + 0.007*"project" + 0.006*"team" + 0.006*"like" + 0.005*"cap"
2018-08-28 04:33:30,414 : INFO : topic #13 (0.050): 0.042*"tether" + 0.015*"bitfinex" + 0.010*"usdt" + 0.010*"usd" + 0.008*"pbc" + 0.007*"exchange" + 0.007*"teeka" + 0.007*"slr" + 0.006*"powr" + 0.006*"btc"
2018-08-28 04:33:30,416 : INFO : topic #15 (0.050): 0.046*"chancoin" + 0.010*"coin" + 0.010*"power" + 0.008*"powr" + 0.007*"energy" + 0.004*"buy" + 0.004*"4chn" + 0.004*"get" + 0.004*"ledger" + 0.003*"make"
2018-08-28 04:33:30,417 : INFO : topic #6 (0.050): 0.008*"xmr" + 0.005*"bitcoin" + 0.005*"plus" + 0.003*"year" + 0.003*"crypto" + 0.002*"monero" + 0.002*"coin" + 0.002*"btx" + 0.001*"ltc" + 0.001*"currency"
2018-08-28 04:33:30,421 : INFO : topic diff=0.007754, rho=0.138675
2018-08-28 04:33:42,278 : INFO : -8.341 per-word bound, 324.2 perplexity estimate based on a held-out corpus of 4623 documents with 2290604 words
2018-08-28 04:33:42,278 : INFO : PROGRESS: pass 51, at document #4623/4623
2018-08-28 04:33:48,686 : INFO : topic #14 (0.050): 0.011*"buy" + 0.007*"money" + 0.007*"car" + 0.007*"get" + 0.006*"like" + 0.006*"would" + 0.005*"year" + 0.005*"want" + 0.005*"make" + 0.005*"im"
2018-08-28 04:33:48,689 : INFO : topic #7 (0.050): 0.011*"bitbay" + 0.005*"marketplace" + 0.003*"blockchain" + 0.003*"bay" + 0.002*"decentralized" + 0.002*"syscoin" + 0.002*"peg" + 0.002*"received" + 0.002*"web" + 0.002*"technology"
2018-08-28 04:33:48,691 : INFO : topic #17 (0.050): 0.034*"die" + 0.005*"pip" + 0.003*"du" + 0.003*"forex" + 0.002*"get" + 0.002*"21" + 0.002*"logo" + 0.002*"da" + 0.002*"und" + 0.002*"drift"
2018-08-28 04:33:48,693 : INFO : topic #12 (0.050): 0.010*"silver" + 0.004*"digital" + 0.002*"mana" + 0.002*"year" + 0.002*"personal" + 0.002*"crime" + 0.002*"genesis" + 0.002*"rent" + 0.002*"oz" + 0.001*"pm"
2018-08-28 04:33:48,694 : INFO : topic #1 (0.050): 0.003*"pokemon" + 0.003*"card" + 0.001*"yugioh" + 0.001*"box" + 0.001*"bloodline" + 0.001*"edition" + 0.001*"charizard" + 0.001*"booster" + 0.001*"poland" + 0.001*"psa"
2018-08-28 04:33:48,698 : INFO : topic diff=0.007498, rho=0.137361
2018-08-28 04:34:00,167 : INFO : -8.340 per-word bound, 324.1 perplexity estimate based on a held-out corpus of 4623 documents with 2290604 words
2018-08-28 04:34:00,169 : INFO : PROGRESS: pass 52, at document #4623/4623
2018-08-28 04:34:06,196 : INFO : topic #5 (0.050): 0.009*"people" + 0.008*"like" + 0.008*"fucking" + 0.007*"bitcoin" + 0.006*"get" + 0.005*"one" + 0.005*"shit" + 0.005*"would" + 0.005*"fuck" + 0.005*"even"
2018-08-28 04:34:06,197 : INFO : topic #2 (0.050): 0.016*"coin" + 0.011*"token" + 0.008*"wallet" + 0.007*"ico" + 0.007*"get" + 0.007*"exchange" + 0.007*"project" + 0.006*"team" + 0.006*"like" + 0.005*"cap"
2018-08-28 04:34:06,200 : INFO : topic #14 (0.050): 0.011*"buy" + 0.007*"money" + 0.007*"car" + 0.007*"get" + 0.006*"like" + 0.006*"would" + 0.005*"year" + 0.005*"want" + 0.005*"make" + 0.005*"im"
2018-08-28 04:34:06,203 : INFO : topic #18 (0.050): 0.011*"tax" + 0.009*"crypto" + 0.007*"like" + 0.007*"money" + 0.007*"pay" + 0.006*"coin" + 0.006*"get" + 0.006*"would" + 0.006*"monero" + 0.006*"year"
2018-08-28 04:34:06,206 : INFO : topic #11 (0.050): 0.038*"btc" + 0.033*"bch" + 0.027*"bitcoin" + 0.008*"transaction" + 0.007*"going" + 0.007*"cash" + 0.007*"miner" + 0.006*"people" + 0.006*"time" + 0.006*"block"
2018-08-28 04:34:06,209 : INFO : topic diff=0.007261, rho=0.136083
2018-08-28 04:34:17,909 : INFO : -8.340 per-word bound, 324.0 perplexity estimate based on a held-out corpus of 4623 documents with 2290604 words
2018-08-28 04:34:17,910 : INFO : PROGRESS: pass 53, at document #4623/4623
2018-08-28 04:34:23,973 : INFO : topic #3 (0.050): 0.030*"link" + 0.007*"token" + 0.007*"req" + 0.006*"chainlink" + 0.006*"get" + 0.006*"like" + 0.006*"even" + 0.005*"make" + 0.005*"would" + 0.005*"use"
2018-08-28 04:34:23,977 : INFO : topic #17 (0.050): 0.034*"die" + 0.005*"pip" + 0.003*"du" + 0.003*"forex" + 0.002*"get" + 0.002*"21" + 0.002*"logo" + 0.002*"da" + 0.002*"und" + 0.002*"drift"
2018-08-28 04:34:23,979 : INFO : topic #15 (0.050): 0.047*"chancoin" + 0.010*"coin" + 0.010*"power" + 0.008*"powr" + 0.007*"energy" + 0.004*"buy" + 0.004*"4chn" + 0.004*"ledger" + 0.003*"get" + 0.003*"make"
2018-08-28 04:34:23,981 : INFO : topic #7 (0.050): 0.011*"bitbay" + 0.005*"marketplace" + 0.003*"blockchain" + 0.003*"bay" + 0.002*"decentralized" + 0.002*"syscoin" + 0.002*"peg" + 0.002*"received" + 0.002*"technology" + 0.002*"web"
2018-08-28 04:34:23,983 : INFO : topic #14 (0.050): 0.011*"buy" + 0.007*"money" + 0.007*"car" + 0.007*"get" + 0.006*"would" + 0.006*"like" + 0.005*"year" + 0.005*"want" + 0.005*"make" + 0.005*"im"
2018-08-28 04:34:23,986 : INFO : topic diff=0.007024, rho=0.134840
2018-08-28 04:34:35,706 : INFO : -8.339 per-word bound, 323.9 perplexity estimate based on a held-out corpus of 4623 documents with 2290604 words
2018-08-28 04:34:35,707 : INFO : PROGRESS: pass 54, at document #4623/4623
2018-08-28 04:34:41,723 : INFO : topic #10 (0.050): 0.007*"bat" + 0.004*"steve" + 0.003*"trying" + 0.003*"mac" + 0.003*"wabi" + 0.003*"he" + 0.003*"smoke" + 0.002*"cant" + 0.002*"mom" + 0.002*"sergey"
2018-08-28 04:34:41,725 : INFO : topic #15 (0.050): 0.047*"chancoin" + 0.010*"coin" + 0.010*"power" + 0.008*"powr" + 0.007*"energy" + 0.004*"buy" + 0.004*"4chn" + 0.004*"ledger" + 0.003*"get" + 0.003*"make"
2018-08-28 04:34:41,727 : INFO : topic #6 (0.050): 0.008*"xmr" + 0.005*"plus" + 0.005*"bitcoin" + 0.003*"year" + 0.002*"crypto" + 0.002*"monero" + 0.002*"btx" + 0.002*"coin" + 0.001*"development" + 0.001*"komodo"
2018-08-28 04:34:41,729 : INFO : topic #16 (0.050): 0.010*"get" + 0.010*"like" + 0.009*"im" + 0.008*"money" + 0.008*"make" + 0.006*"people" + 0.006*"want" + 0.006*"would" + 0.006*"year" + 0.005*"know"
2018-08-28 04:34:41,730 : INFO : topic #1 (0.050): 0.003*"pokemon" + 0.003*"card" + 0.001*"yugioh" + 0.001*"box" + 0.001*"bloodline" + 0.001*"edition" + 0.001*"charizard" + 0.001*"booster" + 0.001*"poland" + 0.001*"psa"
2018-08-28 04:34:41,734 : INFO : topic diff=0.006799, rho=0.133631
2018-08-28 04:34:53,176 : INFO : -8.339 per-word bound, 323.8 perplexity estimate based on a held-out corpus of 4623 documents with 2290604 words
2018-08-28 04:34:53,177 : INFO : PROGRESS: pass 55, at document #4623/4623
2018-08-28 04:34:59,346 : INFO : topic #10 (0.050): 0.007*"bat" + 0.004*"steve" + 0.003*"trying" + 0.003*"mac" + 0.003*"he" + 0.003*"wabi" + 0.003*"smoke" + 0.002*"sergey" + 0.002*"mom" + 0.002*"cant"
2018-08-28 04:34:59,350 : INFO : topic #11 (0.050): 0.038*"btc" + 0.032*"bch" + 0.027*"bitcoin" + 0.008*"transaction" + 0.007*"going" + 0.007*"cash" + 0.007*"miner" + 0.006*"people" + 0.006*"time" + 0.006*"block"
2018-08-28 04:34:59,351 : INFO : topic #1 (0.050): 0.003*"pokemon" + 0.003*"card" + 0.001*"yugioh" + 0.001*"box" + 0.001*"bloodline" + 0.001*"edition" + 0.001*"charizard" + 0.001*"booster" + 0.001*"poland" + 0.001*"psa"
2018-08-28 04:34:59,353 : INFO : topic #16 (0.050): 0.010*"get" + 0.010*"like" + 0.009*"im" + 0.008*"money" + 0.008*"make" + 0.006*"people" + 0.006*"want" + 0.006*"would" + 0.006*"year" + 0.005*"know"
2018-08-28 04:34:59,355 : INFO : topic #14 (0.050): 0.011*"buy" + 0.007*"money" + 0.007*"car" + 0.007*"get" + 0.006*"would" + 0.006*"like" + 0.005*"year" + 0.005*"want" + 0.005*"make" + 0.004*"im"
2018-08-28 04:34:59,359 : INFO : topic diff=0.006589, rho=0.132453
2018-08-28 04:35:10,658 : INFO : -8.338 per-word bound, 323.7 perplexity estimate based on a held-out corpus of 4623 documents with 2290604 words
2018-08-28 04:35:10,658 : INFO : PROGRESS: pass 56, at document #4623/4623
2018-08-28 04:35:16,771 : INFO : topic #15 (0.050): 0.048*"chancoin" + 0.010*"power" + 0.010*"coin" + 0.008*"powr" + 0.007*"energy" + 0.004*"buy" + 0.004*"4chn" + 0.004*"ledger" + 0.003*"get" + 0.003*"australia"
2018-08-28 04:35:16,775 : INFO : topic #19 (0.050): 0.012*"cp" + 0.010*"child" + 0.007*"vitalik" + 0.005*"porn" + 0.004*"possession" + 0.003*"pedo" + 0.003*"heroin" + 0.003*"00100000" + 0.003*"guy" + 0.002*"he"
2018-08-28 04:35:16,777 : INFO : topic #16 (0.050): 0.010*"get" + 0.010*"like" + 0.009*"im" + 0.008*"money" + 0.008*"make" + 0.006*"people" + 0.006*"want" + 0.006*"would" + 0.006*"year" + 0.005*"know"
2018-08-28 04:35:16,779 : INFO : topic #17 (0.050): 0.034*"die" + 0.005*"pip" + 0.003*"du" + 0.003*"forex" + 0.002*"21" + 0.002*"get" + 0.002*"logo" + 0.002*"da" + 0.002*"und" + 0.002*"drift"
2018-08-28 04:35:16,781 : INFO : topic #11 (0.050): 0.038*"btc" + 0.032*"bch" + 0.027*"bitcoin" + 0.008*"transaction" + 0.007*"going" + 0.007*"cash" + 0.007*"miner" + 0.006*"people" + 0.006*"time" + 0.006*"block"
2018-08-28 04:35:16,784 : INFO : topic diff=0.006381, rho=0.131306
2018-08-28 04:35:28,120 : INFO : -8.338 per-word bound, 323.6 perplexity estimate based on a held-out corpus of 4623 documents with 2290604 words
2018-08-28 04:35:28,121 : INFO : PROGRESS: pass 57, at document #4623/4623
2018-08-28 04:35:33,958 : INFO : topic #3 (0.050): 0.030*"link" + 0.007*"token" + 0.007*"req" + 0.006*"chainlink" + 0.006*"get" + 0.006*"like" + 0.006*"even" + 0.005*"make" + 0.005*"would" + 0.005*"use"
2018-08-28 04:35:33,962 : INFO : topic #19 (0.050): 0.012*"cp" + 0.010*"child" + 0.007*"vitalik" + 0.005*"porn" + 0.004*"possession" + 0.003*"pedo" + 0.003*"heroin" + 0.003*"00100000" + 0.003*"guy" + 0.002*"he"
2018-08-28 04:35:33,964 : INFO : topic #10 (0.050): 0.007*"bat" + 0.004*"steve" + 0.003*"trying" + 0.003*"mac" + 0.003*"he" + 0.003*"wabi" + 0.003*"smoke" + 0.003*"sergey" + 0.002*"mom" + 0.002*"basement"
2018-08-28 04:35:33,966 : INFO : topic #16 (0.050): 0.010*"get" + 0.010*"like" + 0.009*"im" + 0.008*"money" + 0.008*"make" + 0.006*"people" + 0.006*"want" + 0.006*"would" + 0.006*"year" + 0.005*"know"
2018-08-28 04:35:33,968 : INFO : topic #12 (0.050): 0.010*"silver" + 0.004*"digital" + 0.002*"mana" + 0.002*"personal" + 0.002*"year" + 0.002*"asch" + 0.002*"crime" + 0.002*"genesis" + 0.002*"rent" + 0.002*"oz"
2018-08-28 04:35:33,971 : INFO : topic diff=0.006197, rho=0.130189
2018-08-28 04:35:45,327 : INFO : -8.338 per-word bound, 323.5 perplexity estimate based on a held-out corpus of 4623 documents with 2290604 words
2018-08-28 04:35:45,328 : INFO : PROGRESS: pass 58, at document #4623/4623
2018-08-28 04:35:51,300 : INFO : topic #0 (0.050): 0.012*"buy" + 0.009*"im" + 0.009*"like" + 0.008*"going" + 0.008*"get" + 0.007*"coin" + 0.007*"go" + 0.007*"sell" + 0.006*"fucking" + 0.006*"btc"
2018-08-28 04:35:51,304 : INFO : topic #13 (0.050): 0.043*"tether" + 0.016*"bitfinex" + 0.010*"usdt" + 0.010*"usd" + 0.008*"pbc" + 0.007*"exchange" + 0.007*"teeka" + 0.007*"slr" + 0.007*"powr" + 0.006*"fake"
2018-08-28 04:35:51,306 : INFO : topic #1 (0.050): 0.003*"pokemon" + 0.003*"card" + 0.001*"yugioh" + 0.001*"box" + 0.001*"bloodline" + 0.001*"edition" + 0.001*"charizard" + 0.001*"booster" + 0.001*"poland" + 0.001*"psa"
2018-08-28 04:35:51,308 : INFO : topic #18 (0.050): 0.011*"tax" + 0.009*"crypto" + 0.007*"money" + 0.007*"pay" + 0.007*"like" + 0.006*"coin" + 0.006*"get" + 0.006*"monero" + 0.006*"would" + 0.006*"year"
2018-08-28 04:35:51,310 : INFO : topic #8 (0.050): 0.006*"application" + 0.005*"platform" + 0.004*"credit" + 0.004*"like" + 0.003*"lead" + 0.003*"product" + 0.003*"see" + 0.003*"sub" + 0.003*"poker" + 0.002*"comment"
2018-08-28 04:35:51,314 : INFO : topic diff=0.006010, rho=0.129099
2018-08-28 04:36:02,858 : INFO : -8.337 per-word bound, 323.4 perplexity estimate based on a held-out corpus of 4623 documents with 2290604 words
2018-08-28 04:36:02,858 : INFO : PROGRESS: pass 59, at document #4623/4623
2018-08-28 04:36:08,953 : INFO : topic #0 (0.050): 0.012*"buy" + 0.009*"im" + 0.009*"like" + 0.008*"going" + 0.008*"get" + 0.007*"coin" + 0.007*"go" + 0.007*"sell" + 0.006*"fucking" + 0.006*"btc"
2018-08-28 04:36:08,955 : INFO : topic #5 (0.050): 0.009*"people" + 0.008*"like" + 0.008*"fucking" + 0.006*"get" + 0.006*"bitcoin" + 0.005*"one" + 0.005*"shit" + 0.005*"would" + 0.005*"fuck" + 0.005*"even"
2018-08-28 04:36:08,956 : INFO : topic #3 (0.050): 0.030*"link" + 0.007*"token" + 0.007*"req" + 0.006*"chainlink" + 0.006*"get" + 0.006*"like" + 0.006*"even" + 0.005*"make" + 0.005*"would" + 0.005*"use"
2018-08-28 04:36:08,958 : INFO : topic #13 (0.050): 0.043*"tether" + 0.016*"bitfinex" + 0.010*"usdt" + 0.010*"usd" + 0.008*"pbc" + 0.007*"exchange" + 0.007*"teeka" + 0.007*"slr" + 0.007*"powr" + 0.006*"fake"
2018-08-28 04:36:08,960 : INFO : topic #12 (0.050): 0.010*"silver" + 0.004*"digital" + 0.002*"mana" + 0.002*"asch" + 0.002*"personal" + 0.002*"year" + 0.002*"crime" + 0.002*"genesis" + 0.002*"rent" + 0.002*"oz"
2018-08-28 04:36:08,965 : INFO : topic diff=0.005835, rho=0.128037
2018-08-28 04:36:20,696 : INFO : -8.337 per-word bound, 323.3 perplexity estimate based on a held-out corpus of 4623 documents with 2290604 words
2018-08-28 04:36:20,696 : INFO : PROGRESS: pass 60, at document #4623/4623
2018-08-28 04:36:26,904 : INFO : topic #13 (0.050): 0.044*"tether" + 0.016*"bitfinex" + 0.010*"usdt" + 0.010*"usd" + 0.008*"pbc" + 0.007*"exchange" + 0.007*"teeka" + 0.007*"slr" + 0.007*"powr" + 0.007*"fake"
2018-08-28 04:36:26,906 : INFO : topic #11 (0.050): 0.038*"btc" + 0.032*"bch" + 0.027*"bitcoin" + 0.008*"transaction" + 0.007*"cash" + 0.007*"going" + 0.007*"miner" + 0.006*"people" + 0.006*"time" + 0.006*"block"
2018-08-28 04:36:26,908 : INFO : topic #6 (0.050): 0.008*"xmr" + 0.005*"plus" + 0.004*"bitcoin" + 0.002*"year" + 0.002*"btx" + 0.002*"crypto" + 0.002*"monero" + 0.001*"coin" + 0.001*"komodo" + 0.001*"development"
2018-08-28 04:36:26,910 : INFO : topic #7 (0.050): 0.011*"bitbay" + 0.005*"marketplace" + 0.003*"blockchain" + 0.003*"bay" + 0.002*"syscoin" + 0.002*"decentralized" + 0.002*"peg" + 0.002*"received" + 0.002*"technology" + 0.002*"web"
2018-08-28 04:36:26,912 : INFO : topic #18 (0.050): 0.011*"tax" + 0.009*"crypto" + 0.007*"money" + 0.007*"pay" + 0.007*"like" + 0.006*"get" + 0.006*"coin" + 0.006*"monero" + 0.006*"would" + 0.006*"year"
2018-08-28 04:36:26,918 : INFO : topic diff=0.005666, rho=0.127000
2018-08-28 04:36:38,748 : INFO : -8.336 per-word bound, 323.2 perplexity estimate based on a held-out corpus of 4623 documents with 2290604 words
2018-08-28 04:36:38,750 : INFO : PROGRESS: pass 61, at document #4623/4623
2018-08-28 04:36:45,155 : INFO : topic #17 (0.050): 0.035*"die" + 0.005*"pip" + 0.003*"du" + 0.003*"forex" + 0.002*"21" + 0.002*"logo" + 0.002*"da" + 0.002*"und" + 0.002*"get" + 0.002*"drift"
2018-08-28 04:36:45,157 : INFO : topic #7 (0.050): 0.011*"bitbay" + 0.005*"marketplace" + 0.003*"blockchain" + 0.003*"bay" + 0.002*"syscoin" + 0.002*"peg" + 0.002*"decentralized" + 0.002*"received" + 0.002*"technology" + 0.002*"web"
2018-08-28 04:36:45,158 : INFO : topic #3 (0.050): 0.031*"link" + 0.007*"token" + 0.007*"req" + 0.006*"chainlink" + 0.006*"get" + 0.006*"like" + 0.006*"even" + 0.005*"make" + 0.005*"would" + 0.005*"use"
2018-08-28 04:36:45,160 : INFO : topic #0 (0.050): 0.012*"buy" + 0.009*"im" + 0.009*"like" + 0.008*"going" + 0.008*"get" + 0.007*"coin" + 0.007*"go" + 0.007*"sell" + 0.006*"fucking" + 0.006*"btc"
2018-08-28 04:36:45,162 : INFO : topic #4 (0.050): 0.070*"ark" + 0.007*"arkies" + 0.007*"deluded" + 0.006*"delegate" + 0.004*"arkie" + 0.004*"going" + 0.004*"lisk" + 0.004*"mobile" + 0.004*"get" + 0.004*"wallet"
2018-08-28 04:36:45,166 : INFO : topic diff=0.005497, rho=0.125988
2018-08-28 04:36:57,046 : INFO : -8.336 per-word bound, 323.2 perplexity estimate based on a held-out corpus of 4623 documents with 2290604 words
2018-08-28 04:36:57,048 : INFO : PROGRESS: pass 62, at document #4623/4623
2018-08-28 04:37:03,085 : INFO : topic #18 (0.050): 0.011*"tax" + 0.009*"crypto" + 0.007*"money" + 0.007*"pay" + 0.007*"like" + 0.006*"get" + 0.006*"monero" + 0.006*"coin" + 0.006*"would" + 0.006*"year"
2018-08-28 04:37:03,087 : INFO : topic #0 (0.050): 0.012*"buy" + 0.009*"im" + 0.009*"like" + 0.008*"going" + 0.008*"get" + 0.007*"coin" + 0.007*"go" + 0.007*"sell" + 0.006*"fucking" + 0.006*"btc"
2018-08-28 04:37:03,088 : INFO : topic #2 (0.050): 0.016*"coin" + 0.011*"token" + 0.008*"wallet" + 0.007*"ico" + 0.007*"get" + 0.007*"exchange" + 0.007*"project" + 0.006*"team" + 0.006*"like" + 0.005*"cap"
2018-08-28 04:37:03,091 : INFO : topic #16 (0.050): 0.010*"get" + 0.010*"like" + 0.009*"im" + 0.008*"make" + 0.008*"money" + 0.006*"people" + 0.006*"want" + 0.006*"would" + 0.006*"year" + 0.005*"good"
2018-08-28 04:37:03,094 : INFO : topic #14 (0.050): 0.011*"buy" + 0.008*"car" + 0.007*"money" + 0.007*"get" + 0.006*"would" + 0.006*"year" + 0.005*"like" + 0.005*"want" + 0.004*"make" + 0.004*"im"
2018-08-28 04:37:03,097 : INFO : topic diff=0.005346, rho=0.125000
2018-08-28 04:37:14,409 : INFO : -8.336 per-word bound, 323.1 perplexity estimate based on a held-out corpus of 4623 documents with 2290604 words
2018-08-28 04:37:14,410 : INFO : PROGRESS: pass 63, at document #4623/4623
2018-08-28 04:37:20,419 : INFO : topic #19 (0.050): 0.012*"cp" + 0.010*"child" + 0.007*"vitalik" + 0.005*"porn" + 0.004*"possession" + 0.003*"pedo" + 0.003*"heroin" + 0.003*"00100000" + 0.002*"crime" + 0.002*"guy"
2018-08-28 04:37:20,421 : INFO : topic #14 (0.050): 0.011*"buy" + 0.008*"car" + 0.007*"money" + 0.007*"get" + 0.006*"would" + 0.006*"year" + 0.005*"like" + 0.005*"want" + 0.004*"make" + 0.004*"im"
2018-08-28 04:37:20,423 : INFO : topic #1 (0.050): 0.003*"pokemon" + 0.003*"card" + 0.001*"yugioh" + 0.001*"box" + 0.001*"bloodline" + 0.001*"edition" + 0.001*"charizard" + 0.001*"booster" + 0.001*"poland" + 0.001*"psa"
2018-08-28 04:37:20,424 : INFO : topic #2 (0.050): 0.016*"coin" + 0.011*"token" + 0.008*"wallet" + 0.007*"ico" + 0.007*"get" + 0.007*"exchange" + 0.007*"project" + 0.006*"team" + 0.006*"like" + 0.005*"cap"
2018-08-28 04:37:20,426 : INFO : topic #17 (0.050): 0.035*"die" + 0.005*"pip" + 0.003*"du" + 0.003*"forex" + 0.002*"21" + 0.002*"logo" + 0.002*"da" + 0.002*"und" + 0.002*"get" + 0.002*"drift"
2018-08-28 04:37:20,429 : INFO : topic diff=0.005197, rho=0.124035
2018-08-28 04:37:31,990 : INFO : -8.335 per-word bound, 323.0 perplexity estimate based on a held-out corpus of 4623 documents with 2290604 words
2018-08-28 04:37:31,990 : INFO : PROGRESS: pass 64, at document #4623/4623
2018-08-28 04:37:37,950 : INFO : topic #0 (0.050): 0.012*"buy" + 0.009*"im" + 0.009*"like" + 0.008*"going" + 0.008*"get" + 0.007*"coin" + 0.007*"go" + 0.007*"sell" + 0.006*"fucking" + 0.006*"btc"
2018-08-28 04:37:37,953 : INFO : topic #11 (0.050): 0.038*"btc" + 0.032*"bch" + 0.028*"bitcoin" + 0.008*"transaction" + 0.007*"cash" + 0.007*"going" + 0.007*"miner" + 0.006*"people" + 0.006*"time" + 0.006*"block"
2018-08-28 04:37:37,955 : INFO : topic #7 (0.050): 0.011*"bitbay" + 0.005*"marketplace" + 0.003*"blockchain" + 0.003*"bay" + 0.002*"syscoin" + 0.002*"peg" + 0.002*"decentralized" + 0.002*"received" + 0.002*"technology" + 0.002*"web"
2018-08-28 04:37:37,958 : INFO : topic #8 (0.050): 0.006*"application" + 0.005*"platform" + 0.004*"credit" + 0.004*"like" + 0.003*"lead" + 0.003*"product" + 0.003*"sub" + 0.003*"poker" + 0.003*"see" + 0.002*"comment"
2018-08-28 04:37:37,959 : INFO : topic #6 (0.050): 0.008*"xmr" + 0.005*"plus" + 0.004*"bitcoin" + 0.002*"btx" + 0.002*"year" + 0.002*"crypto" + 0.002*"monero" + 0.001*"komodo" + 0.001*"development" + 0.001*"coin"
2018-08-28 04:37:37,963 : INFO : topic diff=0.005050, rho=0.123091
2018-08-28 04:37:49,511 : INFO : -8.335 per-word bound, 322.9 perplexity estimate based on a held-out corpus of 4623 documents with 2290604 words
2018-08-28 04:37:49,511 : INFO : PROGRESS: pass 65, at document #4623/4623
2018-08-28 04:37:55,806 : INFO : topic #5 (0.050): 0.009*"people" + 0.008*"like" + 0.008*"fucking" + 0.006*"get" + 0.006*"bitcoin" + 0.005*"one" + 0.005*"shit" + 0.005*"would" + 0.005*"fuck" + 0.005*"even"
2018-08-28 04:37:55,810 : INFO : topic #6 (0.050): 0.007*"xmr" + 0.005*"plus" + 0.003*"bitcoin" + 0.002*"btx" + 0.002*"year" + 0.002*"monero" + 0.002*"crypto" + 0.001*"komodo" + 0.001*"development" + 0.001*"digital"
2018-08-28 04:37:55,812 : INFO : topic #3 (0.050): 0.031*"link" + 0.007*"token" + 0.007*"req" + 0.006*"chainlink" + 0.006*"get" + 0.006*"like" + 0.006*"even" + 0.005*"would" + 0.005*"make" + 0.005*"use"
2018-08-28 04:37:55,814 : INFO : topic #4 (0.050): 0.070*"ark" + 0.007*"arkies" + 0.007*"deluded" + 0.007*"delegate" + 0.004*"arkie" + 0.004*"going" + 0.004*"lisk" + 0.004*"mobile" + 0.004*"wallet" + 0.004*"satoshi"
2018-08-28 04:37:55,817 : INFO : topic #12 (0.050): 0.010*"silver" + 0.005*"digital" + 0.002*"asch" + 0.002*"mana" + 0.002*"personal" + 0.002*"year" + 0.002*"crime" + 0.002*"genesis" + 0.002*"rent" + 0.002*"oz"
2018-08-28 04:37:55,820 : INFO : topic diff=0.004926, rho=0.122169
2018-08-28 04:38:13,882 : INFO : -8.335 per-word bound, 322.9 perplexity estimate based on a held-out corpus of 4623 documents with 2290604 words
2018-08-28 04:38:13,885 : INFO : PROGRESS: pass 66, at document #4623/4623
2018-08-28 04:38:20,241 : INFO : topic #4 (0.050): 0.071*"ark" + 0.007*"arkies" + 0.007*"deluded" + 0.007*"delegate" + 0.004*"arkie" + 0.004*"going" + 0.004*"lisk" + 0.004*"mobile" + 0.004*"wallet" + 0.004*"satoshi"
2018-08-28 04:38:20,246 : INFO : topic #2 (0.050): 0.016*"coin" + 0.011*"token" + 0.008*"wallet" + 0.007*"ico" + 0.007*"get" + 0.007*"project" + 0.007*"exchange" + 0.006*"team" + 0.006*"like" + 0.005*"cap"
2018-08-28 04:38:20,248 : INFO : topic #14 (0.050): 0.011*"buy" + 0.008*"car" + 0.007*"money" + 0.007*"get" + 0.006*"would" + 0.006*"year" + 0.005*"like" + 0.005*"want" + 0.004*"make" + 0.004*"eth"
2018-08-28 04:38:20,250 : INFO : topic #5 (0.050): 0.009*"people" + 0.008*"like" + 0.008*"fucking" + 0.006*"get" + 0.006*"bitcoin" + 0.005*"one" + 0.005*"shit" + 0.005*"would" + 0.005*"fuck" + 0.005*"even"
2018-08-28 04:38:20,252 : INFO : topic #19 (0.050): 0.013*"cp" + 0.010*"child" + 0.007*"vitalik" + 0.005*"porn" + 0.004*"possession" + 0.003*"pedo" + 0.003*"heroin" + 0.003*"00100000" + 0.002*"crime" + 0.002*"guy"
2018-08-28 04:38:20,256 : INFO : topic diff=0.004793, rho=0.121268
2018-08-28 04:38:31,906 : INFO : -8.335 per-word bound, 322.8 perplexity estimate based on a held-out corpus of 4623 documents with 2290604 words
2018-08-28 04:38:31,908 : INFO : PROGRESS: pass 67, at document #4623/4623
2018-08-28 04:38:37,992 : INFO : topic #18 (0.050): 0.011*"tax" + 0.009*"crypto" + 0.007*"money" + 0.007*"pay" + 0.007*"like" + 0.006*"monero" + 0.006*"get" + 0.006*"would" + 0.006*"year" + 0.006*"coin"
2018-08-28 04:38:37,994 : INFO : topic #15 (0.050): 0.050*"chancoin" + 0.011*"power" + 0.010*"coin" + 0.008*"powr" + 0.008*"energy" + 0.004*"4chn" + 0.004*"ledger" + 0.004*"buy" + 0.003*"solar" + 0.003*"australia"
2018-08-28 04:38:37,996 : INFO : topic #11 (0.050): 0.038*"btc" + 0.032*"bch" + 0.028*"bitcoin" + 0.008*"transaction" + 0.007*"cash" + 0.007*"going" + 0.007*"miner" + 0.006*"people" + 0.006*"time" + 0.006*"block"
2018-08-28 04:38:37,998 : INFO : topic #10 (0.050): 0.008*"bat" + 0.005*"steve" + 0.004*"sergey" + 0.004*"trying" + 0.003*"mac" + 0.003*"he" + 0.003*"smoke" + 0.003*"wabi" + 0.003*"mom" + 0.003*"basement"
2018-08-28 04:38:38,000 : INFO : topic #9 (0.050): 0.010*"quad" + 0.009*"deranged" + 0.009*"linkies" + 0.008*"linkie" + 0.006*"community" + 0.005*"surely" + 0.005*"free" + 0.005*"common" + 0.005*"lost" + 0.005*"rent"
2018-08-28 04:38:38,003 : INFO : topic diff=0.004665, rho=0.120386
2018-08-28 04:38:49,331 : INFO : -8.334 per-word bound, 322.7 perplexity estimate based on a held-out corpus of 4623 documents with 2290604 words
2018-08-28 04:38:49,333 : INFO : PROGRESS: pass 68, at document #4623/4623
2018-08-28 04:38:55,212 : INFO : topic #3 (0.050): 0.031*"link" + 0.007*"token" + 0.007*"req" + 0.006*"chainlink" + 0.006*"get" + 0.006*"like" + 0.006*"even" + 0.005*"would" + 0.005*"make" + 0.005*"use"
2018-08-28 04:38:55,216 : INFO : topic #6 (0.050): 0.007*"xmr" + 0.005*"plus" + 0.003*"bitcoin" + 0.002*"btx" + 0.002*"year" + 0.002*"monero" + 0.002*"crypto" + 0.001*"komodo" + 0.001*"development" + 0.001*"digital"
2018-08-28 04:38:55,218 : INFO : topic #12 (0.050): 0.010*"silver" + 0.005*"digital" + 0.002*"asch" + 0.002*"mana" + 0.002*"personal" + 0.002*"year" + 0.002*"crime" + 0.002*"genesis" + 0.002*"rent" + 0.002*"oz"
2018-08-28 04:38:55,219 : INFO : topic #0 (0.050): 0.012*"buy" + 0.009*"im" + 0.009*"like" + 0.008*"going" + 0.008*"get" + 0.007*"coin" + 0.007*"go" + 0.007*"sell" + 0.006*"fucking" + 0.006*"btc"
2018-08-28 04:38:55,221 : INFO : topic #16 (0.050): 0.011*"get" + 0.010*"like" + 0.009*"im" + 0.008*"make" + 0.008*"money" + 0.006*"people" + 0.006*"want" + 0.006*"would" + 0.006*"year" + 0.005*"good"
2018-08-28 04:38:55,224 : INFO : topic diff=0.004537, rho=0.119523
2018-08-28 04:39:06,576 : INFO : -8.334 per-word bound, 322.7 perplexity estimate based on a held-out corpus of 4623 documents with 2290604 words
2018-08-28 04:39:06,578 : INFO : PROGRESS: pass 69, at document #4623/4623
2018-08-28 04:39:12,513 : INFO : topic #3 (0.050): 0.031*"link" + 0.007*"token" + 0.007*"req" + 0.006*"chainlink" + 0.006*"get" + 0.006*"like" + 0.006*"even" + 0.005*"would" + 0.005*"make" + 0.005*"use"
2018-08-28 04:39:12,516 : INFO : topic #16 (0.050): 0.011*"get" + 0.010*"like" + 0.009*"im" + 0.008*"make" + 0.008*"money" + 0.006*"people" + 0.006*"want" + 0.006*"would" + 0.006*"year" + 0.005*"good"
2018-08-28 04:39:12,519 : INFO : topic #17 (0.050): 0.035*"die" + 0.005*"pip" + 0.003*"du" + 0.003*"forex" + 0.002*"21" + 0.002*"logo" + 0.002*"da" + 0.002*"und" + 0.002*"drift" + 0.002*"germany"
2018-08-28 04:39:12,520 : INFO : topic #1 (0.050): 0.003*"pokemon" + 0.003*"card" + 0.001*"yugioh" + 0.001*"box" + 0.001*"bloodline" + 0.001*"edition" + 0.001*"charizard" + 0.001*"booster" + 0.001*"poland" + 0.001*"psa"
2018-08-28 04:39:12,522 : INFO : topic #18 (0.050): 0.011*"tax" + 0.009*"crypto" + 0.007*"money" + 0.007*"pay" + 0.007*"like" + 0.006*"monero" + 0.006*"get" + 0.006*"would" + 0.006*"year" + 0.006*"coin"
2018-08-28 04:39:12,526 : INFO : topic diff=0.004422, rho=0.118678
2018-08-28 04:39:24,268 : INFO : -8.334 per-word bound, 322.6 perplexity estimate based on a held-out corpus of 4623 documents with 2290604 words
2018-08-28 04:39:24,269 : INFO : PROGRESS: pass 70, at document #4623/4623
2018-08-28 04:39:30,360 : INFO : topic #19 (0.050): 0.013*"cp" + 0.010*"child" + 0.007*"vitalik" + 0.005*"porn" + 0.004*"possession" + 0.003*"pedo" + 0.003*"heroin" + 0.003*"00100000" + 0.002*"crime" + 0.002*"music"
2018-08-28 04:39:30,362 : INFO : topic #18 (0.050): 0.011*"tax" + 0.009*"crypto" + 0.007*"money" + 0.007*"pay" + 0.007*"like" + 0.006*"monero" + 0.006*"get" + 0.006*"would" + 0.006*"year" + 0.006*"coin"
2018-08-28 04:39:30,364 : INFO : topic #13 (0.050): 0.045*"tether" + 0.016*"bitfinex" + 0.011*"usdt" + 0.010*"usd" + 0.008*"pbc" + 0.007*"exchange" + 0.007*"teeka" + 0.007*"slr" + 0.007*"powr" + 0.007*"fake"
2018-08-28 04:39:30,366 : INFO : topic #1 (0.050): 0.003*"pokemon" + 0.003*"card" + 0.001*"yugioh" + 0.001*"box" + 0.001*"bloodline" + 0.001*"edition" + 0.001*"charizard" + 0.001*"booster" + 0.001*"poland" + 0.001*"psa"
2018-08-28 04:39:30,370 : INFO : topic #12 (0.050): 0.010*"silver" + 0.005*"digital" + 0.003*"asch" + 0.002*"mana" + 0.002*"personal" + 0.002*"year" + 0.002*"crime" + 0.002*"genesis" + 0.002*"rent" + 0.002*"oz"
2018-08-28 04:39:30,373 : INFO : topic diff=0.004304, rho=0.117851
2018-08-28 04:39:41,858 : INFO : -8.333 per-word bound, 322.6 perplexity estimate based on a held-out corpus of 4623 documents with 2290604 words
2018-08-28 04:39:41,859 : INFO : PROGRESS: pass 71, at document #4623/4623
2018-08-28 04:39:47,818 : INFO : topic #13 (0.050): 0.045*"tether" + 0.016*"bitfinex" + 0.011*"usdt" + 0.010*"usd" + 0.008*"pbc" + 0.007*"exchange" + 0.007*"teeka" + 0.007*"slr" + 0.007*"powr" + 0.007*"fake"
2018-08-28 04:39:47,820 : INFO : topic #1 (0.050): 0.003*"pokemon" + 0.003*"card" + 0.001*"yugioh" + 0.001*"box" + 0.001*"bloodline" + 0.001*"edition" + 0.001*"charizard" + 0.001*"booster" + 0.001*"poland" + 0.001*"psa"
2018-08-28 04:39:47,822 : INFO : topic #14 (0.050): 0.011*"buy" + 0.008*"car" + 0.007*"money" + 0.006*"get" + 0.006*"would" + 0.006*"year" + 0.005*"want" + 0.005*"like" + 0.004*"make" + 0.004*"eth"
2018-08-28 04:39:47,824 : INFO : topic #3 (0.050): 0.031*"link" + 0.007*"token" + 0.007*"req" + 0.006*"chainlink" + 0.006*"get" + 0.006*"like" + 0.006*"even" + 0.005*"would" + 0.005*"make" + 0.005*"use"
2018-08-28 04:39:47,826 : INFO : topic #15 (0.050): 0.051*"chancoin" + 0.011*"power" + 0.010*"coin" + 0.009*"powr" + 0.008*"energy" + 0.004*"4chn" + 0.004*"ledger" + 0.004*"buy" + 0.003*"solar" + 0.003*"australia"
2018-08-28 04:39:47,829 : INFO : topic diff=0.004187, rho=0.117041
2018-08-28 04:39:59,341 : INFO : -8.333 per-word bound, 322.5 perplexity estimate based on a held-out corpus of 4623 documents with 2290604 words
2018-08-28 04:39:59,342 : INFO : PROGRESS: pass 72, at document #4623/4623
2018-08-28 04:40:05,242 : INFO : topic #18 (0.050): 0.011*"tax" + 0.009*"crypto" + 0.007*"money" + 0.007*"pay" + 0.007*"like" + 0.006*"monero" + 0.006*"get" + 0.006*"would" + 0.006*"year" + 0.006*"trade"
2018-08-28 04:40:05,243 : INFO : topic #0 (0.050): 0.012*"buy" + 0.009*"im" + 0.009*"like" + 0.008*"going" + 0.008*"get" + 0.007*"coin" + 0.007*"go" + 0.007*"sell" + 0.006*"fucking" + 0.006*"btc"
2018-08-28 04:40:05,245 : INFO : topic #17 (0.050): 0.035*"die" + 0.005*"pip" + 0.003*"du" + 0.003*"forex" + 0.002*"21" + 0.002*"logo" + 0.002*"da" + 0.002*"und" + 0.002*"drift" + 0.002*"germany"
2018-08-28 04:40:05,247 : INFO : topic #15 (0.050): 0.051*"chancoin" + 0.011*"power" + 0.010*"coin" + 0.009*"powr" + 0.008*"energy" + 0.004*"4chn" + 0.004*"ledger" + 0.003*"buy" + 0.003*"solar" + 0.003*"australia"
2018-08-28 04:40:05,249 : INFO : topic #6 (0.050): 0.007*"xmr" + 0.005*"plus" + 0.003*"bitcoin" + 0.002*"btx" + 0.002*"year" + 0.001*"komodo" + 0.001*"monero" + 0.001*"crypto" + 0.001*"development" + 0.001*"digital"
2018-08-28 04:40:05,253 : INFO : topic diff=0.004081, rho=0.116248
2018-08-28 04:40:16,515 : INFO : -8.333 per-word bound, 322.4 perplexity estimate based on a held-out corpus of 4623 documents with 2290604 words
2018-08-28 04:40:16,515 : INFO : PROGRESS: pass 73, at document #4623/4623
2018-08-28 04:40:22,614 : INFO : topic #10 (0.050): 0.008*"bat" + 0.005*"steve" + 0.004*"sergey" + 0.004*"trying" + 0.004*"mac" + 0.003*"he" + 0.003*"smoke" + 0.003*"wabi" + 0.003*"mom" + 0.003*"basement"
2018-08-28 04:40:22,617 : INFO : topic #12 (0.050): 0.010*"silver" + 0.005*"digital" + 0.003*"asch" + 0.002*"mana" + 0.002*"personal" + 0.002*"year" + 0.002*"crime" + 0.002*"genesis" + 0.002*"rent" + 0.002*"oz"
2018-08-28 04:40:22,619 : INFO : topic #11 (0.050): 0.038*"btc" + 0.032*"bch" + 0.028*"bitcoin" + 0.008*"transaction" + 0.007*"cash" + 0.007*"going" + 0.007*"miner" + 0.006*"people" + 0.006*"time" + 0.006*"coin"
2018-08-28 04:40:22,621 : INFO : topic #4 (0.050): 0.072*"ark" + 0.007*"arkies" + 0.007*"deluded" + 0.007*"delegate" + 0.004*"arkie" + 0.004*"going" + 0.004*"lisk" + 0.004*"mobile" + 0.004*"wallet" + 0.004*"satoshi"
2018-08-28 04:40:22,623 : INFO : topic #2 (0.050): 0.016*"coin" + 0.011*"token" + 0.008*"wallet" + 0.007*"ico" + 0.007*"project" + 0.007*"get" + 0.007*"exchange" + 0.006*"team" + 0.006*"like" + 0.005*"cap"
2018-08-28 04:40:22,627 : INFO : topic diff=0.003978, rho=0.115470
2018-08-28 04:40:34,039 : INFO : -8.333 per-word bound, 322.4 perplexity estimate based on a held-out corpus of 4623 documents with 2290604 words
2018-08-28 04:40:34,040 : INFO : PROGRESS: pass 74, at document #4623/4623
2018-08-28 04:40:40,146 : INFO : topic #6 (0.050): 0.007*"xmr" + 0.005*"plus" + 0.003*"bitcoin" + 0.002*"btx" + 0.002*"year" + 0.001*"komodo" + 0.001*"monero" + 0.001*"crypto" + 0.001*"development" + 0.001*"digital"
2018-08-28 04:40:40,151 : INFO : topic #16 (0.050): 0.011*"get" + 0.010*"like" + 0.009*"im" + 0.008*"make" + 0.008*"money" + 0.006*"people" + 0.006*"want" + 0.006*"would" + 0.006*"year" + 0.005*"good"
2018-08-28 04:40:40,152 : INFO : topic #15 (0.050): 0.052*"chancoin" + 0.011*"power" + 0.010*"coin" + 0.009*"powr" + 0.008*"energy" + 0.004*"4chn" + 0.004*"ledger" + 0.004*"solar" + 0.003*"australia" + 0.003*"buy"
2018-08-28 04:40:40,155 : INFO : topic #13 (0.050): 0.045*"tether" + 0.017*"bitfinex" + 0.011*"usdt" + 0.010*"usd" + 0.008*"pbc" + 0.007*"exchange" + 0.007*"teeka" + 0.007*"slr" + 0.007*"powr" + 0.007*"fake"
2018-08-28 04:40:40,157 : INFO : topic #12 (0.050): 0.010*"silver" + 0.005*"digital" + 0.003*"asch" + 0.002*"mana" + 0.002*"personal" + 0.002*"year" + 0.002*"crime" + 0.002*"genesis" + 0.002*"rent" + 0.002*"oz"
2018-08-28 04:40:40,161 : INFO : topic diff=0.003876, rho=0.114708
2018-08-28 04:40:51,562 : INFO : -8.332 per-word bound, 322.3 perplexity estimate based on a held-out corpus of 4623 documents with 2290604 words
2018-08-28 04:40:51,563 : INFO : PROGRESS: pass 75, at document #4623/4623
2018-08-28 04:40:57,702 : INFO : topic #11 (0.050): 0.038*"btc" + 0.032*"bch" + 0.028*"bitcoin" + 0.008*"transaction" + 0.007*"cash" + 0.007*"going" + 0.007*"miner" + 0.006*"people" + 0.006*"time" + 0.006*"coin"
2018-08-28 04:40:57,705 : INFO : topic #14 (0.050): 0.011*"buy" + 0.008*"car" + 0.007*"money" + 0.006*"get" + 0.006*"would" + 0.006*"year" + 0.005*"want" + 0.005*"like" + 0.004*"make" + 0.004*"eth"
2018-08-28 04:40:57,706 : INFO : topic #3 (0.050): 0.031*"link" + 0.007*"req" + 0.007*"token" + 0.007*"chainlink" + 0.006*"like" + 0.006*"get" + 0.006*"even" + 0.005*"would" + 0.005*"make" + 0.005*"use"
2018-08-28 04:40:57,708 : INFO : topic #19 (0.050): 0.013*"cp" + 0.010*"child" + 0.007*"vitalik" + 0.005*"porn" + 0.004*"possession" + 0.003*"heroin" + 0.003*"pedo" + 0.003*"00100000" + 0.002*"crime" + 0.002*"music"
2018-08-28 04:40:57,710 : INFO : topic #7 (0.050): 0.011*"bitbay" + 0.005*"marketplace" + 0.003*"blockchain" + 0.003*"bay" + 0.002*"syscoin" + 0.002*"peg" + 0.002*"received" + 0.002*"decentralized" + 0.002*"technology" + 0.002*"web"
2018-08-28 04:40:57,714 : INFO : topic diff=0.003781, rho=0.113961
2018-08-28 04:41:09,073 : INFO : -8.332 per-word bound, 322.3 perplexity estimate based on a held-out corpus of 4623 documents with 2290604 words
2018-08-28 04:41:09,074 : INFO : PROGRESS: pass 76, at document #4623/4623
2018-08-28 04:41:15,028 : INFO : topic #11 (0.050): 0.038*"btc" + 0.031*"bch" + 0.028*"bitcoin" + 0.008*"transaction" + 0.007*"cash" + 0.007*"going" + 0.007*"miner" + 0.006*"people" + 0.006*"time" + 0.006*"coin"
2018-08-28 04:41:15,031 : INFO : topic #9 (0.050): 0.010*"quad" + 0.009*"deranged" + 0.009*"linkies" + 0.008*"linkie" + 0.006*"community" + 0.005*"surely" + 0.005*"free" + 0.005*"common" + 0.005*"lost" + 0.005*"rent"
2018-08-28 04:41:15,035 : INFO : topic #2 (0.050): 0.017*"coin" + 0.011*"token" + 0.008*"wallet" + 0.007*"ico" + 0.007*"project" + 0.007*"get" + 0.007*"exchange" + 0.006*"team" + 0.006*"like" + 0.005*"cap"
2018-08-28 04:41:15,037 : INFO : topic #8 (0.050): 0.006*"application" + 0.005*"platform" + 0.004*"credit" + 0.003*"like" + 0.003*"lead" + 0.003*"sub" + 0.003*"product" + 0.003*"poker" + 0.003*"comment" + 0.003*"see"
2018-08-28 04:41:15,039 : INFO : topic #10 (0.050): 0.008*"bat" + 0.005*"steve" + 0.004*"sergey" + 0.004*"trying" + 0.004*"mac" + 0.004*"he" + 0.003*"smoke" + 0.003*"wabi" + 0.003*"mom" + 0.003*"basement"
2018-08-28 04:41:15,043 : INFO : topic diff=0.003688, rho=0.113228
2018-08-28 04:41:26,763 : INFO : -8.332 per-word bound, 322.2 perplexity estimate based on a held-out corpus of 4623 documents with 2290604 words
2018-08-28 04:41:26,764 : INFO : PROGRESS: pass 77, at document #4623/4623
2018-08-28 04:41:32,943 : INFO : topic #1 (0.050): 0.003*"pokemon" + 0.003*"card" + 0.001*"yugioh" + 0.001*"box" + 0.001*"bloodline" + 0.001*"edition" + 0.001*"charizard" + 0.001*"booster" + 0.001*"poland" + 0.001*"psa"
2018-08-28 04:41:32,946 : INFO : topic #4 (0.050): 0.072*"ark" + 0.008*"arkies" + 0.007*"deluded" + 0.007*"delegate" + 0.005*"arkie" + 0.004*"lisk" + 0.004*"going" + 0.004*"mobile" + 0.004*"wallet" + 0.004*"satoshi"
2018-08-28 04:41:32,947 : INFO : topic #0 (0.050): 0.012*"buy" + 0.009*"im" + 0.009*"like" + 0.008*"going" + 0.008*"get" + 0.007*"coin" + 0.007*"go" + 0.007*"sell" + 0.006*"fucking" + 0.006*"btc"
2018-08-28 04:41:32,949 : INFO : topic #13 (0.050): 0.046*"tether" + 0.017*"bitfinex" + 0.011*"usdt" + 0.011*"usd" + 0.008*"pbc" + 0.008*"exchange" + 0.007*"teeka" + 0.007*"slr" + 0.007*"powr" + 0.007*"fake"
2018-08-28 04:41:32,951 : INFO : topic #14 (0.050): 0.011*"buy" + 0.008*"car" + 0.007*"money" + 0.006*"get" + 0.006*"would" + 0.006*"year" + 0.005*"want" + 0.005*"like" + 0.004*"eth" + 0.004*"make"
2018-08-28 04:41:32,955 : INFO : topic diff=0.003596, rho=0.112509
2018-08-28 04:41:44,917 : INFO : -8.332 per-word bound, 322.2 perplexity estimate based on a held-out corpus of 4623 documents with 2290604 words
2018-08-28 04:41:44,918 : INFO : PROGRESS: pass 78, at document #4623/4623
2018-08-28 04:41:51,033 : INFO : topic #0 (0.050): 0.012*"buy" + 0.009*"im" + 0.009*"like" + 0.008*"going" + 0.008*"get" + 0.007*"coin" + 0.007*"go" + 0.007*"sell" + 0.006*"fucking" + 0.006*"btc"
2018-08-28 04:41:51,036 : INFO : topic #4 (0.050): 0.073*"ark" + 0.008*"arkies" + 0.007*"deluded" + 0.007*"delegate" + 0.005*"arkie" + 0.004*"lisk" + 0.004*"going" + 0.004*"mobile" + 0.004*"wallet" + 0.004*"satoshi"
2018-08-28 04:41:51,039 : INFO : topic #7 (0.050): 0.011*"bitbay" + 0.005*"marketplace" + 0.003*"blockchain" + 0.003*"bay" + 0.002*"syscoin" + 0.002*"peg" + 0.002*"received" + 0.002*"decentralized" + 0.002*"technology" + 0.002*"web"
2018-08-28 04:41:51,041 : INFO : topic #11 (0.050): 0.038*"btc" + 0.031*"bch" + 0.028*"bitcoin" + 0.008*"transaction" + 0.007*"cash" + 0.007*"going" + 0.007*"miner" + 0.006*"people" + 0.006*"time" + 0.006*"coin"
2018-08-28 04:41:51,044 : INFO : topic #14 (0.050): 0.011*"buy" + 0.008*"car" + 0.007*"money" + 0.006*"get" + 0.005*"would" + 0.005*"year" + 0.005*"want" + 0.005*"like" + 0.004*"eth" + 0.004*"make"
2018-08-28 04:41:51,048 : INFO : topic diff=0.003512, rho=0.111803
2018-08-28 04:42:02,737 : INFO : -8.332 per-word bound, 322.1 perplexity estimate based on a held-out corpus of 4623 documents with 2290604 words
2018-08-28 04:42:02,740 : INFO : PROGRESS: pass 79, at document #4623/4623
2018-08-28 04:42:08,957 : INFO : topic #15 (0.050): 0.053*"chancoin" + 0.012*"power" + 0.010*"coin" + 0.009*"powr" + 0.008*"energy" + 0.004*"4chn" + 0.004*"ledger" + 0.004*"solar" + 0.004*"australia" + 0.003*"tesla"
2018-08-28 04:42:08,959 : INFO : topic #10 (0.050): 0.008*"bat" + 0.005*"steve" + 0.005*"sergey" + 0.004*"trying" + 0.004*"mac" + 0.004*"he" + 0.003*"smoke" + 0.003*"wabi" + 0.003*"mom" + 0.003*"basement"
2018-08-28 04:42:08,961 : INFO : topic #4 (0.050): 0.073*"ark" + 0.008*"arkies" + 0.007*"deluded" + 0.007*"delegate" + 0.005*"arkie" + 0.004*"lisk" + 0.004*"going" + 0.004*"mobile" + 0.004*"wallet" + 0.004*"satoshi"
2018-08-28 04:42:08,963 : INFO : topic #3 (0.050): 0.031*"link" + 0.007*"req" + 0.007*"token" + 0.007*"chainlink" + 0.006*"like" + 0.006*"get" + 0.006*"even" + 0.005*"would" + 0.005*"make" + 0.005*"use"
2018-08-28 04:42:08,965 : INFO : topic #12 (0.050): 0.010*"silver" + 0.005*"digital" + 0.003*"asch" + 0.002*"mana" + 0.002*"personal" + 0.002*"year" + 0.002*"crime" + 0.002*"genesis" + 0.002*"rent" + 0.002*"oz"
2018-08-28 04:42:08,968 : INFO : topic diff=0.003428, rho=0.111111
2018-08-28 04:42:20,648 : INFO : -8.331 per-word bound, 322.1 perplexity estimate based on a held-out corpus of 4623 documents with 2290604 words
2018-08-28 04:42:20,649 : INFO : PROGRESS: pass 80, at document #4623/4623
2018-08-28 04:42:26,798 : INFO : topic #18 (0.050): 0.011*"tax" + 0.009*"crypto" + 0.007*"money" + 0.007*"pay" + 0.007*"like" + 0.006*"monero" + 0.006*"get" + 0.006*"year" + 0.006*"would" + 0.006*"trade"
2018-08-28 04:42:26,801 : INFO : topic #16 (0.050): 0.011*"get" + 0.010*"like" + 0.009*"im" + 0.008*"make" + 0.008*"money" + 0.006*"people" + 0.006*"want" + 0.006*"would" + 0.006*"year" + 0.005*"good"
2018-08-28 04:42:26,804 : INFO : topic #9 (0.050): 0.010*"quad" + 0.009*"deranged" + 0.009*"linkies" + 0.008*"linkie" + 0.006*"community" + 0.006*"surely" + 0.005*"common" + 0.005*"free" + 0.005*"lost" + 0.005*"rent"
2018-08-28 04:42:26,806 : INFO : topic #7 (0.050): 0.011*"bitbay" + 0.005*"marketplace" + 0.003*"blockchain" + 0.003*"bay" + 0.002*"syscoin" + 0.002*"peg" + 0.002*"received" + 0.002*"decentralized" + 0.002*"technology" + 0.002*"service"
2018-08-28 04:42:26,808 : INFO : topic #8 (0.050): 0.006*"application" + 0.005*"platform" + 0.004*"credit" + 0.003*"like" + 0.003*"lead" + 0.003*"sub" + 0.003*"product" + 0.003*"poker" + 0.003*"comment" + 0.002*"see"
2018-08-28 04:42:26,812 : INFO : topic diff=0.003349, rho=0.110432
2018-08-28 04:42:38,454 : INFO : -8.331 per-word bound, 322.1 perplexity estimate based on a held-out corpus of 4623 documents with 2290604 words
2018-08-28 04:42:38,455 : INFO : PROGRESS: pass 81, at document #4623/4623
2018-08-28 04:42:44,892 : INFO : topic #11 (0.050): 0.038*"btc" + 0.031*"bch" + 0.029*"bitcoin" + 0.008*"transaction" + 0.007*"cash" + 0.007*"going" + 0.007*"miner" + 0.006*"people" + 0.006*"coin" + 0.006*"time"
2018-08-28 04:42:44,896 : INFO : topic #18 (0.050): 0.011*"tax" + 0.009*"crypto" + 0.007*"money" + 0.007*"pay" + 0.007*"like" + 0.006*"monero" + 0.006*"get" + 0.006*"year" + 0.006*"would" + 0.006*"trade"
2018-08-28 04:42:44,898 : INFO : topic #12 (0.050): 0.010*"silver" + 0.005*"digital" + 0.003*"asch" + 0.002*"mana" + 0.002*"personal" + 0.002*"year" + 0.002*"crime" + 0.002*"genesis" + 0.002*"rent" + 0.002*"oz"
2018-08-28 04:42:44,900 : INFO : topic #13 (0.050): 0.046*"tether" + 0.017*"bitfinex" + 0.011*"usdt" + 0.011*"usd" + 0.008*"pbc" + 0.008*"exchange" + 0.007*"teeka" + 0.007*"slr" + 0.007*"powr" + 0.007*"fake"
2018-08-28 04:42:44,902 : INFO : topic #0 (0.050): 0.012*"buy" + 0.009*"im" + 0.009*"like" + 0.008*"going" + 0.008*"get" + 0.007*"coin" + 0.007*"go" + 0.007*"sell" + 0.006*"fucking" + 0.006*"btc"
2018-08-28 04:42:44,907 : INFO : topic diff=0.003269, rho=0.109764
2018-08-28 04:42:56,616 : INFO : -8.331 per-word bound, 322.0 perplexity estimate based on a held-out corpus of 4623 documents with 2290604 words
2018-08-28 04:42:56,617 : INFO : PROGRESS: pass 82, at document #4623/4623
2018-08-28 04:43:02,931 : INFO : topic #11 (0.050): 0.038*"btc" + 0.031*"bch" + 0.029*"bitcoin" + 0.008*"transaction" + 0.007*"cash" + 0.007*"going" + 0.007*"miner" + 0.006*"people" + 0.006*"coin" + 0.006*"time"
2018-08-28 04:43:02,935 : INFO : topic #18 (0.050): 0.011*"tax" + 0.009*"crypto" + 0.007*"money" + 0.007*"pay" + 0.007*"like" + 0.006*"monero" + 0.006*"get" + 0.006*"year" + 0.006*"would" + 0.006*"trade"
2018-08-28 04:43:02,938 : INFO : topic #19 (0.050): 0.013*"cp" + 0.010*"child" + 0.007*"vitalik" + 0.005*"porn" + 0.004*"possession" + 0.003*"heroin" + 0.003*"pedo" + 0.003*"00100000" + 0.002*"crime" + 0.002*"music"
2018-08-28 04:43:02,940 : INFO : topic #4 (0.050): 0.073*"ark" + 0.008*"arkies" + 0.007*"deluded" + 0.007*"delegate" + 0.005*"arkie" + 0.004*"lisk" + 0.004*"mobile" + 0.004*"going" + 0.004*"wallet" + 0.004*"satoshi"
2018-08-28 04:43:02,942 : INFO : topic #9 (0.050): 0.011*"quad" + 0.009*"deranged" + 0.009*"linkies" + 0.008*"linkie" + 0.006*"community" + 0.006*"surely" + 0.005*"common" + 0.005*"free" + 0.005*"lost" + 0.005*"rent"
2018-08-28 04:43:02,945 : INFO : topic diff=0.003192, rho=0.109109
2018-08-28 04:43:14,395 : INFO : -8.331 per-word bound, 322.0 perplexity estimate based on a held-out corpus of 4623 documents with 2290604 words
2018-08-28 04:43:14,396 : INFO : PROGRESS: pass 83, at document #4623/4623
2018-08-28 04:43:20,380 : INFO : topic #19 (0.050): 0.013*"cp" + 0.010*"child" + 0.007*"vitalik" + 0.005*"porn" + 0.004*"possession" + 0.003*"heroin" + 0.003*"pedo" + 0.003*"00100000" + 0.002*"crime" + 0.002*"music"
2018-08-28 04:43:20,382 : INFO : topic #6 (0.050): 0.007*"xmr" + 0.005*"plus" + 0.002*"btx" + 0.002*"bitcoin" + 0.001*"komodo" + 0.001*"year" + 0.001*"digital" + 0.001*"monero" + 0.001*"development" + 0.001*"python"
2018-08-28 04:43:20,384 : INFO : topic #18 (0.050): 0.011*"tax" + 0.009*"crypto" + 0.007*"money" + 0.007*"pay" + 0.007*"like" + 0.006*"monero" + 0.006*"get" + 0.006*"year" + 0.006*"would" + 0.006*"trade"
2018-08-28 04:43:20,386 : INFO : topic #2 (0.050): 0.017*"coin" + 0.011*"token" + 0.008*"wallet" + 0.007*"ico" + 0.007*"project" + 0.007*"get" + 0.007*"exchange" + 0.006*"team" + 0.006*"like" + 0.005*"cap"
2018-08-28 04:43:20,389 : INFO : topic #8 (0.050): 0.006*"application" + 0.005*"platform" + 0.004*"credit" + 0.003*"like" + 0.003*"lead" + 0.003*"sub" + 0.003*"poker" + 0.003*"product" + 0.003*"comment" + 0.002*"see"
2018-08-28 04:43:20,392 : INFO : topic diff=0.003117, rho=0.108465
2018-08-28 04:43:32,000 : INFO : -8.331 per-word bound, 321.9 perplexity estimate based on a held-out corpus of 4623 documents with 2290604 words
2018-08-28 04:43:32,000 : INFO : PROGRESS: pass 84, at document #4623/4623
2018-08-28 04:43:37,891 : INFO : topic #12 (0.050): 0.010*"silver" + 0.005*"digital" + 0.003*"asch" + 0.002*"mana" + 0.002*"personal" + 0.002*"year" + 0.002*"crime" + 0.002*"genesis" + 0.002*"rent" + 0.002*"oz"
2018-08-28 04:43:37,893 : INFO : topic #10 (0.050): 0.008*"bat" + 0.005*"steve" + 0.005*"sergey" + 0.004*"trying" + 0.004*"mac" + 0.004*"he" + 0.003*"smoke" + 0.003*"wabi" + 0.003*"mom" + 0.003*"basement"
2018-08-28 04:43:37,895 : INFO : topic #4 (0.050): 0.073*"ark" + 0.008*"arkies" + 0.007*"deluded" + 0.007*"delegate" + 0.005*"arkie" + 0.004*"lisk" + 0.004*"mobile" + 0.004*"going" + 0.004*"wallet" + 0.004*"satoshi"
2018-08-28 04:43:37,898 : INFO : topic #19 (0.050): 0.013*"cp" + 0.010*"child" + 0.007*"vitalik" + 0.005*"porn" + 0.004*"possession" + 0.003*"heroin" + 0.003*"pedo" + 0.003*"00100000" + 0.002*"crime" + 0.002*"music"
2018-08-28 04:43:37,900 : INFO : topic #14 (0.050): 0.011*"buy" + 0.009*"car" + 0.007*"money" + 0.006*"get" + 0.005*"year" + 0.005*"would" + 0.005*"want" + 0.005*"like" + 0.004*"eth" + 0.004*"make"
2018-08-28 04:43:37,905 : INFO : topic diff=0.003048, rho=0.107833
2018-08-28 04:43:49,348 : INFO : -8.330 per-word bound, 321.9 perplexity estimate based on a held-out corpus of 4623 documents with 2290604 words
2018-08-28 04:43:49,351 : INFO : PROGRESS: pass 85, at document #4623/4623
2018-08-28 04:43:55,399 : INFO : topic #0 (0.050): 0.012*"buy" + 0.009*"im" + 0.009*"like" + 0.008*"going" + 0.008*"get" + 0.007*"coin" + 0.007*"go" + 0.007*"sell" + 0.006*"fucking" + 0.006*"btc"
2018-08-28 04:43:55,401 : INFO : topic #17 (0.050): 0.036*"die" + 0.005*"pip" + 0.003*"du" + 0.003*"forex" + 0.002*"21" + 0.002*"logo" + 0.002*"da" + 0.002*"und" + 0.002*"drift" + 0.002*"germany"
2018-08-28 04:43:55,403 : INFO : topic #12 (0.050): 0.010*"silver" + 0.005*"digital" + 0.003*"asch" + 0.002*"mana" + 0.002*"personal" + 0.002*"year" + 0.002*"crime" + 0.002*"genesis" + 0.002*"rent" + 0.002*"oz"
2018-08-28 04:43:55,406 : INFO : topic #18 (0.050): 0.011*"tax" + 0.009*"crypto" + 0.007*"money" + 0.007*"pay" + 0.007*"like" + 0.006*"monero" + 0.006*"get" + 0.006*"year" + 0.006*"would" + 0.006*"trade"
2018-08-28 04:43:55,408 : INFO : topic #8 (0.050): 0.006*"application" + 0.005*"platform" + 0.004*"credit" + 0.003*"like" + 0.003*"lead" + 0.003*"sub" + 0.003*"poker" + 0.003*"product" + 0.003*"comment" + 0.002*"see"
2018-08-28 04:43:55,411 : INFO : topic diff=0.002978, rho=0.107211
2018-08-28 04:44:06,743 : INFO : -8.330 per-word bound, 321.9 perplexity estimate based on a held-out corpus of 4623 documents with 2290604 words
2018-08-28 04:44:06,746 : INFO : PROGRESS: pass 86, at document #4623/4623
2018-08-28 04:44:12,649 : INFO : topic #5 (0.050): 0.009*"people" + 0.008*"like" + 0.008*"fucking" + 0.006*"get" + 0.006*"one" + 0.005*"shit" + 0.005*"would" + 0.005*"fuck" + 0.005*"bitcoin" + 0.005*"even"
2018-08-28 04:44:12,651 : INFO : topic #13 (0.050): 0.046*"tether" + 0.017*"bitfinex" + 0.011*"usdt" + 0.011*"usd" + 0.009*"pbc" + 0.008*"exchange" + 0.007*"teeka" + 0.007*"slr" + 0.007*"powr" + 0.007*"fake"
2018-08-28 04:44:12,653 : INFO : topic #9 (0.050): 0.011*"quad" + 0.009*"deranged" + 0.009*"linkies" + 0.008*"linkie" + 0.006*"community" + 0.006*"surely" + 0.005*"common" + 0.005*"free" + 0.005*"lost" + 0.005*"rent"
2018-08-28 04:44:12,655 : INFO : topic #19 (0.050): 0.013*"cp" + 0.010*"child" + 0.007*"vitalik" + 0.005*"porn" + 0.004*"possession" + 0.003*"heroin" + 0.003*"pedo" + 0.003*"00100000" + 0.002*"crime" + 0.002*"music"
2018-08-28 04:44:12,657 : INFO : topic #3 (0.050): 0.032*"link" + 0.007*"req" + 0.007*"token" + 0.007*"chainlink" + 0.006*"like" + 0.006*"get" + 0.006*"even" + 0.005*"would" + 0.005*"make" + 0.005*"use"
2018-08-28 04:44:12,660 : INFO : topic diff=0.002916, rho=0.106600
2018-08-28 04:44:23,778 : INFO : -8.330 per-word bound, 321.8 perplexity estimate based on a held-out corpus of 4623 documents with 2290604 words
2018-08-28 04:44:23,781 : INFO : PROGRESS: pass 87, at document #4623/4623
2018-08-28 04:44:29,646 : INFO : topic #1 (0.050): 0.003*"pokemon" + 0.003*"card" + 0.001*"yugioh" + 0.001*"box" + 0.001*"bloodline" + 0.001*"edition" + 0.001*"charizard" + 0.001*"booster" + 0.001*"poland" + 0.001*"psa"
2018-08-28 04:44:29,648 : INFO : topic #9 (0.050): 0.011*"quad" + 0.009*"deranged" + 0.009*"linkies" + 0.008*"linkie" + 0.006*"community" + 0.006*"surely" + 0.005*"common" + 0.005*"free" + 0.005*"lost" + 0.005*"rent"
2018-08-28 04:44:29,651 : INFO : topic #10 (0.050): 0.008*"bat" + 0.005*"sergey" + 0.005*"steve" + 0.004*"trying" + 0.004*"mac" + 0.004*"he" + 0.003*"smoke" + 0.003*"wabi" + 0.003*"mom" + 0.003*"basement"
2018-08-28 04:44:29,652 : INFO : topic #5 (0.050): 0.009*"people" + 0.008*"like" + 0.008*"fucking" + 0.006*"get" + 0.006*"one" + 0.005*"shit" + 0.005*"would" + 0.005*"fuck" + 0.005*"bitcoin" + 0.005*"even"
2018-08-28 04:44:29,654 : INFO : topic #19 (0.050): 0.013*"cp" + 0.010*"child" + 0.007*"vitalik" + 0.005*"porn" + 0.004*"possession" + 0.003*"heroin" + 0.003*"pedo" + 0.003*"00100000" + 0.002*"crime" + 0.002*"music"
2018-08-28 04:44:29,657 : INFO : topic diff=0.002849, rho=0.106000
2018-08-28 04:44:40,899 : INFO : -8.330 per-word bound, 321.8 perplexity estimate based on a held-out corpus of 4623 documents with 2290604 words
2018-08-28 04:44:40,901 : INFO : PROGRESS: pass 88, at document #4623/4623
2018-08-28 04:44:46,771 : INFO : topic #15 (0.050): 0.054*"chancoin" + 0.012*"power" + 0.010*"coin" + 0.009*"powr" + 0.009*"energy" + 0.004*"4chn" + 0.004*"ledger" + 0.004*"solar" + 0.004*"australia" + 0.003*"tesla"
2018-08-28 04:44:46,773 : INFO : topic #13 (0.050): 0.047*"tether" + 0.017*"bitfinex" + 0.011*"usdt" + 0.011*"usd" + 0.009*"pbc" + 0.008*"exchange" + 0.007*"teeka" + 0.007*"slr" + 0.007*"powr" + 0.007*"fake"
2018-08-28 04:44:46,775 : INFO : topic #6 (0.050): 0.007*"xmr" + 0.005*"plus" + 0.002*"btx" + 0.002*"bitcoin" + 0.001*"komodo" + 0.001*"year" + 0.001*"digital" + 0.001*"development" + 0.001*"python" + 0.001*"monero"
2018-08-28 04:44:46,777 : INFO : topic #11 (0.050): 0.038*"btc" + 0.031*"bch" + 0.029*"bitcoin" + 0.008*"transaction" + 0.007*"cash" + 0.007*"going" + 0.007*"miner" + 0.006*"people" + 0.006*"coin" + 0.006*"time"
2018-08-28 04:44:46,779 : INFO : topic #19 (0.050): 0.013*"cp" + 0.010*"child" + 0.007*"vitalik" + 0.005*"porn" + 0.004*"possession" + 0.003*"heroin" + 0.003*"pedo" + 0.003*"00100000" + 0.002*"crime" + 0.002*"music"
2018-08-28 04:44:46,782 : INFO : topic diff=0.002788, rho=0.105409
2018-08-28 04:44:58,465 : INFO : -8.330 per-word bound, 321.7 perplexity estimate based on a held-out corpus of 4623 documents with 2290604 words
2018-08-28 04:44:58,468 : INFO : PROGRESS: pass 89, at document #4623/4623
2018-08-28 04:45:04,461 : INFO : topic #6 (0.050): 0.007*"xmr" + 0.005*"plus" + 0.002*"btx" + 0.002*"bitcoin" + 0.001*"komodo" + 0.001*"digital" + 0.001*"year" + 0.001*"development" + 0.001*"python" + 0.001*"monero"
2018-08-28 04:45:04,463 : INFO : topic #10 (0.050): 0.008*"bat" + 0.005*"sergey" + 0.005*"steve" + 0.004*"trying" + 0.004*"mac" + 0.004*"he" + 0.003*"smoke" + 0.003*"wabi" + 0.003*"mom" + 0.003*"basement"
2018-08-28 04:45:04,465 : INFO : topic #15 (0.050): 0.054*"chancoin" + 0.012*"power" + 0.010*"coin" + 0.009*"powr" + 0.009*"energy" + 0.004*"4chn" + 0.004*"ledger" + 0.004*"solar" + 0.004*"australia" + 0.003*"tesla"
2018-08-28 04:45:04,466 : INFO : topic #0 (0.050): 0.012*"buy" + 0.009*"im" + 0.009*"like" + 0.008*"going" + 0.008*"get" + 0.007*"coin" + 0.007*"go" + 0.007*"sell" + 0.006*"fucking" + 0.006*"btc"
2018-08-28 04:45:04,468 : INFO : topic #14 (0.050): 0.011*"buy" + 0.009*"car" + 0.007*"money" + 0.006*"get" + 0.005*"year" + 0.005*"would" + 0.005*"want" + 0.005*"like" + 0.004*"eth" + 0.004*"much"
2018-08-28 04:45:04,472 : INFO : topic diff=0.002728, rho=0.104828
2018-08-28 04:45:15,815 : INFO : -8.330 per-word bound, 321.7 perplexity estimate based on a held-out corpus of 4623 documents with 2290604 words
2018-08-28 04:45:15,816 : INFO : PROGRESS: pass 90, at document #4623/4623
2018-08-28 04:45:21,746 : INFO : topic #16 (0.050): 0.011*"get" + 0.010*"like" + 0.009*"im" + 0.008*"make" + 0.008*"money" + 0.006*"want" + 0.006*"people" + 0.006*"would" + 0.006*"year" + 0.005*"good"
2018-08-28 04:45:21,748 : INFO : topic #0 (0.050): 0.012*"buy" + 0.009*"im" + 0.009*"like" + 0.008*"going" + 0.008*"get" + 0.007*"coin" + 0.007*"go" + 0.007*"sell" + 0.006*"fucking" + 0.006*"btc"
2018-08-28 04:45:21,750 : INFO : topic #7 (0.050): 0.011*"bitbay" + 0.005*"marketplace" + 0.003*"blockchain" + 0.003*"bay" + 0.002*"syscoin" + 0.002*"peg" + 0.002*"received" + 0.002*"technology" + 0.002*"decentralized" + 0.002*"service"
2018-08-28 04:45:21,752 : INFO : topic #15 (0.050): 0.055*"chancoin" + 0.012*"power" + 0.010*"coin" + 0.009*"powr" + 0.009*"energy" + 0.004*"4chn" + 0.004*"ledger" + 0.004*"solar" + 0.004*"australia" + 0.003*"tesla"
2018-08-28 04:45:21,754 : INFO : topic #2 (0.050): 0.017*"coin" + 0.011*"token" + 0.008*"wallet" + 0.007*"ico" + 0.007*"project" + 0.007*"get" + 0.007*"exchange" + 0.006*"team" + 0.006*"like" + 0.005*"one"
2018-08-28 04:45:21,757 : INFO : topic diff=0.002669, rho=0.104257
2018-08-28 04:45:33,226 : INFO : -8.329 per-word bound, 321.7 perplexity estimate based on a held-out corpus of 4623 documents with 2290604 words
2018-08-28 04:45:33,227 : INFO : PROGRESS: pass 91, at document #4623/4623
2018-08-28 04:45:39,230 : INFO : topic #13 (0.050): 0.047*"tether" + 0.017*"bitfinex" + 0.011*"usdt" + 0.011*"usd" + 0.009*"pbc" + 0.008*"exchange" + 0.008*"teeka" + 0.007*"slr" + 0.007*"powr" + 0.007*"fake"
2018-08-28 04:45:39,232 : INFO : topic #16 (0.050): 0.011*"get" + 0.010*"like" + 0.009*"im" + 0.008*"make" + 0.008*"money" + 0.006*"want" + 0.006*"people" + 0.006*"would" + 0.006*"year" + 0.005*"good"
2018-08-28 04:45:39,235 : INFO : topic #7 (0.050): 0.011*"bitbay" + 0.005*"marketplace" + 0.003*"blockchain" + 0.003*"bay" + 0.002*"syscoin" + 0.002*"peg" + 0.002*"received" + 0.002*"technology" + 0.002*"decentralized" + 0.002*"service"
2018-08-28 04:45:39,238 : INFO : topic #18 (0.050): 0.011*"tax" + 0.009*"crypto" + 0.007*"money" + 0.007*"pay" + 0.007*"like" + 0.006*"monero" + 0.006*"year" + 0.006*"get" + 0.006*"trade" + 0.006*"would"
2018-08-28 04:45:39,241 : INFO : topic #4 (0.050): 0.074*"ark" + 0.008*"arkies" + 0.007*"deluded" + 0.007*"delegate" + 0.005*"arkie" + 0.004*"lisk" + 0.004*"mobile" + 0.004*"wallet" + 0.004*"going" + 0.004*"satoshi"
2018-08-28 04:45:39,244 : INFO : topic diff=0.002615, rho=0.103695
2018-08-28 04:45:50,700 : INFO : -8.329 per-word bound, 321.6 perplexity estimate based on a held-out corpus of 4623 documents with 2290604 words
2018-08-28 04:45:50,701 : INFO : PROGRESS: pass 92, at document #4623/4623
2018-08-28 04:45:56,835 : INFO : topic #4 (0.050): 0.074*"ark" + 0.008*"arkies" + 0.007*"deluded" + 0.007*"delegate" + 0.005*"arkie" + 0.004*"lisk" + 0.004*"mobile" + 0.004*"wallet" + 0.004*"going" + 0.004*"satoshi"
2018-08-28 04:45:56,839 : INFO : topic #13 (0.050): 0.047*"tether" + 0.017*"bitfinex" + 0.011*"usdt" + 0.011*"usd" + 0.009*"pbc" + 0.008*"exchange" + 0.008*"teeka" + 0.007*"slr" + 0.007*"powr" + 0.007*"fake"
2018-08-28 04:45:56,841 : INFO : topic #5 (0.050): 0.009*"people" + 0.008*"like" + 0.008*"fucking" + 0.006*"get" + 0.006*"shit" + 0.006*"one" + 0.005*"would" + 0.005*"fuck" + 0.005*"even" + 0.005*"think"
2018-08-28 04:45:56,844 : INFO : topic #18 (0.050): 0.011*"tax" + 0.009*"crypto" + 0.007*"money" + 0.007*"pay" + 0.007*"like" + 0.006*"monero" + 0.006*"year" + 0.006*"get" + 0.006*"trade" + 0.006*"would"
2018-08-28 04:45:56,847 : INFO : topic #9 (0.050): 0.011*"quad" + 0.009*"deranged" + 0.009*"linkies" + 0.008*"linkie" + 0.006*"community" + 0.006*"surely" + 0.005*"common" + 0.005*"free" + 0.005*"lost" + 0.005*"rent"
2018-08-28 04:45:56,850 : INFO : topic diff=0.002561, rho=0.103142
2018-08-28 04:46:08,472 : INFO : -8.329 per-word bound, 321.6 perplexity estimate based on a held-out corpus of 4623 documents with 2290604 words
2018-08-28 04:46:08,476 : INFO : PROGRESS: pass 93, at document #4623/4623
2018-08-28 04:46:14,545 : INFO : topic #17 (0.050): 0.036*"die" + 0.005*"pip" + 0.003*"du" + 0.003*"forex" + 0.002*"21" + 0.002*"logo" + 0.002*"da" + 0.002*"und" + 0.002*"drift" + 0.002*"germany"
2018-08-28 04:46:14,547 : INFO : topic #11 (0.050): 0.038*"btc" + 0.031*"bch" + 0.029*"bitcoin" + 0.008*"transaction" + 0.007*"cash" + 0.007*"going" + 0.007*"miner" + 0.006*"people" + 0.006*"coin" + 0.006*"time"
2018-08-28 04:46:14,549 : INFO : topic #18 (0.050): 0.011*"tax" + 0.009*"crypto" + 0.007*"money" + 0.007*"pay" + 0.007*"like" + 0.006*"monero" + 0.006*"year" + 0.006*"get" + 0.006*"trade" + 0.006*"would"
2018-08-28 04:46:14,551 : INFO : topic #10 (0.050): 0.008*"bat" + 0.005*"sergey" + 0.005*"steve" + 0.004*"trying" + 0.004*"mac" + 0.004*"he" + 0.003*"smoke" + 0.003*"mom" + 0.003*"wabi" + 0.003*"basement"
2018-08-28 04:46:14,554 : INFO : topic #15 (0.050): 0.055*"chancoin" + 0.012*"power" + 0.010*"coin" + 0.009*"powr" + 0.009*"energy" + 0.004*"4chn" + 0.004*"ledger" + 0.004*"solar" + 0.004*"australia" + 0.003*"tesla"
2018-08-28 04:46:14,557 : INFO : topic diff=0.002507, rho=0.102598
2018-08-28 04:46:26,265 : INFO : -8.329 per-word bound, 321.6 perplexity estimate based on a held-out corpus of 4623 documents with 2290604 words
2018-08-28 04:46:26,268 : INFO : PROGRESS: pass 94, at document #4623/4623
2018-08-28 04:46:32,360 : INFO : topic #13 (0.050): 0.047*"tether" + 0.017*"bitfinex" + 0.011*"usdt" + 0.011*"usd" + 0.009*"pbc" + 0.008*"exchange" + 0.008*"teeka" + 0.007*"slr" + 0.007*"powr" + 0.007*"fake"
2018-08-28 04:46:32,363 : INFO : topic #6 (0.050): 0.007*"xmr" + 0.005*"plus" + 0.002*"btx" + 0.001*"bitcoin" + 0.001*"komodo" + 0.001*"digital" + 0.001*"python" + 0.001*"development" + 0.001*"year" + 0.001*"monero"
2018-08-28 04:46:32,365 : INFO : topic #10 (0.050): 0.008*"bat" + 0.005*"sergey" + 0.005*"steve" + 0.004*"trying" + 0.004*"mac" + 0.004*"he" + 0.003*"smoke" + 0.003*"mom" + 0.003*"wabi" + 0.003*"basement"
2018-08-28 04:46:32,367 : INFO : topic #18 (0.050): 0.011*"tax" + 0.009*"crypto" + 0.007*"money" + 0.007*"pay" + 0.007*"like" + 0.006*"monero" + 0.006*"year" + 0.006*"get" + 0.006*"trade" + 0.006*"would"
2018-08-28 04:46:32,369 : INFO : topic #12 (0.050): 0.010*"silver" + 0.005*"digital" + 0.003*"asch" + 0.002*"mana" + 0.002*"personal" + 0.002*"year" + 0.002*"crime" + 0.002*"genesis" + 0.002*"rent" + 0.002*"oz"
2018-08-28 04:46:32,373 : INFO : topic diff=0.002455, rho=0.102062
2018-08-28 04:46:43,883 : INFO : -8.329 per-word bound, 321.5 perplexity estimate based on a held-out corpus of 4623 documents with 2290604 words
2018-08-28 04:46:43,884 : INFO : PROGRESS: pass 95, at document #4623/4623
2018-08-28 04:46:50,032 : INFO : topic #2 (0.050): 0.017*"coin" + 0.011*"token" + 0.008*"wallet" + 0.007*"ico" + 0.007*"project" + 0.007*"exchange" + 0.007*"get" + 0.006*"team" + 0.006*"like" + 0.005*"one"
2018-08-28 04:46:50,035 : INFO : topic #4 (0.050): 0.074*"ark" + 0.008*"arkies" + 0.007*"deluded" + 0.007*"delegate" + 0.005*"arkie" + 0.004*"lisk" + 0.004*"mobile" + 0.004*"wallet" + 0.004*"satoshi" + 0.004*"going"
2018-08-28 04:46:50,037 : INFO : topic #15 (0.050): 0.055*"chancoin" + 0.012*"power" + 0.010*"coin" + 0.009*"powr" + 0.009*"energy" + 0.004*"4chn" + 0.004*"ledger" + 0.004*"solar" + 0.004*"australia" + 0.003*"tesla"
2018-08-28 04:46:50,039 : INFO : topic #1 (0.050): 0.003*"pokemon" + 0.003*"card" + 0.001*"yugioh" + 0.001*"bloodline" + 0.001*"box" + 0.001*"edition" + 0.001*"charizard" + 0.001*"booster" + 0.001*"poland" + 0.001*"psa"
2018-08-28 04:46:50,044 : INFO : topic #16 (0.050): 0.011*"get" + 0.010*"like" + 0.009*"im" + 0.008*"make" + 0.008*"money" + 0.006*"want" + 0.006*"people" + 0.006*"would" + 0.006*"year" + 0.005*"good"
2018-08-28 04:46:50,047 : INFO : topic diff=0.002407, rho=0.101535
2018-08-28 04:47:01,726 : INFO : -8.329 per-word bound, 321.5 perplexity estimate based on a held-out corpus of 4623 documents with 2290604 words
2018-08-28 04:47:01,728 : INFO : PROGRESS: pass 96, at document #4623/4623
2018-08-28 04:47:07,695 : INFO : topic #5 (0.050): 0.009*"people" + 0.008*"like" + 0.008*"fucking" + 0.006*"get" + 0.006*"shit" + 0.006*"one" + 0.005*"would" + 0.005*"fuck" + 0.005*"even" + 0.005*"think"
2018-08-28 04:47:07,697 : INFO : topic #6 (0.050): 0.007*"xmr" + 0.005*"plus" + 0.002*"btx" + 0.001*"komodo" + 0.001*"bitcoin" + 0.001*"digital" + 0.001*"python" + 0.001*"development" + 0.001*"year" + 0.001*"monero"
2018-08-28 04:47:07,699 : INFO : topic #10 (0.050): 0.008*"bat" + 0.005*"sergey" + 0.005*"steve" + 0.004*"trying" + 0.004*"mac" + 0.004*"he" + 0.003*"smoke" + 0.003*"mom" + 0.003*"wabi" + 0.003*"basement"
2018-08-28 04:47:07,701 : INFO : topic #2 (0.050): 0.017*"coin" + 0.011*"token" + 0.008*"wallet" + 0.007*"ico" + 0.007*"project" + 0.007*"exchange" + 0.007*"get" + 0.006*"team" + 0.006*"like" + 0.005*"one"
2018-08-28 04:47:07,703 : INFO : topic #4 (0.050): 0.075*"ark" + 0.008*"arkies" + 0.007*"deluded" + 0.007*"delegate" + 0.005*"arkie" + 0.004*"lisk" + 0.004*"mobile" + 0.004*"wallet" + 0.004*"satoshi" + 0.004*"going"
2018-08-28 04:47:07,709 : INFO : topic diff=0.002362, rho=0.101015
2018-08-28 04:47:19,186 : INFO : -8.329 per-word bound, 321.5 perplexity estimate based on a held-out corpus of 4623 documents with 2290604 words
2018-08-28 04:47:19,187 : INFO : PROGRESS: pass 97, at document #4623/4623
2018-08-28 04:47:25,469 : INFO : topic #18 (0.050): 0.011*"tax" + 0.009*"crypto" + 0.007*"money" + 0.007*"pay" + 0.007*"like" + 0.006*"monero" + 0.006*"year" + 0.006*"get" + 0.006*"trade" + 0.006*"would"
2018-08-28 04:47:25,473 : INFO : topic #10 (0.050): 0.008*"bat" + 0.005*"sergey" + 0.005*"steve" + 0.004*"trying" + 0.004*"he" + 0.004*"mac" + 0.003*"smoke" + 0.003*"mom" + 0.003*"wabi" + 0.003*"basement"
2018-08-28 04:47:25,475 : INFO : topic #4 (0.050): 0.075*"ark" + 0.008*"arkies" + 0.007*"deluded" + 0.007*"delegate" + 0.005*"arkie" + 0.004*"lisk" + 0.004*"mobile" + 0.004*"wallet" + 0.004*"satoshi" + 0.004*"going"
2018-08-28 04:47:25,478 : INFO : topic #1 (0.050): 0.003*"pokemon" + 0.003*"card" + 0.001*"yugioh" + 0.001*"bloodline" + 0.001*"box" + 0.001*"edition" + 0.001*"charizard" + 0.001*"booster" + 0.001*"poland" + 0.001*"psa"
2018-08-28 04:47:25,479 : INFO : topic #3 (0.050): 0.032*"link" + 0.008*"req" + 0.007*"token" + 0.007*"chainlink" + 0.006*"even" + 0.006*"like" + 0.006*"get" + 0.005*"would" + 0.005*"make" + 0.005*"use"
2018-08-28 04:47:25,483 : INFO : topic diff=0.002319, rho=0.100504
2018-08-28 04:47:37,089 : INFO : -8.328 per-word bound, 321.4 perplexity estimate based on a held-out corpus of 4623 documents with 2290604 words
2018-08-28 04:47:37,090 : INFO : PROGRESS: pass 98, at document #4623/4623
2018-08-28 04:47:43,121 : INFO : topic #17 (0.050): 0.036*"die" + 0.005*"pip" + 0.003*"du" + 0.003*"forex" + 0.002*"21" + 0.002*"logo" + 0.002*"da" + 0.002*"und" + 0.002*"drift" + 0.002*"germany"
2018-08-28 04:47:43,123 : INFO : topic #10 (0.050): 0.008*"bat" + 0.005*"sergey" + 0.005*"steve" + 0.004*"trying" + 0.004*"he" + 0.004*"mac" + 0.003*"smoke" + 0.003*"mom" + 0.003*"wabi" + 0.003*"basement"
2018-08-28 04:47:43,124 : INFO : topic #1 (0.050): 0.003*"pokemon" + 0.003*"card" + 0.001*"yugioh" + 0.001*"bloodline" + 0.001*"box" + 0.001*"edition" + 0.001*"charizard" + 0.001*"booster" + 0.001*"poland" + 0.001*"psa"
2018-08-28 04:47:43,126 : INFO : topic #15 (0.050): 0.056*"chancoin" + 0.012*"power" + 0.010*"coin" + 0.009*"powr" + 0.009*"energy" + 0.004*"4chn" + 0.004*"ledger" + 0.004*"solar" + 0.004*"australia" + 0.004*"tesla"
2018-08-28 04:47:43,129 : INFO : topic #14 (0.050): 0.011*"buy" + 0.009*"car" + 0.007*"money" + 0.006*"get" + 0.005*"year" + 0.005*"would" + 0.005*"want" + 0.004*"like" + 0.004*"eth" + 0.004*"much"
2018-08-28 04:47:43,132 : INFO : topic diff=0.002273, rho=0.100000
2018-08-28 04:47:54,779 : INFO : -8.328 per-word bound, 321.4 perplexity estimate based on a held-out corpus of 4623 documents with 2290604 words
2018-08-28 04:47:54,782 : INFO : PROGRESS: pass 99, at document #4623/4623
2018-08-28 04:48:01,622 : INFO : topic #4 (0.050): 0.075*"ark" + 0.008*"arkies" + 0.007*"deluded" + 0.007*"delegate" + 0.005*"arkie" + 0.004*"lisk" + 0.004*"mobile" + 0.004*"wallet" + 0.004*"satoshi" + 0.004*"going"
2018-08-28 04:48:01,626 : INFO : topic #12 (0.050): 0.010*"silver" + 0.005*"digital" + 0.003*"asch" + 0.002*"mana" + 0.002*"personal" + 0.002*"year" + 0.002*"crime" + 0.002*"genesis" + 0.002*"rent" + 0.002*"oz"
2018-08-28 04:48:01,628 : INFO : topic #18 (0.050): 0.011*"tax" + 0.009*"crypto" + 0.007*"money" + 0.007*"pay" + 0.007*"like" + 0.006*"monero" + 0.006*"year" + 0.006*"trade" + 0.006*"get" + 0.006*"would"
2018-08-28 04:48:01,630 : INFO : topic #7 (0.050): 0.011*"bitbay" + 0.005*"marketplace" + 0.003*"blockchain" + 0.003*"bay" + 0.002*"syscoin" + 0.002*"peg" + 0.002*"received" + 0.002*"technology" + 0.002*"decentralized" + 0.002*"service"
2018-08-28 04:48:01,632 : INFO : topic #6 (0.050): 0.007*"xmr" + 0.005*"plus" + 0.002*"btx" + 0.001*"komodo" + 0.001*"bitcoin" + 0.001*"digital" + 0.001*"python" + 0.001*"development" + 0.001*"year" + 0.001*"programming"
2018-08-28 04:48:01,637 : INFO : topic diff=0.002230, rho=0.099504
2018-08-28 04:48:01,639 : INFO : saving LdaState object under models/ldamodel.state, separately None
2018-08-28 04:48:01,854 : INFO : saved models/ldamodel.state
2018-08-28 04:48:01,978 : INFO : saving LdaModel object under models/ldamodel, separately ['expElogbeta', 'sstats']
2018-08-28 04:48:01,980 : INFO : storing np array 'expElogbeta' to models/ldamodel.expElogbeta.npy
2018-08-28 04:48:02,087 : INFO : not storing attribute id2word
2018-08-28 04:48:02,089 : INFO : not storing attribute state
2018-08-28 04:48:02,089 : INFO : not storing attribute dispatcher
2018-08-28 04:48:02,101 : INFO : saved models/ldamodel
2018-08-28 04:48:02,111 : INFO : topic #0 (0.050): 0.012*"buy" + 0.009*"im" + 0.009*"like" + 0.008*"going" + 0.008*"get" + 0.007*"coin" + 0.007*"go" + 0.007*"sell" + 0.006*"fucking" + 0.006*"btc" + 0.006*"shit" + 0.006*"time" + 0.005*"back" + 0.005*"money" + 0.005*"bought" + 0.005*"fuck" + 0.005*"make" + 0.005*"good" + 0.005*"day" + 0.005*"right"
2018-08-28 04:48:02,114 : INFO : topic #1 (0.050): 0.003*"pokemon" + 0.003*"card" + 0.001*"yugioh" + 0.001*"bloodline" + 0.001*"box" + 0.001*"edition" + 0.001*"charizard" + 0.001*"booster" + 0.001*"poland" + 0.001*"psa" + 0.001*"fossil" + 0.001*"unlimited" + 0.001*"essay" + 0.001*"1st" + 0.001*"mtg" + 0.001*"shadowless" + 0.001*"gfc" + 0.001*"squatting" + 0.000*"sealed" + 0.000*"adblock"
2018-08-28 04:48:02,119 : INFO : topic #2 (0.050): 0.017*"coin" + 0.011*"token" + 0.008*"wallet" + 0.007*"ico" + 0.007*"project" + 0.007*"exchange" + 0.007*"get" + 0.006*"team" + 0.006*"like" + 0.005*"one" + 0.005*"cap" + 0.005*"market" + 0.005*"buy" + 0.004*"already" + 0.004*"use" + 0.004*"also" + 0.004*"product" + 0.004*"good" + 0.004*"eth" + 0.004*"shit"
2018-08-28 04:48:02,122 : INFO : topic #3 (0.050): 0.032*"link" + 0.008*"req" + 0.007*"token" + 0.007*"chainlink" + 0.006*"even" + 0.006*"like" + 0.006*"get" + 0.005*"would" + 0.005*"make" + 0.005*"use" + 0.005*"smart" + 0.005*"fucking" + 0.005*"contract" + 0.004*"coin" + 0.004*"know" + 0.004*"one" + 0.004*"need" + 0.004*"project" + 0.004*"price" + 0.004*"go"
2018-08-28 04:48:02,125 : INFO : topic #4 (0.050): 0.075*"ark" + 0.008*"arkies" + 0.007*"deluded" + 0.007*"delegate" + 0.005*"arkie" + 0.004*"lisk" + 0.004*"mobile" + 0.004*"wallet" + 0.004*"satoshi" + 0.004*"going" + 0.004*"pothead" + 0.003*"tank" + 0.003*"world" + 0.003*"wagecucking" + 0.003*"you" + 0.003*"get" + 0.003*"arsehole" + 0.003*"out" + 0.003*"stuttering" + 0.003*"interview"
2018-08-28 04:48:02,127 : INFO : topic #5 (0.050): 0.009*"people" + 0.008*"like" + 0.008*"fucking" + 0.006*"get" + 0.006*"shit" + 0.006*"one" + 0.005*"would" + 0.005*"fuck" + 0.005*"even" + 0.005*"think" + 0.004*"bitcoin" + 0.004*"money" + 0.004*"make" + 0.004*"know" + 0.004*"cant" + 0.004*"eth" + 0.003*"it" + 0.003*"crypto" + 0.003*"want" + 0.003*"actually"
2018-08-28 04:48:02,129 : INFO : topic #6 (0.050): 0.007*"xmr" + 0.005*"plus" + 0.002*"btx" + 0.001*"komodo" + 0.001*"bitcoin" + 0.001*"digital" + 0.001*"python" + 0.001*"development" + 0.001*"year" + 0.001*"programming" + 0.001*"monero" + 0.001*"hedge" + 0.001*"each" + 0.001*"sn" + 0.001*"eachnow" + 0.001*"foreverwhen" + 0.001*"suitbitcoin" + 0.001*"startedbitcoin" + 0.001*"knucklehead" + 0.001*"adventure"
2018-08-28 04:48:02,132 : INFO : topic #7 (0.050): 0.011*"bitbay" + 0.005*"marketplace" + 0.003*"blockchain" + 0.003*"bay" + 0.002*"syscoin" + 0.002*"peg" + 0.002*"received" + 0.002*"technology" + 0.002*"decentralized" + 0.002*"service" + 0.002*"web" + 0.001*"english" + 0.001*"a" + 0.001*"university" + 0.001*"complement" + 0.001*"postcard" + 0.001*"sent" + 0.001*"development" + 0.001*"bitbays" + 0.001*"computing"
2018-08-28 04:48:02,135 : INFO : topic #8 (0.050): 0.006*"application" + 0.005*"platform" + 0.004*"credit" + 0.003*"like" + 0.003*"lead" + 0.003*"sub" + 0.003*"poker" + 0.003*"comment" + 0.002*"product" + 0.002*"substratum" + 0.002*"debt" + 0.002*"see" + 0.002*"player" + 0.002*"million" + 0.002*"big" + 0.002*"protocol" + 0.002*"among" + 0.002*"card" + 0.002*"last" + 0.002*"currently"
2018-08-28 04:48:02,161 : INFO : topic #10 (0.050): 0.008*"bat" + 0.005*"sergey" + 0.005*"steve" + 0.004*"trying" + 0.004*"he" + 0.004*"mac" + 0.003*"smoke" + 0.003*"mom" + 0.003*"wabi" + 0.003*"basement" + 0.003*"big" + 0.003*"brave" + 0.003*"light" + 0.003*"phone" + 0.002*"laptop" + 0.002*"hide" + 0.002*"locked" + 0.002*"browser" + 0.002*"black" + 0.002*"riddled"
2018-08-28 04:48:02,165 : INFO : topic #11 (0.050): 0.038*"btc" + 0.031*"bch" + 0.029*"bitcoin" + 0.008*"transaction" + 0.007*"cash" + 0.007*"going" + 0.007*"miner" + 0.006*"people" + 0.006*"coin" + 0.006*"time" + 0.006*"block" + 0.005*"would" + 0.005*"fork" + 0.005*"price" + 0.005*"fee" + 0.005*"get" + 0.005*"core" + 0.004*"go" + 0.004*"think" + 0.004*"mining"
2018-08-28 04:48:02,168 : INFO : topic #12 (0.050): 0.010*"silver" + 0.005*"digital" + 0.003*"asch" + 0.002*"mana" + 0.002*"personal" + 0.002*"year" + 0.002*"crime" + 0.002*"genesis" + 0.002*"rent" + 0.002*"oz" + 0.001*"government" + 0.001*"pm" + 0.001*"agricultural" + 0.001*"avatar" + 0.001*"district0x" + 0.001*"funfair" + 0.001*"world" + 0.001*"incoming" + 0.001*"bond" + 0.001*"protocol"
2018-08-28 04:48:02,170 : INFO : topic #13 (0.050): 0.048*"tether" + 0.017*"bitfinex" + 0.012*"usdt" + 0.011*"usd" + 0.009*"pbc" + 0.008*"teeka" + 0.008*"exchange" + 0.007*"slr" + 0.007*"powr" + 0.007*"fake" + 0.006*"pick" + 0.005*"people" + 0.005*"real" + 0.005*"bank" + 0.005*"dollar" + 0.005*"btc" + 0.004*"u" + 0.004*"million" + 0.004*"market" + 0.004*"money"
2018-08-28 04:48:02,172 : INFO : topic #14 (0.050): 0.011*"buy" + 0.009*"car" + 0.007*"money" + 0.006*"get" + 0.005*"year" + 0.005*"would" + 0.005*"want" + 0.004*"like" + 0.004*"eth" + 0.004*"much" + 0.004*"make" + 0.004*"one" + 0.003*"im" + 0.003*"put" + 0.003*"go" + 0.003*"cost" + 0.003*"also" + 0.003*"fund" + 0.002*"tesla" + 0.002*"time"
2018-08-28 04:48:02,174 : INFO : topic #15 (0.050): 0.056*"chancoin" + 0.012*"power" + 0.010*"coin" + 0.009*"powr" + 0.009*"energy" + 0.004*"4chn" + 0.004*"ledger" + 0.004*"solar" + 0.004*"australia" + 0.004*"tesla" + 0.003*"partnership" + 0.003*"electricity" + 0.003*"working" + 0.003*"buy" + 0.003*"government" + 0.003*"get" + 0.002*"elon" + 0.002*"going" + 0.002*"also" + 0.002*"discord"
2018-08-28 04:48:02,177 : INFO : topic #16 (0.050): 0.011*"get" + 0.010*"like" + 0.009*"im" + 0.008*"make" + 0.008*"money" + 0.006*"want" + 0.006*"people" + 0.006*"would" + 0.006*"year" + 0.005*"good" + 0.005*"it" + 0.005*"know" + 0.005*"one" + 0.005*"work" + 0.005*"go" + 0.005*"fuck" + 0.004*"time" + 0.004*"shit" + 0.004*"job" + 0.004*"even"
2018-08-28 04:48:02,179 : INFO : topic #17 (0.050): 0.036*"die" + 0.005*"pip" + 0.003*"du" + 0.003*"forex" + 0.002*"21" + 0.002*"logo" + 0.002*"da" + 0.002*"und" + 0.002*"drift" + 0.002*"germany" + 0.002*"copper" + 0.002*"026" + 0.002*"german" + 0.002*"nicht" + 0.002*"coresegwitjewcoin" + 0.002*"ich" + 0.002*"floppening" + 0.002*"belive" + 0.001*"der" + 0.001*"fx"
2018-08-28 04:48:02,181 : INFO : topic #18 (0.050): 0.011*"tax" + 0.009*"crypto" + 0.007*"money" + 0.007*"pay" + 0.007*"like" + 0.006*"monero" + 0.006*"year" + 0.006*"trade" + 0.006*"get" + 0.006*"would" + 0.006*"exchange" + 0.006*"gain" + 0.005*"coin" + 0.005*"btc" + 0.005*"use" + 0.005*"cash" + 0.004*"one" + 0.004*"bank" + 0.004*"im" + 0.004*"fiat"
2018-08-28 04:48:02,183 : INFO : topic #19 (0.050): 0.013*"cp" + 0.010*"child" + 0.007*"vitalik" + 0.005*"porn" + 0.004*"possession" + 0.003*"heroin" + 0.003*"pedo" + 0.003*"00100000" + 0.002*"crime" + 0.002*"music" + 0.002*"illegal" + 0.002*"pedophile" + 0.002*"buterin" + 0.002*"pedos" + 0.002*"yes" + 0.002*"drug" + 0.002*"abuse" + 0.002*"taste" + 0.002*"he" + 0.002*"harm"
2018-08-28 04:48:02,203 : INFO : using symmetric alpha at 0.05
2018-08-28 04:48:02,214 : INFO : using symmetric eta at 0.05
2018-08-28 04:48:02,228 : INFO : using serial LDA version on this node
2018-08-28 04:48:02,473 : INFO : running online (multi-pass) LDA training, 20 topics, 100 passes over the supplied corpus of 1067 documents, updating model once every 1067 documents, evaluating perplexity every 1067 documents, iterating 50x with a convergence threshold of 0.001000
2018-08-28 04:48:07,496 : INFO : -14.330 per-word bound, 20599.9 perplexity estimate based on a held-out corpus of 1067 documents with 1256157 words
2018-08-28 04:48:07,497 : INFO : PROGRESS: pass 0, at document #1067/1067
2018-08-28 04:48:09,920 : INFO : topic #4 (0.050): 0.007*"like" + 0.006*"get" + 0.005*"people" + 0.005*"im" + 0.005*"buy" + 0.005*"would" + 0.004*"want" + 0.004*"link" + 0.004*"coin" + 0.004*"even"
2018-08-28 04:48:09,922 : INFO : topic #5 (0.050): 0.006*"buy" + 0.006*"btc" + 0.005*"chancoin" + 0.005*"im" + 0.005*"get" + 0.005*"going" + 0.005*"money" + 0.005*"fucking" + 0.005*"coin" + 0.005*"it"
2018-08-28 04:48:09,924 : INFO : topic #11 (0.050): 0.007*"make" + 0.007*"like" + 0.007*"money" + 0.006*"im" + 0.006*"btc" + 0.006*"going" + 0.006*"buy" + 0.005*"get" + 0.005*"one" + 0.005*"bitcoin"
2018-08-28 04:48:09,926 : INFO : topic #18 (0.050): 0.008*"get" + 0.008*"like" + 0.006*"buy" + 0.005*"coin" + 0.005*"im" + 0.005*"btc" + 0.005*"people" + 0.005*"make" + 0.004*"go" + 0.004*"going"
2018-08-28 04:48:09,928 : INFO : topic #9 (0.050): 0.009*"like" + 0.007*"go" + 0.006*"btc" + 0.006*"make" + 0.006*"fucking" + 0.006*"would" + 0.006*"get" + 0.006*"bch" + 0.005*"bitcoin" + 0.005*"shit"
2018-08-28 04:48:09,930 : INFO : topic diff=8.467209, rho=1.000000
2018-08-28 04:48:14,841 : INFO : -9.307 per-word bound, 633.3 perplexity estimate based on a held-out corpus of 1067 documents with 1256157 words
2018-08-28 04:48:14,842 : INFO : PROGRESS: pass 1, at document #1067/1067
2018-08-28 04:48:17,347 : INFO : topic #14 (0.050): 0.010*"btc" + 0.007*"get" + 0.007*"im" + 0.006*"money" + 0.006*"like" + 0.006*"buy" + 0.005*"bitcoin" + 0.005*"going" + 0.005*"crypto" + 0.005*"bch"
2018-08-28 04:48:17,348 : INFO : topic #15 (0.050): 0.008*"like" + 0.007*"btc" + 0.007*"die" + 0.006*"get" + 0.006*"one" + 0.005*"im" + 0.005*"coin" + 0.005*"would" + 0.005*"buy" + 0.005*"link"
2018-08-28 04:48:17,350 : INFO : topic #18 (0.050): 0.008*"like" + 0.007*"get" + 0.006*"buy" + 0.004*"coin" + 0.004*"im" + 0.004*"people" + 0.004*"make" + 0.004*"going" + 0.004*"go" + 0.004*"price"
2018-08-28 04:48:17,351 : INFO : topic #2 (0.050): 0.009*"btc" + 0.006*"buy" + 0.006*"bitcoin" + 0.006*"people" + 0.006*"fucking" + 0.006*"money" + 0.005*"get" + 0.005*"bch" + 0.005*"like" + 0.005*"im"
2018-08-28 04:48:17,353 : INFO : topic #13 (0.050): 0.008*"btc" + 0.007*"buy" + 0.006*"coin" + 0.006*"get" + 0.006*"people" + 0.006*"money" + 0.006*"fucking" + 0.005*"bch" + 0.005*"shit" + 0.005*"im"
2018-08-28 04:48:17,356 : INFO : topic diff=3.106232, rho=0.577350
2018-08-28 04:48:22,432 : INFO : -8.792 per-word bound, 443.1 perplexity estimate based on a held-out corpus of 1067 documents with 1256157 words
2018-08-28 04:48:22,433 : INFO : PROGRESS: pass 2, at document #1067/1067
2018-08-28 04:48:24,806 : INFO : topic #7 (0.050): 0.008*"get" + 0.006*"im" + 0.006*"like" + 0.006*"make" + 0.005*"would" + 0.005*"link" + 0.005*"money" + 0.005*"coin" + 0.005*"go" + 0.005*"even"
2018-08-28 04:48:24,809 : INFO : topic #1 (0.050): 0.014*"link" + 0.007*"get" + 0.007*"buy" + 0.006*"make" + 0.006*"like" + 0.006*"go" + 0.006*"im" + 0.005*"would" + 0.005*"btc" + 0.005*"sell"
2018-08-28 04:48:24,811 : INFO : topic #16 (0.050): 0.012*"btc" + 0.009*"bitcoin" + 0.008*"bch" + 0.006*"coin" + 0.006*"like" + 0.006*"im" + 0.005*"get" + 0.005*"going" + 0.005*"people" + 0.005*"buy"
2018-08-28 04:48:24,813 : INFO : topic #11 (0.050): 0.007*"make" + 0.007*"money" + 0.006*"like" + 0.006*"im" + 0.005*"get" + 0.005*"year" + 0.005*"buy" + 0.005*"one" + 0.005*"going" + 0.004*"would"
2018-08-28 04:48:24,815 : INFO : topic #12 (0.050): 0.007*"get" + 0.005*"buy" + 0.005*"like" + 0.005*"make" + 0.005*"im" + 0.005*"btc" + 0.005*"people" + 0.005*"going" + 0.004*"money" + 0.004*"would"
2018-08-28 04:48:24,817 : INFO : topic diff=2.027076, rho=0.500000
2018-08-28 04:48:29,858 : INFO : -8.625 per-word bound, 394.7 perplexity estimate based on a held-out corpus of 1067 documents with 1256157 words
2018-08-28 04:48:29,860 : INFO : PROGRESS: pass 3, at document #1067/1067
2018-08-28 04:48:32,293 : INFO : topic #9 (0.050): 0.015*"btc" + 0.014*"bch" + 0.012*"bitcoin" + 0.007*"like" + 0.006*"people" + 0.006*"would" + 0.005*"fucking" + 0.005*"get" + 0.005*"going" + 0.005*"go"
2018-08-28 04:48:32,295 : INFO : topic #7 (0.050): 0.008*"get" + 0.006*"like" + 0.006*"im" + 0.006*"make" + 0.006*"link" + 0.005*"would" + 0.005*"money" + 0.005*"go" + 0.005*"coin" + 0.005*"even"
2018-08-28 04:48:32,297 : INFO : topic #15 (0.050): 0.007*"like" + 0.007*"die" + 0.006*"btc" + 0.006*"get" + 0.006*"coin" + 0.005*"would" + 0.005*"one" + 0.005*"buy" + 0.005*"im" + 0.005*"money"
2018-08-28 04:48:32,299 : INFO : topic #0 (0.050): 0.010*"get" + 0.008*"like" + 0.007*"im" + 0.006*"money" + 0.006*"sage" + 0.005*"would" + 0.005*"want" + 0.005*"good" + 0.005*"make" + 0.005*"people"
2018-08-28 04:48:32,300 : INFO : topic #2 (0.050): 0.007*"btc" + 0.007*"tether" + 0.006*"people" + 0.006*"bitcoin" + 0.005*"fucking" + 0.005*"money" + 0.005*"buy" + 0.005*"get" + 0.005*"like" + 0.004*"want"
2018-08-28 04:48:32,302 : INFO : topic diff=1.319802, rho=0.447214
2018-08-28 04:48:37,025 : INFO : -8.546 per-word bound, 373.8 perplexity estimate based on a held-out corpus of 1067 documents with 1256157 words
2018-08-28 04:48:37,026 : INFO : PROGRESS: pass 4, at document #1067/1067
2018-08-28 04:48:39,333 : INFO : topic #3 (0.050): 0.008*"get" + 0.008*"buy" + 0.007*"like" + 0.007*"im" + 0.006*"going" + 0.005*"go" + 0.005*"money" + 0.005*"one" + 0.005*"coin" + 0.005*"people"
2018-08-28 04:48:39,335 : INFO : topic #11 (0.050): 0.006*"make" + 0.006*"money" + 0.006*"like" + 0.005*"im" + 0.005*"year" + 0.005*"get" + 0.004*"one" + 0.004*"would" + 0.004*"buy" + 0.004*"people"
2018-08-28 04:48:39,337 : INFO : topic #4 (0.050): 0.003*"like" + 0.002*"get" + 0.002*"people" + 0.002*"im" + 0.002*"buy" + 0.002*"would" + 0.002*"want" + 0.002*"link" + 0.002*"even" + 0.002*"coin"
2018-08-28 04:48:39,338 : INFO : topic #19 (0.050): 0.008*"like" + 0.008*"get" + 0.006*"im" + 0.005*"shit" + 0.005*"buy" + 0.005*"make" + 0.004*"bitcoin" + 0.004*"people" + 0.004*"going" + 0.004*"would"
2018-08-28 04:48:39,340 : INFO : topic #7 (0.050): 0.008*"get" + 0.006*"like" + 0.006*"im" + 0.006*"link" + 0.006*"make" + 0.005*"would" + 0.005*"money" + 0.005*"go" + 0.005*"even" + 0.005*"coin"
2018-08-28 04:48:39,342 : INFO : topic diff=0.872608, rho=0.408248
2018-08-28 04:48:44,374 : INFO : -8.502 per-word bound, 362.5 perplexity estimate based on a held-out corpus of 1067 documents with 1256157 words
2018-08-28 04:48:44,375 : INFO : PROGRESS: pass 5, at document #1067/1067
2018-08-28 04:48:46,738 : INFO : topic #5 (0.050): 0.042*"chancoin" + 0.018*"ark" + 0.007*"token" + 0.007*"link" + 0.005*"eth" + 0.004*"get" + 0.004*"coin" + 0.004*"would" + 0.004*"need" + 0.004*"buy"
2018-08-28 04:48:46,739 : INFO : topic #9 (0.050): 0.018*"btc" + 0.016*"bch" + 0.014*"bitcoin" + 0.007*"like" + 0.006*"people" + 0.006*"would" + 0.005*"going" + 0.005*"get" + 0.005*"fucking" + 0.005*"go"
2018-08-28 04:48:46,741 : INFO : topic #15 (0.050): 0.008*"die" + 0.007*"like" + 0.006*"coin" + 0.006*"get" + 0.005*"would" + 0.005*"buy" + 0.005*"market" + 0.005*"one" + 0.005*"btc" + 0.005*"money"
2018-08-28 04:48:46,742 : INFO : topic #0 (0.050): 0.010*"get" + 0.008*"like" + 0.007*"im" + 0.007*"money" + 0.006*"sage" + 0.006*"would" + 0.005*"want" + 0.005*"good" + 0.005*"make" + 0.005*"people"
2018-08-28 04:48:46,743 : INFO : topic #7 (0.050): 0.008*"get" + 0.007*"like" + 0.006*"link" + 0.006*"im" + 0.006*"make" + 0.005*"would" + 0.005*"money" + 0.005*"go" + 0.005*"even" + 0.004*"coin"
2018-08-28 04:48:46,746 : INFO : topic diff=0.590116, rho=0.377964
2018-08-28 04:48:51,626 : INFO : -8.474 per-word bound, 355.7 perplexity estimate based on a held-out corpus of 1067 documents with 1256157 words
2018-08-28 04:48:51,627 : INFO : PROGRESS: pass 6, at document #1067/1067
2018-08-28 04:48:53,989 : INFO : topic #19 (0.050): 0.008*"like" + 0.008*"get" + 0.006*"im" + 0.005*"shit" + 0.005*"make" + 0.005*"buy" + 0.004*"bitcoin" + 0.004*"people" + 0.004*"would" + 0.004*"fucking"
2018-08-28 04:48:53,991 : INFO : topic #18 (0.050): 0.008*"ha" + 0.008*"like" + 0.007*"city" + 0.005*"get" + 0.005*"live" + 0.003*"fucking" + 0.003*"place" + 0.003*"price" + 0.003*"req" + 0.003*"shit"
2018-08-28 04:48:53,993 : INFO : topic #12 (0.050): 0.006*"get" + 0.005*"make" + 0.005*"like" + 0.005*"buy" + 0.005*"future" + 0.005*"iota" + 0.004*"money" + 0.004*"im" + 0.004*"one" + 0.004*"go"
2018-08-28 04:48:53,994 : INFO : topic #15 (0.050): 0.008*"die" + 0.007*"like" + 0.006*"coin" + 0.006*"get" + 0.005*"would" + 0.005*"market" + 0.005*"buy" + 0.005*"one" + 0.005*"money" + 0.005*"im"
2018-08-28 04:48:53,995 : INFO : topic #4 (0.050): 0.001*"like" + 0.001*"get" + 0.001*"people" + 0.001*"im" + 0.001*"buy" + 0.001*"would" + 0.001*"want" + 0.001*"link" + 0.001*"even" + 0.001*"coin"
2018-08-28 04:48:53,998 : INFO : topic diff=0.408826, rho=0.353553
2018-08-28 04:48:58,836 : INFO : -8.456 per-word bound, 351.1 perplexity estimate based on a held-out corpus of 1067 documents with 1256157 words
2018-08-28 04:48:58,837 : INFO : PROGRESS: pass 7, at document #1067/1067
2018-08-28 04:49:01,135 : INFO : topic #15 (0.050): 0.008*"die" + 0.007*"like" + 0.006*"coin" + 0.006*"get" + 0.005*"would" + 0.005*"market" + 0.005*"buy" + 0.005*"one" + 0.005*"money" + 0.005*"im"
2018-08-28 04:49:01,137 : INFO : topic #14 (0.050): 0.010*"tax" + 0.009*"btc" + 0.007*"get" + 0.007*"crypto" + 0.007*"money" + 0.007*"like" + 0.007*"im" + 0.006*"bitcoin" + 0.005*"tether" + 0.005*"buy"
2018-08-28 04:49:01,139 : INFO : topic #19 (0.050): 0.008*"like" + 0.008*"get" + 0.006*"im" + 0.005*"shit" + 0.005*"make" + 0.005*"buy" + 0.004*"would" + 0.004*"people" + 0.004*"bitcoin" + 0.004*"fucking"
2018-08-28 04:49:01,141 : INFO : topic #3 (0.050): 0.008*"get" + 0.008*"im" + 0.008*"like" + 0.008*"buy" + 0.006*"going" + 0.005*"money" + 0.005*"go" + 0.005*"one" + 0.005*"good" + 0.005*"shit"
2018-08-28 04:49:01,142 : INFO : topic #10 (0.050): 0.010*"buy" + 0.009*"coin" + 0.007*"like" + 0.007*"fucking" + 0.007*"get" + 0.007*"im" + 0.006*"going" + 0.005*"sell" + 0.005*"fuck" + 0.005*"make"
2018-08-28 04:49:01,145 : INFO : topic diff=0.289842, rho=0.333333
2018-08-28 04:49:06,014 : INFO : -8.442 per-word bound, 347.8 perplexity estimate based on a held-out corpus of 1067 documents with 1256157 words
2018-08-28 04:49:06,015 : INFO : PROGRESS: pass 8, at document #1067/1067
2018-08-28 04:49:08,328 : INFO : topic #0 (0.050): 0.010*"get" + 0.008*"like" + 0.008*"im" + 0.007*"money" + 0.006*"sage" + 0.006*"want" + 0.006*"would" + 0.006*"good" + 0.006*"make" + 0.005*"people"
2018-08-28 04:49:08,331 : INFO : topic #12 (0.050): 0.006*"get" + 0.006*"iota" + 0.006*"make" + 0.005*"future" + 0.005*"like" + 0.005*"buy" + 0.004*"money" + 0.004*"im" + 0.004*"one" + 0.004*"go"
2018-08-28 04:49:08,333 : INFO : topic #6 (0.050): 0.007*"get" + 0.007*"like" + 0.005*"im" + 0.005*"people" + 0.005*"contract" + 0.004*"would" + 0.004*"money" + 0.004*"one" + 0.004*"crypto" + 0.004*"work"
2018-08-28 04:49:08,335 : INFO : topic #11 (0.050): 0.006*"make" + 0.006*"money" + 0.006*"year" + 0.005*"like" + 0.005*"im" + 0.005*"get" + 0.004*"would" + 0.004*"one" + 0.004*"people" + 0.004*"think"
2018-08-28 04:49:08,337 : INFO : topic #16 (0.050): 0.014*"btc" + 0.010*"bitcoin" + 0.008*"bch" + 0.006*"coin" + 0.006*"like" + 0.006*"going" + 0.006*"get" + 0.005*"buy" + 0.005*"im" + 0.005*"people"
2018-08-28 04:49:08,338 : INFO : topic diff=0.210043, rho=0.316228
2018-08-28 04:49:13,090 : INFO : -8.432 per-word bound, 345.4 perplexity estimate based on a held-out corpus of 1067 documents with 1256157 words
2018-08-28 04:49:13,091 : INFO : PROGRESS: pass 9, at document #1067/1067
2018-08-28 04:49:15,345 : INFO : topic #2 (0.050): 0.010*"tether" + 0.004*"people" + 0.004*"fucking" + 0.004*"money" + 0.004*"usd" + 0.003*"want" + 0.003*"btc" + 0.003*"like" + 0.003*"bitfinex" + 0.003*"get"
2018-08-28 04:49:15,346 : INFO : topic #5 (0.050): 0.050*"chancoin" + 0.028*"ark" + 0.008*"token" + 0.006*"eth" + 0.006*"link" + 0.005*"wallet" + 0.004*"coin" + 0.004*"get" + 0.004*"need" + 0.004*"op"
2018-08-28 04:49:15,348 : INFO : topic #18 (0.050): 0.009*"ha" + 0.008*"city" + 0.007*"like" + 0.005*"live" + 0.005*"get" + 0.003*"place" + 0.003*"fucking" + 0.003*"req" + 0.003*"shit" + 0.003*"go"
2018-08-28 04:49:15,350 : INFO : topic #17 (0.050): 0.009*"eth" + 0.008*"people" + 0.007*"like" + 0.006*"fucking" + 0.005*"cp" + 0.005*"child" + 0.005*"get" + 0.005*"shit" + 0.004*"fuck" + 0.004*"would"
2018-08-28 04:49:15,351 : INFO : topic #13 (0.050): 0.005*"coin" + 0.005*"fucking" + 0.004*"money" + 0.004*"buy" + 0.004*"get" + 0.004*"people" + 0.004*"pbc" + 0.004*"shit" + 0.004*"dash" + 0.004*"fake"
2018-08-28 04:49:15,354 : INFO : topic diff=0.155782, rho=0.301511
2018-08-28 04:49:20,058 : INFO : -8.424 per-word bound, 343.4 perplexity estimate based on a held-out corpus of 1067 documents with 1256157 words
2018-08-28 04:49:20,058 : INFO : PROGRESS: pass 10, at document #1067/1067
2018-08-28 04:49:22,305 : INFO : topic #3 (0.050): 0.008*"get" + 0.008*"im" + 0.008*"like" + 0.008*"buy" + 0.006*"going" + 0.006*"money" + 0.005*"go" + 0.005*"good" + 0.005*"one" + 0.005*"market"
2018-08-28 04:49:22,307 : INFO : topic #11 (0.050): 0.006*"year" + 0.006*"make" + 0.006*"money" + 0.005*"like" + 0.004*"get" + 0.004*"would" + 0.004*"im" + 0.004*"one" + 0.003*"people" + 0.003*"think"
2018-08-28 04:49:22,309 : INFO : topic #18 (0.050): 0.010*"ha" + 0.008*"city" + 0.007*"like" + 0.005*"live" + 0.004*"get" + 0.004*"place" + 0.003*"fucking" + 0.003*"shit" + 0.003*"req" + 0.003*"world"
2018-08-28 04:49:22,310 : INFO : topic #7 (0.050): 0.007*"get" + 0.007*"like" + 0.006*"link" + 0.006*"make" + 0.006*"im" + 0.005*"would" + 0.005*"money" + 0.005*"even" + 0.005*"go" + 0.005*"one"
2018-08-28 04:49:22,312 : INFO : topic #17 (0.050): 0.009*"eth" + 0.008*"people" + 0.007*"like" + 0.006*"fucking" + 0.005*"cp" + 0.005*"child" + 0.005*"get" + 0.005*"shit" + 0.004*"fuck" + 0.004*"would"
2018-08-28 04:49:22,315 : INFO : topic diff=0.118450, rho=0.288675
2018-08-28 04:49:27,000 : INFO : -8.417 per-word bound, 341.8 perplexity estimate based on a held-out corpus of 1067 documents with 1256157 words
2018-08-28 04:49:27,001 : INFO : PROGRESS: pass 11, at document #1067/1067
2018-08-28 04:49:29,312 : INFO : topic #13 (0.050): 0.005*"fucking" + 0.005*"coin" + 0.005*"pbc" + 0.005*"fake" + 0.005*"dash" + 0.004*"money" + 0.004*"shit" + 0.004*"get" + 0.004*"people" + 0.004*"buy"
2018-08-28 04:49:29,313 : INFO : topic #8 (0.050): 0.010*"like" + 0.009*"get" + 0.008*"im" + 0.006*"people" + 0.006*"make" + 0.005*"car" + 0.005*"want" + 0.005*"fucking" + 0.005*"shit" + 0.005*"money"
2018-08-28 04:49:29,315 : INFO : topic #9 (0.050): 0.021*"btc" + 0.017*"bch" + 0.016*"bitcoin" + 0.007*"people" + 0.006*"like" + 0.006*"would" + 0.006*"going" + 0.005*"transaction" + 0.005*"get" + 0.005*"fucking"
2018-08-28 04:49:29,316 : INFO : topic #16 (0.050): 0.014*"btc" + 0.010*"bitcoin" + 0.008*"bch" + 0.006*"coin" + 0.006*"like" + 0.006*"going" + 0.006*"get" + 0.005*"buy" + 0.005*"im" + 0.005*"people"
2018-08-28 04:49:29,318 : INFO : topic #14 (0.050): 0.010*"tax" + 0.009*"btc" + 0.008*"tether" + 0.007*"crypto" + 0.007*"money" + 0.007*"get" + 0.007*"like" + 0.006*"im" + 0.006*"bitcoin" + 0.005*"exchange"
2018-08-28 04:49:29,320 : INFO : topic diff=0.092520, rho=0.277350
2018-08-28 04:49:34,079 : INFO : -8.412 per-word bound, 340.5 perplexity estimate based on a held-out corpus of 1067 documents with 1256157 words
2018-08-28 04:49:34,079 : INFO : PROGRESS: pass 12, at document #1067/1067
2018-08-28 04:49:36,345 : INFO : topic #9 (0.050): 0.021*"btc" + 0.017*"bch" + 0.016*"bitcoin" + 0.007*"people" + 0.006*"like" + 0.006*"would" + 0.006*"going" + 0.005*"transaction" + 0.005*"get" + 0.005*"fucking"
2018-08-28 04:49:36,347 : INFO : topic #12 (0.050): 0.008*"iota" + 0.006*"future" + 0.006*"get" + 0.005*"make" + 0.005*"like" + 0.004*"buy" + 0.004*"slr" + 0.004*"money" + 0.004*"one" + 0.003*"im"
2018-08-28 04:49:36,348 : INFO : topic #3 (0.050): 0.008*"get" + 0.008*"like" + 0.008*"im" + 0.008*"buy" + 0.006*"going" + 0.006*"money" + 0.005*"go" + 0.005*"good" + 0.005*"one" + 0.005*"market"
2018-08-28 04:49:36,350 : INFO : topic #8 (0.050): 0.011*"like" + 0.009*"get" + 0.008*"im" + 0.006*"people" + 0.006*"make" + 0.006*"car" + 0.005*"want" + 0.005*"fucking" + 0.005*"shit" + 0.005*"money"
2018-08-28 04:49:36,351 : INFO : topic #19 (0.050): 0.008*"like" + 0.007*"get" + 0.006*"im" + 0.005*"shit" + 0.005*"make" + 0.004*"buy" + 0.004*"fuck" + 0.004*"fucking" + 0.004*"would" + 0.003*"even"
2018-08-28 04:49:36,353 : INFO : topic diff=0.074330, rho=0.267261
2018-08-28 04:49:41,106 : INFO : -8.407 per-word bound, 339.4 perplexity estimate based on a held-out corpus of 1067 documents with 1256157 words
2018-08-28 04:49:41,107 : INFO : PROGRESS: pass 13, at document #1067/1067
2018-08-28 04:49:43,418 : INFO : topic #2 (0.050): 0.008*"tether" + 0.003*"usd" + 0.003*"fucking" + 0.003*"people" + 0.003*"dollar" + 0.003*"want" + 0.002*"money" + 0.002*"bitfinex" + 0.002*"u" + 0.002*"like"
2018-08-28 04:49:43,420 : INFO : topic #4 (0.050): 0.000*"devestating" + 0.000*"giddy" + 0.000*"like" + 0.000*"get" + 0.000*"people" + 0.000*"im" + 0.000*"buy" + 0.000*"would" + 0.000*"want" + 0.000*"link"
2018-08-28 04:49:43,422 : INFO : topic #14 (0.050): 0.010*"tax" + 0.009*"btc" + 0.009*"tether" + 0.008*"crypto" + 0.007*"money" + 0.007*"get" + 0.007*"like" + 0.006*"im" + 0.006*"bitcoin" + 0.006*"exchange"
2018-08-28 04:49:43,426 : INFO : topic #0 (0.050): 0.011*"get" + 0.008*"like" + 0.008*"im" + 0.008*"money" + 0.006*"want" + 0.006*"make" + 0.006*"would" + 0.006*"good" + 0.006*"job" + 0.005*"people"
2018-08-28 04:49:43,427 : INFO : topic #15 (0.050): 0.009*"die" + 0.007*"like" + 0.006*"coin" + 0.006*"market" + 0.006*"would" + 0.005*"get" + 0.005*"token" + 0.005*"one" + 0.005*"buy" + 0.005*"money"
2018-08-28 04:49:43,429 : INFO : topic diff=0.061408, rho=0.258199
2018-08-28 04:49:48,187 : INFO : -8.402 per-word bound, 338.4 perplexity estimate based on a held-out corpus of 1067 documents with 1256157 words
2018-08-28 04:49:48,187 : INFO : PROGRESS: pass 14, at document #1067/1067
2018-08-28 04:49:50,499 : INFO : topic #16 (0.050): 0.013*"btc" + 0.010*"bitcoin" + 0.008*"bch" + 0.006*"coin" + 0.006*"going" + 0.006*"like" + 0.006*"get" + 0.005*"im" + 0.005*"buy" + 0.005*"people"
2018-08-28 04:49:50,500 : INFO : topic #0 (0.050): 0.011*"get" + 0.008*"like" + 0.008*"im" + 0.008*"money" + 0.006*"want" + 0.006*"make" + 0.006*"good" + 0.006*"would" + 0.006*"job" + 0.005*"people"
2018-08-28 04:49:50,502 : INFO : topic #18 (0.050): 0.011*"ha" + 0.009*"city" + 0.007*"like" + 0.005*"live" + 0.004*"place" + 0.003*"get" + 0.003*"fucking" + 0.003*"world" + 0.002*"shit" + 0.002*"great"
2018-08-28 04:49:50,503 : INFO : topic #15 (0.050): 0.009*"die" + 0.007*"like" + 0.006*"coin" + 0.006*"market" + 0.006*"would" + 0.005*"get" + 0.005*"token" + 0.005*"one" + 0.005*"buy" + 0.005*"monero"
2018-08-28 04:49:50,505 : INFO : topic #5 (0.050): 0.055*"chancoin" + 0.038*"ark" + 0.007*"token" + 0.006*"eth" + 0.005*"wallet" + 0.004*"coin" + 0.004*"staking" + 0.004*"delegate" + 0.004*"link" + 0.004*"op"
2018-08-28 04:49:50,508 : INFO : topic diff=0.052059, rho=0.250000
2018-08-28 04:49:55,449 : INFO : -8.399 per-word bound, 337.5 perplexity estimate based on a held-out corpus of 1067 documents with 1256157 words
2018-08-28 04:49:55,449 : INFO : PROGRESS: pass 15, at document #1067/1067
2018-08-28 04:49:57,839 : INFO : topic #11 (0.050): 0.006*"year" + 0.005*"make" + 0.005*"money" + 0.004*"like" + 0.004*"would" + 0.004*"one" + 0.004*"get" + 0.003*"im" + 0.003*"think" + 0.003*"people"
2018-08-28 04:49:57,840 : INFO : topic #2 (0.050): 0.006*"tether" + 0.002*"dollar" + 0.002*"usd" + 0.002*"fucking" + 0.002*"people" + 0.002*"want" + 0.002*"bitfinex" + 0.002*"money" + 0.002*"u" + 0.002*"like"
2018-08-28 04:49:57,842 : INFO : topic #7 (0.050): 0.007*"get" + 0.007*"like" + 0.006*"link" + 0.006*"make" + 0.005*"im" + 0.005*"even" + 0.005*"would" + 0.005*"money" + 0.005*"go" + 0.005*"one"
2018-08-28 04:49:57,844 : INFO : topic #3 (0.050): 0.008*"like" + 0.008*"get" + 0.008*"im" + 0.007*"buy" + 0.006*"going" + 0.006*"money" + 0.005*"go" + 0.005*"good" + 0.005*"market" + 0.005*"one"
2018-08-28 04:49:57,845 : INFO : topic #8 (0.050): 0.011*"like" + 0.009*"get" + 0.007*"im" + 0.007*"people" + 0.006*"make" + 0.006*"car" + 0.005*"want" + 0.005*"fucking" + 0.005*"shit" + 0.005*"money"
2018-08-28 04:49:57,847 : INFO : topic diff=0.045165, rho=0.242536
2018-08-28 04:50:02,656 : INFO : -8.395 per-word bound, 336.7 perplexity estimate based on a held-out corpus of 1067 documents with 1256157 words
2018-08-28 04:50:02,657 : INFO : PROGRESS: pass 16, at document #1067/1067
2018-08-28 04:50:04,950 : INFO : topic #4 (0.050): 0.000*"devestating" + 0.000*"giddy" + 0.000*"like" + 0.000*"get" + 0.000*"people" + 0.000*"im" + 0.000*"buy" + 0.000*"would" + 0.000*"want" + 0.000*"link"
2018-08-28 04:50:04,951 : INFO : topic #19 (0.050): 0.008*"like" + 0.007*"get" + 0.005*"im" + 0.005*"shit" + 0.004*"make" + 0.004*"buy" + 0.004*"fuck" + 0.004*"fucking" + 0.003*"would" + 0.003*"know"
2018-08-28 04:50:04,953 : INFO : topic #2 (0.050): 0.006*"tether" + 0.002*"dollar" + 0.002*"fucking" + 0.002*"usd" + 0.002*"people" + 0.002*"want" + 0.002*"bitfinex" + 0.002*"u" + 0.002*"money" + 0.002*"group"
2018-08-28 04:50:04,955 : INFO : topic #6 (0.050): 0.007*"wallet" + 0.007*"get" + 0.006*"contract" + 0.006*"like" + 0.005*"people" + 0.005*"im" + 0.004*"one" + 0.004*"would" + 0.004*"use" + 0.004*"smart"
2018-08-28 04:50:04,956 : INFO : topic #15 (0.050): 0.009*"die" + 0.006*"like" + 0.006*"coin" + 0.006*"market" + 0.006*"would" + 0.005*"get" + 0.005*"token" + 0.005*"monero" + 0.005*"one" + 0.005*"buy"
2018-08-28 04:50:04,958 : INFO : topic diff=0.039938, rho=0.235702
2018-08-28 04:50:09,814 : INFO : -8.392 per-word bound, 336.0 perplexity estimate based on a held-out corpus of 1067 documents with 1256157 words
2018-08-28 04:50:09,815 : INFO : PROGRESS: pass 17, at document #1067/1067
2018-08-28 04:50:12,171 : INFO : topic #13 (0.050): 0.007*"pbc" + 0.006*"fake" + 0.006*"dash" + 0.005*"pick" + 0.005*"fucking" + 0.004*"teeka" + 0.004*"coin" + 0.004*"real" + 0.004*"group" + 0.003*"shit"
2018-08-28 04:50:12,173 : INFO : topic #16 (0.050): 0.013*"btc" + 0.010*"bitcoin" + 0.008*"bch" + 0.006*"coin" + 0.006*"going" + 0.006*"like" + 0.005*"get" + 0.005*"im" + 0.005*"buy" + 0.005*"people"
2018-08-28 04:50:12,174 : INFO : topic #15 (0.050): 0.009*"die" + 0.006*"like" + 0.006*"coin" + 0.006*"market" + 0.005*"would" + 0.005*"get" + 0.005*"token" + 0.005*"monero" + 0.005*"one" + 0.004*"buy"
2018-08-28 04:50:12,176 : INFO : topic #5 (0.050): 0.057*"chancoin" + 0.042*"ark" + 0.007*"token" + 0.006*"eth" + 0.006*"wallet" + 0.005*"roll" + 0.005*"delegate" + 0.005*"staking" + 0.004*"coin" + 0.004*"address"
2018-08-28 04:50:12,177 : INFO : topic #8 (0.050): 0.011*"like" + 0.009*"get" + 0.007*"im" + 0.007*"people" + 0.006*"car" + 0.006*"make" + 0.005*"want" + 0.005*"fucking" + 0.005*"shit" + 0.005*"money"
2018-08-28 04:50:12,179 : INFO : topic diff=0.035861, rho=0.229416
2018-08-28 04:50:17,046 : INFO : -8.389 per-word bound, 335.3 perplexity estimate based on a held-out corpus of 1067 documents with 1256157 words
2018-08-28 04:50:17,047 : INFO : PROGRESS: pass 18, at document #1067/1067
2018-08-28 04:50:19,424 : INFO : topic #8 (0.050): 0.011*"like" + 0.009*"get" + 0.007*"im" + 0.007*"people" + 0.006*"car" + 0.006*"make" + 0.005*"want" + 0.005*"fucking" + 0.005*"shit" + 0.005*"money"
2018-08-28 04:50:19,426 : INFO : topic #12 (0.050): 0.010*"iota" + 0.007*"future" + 0.005*"slr" + 0.005*"get" + 0.005*"make" + 0.004*"like" + 0.004*"teeka" + 0.004*"contract" + 0.004*"mit" + 0.004*"money"
2018-08-28 04:50:19,427 : INFO : topic #14 (0.050): 0.011*"tax" + 0.010*"tether" + 0.009*"btc" + 0.008*"crypto" + 0.007*"money" + 0.007*"get" + 0.007*"like" + 0.006*"exchange" + 0.006*"im" + 0.006*"bitcoin"
2018-08-28 04:50:19,429 : INFO : topic #4 (0.050): 0.000*"devestating" + 0.000*"giddy" + 0.000*"like" + 0.000*"get" + 0.000*"people" + 0.000*"im" + 0.000*"buy" + 0.000*"would" + 0.000*"want" + 0.000*"link"
2018-08-28 04:50:19,431 : INFO : topic #10 (0.050): 0.011*"buy" + 0.010*"coin" + 0.008*"im" + 0.008*"like" + 0.007*"get" + 0.007*"going" + 0.007*"fucking" + 0.006*"sell" + 0.006*"go" + 0.005*"fuck"
2018-08-28 04:50:19,433 : INFO : topic diff=0.032606, rho=0.223607
2018-08-28 04:50:24,350 : INFO : -8.387 per-word bound, 334.7 perplexity estimate based on a held-out corpus of 1067 documents with 1256157 words
2018-08-28 04:50:24,351 : INFO : PROGRESS: pass 19, at document #1067/1067
2018-08-28 04:50:26,748 : INFO : topic #11 (0.050): 0.006*"year" + 0.004*"make" + 0.004*"money" + 0.004*"like" + 0.004*"one" + 0.004*"would" + 0.003*"pip" + 0.003*"card" + 0.003*"boomer" + 0.003*"get"
2018-08-28 04:50:26,750 : INFO : topic #3 (0.050): 0.008*"like" + 0.008*"get" + 0.008*"im" + 0.007*"buy" + 0.006*"going" + 0.006*"money" + 0.005*"good" + 0.005*"stock" + 0.005*"go" + 0.005*"market"
2018-08-28 04:50:26,752 : INFO : topic #13 (0.050): 0.007*"pbc" + 0.007*"fake" + 0.006*"dash" + 0.005*"pick" + 0.005*"teeka" + 0.004*"fucking" + 0.004*"group" + 0.004*"real" + 0.004*"coin" + 0.003*"subscriber"
2018-08-28 04:50:26,753 : INFO : topic #8 (0.050): 0.011*"like" + 0.009*"get" + 0.007*"im" + 0.007*"people" + 0.006*"car" + 0.006*"make" + 0.005*"want" + 0.005*"fucking" + 0.005*"shit" + 0.005*"one"
2018-08-28 04:50:26,755 : INFO : topic #16 (0.050): 0.013*"btc" + 0.009*"bitcoin" + 0.007*"bch" + 0.006*"coin" + 0.006*"going" + 0.006*"like" + 0.005*"get" + 0.005*"im" + 0.005*"buy" + 0.005*"people"
2018-08-28 04:50:26,757 : INFO : topic diff=0.029925, rho=0.218218
2018-08-28 04:50:31,609 : INFO : -8.384 per-word bound, 334.2 perplexity estimate based on a held-out corpus of 1067 documents with 1256157 words
2018-08-28 04:50:31,609 : INFO : PROGRESS: pass 20, at document #1067/1067
2018-08-28 04:50:33,982 : INFO : topic #0 (0.050): 0.012*"get" + 0.009*"like" + 0.009*"im" + 0.008*"money" + 0.007*"make" + 0.007*"want" + 0.006*"good" + 0.006*"would" + 0.006*"job" + 0.006*"people"
2018-08-28 04:50:33,984 : INFO : topic #16 (0.050): 0.013*"btc" + 0.009*"bitcoin" + 0.007*"bch" + 0.006*"coin" + 0.006*"going" + 0.006*"like" + 0.005*"get" + 0.005*"im" + 0.005*"buy" + 0.005*"people"
2018-08-28 04:50:33,985 : INFO : topic #18 (0.050): 0.012*"ha" + 0.010*"city" + 0.006*"like" + 0.005*"live" + 0.004*"place" + 0.003*"fucking" + 0.003*"world" + 0.002*"great" + 0.002*"get" + 0.002*"shit"
2018-08-28 04:50:33,987 : INFO : topic #6 (0.050): 0.008*"wallet" + 0.007*"get" + 0.007*"contract" + 0.006*"like" + 0.005*"use" + 0.005*"one" + 0.005*"people" + 0.004*"im" + 0.004*"address" + 0.004*"would"
2018-08-28 04:50:33,988 : INFO : topic #3 (0.050): 0.008*"like" + 0.008*"get" + 0.008*"im" + 0.007*"buy" + 0.006*"going" + 0.006*"money" + 0.005*"stock" + 0.005*"good" + 0.005*"market" + 0.005*"go"
2018-08-28 04:50:33,991 : INFO : topic diff=0.027712, rho=0.213201
2018-08-28 04:50:38,834 : INFO : -8.382 per-word bound, 333.7 perplexity estimate based on a held-out corpus of 1067 documents with 1256157 words
2018-08-28 04:50:38,835 : INFO : PROGRESS: pass 21, at document #1067/1067
2018-08-28 04:50:41,163 : INFO : topic #9 (0.050): 0.022*"btc" + 0.018*"bch" + 0.017*"bitcoin" + 0.007*"people" + 0.006*"like" + 0.006*"would" + 0.006*"going" + 0.006*"transaction" + 0.005*"get" + 0.005*"time"
2018-08-28 04:50:41,165 : INFO : topic #7 (0.050): 0.007*"get" + 0.006*"like" + 0.006*"make" + 0.005*"link" + 0.005*"even" + 0.005*"im" + 0.005*"would" + 0.005*"go" + 0.005*"one" + 0.005*"money"
2018-08-28 04:50:41,167 : INFO : topic #2 (0.050): 0.003*"tether" + 0.001*"dollar" + 0.001*"fucking" + 0.001*"guarantee" + 0.001*"want" + 0.001*"usd" + 0.001*"pleb" + 0.001*"liquidity" + 0.001*"u" + 0.001*"people"
2018-08-28 04:50:41,169 : INFO : topic #6 (0.050): 0.008*"wallet" + 0.007*"get" + 0.007*"contract" + 0.006*"like" + 0.005*"use" + 0.005*"one" + 0.004*"people" + 0.004*"address" + 0.004*"im" + 0.004*"key"
2018-08-28 04:50:41,170 : INFO : topic #8 (0.050): 0.011*"like" + 0.009*"get" + 0.007*"im" + 0.007*"people" + 0.006*"car" + 0.006*"make" + 0.005*"want" + 0.005*"fucking" + 0.005*"shit" + 0.005*"one"
2018-08-28 04:50:41,172 : INFO : topic diff=0.025831, rho=0.208514
2018-08-28 04:50:46,028 : INFO : -8.380 per-word bound, 333.2 perplexity estimate based on a held-out corpus of 1067 documents with 1256157 words
2018-08-28 04:50:46,030 : INFO : PROGRESS: pass 22, at document #1067/1067
2018-08-28 04:50:48,358 : INFO : topic #13 (0.050): 0.008*"pbc" + 0.007*"fake" + 0.006*"dash" + 0.005*"pick" + 0.005*"teeka" + 0.005*"group" + 0.004*"real" + 0.004*"fucking" + 0.004*"subscriber" + 0.003*"leak"
2018-08-28 04:50:48,360 : INFO : topic #5 (0.050): 0.059*"chancoin" + 0.047*"ark" + 0.007*"roll" + 0.006*"wallet" + 0.006*"token" + 0.006*"eth" + 0.005*"delegate" + 0.005*"staking" + 0.004*"address" + 0.004*"quad"
2018-08-28 04:50:48,362 : INFO : topic #17 (0.050): 0.010*"eth" + 0.009*"people" + 0.007*"like" + 0.006*"fucking" + 0.006*"cp" + 0.006*"child" + 0.005*"shit" + 0.004*"ethereum" + 0.004*"fuck" + 0.004*"get"
2018-08-28 04:50:48,364 : INFO : topic #10 (0.050): 0.012*"buy" + 0.010*"coin" + 0.008*"im" + 0.008*"like" + 0.007*"get" + 0.007*"going" + 0.007*"fucking" + 0.006*"sell" + 0.006*"go" + 0.005*"fuck"
2018-08-28 04:50:48,365 : INFO : topic #12 (0.050): 0.011*"iota" + 0.007*"future" + 0.006*"slr" + 0.005*"make" + 0.005*"get" + 0.004*"teeka" + 0.004*"mit" + 0.004*"contract" + 0.004*"pbc" + 0.004*"like"
2018-08-28 04:50:48,367 : INFO : topic diff=0.024205, rho=0.204124
2018-08-28 04:50:53,347 : INFO : -8.378 per-word bound, 332.7 perplexity estimate based on a held-out corpus of 1067 documents with 1256157 words
2018-08-28 04:50:53,351 : INFO : PROGRESS: pass 23, at document #1067/1067
2018-08-28 04:50:55,719 : INFO : topic #13 (0.050): 0.008*"pbc" + 0.007*"fake" + 0.006*"dash" + 0.005*"pick" + 0.005*"teeka" + 0.005*"group" + 0.004*"real" + 0.004*"fucking" + 0.004*"subscriber" + 0.004*"leak"
2018-08-28 04:50:55,721 : INFO : topic #12 (0.050): 0.011*"iota" + 0.007*"future" + 0.006*"slr" + 0.005*"make" + 0.004*"teeka" + 0.004*"get" + 0.004*"mit" + 0.004*"contract" + 0.004*"pbc" + 0.003*"like"
2018-08-28 04:50:55,722 : INFO : topic #15 (0.050): 0.010*"die" + 0.006*"like" + 0.006*"market" + 0.006*"coin" + 0.006*"monero" + 0.005*"would" + 0.005*"token" + 0.005*"get" + 0.005*"one" + 0.004*"people"
2018-08-28 04:50:55,724 : INFO : topic #16 (0.050): 0.012*"btc" + 0.009*"bitcoin" + 0.007*"bch" + 0.006*"coin" + 0.006*"going" + 0.006*"like" + 0.005*"get" + 0.005*"im" + 0.005*"buy" + 0.005*"people"
2018-08-28 04:50:55,726 : INFO : topic #1 (0.050): 0.039*"link" + 0.007*"chainlink" + 0.007*"would" + 0.007*"price" + 0.006*"swift" + 0.006*"node" + 0.006*"like" + 0.006*"token" + 0.006*"make" + 0.006*"buy"
2018-08-28 04:50:55,728 : INFO : topic diff=0.022848, rho=0.200000
2018-08-28 04:51:00,634 : INFO : -8.376 per-word bound, 332.3 perplexity estimate based on a held-out corpus of 1067 documents with 1256157 words
2018-08-28 04:51:00,635 : INFO : PROGRESS: pass 24, at document #1067/1067
2018-08-28 04:51:02,986 : INFO : topic #4 (0.050): 0.000*"devestating" + 0.000*"giddy" + 0.000*"like" + 0.000*"get" + 0.000*"people" + 0.000*"im" + 0.000*"buy" + 0.000*"would" + 0.000*"want" + 0.000*"link"
2018-08-28 04:51:02,988 : INFO : topic #7 (0.050): 0.007*"get" + 0.006*"like" + 0.006*"make" + 0.005*"even" + 0.005*"link" + 0.005*"im" + 0.005*"would" + 0.005*"go" + 0.005*"one" + 0.005*"money"
2018-08-28 04:51:02,990 : INFO : topic #9 (0.050): 0.022*"btc" + 0.018*"bch" + 0.017*"bitcoin" + 0.007*"people" + 0.006*"like" + 0.006*"would" + 0.006*"going" + 0.006*"transaction" + 0.005*"get" + 0.005*"time"
2018-08-28 04:51:02,991 : INFO : topic #11 (0.050): 0.006*"year" + 0.004*"make" + 0.004*"pip" + 0.003*"money" + 0.003*"card" + 0.003*"boomer" + 0.003*"one" + 0.003*"would" + 0.003*"like" + 0.003*"student"
2018-08-28 04:51:02,993 : INFO : topic #16 (0.050): 0.012*"btc" + 0.009*"bitcoin" + 0.007*"bch" + 0.006*"coin" + 0.005*"going" + 0.005*"like" + 0.005*"get" + 0.005*"im" + 0.005*"buy" + 0.005*"people"
2018-08-28 04:51:02,995 : INFO : topic diff=0.021572, rho=0.196116
2018-08-28 04:51:07,872 : INFO : -8.375 per-word bound, 331.9 perplexity estimate based on a held-out corpus of 1067 documents with 1256157 words
2018-08-28 04:51:07,873 : INFO : PROGRESS: pass 25, at document #1067/1067
2018-08-28 04:51:10,198 : INFO : topic #18 (0.050): 0.013*"ha" + 0.011*"city" + 0.005*"live" + 0.005*"like" + 0.004*"place" + 0.003*"world" + 0.002*"fucking" + 0.002*"great" + 0.002*"la" + 0.002*"culture"
2018-08-28 04:51:10,200 : INFO : topic #16 (0.050): 0.012*"btc" + 0.009*"bitcoin" + 0.007*"bch" + 0.006*"coin" + 0.005*"going" + 0.005*"like" + 0.005*"get" + 0.005*"im" + 0.005*"buy" + 0.004*"people"
2018-08-28 04:51:10,202 : INFO : topic #2 (0.050): 0.002*"tether" + 0.001*"guarantee" + 0.001*"pleb" + 0.001*"style" + 0.001*"dollar" + 0.001*"liquidity" + 0.001*"redeem" + 0.001*"taste" + 0.001*"regulation" + 0.001*"retard"
2018-08-28 04:51:10,203 : INFO : topic #14 (0.050): 0.011*"tax" + 0.011*"tether" + 0.009*"btc" + 0.009*"crypto" + 0.007*"money" + 0.007*"get" + 0.007*"like" + 0.006*"exchange" + 0.006*"bitcoin" + 0.006*"im"
2018-08-28 04:51:10,205 : INFO : topic #17 (0.050): 0.010*"eth" + 0.009*"people" + 0.007*"like" + 0.006*"fucking" + 0.006*"cp" + 0.006*"child" + 0.005*"shit" + 0.004*"ethereum" + 0.004*"fuck" + 0.004*"get"
2018-08-28 04:51:10,207 : INFO : topic diff=0.020406, rho=0.192450
2018-08-28 04:51:14,973 : INFO : -8.373 per-word bound, 331.6 perplexity estimate based on a held-out corpus of 1067 documents with 1256157 words
2018-08-28 04:51:14,973 : INFO : PROGRESS: pass 26, at document #1067/1067
2018-08-28 04:51:17,280 : INFO : topic #15 (0.050): 0.010*"die" + 0.006*"market" + 0.006*"like" + 0.006*"monero" + 0.006*"coin" + 0.005*"would" + 0.005*"token" + 0.005*"get" + 0.005*"one" + 0.004*"people"
2018-08-28 04:51:17,282 : INFO : topic #18 (0.050): 0.013*"ha" + 0.011*"city" + 0.005*"live" + 0.004*"like" + 0.004*"place" + 0.003*"world" + 0.002*"great" + 0.002*"fucking" + 0.002*"la" + 0.002*"culture"
2018-08-28 04:51:17,284 : INFO : topic #3 (0.050): 0.009*"like" + 0.008*"im" + 0.008*"get" + 0.007*"buy" + 0.006*"going" + 0.006*"money" + 0.006*"stock" + 0.005*"market" + 0.005*"good" + 0.005*"day"
2018-08-28 04:51:17,285 : INFO : topic #1 (0.050): 0.040*"link" + 0.008*"chainlink" + 0.007*"would" + 0.007*"price" + 0.006*"token" + 0.006*"swift" + 0.006*"node" + 0.006*"like" + 0.006*"make" + 0.006*"get"
2018-08-28 04:51:17,287 : INFO : topic #6 (0.050): 0.009*"wallet" + 0.007*"contract" + 0.007*"get" + 0.006*"like" + 0.005*"use" + 0.005*"one" + 0.005*"address" + 0.005*"key" + 0.004*"people" + 0.004*"smart"
2018-08-28 04:51:17,290 : INFO : topic diff=0.019382, rho=0.188982
2018-08-28 04:51:22,149 : INFO : -8.372 per-word bound, 331.2 perplexity estimate based on a held-out corpus of 1067 documents with 1256157 words
2018-08-28 04:51:22,150 : INFO : PROGRESS: pass 27, at document #1067/1067
2018-08-28 04:51:24,554 : INFO : topic #14 (0.050): 0.011*"tax" + 0.011*"tether" + 0.009*"btc" + 0.009*"crypto" + 0.007*"money" + 0.007*"get" + 0.006*"like" + 0.006*"exchange" + 0.006*"bitcoin" + 0.006*"trade"
2018-08-28 04:51:24,558 : INFO : topic #12 (0.050): 0.012*"iota" + 0.008*"future" + 0.006*"slr" + 0.005*"teeka" + 0.004*"mit" + 0.004*"contract" + 0.004*"make" + 0.004*"pbc" + 0.004*"get" + 0.003*"pick"
2018-08-28 04:51:24,559 : INFO : topic #8 (0.050): 0.011*"like" + 0.009*"get" + 0.007*"im" + 0.007*"car" + 0.007*"people" + 0.006*"make" + 0.006*"fucking" + 0.005*"want" + 0.005*"shit" + 0.005*"one"
2018-08-28 04:51:24,561 : INFO : topic #3 (0.050): 0.009*"like" + 0.008*"im" + 0.008*"get" + 0.007*"buy" + 0.006*"going" + 0.006*"money" + 0.006*"stock" + 0.005*"market" + 0.005*"good" + 0.005*"day"
2018-08-28 04:51:24,562 : INFO : topic #18 (0.050): 0.013*"ha" + 0.011*"city" + 0.005*"live" + 0.004*"like" + 0.004*"place" + 0.002*"world" + 0.002*"great" + 0.002*"fucking" + 0.002*"la" + 0.002*"culture"
2018-08-28 04:51:24,565 : INFO : topic diff=0.018455, rho=0.185695
2018-08-28 04:51:29,503 : INFO : -8.370 per-word bound, 330.9 perplexity estimate based on a held-out corpus of 1067 documents with 1256157 words
2018-08-28 04:51:29,505 : INFO : PROGRESS: pass 28, at document #1067/1067
2018-08-28 04:51:31,826 : INFO : topic #6 (0.050): 0.010*"wallet" + 0.007*"contract" + 0.007*"get" + 0.006*"like" + 0.005*"use" + 0.005*"address" + 0.005*"key" + 0.005*"one" + 0.004*"people" + 0.004*"smart"
2018-08-28 04:51:31,828 : INFO : topic #2 (0.050): 0.001*"tether" + 0.001*"pleb" + 0.001*"guarantee" + 0.001*"style" + 0.001*"regulation" + 0.001*"taste" + 0.001*"redeem" + 0.001*"liquidity" + 0.001*"placeholder" + 0.001*"dollar"
2018-08-28 04:51:31,830 : INFO : topic #11 (0.050): 0.005*"year" + 0.004*"pip" + 0.004*"card" + 0.004*"boomer" + 0.003*"make" + 0.003*"student" + 0.003*"money" + 0.003*"one" + 0.003*"would" + 0.002*"loan"
2018-08-28 04:51:31,832 : INFO : topic #3 (0.050): 0.009*"like" + 0.008*"im" + 0.008*"get" + 0.007*"buy" + 0.006*"going" + 0.006*"money" + 0.006*"stock" + 0.005*"market" + 0.005*"good" + 0.005*"day"
2018-08-28 04:51:31,834 : INFO : topic #18 (0.050): 0.013*"ha" + 0.011*"city" + 0.005*"live" + 0.004*"like" + 0.004*"place" + 0.002*"world" + 0.002*"great" + 0.002*"fucking" + 0.002*"la" + 0.002*"culture"
2018-08-28 04:51:31,836 : INFO : topic diff=0.017602, rho=0.182574
2018-08-28 04:51:36,654 : INFO : -8.369 per-word bound, 330.6 perplexity estimate based on a held-out corpus of 1067 documents with 1256157 words
2018-08-28 04:51:36,656 : INFO : PROGRESS: pass 29, at document #1067/1067
2018-08-28 04:51:39,002 : INFO : topic #18 (0.050): 0.013*"ha" + 0.011*"city" + 0.005*"live" + 0.004*"place" + 0.004*"like" + 0.002*"world" + 0.002*"great" + 0.002*"fucking" + 0.002*"la" + 0.002*"culture"
2018-08-28 04:51:39,005 : INFO : topic #12 (0.050): 0.012*"iota" + 0.008*"future" + 0.006*"slr" + 0.005*"teeka" + 0.005*"mit" + 0.004*"contract" + 0.004*"pbc" + 0.004*"make" + 0.004*"get" + 0.004*"pick"
2018-08-28 04:51:39,007 : INFO : topic #17 (0.050): 0.010*"eth" + 0.009*"people" + 0.007*"like" + 0.006*"cp" + 0.006*"fucking" + 0.006*"child" + 0.005*"shit" + 0.004*"ethereum" + 0.004*"fuck" + 0.004*"he"
2018-08-28 04:51:39,008 : INFO : topic #15 (0.050): 0.010*"die" + 0.006*"monero" + 0.006*"market" + 0.006*"like" + 0.006*"coin" + 0.005*"token" + 0.005*"would" + 0.005*"get" + 0.005*"one" + 0.004*"people"
2018-08-28 04:51:39,010 : INFO : topic #1 (0.050): 0.041*"link" + 0.008*"chainlink" + 0.007*"would" + 0.007*"price" + 0.007*"token" + 0.006*"swift" + 0.006*"node" + 0.006*"like" + 0.006*"make" + 0.006*"get"
2018-08-28 04:51:39,012 : INFO : topic diff=0.016842, rho=0.179605
2018-08-28 04:51:43,895 : INFO : -8.368 per-word bound, 330.3 perplexity estimate based on a held-out corpus of 1067 documents with 1256157 words
2018-08-28 04:51:43,895 : INFO : PROGRESS: pass 30, at document #1067/1067
2018-08-28 04:51:46,216 : INFO : topic #0 (0.050): 0.012*"get" + 0.009*"like" + 0.009*"im" + 0.009*"money" + 0.007*"make" + 0.007*"want" + 0.006*"would" + 0.006*"good" + 0.006*"job" + 0.006*"people"
2018-08-28 04:51:46,220 : INFO : topic #12 (0.050): 0.012*"iota" + 0.008*"future" + 0.007*"slr" + 0.005*"teeka" + 0.005*"mit" + 0.005*"contract" + 0.004*"pbc" + 0.004*"make" + 0.004*"pick" + 0.004*"get"
2018-08-28 04:51:46,221 : INFO : topic #10 (0.050): 0.012*"buy" + 0.010*"coin" + 0.008*"im" + 0.008*"like" + 0.007*"get" + 0.007*"going" + 0.007*"fucking" + 0.006*"sell" + 0.006*"go" + 0.005*"fuck"
2018-08-28 04:51:46,222 : INFO : topic #15 (0.050): 0.010*"die" + 0.006*"monero" + 0.006*"market" + 0.006*"like" + 0.006*"coin" + 0.005*"token" + 0.005*"would" + 0.005*"get" + 0.005*"one" + 0.004*"people"
2018-08-28 04:51:46,224 : INFO : topic #1 (0.050): 0.041*"link" + 0.008*"chainlink" + 0.007*"would" + 0.007*"price" + 0.007*"token" + 0.006*"swift" + 0.006*"node" + 0.006*"like" + 0.006*"make" + 0.006*"get"
2018-08-28 04:51:46,226 : INFO : topic diff=0.016138, rho=0.176777
2018-08-28 04:51:51,016 : INFO : -8.366 per-word bound, 330.0 perplexity estimate based on a held-out corpus of 1067 documents with 1256157 words
2018-08-28 04:51:51,017 : INFO : PROGRESS: pass 31, at document #1067/1067
2018-08-28 04:51:53,368 : INFO : topic #17 (0.050): 0.010*"eth" + 0.009*"people" + 0.007*"like" + 0.006*"cp" + 0.006*"fucking" + 0.006*"child" + 0.005*"shit" + 0.004*"ethereum" + 0.004*"he" + 0.004*"fuck"
2018-08-28 04:51:53,372 : INFO : topic #10 (0.050): 0.012*"buy" + 0.010*"coin" + 0.008*"im" + 0.008*"like" + 0.007*"get" + 0.007*"going" + 0.007*"fucking" + 0.006*"sell" + 0.006*"go" + 0.005*"fuck"
2018-08-28 04:51:53,373 : INFO : topic #0 (0.050): 0.012*"get" + 0.009*"like" + 0.009*"im" + 0.009*"money" + 0.007*"make" + 0.007*"want" + 0.006*"would" + 0.006*"good" + 0.006*"job" + 0.006*"people"
2018-08-28 04:51:53,375 : INFO : topic #1 (0.050): 0.041*"link" + 0.008*"chainlink" + 0.007*"would" + 0.007*"token" + 0.007*"price" + 0.006*"swift" + 0.006*"node" + 0.006*"like" + 0.006*"make" + 0.006*"get"
2018-08-28 04:51:53,377 : INFO : topic #16 (0.050): 0.012*"btc" + 0.009*"bitcoin" + 0.006*"bch" + 0.006*"coin" + 0.005*"going" + 0.005*"like" + 0.005*"get" + 0.005*"im" + 0.004*"go" + 0.004*"buy"
2018-08-28 04:51:53,379 : INFO : topic diff=0.015483, rho=0.174078
2018-08-28 04:51:58,263 : INFO : -8.365 per-word bound, 329.7 perplexity estimate based on a held-out corpus of 1067 documents with 1256157 words
2018-08-28 04:51:58,265 : INFO : PROGRESS: pass 32, at document #1067/1067
2018-08-28 04:52:00,550 : INFO : topic #0 (0.050): 0.012*"get" + 0.009*"like" + 0.009*"im" + 0.009*"money" + 0.007*"make" + 0.007*"want" + 0.006*"would" + 0.006*"good" + 0.006*"job" + 0.006*"people"
2018-08-28 04:52:00,552 : INFO : topic #14 (0.050): 0.011*"tax" + 0.011*"tether" + 0.009*"crypto" + 0.009*"btc" + 0.007*"money" + 0.007*"get" + 0.006*"like" + 0.006*"exchange" + 0.006*"trade" + 0.006*"bitcoin"
2018-08-28 04:52:00,553 : INFO : topic #2 (0.050): 0.001*"pleb" + 0.001*"style" + 0.001*"guarantee" + 0.001*"regulation" + 0.001*"taste" + 0.001*"placeholder" + 0.001*"tether" + 0.001*"redeem" + 0.001*"liquidity" + 0.001*"911"
2018-08-28 04:52:00,555 : INFO : topic #17 (0.050): 0.010*"eth" + 0.009*"people" + 0.007*"like" + 0.006*"cp" + 0.006*"fucking" + 0.006*"child" + 0.005*"shit" + 0.004*"ethereum" + 0.004*"he" + 0.004*"vitalik"
2018-08-28 04:52:00,557 : INFO : topic #9 (0.050): 0.023*"btc" + 0.018*"bch" + 0.017*"bitcoin" + 0.007*"people" + 0.006*"like" + 0.006*"would" + 0.006*"going" + 0.006*"transaction" + 0.005*"get" + 0.005*"time"
2018-08-28 04:52:00,559 : INFO : topic diff=0.014870, rho=0.171499
2018-08-28 04:52:05,308 : INFO : -8.364 per-word bound, 329.5 perplexity estimate based on a held-out corpus of 1067 documents with 1256157 words
2018-08-28 04:52:05,309 : INFO : PROGRESS: pass 33, at document #1067/1067
2018-08-28 04:52:07,642 : INFO : topic #12 (0.050): 0.013*"iota" + 0.008*"future" + 0.007*"slr" + 0.005*"teeka" + 0.005*"mit" + 0.005*"contract" + 0.004*"pbc" + 0.004*"pick" + 0.004*"make" + 0.003*"get"
2018-08-28 04:52:07,644 : INFO : topic #6 (0.050): 0.011*"wallet" + 0.007*"contract" + 0.006*"get" + 0.005*"like" + 0.005*"use" + 0.005*"address" + 0.005*"key" + 0.005*"one" + 0.004*"people" + 0.004*"blockchain"
2018-08-28 04:52:07,646 : INFO : topic #4 (0.050): 0.000*"devestating" + 0.000*"giddy" + 0.000*"like" + 0.000*"get" + 0.000*"people" + 0.000*"im" + 0.000*"buy" + 0.000*"would" + 0.000*"want" + 0.000*"link"
2018-08-28 04:52:07,648 : INFO : topic #5 (0.050): 0.063*"chancoin" + 0.052*"ark" + 0.010*"roll" + 0.007*"wallet" + 0.006*"delegate" + 0.006*"eth" + 0.005*"staking" + 0.005*"address" + 0.005*"quad" + 0.004*"rolling"
2018-08-28 04:52:07,650 : INFO : topic #18 (0.050): 0.014*"ha" + 0.011*"city" + 0.004*"live" + 0.004*"place" + 0.003*"like" + 0.002*"world" + 0.002*"great" + 0.002*"la" + 0.002*"fucking" + 0.002*"culture"
2018-08-28 04:52:07,652 : INFO : topic diff=0.014304, rho=0.169031
2018-08-28 04:52:12,383 : INFO : -8.363 per-word bound, 329.2 perplexity estimate based on a held-out corpus of 1067 documents with 1256157 words
2018-08-28 04:52:12,384 : INFO : PROGRESS: pass 34, at document #1067/1067
2018-08-28 04:52:14,679 : INFO : topic #4 (0.050): 0.000*"devestating" + 0.000*"giddy" + 0.000*"like" + 0.000*"get" + 0.000*"people" + 0.000*"im" + 0.000*"buy" + 0.000*"would" + 0.000*"want" + 0.000*"link"
2018-08-28 04:52:14,681 : INFO : topic #3 (0.050): 0.009*"like" + 0.008*"im" + 0.008*"get" + 0.007*"buy" + 0.006*"going" + 0.006*"money" + 0.006*"stock" + 0.005*"market" + 0.005*"good" + 0.005*"day"
2018-08-28 04:52:14,683 : INFO : topic #14 (0.050): 0.011*"tax" + 0.011*"tether" + 0.009*"crypto" + 0.009*"btc" + 0.008*"money" + 0.007*"get" + 0.006*"exchange" + 0.006*"like" + 0.006*"trade" + 0.006*"gain"
2018-08-28 04:52:14,685 : INFO : topic #17 (0.050): 0.010*"eth" + 0.009*"people" + 0.007*"cp" + 0.007*"like" + 0.006*"fucking" + 0.006*"child" + 0.005*"shit" + 0.004*"ethereum" + 0.004*"he" + 0.004*"vitalik"
2018-08-28 04:52:14,686 : INFO : topic #6 (0.050): 0.011*"wallet" + 0.007*"contract" + 0.006*"get" + 0.005*"like" + 0.005*"use" + 0.005*"address" + 0.005*"key" + 0.005*"one" + 0.004*"people" + 0.004*"blockchain"
2018-08-28 04:52:14,689 : INFO : topic diff=0.013781, rho=0.166667
2018-08-28 04:52:19,487 : INFO : -8.362 per-word bound, 329.0 perplexity estimate based on a held-out corpus of 1067 documents with 1256157 words
2018-08-28 04:52:19,487 : INFO : PROGRESS: pass 35, at document #1067/1067
2018-08-28 04:52:21,888 : INFO : topic #19 (0.050): 0.006*"get" + 0.006*"like" + 0.004*"shit" + 0.004*"im" + 0.004*"fuck" + 0.003*"buy" + 0.003*"make" + 0.003*"fucking" + 0.003*"trip" + 0.003*"guy"
2018-08-28 04:52:21,890 : INFO : topic #10 (0.050): 0.012*"buy" + 0.010*"coin" + 0.008*"im" + 0.008*"like" + 0.007*"get" + 0.007*"going" + 0.007*"fucking" + 0.006*"sell" + 0.006*"go" + 0.005*"fuck"
2018-08-28 04:52:21,891 : INFO : topic #18 (0.050): 0.014*"ha" + 0.011*"city" + 0.004*"live" + 0.004*"place" + 0.003*"like" + 0.002*"world" + 0.002*"great" + 0.002*"la" + 0.002*"culture" + 0.002*"fucking"
2018-08-28 04:52:21,893 : INFO : topic #17 (0.050): 0.010*"eth" + 0.009*"people" + 0.007*"cp" + 0.007*"like" + 0.006*"fucking" + 0.006*"child" + 0.005*"shit" + 0.004*"ethereum" + 0.004*"he" + 0.004*"vitalik"
2018-08-28 04:52:21,895 : INFO : topic #12 (0.050): 0.013*"iota" + 0.008*"future" + 0.007*"slr" + 0.005*"teeka" + 0.005*"mit" + 0.005*"contract" + 0.004*"pbc" + 0.004*"pick" + 0.003*"make" + 0.003*"powr"
2018-08-28 04:52:21,897 : INFO : topic diff=0.013290, rho=0.164399
2018-08-28 04:52:26,693 : INFO : -8.361 per-word bound, 328.8 perplexity estimate based on a held-out corpus of 1067 documents with 1256157 words
2018-08-28 04:52:26,693 : INFO : PROGRESS: pass 36, at document #1067/1067
2018-08-28 04:52:28,978 : INFO : topic #4 (0.050): 0.000*"devestating" + 0.000*"giddy" + 0.000*"like" + 0.000*"get" + 0.000*"people" + 0.000*"im" + 0.000*"buy" + 0.000*"would" + 0.000*"want" + 0.000*"link"
2018-08-28 04:52:28,980 : INFO : topic #3 (0.050): 0.009*"like" + 0.008*"im" + 0.008*"get" + 0.007*"buy" + 0.006*"going" + 0.006*"money" + 0.006*"stock" + 0.005*"market" + 0.005*"good" + 0.005*"day"
2018-08-28 04:52:28,981 : INFO : topic #19 (0.050): 0.006*"get" + 0.006*"like" + 0.004*"shit" + 0.004*"im" + 0.003*"fuck" + 0.003*"buy" + 0.003*"make" + 0.003*"trip" + 0.003*"fucking" + 0.003*"god"
2018-08-28 04:52:28,983 : INFO : topic #1 (0.050): 0.042*"link" + 0.008*"chainlink" + 0.007*"token" + 0.007*"would" + 0.007*"price" + 0.007*"swift" + 0.006*"node" + 0.006*"like" + 0.006*"make" + 0.006*"get"
2018-08-28 04:52:28,984 : INFO : topic #5 (0.050): 0.064*"chancoin" + 0.053*"ark" + 0.011*"roll" + 0.007*"wallet" + 0.006*"delegate" + 0.005*"eth" + 0.005*"staking" + 0.005*"address" + 0.005*"quad" + 0.005*"rolling"
2018-08-28 04:52:28,986 : INFO : topic diff=0.012826, rho=0.162221
2018-08-28 04:52:33,754 : INFO : -8.360 per-word bound, 328.6 perplexity estimate based on a held-out corpus of 1067 documents with 1256157 words
2018-08-28 04:52:33,754 : INFO : PROGRESS: pass 37, at document #1067/1067
2018-08-28 04:52:36,031 : INFO : topic #17 (0.050): 0.010*"eth" + 0.009*"people" + 0.007*"cp" + 0.006*"like" + 0.006*"child" + 0.006*"fucking" + 0.005*"shit" + 0.005*"ethereum" + 0.004*"he" + 0.004*"vitalik"
2018-08-28 04:52:36,033 : INFO : topic #19 (0.050): 0.006*"get" + 0.006*"like" + 0.004*"shit" + 0.003*"im" + 0.003*"fuck" + 0.003*"buy" + 0.003*"trip" + 0.003*"make" + 0.003*"god" + 0.003*"fucking"
2018-08-28 04:52:36,035 : INFO : topic #7 (0.050): 0.006*"get" + 0.006*"like" + 0.005*"make" + 0.005*"even" + 0.005*"would" + 0.005*"one" + 0.005*"go" + 0.004*"know" + 0.004*"im" + 0.004*"link"
2018-08-28 04:52:36,036 : INFO : topic #11 (0.050): 0.005*"year" + 0.004*"pip" + 0.004*"boomer" + 0.004*"card" + 0.003*"student" + 0.003*"loan" + 0.002*"make" + 0.002*"old" + 0.002*"generation" + 0.002*"one"
2018-08-28 04:52:36,038 : INFO : topic #16 (0.050): 0.011*"btc" + 0.009*"bitcoin" + 0.006*"bch" + 0.006*"coin" + 0.005*"going" + 0.005*"like" + 0.005*"get" + 0.004*"im" + 0.004*"go" + 0.004*"people"
2018-08-28 04:52:36,041 : INFO : topic diff=0.012394, rho=0.160128
2018-08-28 04:52:40,811 : INFO : -8.359 per-word bound, 328.4 perplexity estimate based on a held-out corpus of 1067 documents with 1256157 words
2018-08-28 04:52:40,813 : INFO : PROGRESS: pass 38, at document #1067/1067
2018-08-28 04:52:43,168 : INFO : topic #17 (0.050): 0.010*"eth" + 0.009*"people" + 0.007*"cp" + 0.006*"like" + 0.006*"child" + 0.006*"fucking" + 0.005*"shit" + 0.005*"ethereum" + 0.004*"he" + 0.004*"vitalik"
2018-08-28 04:52:43,170 : INFO : topic #14 (0.050): 0.011*"tether" + 0.011*"tax" + 0.009*"crypto" + 0.009*"btc" + 0.008*"money" + 0.007*"get" + 0.007*"exchange" + 0.006*"like" + 0.006*"trade" + 0.006*"gain"
2018-08-28 04:52:43,171 : INFO : topic #19 (0.050): 0.006*"get" + 0.006*"like" + 0.004*"shit" + 0.003*"fuck" + 0.003*"im" + 0.003*"buy" + 0.003*"trip" + 0.003*"god" + 0.003*"make" + 0.003*"guy"
2018-08-28 04:52:43,173 : INFO : topic #9 (0.050): 0.023*"btc" + 0.018*"bch" + 0.018*"bitcoin" + 0.007*"people" + 0.006*"like" + 0.006*"would" + 0.006*"going" + 0.005*"transaction" + 0.005*"get" + 0.005*"time"
2018-08-28 04:52:43,175 : INFO : topic #4 (0.050): 0.000*"devestating" + 0.000*"giddy" + 0.000*"like" + 0.000*"get" + 0.000*"people" + 0.000*"im" + 0.000*"buy" + 0.000*"would" + 0.000*"want" + 0.000*"link"
2018-08-28 04:52:43,177 : INFO : topic diff=0.011981, rho=0.158114
2018-08-28 04:52:48,328 : INFO : -8.358 per-word bound, 328.2 perplexity estimate based on a held-out corpus of 1067 documents with 1256157 words
2018-08-28 04:52:48,328 : INFO : PROGRESS: pass 39, at document #1067/1067
2018-08-28 04:52:50,640 : INFO : topic #11 (0.050): 0.004*"pip" + 0.004*"year" + 0.004*"boomer" + 0.004*"card" + 0.003*"student" + 0.003*"loan" + 0.002*"generation" + 0.002*"old" + 0.002*"make" + 0.002*"one"
2018-08-28 04:52:50,642 : INFO : topic #1 (0.050): 0.043*"link" + 0.008*"chainlink" + 0.007*"token" + 0.007*"would" + 0.007*"price" + 0.007*"swift" + 0.006*"node" + 0.006*"like" + 0.006*"make" + 0.006*"get"
2018-08-28 04:52:50,643 : INFO : topic #6 (0.050): 0.011*"wallet" + 0.007*"contract" + 0.006*"get" + 0.005*"use" + 0.005*"key" + 0.005*"address" + 0.005*"like" + 0.005*"one" + 0.004*"private" + 0.004*"people"
2018-08-28 04:52:50,645 : INFO : topic #9 (0.050): 0.023*"btc" + 0.018*"bch" + 0.018*"bitcoin" + 0.007*"people" + 0.006*"like" + 0.006*"would" + 0.006*"going" + 0.005*"transaction" + 0.005*"get" + 0.005*"time"
2018-08-28 04:52:50,647 : INFO : topic #4 (0.050): 0.000*"devestating" + 0.000*"giddy" + 0.000*"like" + 0.000*"get" + 0.000*"people" + 0.000*"im" + 0.000*"buy" + 0.000*"would" + 0.000*"want" + 0.000*"link"
2018-08-28 04:52:50,649 : INFO : topic diff=0.011595, rho=0.156174
2018-08-28 04:52:55,557 : INFO : -8.357 per-word bound, 328.0 perplexity estimate based on a held-out corpus of 1067 documents with 1256157 words
2018-08-28 04:52:55,559 : INFO : PROGRESS: pass 40, at document #1067/1067
2018-08-28 04:52:58,320 : INFO : topic #17 (0.050): 0.010*"eth" + 0.009*"people" + 0.007*"cp" + 0.006*"child" + 0.006*"like" + 0.006*"fucking" + 0.005*"shit" + 0.005*"ethereum" + 0.004*"he" + 0.004*"vitalik"
2018-08-28 04:52:58,322 : INFO : topic #11 (0.050): 0.004*"pip" + 0.004*"year" + 0.004*"boomer" + 0.004*"card" + 0.003*"student" + 0.003*"loan" + 0.002*"generation" + 0.002*"old" + 0.002*"make" + 0.002*"pokemon"
2018-08-28 04:52:58,324 : INFO : topic #8 (0.050): 0.011*"like" + 0.008*"get" + 0.008*"car" + 0.007*"people" + 0.006*"im" + 0.006*"fucking" + 0.005*"make" + 0.005*"want" + 0.005*"shit" + 0.005*"one"
2018-08-28 04:52:58,325 : INFO : topic #6 (0.050): 0.011*"wallet" + 0.007*"contract" + 0.006*"get" + 0.005*"use" + 0.005*"key" + 0.005*"address" + 0.005*"like" + 0.005*"one" + 0.004*"private" + 0.004*"people"
2018-08-28 04:52:58,327 : INFO : topic #10 (0.050): 0.012*"buy" + 0.011*"coin" + 0.009*"im" + 0.008*"like" + 0.008*"get" + 0.007*"going" + 0.007*"fucking" + 0.006*"sell" + 0.006*"go" + 0.005*"shit"
2018-08-28 04:52:58,329 : INFO : topic diff=0.011230, rho=0.154303
2018-08-28 04:53:03,145 : INFO : -8.357 per-word bound, 327.8 perplexity estimate based on a held-out corpus of 1067 documents with 1256157 words
2018-08-28 04:53:03,146 : INFO : PROGRESS: pass 41, at document #1067/1067
2018-08-28 04:53:05,429 : INFO : topic #13 (0.050): 0.010*"pbc" + 0.009*"fake" + 0.008*"dash" + 0.007*"pick" + 0.006*"group" + 0.006*"teeka" + 0.005*"leak" + 0.005*"subscriber" + 0.004*"pot" + 0.004*"dnt"
2018-08-28 04:53:05,431 : INFO : topic #9 (0.050): 0.023*"btc" + 0.018*"bch" + 0.018*"bitcoin" + 0.007*"people" + 0.006*"like" + 0.006*"would" + 0.006*"going" + 0.005*"transaction" + 0.005*"get" + 0.005*"time"
2018-08-28 04:53:05,433 : INFO : topic #3 (0.050): 0.009*"like" + 0.008*"im" + 0.008*"get" + 0.007*"buy" + 0.006*"going" + 0.006*"stock" + 0.006*"money" + 0.006*"market" + 0.005*"good" + 0.005*"day"
2018-08-28 04:53:05,434 : INFO : topic #10 (0.050): 0.012*"buy" + 0.011*"coin" + 0.009*"im" + 0.008*"like" + 0.008*"get" + 0.007*"going" + 0.007*"fucking" + 0.006*"sell" + 0.006*"go" + 0.005*"shit"
2018-08-28 04:53:05,436 : INFO : topic #16 (0.050): 0.011*"btc" + 0.009*"bitcoin" + 0.006*"bch" + 0.005*"coin" + 0.005*"going" + 0.005*"like" + 0.005*"get" + 0.004*"im" + 0.004*"go" + 0.004*"people"
2018-08-28 04:53:05,438 : INFO : topic diff=0.010879, rho=0.152499
2018-08-28 04:53:10,232 : INFO : -8.356 per-word bound, 327.6 perplexity estimate based on a held-out corpus of 1067 documents with 1256157 words
2018-08-28 04:53:10,234 : INFO : PROGRESS: pass 42, at document #1067/1067
2018-08-28 04:53:12,534 : INFO : topic #18 (0.050): 0.014*"ha" + 0.012*"city" + 0.004*"live" + 0.004*"place" + 0.002*"like" + 0.002*"world" + 0.002*"la" + 0.002*"great" + 0.002*"culture" + 0.002*"tokyo"
2018-08-28 04:53:12,535 : INFO : topic #5 (0.050): 0.066*"chancoin" + 0.055*"ark" + 0.012*"roll" + 0.008*"wallet" + 0.006*"delegate" + 0.005*"staking" + 0.005*"eth" + 0.005*"address" + 0.005*"rolling" + 0.005*"quad"
2018-08-28 04:53:12,537 : INFO : topic #10 (0.050): 0.012*"buy" + 0.011*"coin" + 0.009*"im" + 0.008*"like" + 0.008*"get" + 0.008*"going" + 0.007*"fucking" + 0.006*"sell" + 0.006*"go" + 0.005*"shit"
2018-08-28 04:53:12,539 : INFO : topic #4 (0.050): 0.000*"devestating" + 0.000*"giddy" + 0.000*"like" + 0.000*"get" + 0.000*"people" + 0.000*"im" + 0.000*"buy" + 0.000*"would" + 0.000*"want" + 0.000*"link"
2018-08-28 04:53:12,540 : INFO : topic #15 (0.050): 0.011*"die" + 0.007*"monero" + 0.007*"market" + 0.006*"token" + 0.006*"like" + 0.005*"coin" + 0.005*"would" + 0.004*"one" + 0.004*"get" + 0.004*"people"
2018-08-28 04:53:12,543 : INFO : topic diff=0.010557, rho=0.150756
2018-08-28 04:53:17,465 : INFO : -8.355 per-word bound, 327.4 perplexity estimate based on a held-out corpus of 1067 documents with 1256157 words
2018-08-28 04:53:17,465 : INFO : PROGRESS: pass 43, at document #1067/1067
2018-08-28 04:53:19,823 : INFO : topic #5 (0.050): 0.066*"chancoin" + 0.055*"ark" + 0.012*"roll" + 0.008*"wallet" + 0.006*"delegate" + 0.005*"staking" + 0.005*"eth" + 0.005*"address" + 0.005*"rolling" + 0.005*"quad"
2018-08-28 04:53:19,825 : INFO : topic #17 (0.050): 0.010*"eth" + 0.009*"people" + 0.007*"cp" + 0.007*"child" + 0.006*"like" + 0.006*"fucking" + 0.005*"ethereum" + 0.005*"shit" + 0.004*"he" + 0.004*"vitalik"
2018-08-28 04:53:19,827 : INFO : topic #0 (0.050): 0.012*"get" + 0.010*"like" + 0.009*"im" + 0.009*"money" + 0.008*"make" + 0.007*"want" + 0.006*"would" + 0.006*"people" + 0.006*"good" + 0.006*"year"
2018-08-28 04:53:19,828 : INFO : topic #3 (0.050): 0.009*"like" + 0.008*"im" + 0.008*"get" + 0.007*"buy" + 0.006*"going" + 0.006*"stock" + 0.006*"money" + 0.006*"market" + 0.005*"good" + 0.005*"day"
2018-08-28 04:53:19,830 : INFO : topic #19 (0.050): 0.005*"get" + 0.005*"like" + 0.004*"shit" + 0.003*"fuck" + 0.003*"trip" + 0.003*"god" + 0.003*"im" + 0.003*"buy" + 0.003*"beta" + 0.003*"guy"
2018-08-28 04:53:19,832 : INFO : topic diff=0.010238, rho=0.149071
2018-08-28 04:53:24,839 : INFO : -8.354 per-word bound, 327.3 perplexity estimate based on a held-out corpus of 1067 documents with 1256157 words
2018-08-28 04:53:24,840 : INFO : PROGRESS: pass 44, at document #1067/1067
2018-08-28 04:53:27,203 : INFO : topic #1 (0.050): 0.043*"link" + 0.009*"chainlink" + 0.008*"token" + 0.007*"would" + 0.007*"price" + 0.007*"swift" + 0.006*"node" + 0.006*"like" + 0.006*"make" + 0.005*"get"
2018-08-28 04:53:27,205 : INFO : topic #10 (0.050): 0.012*"buy" + 0.011*"coin" + 0.009*"im" + 0.008*"like" + 0.008*"get" + 0.008*"going" + 0.007*"fucking" + 0.006*"go" + 0.006*"sell" + 0.005*"shit"
2018-08-28 04:53:27,207 : INFO : topic #17 (0.050): 0.010*"eth" + 0.009*"people" + 0.007*"cp" + 0.007*"child" + 0.006*"like" + 0.006*"fucking" + 0.005*"ethereum" + 0.005*"shit" + 0.004*"he" + 0.004*"vitalik"
2018-08-28 04:53:27,208 : INFO : topic #13 (0.050): 0.011*"pbc" + 0.009*"fake" + 0.008*"dash" + 0.007*"pick" + 0.007*"group" + 0.006*"teeka" + 0.005*"leak" + 0.005*"subscriber" + 0.004*"pot" + 0.004*"dnt"
2018-08-28 04:53:27,210 : INFO : topic #9 (0.050): 0.023*"btc" + 0.018*"bch" + 0.018*"bitcoin" + 0.007*"people" + 0.006*"like" + 0.006*"would" + 0.006*"going" + 0.005*"transaction" + 0.005*"get" + 0.005*"time"
2018-08-28 04:53:27,212 : INFO : topic diff=0.009949, rho=0.147442
2018-08-28 04:53:32,048 : INFO : -8.354 per-word bound, 327.1 perplexity estimate based on a held-out corpus of 1067 documents with 1256157 words
2018-08-28 04:53:32,049 : INFO : PROGRESS: pass 45, at document #1067/1067
2018-08-28 04:53:34,312 : INFO : topic #10 (0.050): 0.012*"buy" + 0.011*"coin" + 0.009*"im" + 0.008*"like" + 0.008*"get" + 0.008*"going" + 0.007*"fucking" + 0.006*"go" + 0.006*"sell" + 0.005*"shit"
2018-08-28 04:53:34,314 : INFO : topic #6 (0.050): 0.012*"wallet" + 0.007*"contract" + 0.006*"get" + 0.006*"use" + 0.005*"key" + 0.005*"address" + 0.005*"like" + 0.005*"one" + 0.004*"private" + 0.004*"blockchain"
2018-08-28 04:53:34,316 : INFO : topic #0 (0.050): 0.012*"get" + 0.010*"like" + 0.009*"im" + 0.009*"money" + 0.008*"make" + 0.007*"want" + 0.006*"would" + 0.006*"people" + 0.006*"good" + 0.006*"year"
2018-08-28 04:53:34,319 : INFO : topic #17 (0.050): 0.010*"eth" + 0.009*"people" + 0.007*"cp" + 0.007*"child" + 0.006*"fucking" + 0.006*"like" + 0.005*"ethereum" + 0.005*"shit" + 0.004*"he" + 0.004*"vitalik"
2018-08-28 04:53:34,320 : INFO : topic #15 (0.050): 0.012*"die" + 0.008*"monero" + 0.007*"market" + 0.006*"token" + 0.006*"like" + 0.005*"coin" + 0.005*"would" + 0.004*"one" + 0.004*"get" + 0.004*"people"
2018-08-28 04:53:34,322 : INFO : topic diff=0.009670, rho=0.145865
2018-08-28 04:53:39,119 : INFO : -8.353 per-word bound, 326.9 perplexity estimate based on a held-out corpus of 1067 documents with 1256157 words
2018-08-28 04:53:39,119 : INFO : PROGRESS: pass 46, at document #1067/1067
2018-08-28 04:53:41,459 : INFO : topic #4 (0.050): 0.000*"devestating" + 0.000*"giddy" + 0.000*"like" + 0.000*"get" + 0.000*"people" + 0.000*"im" + 0.000*"buy" + 0.000*"would" + 0.000*"want" + 0.000*"link"
2018-08-28 04:53:41,461 : INFO : topic #5 (0.050): 0.067*"chancoin" + 0.056*"ark" + 0.013*"roll" + 0.008*"wallet" + 0.006*"delegate" + 0.005*"staking" + 0.005*"rolling" + 0.005*"address" + 0.005*"quad" + 0.005*"eth"
2018-08-28 04:53:41,464 : INFO : topic #13 (0.050): 0.011*"pbc" + 0.009*"fake" + 0.008*"dash" + 0.007*"pick" + 0.007*"group" + 0.006*"teeka" + 0.005*"leak" + 0.005*"subscriber" + 0.004*"pot" + 0.004*"dnt"
2018-08-28 04:53:41,466 : INFO : topic #15 (0.050): 0.012*"die" + 0.008*"monero" + 0.007*"market" + 0.006*"token" + 0.006*"like" + 0.005*"coin" + 0.005*"would" + 0.004*"one" + 0.004*"get" + 0.004*"people"
2018-08-28 04:53:41,467 : INFO : topic #12 (0.050): 0.015*"iota" + 0.009*"future" + 0.008*"slr" + 0.006*"teeka" + 0.006*"mit" + 0.005*"contract" + 0.005*"pbc" + 0.004*"pick" + 0.003*"powr" + 0.003*"solar"
2018-08-28 04:53:41,470 : INFO : topic diff=0.009405, rho=0.144338
2018-08-28 04:53:46,309 : INFO : -8.352 per-word bound, 326.8 perplexity estimate based on a held-out corpus of 1067 documents with 1256157 words
2018-08-28 04:53:46,310 : INFO : PROGRESS: pass 47, at document #1067/1067
2018-08-28 04:53:48,605 : INFO : topic #2 (0.050): 0.001*"style" + 0.001*"pleb" + 0.001*"placeholder" + 0.001*"regulation" + 0.001*"taste" + 0.001*"porsches" + 0.001*"golix" + 0.001*"911" + 0.001*"guarantee" + 0.001*"countach"
2018-08-28 04:53:48,607 : INFO : topic #11 (0.050): 0.005*"pip" + 0.004*"boomer" + 0.004*"card" + 0.004*"year" + 0.003*"student" + 0.003*"loan" + 0.002*"generation" + 0.002*"old" + 0.002*"pokemon" + 0.001*"debt"
2018-08-28 04:53:48,608 : INFO : topic #7 (0.050): 0.006*"get" + 0.006*"like" + 0.005*"even" + 0.005*"make" + 0.005*"would" + 0.005*"one" + 0.004*"go" + 0.004*"know" + 0.004*"im" + 0.004*"fucking"
2018-08-28 04:53:48,610 : INFO : topic #9 (0.050): 0.023*"btc" + 0.018*"bch" + 0.018*"bitcoin" + 0.007*"people" + 0.006*"like" + 0.006*"would" + 0.006*"going" + 0.005*"transaction" + 0.005*"get" + 0.005*"time"
2018-08-28 04:53:48,612 : INFO : topic #13 (0.050): 0.011*"pbc" + 0.009*"fake" + 0.008*"dash" + 0.008*"pick" + 0.007*"group" + 0.006*"teeka" + 0.005*"leak" + 0.005*"subscriber" + 0.004*"pot" + 0.004*"dnt"
2018-08-28 04:53:48,614 : INFO : topic diff=0.009150, rho=0.142857
2018-08-28 04:53:53,419 : INFO : -8.352 per-word bound, 326.6 perplexity estimate based on a held-out corpus of 1067 documents with 1256157 words
2018-08-28 04:53:53,420 : INFO : PROGRESS: pass 48, at document #1067/1067
2018-08-28 04:53:55,651 : INFO : topic #3 (0.050): 0.009*"like" + 0.008*"im" + 0.008*"get" + 0.007*"buy" + 0.006*"stock" + 0.006*"going" + 0.006*"money" + 0.006*"market" + 0.005*"good" + 0.005*"day"
2018-08-28 04:53:55,653 : INFO : topic #13 (0.050): 0.011*"pbc" + 0.009*"fake" + 0.008*"dash" + 0.008*"pick" + 0.007*"group" + 0.007*"teeka" + 0.005*"leak" + 0.005*"subscriber" + 0.004*"pot" + 0.004*"dnt"
2018-08-28 04:53:55,655 : INFO : topic #12 (0.050): 0.015*"iota" + 0.009*"future" + 0.008*"slr" + 0.006*"teeka" + 0.006*"mit" + 0.005*"contract" + 0.005*"pbc" + 0.004*"pick" + 0.004*"powr" + 0.003*"solar"
2018-08-28 04:53:55,658 : INFO : topic #4 (0.050): 0.000*"devestating" + 0.000*"giddy" + 0.000*"like" + 0.000*"get" + 0.000*"people" + 0.000*"im" + 0.000*"buy" + 0.000*"would" + 0.000*"want" + 0.000*"link"
2018-08-28 04:53:55,659 : INFO : topic #15 (0.050): 0.012*"die" + 0.008*"monero" + 0.007*"market" + 0.006*"token" + 0.005*"like" + 0.005*"coin" + 0.005*"would" + 0.004*"one" + 0.004*"get" + 0.004*"use"
2018-08-28 04:53:55,661 : INFO : topic diff=0.008910, rho=0.141421
2018-08-28 04:54:00,316 : INFO : -8.351 per-word bound, 326.5 perplexity estimate based on a held-out corpus of 1067 documents with 1256157 words
2018-08-28 04:54:00,316 : INFO : PROGRESS: pass 49, at document #1067/1067
2018-08-28 04:54:02,556 : INFO : topic #10 (0.050): 0.012*"buy" + 0.011*"coin" + 0.009*"im" + 0.008*"like" + 0.008*"get" + 0.008*"going" + 0.007*"fucking" + 0.006*"go" + 0.006*"sell" + 0.005*"shit"
2018-08-28 04:54:02,558 : INFO : topic #5 (0.050): 0.067*"chancoin" + 0.056*"ark" + 0.013*"roll" + 0.008*"wallet" + 0.006*"delegate" + 0.005*"staking" + 0.005*"rolling" + 0.005*"address" + 0.005*"quad" + 0.005*"arkies"
2018-08-28 04:54:02,560 : INFO : topic #14 (0.050): 0.011*"tether" + 0.011*"tax" + 0.009*"crypto" + 0.008*"btc" + 0.008*"money" + 0.007*"get" + 0.007*"exchange" + 0.006*"like" + 0.006*"trade" + 0.006*"gain"
2018-08-28 04:54:02,562 : INFO : topic #8 (0.050): 0.010*"like" + 0.008*"car" + 0.008*"get" + 0.007*"people" + 0.006*"im" + 0.006*"fucking" + 0.005*"make" + 0.005*"want" + 0.005*"shit" + 0.005*"one"
2018-08-28 04:54:02,564 : INFO : topic #0 (0.050): 0.012*"get" + 0.010*"like" + 0.009*"im" + 0.009*"money" + 0.008*"make" + 0.007*"want" + 0.006*"would" + 0.006*"people" + 0.006*"good" + 0.006*"year"
2018-08-28 04:54:02,566 : INFO : topic diff=0.008681, rho=0.140028
2018-08-28 04:54:07,194 : INFO : -8.350 per-word bound, 326.4 perplexity estimate based on a held-out corpus of 1067 documents with 1256157 words
2018-08-28 04:54:07,194 : INFO : PROGRESS: pass 50, at document #1067/1067
2018-08-28 04:54:09,484 : INFO : topic #11 (0.050): 0.005*"pip" + 0.004*"boomer" + 0.004*"card" + 0.003*"year" + 0.003*"student" + 0.003*"loan" + 0.002*"generation" + 0.002*"pokemon" + 0.002*"old" + 0.001*"racist"
2018-08-28 04:54:09,486 : INFO : topic #16 (0.050): 0.010*"btc" + 0.008*"bitcoin" + 0.005*"coin" + 0.005*"bch" + 0.005*"going" + 0.005*"like" + 0.004*"get" + 0.004*"im" + 0.004*"go" + 0.004*"shit"
2018-08-28 04:54:09,488 : INFO : topic #0 (0.050): 0.012*"get" + 0.010*"like" + 0.009*"im" + 0.009*"money" + 0.008*"make" + 0.007*"want" + 0.006*"would" + 0.006*"people" + 0.006*"good" + 0.006*"year"
2018-08-28 04:54:09,490 : INFO : topic #12 (0.050): 0.015*"iota" + 0.009*"future" + 0.008*"slr" + 0.006*"teeka" + 0.006*"mit" + 0.005*"contract" + 0.005*"pbc" + 0.004*"pick" + 0.004*"powr" + 0.003*"solar"
2018-08-28 04:54:09,491 : INFO : topic #14 (0.050): 0.011*"tether" + 0.011*"tax" + 0.009*"crypto" + 0.008*"btc" + 0.008*"money" + 0.007*"get" + 0.007*"exchange" + 0.006*"like" + 0.006*"trade" + 0.006*"gain"
2018-08-28 04:54:09,493 : INFO : topic diff=0.008459, rho=0.138675
2018-08-28 04:54:14,139 : INFO : -8.350 per-word bound, 326.2 perplexity estimate based on a held-out corpus of 1067 documents with 1256157 words
2018-08-28 04:54:14,140 : INFO : PROGRESS: pass 51, at document #1067/1067
2018-08-28 04:54:16,466 : INFO : topic #0 (0.050): 0.012*"get" + 0.010*"like" + 0.009*"im" + 0.009*"money" + 0.008*"make" + 0.007*"want" + 0.006*"would" + 0.006*"people" + 0.006*"good" + 0.006*"year"
2018-08-28 04:54:16,468 : INFO : topic #4 (0.050): 0.000*"devestating" + 0.000*"giddy" + 0.000*"like" + 0.000*"get" + 0.000*"people" + 0.000*"im" + 0.000*"buy" + 0.000*"would" + 0.000*"want" + 0.000*"link"
2018-08-28 04:54:16,469 : INFO : topic #18 (0.050): 0.015*"ha" + 0.012*"city" + 0.004*"live" + 0.004*"place" + 0.002*"la" + 0.002*"world" + 0.002*"great" + 0.002*"culture" + 0.002*"tokyo" + 0.002*"like"
2018-08-28 04:54:16,471 : INFO : topic #12 (0.050): 0.015*"iota" + 0.009*"future" + 0.008*"slr" + 0.006*"teeka" + 0.006*"mit" + 0.005*"contract" + 0.005*"pbc" + 0.004*"pick" + 0.004*"powr" + 0.003*"solar"
2018-08-28 04:54:16,473 : INFO : topic #9 (0.050): 0.023*"btc" + 0.018*"bch" + 0.018*"bitcoin" + 0.007*"people" + 0.006*"like" + 0.006*"would" + 0.006*"going" + 0.005*"transaction" + 0.005*"get" + 0.005*"time"
2018-08-28 04:54:16,475 : INFO : topic diff=0.008248, rho=0.137361
2018-08-28 04:54:21,144 : INFO : -8.349 per-word bound, 326.1 perplexity estimate based on a held-out corpus of 1067 documents with 1256157 words
2018-08-28 04:54:21,145 : INFO : PROGRESS: pass 52, at document #1067/1067
2018-08-28 04:54:23,402 : INFO : topic #1 (0.050): 0.044*"link" + 0.009*"chainlink" + 0.008*"token" + 0.007*"would" + 0.007*"price" + 0.007*"swift" + 0.006*"node" + 0.006*"like" + 0.006*"make" + 0.005*"smart"
2018-08-28 04:54:23,407 : INFO : topic #16 (0.050): 0.010*"btc" + 0.008*"bitcoin" + 0.005*"coin" + 0.005*"bch" + 0.004*"going" + 0.004*"like" + 0.004*"get" + 0.004*"im" + 0.004*"go" + 0.004*"shit"
2018-08-28 04:54:23,409 : INFO : topic #17 (0.050): 0.011*"eth" + 0.009*"people" + 0.007*"cp" + 0.007*"child" + 0.006*"fucking" + 0.006*"like" + 0.005*"ethereum" + 0.005*"he" + 0.005*"vitalik" + 0.005*"shit"
2018-08-28 04:54:23,410 : INFO : topic #14 (0.050): 0.012*"tether" + 0.011*"tax" + 0.009*"crypto" + 0.008*"btc" + 0.008*"money" + 0.007*"exchange" + 0.007*"get" + 0.006*"like" + 0.006*"trade" + 0.006*"gain"
2018-08-28 04:54:23,412 : INFO : topic #6 (0.050): 0.013*"wallet" + 0.007*"contract" + 0.006*"get" + 0.006*"key" + 0.006*"use" + 0.006*"address" + 0.005*"like" + 0.005*"private" + 0.005*"one" + 0.004*"blockchain"
2018-08-28 04:54:23,414 : INFO : topic diff=0.008049, rho=0.136083
2018-08-28 04:54:28,131 : INFO : -8.349 per-word bound, 326.0 perplexity estimate based on a held-out corpus of 1067 documents with 1256157 words
2018-08-28 04:54:28,132 : INFO : PROGRESS: pass 53, at document #1067/1067
2018-08-28 04:54:30,318 : INFO : topic #6 (0.050): 0.013*"wallet" + 0.007*"contract" + 0.006*"get" + 0.006*"key" + 0.006*"use" + 0.006*"address" + 0.005*"like" + 0.005*"private" + 0.005*"one" + 0.004*"blockchain"
2018-08-28 04:54:30,319 : INFO : topic #7 (0.050): 0.006*"like" + 0.006*"get" + 0.005*"even" + 0.005*"make" + 0.005*"would" + 0.005*"one" + 0.004*"know" + 0.004*"go" + 0.004*"fucking" + 0.004*"im"
2018-08-28 04:54:30,322 : INFO : topic #13 (0.050): 0.011*"pbc" + 0.009*"fake" + 0.008*"dash" + 0.008*"pick" + 0.007*"group" + 0.007*"teeka" + 0.005*"leak" + 0.005*"subscriber" + 0.005*"pot" + 0.005*"slr"
2018-08-28 04:54:30,324 : INFO : topic #0 (0.050): 0.012*"get" + 0.010*"like" + 0.009*"im" + 0.009*"money" + 0.008*"make" + 0.007*"want" + 0.006*"would" + 0.006*"people" + 0.006*"good" + 0.006*"year"
2018-08-28 04:54:30,325 : INFO : topic #8 (0.050): 0.010*"like" + 0.008*"car" + 0.008*"get" + 0.007*"people" + 0.006*"im" + 0.006*"fucking" + 0.005*"make" + 0.005*"shit" + 0.005*"want" + 0.005*"one"
2018-08-28 04:54:30,327 : INFO : topic diff=0.007852, rho=0.134840
2018-08-28 04:54:34,831 : INFO : -8.348 per-word bound, 325.8 perplexity estimate based on a held-out corpus of 1067 documents with 1256157 words
2018-08-28 04:54:34,831 : INFO : PROGRESS: pass 54, at document #1067/1067
2018-08-28 04:54:37,037 : INFO : topic #15 (0.050): 0.012*"die" + 0.008*"monero" + 0.007*"market" + 0.006*"token" + 0.005*"like" + 0.005*"coin" + 0.005*"would" + 0.004*"one" + 0.004*"get" + 0.004*"use"
2018-08-28 04:54:37,039 : INFO : topic #18 (0.050): 0.015*"ha" + 0.012*"city" + 0.004*"place" + 0.004*"live" + 0.002*"la" + 0.002*"great" + 0.002*"world" + 0.002*"culture" + 0.002*"tokyo" + 0.002*"london"
2018-08-28 04:54:37,040 : INFO : topic #1 (0.050): 0.044*"link" + 0.009*"chainlink" + 0.008*"token" + 0.007*"would" + 0.007*"price" + 0.007*"swift" + 0.006*"node" + 0.006*"like" + 0.006*"make" + 0.005*"smart"
2018-08-28 04:54:37,042 : INFO : topic #0 (0.050): 0.012*"get" + 0.010*"like" + 0.009*"im" + 0.009*"money" + 0.008*"make" + 0.007*"want" + 0.006*"would" + 0.006*"people" + 0.006*"good" + 0.006*"year"
2018-08-28 04:54:37,044 : INFO : topic #12 (0.050): 0.016*"iota" + 0.009*"future" + 0.008*"slr" + 0.006*"teeka" + 0.006*"mit" + 0.006*"contract" + 0.005*"pbc" + 0.004*"pick" + 0.004*"powr" + 0.003*"solar"
2018-08-28 04:54:37,046 : INFO : topic diff=0.007665, rho=0.133631
2018-08-28 04:54:41,737 : INFO : -8.347 per-word bound, 325.7 perplexity estimate based on a held-out corpus of 1067 documents with 1256157 words
2018-08-28 04:54:41,738 : INFO : PROGRESS: pass 55, at document #1067/1067
2018-08-28 04:54:43,979 : INFO : topic #4 (0.050): 0.000*"devestating" + 0.000*"giddy" + 0.000*"like" + 0.000*"get" + 0.000*"people" + 0.000*"im" + 0.000*"buy" + 0.000*"would" + 0.000*"want" + 0.000*"link"
2018-08-28 04:54:43,981 : INFO : topic #6 (0.050): 0.013*"wallet" + 0.007*"contract" + 0.006*"get" + 0.006*"key" + 0.006*"address" + 0.006*"use" + 0.005*"private" + 0.005*"like" + 0.005*"one" + 0.004*"blockchain"
2018-08-28 04:54:43,982 : INFO : topic #15 (0.050): 0.012*"die" + 0.008*"monero" + 0.007*"market" + 0.006*"token" + 0.005*"like" + 0.005*"coin" + 0.005*"would" + 0.004*"one" + 0.004*"use" + 0.004*"get"
2018-08-28 04:54:43,984 : INFO : topic #3 (0.050): 0.009*"like" + 0.008*"im" + 0.008*"get" + 0.007*"buy" + 0.006*"stock" + 0.006*"going" + 0.006*"money" + 0.006*"market" + 0.005*"good" + 0.005*"day"
2018-08-28 04:54:43,986 : INFO : topic #9 (0.050): 0.023*"btc" + 0.018*"bch" + 0.018*"bitcoin" + 0.007*"people" + 0.006*"like" + 0.006*"would" + 0.006*"going" + 0.005*"transaction" + 0.005*"get" + 0.005*"time"
2018-08-28 04:54:43,988 : INFO : topic diff=0.007491, rho=0.132453
2018-08-28 04:54:48,660 : INFO : -8.347 per-word bound, 325.6 perplexity estimate based on a held-out corpus of 1067 documents with 1256157 words
2018-08-28 04:54:48,661 : INFO : PROGRESS: pass 56, at document #1067/1067
2018-08-28 04:54:50,895 : INFO : topic #3 (0.050): 0.009*"like" + 0.008*"im" + 0.008*"get" + 0.007*"buy" + 0.006*"stock" + 0.006*"going" + 0.006*"money" + 0.006*"market" + 0.005*"good" + 0.005*"day"
2018-08-28 04:54:50,897 : INFO : topic #18 (0.050): 0.015*"ha" + 0.012*"city" + 0.004*"place" + 0.004*"live" + 0.002*"la" + 0.002*"great" + 0.002*"world" + 0.002*"culture" + 0.002*"tokyo" + 0.002*"london"
2018-08-28 04:54:50,899 : INFO : topic #4 (0.050): 0.000*"devestating" + 0.000*"giddy" + 0.000*"like" + 0.000*"get" + 0.000*"people" + 0.000*"im" + 0.000*"buy" + 0.000*"would" + 0.000*"want" + 0.000*"link"
2018-08-28 04:54:50,900 : INFO : topic #8 (0.050): 0.010*"like" + 0.008*"car" + 0.008*"get" + 0.007*"people" + 0.006*"im" + 0.006*"fucking" + 0.005*"make" + 0.005*"shit" + 0.005*"want" + 0.005*"one"
2018-08-28 04:54:50,902 : INFO : topic #11 (0.050): 0.005*"pip" + 0.004*"boomer" + 0.004*"card" + 0.003*"year" + 0.003*"student" + 0.003*"loan" + 0.002*"generation" + 0.002*"pokemon" + 0.002*"old" + 0.001*"racist"
2018-08-28 04:54:50,905 : INFO : topic diff=0.007317, rho=0.131306
2018-08-28 04:54:55,647 : INFO : -8.346 per-word bound, 325.5 perplexity estimate based on a held-out corpus of 1067 documents with 1256157 words
2018-08-28 04:54:55,647 : INFO : PROGRESS: pass 57, at document #1067/1067
2018-08-28 04:54:57,877 : INFO : topic #8 (0.050): 0.010*"like" + 0.008*"car" + 0.008*"get" + 0.007*"people" + 0.006*"im" + 0.006*"fucking" + 0.005*"make" + 0.005*"shit" + 0.005*"want" + 0.005*"one"
2018-08-28 04:54:57,879 : INFO : topic #4 (0.050): 0.000*"devestating" + 0.000*"giddy" + 0.000*"like" + 0.000*"get" + 0.000*"people" + 0.000*"im" + 0.000*"buy" + 0.000*"would" + 0.000*"want" + 0.000*"link"
2018-08-28 04:54:57,881 : INFO : topic #14 (0.050): 0.012*"tether" + 0.011*"tax" + 0.009*"crypto" + 0.008*"btc" + 0.008*"money" + 0.007*"exchange" + 0.007*"get" + 0.006*"like" + 0.006*"trade" + 0.006*"gain"
2018-08-28 04:54:57,882 : INFO : topic #12 (0.050): 0.016*"iota" + 0.009*"future" + 0.008*"slr" + 0.006*"teeka" + 0.006*"mit" + 0.006*"contract" + 0.005*"pbc" + 0.004*"pick" + 0.004*"powr" + 0.004*"solar"
2018-08-28 04:54:57,884 : INFO : topic #3 (0.050): 0.009*"like" + 0.008*"im" + 0.008*"get" + 0.007*"buy" + 0.006*"stock" + 0.006*"going" + 0.006*"money" + 0.006*"market" + 0.005*"good" + 0.005*"day"
2018-08-28 04:54:57,886 : INFO : topic diff=0.007153, rho=0.130189
2018-08-28 04:55:02,542 : INFO : -8.346 per-word bound, 325.4 perplexity estimate based on a held-out corpus of 1067 documents with 1256157 words
2018-08-28 04:55:02,543 : INFO : PROGRESS: pass 58, at document #1067/1067
2018-08-28 04:55:04,762 : INFO : topic #10 (0.050): 0.012*"buy" + 0.011*"coin" + 0.009*"im" + 0.008*"like" + 0.008*"get" + 0.008*"going" + 0.007*"fucking" + 0.006*"go" + 0.006*"sell" + 0.005*"shit"
2018-08-28 04:55:04,764 : INFO : topic #19 (0.050): 0.004*"like" + 0.004*"get" + 0.003*"trip" + 0.003*"shit" + 0.003*"god" + 0.003*"beta" + 0.003*"guy" + 0.003*"fuck" + 0.002*"post" + 0.002*"buy"
2018-08-28 04:55:04,766 : INFO : topic #13 (0.050): 0.012*"pbc" + 0.009*"fake" + 0.008*"pick" + 0.008*"dash" + 0.007*"group" + 0.007*"teeka" + 0.005*"leak" + 0.005*"subscriber" + 0.005*"slr" + 0.005*"pot"
2018-08-28 04:55:04,768 : INFO : topic #18 (0.050): 0.015*"ha" + 0.012*"city" + 0.004*"place" + 0.004*"live" + 0.002*"la" + 0.002*"great" + 0.002*"world" + 0.002*"culture" + 0.002*"tokyo" + 0.002*"london"
2018-08-28 04:55:04,769 : INFO : topic #12 (0.050): 0.016*"iota" + 0.009*"future" + 0.008*"slr" + 0.006*"teeka" + 0.006*"mit" + 0.006*"contract" + 0.005*"pbc" + 0.004*"pick" + 0.004*"powr" + 0.004*"solar"
2018-08-28 04:55:04,772 : INFO : topic diff=0.006994, rho=0.129099
2018-08-28 04:55:09,458 : INFO : -8.345 per-word bound, 325.3 perplexity estimate based on a held-out corpus of 1067 documents with 1256157 words
2018-08-28 04:55:09,458 : INFO : PROGRESS: pass 59, at document #1067/1067
2018-08-28 04:55:11,779 : INFO : topic #14 (0.050): 0.012*"tether" + 0.011*"tax" + 0.009*"crypto" + 0.008*"btc" + 0.008*"money" + 0.007*"exchange" + 0.007*"get" + 0.006*"like" + 0.006*"trade" + 0.006*"gain"
2018-08-28 04:55:11,781 : INFO : topic #17 (0.050): 0.011*"eth" + 0.009*"people" + 0.007*"cp" + 0.007*"child" + 0.006*"fucking" + 0.006*"like" + 0.005*"ethereum" + 0.005*"vitalik" + 0.005*"he" + 0.004*"shit"
2018-08-28 04:55:11,783 : INFO : topic #12 (0.050): 0.016*"iota" + 0.009*"future" + 0.008*"slr" + 0.006*"teeka" + 0.006*"mit" + 0.006*"contract" + 0.005*"pbc" + 0.004*"pick" + 0.004*"powr" + 0.004*"solar"
2018-08-28 04:55:11,784 : INFO : topic #8 (0.050): 0.010*"like" + 0.009*"car" + 0.008*"get" + 0.006*"people" + 0.006*"fucking" + 0.006*"im" + 0.005*"make" + 0.005*"shit" + 0.005*"want" + 0.005*"one"
2018-08-28 04:55:11,785 : INFO : topic #5 (0.050): 0.069*"chancoin" + 0.058*"ark" + 0.014*"roll" + 0.008*"wallet" + 0.006*"delegate" + 0.005*"rolling" + 0.005*"quad" + 0.005*"staking" + 0.005*"address" + 0.005*"arkies"
2018-08-28 04:55:11,788 : INFO : topic diff=0.006842, rho=0.128037
2018-08-28 04:55:16,684 : INFO : -8.345 per-word bound, 325.1 perplexity estimate based on a held-out corpus of 1067 documents with 1256157 words
2018-08-28 04:55:16,685 : INFO : PROGRESS: pass 60, at document #1067/1067
2018-08-28 04:55:19,016 : INFO : topic #0 (0.050): 0.012*"get" + 0.010*"like" + 0.009*"im" + 0.009*"money" + 0.008*"make" + 0.007*"want" + 0.006*"would" + 0.006*"people" + 0.006*"good" + 0.006*"year"
2018-08-28 04:55:19,018 : INFO : topic #13 (0.050): 0.012*"pbc" + 0.009*"fake" + 0.008*"pick" + 0.008*"dash" + 0.007*"group" + 0.007*"teeka" + 0.005*"leak" + 0.005*"subscriber" + 0.005*"slr" + 0.005*"pot"
2018-08-28 04:55:19,019 : INFO : topic #7 (0.050): 0.006*"like" + 0.006*"get" + 0.005*"even" + 0.005*"make" + 0.005*"would" + 0.005*"one" + 0.004*"know" + 0.004*"go" + 0.004*"fucking" + 0.004*"shit"
2018-08-28 04:55:19,021 : INFO : topic #18 (0.050): 0.015*"ha" + 0.012*"city" + 0.004*"place" + 0.003*"live" + 0.002*"la" + 0.002*"great" + 0.002*"world" + 0.002*"culture" + 0.002*"tokyo" + 0.002*"london"
2018-08-28 04:55:19,023 : INFO : topic #14 (0.050): 0.012*"tether" + 0.012*"tax" + 0.009*"crypto" + 0.008*"btc" + 0.008*"money" + 0.007*"exchange" + 0.007*"get" + 0.006*"like" + 0.006*"trade" + 0.006*"gain"
2018-08-28 04:55:19,025 : INFO : topic diff=0.006696, rho=0.127000
2018-08-28 04:55:23,992 : INFO : -8.344 per-word bound, 325.0 perplexity estimate based on a held-out corpus of 1067 documents with 1256157 words
2018-08-28 04:55:23,995 : INFO : PROGRESS: pass 61, at document #1067/1067
2018-08-28 04:55:26,384 : INFO : topic #11 (0.050): 0.005*"pip" + 0.004*"boomer" + 0.004*"card" + 0.003*"student" + 0.003*"year" + 0.003*"loan" + 0.002*"generation" + 0.002*"pokemon" + 0.002*"old" + 0.002*"racist"
2018-08-28 04:55:26,386 : INFO : topic #14 (0.050): 0.012*"tether" + 0.012*"tax" + 0.009*"crypto" + 0.008*"btc" + 0.008*"money" + 0.007*"exchange" + 0.007*"get" + 0.006*"like" + 0.006*"trade" + 0.006*"gain"
2018-08-28 04:55:26,387 : INFO : topic #10 (0.050): 0.011*"buy" + 0.011*"coin" + 0.009*"im" + 0.008*"like" + 0.008*"get" + 0.008*"going" + 0.007*"fucking" + 0.006*"go" + 0.006*"sell" + 0.005*"shit"
2018-08-28 04:55:26,389 : INFO : topic #18 (0.050): 0.015*"ha" + 0.012*"city" + 0.004*"place" + 0.003*"live" + 0.002*"la" + 0.002*"great" + 0.002*"world" + 0.002*"culture" + 0.002*"tokyo" + 0.002*"london"
2018-08-28 04:55:26,391 : INFO : topic #12 (0.050): 0.016*"iota" + 0.010*"future" + 0.009*"slr" + 0.006*"mit" + 0.006*"teeka" + 0.006*"contract" + 0.005*"pbc" + 0.004*"pick" + 0.004*"powr" + 0.004*"solar"
2018-08-28 04:55:26,393 : INFO : topic diff=0.006555, rho=0.125988
2018-08-28 04:55:31,232 : INFO : -8.344 per-word bound, 324.9 perplexity estimate based on a held-out corpus of 1067 documents with 1256157 words
2018-08-28 04:55:31,233 : INFO : PROGRESS: pass 62, at document #1067/1067
2018-08-28 04:55:33,533 : INFO : topic #8 (0.050): 0.010*"like" + 0.009*"car" + 0.008*"get" + 0.006*"people" + 0.006*"fucking" + 0.005*"im" + 0.005*"shit" + 0.005*"make" + 0.005*"want" + 0.004*"one"
2018-08-28 04:55:33,535 : INFO : topic #0 (0.050): 0.012*"get" + 0.010*"like" + 0.009*"im" + 0.009*"money" + 0.008*"make" + 0.007*"want" + 0.006*"would" + 0.006*"people" + 0.006*"good" + 0.006*"year"
2018-08-28 04:55:33,536 : INFO : topic #7 (0.050): 0.006*"like" + 0.006*"get" + 0.005*"even" + 0.005*"make" + 0.005*"would" + 0.005*"one" + 0.004*"know" + 0.004*"go" + 0.004*"req" + 0.004*"fucking"
2018-08-28 04:55:33,538 : INFO : topic #15 (0.050): 0.013*"die" + 0.008*"monero" + 0.007*"market" + 0.006*"token" + 0.005*"coin" + 0.005*"like" + 0.005*"would" + 0.004*"one" + 0.004*"use" + 0.004*"rcn"
2018-08-28 04:55:33,539 : INFO : topic #10 (0.050): 0.011*"buy" + 0.011*"coin" + 0.009*"im" + 0.008*"like" + 0.008*"get" + 0.008*"going" + 0.007*"fucking" + 0.006*"go" + 0.006*"sell" + 0.005*"shit"
2018-08-28 04:55:33,541 : INFO : topic diff=0.006419, rho=0.125000
2018-08-28 04:55:38,308 : INFO : -8.344 per-word bound, 324.8 perplexity estimate based on a held-out corpus of 1067 documents with 1256157 words
2018-08-28 04:55:38,308 : INFO : PROGRESS: pass 63, at document #1067/1067
2018-08-28 04:55:40,669 : INFO : topic #0 (0.050): 0.012*"get" + 0.010*"like" + 0.009*"im" + 0.009*"money" + 0.008*"make" + 0.007*"want" + 0.006*"would" + 0.006*"people" + 0.006*"good" + 0.006*"year"
2018-08-28 04:55:40,671 : INFO : topic #3 (0.050): 0.009*"like" + 0.008*"im" + 0.008*"get" + 0.007*"buy" + 0.006*"stock" + 0.006*"going" + 0.006*"money" + 0.006*"market" + 0.005*"good" + 0.005*"day"
2018-08-28 04:55:40,672 : INFO : topic #15 (0.050): 0.013*"die" + 0.009*"monero" + 0.007*"market" + 0.006*"token" + 0.005*"coin" + 0.005*"like" + 0.005*"would" + 0.004*"one" + 0.004*"use" + 0.004*"rcn"
2018-08-28 04:55:40,675 : INFO : topic #17 (0.050): 0.011*"eth" + 0.009*"people" + 0.007*"cp" + 0.007*"child" + 0.006*"fucking" + 0.006*"like" + 0.005*"ethereum" + 0.005*"vitalik" + 0.005*"he" + 0.004*"shit"
2018-08-28 04:55:40,677 : INFO : topic #6 (0.050): 0.014*"wallet" + 0.007*"contract" + 0.006*"key" + 0.006*"address" + 0.006*"use" + 0.006*"get" + 0.005*"private" + 0.004*"one" + 0.004*"like" + 0.004*"send"
2018-08-28 04:55:40,680 : INFO : topic diff=0.006286, rho=0.124035
2018-08-28 04:55:45,553 : INFO : -8.343 per-word bound, 324.7 perplexity estimate based on a held-out corpus of 1067 documents with 1256157 words
2018-08-28 04:55:45,554 : INFO : PROGRESS: pass 64, at document #1067/1067
2018-08-28 04:55:47,927 : INFO : topic #11 (0.050): 0.005*"pip" + 0.004*"boomer" + 0.004*"card" + 0.003*"student" + 0.003*"loan" + 0.003*"year" + 0.002*"generation" + 0.002*"pokemon" + 0.002*"old" + 0.002*"racist"
2018-08-28 04:55:47,929 : INFO : topic #9 (0.050): 0.023*"btc" + 0.018*"bitcoin" + 0.018*"bch" + 0.007*"people" + 0.006*"like" + 0.006*"would" + 0.006*"going" + 0.005*"transaction" + 0.005*"time" + 0.005*"get"
2018-08-28 04:55:47,930 : INFO : topic #7 (0.050): 0.006*"like" + 0.006*"get" + 0.005*"even" + 0.005*"make" + 0.005*"would" + 0.005*"one" + 0.004*"know" + 0.004*"go" + 0.004*"req" + 0.004*"fucking"
2018-08-28 04:55:47,932 : INFO : topic #18 (0.050): 0.015*"ha" + 0.012*"city" + 0.004*"place" + 0.003*"live" + 0.002*"la" + 0.002*"great" + 0.002*"culture" + 0.002*"world" + 0.002*"tokyo" + 0.002*"london"
2018-08-28 04:55:47,935 : INFO : topic #2 (0.050): 0.001*"style" + 0.001*"pleb" + 0.001*"placeholder" + 0.001*"regulation" + 0.001*"taste" + 0.001*"porsches" + 0.001*"golix" + 0.001*"911" + 0.001*"countach" + 0.001*"tetherto"
2018-08-28 04:55:47,937 : INFO : topic diff=0.006159, rho=0.123091
2018-08-28 04:55:52,926 : INFO : -8.343 per-word bound, 324.6 perplexity estimate based on a held-out corpus of 1067 documents with 1256157 words
2018-08-28 04:55:52,929 : INFO : PROGRESS: pass 65, at document #1067/1067
2018-08-28 04:55:55,257 : INFO : topic #6 (0.050): 0.014*"wallet" + 0.008*"contract" + 0.006*"key" + 0.006*"address" + 0.006*"use" + 0.006*"get" + 0.005*"private" + 0.004*"one" + 0.004*"send" + 0.004*"like"
2018-08-28 04:55:55,258 : INFO : topic #2 (0.050): 0.001*"style" + 0.001*"pleb" + 0.001*"placeholder" + 0.001*"regulation" + 0.001*"taste" + 0.001*"porsches" + 0.001*"golix" + 0.001*"911" + 0.001*"countach" + 0.001*"tetherto"
2018-08-28 04:55:55,260 : INFO : topic #9 (0.050): 0.023*"btc" + 0.018*"bitcoin" + 0.018*"bch" + 0.007*"people" + 0.006*"like" + 0.006*"would" + 0.006*"going" + 0.005*"transaction" + 0.005*"time" + 0.005*"get"
2018-08-28 04:55:55,262 : INFO : topic #4 (0.050): 0.000*"devestating" + 0.000*"giddy" + 0.000*"like" + 0.000*"get" + 0.000*"people" + 0.000*"im" + 0.000*"buy" + 0.000*"would" + 0.000*"want" + 0.000*"link"
2018-08-28 04:55:55,264 : INFO : topic #13 (0.050): 0.012*"pbc" + 0.009*"fake" + 0.008*"pick" + 0.008*"dash" + 0.007*"group" + 0.007*"teeka" + 0.006*"leak" + 0.005*"subscriber" + 0.005*"slr" + 0.005*"pot"
2018-08-28 04:55:55,266 : INFO : topic diff=0.006039, rho=0.122169
2018-08-28 04:56:00,214 : INFO : -8.342 per-word bound, 324.5 perplexity estimate based on a held-out corpus of 1067 documents with 1256157 words
2018-08-28 04:56:00,216 : INFO : PROGRESS: pass 66, at document #1067/1067
2018-08-28 04:56:02,578 : INFO : topic #16 (0.050): 0.009*"btc" + 0.008*"bitcoin" + 0.005*"coin" + 0.004*"bch" + 0.004*"going" + 0.004*"like" + 0.004*"get" + 0.003*"go" + 0.003*"im" + 0.003*"see"
2018-08-28 04:56:02,580 : INFO : topic #8 (0.050): 0.010*"like" + 0.009*"car" + 0.007*"get" + 0.006*"people" + 0.006*"fucking" + 0.005*"im" + 0.005*"shit" + 0.005*"make" + 0.005*"want" + 0.004*"one"
2018-08-28 04:56:02,582 : INFO : topic #12 (0.050): 0.017*"iota" + 0.010*"future" + 0.009*"slr" + 0.006*"mit" + 0.006*"teeka" + 0.006*"contract" + 0.005*"pbc" + 0.004*"pick" + 0.004*"powr" + 0.004*"solar"
2018-08-28 04:56:02,583 : INFO : topic #19 (0.050): 0.004*"trip" + 0.003*"god" + 0.003*"beta" + 0.003*"like" + 0.003*"get" + 0.003*"shit" + 0.002*"guy" + 0.002*"post" + 0.002*"fuck" + 0.002*"buy"
2018-08-28 04:56:02,585 : INFO : topic #0 (0.050): 0.012*"get" + 0.010*"like" + 0.009*"im" + 0.009*"money" + 0.008*"make" + 0.007*"want" + 0.006*"people" + 0.006*"would" + 0.006*"good" + 0.006*"year"
2018-08-28 04:56:02,588 : INFO : topic diff=0.005922, rho=0.121268
2018-08-28 04:56:07,310 : INFO : -8.342 per-word bound, 324.5 perplexity estimate based on a held-out corpus of 1067 documents with 1256157 words
2018-08-28 04:56:07,313 : INFO : PROGRESS: pass 67, at document #1067/1067
2018-08-28 04:56:09,617 : INFO : topic #16 (0.050): 0.009*"btc" + 0.008*"bitcoin" + 0.005*"coin" + 0.004*"bch" + 0.004*"going" + 0.004*"like" + 0.004*"get" + 0.003*"go" + 0.003*"see" + 0.003*"im"
2018-08-28 04:56:09,618 : INFO : topic #0 (0.050): 0.012*"get" + 0.010*"like" + 0.009*"im" + 0.009*"money" + 0.008*"make" + 0.007*"want" + 0.006*"people" + 0.006*"would" + 0.006*"good" + 0.006*"year"
2018-08-28 04:56:09,621 : INFO : topic #6 (0.050): 0.014*"wallet" + 0.008*"contract" + 0.006*"key" + 0.006*"address" + 0.006*"use" + 0.006*"get" + 0.005*"private" + 0.004*"one" + 0.004*"send" + 0.004*"blockchain"
2018-08-28 04:56:09,623 : INFO : topic #12 (0.050): 0.017*"iota" + 0.010*"future" + 0.009*"slr" + 0.006*"mit" + 0.006*"teeka" + 0.006*"contract" + 0.005*"pbc" + 0.004*"pick" + 0.004*"powr" + 0.004*"solar"
2018-08-28 04:56:09,624 : INFO : topic #10 (0.050): 0.011*"buy" + 0.011*"coin" + 0.009*"im" + 0.008*"like" + 0.008*"get" + 0.008*"going" + 0.007*"fucking" + 0.006*"go" + 0.006*"sell" + 0.005*"shit"
2018-08-28 04:56:09,627 : INFO : topic diff=0.005802, rho=0.120386
2018-08-28 04:56:14,437 : INFO : -8.341 per-word bound, 324.4 perplexity estimate based on a held-out corpus of 1067 documents with 1256157 words
2018-08-28 04:56:14,439 : INFO : PROGRESS: pass 68, at document #1067/1067
2018-08-28 04:56:16,690 : INFO : topic #5 (0.050): 0.071*"chancoin" + 0.059*"ark" + 0.014*"roll" + 0.009*"wallet" + 0.007*"delegate" + 0.006*"rolling" + 0.005*"quad" + 0.005*"staking" + 0.005*"address" + 0.005*"arkies"
2018-08-28 04:56:16,692 : INFO : topic #8 (0.050): 0.010*"like" + 0.009*"car" + 0.007*"get" + 0.006*"people" + 0.006*"fucking" + 0.005*"im" + 0.005*"shit" + 0.005*"make" + 0.005*"want" + 0.004*"one"
2018-08-28 04:56:16,695 : INFO : topic #11 (0.050): 0.005*"pip" + 0.004*"boomer" + 0.004*"card" + 0.003*"student" + 0.003*"loan" + 0.002*"generation" + 0.002*"year" + 0.002*"pokemon" + 0.002*"old" + 0.002*"racist"
2018-08-28 04:56:16,696 : INFO : topic #13 (0.050): 0.012*"pbc" + 0.009*"fake" + 0.008*"pick" + 0.008*"dash" + 0.007*"teeka" + 0.007*"group" + 0.006*"leak" + 0.005*"slr" + 0.005*"subscriber" + 0.005*"pot"
2018-08-28 04:56:16,698 : INFO : topic #3 (0.050): 0.009*"like" + 0.008*"im" + 0.008*"get" + 0.007*"buy" + 0.007*"stock" + 0.006*"going" + 0.006*"money" + 0.006*"market" + 0.005*"good" + 0.005*"day"
2018-08-28 04:56:16,701 : INFO : topic diff=0.005692, rho=0.119523
2018-08-28 04:56:21,357 : INFO : -8.341 per-word bound, 324.3 perplexity estimate based on a held-out corpus of 1067 documents with 1256157 words
2018-08-28 04:56:21,358 : INFO : PROGRESS: pass 69, at document #1067/1067
2018-08-28 04:56:23,633 : INFO : topic #2 (0.050): 0.001*"style" + 0.001*"pleb" + 0.001*"placeholder" + 0.001*"regulation" + 0.001*"taste" + 0.001*"golix" + 0.001*"porsches" + 0.001*"911" + 0.001*"countach" + 0.001*"tetherto"
2018-08-28 04:56:23,636 : INFO : topic #13 (0.050): 0.012*"pbc" + 0.009*"fake" + 0.008*"pick" + 0.008*"dash" + 0.007*"teeka" + 0.007*"group" + 0.006*"leak" + 0.005*"slr" + 0.005*"subscriber" + 0.005*"pot"
2018-08-28 04:56:23,638 : INFO : topic #12 (0.050): 0.017*"iota" + 0.010*"future" + 0.009*"slr" + 0.006*"mit" + 0.006*"teeka" + 0.006*"contract" + 0.005*"pbc" + 0.004*"pick" + 0.004*"powr" + 0.004*"solar"
2018-08-28 04:56:23,639 : INFO : topic #15 (0.050): 0.013*"die" + 0.009*"monero" + 0.007*"market" + 0.006*"token" + 0.005*"coin" + 0.005*"would" + 0.005*"like" + 0.004*"use" + 0.004*"one" + 0.004*"rcn"
2018-08-28 04:56:23,641 : INFO : topic #0 (0.050): 0.012*"get" + 0.010*"like" + 0.009*"im" + 0.009*"money" + 0.008*"make" + 0.007*"want" + 0.007*"people" + 0.006*"would" + 0.006*"good" + 0.006*"year"
2018-08-28 04:56:23,643 : INFO : topic diff=0.005586, rho=0.118678
2018-08-28 04:56:28,298 : INFO : -8.341 per-word bound, 324.2 perplexity estimate based on a held-out corpus of 1067 documents with 1256157 words
2018-08-28 04:56:28,299 : INFO : PROGRESS: pass 70, at document #1067/1067
2018-08-28 04:56:30,533 : INFO : topic #19 (0.050): 0.004*"trip" + 0.003*"beta" + 0.003*"god" + 0.003*"like" + 0.003*"shit" + 0.003*"get" + 0.002*"guy" + 0.002*"post" + 0.002*"tit" + 0.002*"fuck"
2018-08-28 04:56:30,535 : INFO : topic #12 (0.050): 0.017*"iota" + 0.010*"future" + 0.009*"slr" + 0.006*"mit" + 0.006*"teeka" + 0.006*"contract" + 0.005*"pbc" + 0.004*"pick" + 0.004*"powr" + 0.004*"solar"
2018-08-28 04:56:30,536 : INFO : topic #4 (0.050): 0.000*"devestating" + 0.000*"giddy" + 0.000*"like" + 0.000*"get" + 0.000*"people" + 0.000*"im" + 0.000*"buy" + 0.000*"would" + 0.000*"want" + 0.000*"link"
2018-08-28 04:56:30,537 : INFO : topic #15 (0.050): 0.013*"die" + 0.009*"monero" + 0.007*"market" + 0.006*"token" + 0.005*"coin" + 0.005*"would" + 0.005*"like" + 0.004*"use" + 0.004*"rcn" + 0.004*"one"
2018-08-28 04:56:30,539 : INFO : topic #9 (0.050): 0.023*"btc" + 0.018*"bitcoin" + 0.018*"bch" + 0.007*"people" + 0.006*"like" + 0.006*"would" + 0.006*"going" + 0.005*"transaction" + 0.005*"time" + 0.005*"get"
2018-08-28 04:56:30,541 : INFO : topic diff=0.005479, rho=0.117851
2018-08-28 04:56:35,102 : INFO : -8.340 per-word bound, 324.1 perplexity estimate based on a held-out corpus of 1067 documents with 1256157 words
2018-08-28 04:56:35,104 : INFO : PROGRESS: pass 71, at document #1067/1067
2018-08-28 04:56:37,418 : INFO : topic #19 (0.050): 0.004*"trip" + 0.003*"beta" + 0.003*"god" + 0.003*"like" + 0.003*"shit" + 0.003*"get" + 0.002*"guy" + 0.002*"post" + 0.002*"tit" + 0.002*"fuck"
2018-08-28 04:56:37,420 : INFO : topic #7 (0.050): 0.006*"like" + 0.005*"get" + 0.005*"even" + 0.005*"make" + 0.005*"would" + 0.004*"one" + 0.004*"know" + 0.004*"go" + 0.004*"req" + 0.004*"shit"
2018-08-28 04:56:37,421 : INFO : topic #0 (0.050): 0.012*"get" + 0.010*"like" + 0.009*"im" + 0.009*"money" + 0.008*"make" + 0.007*"want" + 0.007*"people" + 0.006*"would" + 0.006*"good" + 0.006*"year"
2018-08-28 04:56:37,423 : INFO : topic #6 (0.050): 0.014*"wallet" + 0.008*"contract" + 0.006*"key" + 0.006*"address" + 0.006*"use" + 0.006*"get" + 0.005*"private" + 0.004*"send" + 0.004*"one" + 0.004*"blockchain"
2018-08-28 04:56:37,425 : INFO : topic #9 (0.050): 0.023*"btc" + 0.018*"bitcoin" + 0.018*"bch" + 0.007*"people" + 0.006*"like" + 0.006*"would" + 0.006*"going" + 0.005*"transaction" + 0.005*"time" + 0.005*"get"
2018-08-28 04:56:37,427 : INFO : topic diff=0.005376, rho=0.117041
2018-08-28 04:56:42,065 : INFO : -8.340 per-word bound, 324.0 perplexity estimate based on a held-out corpus of 1067 documents with 1256157 words
2018-08-28 04:56:42,066 : INFO : PROGRESS: pass 72, at document #1067/1067
2018-08-28 04:56:44,326 : INFO : topic #1 (0.050): 0.045*"link" + 0.009*"chainlink" + 0.009*"token" + 0.008*"would" + 0.007*"price" + 0.007*"swift" + 0.006*"node" + 0.006*"like" + 0.006*"make" + 0.006*"smart"
2018-08-28 04:56:44,327 : INFO : topic #8 (0.050): 0.010*"like" + 0.009*"car" + 0.007*"get" + 0.006*"people" + 0.006*"fucking" + 0.005*"im" + 0.005*"shit" + 0.005*"make" + 0.005*"want" + 0.004*"one"
2018-08-28 04:56:44,329 : INFO : topic #2 (0.050): 0.001*"style" + 0.001*"pleb" + 0.001*"placeholder" + 0.001*"regulation" + 0.001*"porsches" + 0.001*"golix" + 0.001*"taste" + 0.001*"911" + 0.001*"countach" + 0.001*"tetherto"
2018-08-28 04:56:44,331 : INFO : topic #19 (0.050): 0.004*"trip" + 0.003*"beta" + 0.003*"god" + 0.003*"like" + 0.003*"shit" + 0.002*"get" + 0.002*"guy" + 0.002*"post" + 0.002*"tit" + 0.002*"fuck"
2018-08-28 04:56:44,332 : INFO : topic #18 (0.050): 0.015*"ha" + 0.012*"city" + 0.003*"place" + 0.003*"live" + 0.002*"la" + 0.002*"great" + 0.002*"culture" + 0.002*"tokyo" + 0.002*"london" + 0.002*"world"
2018-08-28 04:56:44,335 : INFO : topic diff=0.005277, rho=0.116248
2018-08-28 04:56:49,007 : INFO : -8.340 per-word bound, 323.9 perplexity estimate based on a held-out corpus of 1067 documents with 1256157 words
2018-08-28 04:56:49,007 : INFO : PROGRESS: pass 73, at document #1067/1067
2018-08-28 04:56:51,266 : INFO : topic #2 (0.050): 0.001*"style" + 0.001*"pleb" + 0.001*"placeholder" + 0.001*"regulation" + 0.001*"porsches" + 0.001*"golix" + 0.001*"taste" + 0.001*"911" + 0.001*"countach" + 0.001*"tetherto"
2018-08-28 04:56:51,267 : INFO : topic #9 (0.050): 0.023*"btc" + 0.018*"bitcoin" + 0.018*"bch" + 0.007*"people" + 0.006*"like" + 0.006*"would" + 0.006*"going" + 0.005*"transaction" + 0.005*"time" + 0.005*"get"
2018-08-28 04:56:51,269 : INFO : topic #5 (0.050): 0.071*"chancoin" + 0.059*"ark" + 0.014*"roll" + 0.009*"wallet" + 0.007*"delegate" + 0.006*"rolling" + 0.006*"quad" + 0.005*"staking" + 0.005*"address" + 0.005*"arkies"
2018-08-28 04:56:51,271 : INFO : topic #6 (0.050): 0.014*"wallet" + 0.008*"contract" + 0.006*"key" + 0.006*"address" + 0.006*"use" + 0.005*"get" + 0.005*"private" + 0.004*"send" + 0.004*"one" + 0.004*"blockchain"
2018-08-28 04:56:51,273 : INFO : topic #1 (0.050): 0.045*"link" + 0.009*"chainlink" + 0.009*"token" + 0.008*"would" + 0.007*"price" + 0.007*"swift" + 0.006*"node" + 0.006*"like" + 0.006*"make" + 0.006*"smart"
2018-08-28 04:56:51,275 : INFO : topic diff=0.005181, rho=0.115470
2018-08-28 04:56:55,940 : INFO : -8.339 per-word bound, 323.9 perplexity estimate based on a held-out corpus of 1067 documents with 1256157 words
2018-08-28 04:56:55,943 : INFO : PROGRESS: pass 74, at document #1067/1067
2018-08-28 04:56:58,204 : INFO : topic #0 (0.050): 0.012*"get" + 0.010*"like" + 0.009*"im" + 0.009*"money" + 0.008*"make" + 0.007*"want" + 0.007*"people" + 0.006*"would" + 0.006*"good" + 0.006*"year"
2018-08-28 04:56:58,206 : INFO : topic #3 (0.050): 0.009*"like" + 0.008*"im" + 0.008*"get" + 0.007*"buy" + 0.007*"stock" + 0.006*"going" + 0.006*"money" + 0.006*"market" + 0.005*"day" + 0.005*"good"
2018-08-28 04:56:58,208 : INFO : topic #10 (0.050): 0.011*"buy" + 0.011*"coin" + 0.009*"im" + 0.008*"get" + 0.008*"like" + 0.008*"going" + 0.007*"fucking" + 0.006*"go" + 0.006*"sell" + 0.005*"shit"
2018-08-28 04:56:58,209 : INFO : topic #1 (0.050): 0.045*"link" + 0.009*"chainlink" + 0.009*"token" + 0.008*"would" + 0.007*"price" + 0.007*"swift" + 0.006*"node" + 0.006*"like" + 0.006*"make" + 0.006*"smart"
2018-08-28 04:56:58,211 : INFO : topic #17 (0.050): 0.011*"eth" + 0.009*"people" + 0.008*"cp" + 0.007*"child" + 0.006*"fucking" + 0.006*"like" + 0.005*"ethereum" + 0.005*"vitalik" + 0.005*"he" + 0.004*"shit"
2018-08-28 04:56:58,213 : INFO : topic diff=0.005085, rho=0.114708
2018-08-28 04:57:02,851 : INFO : -8.339 per-word bound, 323.8 perplexity estimate based on a held-out corpus of 1067 documents with 1256157 words
2018-08-28 04:57:02,851 : INFO : PROGRESS: pass 75, at document #1067/1067
2018-08-28 04:57:05,126 : INFO : topic #18 (0.050): 0.015*"ha" + 0.012*"city" + 0.003*"place" + 0.003*"live" + 0.002*"la" + 0.002*"culture" + 0.002*"great" + 0.002*"tokyo" + 0.002*"london" + 0.001*"world"
2018-08-28 04:57:05,128 : INFO : topic #4 (0.050): 0.000*"devestating" + 0.000*"giddy" + 0.000*"like" + 0.000*"get" + 0.000*"people" + 0.000*"im" + 0.000*"buy" + 0.000*"would" + 0.000*"want" + 0.000*"link"
2018-08-28 04:57:05,129 : INFO : topic #15 (0.050): 0.013*"die" + 0.009*"monero" + 0.007*"market" + 0.006*"token" + 0.005*"coin" + 0.005*"would" + 0.005*"like" + 0.004*"use" + 0.004*"rcn" + 0.004*"one"
2018-08-28 04:57:05,131 : INFO : topic #3 (0.050): 0.009*"like" + 0.008*"im" + 0.008*"get" + 0.007*"buy" + 0.007*"stock" + 0.006*"going" + 0.006*"money" + 0.006*"market" + 0.005*"day" + 0.005*"good"
2018-08-28 04:57:05,133 : INFO : topic #12 (0.050): 0.017*"iota" + 0.010*"future" + 0.009*"slr" + 0.006*"mit" + 0.006*"teeka" + 0.006*"contract" + 0.005*"pbc" + 0.004*"pick" + 0.004*"powr" + 0.004*"solar"
2018-08-28 04:57:05,136 : INFO : topic diff=0.004997, rho=0.113961
2018-08-28 04:57:10,009 : INFO : -8.338 per-word bound, 323.7 perplexity estimate based on a held-out corpus of 1067 documents with 1256157 words
2018-08-28 04:57:10,011 : INFO : PROGRESS: pass 76, at document #1067/1067
2018-08-28 04:57:12,244 : INFO : topic #8 (0.050): 0.010*"like" + 0.009*"car" + 0.007*"get" + 0.006*"people" + 0.006*"fucking" + 0.005*"im" + 0.005*"shit" + 0.005*"make" + 0.004*"want" + 0.004*"one"
2018-08-28 04:57:12,246 : INFO : topic #19 (0.050): 0.004*"trip" + 0.003*"beta" + 0.003*"god" + 0.002*"like" + 0.002*"shit" + 0.002*"get" + 0.002*"post" + 0.002*"tit" + 0.002*"guy" + 0.002*"foot"
2018-08-28 04:57:12,247 : INFO : topic #17 (0.050): 0.011*"eth" + 0.009*"people" + 0.008*"cp" + 0.007*"child" + 0.006*"fucking" + 0.006*"like" + 0.005*"ethereum" + 0.005*"vitalik" + 0.005*"he" + 0.004*"shit"
2018-08-28 04:57:12,249 : INFO : topic #7 (0.050): 0.005*"like" + 0.005*"even" + 0.005*"get" + 0.005*"make" + 0.004*"would" + 0.004*"one" + 0.004*"know" + 0.004*"go" + 0.004*"req" + 0.004*"shit"
2018-08-28 04:57:12,250 : INFO : topic #16 (0.050): 0.008*"btc" + 0.008*"bitcoin" + 0.004*"coin" + 0.004*"bch" + 0.003*"going" + 0.003*"like" + 0.003*"get" + 0.003*"see" + 0.003*"go" + 0.003*"it"
2018-08-28 04:57:12,253 : INFO : topic diff=0.004909, rho=0.113228
2018-08-28 04:57:16,956 : INFO : -8.338 per-word bound, 323.6 perplexity estimate based on a held-out corpus of 1067 documents with 1256157 words
2018-08-28 04:57:16,957 : INFO : PROGRESS: pass 77, at document #1067/1067
2018-08-28 04:57:19,219 : INFO : topic #3 (0.050): 0.009*"like" + 0.008*"im" + 0.008*"get" + 0.007*"buy" + 0.007*"stock" + 0.006*"going" + 0.006*"money" + 0.006*"market" + 0.005*"day" + 0.005*"good"
2018-08-28 04:57:19,221 : INFO : topic #6 (0.050): 0.015*"wallet" + 0.008*"contract" + 0.006*"key" + 0.006*"address" + 0.006*"use" + 0.005*"get" + 0.005*"private" + 0.005*"send" + 0.004*"one" + 0.004*"blockchain"
2018-08-28 04:57:19,223 : INFO : topic #11 (0.050): 0.005*"pip" + 0.005*"boomer" + 0.004*"card" + 0.003*"student" + 0.003*"loan" + 0.002*"generation" + 0.002*"pokemon" + 0.002*"year" + 0.002*"racist" + 0.002*"old"
2018-08-28 04:57:19,225 : INFO : topic #0 (0.050): 0.012*"get" + 0.010*"like" + 0.009*"im" + 0.009*"money" + 0.008*"make" + 0.007*"want" + 0.007*"people" + 0.007*"would" + 0.006*"year" + 0.006*"good"
2018-08-28 04:57:19,226 : INFO : topic #2 (0.050): 0.001*"style" + 0.001*"pleb" + 0.001*"placeholder" + 0.001*"regulation" + 0.001*"porsches" + 0.001*"golix" + 0.001*"taste" + 0.001*"911" + 0.001*"countach" + 0.001*"tetherto"
2018-08-28 04:57:19,228 : INFO : topic diff=0.004823, rho=0.112509
2018-08-28 04:57:24,004 : INFO : -8.338 per-word bound, 323.5 perplexity estimate based on a held-out corpus of 1067 documents with 1256157 words
2018-08-28 04:57:24,004 : INFO : PROGRESS: pass 78, at document #1067/1067
2018-08-28 04:57:26,303 : INFO : topic #18 (0.050): 0.015*"ha" + 0.012*"city" + 0.003*"place" + 0.003*"live" + 0.002*"la" + 0.002*"culture" + 0.002*"great" + 0.002*"tokyo" + 0.002*"london" + 0.001*"paris"
2018-08-28 04:57:26,308 : INFO : topic #16 (0.050): 0.008*"btc" + 0.008*"bitcoin" + 0.004*"coin" + 0.004*"bch" + 0.003*"going" + 0.003*"like" + 0.003*"see" + 0.003*"get" + 0.003*"go" + 0.003*"it"
2018-08-28 04:57:26,310 : INFO : topic #4 (0.050): 0.000*"devestating" + 0.000*"giddy" + 0.000*"like" + 0.000*"get" + 0.000*"people" + 0.000*"im" + 0.000*"buy" + 0.000*"would" + 0.000*"want" + 0.000*"link"
2018-08-28 04:57:26,312 : INFO : topic #10 (0.050): 0.011*"buy" + 0.011*"coin" + 0.009*"im" + 0.008*"get" + 0.008*"like" + 0.008*"going" + 0.007*"fucking" + 0.006*"go" + 0.006*"sell" + 0.005*"shit"
2018-08-28 04:57:26,313 : INFO : topic #1 (0.050): 0.046*"link" + 0.009*"chainlink" + 0.009*"token" + 0.008*"would" + 0.007*"price" + 0.007*"swift" + 0.006*"node" + 0.006*"like" + 0.006*"make" + 0.006*"smart"
2018-08-28 04:57:26,315 : INFO : topic diff=0.004741, rho=0.111803
2018-08-28 04:57:31,163 : INFO : -8.338 per-word bound, 323.5 perplexity estimate based on a held-out corpus of 1067 documents with 1256157 words
2018-08-28 04:57:31,164 : INFO : PROGRESS: pass 79, at document #1067/1067
2018-08-28 04:57:33,437 : INFO : topic #17 (0.050): 0.011*"eth" + 0.009*"people" + 0.008*"cp" + 0.007*"child" + 0.006*"fucking" + 0.006*"like" + 0.005*"ethereum" + 0.005*"vitalik" + 0.005*"he" + 0.004*"shit"
2018-08-28 04:57:33,438 : INFO : topic #16 (0.050): 0.008*"btc" + 0.008*"bitcoin" + 0.004*"coin" + 0.004*"bch" + 0.003*"going" + 0.003*"like" + 0.003*"see" + 0.003*"get" + 0.003*"go" + 0.003*"it"
2018-08-28 04:57:33,440 : INFO : topic #7 (0.050): 0.005*"like" + 0.005*"even" + 0.005*"get" + 0.005*"make" + 0.004*"would" + 0.004*"one" + 0.004*"know" + 0.004*"go" + 0.004*"req" + 0.004*"shit"
2018-08-28 04:57:33,442 : INFO : topic #11 (0.050): 0.005*"pip" + 0.005*"boomer" + 0.004*"card" + 0.003*"student" + 0.003*"loan" + 0.002*"generation" + 0.002*"pokemon" + 0.002*"year" + 0.002*"racist" + 0.002*"old"
2018-08-28 04:57:33,445 : INFO : topic #18 (0.050): 0.015*"ha" + 0.012*"city" + 0.003*"place" + 0.003*"live" + 0.002*"la" + 0.002*"culture" + 0.002*"great" + 0.002*"tokyo" + 0.002*"london" + 0.001*"paris"
2018-08-28 04:57:33,448 : INFO : topic diff=0.004661, rho=0.111111
2018-08-28 04:57:38,081 : INFO : -8.337 per-word bound, 323.4 perplexity estimate based on a held-out corpus of 1067 documents with 1256157 words
2018-08-28 04:57:38,082 : INFO : PROGRESS: pass 80, at document #1067/1067
2018-08-28 04:57:40,306 : INFO : topic #4 (0.050): 0.000*"devestating" + 0.000*"giddy" + 0.000*"like" + 0.000*"get" + 0.000*"people" + 0.000*"im" + 0.000*"buy" + 0.000*"would" + 0.000*"want" + 0.000*"link"
2018-08-28 04:57:40,308 : INFO : topic #11 (0.050): 0.005*"pip" + 0.005*"boomer" + 0.004*"card" + 0.003*"student" + 0.003*"loan" + 0.002*"generation" + 0.002*"pokemon" + 0.002*"year" + 0.002*"racist" + 0.002*"old"
2018-08-28 04:57:40,310 : INFO : topic #9 (0.050): 0.023*"btc" + 0.018*"bitcoin" + 0.018*"bch" + 0.007*"people" + 0.006*"like" + 0.006*"would" + 0.006*"going" + 0.005*"transaction" + 0.005*"time" + 0.005*"get"
2018-08-28 04:57:40,312 : INFO : topic #16 (0.050): 0.008*"btc" + 0.008*"bitcoin" + 0.004*"coin" + 0.003*"bch" + 0.003*"going" + 0.003*"like" + 0.003*"see" + 0.003*"get" + 0.003*"go" + 0.003*"it"
2018-08-28 04:57:40,313 : INFO : topic #12 (0.050): 0.017*"iota" + 0.010*"future" + 0.009*"slr" + 0.007*"mit" + 0.007*"teeka" + 0.006*"contract" + 0.005*"pbc" + 0.004*"pick" + 0.004*"powr" + 0.004*"solar"
2018-08-28 04:57:40,315 : INFO : topic diff=0.004582, rho=0.110432
2018-08-28 04:57:45,053 : INFO : -8.337 per-word bound, 323.3 perplexity estimate based on a held-out corpus of 1067 documents with 1256157 words
2018-08-28 04:57:45,055 : INFO : PROGRESS: pass 81, at document #1067/1067
2018-08-28 04:57:47,331 : INFO : topic #0 (0.050): 0.012*"get" + 0.010*"like" + 0.009*"im" + 0.009*"money" + 0.008*"make" + 0.007*"want" + 0.007*"people" + 0.007*"would" + 0.006*"year" + 0.006*"good"
2018-08-28 04:57:47,334 : INFO : topic #6 (0.050): 0.015*"wallet" + 0.008*"contract" + 0.007*"key" + 0.006*"address" + 0.006*"use" + 0.005*"private" + 0.005*"get" + 0.005*"send" + 0.004*"transaction" + 0.004*"blockchain"
2018-08-28 04:57:47,335 : INFO : topic #10 (0.050): 0.011*"buy" + 0.011*"coin" + 0.009*"im" + 0.008*"get" + 0.008*"like" + 0.008*"going" + 0.007*"fucking" + 0.006*"go" + 0.006*"sell" + 0.005*"shit"
2018-08-28 04:57:47,336 : INFO : topic #8 (0.050): 0.010*"like" + 0.009*"car" + 0.007*"get" + 0.006*"people" + 0.005*"fucking" + 0.005*"im" + 0.005*"shit" + 0.004*"make" + 0.004*"want" + 0.004*"one"
2018-08-28 04:57:47,338 : INFO : topic #3 (0.050): 0.009*"like" + 0.008*"im" + 0.008*"get" + 0.007*"buy" + 0.007*"stock" + 0.006*"going" + 0.006*"money" + 0.006*"market" + 0.005*"day" + 0.005*"good"
2018-08-28 04:57:47,339 : INFO : topic diff=0.004505, rho=0.109764
2018-08-28 04:57:52,212 : INFO : -8.337 per-word bound, 323.3 perplexity estimate based on a held-out corpus of 1067 documents with 1256157 words
2018-08-28 04:57:52,213 : INFO : PROGRESS: pass 82, at document #1067/1067
2018-08-28 04:57:54,600 : INFO : topic #8 (0.050): 0.010*"like" + 0.010*"car" + 0.007*"get" + 0.006*"people" + 0.005*"fucking" + 0.005*"im" + 0.005*"shit" + 0.004*"make" + 0.004*"want" + 0.004*"one"
2018-08-28 04:57:54,604 : INFO : topic #13 (0.050): 0.012*"pbc" + 0.009*"fake" + 0.009*"pick" + 0.008*"dash" + 0.007*"teeka" + 0.007*"group" + 0.006*"leak" + 0.006*"slr" + 0.005*"subscriber" + 0.005*"pot"
2018-08-28 04:57:54,606 : INFO : topic #10 (0.050): 0.011*"buy" + 0.011*"coin" + 0.009*"im" + 0.008*"get" + 0.008*"like" + 0.008*"going" + 0.007*"fucking" + 0.006*"go" + 0.006*"sell" + 0.005*"shit"
2018-08-28 04:57:54,609 : INFO : topic #7 (0.050): 0.005*"even" + 0.005*"like" + 0.005*"get" + 0.005*"make" + 0.004*"would" + 0.004*"one" + 0.004*"know" + 0.004*"req" + 0.004*"go" + 0.004*"shit"
2018-08-28 04:57:54,611 : INFO : topic #12 (0.050): 0.018*"iota" + 0.010*"future" + 0.009*"slr" + 0.007*"mit" + 0.007*"teeka" + 0.006*"contract" + 0.005*"pbc" + 0.004*"pick" + 0.004*"powr" + 0.004*"solar"
2018-08-28 04:57:54,613 : INFO : topic diff=0.004428, rho=0.109109
2018-08-28 04:58:00,098 : INFO : -8.336 per-word bound, 323.2 perplexity estimate based on a held-out corpus of 1067 documents with 1256157 words
2018-08-28 04:58:00,100 : INFO : PROGRESS: pass 83, at document #1067/1067
2018-08-28 04:58:02,444 : INFO : topic #19 (0.050): 0.004*"trip" + 0.003*"beta" + 0.003*"god" + 0.002*"tit" + 0.002*"shit" + 0.002*"like" + 0.002*"post" + 0.002*"guy" + 0.002*"foot" + 0.002*"get"
2018-08-28 04:58:02,446 : INFO : topic #0 (0.050): 0.012*"get" + 0.010*"like" + 0.009*"im" + 0.009*"money" + 0.008*"make" + 0.007*"want" + 0.007*"people" + 0.007*"would" + 0.006*"year" + 0.006*"good"
2018-08-28 04:58:02,447 : INFO : topic #13 (0.050): 0.013*"pbc" + 0.009*"fake" + 0.009*"pick" + 0.008*"dash" + 0.007*"teeka" + 0.007*"group" + 0.006*"leak" + 0.006*"slr" + 0.005*"subscriber" + 0.005*"pot"
2018-08-28 04:58:02,449 : INFO : topic #6 (0.050): 0.015*"wallet" + 0.008*"contract" + 0.007*"key" + 0.007*"address" + 0.006*"use" + 0.005*"private" + 0.005*"get" + 0.005*"send" + 0.004*"transaction" + 0.004*"blockchain"
2018-08-28 04:58:02,451 : INFO : topic #18 (0.050): 0.015*"ha" + 0.012*"city" + 0.003*"place" + 0.003*"live" + 0.002*"la" + 0.002*"culture" + 0.002*"great" + 0.002*"tokyo" + 0.002*"london" + 0.001*"paris"
2018-08-28 04:58:02,453 : INFO : topic diff=0.004357, rho=0.108465
2018-08-28 04:58:07,363 : INFO : -8.336 per-word bound, 323.1 perplexity estimate based on a held-out corpus of 1067 documents with 1256157 words
2018-08-28 04:58:07,364 : INFO : PROGRESS: pass 84, at document #1067/1067
2018-08-28 04:58:09,716 : INFO : topic #9 (0.050): 0.023*"btc" + 0.018*"bitcoin" + 0.018*"bch" + 0.007*"people" + 0.006*"like" + 0.006*"would" + 0.006*"going" + 0.005*"transaction" + 0.005*"time" + 0.005*"get"
2018-08-28 04:58:09,718 : INFO : topic #13 (0.050): 0.013*"pbc" + 0.009*"fake" + 0.009*"pick" + 0.008*"dash" + 0.007*"teeka" + 0.007*"group" + 0.006*"leak" + 0.006*"slr" + 0.005*"subscriber" + 0.005*"pot"
2018-08-28 04:58:09,720 : INFO : topic #14 (0.050): 0.012*"tether" + 0.012*"tax" + 0.009*"crypto" + 0.008*"btc" + 0.008*"money" + 0.007*"exchange" + 0.007*"get" + 0.006*"like" + 0.006*"trade" + 0.006*"gain"
2018-08-28 04:58:09,721 : INFO : topic #5 (0.050): 0.072*"chancoin" + 0.060*"ark" + 0.015*"roll" + 0.009*"wallet" + 0.007*"delegate" + 0.006*"rolling" + 0.006*"quad" + 0.005*"address" + 0.005*"staking" + 0.005*"arkies"
2018-08-28 04:58:09,722 : INFO : topic #15 (0.050): 0.014*"die" + 0.009*"monero" + 0.007*"market" + 0.006*"token" + 0.005*"would" + 0.005*"coin" + 0.005*"like" + 0.004*"rcn" + 0.004*"use" + 0.004*"one"
2018-08-28 04:58:09,723 : INFO : topic diff=0.004285, rho=0.107833
2018-08-28 04:58:14,498 : INFO : -8.336 per-word bound, 323.1 perplexity estimate based on a held-out corpus of 1067 documents with 1256157 words
2018-08-28 04:58:14,498 : INFO : PROGRESS: pass 85, at document #1067/1067
2018-08-28 04:58:16,781 : INFO : topic #13 (0.050): 0.013*"pbc" + 0.009*"fake" + 0.009*"pick" + 0.008*"dash" + 0.007*"teeka" + 0.007*"group" + 0.006*"leak" + 0.006*"slr" + 0.005*"subscriber" + 0.005*"pot"
2018-08-28 04:58:16,783 : INFO : topic #4 (0.050): 0.000*"devestating" + 0.000*"giddy" + 0.000*"like" + 0.000*"get" + 0.000*"people" + 0.000*"im" + 0.000*"buy" + 0.000*"would" + 0.000*"want" + 0.000*"link"
2018-08-28 04:58:16,784 : INFO : topic #3 (0.050): 0.009*"like" + 0.008*"im" + 0.008*"get" + 0.007*"buy" + 0.007*"stock" + 0.006*"going" + 0.006*"money" + 0.006*"market" + 0.005*"day" + 0.005*"good"
2018-08-28 04:58:16,786 : INFO : topic #18 (0.050): 0.015*"ha" + 0.012*"city" + 0.003*"place" + 0.003*"live" + 0.002*"la" + 0.002*"culture" + 0.002*"great" + 0.002*"tokyo" + 0.002*"london" + 0.001*"paris"
2018-08-28 04:58:16,787 : INFO : topic #9 (0.050): 0.023*"btc" + 0.018*"bitcoin" + 0.018*"bch" + 0.007*"people" + 0.006*"like" + 0.006*"would" + 0.006*"going" + 0.005*"transaction" + 0.005*"time" + 0.005*"get"
2018-08-28 04:58:16,789 : INFO : topic diff=0.004217, rho=0.107211
2018-08-28 04:58:21,666 : INFO : -8.335 per-word bound, 323.0 perplexity estimate based on a held-out corpus of 1067 documents with 1256157 words
2018-08-28 04:58:21,667 : INFO : PROGRESS: pass 86, at document #1067/1067
2018-08-28 04:58:24,032 : INFO : topic #17 (0.050): 0.011*"eth" + 0.009*"people" + 0.008*"cp" + 0.007*"child" + 0.006*"fucking" + 0.005*"like" + 0.005*"ethereum" + 0.005*"vitalik" + 0.005*"he" + 0.004*"shit"
2018-08-28 04:58:24,037 : INFO : topic #4 (0.050): 0.000*"giddy" + 0.000*"devestating" + 0.000*"like" + 0.000*"get" + 0.000*"people" + 0.000*"im" + 0.000*"buy" + 0.000*"would" + 0.000*"want" + 0.000*"link"
2018-08-28 04:58:24,039 : INFO : topic #3 (0.050): 0.009*"like" + 0.008*"im" + 0.008*"get" + 0.007*"buy" + 0.007*"stock" + 0.006*"going" + 0.006*"money" + 0.006*"market" + 0.005*"day" + 0.005*"good"
2018-08-28 04:58:24,041 : INFO : topic #15 (0.050): 0.014*"die" + 0.009*"monero" + 0.007*"market" + 0.006*"token" + 0.005*"would" + 0.005*"coin" + 0.005*"like" + 0.004*"rcn" + 0.004*"use" + 0.004*"one"
2018-08-28 04:58:24,042 : INFO : topic #0 (0.050): 0.012*"get" + 0.010*"like" + 0.009*"im" + 0.009*"money" + 0.008*"make" + 0.007*"want" + 0.007*"people" + 0.007*"would" + 0.006*"year" + 0.006*"good"
2018-08-28 04:58:24,045 : INFO : topic diff=0.004148, rho=0.106600
2018-08-28 04:58:28,942 : INFO : -8.335 per-word bound, 322.9 perplexity estimate based on a held-out corpus of 1067 documents with 1256157 words
2018-08-28 04:58:28,943 : INFO : PROGRESS: pass 87, at document #1067/1067
2018-08-28 04:58:31,245 : INFO : topic #8 (0.050): 0.010*"car" + 0.010*"like" + 0.007*"get" + 0.006*"people" + 0.005*"fucking" + 0.005*"shit" + 0.005*"im" + 0.004*"one" + 0.004*"make" + 0.004*"want"
2018-08-28 04:58:31,247 : INFO : topic #17 (0.050): 0.011*"eth" + 0.009*"people" + 0.008*"cp" + 0.007*"child" + 0.006*"fucking" + 0.005*"like" + 0.005*"ethereum" + 0.005*"vitalik" + 0.005*"he" + 0.004*"shit"
2018-08-28 04:58:31,249 : INFO : topic #10 (0.050): 0.011*"buy" + 0.011*"coin" + 0.009*"im" + 0.008*"get" + 0.008*"like" + 0.008*"going" + 0.007*"fucking" + 0.006*"go" + 0.006*"sell" + 0.006*"shit"
2018-08-28 04:58:31,251 : INFO : topic #14 (0.050): 0.012*"tether" + 0.012*"tax" + 0.009*"crypto" + 0.008*"btc" + 0.008*"money" + 0.007*"exchange" + 0.007*"get" + 0.006*"like" + 0.006*"trade" + 0.006*"gain"
2018-08-28 04:58:31,253 : INFO : topic #12 (0.050): 0.018*"iota" + 0.010*"future" + 0.009*"slr" + 0.007*"mit" + 0.007*"teeka" + 0.006*"contract" + 0.005*"pbc" + 0.004*"pick" + 0.004*"powr" + 0.004*"solar"
2018-08-28 04:58:31,255 : INFO : topic diff=0.004083, rho=0.106000
2018-08-28 04:58:35,923 : INFO : -8.335 per-word bound, 322.9 perplexity estimate based on a held-out corpus of 1067 documents with 1256157 words
2018-08-28 04:58:35,924 : INFO : PROGRESS: pass 88, at document #1067/1067
2018-08-28 04:58:38,211 : INFO : topic #2 (0.050): 0.001*"pleb" + 0.001*"style" + 0.001*"placeholder" + 0.001*"regulation" + 0.001*"porsches" + 0.001*"golix" + 0.001*"taste" + 0.001*"911" + 0.001*"countach" + 0.001*"tetherto"
2018-08-28 04:58:38,213 : INFO : topic #1 (0.050): 0.046*"link" + 0.010*"chainlink" + 0.009*"token" + 0.008*"would" + 0.007*"price" + 0.007*"swift" + 0.006*"node" + 0.006*"smart" + 0.006*"like" + 0.006*"make"
2018-08-28 04:58:38,214 : INFO : topic #12 (0.050): 0.018*"iota" + 0.010*"future" + 0.009*"slr" + 0.007*"mit" + 0.007*"teeka" + 0.006*"contract" + 0.005*"pbc" + 0.004*"pick" + 0.004*"powr" + 0.004*"solar"
2018-08-28 04:58:38,216 : INFO : topic #10 (0.050): 0.011*"buy" + 0.011*"coin" + 0.009*"im" + 0.008*"get" + 0.008*"like" + 0.008*"going" + 0.007*"fucking" + 0.006*"go" + 0.006*"sell" + 0.006*"shit"
2018-08-28 04:58:38,218 : INFO : topic #6 (0.050): 0.015*"wallet" + 0.008*"contract" + 0.007*"key" + 0.007*"address" + 0.006*"use" + 0.005*"private" + 0.005*"get" + 0.005*"send" + 0.004*"transaction" + 0.004*"blockchain"
2018-08-28 04:58:38,220 : INFO : topic diff=0.004020, rho=0.105409
2018-08-28 04:58:43,086 : INFO : -8.335 per-word bound, 322.8 perplexity estimate based on a held-out corpus of 1067 documents with 1256157 words
2018-08-28 04:58:43,086 : INFO : PROGRESS: pass 89, at document #1067/1067
2018-08-28 04:58:45,389 : INFO : topic #5 (0.050): 0.073*"chancoin" + 0.061*"ark" + 0.015*"roll" + 0.009*"wallet" + 0.007*"delegate" + 0.006*"rolling" + 0.006*"quad" + 0.005*"address" + 0.005*"staking" + 0.005*"arkies"
2018-08-28 04:58:45,391 : INFO : topic #4 (0.050): 0.000*"giddy" + 0.000*"devestating" + 0.000*"like" + 0.000*"get" + 0.000*"people" + 0.000*"im" + 0.000*"buy" + 0.000*"would" + 0.000*"want" + 0.000*"even"
2018-08-28 04:58:45,393 : INFO : topic #18 (0.050): 0.015*"ha" + 0.012*"city" + 0.003*"place" + 0.003*"live" + 0.002*"la" + 0.002*"culture" + 0.002*"great" + 0.002*"tokyo" + 0.002*"london" + 0.001*"paris"
2018-08-28 04:58:45,394 : INFO : topic #1 (0.050): 0.046*"link" + 0.010*"chainlink" + 0.009*"token" + 0.008*"would" + 0.007*"price" + 0.007*"swift" + 0.006*"node" + 0.006*"smart" + 0.006*"like" + 0.006*"make"
2018-08-28 04:58:45,396 : INFO : topic #2 (0.050): 0.001*"pleb" + 0.001*"style" + 0.001*"placeholder" + 0.001*"regulation" + 0.001*"golix" + 0.001*"porsches" + 0.001*"taste" + 0.001*"911" + 0.001*"countach" + 0.001*"tetherto"
2018-08-28 04:58:45,399 : INFO : topic diff=0.003957, rho=0.104828
2018-08-28 04:58:50,191 : INFO : -8.334 per-word bound, 322.7 perplexity estimate based on a held-out corpus of 1067 documents with 1256157 words
2018-08-28 04:58:50,191 : INFO : PROGRESS: pass 90, at document #1067/1067
2018-08-28 04:58:52,493 : INFO : topic #17 (0.050): 0.011*"eth" + 0.009*"people" + 0.008*"cp" + 0.008*"child" + 0.006*"fucking" + 0.005*"like" + 0.005*"ethereum" + 0.005*"vitalik" + 0.005*"he" + 0.004*"shit"
2018-08-28 04:58:52,495 : INFO : topic #10 (0.050): 0.011*"buy" + 0.011*"coin" + 0.009*"im" + 0.008*"get" + 0.008*"like" + 0.008*"going" + 0.007*"fucking" + 0.006*"go" + 0.006*"sell" + 0.006*"shit"
2018-08-28 04:58:52,496 : INFO : topic #14 (0.050): 0.012*"tether" + 0.012*"tax" + 0.009*"crypto" + 0.008*"btc" + 0.008*"money" + 0.007*"exchange" + 0.007*"get" + 0.006*"like" + 0.006*"trade" + 0.006*"gain"
2018-08-28 04:58:52,497 : INFO : topic #6 (0.050): 0.015*"wallet" + 0.008*"contract" + 0.007*"key" + 0.007*"address" + 0.006*"use" + 0.005*"private" + 0.005*"get" + 0.005*"send" + 0.004*"transaction" + 0.004*"blockchain"
2018-08-28 04:58:52,499 : INFO : topic #11 (0.050): 0.005*"boomer" + 0.005*"pip" + 0.004*"card" + 0.003*"student" + 0.003*"loan" + 0.002*"generation" + 0.002*"pokemon" + 0.002*"racist" + 0.001*"year" + 0.001*"old"
2018-08-28 04:58:52,504 : INFO : topic diff=0.003895, rho=0.104257
2018-08-28 04:58:57,336 : INFO : -8.334 per-word bound, 322.7 perplexity estimate based on a held-out corpus of 1067 documents with 1256157 words
2018-08-28 04:58:57,337 : INFO : PROGRESS: pass 91, at document #1067/1067
2018-08-28 04:58:59,686 : INFO : topic #2 (0.050): 0.001*"pleb" + 0.001*"style" + 0.001*"placeholder" + 0.001*"regulation" + 0.001*"golix" + 0.001*"porsches" + 0.001*"taste" + 0.001*"911" + 0.001*"countach" + 0.001*"tetherto"
2018-08-28 04:58:59,688 : INFO : topic #12 (0.050): 0.018*"iota" + 0.010*"future" + 0.009*"slr" + 0.007*"mit" + 0.007*"teeka" + 0.006*"contract" + 0.005*"pbc" + 0.004*"pick" + 0.004*"powr" + 0.004*"solar"
2018-08-28 04:58:59,691 : INFO : topic #15 (0.050): 0.014*"die" + 0.010*"monero" + 0.007*"market" + 0.006*"token" + 0.005*"would" + 0.005*"coin" + 0.004*"rcn" + 0.004*"like" + 0.004*"use" + 0.004*"one"
2018-08-28 04:58:59,693 : INFO : topic #18 (0.050): 0.015*"ha" + 0.012*"city" + 0.003*"place" + 0.003*"live" + 0.002*"la" + 0.002*"culture" + 0.002*"tokyo" + 0.002*"great" + 0.002*"london" + 0.001*"paris"
2018-08-28 04:58:59,697 : INFO : topic #14 (0.050): 0.012*"tether" + 0.012*"tax" + 0.009*"crypto" + 0.008*"btc" + 0.008*"money" + 0.007*"exchange" + 0.007*"get" + 0.006*"like" + 0.006*"trade" + 0.006*"gain"
2018-08-28 04:58:59,699 : INFO : topic diff=0.003834, rho=0.103695
2018-08-28 04:59:04,512 : INFO : -8.334 per-word bound, 322.6 perplexity estimate based on a held-out corpus of 1067 documents with 1256157 words
2018-08-28 04:59:04,512 : INFO : PROGRESS: pass 92, at document #1067/1067
2018-08-28 04:59:06,807 : INFO : topic #3 (0.050): 0.009*"like" + 0.008*"im" + 0.008*"get" + 0.007*"buy" + 0.007*"stock" + 0.006*"going" + 0.006*"money" + 0.006*"market" + 0.005*"day" + 0.005*"good"
2018-08-28 04:59:06,809 : INFO : topic #2 (0.050): 0.001*"pleb" + 0.001*"style" + 0.001*"placeholder" + 0.001*"regulation" + 0.001*"golix" + 0.001*"porsches" + 0.001*"taste" + 0.001*"911" + 0.001*"countach" + 0.001*"tetherto"
2018-08-28 04:59:06,811 : INFO : topic #1 (0.050): 0.046*"link" + 0.010*"chainlink" + 0.009*"token" + 0.008*"would" + 0.007*"price" + 0.007*"swift" + 0.006*"node" + 0.006*"smart" + 0.006*"like" + 0.006*"make"
2018-08-28 04:59:06,812 : INFO : topic #0 (0.050): 0.012*"get" + 0.010*"like" + 0.009*"im" + 0.009*"money" + 0.008*"make" + 0.007*"want" + 0.007*"people" + 0.007*"would" + 0.006*"year" + 0.006*"good"
2018-08-28 04:59:06,814 : INFO : topic #7 (0.050): 0.005*"even" + 0.005*"like" + 0.005*"get" + 0.005*"make" + 0.004*"one" + 0.004*"would" + 0.004*"know" + 0.004*"req" + 0.004*"go" + 0.004*"shit"
2018-08-28 04:59:06,816 : INFO : topic diff=0.003777, rho=0.103142
2018-08-28 04:59:11,577 : INFO : -8.333 per-word bound, 322.6 perplexity estimate based on a held-out corpus of 1067 documents with 1256157 words
2018-08-28 04:59:11,578 : INFO : PROGRESS: pass 93, at document #1067/1067
2018-08-28 04:59:13,847 : INFO : topic #13 (0.050): 0.013*"pbc" + 0.009*"fake" + 0.009*"pick" + 0.008*"dash" + 0.007*"teeka" + 0.007*"group" + 0.006*"slr" + 0.006*"leak" + 0.005*"subscriber" + 0.005*"pot"
2018-08-28 04:59:13,849 : INFO : topic #1 (0.050): 0.046*"link" + 0.010*"chainlink" + 0.009*"token" + 0.008*"would" + 0.007*"price" + 0.007*"swift" + 0.006*"node" + 0.006*"smart" + 0.006*"like" + 0.006*"make"
2018-08-28 04:59:13,852 : INFO : topic #18 (0.050): 0.015*"ha" + 0.012*"city" + 0.003*"place" + 0.003*"live" + 0.002*"la" + 0.002*"culture" + 0.002*"tokyo" + 0.002*"great" + 0.002*"london" + 0.001*"paris"
2018-08-28 04:59:13,854 : INFO : topic #15 (0.050): 0.014*"die" + 0.010*"monero" + 0.007*"market" + 0.006*"token" + 0.005*"would" + 0.005*"coin" + 0.005*"rcn" + 0.004*"like" + 0.004*"use" + 0.004*"product"
2018-08-28 04:59:13,855 : INFO : topic #0 (0.050): 0.012*"get" + 0.010*"like" + 0.009*"im" + 0.009*"money" + 0.008*"make" + 0.007*"want" + 0.007*"people" + 0.007*"would" + 0.006*"year" + 0.006*"good"
2018-08-28 04:59:13,857 : INFO : topic diff=0.003719, rho=0.102598
2018-08-28 04:59:18,654 : INFO : -8.333 per-word bound, 322.5 perplexity estimate based on a held-out corpus of 1067 documents with 1256157 words
2018-08-28 04:59:18,655 : INFO : PROGRESS: pass 94, at document #1067/1067
2018-08-28 04:59:20,952 : INFO : topic #14 (0.050): 0.012*"tether" + 0.012*"tax" + 0.009*"crypto" + 0.008*"btc" + 0.008*"money" + 0.007*"exchange" + 0.007*"get" + 0.006*"like" + 0.006*"trade" + 0.006*"gain"
2018-08-28 04:59:20,954 : INFO : topic #16 (0.050): 0.007*"bitcoin" + 0.007*"btc" + 0.004*"coin" + 0.003*"see" + 0.003*"bcc" + 0.003*"cos" + 0.003*"bch" + 0.003*"going" + 0.003*"it" + 0.003*"like"
2018-08-28 04:59:20,955 : INFO : topic #5 (0.050): 0.073*"chancoin" + 0.061*"ark" + 0.015*"roll" + 0.009*"wallet" + 0.007*"delegate" + 0.006*"rolling" + 0.006*"quad" + 0.005*"address" + 0.005*"staking" + 0.005*"arkies"
2018-08-28 04:59:20,957 : INFO : topic #9 (0.050): 0.023*"btc" + 0.018*"bitcoin" + 0.018*"bch" + 0.007*"people" + 0.006*"like" + 0.006*"would" + 0.006*"going" + 0.005*"transaction" + 0.005*"time" + 0.005*"get"
2018-08-28 04:59:20,958 : INFO : topic #11 (0.050): 0.005*"boomer" + 0.004*"pip" + 0.004*"card" + 0.003*"student" + 0.003*"loan" + 0.002*"generation" + 0.002*"pokemon" + 0.002*"racist" + 0.001*"year" + 0.001*"old"
2018-08-28 04:59:20,961 : INFO : topic diff=0.003665, rho=0.102062
2018-08-28 04:59:25,727 : INFO : -8.333 per-word bound, 322.5 perplexity estimate based on a held-out corpus of 1067 documents with 1256157 words
2018-08-28 04:59:25,730 : INFO : PROGRESS: pass 95, at document #1067/1067
2018-08-28 04:59:28,017 : INFO : topic #5 (0.050): 0.073*"chancoin" + 0.061*"ark" + 0.015*"roll" + 0.009*"wallet" + 0.007*"delegate" + 0.006*"rolling" + 0.006*"quad" + 0.005*"address" + 0.005*"staking" + 0.005*"arkies"
2018-08-28 04:59:28,019 : INFO : topic #3 (0.050): 0.009*"like" + 0.008*"im" + 0.008*"get" + 0.007*"buy" + 0.007*"stock" + 0.006*"going" + 0.006*"money" + 0.006*"market" + 0.005*"day" + 0.005*"good"
2018-08-28 04:59:28,021 : INFO : topic #18 (0.050): 0.015*"ha" + 0.012*"city" + 0.003*"place" + 0.003*"live" + 0.002*"la" + 0.002*"culture" + 0.002*"tokyo" + 0.002*"great" + 0.002*"london" + 0.001*"paris"
2018-08-28 04:59:28,022 : INFO : topic #7 (0.050): 0.005*"even" + 0.005*"like" + 0.005*"get" + 0.005*"make" + 0.004*"one" + 0.004*"would" + 0.004*"req" + 0.004*"know" + 0.004*"go" + 0.004*"shit"
2018-08-28 04:59:28,024 : INFO : topic #6 (0.050): 0.016*"wallet" + 0.008*"contract" + 0.007*"key" + 0.007*"address" + 0.006*"use" + 0.006*"private" + 0.005*"get" + 0.005*"send" + 0.005*"transaction" + 0.004*"blockchain"
2018-08-28 04:59:28,026 : INFO : topic diff=0.003612, rho=0.101535
2018-08-28 04:59:32,791 : INFO : -8.333 per-word bound, 322.4 perplexity estimate based on a held-out corpus of 1067 documents with 1256157 words
2018-08-28 04:59:32,792 : INFO : PROGRESS: pass 96, at document #1067/1067
2018-08-28 04:59:35,039 : INFO : topic #0 (0.050): 0.012*"get" + 0.010*"like" + 0.009*"im" + 0.009*"money" + 0.008*"make" + 0.007*"want" + 0.007*"people" + 0.007*"would" + 0.006*"year" + 0.006*"good"
2018-08-28 04:59:35,041 : INFO : topic #2 (0.050): 0.001*"pleb" + 0.001*"style" + 0.001*"placeholder" + 0.001*"regulation" + 0.001*"golix" + 0.001*"porsches" + 0.001*"taste" + 0.001*"911" + 0.001*"countach" + 0.001*"tetherto"
2018-08-28 04:59:35,043 : INFO : topic #18 (0.050): 0.015*"ha" + 0.012*"city" + 0.003*"place" + 0.003*"live" + 0.002*"la" + 0.002*"culture" + 0.002*"tokyo" + 0.002*"great" + 0.002*"london" + 0.001*"paris"
2018-08-28 04:59:35,045 : INFO : topic #17 (0.050): 0.012*"eth" + 0.009*"people" + 0.008*"cp" + 0.008*"child" + 0.006*"fucking" + 0.005*"ethereum" + 0.005*"like" + 0.005*"vitalik" + 0.005*"he" + 0.004*"shit"
2018-08-28 04:59:35,048 : INFO : topic #8 (0.050): 0.010*"car" + 0.009*"like" + 0.006*"get" + 0.006*"people" + 0.005*"fucking" + 0.005*"shit" + 0.004*"im" + 0.004*"one" + 0.004*"want" + 0.004*"make"
2018-08-28 04:59:35,050 : INFO : topic diff=0.003556, rho=0.101015
2018-08-28 04:59:39,868 : INFO : -8.333 per-word bound, 322.4 perplexity estimate based on a held-out corpus of 1067 documents with 1256157 words
2018-08-28 04:59:39,869 : INFO : PROGRESS: pass 97, at document #1067/1067
2018-08-28 04:59:42,155 : INFO : topic #3 (0.050): 0.009*"like" + 0.008*"im" + 0.008*"get" + 0.007*"buy" + 0.007*"stock" + 0.006*"going" + 0.006*"money" + 0.006*"market" + 0.005*"day" + 0.005*"good"
2018-08-28 04:59:42,157 : INFO : topic #13 (0.050): 0.013*"pbc" + 0.009*"fake" + 0.009*"pick" + 0.008*"dash" + 0.007*"teeka" + 0.007*"group" + 0.006*"slr" + 0.006*"leak" + 0.005*"subscriber" + 0.005*"pot"
2018-08-28 04:59:42,159 : INFO : topic #2 (0.050): 0.001*"pleb" + 0.001*"style" + 0.001*"placeholder" + 0.001*"regulation" + 0.001*"golix" + 0.001*"porsches" + 0.001*"taste" + 0.001*"911" + 0.001*"countach" + 0.001*"tetherto"
2018-08-28 04:59:42,160 : INFO : topic #14 (0.050): 0.012*"tether" + 0.012*"tax" + 0.009*"crypto" + 0.008*"btc" + 0.008*"money" + 0.007*"exchange" + 0.007*"get" + 0.006*"like" + 0.006*"trade" + 0.006*"gain"
2018-08-28 04:59:42,161 : INFO : topic #8 (0.050): 0.010*"car" + 0.009*"like" + 0.006*"get" + 0.006*"people" + 0.005*"fucking" + 0.005*"shit" + 0.004*"im" + 0.004*"one" + 0.004*"want" + 0.004*"make"
2018-08-28 04:59:42,163 : INFO : topic diff=0.003502, rho=0.100504
2018-08-28 04:59:46,932 : INFO : -8.332 per-word bound, 322.3 perplexity estimate based on a held-out corpus of 1067 documents with 1256157 words
2018-08-28 04:59:46,933 : INFO : PROGRESS: pass 98, at document #1067/1067
2018-08-28 04:59:49,245 : INFO : topic #19 (0.050): 0.004*"trip" + 0.004*"beta" + 0.003*"god" + 0.002*"tit" + 0.002*"foot" + 0.002*"post" + 0.002*"as" + 0.002*"he" + 0.002*"guy" + 0.002*"board"
2018-08-28 04:59:49,247 : INFO : topic #16 (0.050): 0.007*"bitcoin" + 0.006*"btc" + 0.004*"coin" + 0.003*"cos" + 0.003*"bcc" + 0.003*"see" + 0.003*"bch" + 0.003*"it" + 0.003*"going" + 0.003*"like"
2018-08-28 04:59:49,248 : INFO : topic #9 (0.050): 0.023*"btc" + 0.018*"bitcoin" + 0.018*"bch" + 0.007*"people" + 0.006*"like" + 0.006*"would" + 0.006*"going" + 0.005*"transaction" + 0.005*"time" + 0.005*"get"
2018-08-28 04:59:49,250 : INFO : topic #10 (0.050): 0.011*"buy" + 0.011*"coin" + 0.009*"im" + 0.008*"get" + 0.008*"like" + 0.008*"going" + 0.007*"fucking" + 0.006*"go" + 0.006*"sell" + 0.006*"shit"
2018-08-28 04:59:49,251 : INFO : topic #18 (0.050): 0.015*"ha" + 0.012*"city" + 0.003*"place" + 0.003*"live" + 0.002*"la" + 0.002*"culture" + 0.002*"tokyo" + 0.002*"great" + 0.002*"london" + 0.001*"paris"
2018-08-28 04:59:49,253 : INFO : topic diff=0.003455, rho=0.100000
2018-08-28 04:59:54,079 : INFO : -8.332 per-word bound, 322.3 perplexity estimate based on a held-out corpus of 1067 documents with 1256157 words
2018-08-28 04:59:54,082 : INFO : PROGRESS: pass 99, at document #1067/1067
2018-08-28 04:59:55,863 : INFO : topic #4 (0.050): 0.000*"giddy" + 0.000*"devestating" + 0.000*"like" + 0.000*"get" + 0.000*"people" + 0.000*"im" + 0.000*"buy" + 0.000*"would" + 0.000*"want" + 0.000*"link"
2018-08-28 04:59:55,866 : INFO : topic #11 (0.050): 0.005*"boomer" + 0.004*"pip" + 0.004*"card" + 0.003*"student" + 0.003*"loan" + 0.002*"generation" + 0.002*"pokemon" + 0.002*"racist" + 0.001*"etp" + 0.001*"old"
2018-08-28 04:59:55,868 : INFO : topic #12 (0.050): 0.018*"iota" + 0.010*"future" + 0.009*"slr" + 0.007*"mit" + 0.007*"teeka" + 0.006*"contract" + 0.005*"pbc" + 0.004*"pick" + 0.004*"powr" + 0.004*"solar"
2018-08-28 04:59:55,869 : INFO : topic #19 (0.050): 0.004*"trip" + 0.004*"beta" + 0.003*"god" + 0.002*"tit" + 0.002*"foot" + 0.002*"post" + 0.002*"as" + 0.002*"he" + 0.002*"guy" + 0.002*"board"
2018-08-28 04:59:55,870 : INFO : topic #10 (0.050): 0.011*"buy" + 0.011*"coin" + 0.009*"im" + 0.008*"get" + 0.008*"like" + 0.008*"going" + 0.007*"fucking" + 0.006*"go" + 0.006*"sell" + 0.006*"shit"
2018-08-28 04:59:55,872 : INFO : topic diff=0.003404, rho=0.099504
2018-08-28 04:59:55,873 : INFO : saving LdaState object under models/ldamodel.state, separately None
2018-08-28 04:59:55,967 : INFO : saved models/ldamodel.state
2018-08-28 04:59:56,026 : INFO : saving LdaModel object under models/ldamodel, separately ['expElogbeta', 'sstats']
2018-08-28 04:59:56,027 : INFO : storing np array 'expElogbeta' to models/ldamodel.expElogbeta.npy
2018-08-28 04:59:56,061 : INFO : not storing attribute id2word
2018-08-28 04:59:56,063 : INFO : not storing attribute state
2018-08-28 04:59:56,064 : INFO : not storing attribute dispatcher
2018-08-28 04:59:56,069 : INFO : saved models/ldamodel
2018-08-28 04:59:56,071 : INFO : topic #0 (0.050): 0.012*"get" + 0.010*"like" + 0.009*"im" + 0.009*"money" + 0.008*"make" + 0.007*"want" + 0.007*"people" + 0.007*"would" + 0.006*"year" + 0.006*"good" + 0.005*"job" + 0.005*"work" + 0.005*"life" + 0.005*"it" + 0.005*"one" + 0.005*"go" + 0.005*"fuck" + 0.005*"know" + 0.005*"fucking" + 0.005*"shit"
2018-08-28 04:59:56,073 : INFO : topic #1 (0.050): 0.046*"link" + 0.010*"chainlink" + 0.009*"token" + 0.008*"would" + 0.007*"price" + 0.007*"swift" + 0.006*"node" + 0.006*"smart" + 0.006*"like" + 0.006*"make" + 0.006*"oracle" + 0.005*"data" + 0.005*"even" + 0.005*"use" + 0.005*"get" + 0.005*"contract" + 0.005*"go" + 0.004*"network" + 0.004*"need" + 0.004*"know"
2018-08-28 04:59:56,074 : INFO : topic #2 (0.050): 0.001*"pleb" + 0.001*"style" + 0.001*"placeholder" + 0.001*"regulation" + 0.001*"golix" + 0.001*"porsches" + 0.001*"taste" + 0.001*"911" + 0.001*"countach" + 0.001*"tetherto" + 0.001*"cartoon" + 0.001*"pkb" + 0.001*"par" + 0.001*"volvo" + 0.001*"bfxna" + 0.001*"bfxww" + 0.001*"10bch" + 0.001*"unscalable" + 0.001*"ahha" + 0.001*"struggling"
2018-08-28 04:59:56,075 : INFO : topic #3 (0.050): 0.009*"like" + 0.008*"im" + 0.008*"get" + 0.007*"buy" + 0.007*"stock" + 0.006*"going" + 0.006*"money" + 0.006*"market" + 0.005*"day" + 0.005*"good" + 0.005*"go" + 0.005*"one" + 0.005*"time" + 0.004*"trade" + 0.004*"shit" + 0.004*"make" + 0.004*"price" + 0.004*"think" + 0.004*"trading" + 0.004*"know"
2018-08-28 04:59:56,076 : INFO : topic #4 (0.050): 0.000*"devestating" + 0.000*"giddy" + 0.000*"like" + 0.000*"get" + 0.000*"people" + 0.000*"im" + 0.000*"buy" + 0.000*"would" + 0.000*"want" + 0.000*"link" + 0.000*"even" + 0.000*"coin" + 0.000*"one" + 0.000*"btc" + 0.000*"going" + 0.000*"time" + 0.000*"make" + 0.000*"money" + 0.000*"it" + 0.000*"think"
2018-08-28 04:59:56,078 : INFO : topic #5 (0.050): 0.074*"chancoin" + 0.061*"ark" + 0.015*"roll" + 0.009*"wallet" + 0.007*"delegate" + 0.006*"rolling" + 0.006*"quad" + 0.005*"address" + 0.005*"staking" + 0.005*"arkies" + 0.004*"deluded" + 0.004*"mobile" + 0.003*"rollin" + 0.003*"arkie" + 0.003*"need" + 0.003*"eth" + 0.003*"dub" + 0.003*"stake" + 0.003*"reroll" + 0.003*"op"
2018-08-28 04:59:56,079 : INFO : topic #6 (0.050): 0.016*"wallet" + 0.008*"contract" + 0.007*"key" + 0.007*"address" + 0.006*"use" + 0.006*"private" + 0.005*"send" + 0.005*"get" + 0.005*"transaction" + 0.004*"blockchain" + 0.004*"one" + 0.004*"someone" + 0.004*"cant" + 0.003*"work" + 0.003*"eth" + 0.003*"sent" + 0.003*"like" + 0.003*"hacked" + 0.003*"smart" + 0.003*"people"
2018-08-28 04:59:56,080 : INFO : topic #7 (0.050): 0.005*"even" + 0.005*"like" + 0.005*"get" + 0.005*"make" + 0.004*"req" + 0.004*"one" + 0.004*"would" + 0.004*"know" + 0.004*"go" + 0.004*"shit" + 0.004*"use" + 0.004*"people" + 0.004*"fucking" + 0.003*"time" + 0.003*"think" + 0.003*"money" + 0.003*"im" + 0.003*"crypto" + 0.003*"see" + 0.003*"it"
2018-08-28 04:59:56,081 : INFO : topic #8 (0.050): 0.010*"car" + 0.009*"like" + 0.006*"get" + 0.006*"people" + 0.005*"fucking" + 0.005*"shit" + 0.004*"im" + 0.004*"one" + 0.004*"want" + 0.004*"make" + 0.004*"think" + 0.004*"tesla" + 0.004*"thing" + 0.004*"year" + 0.003*"know" + 0.003*"even" + 0.003*"fuck" + 0.003*"drive" + 0.003*"it" + 0.003*"thats"
2018-08-28 04:59:56,082 : INFO : topic #9 (0.050): 0.023*"btc" + 0.018*"bitcoin" + 0.018*"bch" + 0.007*"people" + 0.006*"like" + 0.006*"would" + 0.006*"going" + 0.005*"transaction" + 0.005*"time" + 0.005*"get" + 0.005*"fucking" + 0.005*"money" + 0.005*"one" + 0.005*"go" + 0.005*"coin" + 0.005*"think" + 0.005*"even" + 0.004*"miner" + 0.004*"make" + 0.004*"cash"
2018-08-28 04:59:56,083 : INFO : topic #10 (0.050): 0.011*"buy" + 0.011*"coin" + 0.009*"im" + 0.008*"get" + 0.008*"like" + 0.008*"going" + 0.007*"fucking" + 0.006*"go" + 0.006*"sell" + 0.006*"shit" + 0.005*"fuck" + 0.005*"make" + 0.005*"time" + 0.005*"back" + 0.005*"one" + 0.005*"bought" + 0.005*"btc" + 0.005*"right" + 0.005*"it" + 0.004*"people"
2018-08-28 04:59:56,085 : INFO : topic #11 (0.050): 0.005*"boomer" + 0.004*"pip" + 0.004*"card" + 0.003*"student" + 0.003*"loan" + 0.002*"generation" + 0.002*"pokemon" + 0.002*"racist" + 0.001*"etp" + 0.001*"old" + 0.001*"year" + 0.001*"biglaw" + 0.001*"t14" + 0.001*"yugioh" + 0.001*"pension" + 0.001*"lsat" + 0.001*"debt" + 0.001*"edition" + 0.001*"fx" + 0.001*"retirement"
2018-08-28 04:59:56,086 : INFO : topic #12 (0.050): 0.018*"iota" + 0.010*"future" + 0.009*"slr" + 0.007*"mit" + 0.007*"teeka" + 0.006*"contract" + 0.005*"pbc" + 0.004*"pick" + 0.004*"powr" + 0.004*"solar" + 0.004*"energy" + 0.003*"derivative" + 0.003*"solarcoin" + 0.003*"resume" + 0.003*"economics" + 0.003*"mind" + 0.002*"giota" + 0.002*"price" + 0.002*"wrong" + 0.002*"read"
2018-08-28 04:59:56,087 : INFO : topic #13 (0.050): 0.013*"pbc" + 0.009*"fake" + 0.009*"pick" + 0.008*"dash" + 0.007*"teeka" + 0.007*"group" + 0.006*"slr" + 0.006*"leak" + 0.005*"subscriber" + 0.005*"pot" + 0.005*"dnt" + 0.004*"report" + 0.003*"mtl" + 0.003*"newsletter" + 0.003*"real" + 0.003*"website" + 0.003*"palm" + 0.003*"issue" + 0.002*"bitbay" + 0.002*"private"
2018-08-28 04:59:56,089 : INFO : topic #14 (0.050): 0.012*"tether" + 0.012*"tax" + 0.009*"crypto" + 0.008*"btc" + 0.008*"money" + 0.007*"exchange" + 0.007*"get" + 0.006*"like" + 0.006*"trade" + 0.006*"gain" + 0.006*"pay" + 0.005*"usd" + 0.005*"year" + 0.005*"would" + 0.005*"bitcoin" + 0.005*"im" + 0.005*"cash" + 0.005*"fucking" + 0.005*"bitfinex" + 0.005*"people"
2018-08-28 04:59:56,090 : INFO : topic #15 (0.050): 0.014*"die" + 0.010*"monero" + 0.007*"market" + 0.006*"token" + 0.005*"would" + 0.005*"rcn" + 0.005*"coin" + 0.004*"use" + 0.004*"like" + 0.004*"product" + 0.004*"one" + 0.003*"value" + 0.003*"people" + 0.003*"think" + 0.003*"credit" + 0.003*"company" + 0.003*"want" + 0.003*"salt" + 0.003*"privacy" + 0.003*"xmr"
2018-08-28 04:59:56,091 : INFO : topic #16 (0.050): 0.007*"bitcoin" + 0.006*"btc" + 0.004*"coin" + 0.003*"cos" + 0.003*"bcc" + 0.003*"see" + 0.003*"bch" + 0.003*"it" + 0.003*"going" + 0.003*"like" + 0.003*"go" + 0.003*"sell" + 0.002*"shit" + 0.002*"think" + 0.002*"people" + 0.002*"get" + 0.002*"one" + 0.002*"fucking" + 0.002*"pump" + 0.002*"im"
2018-08-28 04:59:56,092 : INFO : topic #17 (0.050): 0.012*"eth" + 0.009*"people" + 0.008*"cp" + 0.008*"child" + 0.006*"fucking" + 0.005*"ethereum" + 0.005*"vitalik" + 0.005*"like" + 0.005*"he" + 0.004*"shit" + 0.004*"fuck" + 0.003*"even" + 0.003*"would" + 0.003*"right" + 0.003*"demand" + 0.003*"think" + 0.003*"guy" + 0.003*"porn" + 0.003*"it" + 0.003*"possession"
2018-08-28 04:59:56,093 : INFO : topic #18 (0.050): 0.015*"ha" + 0.012*"city" + 0.003*"place" + 0.003*"live" + 0.002*"la" + 0.002*"culture" + 0.002*"tokyo" + 0.002*"great" + 0.002*"london" + 0.001*"paris" + 0.001*"boring" + 0.001*"slum" + 0.001*"york" + 0.001*"weather" + 0.001*"singapore" + 0.001*"anywhere" + 0.001*"world" + 0.001*"beautiful" + 0.001*"english" + 0.001*"thailand"
2018-08-28 04:59:56,094 : INFO : topic #19 (0.050): 0.004*"trip" + 0.004*"beta" + 0.003*"god" + 0.002*"tit" + 0.002*"foot" + 0.002*"post" + 0.002*"as" + 0.002*"he" + 0.002*"guy" + 0.002*"board" + 0.002*"rsi" + 0.002*"shit" + 0.002*"whore" + 0.001*"bitch" + 0.001*"pic" + 0.001*"thread" + 0.001*"like" + 0.001*"recession" + 0.001*"buy" + 0.001*"steroid"
2018-08-28 04:59:56,108 : INFO : using symmetric alpha at 0.05
2018-08-28 04:59:56,118 : INFO : using symmetric eta at 0.05
2018-08-28 04:59:56,131 : INFO : using serial LDA version on this node
2018-08-28 04:59:56,424 : INFO : running online (multi-pass) LDA training, 20 topics, 100 passes over the supplied corpus of 2653 documents, updating model once every 2653 documents, evaluating perplexity every 2653 documents, iterating 50x with a convergence threshold of 0.001000
2018-08-28 05:00:03,643 : INFO : -14.417 per-word bound, 21871.5 perplexity estimate based on a held-out corpus of 2653 documents with 1868102 words
2018-08-28 05:00:03,645 : INFO : PROGRESS: pass 0, at document #2653/2653
2018-08-28 05:00:07,341 : INFO : topic #15 (0.050): 0.007*"like" + 0.006*"buy" + 0.006*"going" + 0.005*"btc" + 0.005*"money" + 0.005*"people" + 0.005*"shit" + 0.005*"make" + 0.005*"get" + 0.005*"coin"
2018-08-28 05:00:07,343 : INFO : topic #1 (0.050): 0.007*"get" + 0.006*"people" + 0.006*"btc" + 0.006*"coin" + 0.006*"buy" + 0.005*"like" + 0.005*"it" + 0.005*"im" + 0.005*"think" + 0.004*"one"
2018-08-28 05:00:07,345 : INFO : topic #7 (0.050): 0.008*"get" + 0.007*"btc" + 0.006*"like" + 0.005*"make" + 0.005*"buy" + 0.005*"time" + 0.005*"coin" + 0.005*"bch" + 0.005*"one" + 0.005*"would"
2018-08-28 05:00:07,347 : INFO : topic #16 (0.050): 0.007*"btc" + 0.007*"like" + 0.006*"get" + 0.005*"buy" + 0.005*"think" + 0.005*"money" + 0.004*"people" + 0.004*"go" + 0.004*"coin" + 0.004*"know"
2018-08-28 05:00:07,350 : INFO : topic #8 (0.050): 0.007*"im" + 0.007*"get" + 0.006*"like" + 0.006*"btc" + 0.006*"link" + 0.006*"coin" + 0.005*"go" + 0.005*"buy" + 0.005*"going" + 0.005*"fuck"
2018-08-28 05:00:07,358 : INFO : topic diff=9.179489, rho=1.000000
2018-08-28 05:00:14,218 : INFO : -9.139 per-word bound, 563.6 perplexity estimate based on a held-out corpus of 2653 documents with 1868102 words
2018-08-28 05:00:14,218 : INFO : PROGRESS: pass 1, at document #2653/2653
2018-08-28 05:00:17,835 : INFO : topic #1 (0.050): 0.008*"get" + 0.005*"people" + 0.005*"like" + 0.005*"btc" + 0.004*"coin" + 0.004*"buy" + 0.004*"im" + 0.004*"think" + 0.004*"it" + 0.004*"one"
2018-08-28 05:00:17,838 : INFO : topic #0 (0.050): 0.008*"im" + 0.007*"get" + 0.007*"btc" + 0.007*"coin" + 0.006*"bitcoin" + 0.006*"like" + 0.005*"money" + 0.005*"one" + 0.005*"going" + 0.005*"good"
2018-08-28 05:00:17,840 : INFO : topic #4 (0.050): 0.007*"die" + 0.007*"like" + 0.006*"get" + 0.005*"going" + 0.005*"buy" + 0.005*"fucking" + 0.005*"btc" + 0.005*"im" + 0.005*"one" + 0.004*"make"
2018-08-28 05:00:17,842 : INFO : topic #3 (0.050): 0.007*"get" + 0.006*"like" + 0.005*"buy" + 0.005*"people" + 0.005*"im" + 0.005*"shit" + 0.005*"link" + 0.005*"token" + 0.005*"market" + 0.005*"make"
2018-08-28 05:00:17,843 : INFO : topic #15 (0.050): 0.006*"like" + 0.005*"buy" + 0.005*"going" + 0.005*"money" + 0.005*"get" + 0.005*"shit" + 0.005*"coin" + 0.004*"people" + 0.004*"even" + 0.004*"btc"
2018-08-28 05:00:17,846 : INFO : topic diff=2.849427, rho=0.577350
2018-08-28 05:00:24,565 : INFO : -8.743 per-word bound, 428.5 perplexity estimate based on a held-out corpus of 2653 documents with 1868102 words
2018-08-28 05:00:24,567 : INFO : PROGRESS: pass 2, at document #2653/2653
2018-08-28 05:00:27,910 : INFO : topic #8 (0.050): 0.013*"link" + 0.006*"im" + 0.006*"get" + 0.006*"like" + 0.005*"go" + 0.005*"coin" + 0.005*"buy" + 0.005*"even" + 0.005*"fuck" + 0.004*"going"
2018-08-28 05:00:27,913 : INFO : topic #9 (0.050): 0.008*"get" + 0.007*"coin" + 0.006*"im" + 0.006*"ark" + 0.006*"make" + 0.005*"buy" + 0.005*"like" + 0.005*"going" + 0.004*"it" + 0.004*"go"
2018-08-28 05:00:27,915 : INFO : topic #14 (0.050): 0.013*"btc" + 0.008*"bitcoin" + 0.007*"buy" + 0.006*"going" + 0.006*"fucking" + 0.005*"get" + 0.005*"like" + 0.005*"people" + 0.005*"money" + 0.004*"it"
2018-08-28 05:00:27,916 : INFO : topic #7 (0.050): 0.007*"get" + 0.006*"link" + 0.006*"btc" + 0.005*"like" + 0.005*"bitcoin" + 0.005*"would" + 0.005*"make" + 0.005*"bch" + 0.005*"coin" + 0.005*"one"
2018-08-28 05:00:27,918 : INFO : topic #16 (0.050): 0.006*"like" + 0.005*"get" + 0.005*"link" + 0.005*"btc" + 0.005*"think" + 0.005*"buy" + 0.004*"money" + 0.004*"fuck" + 0.004*"people" + 0.004*"even"
2018-08-28 05:00:27,919 : INFO : topic diff=1.879326, rho=0.500000
2018-08-28 05:00:34,687 : INFO : -8.607 per-word bound, 389.9 perplexity estimate based on a held-out corpus of 2653 documents with 1868102 words
2018-08-28 05:00:34,688 : INFO : PROGRESS: pass 3, at document #2653/2653
2018-08-28 05:00:38,094 : INFO : topic #19 (0.050): 0.008*"link" + 0.006*"btc" + 0.005*"like" + 0.004*"im" + 0.004*"make" + 0.004*"bch" + 0.004*"one" + 0.003*"buy" + 0.003*"going" + 0.003*"even"
2018-08-28 05:00:38,095 : INFO : topic #12 (0.050): 0.013*"chancoin" + 0.008*"buy" + 0.008*"like" + 0.007*"get" + 0.007*"im" + 0.006*"coin" + 0.005*"sell" + 0.005*"link" + 0.005*"price" + 0.005*"go"
2018-08-28 05:00:38,097 : INFO : topic #16 (0.050): 0.006*"like" + 0.005*"link" + 0.005*"get" + 0.004*"think" + 0.004*"buy" + 0.004*"money" + 0.004*"fuck" + 0.004*"even" + 0.004*"shit" + 0.004*"im"
2018-08-28 05:00:38,098 : INFO : topic #13 (0.050): 0.007*"like" + 0.005*"get" + 0.005*"go" + 0.004*"fucking" + 0.004*"shit" + 0.004*"would" + 0.004*"im" + 0.004*"want" + 0.004*"people" + 0.003*"it"
2018-08-28 05:00:38,099 : INFO : topic #8 (0.050): 0.016*"link" + 0.006*"im" + 0.006*"get" + 0.005*"like" + 0.005*"go" + 0.005*"coin" + 0.005*"buy" + 0.005*"even" + 0.004*"fuck" + 0.004*"fucking"
2018-08-28 05:00:38,101 : INFO : topic diff=1.234097, rho=0.447214
2018-08-28 05:00:44,804 : INFO : -8.540 per-word bound, 372.1 perplexity estimate based on a held-out corpus of 2653 documents with 1868102 words
2018-08-28 05:00:44,804 : INFO : PROGRESS: pass 4, at document #2653/2653
2018-08-28 05:00:48,224 : INFO : topic #15 (0.050): 0.012*"roll" + 0.005*"get" + 0.005*"rolling" + 0.004*"coin" + 0.004*"im" + 0.004*"slr" + 0.004*"one" + 0.004*"like" + 0.004*"buy" + 0.004*"shit"
2018-08-28 05:00:48,226 : INFO : topic #14 (0.050): 0.013*"btc" + 0.009*"bitcoin" + 0.007*"buy" + 0.006*"going" + 0.006*"fucking" + 0.006*"get" + 0.005*"like" + 0.005*"people" + 0.005*"money" + 0.004*"shit"
2018-08-28 05:00:48,227 : INFO : topic #9 (0.050): 0.010*"ark" + 0.008*"coin" + 0.008*"get" + 0.006*"im" + 0.005*"make" + 0.005*"like" + 0.005*"going" + 0.005*"buy" + 0.004*"token" + 0.004*"it"
2018-08-28 05:00:48,228 : INFO : topic #13 (0.050): 0.007*"like" + 0.005*"get" + 0.004*"go" + 0.004*"fucking" + 0.004*"shit" + 0.004*"would" + 0.004*"people" + 0.003*"im" + 0.003*"want" + 0.003*"it"
2018-08-28 05:00:48,230 : INFO : topic #12 (0.050): 0.013*"chancoin" + 0.008*"buy" + 0.008*"like" + 0.007*"get" + 0.007*"im" + 0.006*"coin" + 0.005*"sell" + 0.005*"price" + 0.005*"going" + 0.005*"link"
2018-08-28 05:00:48,232 : INFO : topic diff=0.817420, rho=0.408248
2018-08-28 05:00:54,972 : INFO : -8.501 per-word bound, 362.2 perplexity estimate based on a held-out corpus of 2653 documents with 1868102 words
2018-08-28 05:00:54,975 : INFO : PROGRESS: pass 5, at document #2653/2653
2018-08-28 05:00:58,420 : INFO : topic #4 (0.050): 0.013*"die" + 0.008*"car" + 0.007*"like" + 0.007*"get" + 0.005*"fucking" + 0.005*"im" + 0.005*"buy" + 0.004*"year" + 0.004*"one" + 0.004*"make"
2018-08-28 05:00:58,421 : INFO : topic #1 (0.050): 0.008*"get" + 0.005*"op" + 0.003*"people" + 0.003*"like" + 0.003*"money" + 0.003*"make" + 0.003*"trip" + 0.003*"im" + 0.003*"good" + 0.003*"one"
2018-08-28 05:00:58,423 : INFO : topic #14 (0.050): 0.013*"btc" + 0.008*"bitcoin" + 0.007*"buy" + 0.006*"fucking" + 0.006*"going" + 0.006*"get" + 0.005*"like" + 0.005*"people" + 0.005*"money" + 0.004*"shit"
2018-08-28 05:00:58,424 : INFO : topic #3 (0.050): 0.010*"token" + 0.006*"get" + 0.006*"market" + 0.006*"like" + 0.005*"people" + 0.005*"link" + 0.004*"cap" + 0.004*"buy" + 0.004*"make" + 0.004*"one"
2018-08-28 05:00:58,426 : INFO : topic #17 (0.050): 0.009*"like" + 0.008*"get" + 0.007*"im" + 0.006*"money" + 0.006*"people" + 0.006*"buy" + 0.006*"go" + 0.006*"make" + 0.005*"one" + 0.005*"fucking"
2018-08-28 05:00:58,428 : INFO : topic diff=0.551700, rho=0.377964
2018-08-28 05:01:05,151 : INFO : -8.476 per-word bound, 356.0 perplexity estimate based on a held-out corpus of 2653 documents with 1868102 words
2018-08-28 05:01:05,152 : INFO : PROGRESS: pass 6, at document #2653/2653
2018-08-28 05:01:08,555 : INFO : topic #19 (0.050): 0.007*"link" + 0.003*"btc" + 0.003*"like" + 0.003*"im" + 0.003*"resume" + 0.003*"make" + 0.003*"one" + 0.002*"right" + 0.002*"fuck" + 0.002*"even"
2018-08-28 05:01:08,558 : INFO : topic #16 (0.050): 0.005*"like" + 0.004*"link" + 0.004*"get" + 0.004*"think" + 0.004*"fuck" + 0.004*"good" + 0.004*"money" + 0.004*"buy" + 0.004*"shit" + 0.004*"even"
2018-08-28 05:01:08,559 : INFO : topic #14 (0.050): 0.013*"btc" + 0.008*"bitcoin" + 0.007*"buy" + 0.006*"fucking" + 0.006*"going" + 0.006*"get" + 0.005*"like" + 0.005*"people" + 0.005*"money" + 0.004*"shit"
2018-08-28 05:01:08,560 : INFO : topic #3 (0.050): 0.010*"token" + 0.006*"market" + 0.006*"get" + 0.006*"like" + 0.005*"people" + 0.005*"cap" + 0.004*"link" + 0.004*"one" + 0.004*"make" + 0.004*"shit"
2018-08-28 05:01:08,562 : INFO : topic #6 (0.050): 0.008*"like" + 0.007*"get" + 0.007*"buy" + 0.006*"coin" + 0.006*"im" + 0.006*"fucking" + 0.006*"make" + 0.005*"money" + 0.005*"btc" + 0.005*"going"
2018-08-28 05:01:08,564 : INFO : topic diff=0.380919, rho=0.353553
2018-08-28 05:01:15,236 : INFO : -8.459 per-word bound, 351.8 perplexity estimate based on a held-out corpus of 2653 documents with 1868102 words
2018-08-28 05:01:15,237 : INFO : PROGRESS: pass 7, at document #2653/2653
2018-08-28 05:01:18,771 : INFO : topic #0 (0.050): 0.008*"im" + 0.008*"coin" + 0.007*"get" + 0.007*"like" + 0.006*"money" + 0.006*"btc" + 0.005*"buy" + 0.005*"one" + 0.005*"going" + 0.005*"year"
2018-08-28 05:01:18,774 : INFO : topic #15 (0.050): 0.015*"roll" + 0.008*"pbc" + 0.007*"slr" + 0.007*"powr" + 0.006*"pick" + 0.006*"rolling" + 0.006*"get" + 0.006*"teeka" + 0.005*"op" + 0.005*"dub"
2018-08-28 05:01:18,776 : INFO : topic #8 (0.050): 0.027*"link" + 0.006*"go" + 0.005*"like" + 0.005*"get" + 0.005*"im" + 0.005*"even" + 0.005*"chainlink" + 0.005*"coin" + 0.005*"time" + 0.005*"fucking"
2018-08-28 05:01:18,777 : INFO : topic #11 (0.050): 0.004*"sticker" + 0.004*"even" + 0.004*"omisego" + 0.004*"tether" + 0.003*"make" + 0.003*"think" + 0.003*"one" + 0.003*"skateboard" + 0.003*"bitfinex" + 0.003*"know"
2018-08-28 05:01:18,778 : INFO : topic #13 (0.050): 0.006*"like" + 0.005*"get" + 0.004*"go" + 0.004*"shit" + 0.004*"would" + 0.003*"fucking" + 0.003*"good" + 0.003*"people" + 0.003*"it" + 0.003*"look"
2018-08-28 05:01:18,780 : INFO : topic diff=0.269397, rho=0.333333
2018-08-28 05:01:25,534 : INFO : -8.446 per-word bound, 348.8 perplexity estimate based on a held-out corpus of 2653 documents with 1868102 words
2018-08-28 05:01:25,536 : INFO : PROGRESS: pass 8, at document #2653/2653
2018-08-28 05:01:28,955 : INFO : topic #19 (0.050): 0.005*"link" + 0.003*"resume" + 0.002*"btc" + 0.002*"like" + 0.002*"im" + 0.002*"make" + 0.002*"one" + 0.002*"right" + 0.002*"fuck" + 0.002*"shit"
2018-08-28 05:01:28,956 : INFO : topic #13 (0.050): 0.006*"like" + 0.005*"get" + 0.004*"go" + 0.003*"shit" + 0.003*"would" + 0.003*"good" + 0.003*"people" + 0.003*"fucking" + 0.003*"look" + 0.003*"one"
2018-08-28 05:01:28,958 : INFO : topic #18 (0.050): 0.007*"like" + 0.007*"get" + 0.006*"make" + 0.006*"people" + 0.005*"im" + 0.005*"money" + 0.005*"would" + 0.005*"fucking" + 0.004*"shit" + 0.004*"one"
2018-08-28 05:01:28,959 : INFO : topic #8 (0.050): 0.029*"link" + 0.006*"go" + 0.005*"like" + 0.005*"get" + 0.005*"chainlink" + 0.005*"even" + 0.005*"im" + 0.005*"time" + 0.005*"fucking" + 0.005*"coin"
2018-08-28 05:01:28,961 : INFO : topic #4 (0.050): 0.015*"die" + 0.011*"car" + 0.007*"like" + 0.007*"get" + 0.005*"fucking" + 0.004*"im" + 0.004*"buy" + 0.004*"year" + 0.004*"one" + 0.004*"fuck"
2018-08-28 05:01:28,964 : INFO : topic diff=0.195504, rho=0.316228
2018-08-28 05:01:35,685 : INFO : -8.436 per-word bound, 346.4 perplexity estimate based on a held-out corpus of 2653 documents with 1868102 words
2018-08-28 05:01:35,687 : INFO : PROGRESS: pass 9, at document #2653/2653
2018-08-28 05:01:39,146 : INFO : topic #19 (0.050): 0.004*"link" + 0.004*"resume" + 0.002*"btc" + 0.002*"like" + 0.002*"im" + 0.002*"make" + 0.002*"one" + 0.002*"right" + 0.001*"fuck" + 0.001*"shit"
2018-08-28 05:01:39,147 : INFO : topic #3 (0.050): 0.012*"token" + 0.006*"market" + 0.006*"get" + 0.005*"like" + 0.005*"cap" + 0.005*"people" + 0.004*"one" + 0.004*"eth" + 0.004*"ico" + 0.004*"make"
2018-08-28 05:01:39,149 : INFO : topic #6 (0.050): 0.008*"like" + 0.008*"buy" + 0.008*"get" + 0.007*"coin" + 0.007*"im" + 0.006*"fucking" + 0.006*"make" + 0.005*"money" + 0.005*"going" + 0.005*"shit"
2018-08-28 05:01:39,151 : INFO : topic #0 (0.050): 0.008*"im" + 0.008*"coin" + 0.007*"get" + 0.007*"like" + 0.006*"money" + 0.005*"btc" + 0.005*"buy" + 0.005*"year" + 0.005*"one" + 0.005*"going"
2018-08-28 05:01:39,152 : INFO : topic #1 (0.050): 0.006*"get" + 0.004*"op" + 0.003*"board" + 0.002*"trip" + 0.002*"financial" + 0.002*"people" + 0.002*"good" + 0.002*"bank" + 0.002*"pay" + 0.002*"also"
2018-08-28 05:01:39,155 : INFO : topic diff=0.145693, rho=0.301511
2018-08-28 05:01:45,890 : INFO : -8.429 per-word bound, 344.6 perplexity estimate based on a held-out corpus of 2653 documents with 1868102 words
2018-08-28 05:01:45,891 : INFO : PROGRESS: pass 10, at document #2653/2653
2018-08-28 05:01:49,335 : INFO : topic #5 (0.050): 0.008*"get" + 0.008*"wallet" + 0.008*"im" + 0.007*"like" + 0.005*"make" + 0.005*"good" + 0.005*"would" + 0.004*"know" + 0.004*"coin" + 0.004*"want"
2018-08-28 05:01:49,336 : INFO : topic #13 (0.050): 0.006*"like" + 0.004*"get" + 0.003*"shit" + 0.003*"would" + 0.003*"good" + 0.003*"go" + 0.003*"look" + 0.003*"people" + 0.003*"fucking" + 0.003*"think"
2018-08-28 05:01:49,337 : INFO : topic #7 (0.050): 0.013*"link" + 0.007*"contract" + 0.006*"use" + 0.006*"transaction" + 0.006*"would" + 0.006*"token" + 0.006*"node" + 0.006*"smart" + 0.006*"network" + 0.005*"like"
2018-08-28 05:01:49,339 : INFO : topic #2 (0.050): 0.005*"iota" + 0.005*"get" + 0.004*"use" + 0.003*"work" + 0.003*"shit" + 0.002*"want" + 0.002*"know" + 0.002*"would" + 0.002*"im" + 0.002*"phone"
2018-08-28 05:01:49,340 : INFO : topic #18 (0.050): 0.007*"like" + 0.006*"get" + 0.006*"make" + 0.005*"people" + 0.005*"im" + 0.005*"money" + 0.005*"would" + 0.005*"fucking" + 0.004*"shit" + 0.004*"one"
2018-08-28 05:01:49,343 : INFO : topic diff=0.111792, rho=0.288675
2018-08-28 05:01:58,617 : INFO : -8.422 per-word bound, 343.0 perplexity estimate based on a held-out corpus of 2653 documents with 1868102 words
2018-08-28 05:01:58,618 : INFO : PROGRESS: pass 11, at document #2653/2653
2018-08-28 05:02:05,674 : INFO : topic #3 (0.050): 0.012*"token" + 0.007*"market" + 0.005*"get" + 0.005*"like" + 0.005*"cap" + 0.005*"people" + 0.004*"ico" + 0.004*"team" + 0.004*"eth" + 0.004*"one"
2018-08-28 05:02:05,676 : INFO : topic #16 (0.050): 0.004*"like" + 0.004*"fuck" + 0.003*"think" + 0.003*"good" + 0.003*"market" + 0.003*"get" + 0.003*"money" + 0.003*"one" + 0.003*"shit" + 0.003*"even"
2018-08-28 05:02:05,677 : INFO : topic #6 (0.050): 0.008*"like" + 0.008*"buy" + 0.008*"get" + 0.007*"coin" + 0.007*"im" + 0.007*"fucking" + 0.006*"make" + 0.005*"money" + 0.005*"going" + 0.005*"shit"
2018-08-28 05:02:05,679 : INFO : topic #11 (0.050): 0.005*"omisego" + 0.005*"sticker" + 0.004*"skateboard" + 0.004*"even" + 0.003*"bitfinex" + 0.003*"make" + 0.003*"tether" + 0.003*"request" + 0.003*"think" + 0.003*"one"
2018-08-28 05:02:05,681 : INFO : topic #1 (0.050): 0.005*"get" + 0.004*"op" + 0.003*"board" + 0.002*"financial" + 0.002*"trip" + 0.002*"bank" + 0.002*"also" + 0.002*"good" + 0.002*"people" + 0.002*"pay"
2018-08-28 05:02:05,684 : INFO : topic diff=0.088506, rho=0.277350
2018-08-28 05:02:17,441 : INFO : -8.417 per-word bound, 341.7 perplexity estimate based on a held-out corpus of 2653 documents with 1868102 words
2018-08-28 05:02:17,442 : INFO : PROGRESS: pass 12, at document #2653/2653
2018-08-28 05:02:21,869 : INFO : topic #13 (0.050): 0.005*"like" + 0.004*"get" + 0.003*"good" + 0.003*"shit" + 0.003*"look" + 0.003*"would" + 0.003*"go" + 0.003*"city" + 0.003*"people" + 0.003*"fucking"
2018-08-28 05:02:21,871 : INFO : topic #0 (0.050): 0.008*"im" + 0.008*"coin" + 0.007*"like" + 0.007*"get" + 0.006*"money" + 0.005*"btc" + 0.005*"year" + 0.005*"buy" + 0.005*"one" + 0.005*"make"
2018-08-28 05:02:21,872 : INFO : topic #8 (0.050): 0.034*"link" + 0.006*"go" + 0.006*"chainlink" + 0.005*"even" + 0.005*"sergey" + 0.005*"like" + 0.005*"time" + 0.005*"get" + 0.005*"fucking" + 0.005*"im"
2018-08-28 05:02:21,874 : INFO : topic #15 (0.050): 0.016*"roll" + 0.012*"pbc" + 0.012*"powr" + 0.010*"slr" + 0.009*"pick" + 0.009*"teeka" + 0.008*"op" + 0.007*"dub" + 0.007*"get" + 0.007*"rolling"
2018-08-28 05:02:21,875 : INFO : topic #18 (0.050): 0.007*"like" + 0.006*"get" + 0.006*"make" + 0.005*"people" + 0.005*"im" + 0.005*"money" + 0.005*"would" + 0.005*"fucking" + 0.004*"shit" + 0.004*"one"
2018-08-28 05:02:21,877 : INFO : topic diff=0.072307, rho=0.267261
2018-08-28 05:02:28,589 : INFO : -8.412 per-word bound, 340.5 perplexity estimate based on a held-out corpus of 2653 documents with 1868102 words
2018-08-28 05:02:28,590 : INFO : PROGRESS: pass 13, at document #2653/2653
2018-08-28 05:02:32,203 : INFO : topic #11 (0.050): 0.005*"omisego" + 0.005*"sticker" + 0.004*"skateboard" + 0.004*"even" + 0.003*"yc" + 0.003*"request" + 0.003*"make" + 0.003*"apple" + 0.003*"bitfinex" + 0.003*"partnership"
2018-08-28 05:02:32,205 : INFO : topic #0 (0.050): 0.009*"im" + 0.008*"coin" + 0.007*"like" + 0.007*"get" + 0.006*"money" + 0.005*"btc" + 0.005*"year" + 0.005*"buy" + 0.005*"one" + 0.005*"make"
2018-08-28 05:02:32,206 : INFO : topic #9 (0.050): 0.024*"ark" + 0.008*"coin" + 0.007*"get" + 0.005*"going" + 0.005*"rcn" + 0.005*"im" + 0.005*"token" + 0.004*"like" + 0.004*"make" + 0.004*"buy"
2018-08-28 05:02:32,208 : INFO : topic #12 (0.050): 0.011*"buy" + 0.009*"chancoin" + 0.008*"like" + 0.008*"coin" + 0.007*"get" + 0.007*"im" + 0.006*"going" + 0.006*"sell" + 0.006*"price" + 0.005*"moon"
2018-08-28 05:02:32,209 : INFO : topic #15 (0.050): 0.016*"roll" + 0.013*"powr" + 0.013*"pbc" + 0.010*"slr" + 0.009*"pick" + 0.009*"teeka" + 0.008*"op" + 0.007*"dub" + 0.007*"get" + 0.007*"rolling"
2018-08-28 05:02:32,211 : INFO : topic diff=0.060740, rho=0.258199
2018-08-28 05:02:38,882 : INFO : -8.407 per-word bound, 339.5 perplexity estimate based on a held-out corpus of 2653 documents with 1868102 words
2018-08-28 05:02:38,882 : INFO : PROGRESS: pass 14, at document #2653/2653
2018-08-28 05:02:42,344 : INFO : topic #13 (0.050): 0.005*"like" + 0.004*"get" + 0.003*"city" + 0.003*"good" + 0.003*"look" + 0.003*"shit" + 0.003*"would" + 0.003*"go" + 0.003*"people" + 0.003*"fucking"
2018-08-28 05:02:42,346 : INFO : topic #5 (0.050): 0.009*"wallet" + 0.008*"get" + 0.007*"im" + 0.007*"like" + 0.005*"make" + 0.005*"good" + 0.005*"would" + 0.004*"know" + 0.004*"use" + 0.004*"want"
2018-08-28 05:02:42,347 : INFO : topic #14 (0.050): 0.010*"btc" + 0.007*"buy" + 0.007*"bitcoin" + 0.006*"fucking" + 0.006*"get" + 0.006*"going" + 0.005*"like" + 0.004*"shit" + 0.004*"money" + 0.004*"fuck"
2018-08-28 05:02:42,349 : INFO : topic #1 (0.050): 0.004*"get" + 0.003*"board" + 0.003*"op" + 0.003*"financial" + 0.002*"bank" + 0.002*"also" + 0.001*"good" + 0.001*"steroid" + 0.001*"ebay" + 0.001*"follower"
2018-08-28 05:02:42,351 : INFO : topic #4 (0.050): 0.018*"die" + 0.015*"car" + 0.007*"like" + 0.006*"get" + 0.004*"fucking" + 0.004*"year" + 0.004*"buy" + 0.004*"one" + 0.004*"im" + 0.004*"fuck"
2018-08-28 05:02:42,353 : INFO : topic diff=0.052218, rho=0.250000
2018-08-28 05:02:49,100 : INFO : -8.404 per-word bound, 338.6 perplexity estimate based on a held-out corpus of 2653 documents with 1868102 words
2018-08-28 05:02:49,100 : INFO : PROGRESS: pass 15, at document #2653/2653
2018-08-28 05:02:52,589 : INFO : topic #9 (0.050): 0.026*"ark" + 0.008*"coin" + 0.007*"get" + 0.005*"going" + 0.005*"rcn" + 0.005*"token" + 0.004*"im" + 0.004*"like" + 0.004*"make" + 0.004*"it"
2018-08-28 05:02:52,593 : INFO : topic #1 (0.050): 0.003*"get" + 0.003*"board" + 0.003*"financial" + 0.003*"op" + 0.002*"bank" + 0.002*"also" + 0.001*"steroid" + 0.001*"ebay" + 0.001*"follower" + 0.001*"good"
2018-08-28 05:02:52,594 : INFO : topic #12 (0.050): 0.011*"buy" + 0.009*"chancoin" + 0.008*"coin" + 0.008*"like" + 0.008*"get" + 0.007*"im" + 0.007*"going" + 0.006*"sell" + 0.006*"price" + 0.005*"moon"
2018-08-28 05:02:52,596 : INFO : topic #14 (0.050): 0.010*"btc" + 0.007*"buy" + 0.007*"bitcoin" + 0.007*"fucking" + 0.006*"get" + 0.006*"going" + 0.005*"like" + 0.004*"shit" + 0.004*"money" + 0.004*"fuck"
2018-08-28 05:02:52,598 : INFO : topic #4 (0.050): 0.019*"die" + 0.015*"car" + 0.007*"like" + 0.006*"get" + 0.004*"fucking" + 0.004*"year" + 0.004*"buy" + 0.004*"one" + 0.004*"im" + 0.004*"fuck"
2018-08-28 05:02:52,600 : INFO : topic diff=0.045765, rho=0.242536
2018-08-28 05:02:59,577 : INFO : -8.400 per-word bound, 337.8 perplexity estimate based on a held-out corpus of 2653 documents with 1868102 words
2018-08-28 05:02:59,578 : INFO : PROGRESS: pass 16, at document #2653/2653
2018-08-28 05:03:03,005 : INFO : topic #10 (0.050): 0.027*"btc" + 0.019*"bch" + 0.019*"bitcoin" + 0.007*"going" + 0.006*"people" + 0.006*"like" + 0.005*"would" + 0.005*"get" + 0.005*"price" + 0.005*"time"
2018-08-28 05:03:03,006 : INFO : topic #19 (0.050): 0.004*"resume" + 0.001*"link" + 0.001*"f5" + 0.001*"template" + 0.001*"computing" + 0.001*"spell" + 0.001*"rolex" + 0.001*"parent" + 0.001*"flashy" + 0.001*"bullet"
2018-08-28 05:03:03,008 : INFO : topic #13 (0.050): 0.005*"like" + 0.004*"city" + 0.003*"get" + 0.003*"look" + 0.003*"good" + 0.003*"shit" + 0.003*"would" + 0.002*"go" + 0.002*"people" + 0.002*"think"
2018-08-28 05:03:03,009 : INFO : topic #17 (0.050): 0.010*"like" + 0.009*"get" + 0.007*"money" + 0.007*"im" + 0.007*"people" + 0.007*"make" + 0.005*"go" + 0.005*"want" + 0.005*"one" + 0.005*"fucking"
2018-08-28 05:03:03,010 : INFO : topic #7 (0.050): 0.013*"link" + 0.008*"contract" + 0.007*"token" + 0.007*"use" + 0.007*"would" + 0.007*"node" + 0.007*"network" + 0.006*"smart" + 0.006*"transaction" + 0.006*"blockchain"
2018-08-28 05:03:03,013 : INFO : topic diff=0.040785, rho=0.235702
2018-08-28 05:03:09,721 : INFO : -8.397 per-word bound, 337.1 perplexity estimate based on a held-out corpus of 2653 documents with 1868102 words
2018-08-28 05:03:09,721 : INFO : PROGRESS: pass 17, at document #2653/2653
2018-08-28 05:03:13,215 : INFO : topic #1 (0.050): 0.003*"board" + 0.003*"get" + 0.003*"financial" + 0.002*"op" + 0.002*"bank" + 0.002*"also" + 0.002*"steroid" + 0.001*"follower" + 0.001*"ebay" + 0.001*"treasury"
2018-08-28 05:03:13,217 : INFO : topic #6 (0.050): 0.008*"like" + 0.008*"buy" + 0.008*"get" + 0.007*"fucking" + 0.007*"coin" + 0.007*"im" + 0.006*"make" + 0.006*"money" + 0.005*"going" + 0.005*"shit"
2018-08-28 05:03:13,218 : INFO : topic #19 (0.050): 0.004*"resume" + 0.001*"f5" + 0.001*"link" + 0.001*"template" + 0.001*"computing" + 0.001*"spell" + 0.001*"rolex" + 0.001*"parent" + 0.001*"flashy" + 0.001*"bullet"
2018-08-28 05:03:13,220 : INFO : topic #16 (0.050): 0.003*"like" + 0.003*"fuck" + 0.003*"good" + 0.003*"market" + 0.003*"nigger" + 0.003*"think" + 0.002*"one" + 0.002*"money" + 0.002*"even" + 0.002*"shit"
2018-08-28 05:03:13,221 : INFO : topic #13 (0.050): 0.005*"like" + 0.004*"city" + 0.003*"get" + 0.003*"look" + 0.003*"good" + 0.003*"shit" + 0.003*"would" + 0.002*"go" + 0.002*"people" + 0.002*"think"
2018-08-28 05:03:13,223 : INFO : topic diff=0.036880, rho=0.229416
2018-08-28 05:03:19,979 : INFO : -8.394 per-word bound, 336.4 perplexity estimate based on a held-out corpus of 2653 documents with 1868102 words
2018-08-28 05:03:19,980 : INFO : PROGRESS: pass 18, at document #2653/2653
2018-08-28 05:03:23,466 : INFO : topic #6 (0.050): 0.008*"like" + 0.008*"buy" + 0.008*"get" + 0.007*"fucking" + 0.007*"coin" + 0.007*"im" + 0.006*"make" + 0.006*"money" + 0.005*"shit" + 0.005*"going"
2018-08-28 05:03:23,469 : INFO : topic #17 (0.050): 0.010*"like" + 0.009*"get" + 0.008*"money" + 0.007*"im" + 0.007*"people" + 0.007*"make" + 0.005*"go" + 0.005*"want" + 0.005*"one" + 0.005*"fucking"
2018-08-28 05:03:23,471 : INFO : topic #15 (0.050): 0.017*"roll" + 0.015*"powr" + 0.014*"pbc" + 0.011*"slr" + 0.010*"pick" + 0.010*"teeka" + 0.009*"op" + 0.008*"dub" + 0.007*"get" + 0.007*"rolling"
2018-08-28 05:03:23,474 : INFO : topic #5 (0.050): 0.010*"wallet" + 0.009*"get" + 0.007*"im" + 0.007*"like" + 0.005*"make" + 0.005*"good" + 0.005*"use" + 0.005*"would" + 0.005*"know" + 0.004*"want"
2018-08-28 05:03:23,475 : INFO : topic #14 (0.050): 0.009*"btc" + 0.007*"buy" + 0.006*"fucking" + 0.006*"bitcoin" + 0.006*"get" + 0.005*"going" + 0.005*"like" + 0.004*"shit" + 0.004*"pump" + 0.004*"fuck"
2018-08-28 05:03:23,478 : INFO : topic diff=0.033717, rho=0.223607
2018-08-28 05:03:30,241 : INFO : -8.392 per-word bound, 335.8 perplexity estimate based on a held-out corpus of 2653 documents with 1868102 words
2018-08-28 05:03:30,241 : INFO : PROGRESS: pass 19, at document #2653/2653
2018-08-28 05:03:33,638 : INFO : topic #0 (0.050): 0.009*"im" + 0.009*"coin" + 0.007*"like" + 0.007*"get" + 0.006*"money" + 0.006*"btc" + 0.006*"year" + 0.005*"buy" + 0.005*"make" + 0.005*"one"
2018-08-28 05:03:33,639 : INFO : topic #13 (0.050): 0.004*"like" + 0.004*"city" + 0.003*"get" + 0.003*"look" + 0.003*"good" + 0.003*"shit" + 0.002*"would" + 0.002*"hair" + 0.002*"go" + 0.002*"people"
2018-08-28 05:03:33,641 : INFO : topic #8 (0.050): 0.039*"link" + 0.006*"chainlink" + 0.006*"go" + 0.006*"sergey" + 0.005*"even" + 0.005*"time" + 0.005*"fucking" + 0.005*"like" + 0.004*"get" + 0.004*"linkies"
2018-08-28 05:03:33,642 : INFO : topic #5 (0.050): 0.010*"wallet" + 0.009*"get" + 0.007*"im" + 0.007*"like" + 0.005*"use" + 0.005*"make" + 0.005*"good" + 0.005*"would" + 0.005*"know" + 0.004*"want"
2018-08-28 05:03:33,644 : INFO : topic #1 (0.050): 0.003*"board" + 0.003*"financial" + 0.002*"get" + 0.002*"bank" + 0.002*"op" + 0.002*"also" + 0.002*"steroid" + 0.001*"follower" + 0.001*"ebay" + 0.001*"treasury"
2018-08-28 05:03:33,646 : INFO : topic diff=0.031106, rho=0.218218
2018-08-28 05:03:40,402 : INFO : -8.389 per-word bound, 335.2 perplexity estimate based on a held-out corpus of 2653 documents with 1868102 words
2018-08-28 05:03:40,402 : INFO : PROGRESS: pass 20, at document #2653/2653
2018-08-28 05:03:43,820 : INFO : topic #11 (0.050): 0.006*"omisego" + 0.006*"sticker" + 0.005*"skateboard" + 0.003*"yc" + 0.003*"request" + 0.003*"even" + 0.003*"apple" + 0.003*"partnership" + 0.003*"every" + 0.002*"make"
2018-08-28 05:03:43,821 : INFO : topic #16 (0.050): 0.003*"nigger" + 0.003*"like" + 0.002*"market" + 0.002*"good" + 0.002*"fuck" + 0.002*"think" + 0.002*"one" + 0.002*"even" + 0.002*"money" + 0.002*"crypto"
2018-08-28 05:03:43,823 : INFO : topic #14 (0.050): 0.008*"btc" + 0.007*"buy" + 0.006*"fucking" + 0.006*"bitcoin" + 0.006*"get" + 0.005*"going" + 0.004*"like" + 0.004*"shit" + 0.004*"pump" + 0.004*"fuck"
2018-08-28 05:03:43,824 : INFO : topic #8 (0.050): 0.040*"link" + 0.006*"chainlink" + 0.006*"go" + 0.006*"sergey" + 0.005*"even" + 0.005*"time" + 0.005*"fucking" + 0.005*"like" + 0.004*"get" + 0.004*"linkies"
2018-08-28 05:03:43,826 : INFO : topic #10 (0.050): 0.027*"btc" + 0.019*"bch" + 0.019*"bitcoin" + 0.007*"going" + 0.006*"people" + 0.006*"like" + 0.005*"would" + 0.005*"get" + 0.005*"price" + 0.005*"time"
2018-08-28 05:03:43,828 : INFO : topic diff=0.028928, rho=0.213201
2018-08-28 05:03:50,587 : INFO : -8.387 per-word bound, 334.7 perplexity estimate based on a held-out corpus of 2653 documents with 1868102 words
2018-08-28 05:03:50,588 : INFO : PROGRESS: pass 21, at document #2653/2653
2018-08-28 05:03:54,070 : INFO : topic #2 (0.050): 0.012*"iota" + 0.003*"get" + 0.003*"use" + 0.003*"amazon" + 0.002*"50" + 0.002*"phone" + 0.002*"work" + 0.002*"account" + 0.002*"sue" + 0.002*"brooke"
2018-08-28 05:03:54,073 : INFO : topic #7 (0.050): 0.013*"link" + 0.008*"token" + 0.008*"contract" + 0.007*"use" + 0.007*"would" + 0.007*"network" + 0.007*"node" + 0.006*"smart" + 0.006*"transaction" + 0.006*"blockchain"
2018-08-28 05:03:54,074 : INFO : topic #4 (0.050): 0.022*"die" + 0.018*"car" + 0.006*"like" + 0.005*"get" + 0.004*"fucking" + 0.004*"tesla" + 0.003*"year" + 0.003*"buy" + 0.003*"one" + 0.003*"drive"
2018-08-28 05:03:54,076 : INFO : topic #16 (0.050): 0.003*"nigger" + 0.002*"like" + 0.002*"market" + 0.002*"good" + 0.002*"fuck" + 0.002*"think" + 0.002*"one" + 0.002*"even" + 0.002*"money" + 0.002*"crypto"
2018-08-28 05:03:54,078 : INFO : topic #15 (0.050): 0.017*"roll" + 0.016*"powr" + 0.015*"pbc" + 0.011*"slr" + 0.011*"pick" + 0.010*"teeka" + 0.010*"op" + 0.008*"dub" + 0.007*"get" + 0.007*"rolling"
2018-08-28 05:03:54,080 : INFO : topic diff=0.027059, rho=0.208514
2018-08-28 05:04:00,826 : INFO : -8.385 per-word bound, 334.2 perplexity estimate based on a held-out corpus of 2653 documents with 1868102 words
2018-08-28 05:04:00,827 : INFO : PROGRESS: pass 22, at document #2653/2653
2018-08-28 05:04:04,209 : INFO : topic #5 (0.050): 0.011*"wallet" + 0.009*"get" + 0.007*"im" + 0.007*"like" + 0.005*"use" + 0.005*"good" + 0.005*"make" + 0.005*"would" + 0.005*"know" + 0.004*"address"
2018-08-28 05:04:04,210 : INFO : topic #12 (0.050): 0.012*"buy" + 0.009*"coin" + 0.008*"like" + 0.008*"im" + 0.008*"get" + 0.007*"going" + 0.007*"chancoin" + 0.007*"sell" + 0.006*"price" + 0.006*"go"
2018-08-28 05:04:04,211 : INFO : topic #13 (0.050): 0.004*"city" + 0.004*"like" + 0.003*"look" + 0.003*"good" + 0.003*"get" + 0.002*"hair" + 0.002*"shit" + 0.002*"would" + 0.002*"country" + 0.002*"go"
2018-08-28 05:04:04,212 : INFO : topic #2 (0.050): 0.014*"iota" + 0.003*"amazon" + 0.003*"use" + 0.003*"50" + 0.002*"get" + 0.002*"phone" + 0.002*"work" + 0.002*"sue" + 0.002*"account" + 0.002*"brooke"
2018-08-28 05:04:04,213 : INFO : topic #17 (0.050): 0.010*"like" + 0.010*"get" + 0.008*"money" + 0.007*"im" + 0.007*"people" + 0.007*"make" + 0.005*"go" + 0.005*"want" + 0.005*"one" + 0.005*"fucking"
2018-08-28 05:04:04,216 : INFO : topic diff=0.025448, rho=0.204124
2018-08-28 05:04:10,931 : INFO : -8.383 per-word bound, 333.8 perplexity estimate based on a held-out corpus of 2653 documents with 1868102 words
2018-08-28 05:04:10,932 : INFO : PROGRESS: pass 23, at document #2653/2653
2018-08-28 05:04:14,390 : INFO : topic #3 (0.050): 0.014*"token" + 0.007*"market" + 0.005*"cap" + 0.005*"ico" + 0.005*"platform" + 0.005*"team" + 0.005*"product" + 0.005*"people" + 0.004*"like" + 0.004*"project"
2018-08-28 05:04:14,392 : INFO : topic #5 (0.050): 0.011*"wallet" + 0.009*"get" + 0.007*"im" + 0.007*"like" + 0.005*"use" + 0.005*"good" + 0.005*"make" + 0.005*"would" + 0.005*"know" + 0.004*"address"
2018-08-28 05:04:14,393 : INFO : topic #10 (0.050): 0.027*"btc" + 0.019*"bch" + 0.019*"bitcoin" + 0.007*"going" + 0.007*"people" + 0.006*"like" + 0.005*"would" + 0.005*"get" + 0.005*"time" + 0.005*"price"
2018-08-28 05:04:14,395 : INFO : topic #1 (0.050): 0.003*"board" + 0.003*"financial" + 0.002*"bank" + 0.002*"also" + 0.002*"steroid" + 0.002*"follower" + 0.001*"ebay" + 0.001*"get" + 0.001*"treasury" + 0.001*"advisory"
2018-08-28 05:04:14,396 : INFO : topic #2 (0.050): 0.015*"iota" + 0.003*"amazon" + 0.003*"50" + 0.002*"use" + 0.002*"phone" + 0.002*"get" + 0.002*"work" + 0.002*"sue" + 0.002*"account" + 0.002*"brooke"
2018-08-28 05:04:14,398 : INFO : topic diff=0.024016, rho=0.200000
2018-08-28 05:04:21,163 : INFO : -8.381 per-word bound, 333.3 perplexity estimate based on a held-out corpus of 2653 documents with 1868102 words
2018-08-28 05:04:21,164 : INFO : PROGRESS: pass 24, at document #2653/2653
2018-08-28 05:04:24,636 : INFO : topic #14 (0.050): 0.007*"btc" + 0.006*"buy" + 0.006*"fucking" + 0.005*"get" + 0.005*"bitcoin" + 0.005*"going" + 0.004*"like" + 0.004*"guy" + 0.004*"pump" + 0.004*"shit"
2018-08-28 05:04:24,640 : INFO : topic #0 (0.050): 0.009*"coin" + 0.009*"im" + 0.007*"like" + 0.007*"get" + 0.006*"money" + 0.006*"btc" + 0.006*"year" + 0.005*"make" + 0.005*"buy" + 0.005*"one"
2018-08-28 05:04:24,641 : INFO : topic #1 (0.050): 0.003*"board" + 0.003*"financial" + 0.002*"bank" + 0.002*"also" + 0.002*"steroid" + 0.002*"follower" + 0.001*"ebay" + 0.001*"treasury" + 0.001*"advisory" + 0.001*"crisis"
2018-08-28 05:04:24,643 : INFO : topic #10 (0.050): 0.027*"btc" + 0.019*"bch" + 0.019*"bitcoin" + 0.007*"going" + 0.007*"people" + 0.006*"like" + 0.005*"would" + 0.005*"get" + 0.005*"time" + 0.005*"price"
2018-08-28 05:04:24,644 : INFO : topic #9 (0.050): 0.033*"ark" + 0.007*"coin" + 0.007*"get" + 0.006*"rcn" + 0.005*"going" + 0.004*"token" + 0.004*"im" + 0.004*"wallet" + 0.004*"like" + 0.004*"arkies"
2018-08-28 05:04:24,646 : INFO : topic diff=0.022745, rho=0.196116
2018-08-28 05:04:31,442 : INFO : -8.379 per-word bound, 332.9 perplexity estimate based on a held-out corpus of 2653 documents with 1868102 words
2018-08-28 05:04:31,443 : INFO : PROGRESS: pass 25, at document #2653/2653
2018-08-28 05:04:34,880 : INFO : topic #1 (0.050): 0.003*"board" + 0.003*"financial" + 0.002*"bank" + 0.002*"also" + 0.002*"steroid" + 0.002*"follower" + 0.001*"ebay" + 0.001*"treasury" + 0.001*"advisory" + 0.001*"crisis"
2018-08-28 05:04:34,882 : INFO : topic #4 (0.050): 0.024*"die" + 0.020*"car" + 0.006*"like" + 0.005*"get" + 0.005*"tesla" + 0.004*"fucking" + 0.003*"drive" + 0.003*"lambo" + 0.003*"buy" + 0.003*"year"
2018-08-28 05:04:34,883 : INFO : topic #11 (0.050): 0.006*"omisego" + 0.006*"sticker" + 0.005*"skateboard" + 0.004*"yc" + 0.004*"request" + 0.003*"apple" + 0.003*"even" + 0.003*"partnership" + 0.003*"every" + 0.002*"make"
2018-08-28 05:04:34,884 : INFO : topic #13 (0.050): 0.004*"city" + 0.003*"like" + 0.003*"look" + 0.002*"hair" + 0.002*"good" + 0.002*"get" + 0.002*"shit" + 0.002*"country" + 0.002*"would" + 0.002*"also"
2018-08-28 05:04:34,885 : INFO : topic #3 (0.050): 0.015*"token" + 0.007*"market" + 0.005*"cap" + 0.005*"ico" + 0.005*"platform" + 0.005*"team" + 0.005*"product" + 0.004*"people" + 0.004*"project" + 0.004*"like"
2018-08-28 05:04:34,888 : INFO : topic diff=0.021603, rho=0.192450
2018-08-28 05:04:41,645 : INFO : -8.377 per-word bound, 332.5 perplexity estimate based on a held-out corpus of 2653 documents with 1868102 words
2018-08-28 05:04:41,645 : INFO : PROGRESS: pass 26, at document #2653/2653
2018-08-28 05:04:45,060 : INFO : topic #14 (0.050): 0.007*"btc" + 0.006*"fucking" + 0.006*"buy" + 0.005*"get" + 0.005*"bitcoin" + 0.005*"going" + 0.004*"guy" + 0.004*"like" + 0.004*"pump" + 0.004*"shit"
2018-08-28 05:04:45,062 : INFO : topic #7 (0.050): 0.013*"link" + 0.008*"token" + 0.008*"contract" + 0.008*"use" + 0.007*"would" + 0.007*"network" + 0.007*"node" + 0.006*"smart" + 0.006*"blockchain" + 0.006*"transaction"
2018-08-28 05:04:45,063 : INFO : topic #5 (0.050): 0.011*"wallet" + 0.009*"get" + 0.007*"im" + 0.007*"like" + 0.005*"use" + 0.005*"address" + 0.005*"good" + 0.005*"would" + 0.005*"make" + 0.005*"know"
2018-08-28 05:04:45,065 : INFO : topic #8 (0.050): 0.043*"link" + 0.007*"chainlink" + 0.006*"go" + 0.006*"sergey" + 0.005*"even" + 0.005*"time" + 0.005*"linkies" + 0.005*"fucking" + 0.004*"like" + 0.004*"swift"
2018-08-28 05:04:45,066 : INFO : topic #4 (0.050): 0.024*"die" + 0.020*"car" + 0.006*"like" + 0.005*"tesla" + 0.004*"get" + 0.004*"fucking" + 0.004*"drive" + 0.003*"lambo" + 0.003*"buy" + 0.003*"year"
2018-08-28 05:04:45,069 : INFO : topic diff=0.020616, rho=0.188982
2018-08-28 05:04:51,804 : INFO : -8.376 per-word bound, 332.2 perplexity estimate based on a held-out corpus of 2653 documents with 1868102 words
2018-08-28 05:04:51,805 : INFO : PROGRESS: pass 27, at document #2653/2653
2018-08-28 05:04:55,250 : INFO : topic #15 (0.050): 0.018*"powr" + 0.017*"roll" + 0.016*"pbc" + 0.011*"slr" + 0.011*"pick" + 0.011*"op" + 0.011*"teeka" + 0.008*"dub" + 0.007*"solar" + 0.007*"energy"
2018-08-28 05:04:55,254 : INFO : topic #17 (0.050): 0.010*"like" + 0.010*"get" + 0.008*"money" + 0.007*"im" + 0.007*"make" + 0.007*"people" + 0.005*"want" + 0.005*"go" + 0.005*"one" + 0.005*"would"
2018-08-28 05:04:55,256 : INFO : topic #2 (0.050): 0.021*"iota" + 0.003*"amazon" + 0.003*"50" + 0.002*"phone" + 0.002*"tangle" + 0.002*"sue" + 0.002*"use" + 0.002*"brooke" + 0.002*"work" + 0.002*"account"
2018-08-28 05:04:55,257 : INFO : topic #0 (0.050): 0.009*"im" + 0.009*"coin" + 0.007*"like" + 0.007*"get" + 0.006*"money" + 0.006*"btc" + 0.006*"year" + 0.005*"make" + 0.005*"buy" + 0.005*"one"
2018-08-28 05:04:55,259 : INFO : topic #9 (0.050): 0.035*"ark" + 0.007*"coin" + 0.006*"get" + 0.006*"rcn" + 0.005*"going" + 0.004*"token" + 0.004*"wallet" + 0.004*"bitbay" + 0.004*"arkies" + 0.003*"im"
2018-08-28 05:04:55,261 : INFO : topic diff=0.019692, rho=0.185695
2018-08-28 05:05:02,046 : INFO : -8.374 per-word bound, 331.9 perplexity estimate based on a held-out corpus of 2653 documents with 1868102 words
2018-08-28 05:05:02,047 : INFO : PROGRESS: pass 28, at document #2653/2653
2018-08-28 05:05:05,580 : INFO : topic #14 (0.050): 0.007*"btc" + 0.006*"fucking" + 0.006*"buy" + 0.005*"get" + 0.005*"bitcoin" + 0.004*"going" + 0.004*"guy" + 0.004*"please" + 0.004*"god" + 0.004*"like"
2018-08-28 05:05:05,582 : INFO : topic #17 (0.050): 0.010*"like" + 0.010*"get" + 0.008*"money" + 0.007*"im" + 0.007*"make" + 0.007*"people" + 0.005*"want" + 0.005*"go" + 0.005*"one" + 0.005*"would"
2018-08-28 05:05:05,585 : INFO : topic #8 (0.050): 0.044*"link" + 0.007*"chainlink" + 0.006*"sergey" + 0.006*"go" + 0.005*"even" + 0.005*"time" + 0.005*"linkies" + 0.005*"fucking" + 0.004*"swift" + 0.004*"like"
2018-08-28 05:05:05,586 : INFO : topic #7 (0.050): 0.013*"link" + 0.008*"token" + 0.008*"use" + 0.008*"contract" + 0.007*"would" + 0.007*"network" + 0.006*"node" + 0.006*"smart" + 0.006*"blockchain" + 0.006*"transaction"
2018-08-28 05:05:05,588 : INFO : topic #0 (0.050): 0.009*"im" + 0.009*"coin" + 0.007*"like" + 0.007*"get" + 0.006*"money" + 0.006*"btc" + 0.006*"year" + 0.005*"make" + 0.005*"buy" + 0.005*"one"
2018-08-28 05:05:05,590 : INFO : topic diff=0.018669, rho=0.182574
2018-08-28 05:05:12,312 : INFO : -8.373 per-word bound, 331.5 perplexity estimate based on a held-out corpus of 2653 documents with 1868102 words
2018-08-28 05:05:12,313 : INFO : PROGRESS: pass 29, at document #2653/2653
2018-08-28 05:05:15,752 : INFO : topic #17 (0.050): 0.010*"like" + 0.010*"get" + 0.008*"money" + 0.007*"im" + 0.007*"make" + 0.007*"people" + 0.005*"want" + 0.005*"go" + 0.005*"one" + 0.005*"would"
2018-08-28 05:05:15,753 : INFO : topic #6 (0.050): 0.008*"like" + 0.007*"get" + 0.007*"buy" + 0.007*"fucking" + 0.007*"im" + 0.006*"coin" + 0.006*"make" + 0.006*"money" + 0.006*"shit" + 0.005*"people"
2018-08-28 05:05:15,755 : INFO : topic #11 (0.050): 0.006*"omisego" + 0.006*"sticker" + 0.005*"skateboard" + 0.004*"yc" + 0.004*"request" + 0.003*"apple" + 0.003*"even" + 0.003*"partnership" + 0.003*"every" + 0.002*"make"
2018-08-28 05:05:15,756 : INFO : topic #8 (0.050): 0.044*"link" + 0.007*"chainlink" + 0.006*"sergey" + 0.006*"go" + 0.005*"even" + 0.005*"time" + 0.005*"linkies" + 0.005*"fucking" + 0.004*"swift" + 0.004*"like"
2018-08-28 05:05:15,757 : INFO : topic #9 (0.050): 0.036*"ark" + 0.007*"coin" + 0.006*"get" + 0.006*"rcn" + 0.005*"going" + 0.004*"token" + 0.004*"bitbay" + 0.004*"wallet" + 0.004*"arkies" + 0.004*"deluded"
2018-08-28 05:05:15,759 : INFO : topic diff=0.017729, rho=0.179605
2018-08-28 05:05:22,523 : INFO : -8.372 per-word bound, 331.2 perplexity estimate based on a held-out corpus of 2653 documents with 1868102 words
2018-08-28 05:05:22,524 : INFO : PROGRESS: pass 30, at document #2653/2653
2018-08-28 05:05:25,973 : INFO : topic #19 (0.050): 0.004*"resume" + 0.001*"f5" + 0.001*"template" + 0.001*"computing" + 0.001*"rolex" + 0.001*"spell" + 0.001*"flashy" + 0.001*"bullet" + 0.001*"wording" + 0.000*"slush"
2018-08-28 05:05:25,977 : INFO : topic #16 (0.050): 0.003*"nigger" + 0.002*"_value" + 0.002*"market" + 0.001*"good" + 0.001*"fuck" + 0.001*"anime" + 0.001*"like" + 0.001*"bond" + 0.001*"trump" + 0.001*"think"
2018-08-28 05:05:25,979 : INFO : topic #10 (0.050): 0.027*"btc" + 0.019*"bitcoin" + 0.019*"bch" + 0.007*"going" + 0.007*"people" + 0.006*"like" + 0.005*"would" + 0.005*"get" + 0.005*"time" + 0.005*"price"
2018-08-28 05:05:25,980 : INFO : topic #5 (0.050): 0.012*"wallet" + 0.009*"get" + 0.007*"im" + 0.007*"like" + 0.006*"use" + 0.005*"address" + 0.005*"would" + 0.005*"good" + 0.005*"know" + 0.005*"make"
2018-08-28 05:05:25,981 : INFO : topic #4 (0.050): 0.026*"die" + 0.022*"car" + 0.005*"like" + 0.005*"tesla" + 0.004*"get" + 0.004*"drive" + 0.004*"lambo" + 0.003*"fucking" + 0.003*"buy" + 0.003*"big"
2018-08-28 05:05:25,984 : INFO : topic diff=0.016966, rho=0.176777
2018-08-28 05:05:32,760 : INFO : -8.370 per-word bound, 330.9 perplexity estimate based on a held-out corpus of 2653 documents with 1868102 words
2018-08-28 05:05:32,761 : INFO : PROGRESS: pass 31, at document #2653/2653
2018-08-28 05:05:36,185 : INFO : topic #1 (0.050): 0.003*"board" + 0.003*"financial" + 0.002*"bank" + 0.002*"follower" + 0.002*"steroid" + 0.002*"also" + 0.001*"treasury" + 0.001*"ebay" + 0.001*"crisis" + 0.001*"advisory"
2018-08-28 05:05:36,186 : INFO : topic #7 (0.050): 0.013*"link" + 0.009*"token" + 0.008*"use" + 0.008*"contract" + 0.007*"would" + 0.007*"network" + 0.006*"smart" + 0.006*"node" + 0.006*"blockchain" + 0.006*"transaction"
2018-08-28 05:05:36,188 : INFO : topic #12 (0.050): 0.012*"buy" + 0.010*"coin" + 0.008*"like" + 0.008*"im" + 0.008*"going" + 0.008*"get" + 0.007*"sell" + 0.006*"go" + 0.006*"price" + 0.006*"chancoin"
2018-08-28 05:05:36,189 : INFO : topic #11 (0.050): 0.006*"omisego" + 0.006*"sticker" + 0.005*"skateboard" + 0.004*"yc" + 0.004*"request" + 0.003*"apple" + 0.003*"even" + 0.003*"partnership" + 0.003*"every" + 0.002*"make"
2018-08-28 05:05:36,191 : INFO : topic #8 (0.050): 0.045*"link" + 0.007*"chainlink" + 0.006*"sergey" + 0.006*"go" + 0.005*"even" + 0.005*"time" + 0.005*"linkies" + 0.005*"fucking" + 0.005*"swift" + 0.004*"like"
2018-08-28 05:05:36,193 : INFO : topic diff=0.016269, rho=0.174078
2018-08-28 05:05:42,919 : INFO : -8.369 per-word bound, 330.7 perplexity estimate based on a held-out corpus of 2653 documents with 1868102 words
2018-08-28 05:05:42,920 : INFO : PROGRESS: pass 32, at document #2653/2653
2018-08-28 05:05:46,354 : INFO : topic #15 (0.050): 0.019*"powr" + 0.017*"roll" + 0.017*"pbc" + 0.012*"slr" + 0.011*"pick" + 0.011*"op" + 0.011*"teeka" + 0.008*"dub" + 0.008*"energy" + 0.008*"solar"
2018-08-28 05:05:46,357 : INFO : topic #14 (0.050): 0.006*"fucking" + 0.006*"btc" + 0.006*"buy" + 0.005*"get" + 0.004*"bitcoin" + 0.004*"going" + 0.004*"please" + 0.004*"guy" + 0.004*"god" + 0.004*"oh"
2018-08-28 05:05:46,358 : INFO : topic #9 (0.050): 0.038*"ark" + 0.006*"coin" + 0.006*"rcn" + 0.006*"get" + 0.005*"going" + 0.004*"token" + 0.004*"bitbay" + 0.004*"wallet" + 0.004*"arkies" + 0.004*"deluded"
2018-08-28 05:05:46,360 : INFO : topic #16 (0.050): 0.003*"nigger" + 0.002*"_value" + 0.002*"market" + 0.001*"anime" + 0.001*"good" + 0.001*"trump" + 0.001*"bond" + 0.001*"fuck" + 0.001*"great" + 0.001*"like"
2018-08-28 05:05:46,361 : INFO : topic #12 (0.050): 0.013*"buy" + 0.010*"coin" + 0.008*"like" + 0.008*"im" + 0.008*"going" + 0.008*"get" + 0.007*"sell" + 0.006*"go" + 0.006*"price" + 0.006*"chancoin"
2018-08-28 05:05:46,364 : INFO : topic diff=0.015618, rho=0.171499
2018-08-28 05:05:53,149 : INFO : -8.368 per-word bound, 330.4 perplexity estimate based on a held-out corpus of 2653 documents with 1868102 words
2018-08-28 05:05:53,151 : INFO : PROGRESS: pass 33, at document #2653/2653
2018-08-28 05:05:56,598 : INFO : topic #8 (0.050): 0.046*"link" + 0.007*"chainlink" + 0.006*"sergey" + 0.006*"go" + 0.005*"even" + 0.005*"linkies" + 0.005*"time" + 0.005*"fucking" + 0.005*"swift" + 0.004*"like"
2018-08-28 05:05:56,602 : INFO : topic #18 (0.050): 0.005*"like" + 0.004*"people" + 0.004*"get" + 0.004*"would" + 0.004*"fucking" + 0.004*"make" + 0.004*"shit" + 0.003*"im" + 0.003*"one" + 0.003*"fuck"
2018-08-28 05:05:56,604 : INFO : topic #0 (0.050): 0.009*"im" + 0.009*"coin" + 0.007*"like" + 0.007*"get" + 0.006*"money" + 0.006*"btc" + 0.006*"year" + 0.006*"make" + 0.005*"buy" + 0.005*"one"
2018-08-28 05:05:56,605 : INFO : topic #2 (0.050): 0.027*"iota" + 0.003*"tangle" + 0.003*"amazon" + 0.003*"50" + 0.002*"phone" + 0.002*"sue" + 0.002*"brooke" + 0.002*"giota" + 0.002*"doge" + 0.002*"coordinator"
2018-08-28 05:05:56,606 : INFO : topic #6 (0.050): 0.008*"like" + 0.007*"get" + 0.007*"fucking" + 0.007*"buy" + 0.007*"im" + 0.006*"coin" + 0.006*"money" + 0.006*"make" + 0.006*"shit" + 0.005*"people"
2018-08-28 05:05:56,609 : INFO : topic diff=0.015021, rho=0.169031
2018-08-28 05:06:03,292 : INFO : -8.367 per-word bound, 330.1 perplexity estimate based on a held-out corpus of 2653 documents with 1868102 words
2018-08-28 05:06:03,292 : INFO : PROGRESS: pass 34, at document #2653/2653
2018-08-28 05:06:06,671 : INFO : topic #6 (0.050): 0.008*"like" + 0.007*"get" + 0.007*"fucking" + 0.007*"buy" + 0.007*"im" + 0.006*"coin" + 0.006*"money" + 0.006*"make" + 0.006*"shit" + 0.005*"people"
2018-08-28 05:06:06,674 : INFO : topic #14 (0.050): 0.006*"fucking" + 0.006*"btc" + 0.005*"buy" + 0.005*"get" + 0.004*"please" + 0.004*"god" + 0.004*"bitcoin" + 0.004*"oh" + 0.004*"guy" + 0.004*"going"
2018-08-28 05:06:06,675 : INFO : topic #5 (0.050): 0.012*"wallet" + 0.009*"get" + 0.007*"im" + 0.007*"like" + 0.006*"use" + 0.005*"address" + 0.005*"would" + 0.005*"know" + 0.005*"good" + 0.004*"make"
2018-08-28 05:06:06,677 : INFO : topic #4 (0.050): 0.028*"die" + 0.023*"car" + 0.006*"tesla" + 0.005*"like" + 0.004*"drive" + 0.004*"lambo" + 0.003*"get" + 0.003*"fucking" + 0.003*"big" + 0.003*"electric"
2018-08-28 05:06:06,679 : INFO : topic #1 (0.050): 0.003*"board" + 0.003*"financial" + 0.002*"bank" + 0.002*"follower" + 0.002*"steroid" + 0.002*"also" + 0.002*"treasury" + 0.001*"ebay" + 0.001*"crisis" + 0.001*"advisory"
2018-08-28 05:06:06,680 : INFO : topic diff=0.014457, rho=0.166667
2018-08-28 05:06:13,385 : INFO : -8.366 per-word bound, 329.9 perplexity estimate based on a held-out corpus of 2653 documents with 1868102 words
2018-08-28 05:06:13,386 : INFO : PROGRESS: pass 35, at document #2653/2653
2018-08-28 05:06:16,848 : INFO : topic #15 (0.050): 0.020*"powr" + 0.018*"roll" + 0.017*"pbc" + 0.012*"slr" + 0.011*"pick" + 0.011*"op" + 0.011*"teeka" + 0.009*"energy" + 0.008*"dub" + 0.008*"solar"
2018-08-28 05:06:16,850 : INFO : topic #12 (0.050): 0.013*"buy" + 0.010*"coin" + 0.008*"im" + 0.008*"like" + 0.008*"going" + 0.008*"get" + 0.007*"sell" + 0.006*"go" + 0.006*"price" + 0.006*"moon"
2018-08-28 05:06:16,851 : INFO : topic #17 (0.050): 0.010*"get" + 0.010*"like" + 0.008*"money" + 0.007*"im" + 0.007*"make" + 0.007*"people" + 0.006*"want" + 0.005*"go" + 0.005*"one" + 0.005*"would"
2018-08-28 05:06:16,853 : INFO : topic #18 (0.050): 0.005*"like" + 0.004*"people" + 0.004*"get" + 0.004*"would" + 0.004*"fucking" + 0.004*"make" + 0.004*"shit" + 0.003*"one" + 0.003*"im" + 0.003*"fuck"
2018-08-28 05:06:16,854 : INFO : topic #19 (0.050): 0.004*"resume" + 0.001*"f5" + 0.001*"template" + 0.001*"computing" + 0.001*"rolex" + 0.001*"spell" + 0.001*"flashy" + 0.001*"bullet" + 0.001*"wording" + 0.000*"slush"
2018-08-28 05:06:16,856 : INFO : topic diff=0.013925, rho=0.164399
2018-08-28 05:06:23,647 : INFO : -8.365 per-word bound, 329.7 perplexity estimate based on a held-out corpus of 2653 documents with 1868102 words
2018-08-28 05:06:23,648 : INFO : PROGRESS: pass 36, at document #2653/2653
2018-08-28 05:06:27,080 : INFO : topic #19 (0.050): 0.004*"resume" + 0.001*"f5" + 0.001*"template" + 0.001*"computing" + 0.001*"rolex" + 0.001*"spell" + 0.001*"flashy" + 0.001*"bullet" + 0.001*"wording" + 0.000*"slush"
2018-08-28 05:06:27,082 : INFO : topic #5 (0.050): 0.012*"wallet" + 0.009*"get" + 0.007*"im" + 0.007*"like" + 0.006*"use" + 0.006*"address" + 0.005*"would" + 0.005*"know" + 0.005*"good" + 0.004*"make"
2018-08-28 05:06:27,084 : INFO : topic #18 (0.050): 0.005*"like" + 0.004*"people" + 0.004*"get" + 0.004*"fucking" + 0.004*"would" + 0.004*"make" + 0.004*"shit" + 0.003*"one" + 0.003*"im" + 0.003*"fuck"
2018-08-28 05:06:27,086 : INFO : topic #0 (0.050): 0.009*"im" + 0.009*"coin" + 0.007*"like" + 0.007*"get" + 0.006*"btc" + 0.006*"money" + 0.006*"year" + 0.006*"make" + 0.005*"buy" + 0.005*"one"
2018-08-28 05:06:27,087 : INFO : topic #9 (0.050): 0.040*"ark" + 0.007*"rcn" + 0.006*"coin" + 0.006*"get" + 0.005*"going" + 0.004*"bitbay" + 0.004*"wallet" + 0.004*"arkies" + 0.004*"token" + 0.004*"deluded"
2018-08-28 05:06:27,089 : INFO : topic diff=0.013426, rho=0.162221
2018-08-28 05:06:33,790 : INFO : -8.364 per-word bound, 329.4 perplexity estimate based on a held-out corpus of 2653 documents with 1868102 words
2018-08-28 05:06:33,790 : INFO : PROGRESS: pass 37, at document #2653/2653
2018-08-28 05:06:37,258 : INFO : topic #7 (0.050): 0.012*"link" + 0.009*"token" + 0.008*"use" + 0.007*"contract" + 0.007*"would" + 0.007*"network" + 0.006*"blockchain" + 0.006*"smart" + 0.006*"node" + 0.006*"transaction"
2018-08-28 05:06:37,260 : INFO : topic #18 (0.050): 0.005*"like" + 0.004*"people" + 0.004*"get" + 0.004*"fucking" + 0.004*"would" + 0.004*"make" + 0.004*"shit" + 0.003*"one" + 0.003*"fuck" + 0.003*"im"
2018-08-28 05:06:37,261 : INFO : topic #17 (0.050): 0.010*"get" + 0.010*"like" + 0.008*"money" + 0.007*"im" + 0.007*"make" + 0.007*"people" + 0.006*"want" + 0.005*"go" + 0.005*"would" + 0.005*"one"
2018-08-28 05:06:37,263 : INFO : topic #9 (0.050): 0.040*"ark" + 0.007*"rcn" + 0.006*"coin" + 0.006*"get" + 0.005*"going" + 0.004*"bitbay" + 0.004*"wallet" + 0.004*"arkies" + 0.004*"token" + 0.004*"delegate"
2018-08-28 05:06:37,264 : INFO : topic #13 (0.050): 0.005*"city" + 0.003*"hair" + 0.002*"look" + 0.002*"country" + 0.002*"like" + 0.002*"economics" + 0.002*"good" + 0.001*"pretty" + 0.001*"la" + 0.001*"shit"
2018-08-28 05:06:37,266 : INFO : topic diff=0.012960, rho=0.160128
2018-08-28 05:06:43,998 : INFO : -8.363 per-word bound, 329.2 perplexity estimate based on a held-out corpus of 2653 documents with 1868102 words
2018-08-28 05:06:43,999 : INFO : PROGRESS: pass 38, at document #2653/2653
2018-08-28 05:06:47,434 : INFO : topic #7 (0.050): 0.012*"link" + 0.009*"token" + 0.008*"use" + 0.007*"would" + 0.007*"contract" + 0.007*"network" + 0.006*"blockchain" + 0.006*"smart" + 0.006*"node" + 0.006*"transaction"
2018-08-28 05:06:47,437 : INFO : topic #16 (0.050): 0.003*"nigger" + 0.002*"_value" + 0.001*"anime" + 0.001*"trump" + 0.001*"bond" + 0.001*"market" + 0.001*"great" + 0.001*"public" + 0.001*"good" + 0.001*"nicotine"
2018-08-28 05:06:47,438 : INFO : topic #9 (0.050): 0.041*"ark" + 0.007*"rcn" + 0.006*"coin" + 0.006*"get" + 0.005*"going" + 0.004*"bitbay" + 0.004*"wallet" + 0.004*"arkies" + 0.004*"token" + 0.004*"delegate"
2018-08-28 05:06:47,440 : INFO : topic #13 (0.050): 0.005*"city" + 0.003*"hair" + 0.002*"look" + 0.002*"country" + 0.002*"economics" + 0.002*"like" + 0.001*"good" + 0.001*"pretty" + 0.001*"la" + 0.001*"south"
2018-08-28 05:06:47,441 : INFO : topic #12 (0.050): 0.013*"buy" + 0.010*"coin" + 0.008*"im" + 0.008*"going" + 0.008*"like" + 0.008*"get" + 0.007*"sell" + 0.006*"go" + 0.006*"price" + 0.006*"moon"
2018-08-28 05:06:47,443 : INFO : topic diff=0.012518, rho=0.158114
2018-08-28 05:06:54,211 : INFO : -8.362 per-word bound, 329.0 perplexity estimate based on a held-out corpus of 2653 documents with 1868102 words
2018-08-28 05:06:54,211 : INFO : PROGRESS: pass 39, at document #2653/2653
2018-08-28 05:06:57,670 : INFO : topic #10 (0.050): 0.027*"btc" + 0.020*"bitcoin" + 0.019*"bch" + 0.007*"going" + 0.007*"people" + 0.006*"like" + 0.005*"get" + 0.005*"would" + 0.005*"time" + 0.005*"price"
2018-08-28 05:06:57,671 : INFO : topic #0 (0.050): 0.009*"im" + 0.009*"coin" + 0.007*"like" + 0.007*"get" + 0.007*"btc" + 0.006*"money" + 0.006*"year" + 0.006*"make" + 0.005*"buy" + 0.005*"one"
2018-08-28 05:06:57,672 : INFO : topic #4 (0.050): 0.029*"die" + 0.024*"car" + 0.007*"tesla" + 0.005*"like" + 0.004*"drive" + 0.004*"lambo" + 0.003*"electric" + 0.003*"big" + 0.003*"fucking" + 0.003*"get"
2018-08-28 05:06:57,674 : INFO : topic #16 (0.050): 0.003*"nigger" + 0.002*"_value" + 0.002*"anime" + 0.001*"trump" + 0.001*"bond" + 0.001*"great" + 0.001*"market" + 0.001*"public" + 0.001*"nicotine" + 0.001*"good"
2018-08-28 05:06:57,675 : INFO : topic #9 (0.050): 0.041*"ark" + 0.007*"rcn" + 0.006*"coin" + 0.006*"get" + 0.005*"going" + 0.004*"bitbay" + 0.004*"wallet" + 0.004*"arkies" + 0.004*"token" + 0.004*"delegate"
2018-08-28 05:06:57,677 : INFO : topic diff=0.012099, rho=0.156174
2018-08-28 05:07:04,389 : INFO : -8.361 per-word bound, 328.8 perplexity estimate based on a held-out corpus of 2653 documents with 1868102 words
2018-08-28 05:07:04,390 : INFO : PROGRESS: pass 40, at document #2653/2653
2018-08-28 05:07:07,815 : INFO : topic #3 (0.050): 0.015*"token" + 0.007*"market" + 0.006*"ico" + 0.006*"platform" + 0.005*"cap" + 0.005*"product" + 0.005*"team" + 0.004*"salt" + 0.004*"project" + 0.004*"eth"
2018-08-28 05:07:07,818 : INFO : topic #0 (0.050): 0.009*"im" + 0.009*"coin" + 0.007*"like" + 0.007*"get" + 0.007*"btc" + 0.007*"money" + 0.006*"year" + 0.006*"make" + 0.005*"buy" + 0.005*"one"
2018-08-28 05:07:07,819 : INFO : topic #12 (0.050): 0.013*"buy" + 0.010*"coin" + 0.008*"im" + 0.008*"going" + 0.008*"like" + 0.008*"get" + 0.007*"sell" + 0.006*"go" + 0.006*"price" + 0.006*"moon"
2018-08-28 05:07:07,821 : INFO : topic #14 (0.050): 0.005*"fucking" + 0.005*"btc" + 0.005*"buy" + 0.005*"please" + 0.004*"god" + 0.004*"oh" + 0.004*"tell" + 0.004*"guy" + 0.004*"get" + 0.004*"10k"
2018-08-28 05:07:07,822 : INFO : topic #11 (0.050): 0.007*"omisego" + 0.006*"sticker" + 0.005*"skateboard" + 0.005*"yc" + 0.004*"request" + 0.003*"apple" + 0.003*"partnership" + 0.003*"even" + 0.003*"every" + 0.002*"ycombinator"
2018-08-28 05:07:07,824 : INFO : topic diff=0.011703, rho=0.154303
2018-08-28 05:07:14,537 : INFO : -8.360 per-word bound, 328.6 perplexity estimate based on a held-out corpus of 2653 documents with 1868102 words
2018-08-28 05:07:14,538 : INFO : PROGRESS: pass 41, at document #2653/2653
2018-08-28 05:07:17,981 : INFO : topic #12 (0.050): 0.013*"buy" + 0.010*"coin" + 0.008*"im" + 0.008*"going" + 0.008*"like" + 0.008*"get" + 0.007*"sell" + 0.006*"go" + 0.006*"price" + 0.006*"moon"
2018-08-28 05:07:17,983 : INFO : topic #16 (0.050): 0.003*"nigger" + 0.002*"_value" + 0.002*"anime" + 0.001*"trump" + 0.001*"bond" + 0.001*"great" + 0.001*"market" + 0.001*"nicotine" + 0.001*"public" + 0.001*"recession"
2018-08-28 05:07:17,985 : INFO : topic #4 (0.050): 0.030*"die" + 0.025*"car" + 0.007*"tesla" + 0.004*"like" + 0.004*"drive" + 0.004*"lambo" + 0.003*"electric" + 0.003*"big" + 0.003*"driving" + 0.003*"fucking"
2018-08-28 05:07:17,986 : INFO : topic #17 (0.050): 0.010*"get" + 0.010*"like" + 0.008*"money" + 0.007*"im" + 0.007*"make" + 0.007*"people" + 0.006*"want" + 0.005*"go" + 0.005*"would" + 0.005*"one"
2018-08-28 05:07:17,987 : INFO : topic #3 (0.050): 0.015*"token" + 0.007*"market" + 0.006*"ico" + 0.006*"platform" + 0.005*"cap" + 0.005*"product" + 0.005*"team" + 0.005*"salt" + 0.004*"project" + 0.004*"eth"
2018-08-28 05:07:17,989 : INFO : topic diff=0.011317, rho=0.152499
2018-08-28 05:07:24,786 : INFO : -8.359 per-word bound, 328.4 perplexity estimate based on a held-out corpus of 2653 documents with 1868102 words
2018-08-28 05:07:24,786 : INFO : PROGRESS: pass 42, at document #2653/2653
2018-08-28 05:07:28,199 : INFO : topic #19 (0.050): 0.004*"resume" + 0.001*"f5" + 0.001*"template" + 0.001*"computing" + 0.001*"rolex" + 0.001*"spell" + 0.001*"flashy" + 0.001*"bullet" + 0.001*"wording" + 0.001*"slush"
2018-08-28 05:07:28,201 : INFO : topic #18 (0.050): 0.004*"like" + 0.004*"people" + 0.003*"would" + 0.003*"fucking" + 0.003*"get" + 0.003*"shit" + 0.003*"make" + 0.003*"one" + 0.003*"fuck" + 0.003*"year"
2018-08-28 05:07:28,202 : INFO : topic #6 (0.050): 0.008*"like" + 0.007*"get" + 0.007*"fucking" + 0.007*"buy" + 0.006*"im" + 0.006*"money" + 0.006*"coin" + 0.006*"make" + 0.006*"shit" + 0.006*"people"
2018-08-28 05:07:28,204 : INFO : topic #10 (0.050): 0.027*"btc" + 0.020*"bitcoin" + 0.019*"bch" + 0.007*"going" + 0.007*"people" + 0.006*"like" + 0.005*"get" + 0.005*"time" + 0.005*"would" + 0.005*"price"
2018-08-28 05:07:28,205 : INFO : topic #11 (0.050): 0.007*"omisego" + 0.006*"sticker" + 0.005*"skateboard" + 0.005*"yc" + 0.004*"request" + 0.003*"apple" + 0.003*"partnership" + 0.003*"even" + 0.003*"every" + 0.002*"ycombinator"
2018-08-28 05:07:28,207 : INFO : topic diff=0.010959, rho=0.150756
2018-08-28 05:07:34,910 : INFO : -8.359 per-word bound, 328.3 perplexity estimate based on a held-out corpus of 2653 documents with 1868102 words
2018-08-28 05:07:34,911 : INFO : PROGRESS: pass 43, at document #2653/2653
2018-08-28 05:07:38,368 : INFO : topic #14 (0.050): 0.005*"fucking" + 0.005*"please" + 0.005*"god" + 0.005*"oh" + 0.004*"buy" + 0.004*"btc" + 0.004*"tell" + 0.004*"guy" + 0.004*"10k" + 0.004*"get"
2018-08-28 05:07:38,371 : INFO : topic #4 (0.050): 0.030*"die" + 0.025*"car" + 0.007*"tesla" + 0.004*"like" + 0.004*"drive" + 0.004*"lambo" + 0.003*"electric" + 0.003*"big" + 0.003*"driving" + 0.003*"comment"
2018-08-28 05:07:38,373 : INFO : topic #18 (0.050): 0.004*"like" + 0.004*"people" + 0.003*"would" + 0.003*"fucking" + 0.003*"get" + 0.003*"shit" + 0.003*"make" + 0.003*"one" + 0.003*"fuck" + 0.003*"year"
2018-08-28 05:07:38,374 : INFO : topic #13 (0.050): 0.005*"city" + 0.003*"hair" + 0.002*"country" + 0.002*"look" + 0.002*"economics" + 0.001*"la" + 0.001*"pretty" + 0.001*"like" + 0.001*"good" + 0.001*"south"
2018-08-28 05:07:38,376 : INFO : topic #16 (0.050): 0.003*"nigger" + 0.002*"_value" + 0.002*"anime" + 0.001*"trump" + 0.001*"bond" + 0.001*"great" + 0.001*"nicotine" + 0.001*"public" + 0.001*"market" + 0.001*"recession"
2018-08-28 05:07:38,378 : INFO : topic diff=0.010602, rho=0.149071
2018-08-28 05:07:45,084 : INFO : -8.358 per-word bound, 328.1 perplexity estimate based on a held-out corpus of 2653 documents with 1868102 words
2018-08-28 05:07:45,084 : INFO : PROGRESS: pass 44, at document #2653/2653
2018-08-28 05:07:48,375 : INFO : topic #16 (0.050): 0.003*"nigger" + 0.002*"_value" + 0.002*"anime" + 0.001*"trump" + 0.001*"bond" + 0.001*"great" + 0.001*"nicotine" + 0.001*"public" + 0.001*"recession" + 0.001*"market"
2018-08-28 05:07:48,376 : INFO : topic #10 (0.050): 0.027*"btc" + 0.020*"bitcoin" + 0.019*"bch" + 0.007*"going" + 0.007*"people" + 0.006*"like" + 0.005*"get" + 0.005*"time" + 0.005*"would" + 0.005*"price"
2018-08-28 05:07:48,378 : INFO : topic #6 (0.050): 0.008*"like" + 0.007*"fucking" + 0.007*"get" + 0.007*"buy" + 0.006*"im" + 0.006*"money" + 0.006*"coin" + 0.006*"make" + 0.006*"shit" + 0.006*"people"
2018-08-28 05:07:48,379 : INFO : topic #13 (0.050): 0.005*"city" + 0.003*"hair" + 0.002*"country" + 0.002*"look" + 0.002*"economics" + 0.001*"la" + 0.001*"pretty" + 0.001*"like" + 0.001*"south" + 0.001*"good"
2018-08-28 05:07:48,380 : INFO : topic #3 (0.050): 0.015*"token" + 0.007*"market" + 0.006*"ico" + 0.006*"platform" + 0.005*"cap" + 0.005*"product" + 0.005*"team" + 0.005*"salt" + 0.004*"project" + 0.004*"eth"
2018-08-28 05:07:48,382 : INFO : topic diff=0.010282, rho=0.147442
2018-08-28 05:07:55,089 : INFO : -8.357 per-word bound, 327.9 perplexity estimate based on a held-out corpus of 2653 documents with 1868102 words
2018-08-28 05:07:55,090 : INFO : PROGRESS: pass 45, at document #2653/2653
2018-08-28 05:07:59,000 : INFO : topic #14 (0.050): 0.005*"fucking" + 0.005*"please" + 0.005*"god" + 0.005*"oh" + 0.004*"tell" + 0.004*"buy" + 0.004*"btc" + 0.004*"10k" + 0.004*"guy" + 0.004*"get"
2018-08-28 05:07:59,003 : INFO : topic #12 (0.050): 0.013*"buy" + 0.010*"coin" + 0.008*"im" + 0.008*"going" + 0.008*"like" + 0.008*"get" + 0.007*"sell" + 0.006*"go" + 0.006*"price" + 0.006*"shit"
2018-08-28 05:07:59,004 : INFO : topic #1 (0.050): 0.003*"board" + 0.003*"financial" + 0.002*"bank" + 0.002*"follower" + 0.002*"steroid" + 0.002*"treasury" + 0.001*"also" + 0.001*"crisis" + 0.001*"advisory" + 0.001*"clinton"
2018-08-28 05:07:59,005 : INFO : topic #15 (0.050): 0.023*"powr" + 0.018*"pbc" + 0.018*"roll" + 0.012*"slr" + 0.012*"pick" + 0.012*"op" + 0.011*"teeka" + 0.010*"energy" + 0.009*"solar" + 0.009*"dub"
2018-08-28 05:07:59,006 : INFO : topic #3 (0.050): 0.015*"token" + 0.007*"market" + 0.006*"ico" + 0.006*"platform" + 0.005*"cap" + 0.005*"product" + 0.005*"team" + 0.005*"salt" + 0.004*"project" + 0.004*"eth"
2018-08-28 05:07:59,008 : INFO : topic diff=0.009965, rho=0.145865
2018-08-28 05:08:05,755 : INFO : -8.357 per-word bound, 327.8 perplexity estimate based on a held-out corpus of 2653 documents with 1868102 words
2018-08-28 05:08:05,757 : INFO : PROGRESS: pass 46, at document #2653/2653
2018-08-28 05:08:09,048 : INFO : topic #12 (0.050): 0.013*"buy" + 0.010*"coin" + 0.008*"im" + 0.008*"going" + 0.008*"like" + 0.008*"get" + 0.007*"sell" + 0.007*"go" + 0.006*"price" + 0.006*"shit"
2018-08-28 05:08:09,049 : INFO : topic #10 (0.050): 0.027*"btc" + 0.020*"bitcoin" + 0.019*"bch" + 0.007*"going" + 0.007*"people" + 0.006*"like" + 0.005*"get" + 0.005*"time" + 0.005*"would" + 0.005*"price"
2018-08-28 05:08:09,051 : INFO : topic #19 (0.050): 0.004*"resume" + 0.001*"f5" + 0.001*"template" + 0.001*"computing" + 0.001*"rolex" + 0.001*"spell" + 0.001*"flashy" + 0.001*"bullet" + 0.001*"wording" + 0.001*"slush"
2018-08-28 05:08:09,052 : INFO : topic #18 (0.050): 0.004*"like" + 0.003*"people" + 0.003*"would" + 0.003*"fucking" + 0.003*"shit" + 0.003*"get" + 0.003*"make" + 0.003*"one" + 0.003*"year" + 0.003*"post"
2018-08-28 05:08:09,053 : INFO : topic #17 (0.050): 0.010*"get" + 0.010*"like" + 0.008*"money" + 0.007*"im" + 0.007*"make" + 0.007*"people" + 0.006*"want" + 0.005*"would" + 0.005*"one" + 0.005*"go"
2018-08-28 05:08:09,056 : INFO : topic diff=0.009669, rho=0.144338
2018-08-28 05:08:15,789 : INFO : -8.356 per-word bound, 327.6 perplexity estimate based on a held-out corpus of 2653 documents with 1868102 words
2018-08-28 05:08:15,790 : INFO : PROGRESS: pass 47, at document #2653/2653
2018-08-28 05:08:19,315 : INFO : topic #12 (0.050): 0.013*"buy" + 0.010*"coin" + 0.008*"im" + 0.008*"going" + 0.008*"like" + 0.008*"get" + 0.007*"sell" + 0.007*"go" + 0.006*"price" + 0.006*"shit"
2018-08-28 05:08:19,317 : INFO : topic #4 (0.050): 0.031*"die" + 0.026*"car" + 0.007*"tesla" + 0.004*"drive" + 0.004*"lambo" + 0.004*"like" + 0.003*"electric" + 0.003*"big" + 0.003*"driving" + 0.003*"comment"
2018-08-28 05:08:19,319 : INFO : topic #11 (0.050): 0.007*"omisego" + 0.006*"sticker" + 0.005*"skateboard" + 0.005*"yc" + 0.004*"request" + 0.003*"apple" + 0.003*"partnership" + 0.003*"even" + 0.003*"every" + 0.002*"ycombinator"
2018-08-28 05:08:19,321 : INFO : topic #0 (0.050): 0.009*"im" + 0.009*"coin" + 0.007*"like" + 0.007*"btc" + 0.007*"get" + 0.007*"money" + 0.006*"year" + 0.006*"make" + 0.005*"buy" + 0.005*"one"
2018-08-28 05:08:19,322 : INFO : topic #17 (0.050): 0.010*"get" + 0.010*"like" + 0.008*"money" + 0.007*"im" + 0.007*"make" + 0.007*"people" + 0.006*"want" + 0.005*"would" + 0.005*"one" + 0.005*"go"
2018-08-28 05:08:19,324 : INFO : topic diff=0.009379, rho=0.142857
2018-08-28 05:08:26,083 : INFO : -8.355 per-word bound, 327.5 perplexity estimate based on a held-out corpus of 2653 documents with 1868102 words
2018-08-28 05:08:26,084 : INFO : PROGRESS: pass 48, at document #2653/2653
2018-08-28 05:08:29,503 : INFO : topic #13 (0.050): 0.005*"city" + 0.003*"hair" + 0.002*"country" + 0.002*"economics" + 0.002*"look" + 0.001*"la" + 0.001*"pretty" + 0.001*"south" + 0.001*"manager" + 0.001*"morocco"
2018-08-28 05:08:29,505 : INFO : topic #6 (0.050): 0.008*"like" + 0.007*"fucking" + 0.007*"get" + 0.007*"buy" + 0.006*"im" + 0.006*"money" + 0.006*"make" + 0.006*"coin" + 0.006*"people" + 0.006*"shit"
2018-08-28 05:08:29,506 : INFO : topic #7 (0.050): 0.012*"link" + 0.009*"token" + 0.008*"use" + 0.008*"would" + 0.007*"contract" + 0.007*"network" + 0.007*"blockchain" + 0.006*"smart" + 0.006*"node" + 0.006*"coin"
2018-08-28 05:08:29,508 : INFO : topic #5 (0.050): 0.014*"wallet" + 0.009*"get" + 0.006*"im" + 0.006*"address" + 0.006*"use" + 0.006*"like" + 0.004*"know" + 0.004*"would" + 0.004*"good" + 0.004*"make"
2018-08-28 05:08:29,510 : INFO : topic #0 (0.050): 0.009*"im" + 0.009*"coin" + 0.007*"like" + 0.007*"btc" + 0.007*"get" + 0.007*"money" + 0.006*"year" + 0.006*"make" + 0.005*"buy" + 0.005*"one"
2018-08-28 05:08:29,512 : INFO : topic diff=0.009109, rho=0.141421
2018-08-28 05:08:36,185 : INFO : -8.355 per-word bound, 327.3 perplexity estimate based on a held-out corpus of 2653 documents with 1868102 words
2018-08-28 05:08:36,185 : INFO : PROGRESS: pass 49, at document #2653/2653
2018-08-28 05:08:39,618 : INFO : topic #14 (0.050): 0.005*"god" + 0.005*"please" + 0.005*"oh" + 0.005*"fucking" + 0.004*"tell" + 0.004*"10k" + 0.004*"buy" + 0.004*"guy" + 0.004*"btc" + 0.003*"get"
2018-08-28 05:08:39,619 : INFO : topic #19 (0.050): 0.004*"resume" + 0.001*"f5" + 0.001*"template" + 0.001*"computing" + 0.001*"rolex" + 0.001*"spell" + 0.001*"flashy" + 0.001*"bullet" + 0.001*"wording" + 0.001*"slush"
2018-08-28 05:08:39,621 : INFO : topic #8 (0.050): 0.050*"link" + 0.007*"chainlink" + 0.007*"sergey" + 0.006*"go" + 0.006*"linkies" + 0.005*"even" + 0.005*"swift" + 0.005*"time" + 0.004*"fucking" + 0.004*"one"
2018-08-28 05:08:39,622 : INFO : topic #18 (0.050): 0.003*"like" + 0.003*"people" + 0.003*"would" + 0.003*"fucking" + 0.003*"shit" + 0.003*"get" + 0.003*"make" + 0.003*"year" + 0.003*"post" + 0.002*"one"
2018-08-28 05:08:39,623 : INFO : topic #17 (0.050): 0.010*"get" + 0.010*"like" + 0.008*"money" + 0.007*"im" + 0.007*"make" + 0.007*"people" + 0.006*"want" + 0.005*"would" + 0.005*"one" + 0.005*"go"
2018-08-28 05:08:39,625 : INFO : topic diff=0.008851, rho=0.140028
2018-08-28 05:08:46,340 : INFO : -8.354 per-word bound, 327.2 perplexity estimate based on a held-out corpus of 2653 documents with 1868102 words
2018-08-28 05:08:46,341 : INFO : PROGRESS: pass 50, at document #2653/2653
2018-08-28 05:08:49,719 : INFO : topic #14 (0.050): 0.005*"god" + 0.005*"please" + 0.005*"oh" + 0.005*"fucking" + 0.005*"tell" + 0.004*"10k" + 0.004*"guy" + 0.004*"buy" + 0.004*"btc" + 0.003*"get"
2018-08-28 05:08:49,720 : INFO : topic #19 (0.050): 0.004*"resume" + 0.001*"f5" + 0.001*"template" + 0.001*"computing" + 0.001*"rolex" + 0.001*"spell" + 0.001*"flashy" + 0.001*"bullet" + 0.001*"wording" + 0.001*"slush"
2018-08-28 05:08:49,722 : INFO : topic #11 (0.050): 0.007*"omisego" + 0.006*"sticker" + 0.005*"skateboard" + 0.005*"yc" + 0.005*"request" + 0.003*"apple" + 0.003*"partnership" + 0.003*"even" + 0.003*"every" + 0.002*"ycombinator"
2018-08-28 05:08:49,723 : INFO : topic #0 (0.050): 0.009*"im" + 0.009*"coin" + 0.007*"like" + 0.007*"btc" + 0.007*"get" + 0.007*"money" + 0.006*"year" + 0.006*"make" + 0.005*"buy" + 0.005*"one"
2018-08-28 05:08:49,725 : INFO : topic #7 (0.050): 0.012*"link" + 0.009*"token" + 0.008*"use" + 0.008*"would" + 0.007*"contract" + 0.007*"network" + 0.007*"blockchain" + 0.006*"smart" + 0.006*"node" + 0.006*"coin"
2018-08-28 05:08:49,727 : INFO : topic diff=0.008593, rho=0.138675
2018-08-28 05:08:56,469 : INFO : -8.353 per-word bound, 327.0 perplexity estimate based on a held-out corpus of 2653 documents with 1868102 words
2018-08-28 05:08:56,470 : INFO : PROGRESS: pass 51, at document #2653/2653
2018-08-28 05:08:59,886 : INFO : topic #3 (0.050): 0.015*"token" + 0.006*"market" + 0.006*"platform" + 0.006*"ico" + 0.005*"cap" + 0.005*"product" + 0.005*"salt" + 0.005*"team" + 0.004*"project" + 0.004*"ha"
2018-08-28 05:08:59,887 : INFO : topic #19 (0.050): 0.004*"resume" + 0.001*"f5" + 0.001*"template" + 0.001*"computing" + 0.001*"rolex" + 0.001*"spell" + 0.001*"flashy" + 0.001*"bullet" + 0.001*"wording" + 0.001*"slush"
2018-08-28 05:08:59,889 : INFO : topic #5 (0.050): 0.014*"wallet" + 0.009*"get" + 0.006*"address" + 0.006*"use" + 0.006*"im" + 0.006*"like" + 0.004*"know" + 0.004*"would" + 0.004*"good" + 0.004*"monero"
2018-08-28 05:08:59,890 : INFO : topic #2 (0.050): 0.036*"iota" + 0.004*"tangle" + 0.004*"giota" + 0.003*"amazon" + 0.003*"50" + 0.002*"reclaim" + 0.002*"coordinator" + 0.002*"brooke" + 0.002*"sue" + 0.002*"doge"
2018-08-28 05:08:59,891 : INFO : topic #6 (0.050): 0.008*"like" + 0.008*"fucking" + 0.007*"get" + 0.006*"buy" + 0.006*"im" + 0.006*"money" + 0.006*"make" + 0.006*"people" + 0.006*"shit" + 0.006*"coin"
2018-08-28 05:08:59,893 : INFO : topic diff=0.008348, rho=0.137361
2018-08-28 05:09:06,597 : INFO : -8.353 per-word bound, 326.9 perplexity estimate based on a held-out corpus of 2653 documents with 1868102 words
2018-08-28 05:09:06,598 : INFO : PROGRESS: pass 52, at document #2653/2653
2018-08-28 05:09:09,989 : INFO : topic #13 (0.050): 0.005*"city" + 0.003*"hair" + 0.002*"economics" + 0.002*"country" + 0.002*"look" + 0.001*"la" + 0.001*"south" + 0.001*"pretty" + 0.001*"manager" + 0.001*"morocco"
2018-08-28 05:09:09,990 : INFO : topic #7 (0.050): 0.012*"link" + 0.009*"token" + 0.008*"use" + 0.008*"would" + 0.007*"contract" + 0.007*"network" + 0.007*"blockchain" + 0.006*"smart" + 0.006*"node" + 0.006*"coin"
2018-08-28 05:09:09,992 : INFO : topic #14 (0.050): 0.005*"god" + 0.005*"please" + 0.005*"oh" + 0.005*"tell" + 0.005*"fucking" + 0.004*"10k" + 0.004*"guy" + 0.004*"buy" + 0.003*"btc" + 0.003*"get"
2018-08-28 05:09:09,993 : INFO : topic #16 (0.050): 0.003*"nigger" + 0.002*"_value" + 0.002*"anime" + 0.001*"trump" + 0.001*"bond" + 0.001*"nicotine" + 0.001*"great" + 0.001*"recession" + 0.001*"public" + 0.001*"uint256"
2018-08-28 05:09:09,995 : INFO : topic #15 (0.050): 0.025*"powr" + 0.018*"pbc" + 0.018*"roll" + 0.012*"slr" + 0.012*"pick" + 0.012*"op" + 0.011*"teeka" + 0.011*"energy" + 0.010*"power" + 0.009*"solar"
2018-08-28 05:09:09,997 : INFO : topic diff=0.008123, rho=0.136083
2018-08-28 05:09:16,713 : INFO : -8.352 per-word bound, 326.8 perplexity estimate based on a held-out corpus of 2653 documents with 1868102 words
2018-08-28 05:09:16,713 : INFO : PROGRESS: pass 53, at document #2653/2653
2018-08-28 05:09:20,130 : INFO : topic #18 (0.050): 0.003*"like" + 0.003*"people" + 0.003*"would" + 0.003*"fucking" + 0.003*"shit" + 0.003*"get" + 0.002*"post" + 0.002*"year" + 0.002*"make" + 0.002*"one"
2018-08-28 05:09:20,132 : INFO : topic #6 (0.050): 0.008*"like" + 0.008*"fucking" + 0.007*"get" + 0.006*"buy" + 0.006*"im" + 0.006*"money" + 0.006*"make" + 0.006*"people" + 0.006*"shit" + 0.005*"coin"
2018-08-28 05:09:20,134 : INFO : topic #0 (0.050): 0.009*"im" + 0.009*"coin" + 0.007*"like" + 0.007*"btc" + 0.007*"money" + 0.007*"get" + 0.006*"year" + 0.006*"make" + 0.005*"buy" + 0.005*"crypto"
2018-08-28 05:09:20,135 : INFO : topic #4 (0.050): 0.032*"die" + 0.027*"car" + 0.008*"tesla" + 0.005*"drive" + 0.004*"lambo" + 0.004*"like" + 0.003*"electric" + 0.003*"big" + 0.003*"driving" + 0.003*"comment"
2018-08-28 05:09:20,136 : INFO : topic #17 (0.050): 0.010*"get" + 0.010*"like" + 0.008*"money" + 0.007*"im" + 0.007*"make" + 0.007*"people" + 0.006*"want" + 0.005*"would" + 0.005*"one" + 0.005*"go"
2018-08-28 05:09:20,139 : INFO : topic diff=0.007893, rho=0.134840
2018-08-28 05:09:26,903 : INFO : -8.352 per-word bound, 326.6 perplexity estimate based on a held-out corpus of 2653 documents with 1868102 words
2018-08-28 05:09:26,904 : INFO : PROGRESS: pass 54, at document #2653/2653
2018-08-28 05:09:30,273 : INFO : topic #11 (0.050): 0.007*"omisego" + 0.007*"sticker" + 0.005*"skateboard" + 0.005*"yc" + 0.005*"request" + 0.003*"apple" + 0.003*"partnership" + 0.003*"even" + 0.003*"every" + 0.003*"ycombinator"
2018-08-28 05:09:30,275 : INFO : topic #0 (0.050): 0.009*"im" + 0.009*"coin" + 0.007*"like" + 0.007*"btc" + 0.007*"money" + 0.007*"get" + 0.006*"year" + 0.006*"make" + 0.005*"crypto" + 0.005*"buy"
2018-08-28 05:09:30,277 : INFO : topic #19 (0.050): 0.005*"resume" + 0.001*"f5" + 0.001*"template" + 0.001*"computing" + 0.001*"rolex" + 0.001*"spell" + 0.001*"flashy" + 0.001*"bullet" + 0.001*"wording" + 0.001*"slush"
2018-08-28 05:09:30,278 : INFO : topic #14 (0.050): 0.005*"god" + 0.005*"please" + 0.005*"oh" + 0.005*"tell" + 0.004*"fucking" + 0.004*"10k" + 0.004*"guy" + 0.003*"buy" + 0.003*"btc" + 0.003*"get"
2018-08-28 05:09:30,279 : INFO : topic #8 (0.050): 0.051*"link" + 0.007*"chainlink" + 0.007*"sergey" + 0.006*"go" + 0.006*"linkies" + 0.005*"swift" + 0.005*"even" + 0.005*"time" + 0.004*"fucking" + 0.004*"one"
2018-08-28 05:09:30,282 : INFO : topic diff=0.007678, rho=0.133631
2018-08-28 05:09:36,940 : INFO : -8.351 per-word bound, 326.5 perplexity estimate based on a held-out corpus of 2653 documents with 1868102 words
2018-08-28 05:09:36,941 : INFO : PROGRESS: pass 55, at document #2653/2653
2018-08-28 05:09:40,376 : INFO : topic #9 (0.050): 0.047*"ark" + 0.008*"rcn" + 0.005*"get" + 0.005*"bitbay" + 0.005*"coin" + 0.005*"arkies" + 0.005*"delegate" + 0.005*"wallet" + 0.004*"deluded" + 0.004*"credit"
2018-08-28 05:09:40,378 : INFO : topic #6 (0.050): 0.008*"like" + 0.008*"fucking" + 0.007*"get" + 0.006*"buy" + 0.006*"im" + 0.006*"money" + 0.006*"make" + 0.006*"people" + 0.006*"shit" + 0.005*"crypto"
2018-08-28 05:09:40,379 : INFO : topic #4 (0.050): 0.033*"die" + 0.027*"car" + 0.008*"tesla" + 0.005*"drive" + 0.005*"lambo" + 0.004*"like" + 0.003*"electric" + 0.003*"big" + 0.003*"driving" + 0.003*"comment"
2018-08-28 05:09:40,381 : INFO : topic #10 (0.050): 0.027*"btc" + 0.020*"bitcoin" + 0.019*"bch" + 0.007*"going" + 0.007*"people" + 0.006*"like" + 0.005*"get" + 0.005*"time" + 0.005*"would" + 0.005*"price"
2018-08-28 05:09:40,382 : INFO : topic #8 (0.050): 0.052*"link" + 0.007*"chainlink" + 0.007*"sergey" + 0.006*"linkies" + 0.006*"go" + 0.005*"swift" + 0.005*"even" + 0.005*"time" + 0.004*"fucking" + 0.004*"one"
2018-08-28 05:09:40,384 : INFO : topic diff=0.007472, rho=0.132453
2018-08-28 05:09:47,095 : INFO : -8.351 per-word bound, 326.4 perplexity estimate based on a held-out corpus of 2653 documents with 1868102 words
2018-08-28 05:09:47,096 : INFO : PROGRESS: pass 56, at document #2653/2653
2018-08-28 05:09:50,473 : INFO : topic #13 (0.050): 0.005*"city" + 0.003*"hair" + 0.002*"economics" + 0.002*"country" + 0.001*"la" + 0.001*"look" + 0.001*"south" + 0.001*"manager" + 0.001*"pretty" + 0.001*"morocco"
2018-08-28 05:09:50,475 : INFO : topic #18 (0.050): 0.003*"like" + 0.003*"people" + 0.003*"would" + 0.003*"fucking" + 0.003*"shit" + 0.002*"post" + 0.002*"year" + 0.002*"get" + 0.002*"make" + 0.002*"one"
2018-08-28 05:09:50,477 : INFO : topic #7 (0.050): 0.012*"link" + 0.010*"token" + 0.008*"use" + 0.008*"would" + 0.007*"contract" + 0.007*"network" + 0.007*"blockchain" + 0.006*"smart" + 0.006*"node" + 0.006*"coin"
2018-08-28 05:09:50,478 : INFO : topic #1 (0.050): 0.003*"board" + 0.003*"financial" + 0.002*"follower" + 0.002*"bank" + 0.002*"steroid" + 0.002*"treasury" + 0.001*"also" + 0.001*"advisory" + 0.001*"crisis" + 0.001*"clinton"
2018-08-28 05:09:50,480 : INFO : topic #15 (0.050): 0.026*"powr" + 0.019*"pbc" + 0.018*"roll" + 0.012*"slr" + 0.012*"pick" + 0.012*"op" + 0.012*"energy" + 0.011*"teeka" + 0.010*"power" + 0.009*"solar"
2018-08-28 05:09:50,482 : INFO : topic diff=0.007272, rho=0.131306
2018-08-28 05:09:57,227 : INFO : -8.350 per-word bound, 326.3 perplexity estimate based on a held-out corpus of 2653 documents with 1868102 words
2018-08-28 05:09:57,228 : INFO : PROGRESS: pass 57, at document #2653/2653
2018-08-28 05:10:00,652 : INFO : topic #16 (0.050): 0.003*"nigger" + 0.002*"_value" + 0.002*"anime" + 0.001*"trump" + 0.001*"bond" + 0.001*"nicotine" + 0.001*"recession" + 0.001*"great" + 0.001*"uint256" + 0.001*"walimai"
2018-08-28 05:10:00,654 : INFO : topic #4 (0.050): 0.033*"die" + 0.027*"car" + 0.008*"tesla" + 0.005*"drive" + 0.005*"lambo" + 0.004*"like" + 0.003*"electric" + 0.003*"big" + 0.003*"driving" + 0.003*"comment"
2018-08-28 05:10:00,655 : INFO : topic #17 (0.050): 0.010*"get" + 0.010*"like" + 0.008*"money" + 0.007*"im" + 0.007*"make" + 0.007*"people" + 0.006*"want" + 0.005*"would" + 0.005*"one" + 0.005*"year"
2018-08-28 05:10:00,656 : INFO : topic #6 (0.050): 0.008*"like" + 0.008*"fucking" + 0.007*"get" + 0.006*"im" + 0.006*"money" + 0.006*"buy" + 0.006*"make" + 0.006*"people" + 0.006*"shit" + 0.005*"crypto"
2018-08-28 05:10:00,658 : INFO : topic #11 (0.050): 0.007*"omisego" + 0.007*"sticker" + 0.005*"yc" + 0.005*"skateboard" + 0.005*"request" + 0.003*"apple" + 0.003*"partnership" + 0.003*"even" + 0.003*"every" + 0.003*"ycombinator"
2018-08-28 05:10:00,660 : INFO : topic diff=0.007079, rho=0.130189
2018-08-28 05:10:07,287 : INFO : -8.350 per-word bound, 326.2 perplexity estimate based on a held-out corpus of 2653 documents with 1868102 words
2018-08-28 05:10:07,288 : INFO : PROGRESS: pass 58, at document #2653/2653
2018-08-28 05:10:10,595 : INFO : topic #18 (0.050): 0.003*"like" + 0.003*"people" + 0.003*"would" + 0.002*"fucking" + 0.002*"shit" + 0.002*"post" + 0.002*"year" + 0.002*"get" + 0.002*"one" + 0.002*"make"
2018-08-28 05:10:10,597 : INFO : topic #14 (0.050): 0.005*"god" + 0.005*"please" + 0.005*"oh" + 0.005*"tell" + 0.004*"10k" + 0.004*"fucking" + 0.004*"guy" + 0.003*"buy" + 0.003*"btc" + 0.002*"get"
2018-08-28 05:10:10,598 : INFO : topic #8 (0.050): 0.052*"link" + 0.008*"chainlink" + 0.007*"sergey" + 0.006*"linkies" + 0.006*"go" + 0.005*"swift" + 0.005*"even" + 0.005*"time" + 0.004*"fucking" + 0.004*"one"
2018-08-28 05:10:10,599 : INFO : topic #1 (0.050): 0.003*"board" + 0.003*"financial" + 0.002*"follower" + 0.002*"bank" + 0.002*"steroid" + 0.002*"treasury" + 0.001*"also" + 0.001*"advisory" + 0.001*"crisis" + 0.001*"clinton"
2018-08-28 05:10:10,600 : INFO : topic #13 (0.050): 0.005*"city" + 0.003*"hair" + 0.002*"economics" + 0.002*"country" + 0.001*"la" + 0.001*"look" + 0.001*"south" + 0.001*"manager" + 0.001*"morocco" + 0.001*"pretty"
2018-08-28 05:10:10,602 : INFO : topic diff=0.006900, rho=0.129099
2018-08-28 05:10:17,242 : INFO : -8.349 per-word bound, 326.1 perplexity estimate based on a held-out corpus of 2653 documents with 1868102 words
2018-08-28 05:10:17,242 : INFO : PROGRESS: pass 59, at document #2653/2653
2018-08-28 05:10:20,700 : INFO : topic #12 (0.050): 0.013*"buy" + 0.010*"coin" + 0.009*"im" + 0.009*"going" + 0.008*"like" + 0.008*"get" + 0.007*"sell" + 0.007*"go" + 0.006*"price" + 0.006*"shit"
2018-08-28 05:10:20,701 : INFO : topic #0 (0.050): 0.009*"im" + 0.009*"coin" + 0.007*"btc" + 0.007*"like" + 0.007*"money" + 0.007*"get" + 0.007*"year" + 0.006*"make" + 0.005*"crypto" + 0.005*"buy"
2018-08-28 05:10:20,703 : INFO : topic #17 (0.050): 0.010*"get" + 0.010*"like" + 0.008*"money" + 0.007*"im" + 0.007*"make" + 0.007*"people" + 0.006*"want" + 0.005*"would" + 0.005*"one" + 0.005*"year"
2018-08-28 05:10:20,704 : INFO : topic #16 (0.050): 0.003*"nigger" + 0.002*"_value" + 0.002*"anime" + 0.001*"trump" + 0.001*"bond" + 0.001*"nicotine" + 0.001*"recession" + 0.001*"great" + 0.001*"uint256" + 0.001*"walimai"
2018-08-28 05:10:20,705 : INFO : topic #2 (0.050): 0.037*"iota" + 0.004*"giota" + 0.004*"tangle" + 0.003*"amazon" + 0.003*"reclaim" + 0.003*"50" + 0.002*"coordinator" + 0.002*"brooke" + 0.002*"sue" + 0.002*"doge"
2018-08-28 05:10:20,707 : INFO : topic diff=0.006725, rho=0.128037
2018-08-28 05:10:27,492 : INFO : -8.349 per-word bound, 326.0 perplexity estimate based on a held-out corpus of 2653 documents with 1868102 words
2018-08-28 05:10:27,494 : INFO : PROGRESS: pass 60, at document #2653/2653
2018-08-28 05:10:30,878 : INFO : topic #15 (0.050): 0.026*"powr" + 0.019*"pbc" + 0.018*"roll" + 0.012*"slr" + 0.012*"energy" + 0.012*"pick" + 0.012*"op" + 0.011*"teeka" + 0.011*"power" + 0.010*"solar"
2018-08-28 05:10:30,880 : INFO : topic #1 (0.050): 0.003*"board" + 0.003*"financial" + 0.002*"follower" + 0.002*"steroid" + 0.002*"bank" + 0.002*"treasury" + 0.001*"also" + 0.001*"advisory" + 0.001*"crisis" + 0.001*"clinton"
2018-08-28 05:10:30,881 : INFO : topic #2 (0.050): 0.037*"iota" + 0.004*"giota" + 0.004*"tangle" + 0.003*"amazon" + 0.003*"reclaim" + 0.003*"50" + 0.002*"coordinator" + 0.002*"brooke" + 0.002*"sue" + 0.002*"doge"
2018-08-28 05:10:30,883 : INFO : topic #19 (0.050): 0.005*"resume" + 0.001*"f5" + 0.001*"template" + 0.001*"computing" + 0.001*"rolex" + 0.001*"spell" + 0.001*"flashy" + 0.001*"bullet" + 0.001*"wording" + 0.001*"slush"
2018-08-28 05:10:30,884 : INFO : topic #7 (0.050): 0.011*"link" + 0.010*"token" + 0.008*"use" + 0.008*"would" + 0.007*"contract" + 0.007*"network" + 0.007*"blockchain" + 0.006*"smart" + 0.006*"coin" + 0.006*"node"
2018-08-28 05:10:30,886 : INFO : topic diff=0.006560, rho=0.127000
2018-08-28 05:10:37,565 : INFO : -8.348 per-word bound, 325.9 perplexity estimate based on a held-out corpus of 2653 documents with 1868102 words
2018-08-28 05:10:37,565 : INFO : PROGRESS: pass 61, at document #2653/2653
2018-08-28 05:10:40,975 : INFO : topic #2 (0.050): 0.038*"iota" + 0.004*"giota" + 0.004*"tangle" + 0.003*"amazon" + 0.003*"reclaim" + 0.003*"50" + 0.002*"coordinator" + 0.002*"brooke" + 0.002*"sue" + 0.002*"doge"
2018-08-28 05:10:40,977 : INFO : topic #1 (0.050): 0.003*"board" + 0.003*"financial" + 0.002*"follower" + 0.002*"steroid" + 0.002*"bank" + 0.002*"treasury" + 0.001*"also" + 0.001*"advisory" + 0.001*"crisis" + 0.001*"clinton"
2018-08-28 05:10:40,978 : INFO : topic #14 (0.050): 0.006*"god" + 0.005*"please" + 0.005*"oh" + 0.005*"tell" + 0.004*"10k" + 0.004*"fucking" + 0.003*"guy" + 0.003*"buy" + 0.003*"btc" + 0.002*"join"
2018-08-28 05:10:40,980 : INFO : topic #11 (0.050): 0.007*"omisego" + 0.007*"sticker" + 0.005*"yc" + 0.005*"skateboard" + 0.005*"request" + 0.003*"apple" + 0.003*"partnership" + 0.003*"even" + 0.003*"every" + 0.003*"ycombinator"
2018-08-28 05:10:40,981 : INFO : topic #6 (0.050): 0.008*"like" + 0.008*"fucking" + 0.007*"get" + 0.006*"money" + 0.006*"im" + 0.006*"buy" + 0.006*"make" + 0.006*"people" + 0.006*"shit" + 0.006*"crypto"
2018-08-28 05:10:40,983 : INFO : topic diff=0.006394, rho=0.125988
2018-08-28 05:10:47,679 : INFO : -8.348 per-word bound, 325.8 perplexity estimate based on a held-out corpus of 2653 documents with 1868102 words
2018-08-28 05:10:47,680 : INFO : PROGRESS: pass 62, at document #2653/2653
2018-08-28 05:10:51,066 : INFO : topic #4 (0.050): 0.034*"die" + 0.028*"car" + 0.008*"tesla" + 0.005*"drive" + 0.005*"lambo" + 0.004*"like" + 0.003*"electric" + 0.003*"big" + 0.003*"driving" + 0.003*"comment"
2018-08-28 05:10:51,068 : INFO : topic #14 (0.050): 0.006*"god" + 0.005*"please" + 0.005*"oh" + 0.005*"tell" + 0.004*"10k" + 0.004*"fucking" + 0.003*"guy" + 0.003*"buy" + 0.003*"btc" + 0.002*"join"
2018-08-28 05:10:51,069 : INFO : topic #7 (0.050): 0.011*"link" + 0.010*"token" + 0.008*"use" + 0.008*"would" + 0.007*"contract" + 0.007*"network" + 0.007*"blockchain" + 0.006*"smart" + 0.006*"coin" + 0.006*"node"
2018-08-28 05:10:51,070 : INFO : topic #9 (0.050): 0.049*"ark" + 0.008*"rcn" + 0.005*"bitbay" + 0.005*"delegate" + 0.005*"arkies" + 0.005*"get" + 0.005*"wallet" + 0.005*"deluded" + 0.004*"coin" + 0.004*"credit"
2018-08-28 05:10:51,072 : INFO : topic #11 (0.050): 0.007*"omisego" + 0.007*"sticker" + 0.005*"yc" + 0.005*"skateboard" + 0.005*"request" + 0.003*"apple" + 0.003*"partnership" + 0.003*"even" + 0.003*"every" + 0.003*"ycombinator"
2018-08-28 05:10:51,074 : INFO : topic diff=0.006234, rho=0.125000
2018-08-28 05:10:57,825 : INFO : -8.347 per-word bound, 325.7 perplexity estimate based on a held-out corpus of 2653 documents with 1868102 words
2018-08-28 05:10:57,826 : INFO : PROGRESS: pass 63, at document #2653/2653
2018-08-28 05:11:01,226 : INFO : topic #10 (0.050): 0.027*"btc" + 0.020*"bitcoin" + 0.019*"bch" + 0.007*"going" + 0.007*"people" + 0.006*"like" + 0.005*"get" + 0.005*"time" + 0.005*"would" + 0.005*"price"
2018-08-28 05:11:01,227 : INFO : topic #7 (0.050): 0.011*"link" + 0.010*"token" + 0.008*"use" + 0.008*"would" + 0.007*"contract" + 0.007*"network" + 0.007*"blockchain" + 0.006*"smart" + 0.006*"coin" + 0.006*"node"
2018-08-28 05:11:01,229 : INFO : topic #2 (0.050): 0.038*"iota" + 0.004*"giota" + 0.004*"tangle" + 0.003*"amazon" + 0.003*"reclaim" + 0.003*"50" + 0.002*"coordinator" + 0.002*"brooke" + 0.002*"sue" + 0.002*"doge"
2018-08-28 05:11:01,230 : INFO : topic #11 (0.050): 0.007*"omisego" + 0.007*"sticker" + 0.005*"yc" + 0.005*"skateboard" + 0.005*"request" + 0.003*"apple" + 0.003*"partnership" + 0.003*"even" + 0.003*"every" + 0.003*"ycombinator"
2018-08-28 05:11:01,232 : INFO : topic #6 (0.050): 0.008*"like" + 0.008*"fucking" + 0.007*"get" + 0.006*"money" + 0.006*"im" + 0.006*"buy" + 0.006*"make" + 0.006*"people" + 0.006*"crypto" + 0.006*"shit"
2018-08-28 05:11:01,234 : INFO : topic diff=0.006090, rho=0.124035
2018-08-28 05:11:07,890 : INFO : -8.347 per-word bound, 325.6 perplexity estimate based on a held-out corpus of 2653 documents with 1868102 words
2018-08-28 05:11:07,892 : INFO : PROGRESS: pass 64, at document #2653/2653
2018-08-28 05:11:11,205 : INFO : topic #17 (0.050): 0.010*"get" + 0.010*"like" + 0.008*"money" + 0.007*"im" + 0.007*"make" + 0.007*"people" + 0.006*"want" + 0.005*"would" + 0.005*"one" + 0.005*"year"
2018-08-28 05:11:11,207 : INFO : topic #4 (0.050): 0.034*"die" + 0.028*"car" + 0.008*"tesla" + 0.005*"drive" + 0.005*"lambo" + 0.004*"like" + 0.003*"electric" + 0.003*"big" + 0.003*"driving" + 0.003*"comment"
2018-08-28 05:11:11,208 : INFO : topic #6 (0.050): 0.008*"like" + 0.008*"fucking" + 0.007*"get" + 0.006*"money" + 0.006*"im" + 0.006*"make" + 0.006*"buy" + 0.006*"people" + 0.006*"crypto" + 0.006*"shit"
2018-08-28 05:11:11,209 : INFO : topic #11 (0.050): 0.007*"omisego" + 0.007*"sticker" + 0.005*"yc" + 0.005*"skateboard" + 0.005*"request" + 0.003*"apple" + 0.003*"partnership" + 0.003*"even" + 0.003*"every" + 0.003*"ycombinator"
2018-08-28 05:11:11,211 : INFO : topic #14 (0.050): 0.006*"god" + 0.006*"please" + 0.006*"oh" + 0.005*"tell" + 0.004*"10k" + 0.004*"fucking" + 0.003*"guy" + 0.003*"buy" + 0.003*"btc" + 0.002*"join"
2018-08-28 05:11:11,213 : INFO : topic diff=0.005939, rho=0.123091
2018-08-28 05:11:17,913 : INFO : -8.346 per-word bound, 325.5 perplexity estimate based on a held-out corpus of 2653 documents with 1868102 words
2018-08-28 05:11:17,914 : INFO : PROGRESS: pass 65, at document #2653/2653
2018-08-28 05:11:21,310 : INFO : topic #15 (0.050): 0.027*"powr" + 0.019*"pbc" + 0.018*"roll" + 0.012*"energy" + 0.012*"slr" + 0.012*"pick" + 0.012*"op" + 0.012*"power" + 0.012*"teeka" + 0.010*"solar"
2018-08-28 05:11:21,312 : INFO : topic #10 (0.050): 0.027*"btc" + 0.020*"bitcoin" + 0.019*"bch" + 0.007*"going" + 0.007*"people" + 0.006*"like" + 0.005*"get" + 0.005*"time" + 0.005*"would" + 0.005*"fucking"
2018-08-28 05:11:21,313 : INFO : topic #18 (0.050): 0.002*"like" + 0.002*"people" + 0.002*"post" + 0.002*"would" + 0.002*"year" + 0.002*"fucking" + 0.002*"shit" + 0.002*"music" + 0.002*"one" + 0.002*"nigger"
2018-08-28 05:11:21,315 : INFO : topic #7 (0.050): 0.011*"link" + 0.010*"token" + 0.008*"use" + 0.008*"would" + 0.007*"contract" + 0.007*"network" + 0.007*"blockchain" + 0.006*"smart" + 0.006*"coin" + 0.006*"node"
2018-08-28 05:11:21,316 : INFO : topic #19 (0.050): 0.005*"resume" + 0.001*"f5" + 0.001*"template" + 0.001*"computing" + 0.001*"rolex" + 0.001*"spell" + 0.001*"flashy" + 0.001*"bullet" + 0.001*"wording" + 0.001*"slush"
2018-08-28 05:11:21,319 : INFO : topic diff=0.005800, rho=0.122169
2018-08-28 05:11:28,063 : INFO : -8.346 per-word bound, 325.4 perplexity estimate based on a held-out corpus of 2653 documents with 1868102 words
2018-08-28 05:11:28,063 : INFO : PROGRESS: pass 66, at document #2653/2653
2018-08-28 05:11:31,435 : INFO : topic #5 (0.050): 0.015*"wallet" + 0.008*"get" + 0.007*"address" + 0.007*"use" + 0.006*"im" + 0.006*"like" + 0.005*"monero" + 0.004*"know" + 0.004*"send" + 0.004*"key"
2018-08-28 05:11:31,437 : INFO : topic #9 (0.050): 0.050*"ark" + 0.008*"rcn" + 0.005*"bitbay" + 0.005*"delegate" + 0.005*"arkies" + 0.005*"wallet" + 0.005*"get" + 0.005*"deluded" + 0.004*"credit" + 0.004*"bat"
2018-08-28 05:11:31,438 : INFO : topic #3 (0.050): 0.015*"token" + 0.006*"platform" + 0.006*"market" + 0.006*"ico" + 0.006*"salt" + 0.005*"product" + 0.005*"cap" + 0.005*"team" + 0.005*"ha" + 0.004*"wabi"
2018-08-28 05:11:31,440 : INFO : topic #11 (0.050): 0.007*"omisego" + 0.007*"sticker" + 0.006*"yc" + 0.005*"skateboard" + 0.005*"request" + 0.003*"apple" + 0.003*"partnership" + 0.003*"ycombinator" + 0.003*"every" + 0.003*"even"
2018-08-28 05:11:31,441 : INFO : topic #6 (0.050): 0.008*"like" + 0.008*"fucking" + 0.007*"get" + 0.006*"money" + 0.006*"im" + 0.006*"make" + 0.006*"people" + 0.006*"buy" + 0.006*"crypto" + 0.006*"shit"
2018-08-28 05:11:31,443 : INFO : topic diff=0.005670, rho=0.121268
2018-08-28 05:11:38,101 : INFO : -8.346 per-word bound, 325.3 perplexity estimate based on a held-out corpus of 2653 documents with 1868102 words
2018-08-28 05:11:38,101 : INFO : PROGRESS: pass 67, at document #2653/2653
2018-08-28 05:11:41,508 : INFO : topic #4 (0.050): 0.034*"die" + 0.028*"car" + 0.009*"tesla" + 0.005*"drive" + 0.005*"lambo" + 0.004*"electric" + 0.003*"like" + 0.003*"big" + 0.003*"driving" + 0.003*"comment"
2018-08-28 05:11:41,510 : INFO : topic #18 (0.050): 0.002*"like" + 0.002*"post" + 0.002*"year" + 0.002*"people" + 0.002*"would" + 0.002*"music" + 0.002*"fucking" + 0.002*"shit" + 0.002*"nigger" + 0.002*"one"
2018-08-28 05:11:41,512 : INFO : topic #5 (0.050): 0.015*"wallet" + 0.008*"get" + 0.007*"address" + 0.007*"use" + 0.006*"im" + 0.006*"like" + 0.005*"monero" + 0.004*"know" + 0.004*"send" + 0.004*"key"
2018-08-28 05:11:41,513 : INFO : topic #3 (0.050): 0.015*"token" + 0.006*"platform" + 0.006*"market" + 0.006*"ico" + 0.006*"salt" + 0.005*"product" + 0.005*"cap" + 0.005*"team" + 0.005*"ha" + 0.004*"wabi"
2018-08-28 05:11:41,515 : INFO : topic #1 (0.050): 0.003*"board" + 0.003*"financial" + 0.002*"follower" + 0.002*"steroid" + 0.002*"bank" + 0.002*"treasury" + 0.001*"advisory" + 0.001*"crisis" + 0.001*"also" + 0.001*"clinton"
2018-08-28 05:11:41,517 : INFO : topic diff=0.005532, rho=0.120386
2018-08-28 05:11:48,237 : INFO : -8.345 per-word bound, 325.2 perplexity estimate based on a held-out corpus of 2653 documents with 1868102 words
2018-08-28 05:11:48,238 : INFO : PROGRESS: pass 68, at document #2653/2653
2018-08-28 05:11:51,632 : INFO : topic #0 (0.050): 0.009*"im" + 0.009*"coin" + 0.007*"btc" + 0.007*"like" + 0.007*"money" + 0.007*"get" + 0.007*"year" + 0.006*"make" + 0.005*"crypto" + 0.005*"one"
2018-08-28 05:11:51,634 : INFO : topic #3 (0.050): 0.015*"token" + 0.006*"platform" + 0.006*"market" + 0.006*"ico" + 0.006*"salt" + 0.005*"product" + 0.005*"cap" + 0.005*"team" + 0.005*"ha" + 0.004*"wabi"
2018-08-28 05:11:51,635 : INFO : topic #12 (0.050): 0.013*"buy" + 0.010*"coin" + 0.009*"im" + 0.009*"going" + 0.008*"like" + 0.008*"get" + 0.007*"sell" + 0.007*"go" + 0.006*"shit" + 0.006*"price"
2018-08-28 05:11:51,637 : INFO : topic #7 (0.050): 0.011*"link" + 0.010*"token" + 0.008*"use" + 0.008*"would" + 0.007*"contract" + 0.007*"network" + 0.007*"blockchain" + 0.006*"smart" + 0.006*"coin" + 0.006*"node"
2018-08-28 05:11:51,638 : INFO : topic #4 (0.050): 0.034*"die" + 0.028*"car" + 0.009*"tesla" + 0.005*"lambo" + 0.005*"drive" + 0.004*"electric" + 0.003*"like" + 0.003*"big" + 0.003*"driving" + 0.003*"comment"
2018-08-28 05:11:51,641 : INFO : topic diff=0.005405, rho=0.119523
2018-08-28 05:11:58,646 : INFO : -8.345 per-word bound, 325.2 perplexity estimate based on a held-out corpus of 2653 documents with 1868102 words
2018-08-28 05:11:58,646 : INFO : PROGRESS: pass 69, at document #2653/2653
2018-08-28 05:12:02,061 : INFO : topic #12 (0.050): 0.013*"buy" + 0.010*"coin" + 0.009*"im" + 0.009*"going" + 0.008*"like" + 0.008*"get" + 0.007*"sell" + 0.007*"go" + 0.006*"shit" + 0.006*"price"
2018-08-28 05:12:02,063 : INFO : topic #0 (0.050): 0.009*"im" + 0.009*"coin" + 0.008*"btc" + 0.007*"like" + 0.007*"money" + 0.007*"get" + 0.007*"year" + 0.006*"make" + 0.005*"crypto" + 0.005*"one"
2018-08-28 05:12:02,064 : INFO : topic #19 (0.050): 0.005*"resume" + 0.001*"f5" + 0.001*"template" + 0.001*"computing" + 0.001*"rolex" + 0.001*"spell" + 0.001*"flashy" + 0.001*"bullet" + 0.001*"wording" + 0.001*"slush"
2018-08-28 05:12:02,066 : INFO : topic #2 (0.050): 0.038*"iota" + 0.004*"giota" + 0.004*"tangle" + 0.003*"amazon" + 0.003*"reclaim" + 0.003*"50" + 0.002*"coordinator" + 0.002*"brooke" + 0.002*"sue" + 0.002*"doge"
2018-08-28 05:12:02,067 : INFO : topic #8 (0.050): 0.055*"link" + 0.008*"chainlink" + 0.008*"sergey" + 0.006*"linkies" + 0.006*"go" + 0.005*"swift" + 0.005*"even" + 0.005*"time" + 0.004*"one" + 0.004*"fucking"
2018-08-28 05:12:02,069 : INFO : topic diff=0.005281, rho=0.118678
2018-08-28 05:12:08,775 : INFO : -8.345 per-word bound, 325.1 perplexity estimate based on a held-out corpus of 2653 documents with 1868102 words
2018-08-28 05:12:08,777 : INFO : PROGRESS: pass 70, at document #2653/2653
2018-08-28 05:12:12,150 : INFO : topic #15 (0.050): 0.028*"powr" + 0.019*"pbc" + 0.018*"roll" + 0.013*"energy" + 0.012*"power" + 0.012*"slr" + 0.012*"pick" + 0.012*"op" + 0.012*"teeka" + 0.010*"solar"
2018-08-28 05:12:12,152 : INFO : topic #5 (0.050): 0.015*"wallet" + 0.008*"get" + 0.007*"address" + 0.007*"use" + 0.006*"im" + 0.006*"like" + 0.005*"monero" + 0.004*"send" + 0.004*"know" + 0.004*"key"
2018-08-28 05:12:12,153 : INFO : topic #14 (0.050): 0.006*"god" + 0.006*"please" + 0.006*"oh" + 0.005*"tell" + 0.004*"10k" + 0.003*"fucking" + 0.003*"guy" + 0.002*"buy" + 0.002*"join" + 0.002*"btc"
2018-08-28 05:12:12,155 : INFO : topic #2 (0.050): 0.038*"iota" + 0.004*"giota" + 0.004*"tangle" + 0.003*"amazon" + 0.003*"reclaim" + 0.003*"50" + 0.002*"coordinator" + 0.002*"brooke" + 0.002*"sue" + 0.002*"doge"
2018-08-28 05:12:12,156 : INFO : topic #18 (0.050): 0.002*"post" + 0.002*"year" + 0.002*"like" + 0.002*"music" + 0.002*"would" + 0.002*"people" + 0.002*"fucking" + 0.002*"shit" + 0.002*"nigger" + 0.002*"digital"
2018-08-28 05:12:12,158 : INFO : topic diff=0.005165, rho=0.117851
2018-08-28 05:12:18,861 : INFO : -8.344 per-word bound, 325.0 perplexity estimate based on a held-out corpus of 2653 documents with 1868102 words
2018-08-28 05:12:18,861 : INFO : PROGRESS: pass 71, at document #2653/2653
2018-08-28 05:12:22,276 : INFO : topic #12 (0.050): 0.013*"buy" + 0.010*"coin" + 0.009*"im" + 0.009*"going" + 0.008*"like" + 0.008*"get" + 0.007*"sell" + 0.007*"go" + 0.006*"shit" + 0.006*"price"
2018-08-28 05:12:22,277 : INFO : topic #17 (0.050): 0.010*"get" + 0.010*"like" + 0.008*"money" + 0.007*"im" + 0.007*"make" + 0.007*"people" + 0.006*"want" + 0.005*"would" + 0.005*"one" + 0.005*"year"
2018-08-28 05:12:22,279 : INFO : topic #6 (0.050): 0.008*"like" + 0.008*"fucking" + 0.007*"get" + 0.006*"money" + 0.006*"im" + 0.006*"make" + 0.006*"people" + 0.006*"crypto" + 0.006*"buy" + 0.006*"shit"
2018-08-28 05:12:22,280 : INFO : topic #10 (0.050): 0.028*"btc" + 0.020*"bitcoin" + 0.019*"bch" + 0.007*"going" + 0.007*"people" + 0.006*"like" + 0.005*"get" + 0.005*"time" + 0.005*"would" + 0.005*"fucking"
2018-08-28 05:12:22,281 : INFO : topic #8 (0.050): 0.055*"link" + 0.008*"chainlink" + 0.008*"sergey" + 0.006*"linkies" + 0.006*"swift" + 0.005*"go" + 0.005*"time" + 0.005*"even" + 0.004*"rory" + 0.004*"one"
2018-08-28 05:12:22,284 : INFO : topic diff=0.005047, rho=0.117041
2018-08-28 05:12:28,999 : INFO : -8.344 per-word bound, 324.9 perplexity estimate based on a held-out corpus of 2653 documents with 1868102 words
2018-08-28 05:12:29,000 : INFO : PROGRESS: pass 72, at document #2653/2653
2018-08-28 05:12:32,405 : INFO : topic #13 (0.050): 0.005*"city" + 0.003*"hair" + 0.002*"economics" + 0.002*"country" + 0.001*"la" + 0.001*"manager" + 0.001*"south" + 0.001*"morocco" + 0.001*"look" + 0.001*"tuna"
2018-08-28 05:12:32,407 : INFO : topic #0 (0.050): 0.009*"im" + 0.009*"coin" + 0.008*"btc" + 0.007*"money" + 0.007*"like" + 0.007*"year" + 0.007*"get" + 0.006*"make" + 0.006*"crypto" + 0.005*"eth"
2018-08-28 05:12:32,408 : INFO : topic #16 (0.050): 0.003*"nigger" + 0.002*"_value" + 0.002*"anime" + 0.001*"trump" + 0.001*"bond" + 0.001*"nicotine" + 0.001*"recession" + 0.001*"walimai" + 0.001*"uint256" + 0.001*"ge"
2018-08-28 05:12:32,409 : INFO : topic #18 (0.050): 0.002*"post" + 0.002*"year" + 0.002*"music" + 0.002*"like" + 0.002*"would" + 0.002*"people" + 0.002*"nigger" + 0.002*"fucking" + 0.002*"shit" + 0.002*"digital"
2018-08-28 05:12:32,411 : INFO : topic #2 (0.050): 0.039*"iota" + 0.004*"giota" + 0.004*"tangle" + 0.003*"amazon" + 0.003*"reclaim" + 0.003*"50" + 0.002*"coordinator" + 0.002*"brooke" + 0.002*"sue" + 0.002*"doge"
2018-08-28 05:12:32,413 : INFO : topic diff=0.004932, rho=0.116248
2018-08-28 05:12:39,090 : INFO : -8.344 per-word bound, 324.9 perplexity estimate based on a held-out corpus of 2653 documents with 1868102 words
2018-08-28 05:12:39,091 : INFO : PROGRESS: pass 73, at document #2653/2653
2018-08-28 05:12:42,497 : INFO : topic #9 (0.050): 0.052*"ark" + 0.008*"rcn" + 0.006*"bitbay" + 0.005*"delegate" + 0.005*"arkies" + 0.005*"wallet" + 0.005*"deluded" + 0.005*"credit" + 0.004*"get" + 0.004*"bat"
2018-08-28 05:12:42,498 : INFO : topic #10 (0.050): 0.028*"btc" + 0.020*"bitcoin" + 0.019*"bch" + 0.007*"going" + 0.007*"people" + 0.006*"like" + 0.005*"get" + 0.005*"time" + 0.005*"would" + 0.005*"fucking"
2018-08-28 05:12:42,499 : INFO : topic #13 (0.050): 0.005*"city" + 0.003*"hair" + 0.002*"economics" + 0.002*"country" + 0.001*"la" + 0.001*"manager" + 0.001*"south" + 0.001*"morocco" + 0.001*"tuna" + 0.001*"look"
2018-08-28 05:12:42,501 : INFO : topic #6 (0.050): 0.008*"like" + 0.008*"fucking" + 0.007*"get" + 0.006*"money" + 0.006*"im" + 0.006*"make" + 0.006*"people" + 0.006*"crypto" + 0.006*"shit" + 0.005*"buy"
2018-08-28 05:12:42,502 : INFO : topic #16 (0.050): 0.003*"nigger" + 0.002*"_value" + 0.002*"anime" + 0.001*"trump" + 0.001*"bond" + 0.001*"nicotine" + 0.001*"recession" + 0.001*"walimai" + 0.001*"uint256" + 0.001*"ge"
2018-08-28 05:12:42,505 : INFO : topic diff=0.004823, rho=0.115470
2018-08-28 05:12:49,227 : INFO : -8.343 per-word bound, 324.8 perplexity estimate based on a held-out corpus of 2653 documents with 1868102 words
2018-08-28 05:12:49,229 : INFO : PROGRESS: pass 74, at document #2653/2653
2018-08-28 05:12:52,607 : INFO : topic #12 (0.050): 0.013*"buy" + 0.010*"coin" + 0.009*"im" + 0.009*"going" + 0.008*"like" + 0.008*"get" + 0.007*"sell" + 0.007*"go" + 0.006*"shit" + 0.006*"price"
2018-08-28 05:12:52,610 : INFO : topic #7 (0.050): 0.011*"link" + 0.010*"token" + 0.008*"use" + 0.008*"would" + 0.007*"contract" + 0.007*"network" + 0.007*"blockchain" + 0.006*"coin" + 0.006*"smart" + 0.006*"like"
2018-08-28 05:12:52,611 : INFO : topic #6 (0.050): 0.008*"like" + 0.008*"fucking" + 0.007*"get" + 0.006*"money" + 0.006*"im" + 0.006*"make" + 0.006*"people" + 0.006*"crypto" + 0.006*"shit" + 0.005*"buy"
2018-08-28 05:12:52,613 : INFO : topic #10 (0.050): 0.028*"btc" + 0.020*"bitcoin" + 0.019*"bch" + 0.007*"going" + 0.007*"people" + 0.006*"like" + 0.005*"get" + 0.005*"time" + 0.005*"would" + 0.005*"fucking"
2018-08-28 05:12:52,614 : INFO : topic #3 (0.050): 0.015*"token" + 0.007*"platform" + 0.006*"ico" + 0.006*"market" + 0.006*"salt" + 0.005*"product" + 0.005*"cap" + 0.005*"team" + 0.005*"ha" + 0.004*"wabi"
2018-08-28 05:12:52,616 : INFO : topic diff=0.004712, rho=0.114708
2018-08-28 05:12:59,535 : INFO : -8.343 per-word bound, 324.7 perplexity estimate based on a held-out corpus of 2653 documents with 1868102 words
2018-08-28 05:12:59,537 : INFO : PROGRESS: pass 75, at document #2653/2653
2018-08-28 05:13:02,904 : INFO : topic #18 (0.050): 0.002*"music" + 0.002*"year" + 0.002*"post" + 0.002*"would" + 0.002*"like" + 0.002*"people" + 0.002*"nigger" + 0.002*"digital" + 0.002*"email" + 0.002*"fucking"
2018-08-28 05:13:02,906 : INFO : topic #16 (0.050): 0.003*"nigger" + 0.002*"_value" + 0.002*"anime" + 0.001*"trump" + 0.001*"bond" + 0.001*"nicotine" + 0.001*"recession" + 0.001*"ge" + 0.001*"uint256" + 0.001*"walimai"
2018-08-28 05:13:02,907 : INFO : topic #14 (0.050): 0.006*"god" + 0.006*"please" + 0.006*"oh" + 0.005*"tell" + 0.004*"10k" + 0.003*"guy" + 0.003*"fucking" + 0.002*"join" + 0.002*"buy" + 0.002*"079"
2018-08-28 05:13:02,909 : INFO : topic #4 (0.050): 0.035*"die" + 0.029*"car" + 0.009*"tesla" + 0.005*"lambo" + 0.005*"drive" + 0.004*"electric" + 0.003*"like" + 0.003*"big" + 0.003*"driving" + 0.003*"comment"
2018-08-28 05:13:02,910 : INFO : topic #2 (0.050): 0.039*"iota" + 0.004*"giota" + 0.004*"tangle" + 0.003*"amazon" + 0.003*"reclaim" + 0.003*"50" + 0.002*"coordinator" + 0.002*"brooke" + 0.002*"sue" + 0.002*"doge"
2018-08-28 05:13:02,913 : INFO : topic diff=0.004614, rho=0.113961
2018-08-28 05:13:09,601 : INFO : -8.343 per-word bound, 324.7 perplexity estimate based on a held-out corpus of 2653 documents with 1868102 words
2018-08-28 05:13:09,602 : INFO : PROGRESS: pass 76, at document #2653/2653
2018-08-28 05:13:12,983 : INFO : topic #17 (0.050): 0.010*"get" + 0.010*"like" + 0.008*"money" + 0.007*"im" + 0.007*"make" + 0.007*"people" + 0.006*"want" + 0.005*"would" + 0.005*"one" + 0.005*"year"
2018-08-28 05:13:12,985 : INFO : topic #16 (0.050): 0.003*"nigger" + 0.002*"_value" + 0.002*"anime" + 0.001*"trump" + 0.001*"bond" + 0.001*"nicotine" + 0.001*"recession" + 0.001*"ge" + 0.001*"uint256" + 0.001*"walimai"
2018-08-28 05:13:12,986 : INFO : topic #8 (0.050): 0.056*"link" + 0.008*"sergey" + 0.008*"chainlink" + 0.006*"linkies" + 0.006*"swift" + 0.005*"go" + 0.005*"time" + 0.005*"even" + 0.004*"rory" + 0.004*"one"
2018-08-28 05:13:12,988 : INFO : topic #11 (0.050): 0.007*"omisego" + 0.007*"sticker" + 0.006*"yc" + 0.005*"skateboard" + 0.005*"request" + 0.003*"apple" + 0.003*"partnership" + 0.003*"ycombinator" + 0.003*"aggressive" + 0.003*"every"
2018-08-28 05:13:12,989 : INFO : topic #2 (0.050): 0.039*"iota" + 0.004*"giota" + 0.004*"tangle" + 0.003*"amazon" + 0.003*"reclaim" + 0.003*"50" + 0.002*"coordinator" + 0.002*"brooke" + 0.002*"doge" + 0.002*"sue"
2018-08-28 05:13:12,991 : INFO : topic diff=0.004518, rho=0.113228
2018-08-28 05:13:19,692 : INFO : -8.342 per-word bound, 324.6 perplexity estimate based on a held-out corpus of 2653 documents with 1868102 words
2018-08-28 05:13:19,693 : INFO : PROGRESS: pass 77, at document #2653/2653
2018-08-28 05:13:23,102 : INFO : topic #6 (0.050): 0.008*"like" + 0.008*"fucking" + 0.007*"get" + 0.006*"money" + 0.006*"im" + 0.006*"crypto" + 0.006*"people" + 0.006*"make" + 0.006*"shit" + 0.005*"buy"
2018-08-28 05:13:23,105 : INFO : topic #13 (0.050): 0.005*"city" + 0.003*"hair" + 0.002*"economics" + 0.002*"country" + 0.002*"la" + 0.001*"manager" + 0.001*"south" + 0.001*"morocco" + 0.001*"tuna" + 0.001*"perth"
2018-08-28 05:13:23,107 : INFO : topic #16 (0.050): 0.003*"nigger" + 0.002*"_value" + 0.002*"anime" + 0.001*"trump" + 0.001*"bond" + 0.001*"nicotine" + 0.001*"recession" + 0.001*"ge" + 0.001*"uint256" + 0.001*"walimai"
2018-08-28 05:13:23,108 : INFO : topic #14 (0.050): 0.006*"god" + 0.006*"please" + 0.006*"oh" + 0.005*"tell" + 0.004*"10k" + 0.003*"guy" + 0.003*"fucking" + 0.002*"join" + 0.002*"079" + 0.002*"buy"
2018-08-28 05:13:23,109 : INFO : topic #9 (0.050): 0.052*"ark" + 0.008*"rcn" + 0.006*"bitbay" + 0.005*"delegate" + 0.005*"arkies" + 0.005*"wallet" + 0.005*"deluded" + 0.005*"credit" + 0.004*"bat" + 0.004*"get"
2018-08-28 05:13:23,112 : INFO : topic diff=0.004420, rho=0.112509
2018-08-28 05:13:29,802 : INFO : -8.342 per-word bound, 324.5 perplexity estimate based on a held-out corpus of 2653 documents with 1868102 words
2018-08-28 05:13:29,803 : INFO : PROGRESS: pass 78, at document #2653/2653
2018-08-28 05:13:33,132 : INFO : topic #10 (0.050): 0.028*"btc" + 0.020*"bitcoin" + 0.019*"bch" + 0.007*"going" + 0.007*"people" + 0.006*"like" + 0.005*"get" + 0.005*"time" + 0.005*"would" + 0.005*"fucking"
2018-08-28 05:13:33,133 : INFO : topic #15 (0.050): 0.029*"powr" + 0.019*"pbc" + 0.018*"roll" + 0.013*"power" + 0.013*"energy" + 0.012*"slr" + 0.012*"pick" + 0.012*"op" + 0.012*"teeka" + 0.010*"solar"
2018-08-28 05:13:33,135 : INFO : topic #1 (0.050): 0.003*"board" + 0.003*"financial" + 0.002*"follower" + 0.002*"steroid" + 0.002*"treasury" + 0.002*"bank" + 0.001*"advisory" + 0.001*"crisis" + 0.001*"clinton" + 0.001*"also"
2018-08-28 05:13:33,136 : INFO : topic #14 (0.050): 0.006*"god" + 0.006*"please" + 0.006*"oh" + 0.005*"tell" + 0.004*"10k" + 0.003*"guy" + 0.003*"fucking" + 0.002*"join" + 0.002*"079" + 0.002*"buy"
2018-08-28 05:13:33,137 : INFO : topic #8 (0.050): 0.056*"link" + 0.008*"sergey" + 0.008*"chainlink" + 0.006*"linkies" + 0.006*"swift" + 0.005*"go" + 0.005*"time" + 0.005*"even" + 0.004*"rory" + 0.004*"one"
2018-08-28 05:13:33,140 : INFO : topic diff=0.004331, rho=0.111803
2018-08-28 05:13:39,804 : INFO : -8.342 per-word bound, 324.5 perplexity estimate based on a held-out corpus of 2653 documents with 1868102 words
2018-08-28 05:13:39,804 : INFO : PROGRESS: pass 79, at document #2653/2653
2018-08-28 05:13:43,193 : INFO : topic #7 (0.050): 0.011*"link" + 0.010*"token" + 0.008*"use" + 0.008*"would" + 0.007*"contract" + 0.007*"network" + 0.007*"blockchain" + 0.006*"coin" + 0.006*"smart" + 0.006*"like"
2018-08-28 05:13:43,195 : INFO : topic #3 (0.050): 0.015*"token" + 0.007*"platform" + 0.006*"ico" + 0.006*"market" + 0.006*"salt" + 0.005*"product" + 0.005*"cap" + 0.005*"ha" + 0.005*"team" + 0.004*"wabi"
2018-08-28 05:13:43,196 : INFO : topic #14 (0.050): 0.006*"god" + 0.006*"please" + 0.006*"oh" + 0.005*"tell" + 0.004*"10k" + 0.003*"guy" + 0.003*"fucking" + 0.002*"join" + 0.002*"079" + 0.002*"buy"
2018-08-28 05:13:43,198 : INFO : topic #12 (0.050): 0.014*"buy" + 0.010*"coin" + 0.009*"im" + 0.009*"going" + 0.008*"like" + 0.008*"get" + 0.007*"sell" + 0.007*"go" + 0.006*"shit" + 0.006*"price"
2018-08-28 05:13:43,200 : INFO : topic #4 (0.050): 0.035*"die" + 0.029*"car" + 0.009*"tesla" + 0.005*"lambo" + 0.005*"drive" + 0.004*"electric" + 0.003*"like" + 0.003*"big" + 0.003*"driving" + 0.003*"comment"
2018-08-28 05:13:43,202 : INFO : topic diff=0.004235, rho=0.111111
2018-08-28 05:13:49,882 : INFO : -8.342 per-word bound, 324.4 perplexity estimate based on a held-out corpus of 2653 documents with 1868102 words
2018-08-28 05:13:49,882 : INFO : PROGRESS: pass 80, at document #2653/2653
2018-08-28 05:13:53,290 : INFO : topic #13 (0.050): 0.005*"city" + 0.003*"hair" + 0.002*"economics" + 0.002*"country" + 0.002*"la" + 0.001*"manager" + 0.001*"south" + 0.001*"morocco" + 0.001*"tuna" + 0.001*"perth"
2018-08-28 05:13:53,293 : INFO : topic #6 (0.050): 0.008*"like" + 0.008*"fucking" + 0.007*"get" + 0.006*"money" + 0.006*"crypto" + 0.006*"im" + 0.006*"people" + 0.006*"make" + 0.005*"shit" + 0.005*"buy"
2018-08-28 05:13:53,295 : INFO : topic #0 (0.050): 0.009*"im" + 0.009*"coin" + 0.008*"btc" + 0.007*"money" + 0.007*"like" + 0.007*"year" + 0.007*"get" + 0.006*"make" + 0.006*"crypto" + 0.005*"eth"
2018-08-28 05:13:53,296 : INFO : topic #11 (0.050): 0.007*"omisego" + 0.007*"sticker" + 0.006*"yc" + 0.005*"skateboard" + 0.005*"request" + 0.003*"apple" + 0.003*"partnership" + 0.003*"ycombinator" + 0.003*"aggressive" + 0.003*"every"
2018-08-28 05:13:53,298 : INFO : topic #18 (0.050): 0.002*"music" + 0.002*"year" + 0.002*"post" + 0.002*"nigger" + 0.002*"digital" + 0.002*"email" + 0.002*"would" + 0.002*"like" + 0.002*"people" + 0.001*"thread"
2018-08-28 05:13:53,300 : INFO : topic diff=0.004146, rho=0.110432
2018-08-28 05:13:59,975 : INFO : -8.341 per-word bound, 324.3 perplexity estimate based on a held-out corpus of 2653 documents with 1868102 words
2018-08-28 05:13:59,976 : INFO : PROGRESS: pass 81, at document #2653/2653
2018-08-28 05:14:03,373 : INFO : topic #8 (0.050): 0.057*"link" + 0.008*"sergey" + 0.008*"chainlink" + 0.006*"linkies" + 0.006*"swift" + 0.005*"go" + 0.005*"time" + 0.005*"even" + 0.004*"rory" + 0.004*"one"
2018-08-28 05:14:03,374 : INFO : topic #7 (0.050): 0.011*"link" + 0.010*"token" + 0.008*"use" + 0.008*"would" + 0.007*"contract" + 0.007*"network" + 0.007*"blockchain" + 0.006*"coin" + 0.006*"smart" + 0.006*"like"
2018-08-28 05:14:03,376 : INFO : topic #18 (0.050): 0.002*"music" + 0.002*"year" + 0.002*"post" + 0.002*"nigger" + 0.002*"digital" + 0.002*"email" + 0.002*"would" + 0.002*"like" + 0.002*"people" + 0.001*"crime"
2018-08-28 05:14:03,377 : INFO : topic #2 (0.050): 0.039*"iota" + 0.004*"giota" + 0.004*"tangle" + 0.003*"reclaim" + 0.003*"amazon" + 0.003*"50" + 0.002*"coordinator" + 0.002*"brooke" + 0.002*"doge" + 0.002*"balance"
2018-08-28 05:14:03,379 : INFO : topic #11 (0.050): 0.007*"omisego" + 0.007*"sticker" + 0.006*"yc" + 0.005*"skateboard" + 0.005*"request" + 0.003*"apple" + 0.003*"partnership" + 0.003*"ycombinator" + 0.003*"aggressive" + 0.003*"every"
2018-08-28 05:14:03,381 : INFO : topic diff=0.004060, rho=0.109764
2018-08-28 05:14:10,065 : INFO : -8.341 per-word bound, 324.3 perplexity estimate based on a held-out corpus of 2653 documents with 1868102 words
2018-08-28 05:14:10,065 : INFO : PROGRESS: pass 82, at document #2653/2653
2018-08-28 05:14:13,410 : INFO : topic #17 (0.050): 0.010*"get" + 0.010*"like" + 0.008*"money" + 0.007*"im" + 0.007*"make" + 0.007*"people" + 0.006*"want" + 0.005*"would" + 0.005*"one" + 0.005*"year"
2018-08-28 05:14:13,412 : INFO : topic #9 (0.050): 0.053*"ark" + 0.009*"rcn" + 0.006*"bitbay" + 0.005*"delegate" + 0.005*"arkies" + 0.005*"wallet" + 0.005*"deluded" + 0.005*"credit" + 0.005*"bat" + 0.004*"mobile"
2018-08-28 05:14:13,413 : INFO : topic #10 (0.050): 0.028*"btc" + 0.020*"bitcoin" + 0.019*"bch" + 0.007*"people" + 0.007*"going" + 0.006*"like" + 0.005*"get" + 0.005*"time" + 0.005*"would" + 0.005*"fucking"
2018-08-28 05:14:13,415 : INFO : topic #11 (0.050): 0.007*"omisego" + 0.007*"sticker" + 0.006*"yc" + 0.005*"skateboard" + 0.005*"request" + 0.003*"apple" + 0.003*"partnership" + 0.003*"ycombinator" + 0.003*"aggressive" + 0.003*"every"
2018-08-28 05:14:13,416 : INFO : topic #19 (0.050): 0.005*"resume" + 0.001*"f5" + 0.001*"template" + 0.001*"computing" + 0.001*"spell" + 0.001*"rolex" + 0.001*"flashy" + 0.001*"wording" + 0.001*"bullet" + 0.001*"slush"
2018-08-28 05:14:13,419 : INFO : topic diff=0.003978, rho=0.109109
2018-08-28 05:14:20,109 : INFO : -8.341 per-word bound, 324.2 perplexity estimate based on a held-out corpus of 2653 documents with 1868102 words
2018-08-28 05:14:20,110 : INFO : PROGRESS: pass 83, at document #2653/2653
2018-08-28 05:14:23,518 : INFO : topic #17 (0.050): 0.010*"get" + 0.010*"like" + 0.008*"money" + 0.007*"im" + 0.007*"make" + 0.007*"people" + 0.006*"want" + 0.005*"would" + 0.005*"one" + 0.005*"year"
2018-08-28 05:14:23,520 : INFO : topic #19 (0.050): 0.005*"resume" + 0.001*"f5" + 0.001*"template" + 0.001*"computing" + 0.001*"spell" + 0.001*"rolex" + 0.001*"flashy" + 0.001*"wording" + 0.001*"bullet" + 0.001*"slush"
2018-08-28 05:14:23,521 : INFO : topic #11 (0.050): 0.007*"omisego" + 0.007*"sticker" + 0.006*"yc" + 0.005*"skateboard" + 0.005*"request" + 0.003*"apple" + 0.003*"partnership" + 0.003*"ycombinator" + 0.003*"aggressive" + 0.003*"every"
2018-08-28 05:14:23,523 : INFO : topic #7 (0.050): 0.011*"link" + 0.010*"token" + 0.008*"use" + 0.008*"would" + 0.007*"contract" + 0.007*"network" + 0.007*"blockchain" + 0.006*"coin" + 0.006*"smart" + 0.006*"like"
2018-08-28 05:14:23,524 : INFO : topic #6 (0.050): 0.008*"like" + 0.008*"fucking" + 0.007*"get" + 0.006*"money" + 0.006*"crypto" + 0.006*"people" + 0.006*"make" + 0.006*"im" + 0.005*"shit" + 0.005*"buy"
2018-08-28 05:14:23,526 : INFO : topic diff=0.003901, rho=0.108465
2018-08-28 05:14:30,257 : INFO : -8.341 per-word bound, 324.2 perplexity estimate based on a held-out corpus of 2653 documents with 1868102 words
2018-08-28 05:14:30,258 : INFO : PROGRESS: pass 84, at document #2653/2653
2018-08-28 05:14:33,600 : INFO : topic #16 (0.050): 0.003*"nigger" + 0.002*"_value" + 0.002*"anime" + 0.001*"trump" + 0.001*"bond" + 0.001*"nicotine" + 0.001*"ge" + 0.001*"recession" + 0.001*"uint256" + 0.001*"walimai"
2018-08-28 05:14:33,601 : INFO : topic #13 (0.050): 0.005*"city" + 0.003*"hair" + 0.002*"economics" + 0.002*"country" + 0.002*"la" + 0.001*"manager" + 0.001*"south" + 0.001*"morocco" + 0.001*"tuna" + 0.001*"perth"
2018-08-28 05:14:33,602 : INFO : topic #6 (0.050): 0.008*"like" + 0.008*"fucking" + 0.007*"get" + 0.006*"money" + 0.006*"crypto" + 0.006*"people" + 0.006*"make" + 0.006*"im" + 0.005*"shit" + 0.005*"buy"
2018-08-28 05:14:33,604 : INFO : topic #14 (0.050): 0.006*"god" + 0.006*"please" + 0.006*"oh" + 0.006*"tell" + 0.004*"10k" + 0.003*"guy" + 0.002*"fucking" + 0.002*"join" + 0.002*"079" + 0.002*"buy"
2018-08-28 05:14:33,606 : INFO : topic #0 (0.050): 0.009*"im" + 0.009*"coin" + 0.008*"btc" + 0.007*"money" + 0.007*"like" + 0.007*"year" + 0.007*"get" + 0.006*"make" + 0.006*"crypto" + 0.005*"eth"
2018-08-28 05:14:33,608 : INFO : topic diff=0.003823, rho=0.107833
2018-08-28 05:14:40,313 : INFO : -8.340 per-word bound, 324.1 perplexity estimate based on a held-out corpus of 2653 documents with 1868102 words
2018-08-28 05:14:40,313 : INFO : PROGRESS: pass 85, at document #2653/2653
2018-08-28 05:14:43,705 : INFO : topic #6 (0.050): 0.008*"like" + 0.008*"fucking" + 0.007*"get" + 0.006*"money" + 0.006*"crypto" + 0.006*"people" + 0.006*"make" + 0.006*"im" + 0.005*"shit" + 0.005*"fuck"
2018-08-28 05:14:43,706 : INFO : topic #1 (0.050): 0.003*"board" + 0.003*"financial" + 0.002*"follower" + 0.002*"steroid" + 0.002*"treasury" + 0.002*"bank" + 0.001*"advisory" + 0.001*"crisis" + 0.001*"clinton" + 0.001*"also"
2018-08-28 05:14:43,708 : INFO : topic #19 (0.050): 0.005*"resume" + 0.001*"f5" + 0.001*"template" + 0.001*"computing" + 0.001*"spell" + 0.001*"rolex" + 0.001*"flashy" + 0.001*"wording" + 0.001*"bullet" + 0.001*"slush"
2018-08-28 05:14:43,709 : INFO : topic #13 (0.050): 0.005*"city" + 0.003*"hair" + 0.002*"economics" + 0.002*"country" + 0.002*"la" + 0.001*"manager" + 0.001*"south" + 0.001*"morocco" + 0.001*"tuna" + 0.001*"perth"
2018-08-28 05:14:43,710 : INFO : topic #17 (0.050): 0.010*"get" + 0.010*"like" + 0.008*"money" + 0.007*"im" + 0.007*"make" + 0.007*"people" + 0.006*"want" + 0.005*"would" + 0.005*"one" + 0.005*"year"
2018-08-28 05:14:43,712 : INFO : topic diff=0.003745, rho=0.107211
2018-08-28 05:14:50,404 : INFO : -8.340 per-word bound, 324.1 perplexity estimate based on a held-out corpus of 2653 documents with 1868102 words
2018-08-28 05:14:50,404 : INFO : PROGRESS: pass 86, at document #2653/2653
2018-08-28 05:14:53,802 : INFO : topic #10 (0.050): 0.028*"btc" + 0.020*"bitcoin" + 0.019*"bch" + 0.007*"people" + 0.007*"going" + 0.006*"like" + 0.005*"get" + 0.005*"time" + 0.005*"would" + 0.005*"fucking"
2018-08-28 05:14:53,805 : INFO : topic #11 (0.050): 0.007*"omisego" + 0.007*"sticker" + 0.006*"yc" + 0.005*"request" + 0.005*"skateboard" + 0.003*"apple" + 0.003*"partnership" + 0.003*"ycombinator" + 0.003*"aggressive" + 0.003*"every"
2018-08-28 05:14:53,807 : INFO : topic #19 (0.050): 0.005*"resume" + 0.001*"f5" + 0.001*"template" + 0.001*"computing" + 0.001*"spell" + 0.001*"rolex" + 0.001*"flashy" + 0.001*"wording" + 0.001*"bullet" + 0.001*"slush"
2018-08-28 05:14:53,808 : INFO : topic #6 (0.050): 0.008*"like" + 0.008*"fucking" + 0.007*"get" + 0.006*"money" + 0.006*"crypto" + 0.006*"people" + 0.006*"make" + 0.006*"im" + 0.005*"shit" + 0.005*"fuck"
2018-08-28 05:14:53,809 : INFO : topic #3 (0.050): 0.015*"token" + 0.007*"platform" + 0.006*"salt" + 0.006*"ico" + 0.006*"market" + 0.005*"cap" + 0.005*"product" + 0.005*"ha" + 0.005*"team" + 0.005*"wabi"
2018-08-28 05:14:53,811 : INFO : topic diff=0.003673, rho=0.106600
2018-08-28 05:15:00,476 : INFO : -8.340 per-word bound, 324.0 perplexity estimate based on a held-out corpus of 2653 documents with 1868102 words
2018-08-28 05:15:00,476 : INFO : PROGRESS: pass 87, at document #2653/2653
2018-08-28 05:15:03,843 : INFO : topic #8 (0.050): 0.058*"link" + 0.008*"sergey" + 0.008*"chainlink" + 0.007*"linkies" + 0.006*"swift" + 0.005*"go" + 0.005*"time" + 0.005*"even" + 0.004*"rory" + 0.004*"one"
2018-08-28 05:15:03,844 : INFO : topic #7 (0.050): 0.011*"link" + 0.010*"token" + 0.008*"use" + 0.008*"would" + 0.007*"contract" + 0.007*"blockchain" + 0.006*"network" + 0.006*"coin" + 0.006*"smart" + 0.006*"like"
2018-08-28 05:15:03,845 : INFO : topic #15 (0.050): 0.029*"powr" + 0.019*"pbc" + 0.018*"roll" + 0.014*"power" + 0.014*"energy" + 0.012*"slr" + 0.012*"pick" + 0.012*"teeka" + 0.012*"op" + 0.010*"solar"
2018-08-28 05:15:03,847 : INFO : topic #4 (0.050): 0.036*"die" + 0.029*"car" + 0.009*"tesla" + 0.005*"lambo" + 0.005*"drive" + 0.004*"electric" + 0.003*"like" + 0.003*"big" + 0.003*"driving" + 0.003*"comment"
2018-08-28 05:15:03,849 : INFO : topic #1 (0.050): 0.003*"board" + 0.003*"financial" + 0.002*"follower" + 0.002*"steroid" + 0.002*"treasury" + 0.002*"bank" + 0.001*"advisory" + 0.001*"crisis" + 0.001*"clinton" + 0.001*"also"
2018-08-28 05:15:03,851 : INFO : topic diff=0.003600, rho=0.106000
2018-08-28 05:15:10,550 : INFO : -8.340 per-word bound, 324.0 perplexity estimate based on a held-out corpus of 2653 documents with 1868102 words
2018-08-28 05:15:10,550 : INFO : PROGRESS: pass 88, at document #2653/2653
2018-08-28 05:15:13,904 : INFO : topic #12 (0.050): 0.014*"buy" + 0.010*"coin" + 0.009*"im" + 0.009*"going" + 0.008*"like" + 0.008*"get" + 0.007*"sell" + 0.007*"go" + 0.006*"shit" + 0.006*"price"
2018-08-28 05:15:13,905 : INFO : topic #0 (0.050): 0.009*"im" + 0.009*"coin" + 0.008*"btc" + 0.007*"money" + 0.007*"like" + 0.007*"year" + 0.007*"get" + 0.006*"make" + 0.006*"crypto" + 0.005*"eth"
2018-08-28 05:15:13,906 : INFO : topic #11 (0.050): 0.007*"omisego" + 0.007*"sticker" + 0.006*"yc" + 0.005*"request" + 0.005*"skateboard" + 0.003*"apple" + 0.003*"partnership" + 0.003*"ycombinator" + 0.003*"aggressive" + 0.003*"every"
2018-08-28 05:15:13,908 : INFO : topic #5 (0.050): 0.016*"wallet" + 0.008*"get" + 0.008*"address" + 0.007*"use" + 0.006*"im" + 0.006*"like" + 0.005*"monero" + 0.005*"send" + 0.005*"key" + 0.004*"private"
2018-08-28 05:15:13,909 : INFO : topic #1 (0.050): 0.003*"board" + 0.003*"financial" + 0.002*"follower" + 0.002*"steroid" + 0.002*"treasury" + 0.002*"bank" + 0.001*"advisory" + 0.001*"crisis" + 0.001*"clinton" + 0.001*"also"
2018-08-28 05:15:13,912 : INFO : topic diff=0.003533, rho=0.105409
2018-08-28 05:15:20,585 : INFO : -8.339 per-word bound, 323.9 perplexity estimate based on a held-out corpus of 2653 documents with 1868102 words
2018-08-28 05:15:20,586 : INFO : PROGRESS: pass 89, at document #2653/2653
2018-08-28 05:15:23,985 : INFO : topic #19 (0.050): 0.005*"resume" + 0.001*"f5" + 0.001*"template" + 0.001*"computing" + 0.001*"spell" + 0.001*"rolex" + 0.001*"flashy" + 0.001*"wording" + 0.001*"bullet" + 0.001*"slush"
2018-08-28 05:15:23,988 : INFO : topic #2 (0.050): 0.039*"iota" + 0.004*"giota" + 0.004*"tangle" + 0.003*"reclaim" + 0.003*"amazon" + 0.002*"50" + 0.002*"coordinator" + 0.002*"brooke" + 0.002*"doge" + 0.002*"balance"
2018-08-28 05:15:23,989 : INFO : topic #8 (0.050): 0.058*"link" + 0.009*"sergey" + 0.008*"chainlink" + 0.007*"linkies" + 0.006*"swift" + 0.005*"go" + 0.005*"time" + 0.004*"even" + 0.004*"rory" + 0.004*"one"
2018-08-28 05:15:23,991 : INFO : topic #0 (0.050): 0.009*"im" + 0.009*"coin" + 0.008*"btc" + 0.007*"money" + 0.007*"like" + 0.007*"year" + 0.007*"get" + 0.006*"make" + 0.006*"crypto" + 0.005*"eth"
2018-08-28 05:15:23,992 : INFO : topic #18 (0.050): 0.002*"music" + 0.002*"year" + 0.002*"post" + 0.002*"digital" + 0.002*"nigger" + 0.002*"email" + 0.002*"crime" + 0.001*"would" + 0.001*"parent" + 0.001*"video"
2018-08-28 05:15:23,994 : INFO : topic diff=0.003464, rho=0.104828
2018-08-28 05:15:30,650 : INFO : -8.339 per-word bound, 323.9 perplexity estimate based on a held-out corpus of 2653 documents with 1868102 words
2018-08-28 05:15:30,652 : INFO : PROGRESS: pass 90, at document #2653/2653
2018-08-28 05:15:33,982 : INFO : topic #19 (0.050): 0.005*"resume" + 0.001*"f5" + 0.001*"template" + 0.001*"computing" + 0.001*"spell" + 0.001*"rolex" + 0.001*"flashy" + 0.001*"wording" + 0.001*"bullet" + 0.001*"slush"
2018-08-28 05:15:33,984 : INFO : topic #15 (0.050): 0.030*"powr" + 0.020*"pbc" + 0.019*"roll" + 0.015*"power" + 0.014*"energy" + 0.012*"slr" + 0.012*"pick" + 0.012*"teeka" + 0.012*"op" + 0.010*"solar"
2018-08-28 05:15:33,985 : INFO : topic #7 (0.050): 0.011*"link" + 0.010*"token" + 0.008*"use" + 0.008*"would" + 0.007*"contract" + 0.006*"blockchain" + 0.006*"network" + 0.006*"coin" + 0.006*"smart" + 0.006*"like"
2018-08-28 05:15:33,986 : INFO : topic #17 (0.050): 0.010*"get" + 0.010*"like" + 0.008*"money" + 0.007*"im" + 0.007*"make" + 0.007*"people" + 0.006*"want" + 0.005*"would" + 0.005*"one" + 0.005*"year"
2018-08-28 05:15:33,987 : INFO : topic #5 (0.050): 0.016*"wallet" + 0.008*"get" + 0.008*"address" + 0.007*"use" + 0.006*"im" + 0.006*"like" + 0.005*"monero" + 0.005*"send" + 0.005*"key" + 0.004*"private"
2018-08-28 05:15:33,990 : INFO : topic diff=0.003399, rho=0.104257
2018-08-28 05:15:40,661 : INFO : -8.339 per-word bound, 323.8 perplexity estimate based on a held-out corpus of 2653 documents with 1868102 words
2018-08-28 05:15:40,661 : INFO : PROGRESS: pass 91, at document #2653/2653
2018-08-28 05:15:44,035 : INFO : topic #0 (0.050): 0.009*"im" + 0.009*"coin" + 0.008*"btc" + 0.007*"money" + 0.007*"like" + 0.007*"year" + 0.007*"get" + 0.006*"make" + 0.006*"crypto" + 0.005*"eth"
2018-08-28 05:15:44,037 : INFO : topic #17 (0.050): 0.010*"get" + 0.010*"like" + 0.008*"money" + 0.007*"im" + 0.007*"make" + 0.007*"people" + 0.006*"want" + 0.005*"would" + 0.005*"one" + 0.005*"year"
2018-08-28 05:15:44,038 : INFO : topic #7 (0.050): 0.011*"link" + 0.010*"token" + 0.008*"use" + 0.008*"would" + 0.006*"blockchain" + 0.006*"contract" + 0.006*"network" + 0.006*"coin" + 0.006*"smart" + 0.006*"like"
2018-08-28 05:15:44,039 : INFO : topic #5 (0.050): 0.016*"wallet" + 0.008*"get" + 0.008*"address" + 0.007*"use" + 0.006*"im" + 0.006*"like" + 0.005*"monero" + 0.005*"send" + 0.005*"key" + 0.004*"private"
2018-08-28 05:15:44,041 : INFO : topic #11 (0.050): 0.007*"omisego" + 0.007*"sticker" + 0.006*"yc" + 0.005*"request" + 0.005*"skateboard" + 0.003*"apple" + 0.003*"partnership" + 0.003*"ycombinator" + 0.003*"aggressive" + 0.003*"every"
2018-08-28 05:15:44,043 : INFO : topic diff=0.003342, rho=0.103695
2018-08-28 05:15:50,716 : INFO : -8.339 per-word bound, 323.8 perplexity estimate based on a held-out corpus of 2653 documents with 1868102 words
2018-08-28 05:15:50,717 : INFO : PROGRESS: pass 92, at document #2653/2653
2018-08-28 05:15:54,100 : INFO : topic #7 (0.050): 0.011*"link" + 0.010*"token" + 0.008*"use" + 0.008*"would" + 0.006*"blockchain" + 0.006*"contract" + 0.006*"network" + 0.006*"coin" + 0.006*"smart" + 0.006*"like"
2018-08-28 05:15:54,103 : INFO : topic #10 (0.050): 0.028*"btc" + 0.020*"bitcoin" + 0.019*"bch" + 0.007*"people" + 0.007*"going" + 0.006*"like" + 0.005*"get" + 0.005*"time" + 0.005*"would" + 0.005*"fucking"
2018-08-28 05:15:54,105 : INFO : topic #5 (0.050): 0.016*"wallet" + 0.008*"get" + 0.008*"address" + 0.007*"use" + 0.006*"im" + 0.006*"like" + 0.005*"monero" + 0.005*"send" + 0.005*"key" + 0.004*"private"
2018-08-28 05:15:54,106 : INFO : topic #0 (0.050): 0.009*"im" + 0.009*"coin" + 0.008*"btc" + 0.007*"money" + 0.007*"like" + 0.007*"year" + 0.007*"get" + 0.006*"make" + 0.006*"crypto" + 0.005*"eth"
2018-08-28 05:15:54,108 : INFO : topic #11 (0.050): 0.007*"omisego" + 0.007*"sticker" + 0.006*"yc" + 0.005*"request" + 0.005*"skateboard" + 0.003*"apple" + 0.003*"partnership" + 0.003*"ycombinator" + 0.003*"aggressive" + 0.003*"every"
2018-08-28 05:15:54,110 : INFO : topic diff=0.003275, rho=0.103142
2018-08-28 05:16:00,832 : INFO : -8.339 per-word bound, 323.7 perplexity estimate based on a held-out corpus of 2653 documents with 1868102 words
2018-08-28 05:16:00,832 : INFO : PROGRESS: pass 93, at document #2653/2653
2018-08-28 05:16:04,182 : INFO : topic #2 (0.050): 0.039*"iota" + 0.004*"giota" + 0.004*"tangle" + 0.003*"reclaim" + 0.003*"amazon" + 0.002*"50" + 0.002*"coordinator" + 0.002*"brooke" + 0.002*"doge" + 0.002*"balance"
2018-08-28 05:16:04,183 : INFO : topic #15 (0.050): 0.030*"powr" + 0.020*"pbc" + 0.019*"roll" + 0.015*"power" + 0.014*"energy" + 0.012*"slr" + 0.012*"pick" + 0.012*"teeka" + 0.012*"op" + 0.010*"solar"
2018-08-28 05:16:04,185 : INFO : topic #14 (0.050): 0.006*"god" + 0.006*"please" + 0.006*"oh" + 0.006*"tell" + 0.004*"10k" + 0.002*"guy" + 0.002*"join" + 0.002*"079" + 0.002*"fucking" + 0.002*"jew"
2018-08-28 05:16:04,186 : INFO : topic #16 (0.050): 0.003*"nigger" + 0.002*"_value" + 0.002*"anime" + 0.001*"trump" + 0.001*"bond" + 0.001*"nicotine" + 0.001*"ge" + 0.001*"recession" + 0.001*"uint256" + 0.001*"walimai"
2018-08-28 05:16:04,187 : INFO : topic #9 (0.050): 0.055*"ark" + 0.009*"rcn" + 0.006*"bitbay" + 0.006*"delegate" + 0.005*"arkies" + 0.005*"wallet" + 0.005*"deluded" + 0.005*"credit" + 0.005*"bat" + 0.004*"mobile"
2018-08-28 05:16:04,190 : INFO : topic diff=0.003214, rho=0.102598
2018-08-28 05:16:10,866 : INFO : -8.338 per-word bound, 323.7 perplexity estimate based on a held-out corpus of 2653 documents with 1868102 words
2018-08-28 05:16:10,866 : INFO : PROGRESS: pass 94, at document #2653/2653
2018-08-28 05:16:14,206 : INFO : topic #7 (0.050): 0.011*"link" + 0.010*"token" + 0.008*"use" + 0.008*"would" + 0.006*"blockchain" + 0.006*"contract" + 0.006*"network" + 0.006*"coin" + 0.006*"smart" + 0.006*"like"
2018-08-28 05:16:14,208 : INFO : topic #2 (0.050): 0.039*"iota" + 0.004*"giota" + 0.004*"tangle" + 0.003*"reclaim" + 0.003*"amazon" + 0.002*"50" + 0.002*"coordinator" + 0.002*"brooke" + 0.002*"balance" + 0.002*"doge"
2018-08-28 05:16:14,209 : INFO : topic #10 (0.050): 0.028*"btc" + 0.020*"bitcoin" + 0.019*"bch" + 0.007*"people" + 0.007*"going" + 0.006*"like" + 0.005*"get" + 0.005*"time" + 0.005*"would" + 0.005*"fucking"
2018-08-28 05:16:14,210 : INFO : topic #4 (0.050): 0.036*"die" + 0.029*"car" + 0.009*"tesla" + 0.005*"lambo" + 0.005*"drive" + 0.004*"electric" + 0.003*"big" + 0.003*"like" + 0.003*"driving" + 0.003*"comment"
2018-08-28 05:16:14,211 : INFO : topic #13 (0.050): 0.005*"city" + 0.003*"hair" + 0.002*"economics" + 0.002*"la" + 0.001*"country" + 0.001*"manager" + 0.001*"morocco" + 0.001*"south" + 0.001*"perth" + 0.001*"tuna"
2018-08-28 05:16:14,213 : INFO : topic diff=0.003156, rho=0.102062
2018-08-28 05:16:20,868 : INFO : -8.338 per-word bound, 323.6 perplexity estimate based on a held-out corpus of 2653 documents with 1868102 words
2018-08-28 05:16:20,869 : INFO : PROGRESS: pass 95, at document #2653/2653
2018-08-28 05:16:24,286 : INFO : topic #18 (0.050): 0.002*"music" + 0.002*"digital" + 0.002*"year" + 0.002*"email" + 0.002*"nigger" + 0.002*"post" + 0.002*"crime" + 0.001*"ceo" + 0.001*"parent" + 0.001*"video"
2018-08-28 05:16:24,289 : INFO : topic #5 (0.050): 0.016*"wallet" + 0.008*"get" + 0.008*"address" + 0.007*"use" + 0.006*"im" + 0.006*"like" + 0.005*"monero" + 0.005*"send" + 0.005*"key" + 0.004*"private"
2018-08-28 05:16:24,290 : INFO : topic #8 (0.050): 0.059*"link" + 0.009*"sergey" + 0.008*"chainlink" + 0.007*"linkies" + 0.006*"swift" + 0.005*"go" + 0.005*"time" + 0.005*"rory" + 0.004*"even" + 0.004*"linkie"
2018-08-28 05:16:24,292 : INFO : topic #1 (0.050): 0.003*"board" + 0.003*"financial" + 0.002*"follower" + 0.002*"steroid" + 0.002*"treasury" + 0.002*"bank" + 0.001*"advisory" + 0.001*"crisis" + 0.001*"clinton" + 0.001*"also"
2018-08-28 05:16:24,293 : INFO : topic #19 (0.050): 0.005*"resume" + 0.001*"f5" + 0.001*"template" + 0.001*"computing" + 0.001*"spell" + 0.001*"rolex" + 0.001*"flashy" + 0.001*"wording" + 0.001*"bullet" + 0.001*"slush"
2018-08-28 05:16:24,295 : INFO : topic diff=0.003099, rho=0.101535
2018-08-28 05:16:30,946 : INFO : -8.338 per-word bound, 323.6 perplexity estimate based on a held-out corpus of 2653 documents with 1868102 words
2018-08-28 05:16:30,946 : INFO : PROGRESS: pass 96, at document #2653/2653
2018-08-28 05:16:34,284 : INFO : topic #5 (0.050): 0.016*"wallet" + 0.008*"get" + 0.008*"address" + 0.007*"use" + 0.006*"im" + 0.005*"like" + 0.005*"monero" + 0.005*"send" + 0.005*"key" + 0.004*"private"
2018-08-28 05:16:34,285 : INFO : topic #3 (0.050): 0.014*"token" + 0.007*"platform" + 0.006*"salt" + 0.006*"ico" + 0.006*"market" + 0.005*"cap" + 0.005*"product" + 0.005*"ha" + 0.005*"wabi" + 0.004*"team"
2018-08-28 05:16:34,286 : INFO : topic #16 (0.050): 0.003*"nigger" + 0.002*"_value" + 0.002*"anime" + 0.001*"trump" + 0.001*"bond" + 0.001*"nicotine" + 0.001*"ge" + 0.001*"recession" + 0.001*"walimai" + 0.001*"uint256"
2018-08-28 05:16:34,288 : INFO : topic #1 (0.050): 0.003*"board" + 0.003*"financial" + 0.002*"follower" + 0.002*"steroid" + 0.002*"treasury" + 0.002*"bank" + 0.001*"advisory" + 0.001*"crisis" + 0.001*"clinton" + 0.001*"also"
2018-08-28 05:16:34,289 : INFO : topic #17 (0.050): 0.010*"get" + 0.010*"like" + 0.008*"money" + 0.007*"im" + 0.007*"make" + 0.007*"people" + 0.006*"want" + 0.005*"would" + 0.005*"one" + 0.005*"year"
2018-08-28 05:16:34,291 : INFO : topic diff=0.003042, rho=0.101015
2018-08-28 05:16:40,936 : INFO : -8.338 per-word bound, 323.5 perplexity estimate based on a held-out corpus of 2653 documents with 1868102 words
2018-08-28 05:16:40,937 : INFO : PROGRESS: pass 97, at document #2653/2653
2018-08-28 05:16:44,316 : INFO : topic #16 (0.050): 0.003*"nigger" + 0.002*"_value" + 0.002*"anime" + 0.001*"trump" + 0.001*"bond" + 0.001*"nicotine" + 0.001*"ge" + 0.001*"recession" + 0.001*"walimai" + 0.001*"uint256"
2018-08-28 05:16:44,317 : INFO : topic #8 (0.050): 0.059*"link" + 0.009*"sergey" + 0.008*"chainlink" + 0.007*"linkies" + 0.006*"swift" + 0.005*"go" + 0.005*"rory" + 0.005*"time" + 0.004*"even" + 0.004*"linkie"
2018-08-28 05:16:44,318 : INFO : topic #2 (0.050): 0.039*"iota" + 0.004*"giota" + 0.004*"tangle" + 0.003*"reclaim" + 0.003*"amazon" + 0.002*"50" + 0.002*"coordinator" + 0.002*"brooke" + 0.002*"balance" + 0.002*"doge"
2018-08-28 05:16:44,320 : INFO : topic #15 (0.050): 0.030*"powr" + 0.020*"pbc" + 0.019*"roll" + 0.015*"power" + 0.014*"energy" + 0.012*"slr" + 0.012*"pick" + 0.012*"teeka" + 0.012*"op" + 0.010*"solar"
2018-08-28 05:16:44,321 : INFO : topic #6 (0.050): 0.008*"like" + 0.008*"fucking" + 0.007*"get" + 0.006*"money" + 0.006*"crypto" + 0.006*"people" + 0.006*"make" + 0.006*"im" + 0.005*"shit" + 0.005*"would"
2018-08-28 05:16:44,323 : INFO : topic diff=0.002991, rho=0.100504
2018-08-28 05:16:50,983 : INFO : -8.338 per-word bound, 323.5 perplexity estimate based on a held-out corpus of 2653 documents with 1868102 words
2018-08-28 05:16:50,984 : INFO : PROGRESS: pass 98, at document #2653/2653
2018-08-28 05:16:54,334 : INFO : topic #16 (0.050): 0.003*"nigger" + 0.002*"_value" + 0.002*"anime" + 0.001*"trump" + 0.001*"bond" + 0.001*"nicotine" + 0.001*"ge" + 0.001*"recession" + 0.001*"uint256" + 0.001*"walimai"
2018-08-28 05:16:54,337 : INFO : topic #19 (0.050): 0.005*"resume" + 0.001*"f5" + 0.001*"template" + 0.001*"computing" + 0.001*"spell" + 0.001*"rolex" + 0.001*"flashy" + 0.001*"wording" + 0.001*"bullet" + 0.001*"slush"
2018-08-28 05:16:54,339 : INFO : topic #11 (0.050): 0.007*"omisego" + 0.007*"sticker" + 0.006*"yc" + 0.006*"request" + 0.005*"skateboard" + 0.003*"apple" + 0.003*"ycombinator" + 0.003*"partnership" + 0.003*"aggressive" + 0.003*"every"
2018-08-28 05:16:54,340 : INFO : topic #2 (0.050): 0.039*"iota" + 0.004*"giota" + 0.004*"tangle" + 0.003*"reclaim" + 0.003*"amazon" + 0.002*"50" + 0.002*"coordinator" + 0.002*"brooke" + 0.002*"balance" + 0.002*"doge"
2018-08-28 05:16:54,341 : INFO : topic #4 (0.050): 0.036*"die" + 0.030*"car" + 0.009*"tesla" + 0.005*"lambo" + 0.005*"drive" + 0.004*"electric" + 0.003*"big" + 0.003*"like" + 0.003*"driving" + 0.003*"comment"
2018-08-28 05:16:54,344 : INFO : topic diff=0.002936, rho=0.100000
2018-08-28 05:17:00,970 : INFO : -8.337 per-word bound, 323.5 perplexity estimate based on a held-out corpus of 2653 documents with 1868102 words
2018-08-28 05:17:00,970 : INFO : PROGRESS: pass 99, at document #2653/2653
2018-08-28 05:17:04,310 : INFO : topic #4 (0.050): 0.036*"die" + 0.030*"car" + 0.009*"tesla" + 0.005*"lambo" + 0.005*"drive" + 0.004*"electric" + 0.003*"big" + 0.003*"like" + 0.003*"driving" + 0.003*"comment"
2018-08-28 05:17:04,311 : INFO : topic #2 (0.050): 0.039*"iota" + 0.004*"giota" + 0.004*"tangle" + 0.003*"reclaim" + 0.003*"amazon" + 0.002*"50" + 0.002*"coordinator" + 0.002*"brooke" + 0.002*"balance" + 0.002*"doge"
2018-08-28 05:17:04,313 : INFO : topic #16 (0.050): 0.003*"nigger" + 0.002*"_value" + 0.002*"anime" + 0.001*"trump" + 0.001*"bond" + 0.001*"nicotine" + 0.001*"ge" + 0.001*"recession" + 0.001*"uint256" + 0.001*"walimai"
2018-08-28 05:17:04,314 : INFO : topic #10 (0.050): 0.028*"btc" + 0.020*"bitcoin" + 0.019*"bch" + 0.007*"people" + 0.007*"going" + 0.006*"like" + 0.005*"get" + 0.005*"time" + 0.005*"would" + 0.005*"fucking"
2018-08-28 05:17:04,315 : INFO : topic #14 (0.050): 0.006*"god" + 0.006*"oh" + 0.006*"please" + 0.006*"tell" + 0.004*"10k" + 0.002*"079" + 0.002*"guy" + 0.002*"join" + 0.002*"fucking" + 0.002*"jew"
2018-08-28 05:17:04,318 : INFO : topic diff=0.002881, rho=0.099504
2018-08-28 05:17:04,319 : INFO : saving LdaState object under models/ldamodel.state, separately None
2018-08-28 05:17:04,442 : INFO : saved models/ldamodel.state
2018-08-28 05:17:04,518 : INFO : saving LdaModel object under models/ldamodel, separately ['expElogbeta', 'sstats']
2018-08-28 05:17:04,519 : INFO : storing np array 'expElogbeta' to models/ldamodel.expElogbeta.npy
2018-08-28 05:17:04,565 : INFO : not storing attribute id2word
2018-08-28 05:17:04,566 : INFO : not storing attribute state
2018-08-28 05:17:04,566 : INFO : not storing attribute dispatcher
2018-08-28 05:17:04,573 : INFO : saved models/ldamodel
2018-08-28 05:17:04,581 : INFO : topic #0 (0.050): 0.009*"im" + 0.009*"coin" + 0.008*"btc" + 0.008*"money" + 0.007*"like" + 0.007*"year" + 0.007*"get" + 0.006*"make" + 0.006*"crypto" + 0.005*"eth" + 0.005*"one" + 0.005*"good" + 0.005*"buy" + 0.005*"it" + 0.005*"much" + 0.005*"time" + 0.004*"would" + 0.004*"think" + 0.004*"month" + 0.004*"trade"
2018-08-28 05:17:04,583 : INFO : topic #1 (0.050): 0.003*"board" + 0.003*"financial" + 0.002*"follower" + 0.002*"steroid" + 0.002*"treasury" + 0.002*"bank" + 0.001*"advisory" + 0.001*"crisis" + 0.001*"clinton" + 0.001*"gyno" + 0.001*"also" + 0.001*"digital" + 0.001*"summer" + 0.001*"ebay" + 0.001*"state" + 0.001*"shape" + 0.001*"master" + 0.001*"group" + 0.001*"hashtags" + 0.001*"technology"
2018-08-28 05:17:04,586 : INFO : topic #2 (0.050): 0.039*"iota" + 0.004*"giota" + 0.004*"tangle" + 0.003*"reclaim" + 0.003*"amazon" + 0.002*"50" + 0.002*"coordinator" + 0.002*"brooke" + 0.002*"balance" + 0.002*"doge" + 0.002*"sue" + 0.002*"truck" + 0.002*"foundation" + 0.002*"tool" + 0.002*"damage" + 0.002*"refugee" + 0.002*"court" + 0.002*"miota" + 0.002*"rice" + 0.001*"club"
2018-08-28 05:17:04,588 : INFO : topic #3 (0.050): 0.014*"token" + 0.007*"platform" + 0.006*"salt" + 0.006*"ico" + 0.006*"market" + 0.005*"cap" + 0.005*"product" + 0.005*"ha" + 0.005*"wabi" + 0.004*"team" + 0.004*"application" + 0.003*"loan" + 0.003*"ethereum" + 0.003*"eth" + 0.003*"project" + 0.003*"supply" + 0.003*"see" + 0.002*"million" + 0.002*"raiden" + 0.002*"credit"
2018-08-28 05:17:04,590 : INFO : topic #4 (0.050): 0.036*"die" + 0.030*"car" + 0.009*"tesla" + 0.005*"lambo" + 0.005*"drive" + 0.004*"electric" + 0.003*"big" + 0.003*"like" + 0.003*"driving" + 0.003*"comment" + 0.003*"porsche" + 0.002*"said" + 0.002*"language" + 0.002*"last" + 0.002*"reddit" + 0.002*"check" + 0.002*"what" + 0.002*"copy" + 0.002*"battery" + 0.002*"guy"
2018-08-28 05:17:04,592 : INFO : topic #5 (0.050): 0.016*"wallet" + 0.008*"get" + 0.008*"address" + 0.007*"use" + 0.006*"im" + 0.006*"monero" + 0.005*"like" + 0.005*"send" + 0.005*"key" + 0.005*"private" + 0.004*"know" + 0.004*"work" + 0.004*"exchange" + 0.004*"good" + 0.004*"one" + 0.004*"would" + 0.004*"also" + 0.003*"it" + 0.003*"op" + 0.003*"need"
2018-08-28 05:17:04,595 : INFO : topic #6 (0.050): 0.008*"like" + 0.008*"fucking" + 0.007*"get" + 0.006*"money" + 0.006*"crypto" + 0.006*"people" + 0.006*"make" + 0.006*"im" + 0.005*"shit" + 0.005*"would" + 0.005*"fuck" + 0.005*"buy" + 0.005*"tax" + 0.005*"one" + 0.005*"know" + 0.004*"eth" + 0.004*"btc" + 0.004*"want" + 0.004*"coin" + 0.004*"even"
2018-08-28 05:17:04,596 : INFO : topic #7 (0.050): 0.011*"link" + 0.010*"token" + 0.008*"use" + 0.008*"would" + 0.006*"blockchain" + 0.006*"contract" + 0.006*"network" + 0.006*"coin" + 0.006*"smart" + 0.006*"like" + 0.005*"even" + 0.005*"need" + 0.005*"node" + 0.005*"one" + 0.005*"people" + 0.005*"market" + 0.005*"company" + 0.005*"transaction" + 0.005*"make" + 0.004*"value"
2018-08-28 05:17:04,598 : INFO : topic #8 (0.050): 0.059*"link" + 0.009*"sergey" + 0.008*"chainlink" + 0.007*"linkies" + 0.006*"swift" + 0.005*"go" + 0.005*"rory" + 0.005*"time" + 0.004*"even" + 0.004*"linkie" + 0.004*"one" + 0.004*"year" + 0.004*"price" + 0.003*"fucking" + 0.003*"rent" + 0.003*"money" + 0.003*"know" + 0.003*"it" + 0.003*"would" + 0.003*"fuck"
2018-08-28 05:17:04,601 : INFO : topic #9 (0.050): 0.056*"ark" + 0.009*"rcn" + 0.006*"bitbay" + 0.006*"delegate" + 0.006*"arkies" + 0.005*"wallet" + 0.005*"deluded" + 0.005*"credit" + 0.005*"bat" + 0.004*"mobile" + 0.004*"get" + 0.003*"world" + 0.003*"arkie" + 0.003*"exchange" + 0.003*"ripio" + 0.003*"going" + 0.003*"coin" + 0.003*"marketplace" + 0.003*"vote" + 0.002*"tank"
2018-08-28 05:17:04,602 : INFO : topic #10 (0.050): 0.028*"btc" + 0.020*"bitcoin" + 0.019*"bch" + 0.007*"people" + 0.007*"going" + 0.006*"like" + 0.005*"get" + 0.005*"time" + 0.005*"would" + 0.005*"fucking" + 0.005*"price" + 0.005*"tether" + 0.005*"go" + 0.005*"buy" + 0.005*"money" + 0.005*"cash" + 0.005*"coin" + 0.005*"market" + 0.005*"think" + 0.004*"transaction"
2018-08-28 05:17:04,604 : INFO : topic #11 (0.050): 0.007*"omisego" + 0.007*"sticker" + 0.006*"yc" + 0.006*"request" + 0.005*"skateboard" + 0.003*"apple" + 0.003*"ycombinator" + 0.003*"partnership" + 0.003*"aggressive" + 0.003*"every" + 0.003*"even" + 0.002*"aggression" + 0.002*"tactic" + 0.002*"extreme" + 0.002*"airbnb" + 0.002*"make" + 0.002*"business" + 0.002*"venmopaypal" + 0.002*"share" + 0.002*"dropbox"
2018-08-28 05:17:04,607 : INFO : topic #12 (0.050): 0.014*"buy" + 0.010*"coin" + 0.009*"im" + 0.009*"going" + 0.008*"like" + 0.008*"get" + 0.007*"sell" + 0.007*"go" + 0.006*"shit" + 0.006*"price" + 0.006*"fucking" + 0.006*"bought" + 0.005*"moon" + 0.005*"good" + 0.005*"time" + 0.005*"back" + 0.005*"fuck" + 0.005*"right" + 0.005*"pump" + 0.005*"day"
2018-08-28 05:17:04,609 : INFO : topic #13 (0.050): 0.005*"city" + 0.003*"hair" + 0.002*"economics" + 0.002*"la" + 0.001*"country" + 0.001*"manager" + 0.001*"morocco" + 0.001*"perth" + 0.001*"south" + 0.001*"tuna" + 0.001*"egg" + 0.001*"thailand" + 0.001*"weather" + 0.001*"tokyo" + 0.001*"decred" + 0.001*"beautiful" + 0.001*"programmer" + 0.001*"chris" + 0.001*"eu" + 0.001*"moroccan"
2018-08-28 05:17:04,611 : INFO : topic #14 (0.050): 0.006*"god" + 0.006*"oh" + 0.006*"please" + 0.006*"tell" + 0.004*"10k" + 0.002*"079" + 0.002*"guy" + 0.002*"join" + 0.002*"fucking" + 0.002*"jew" + 0.002*"etherparty" + 0.001*"buy" + 0.001*"faggot" + 0.001*"group" + 0.001*"alt" + 0.001*"fuel" + 0.001*"old" + 0.001*"em" + 0.001*"que" + 0.001*"btc"
2018-08-28 05:17:04,613 : INFO : topic #15 (0.050): 0.030*"powr" + 0.020*"pbc" + 0.019*"roll" + 0.015*"power" + 0.014*"energy" + 0.013*"slr" + 0.012*"pick" + 0.012*"teeka" + 0.012*"op" + 0.011*"solar" + 0.009*"dub" + 0.008*"fake" + 0.008*"rolling" + 0.006*"trip" + 0.006*"get" + 0.005*"post" + 0.005*"mit" + 0.005*"subscriber" + 0.005*"please" + 0.005*"thread"
2018-08-28 05:17:04,615 : INFO : topic #16 (0.050): 0.003*"nigger" + 0.002*"_value" + 0.002*"anime" + 0.001*"trump" + 0.001*"bond" + 0.001*"nicotine" + 0.001*"ge" + 0.001*"recession" + 0.001*"uint256" + 0.001*"walimai" + 0.001*"hillary" + 0.001*"bct" + 0.001*"aviation" + 0.001*"defense" + 0.001*"_to" + 0.001*"ape" + 0.001*"marijuana" + 0.001*"speech" + 0.001*"coordinate" + 0.001*"1until"
2018-08-28 05:17:04,617 : INFO : topic #17 (0.050): 0.010*"get" + 0.010*"like" + 0.008*"money" + 0.007*"im" + 0.007*"make" + 0.007*"people" + 0.006*"want" + 0.005*"would" + 0.005*"one" + 0.005*"year" + 0.005*"fucking" + 0.005*"go" + 0.005*"good" + 0.005*"shit" + 0.005*"it" + 0.005*"know" + 0.004*"fuck" + 0.004*"even" + 0.004*"time" + 0.004*"work"
2018-08-28 05:17:04,619 : INFO : topic #18 (0.050): 0.002*"music" + 0.002*"digital" + 0.002*"email" + 0.002*"year" + 0.002*"nigger" + 0.002*"post" + 0.002*"crime" + 0.001*"ceo" + 0.001*"parent" + 0.001*"hotel" + 0.001*"video" + 0.001*"plushies" + 0.001*"plushtard" + 0.001*"thread" + 0.001*"since" + 0.001*"modafinil" + 0.001*"gf" + 0.001*"link" + 0.001*"would" + 0.001*"made"
2018-08-28 05:17:04,622 : INFO : topic #19 (0.050): 0.005*"resume" + 0.001*"f5" + 0.001*"template" + 0.001*"computing" + 0.001*"spell" + 0.001*"rolex" + 0.001*"flashy" + 0.001*"wording" + 0.001*"bullet" + 0.001*"slush" + 0.000*"audis" + 0.000*"3series" + 0.000*"lexus" + 0.000*"rolexes" + 0.000*"monogram" + 0.000*"gifted" + 0.000*"182" + 0.000*"emdashes" + 0.000*"header" + 0.000*"figurehead"
2018-08-28 05:17:04,645 : INFO : using symmetric alpha at 0.03333333333333333
2018-08-28 05:17:04,646 : INFO : using symmetric eta at 0.03333333333333333
2018-08-28 05:17:04,662 : INFO : using serial LDA version on this node
2018-08-28 05:17:05,133 : INFO : running online (multi-pass) LDA training, 30 topics, 100 passes over the supplied corpus of 4623 documents, updating model once every 4623 documents, evaluating perplexity every 4623 documents, iterating 50x with a convergence threshold of 0.001000
2018-08-28 05:17:15,737 : INFO : -16.142 per-word bound, 72336.6 perplexity estimate based on a held-out corpus of 4623 documents with 2290604 words
2018-08-28 05:17:15,739 : INFO : PROGRESS: pass 0, at document #4623/4623
2018-08-28 05:17:21,634 : INFO : topic #18 (0.033): 0.010*"get" + 0.008*"buy" + 0.007*"like" + 0.006*"go" + 0.006*"coin" + 0.006*"fucking" + 0.005*"btc" + 0.005*"going" + 0.005*"people" + 0.005*"im"
2018-08-28 05:17:21,636 : INFO : topic #28 (0.033): 0.007*"btc" + 0.007*"like" + 0.006*"im" + 0.006*"get" + 0.005*"buy" + 0.005*"it" + 0.005*"fuck" + 0.005*"people" + 0.005*"make" + 0.005*"would"
2018-08-28 05:17:21,638 : INFO : topic #11 (0.033): 0.010*"like" + 0.007*"get" + 0.006*"btc" + 0.006*"go" + 0.006*"sell" + 0.006*"im" + 0.006*"bitcoin" + 0.005*"fucking" + 0.005*"link" + 0.005*"shit"
2018-08-28 05:17:21,640 : INFO : topic #24 (0.033): 0.008*"get" + 0.006*"like" + 0.006*"buy" + 0.005*"fucking" + 0.005*"going" + 0.005*"im" + 0.005*"people" + 0.004*"make" + 0.004*"coin" + 0.004*"one"
2018-08-28 05:17:21,641 : INFO : topic #22 (0.033): 0.008*"like" + 0.007*"make" + 0.006*"btc" + 0.006*"people" + 0.006*"going" + 0.006*"get" + 0.005*"money" + 0.005*"shit" + 0.005*"fuck" + 0.005*"even"
2018-08-28 05:17:21,644 : INFO : topic diff=15.489229, rho=1.000000
2018-08-28 05:17:31,857 : INFO : -9.374 per-word bound, 663.6 perplexity estimate based on a held-out corpus of 4623 documents with 2290604 words
2018-08-28 05:17:31,858 : INFO : PROGRESS: pass 1, at document #4623/4623
2018-08-28 05:17:37,451 : INFO : topic #14 (0.033): 0.010*"like" + 0.007*"get" + 0.005*"im" + 0.005*"make" + 0.005*"buy" + 0.005*"shit" + 0.005*"know" + 0.005*"one" + 0.004*"money" + 0.004*"people"
2018-08-28 05:17:37,455 : INFO : topic #22 (0.033): 0.007*"like" + 0.007*"make" + 0.007*"people" + 0.006*"get" + 0.005*"btc" + 0.005*"money" + 0.005*"going" + 0.005*"shit" + 0.005*"fucking" + 0.004*"fuck"
2018-08-28 05:17:37,457 : INFO : topic #11 (0.033): 0.009*"like" + 0.007*"link" + 0.007*"get" + 0.006*"go" + 0.006*"im" + 0.006*"sell" + 0.005*"btc" + 0.005*"fucking" + 0.005*"bitcoin" + 0.005*"going"
2018-08-28 05:17:37,458 : INFO : topic #10 (0.033): 0.008*"like" + 0.008*"btc" + 0.007*"bitcoin" + 0.007*"get" + 0.006*"money" + 0.006*"im" + 0.006*"people" + 0.005*"buy" + 0.005*"make" + 0.005*"even"
2018-08-28 05:17:37,459 : INFO : topic #5 (0.033): 0.006*"get" + 0.006*"im" + 0.006*"like" + 0.006*"coin" + 0.005*"btc" + 0.005*"fucking" + 0.005*"shit" + 0.005*"people" + 0.005*"money" + 0.005*"fuck"
2018-08-28 05:17:37,463 : INFO : topic diff=3.731651, rho=0.577350
2018-08-28 05:17:47,396 : INFO : -8.861 per-word bound, 465.0 perplexity estimate based on a held-out corpus of 4623 documents with 2290604 words
2018-08-28 05:17:47,396 : INFO : PROGRESS: pass 2, at document #4623/4623
2018-08-28 05:17:52,851 : INFO : topic #15 (0.033): 0.007*"application" + 0.006*"token" + 0.005*"platform" + 0.004*"credit" + 0.003*"00100000" + 0.003*"lead" + 0.003*"one" + 0.003*"like" + 0.003*"make" + 0.003*"see"
2018-08-28 05:17:52,854 : INFO : topic #12 (0.033): 0.009*"im" + 0.007*"buy" + 0.007*"make" + 0.007*"btc" + 0.006*"like" + 0.006*"coin" + 0.006*"eth" + 0.006*"get" + 0.005*"fucking" + 0.005*"money"
2018-08-28 05:17:52,856 : INFO : topic #1 (0.033): 0.005*"get" + 0.005*"bitcoin" + 0.005*"btc" + 0.005*"like" + 0.004*"people" + 0.004*"year" + 0.004*"going" + 0.004*"one" + 0.004*"fuck" + 0.004*"im"
2018-08-28 05:17:52,857 : INFO : topic #24 (0.033): 0.006*"like" + 0.005*"get" + 0.004*"fucking" + 0.004*"buy" + 0.003*"going" + 0.003*"one" + 0.003*"im" + 0.003*"think" + 0.003*"make" + 0.003*"people"
2018-08-28 05:17:52,859 : INFO : topic #6 (0.033): 0.006*"im" + 0.006*"get" + 0.005*"going" + 0.005*"like" + 0.005*"coin" + 0.005*"money" + 0.005*"buy" + 0.004*"btc" + 0.004*"make" + 0.004*"one"
2018-08-28 05:17:52,862 : INFO : topic diff=2.521690, rho=0.500000
2018-08-28 05:18:03,180 : INFO : -8.682 per-word bound, 410.7 perplexity estimate based on a held-out corpus of 4623 documents with 2290604 words
2018-08-28 05:18:03,182 : INFO : PROGRESS: pass 3, at document #4623/4623
2018-08-28 05:18:08,527 : INFO : topic #18 (0.033): 0.009*"coin" + 0.009*"buy" + 0.009*"get" + 0.007*"like" + 0.006*"go" + 0.006*"im" + 0.006*"going" + 0.006*"fucking" + 0.005*"shit" + 0.005*"one"
2018-08-28 05:18:08,529 : INFO : topic #9 (0.033): 0.007*"like" + 0.006*"get" + 0.005*"one" + 0.005*"make" + 0.005*"time" + 0.005*"im" + 0.004*"it" + 0.004*"even" + 0.004*"know" + 0.004*"think"
2018-08-28 05:18:08,530 : INFO : topic #24 (0.033): 0.005*"like" + 0.005*"get" + 0.004*"fucking" + 0.003*"buy" + 0.003*"one" + 0.003*"im" + 0.003*"think" + 0.003*"know" + 0.003*"going" + 0.003*"make"
2018-08-28 05:18:08,532 : INFO : topic #1 (0.033): 0.005*"get" + 0.005*"bitcoin" + 0.004*"like" + 0.004*"people" + 0.004*"btc" + 0.004*"year" + 0.004*"going" + 0.003*"one" + 0.003*"good" + 0.003*"fuck"
2018-08-28 05:18:08,534 : INFO : topic #7 (0.033): 0.005*"city" + 0.005*"like" + 0.005*"get" + 0.004*"btc" + 0.003*"go" + 0.003*"people" + 0.003*"want" + 0.003*"would" + 0.003*"good" + 0.003*"live"
2018-08-28 05:18:08,537 : INFO : topic diff=1.691815, rho=0.447214
2018-08-28 05:18:18,629 : INFO : -8.591 per-word bound, 385.5 perplexity estimate based on a held-out corpus of 4623 documents with 2290604 words
2018-08-28 05:18:18,630 : INFO : PROGRESS: pass 4, at document #4623/4623
2018-08-28 05:18:24,129 : INFO : topic #12 (0.033): 0.009*"im" + 0.007*"buy" + 0.007*"eth" + 0.007*"make" + 0.007*"coin" + 0.007*"btc" + 0.006*"like" + 0.006*"get" + 0.005*"monero" + 0.005*"fucking"
2018-08-28 05:18:24,140 : INFO : topic #16 (0.033): 0.020*"chancoin" + 0.008*"buy" + 0.008*"get" + 0.008*"going" + 0.008*"im" + 0.007*"like" + 0.006*"neo" + 0.005*"go" + 0.005*"sell" + 0.005*"shit"
2018-08-28 05:18:24,142 : INFO : topic #26 (0.033): 0.010*"get" + 0.008*"people" + 0.006*"like" + 0.006*"want" + 0.006*"fucking" + 0.006*"money" + 0.005*"would" + 0.005*"make" + 0.005*"fuck" + 0.005*"im"
2018-08-28 05:18:24,143 : INFO : topic #22 (0.033): 0.007*"like" + 0.006*"people" + 0.006*"make" + 0.006*"get" + 0.005*"fucking" + 0.005*"money" + 0.004*"shit" + 0.004*"want" + 0.004*"im" + 0.004*"fuck"
2018-08-28 05:18:24,147 : INFO : topic diff=1.141726, rho=0.408248
2018-08-28 05:18:34,125 : INFO : -8.538 per-word bound, 371.6 perplexity estimate based on a held-out corpus of 4623 documents with 2290604 words
2018-08-28 05:18:34,126 : INFO : PROGRESS: pass 5, at document #4623/4623
2018-08-28 05:18:39,427 : INFO : topic #22 (0.033): 0.007*"like" + 0.006*"people" + 0.006*"make" + 0.006*"get" + 0.005*"fucking" + 0.004*"money" + 0.004*"shit" + 0.004*"want" + 0.004*"im" + 0.004*"fuck"
2018-08-28 05:18:39,429 : INFO : topic #24 (0.033): 0.004*"like" + 0.003*"fucking" + 0.003*"car" + 0.003*"get" + 0.002*"buy" + 0.002*"know" + 0.002*"one" + 0.002*"im" + 0.002*"think" + 0.002*"shit"
2018-08-28 05:18:39,430 : INFO : topic #5 (0.033): 0.006*"get" + 0.006*"coin" + 0.006*"like" + 0.005*"im" + 0.005*"people" + 0.005*"shit" + 0.005*"fucking" + 0.005*"fuck" + 0.004*"eth" + 0.004*"good"
2018-08-28 05:18:39,432 : INFO : topic #25 (0.033): 0.019*"tether" + 0.013*"tax" + 0.006*"exchange" + 0.006*"crypto" + 0.006*"btc" + 0.006*"get" + 0.006*"usd" + 0.006*"money" + 0.005*"bitfinex" + 0.005*"pay"
2018-08-28 05:18:39,433 : INFO : topic #8 (0.033): 0.010*"buy" + 0.010*"coin" + 0.008*"like" + 0.007*"get" + 0.007*"im" + 0.007*"link" + 0.007*"fucking" + 0.007*"going" + 0.006*"make" + 0.006*"fuck"
2018-08-28 05:18:39,436 : INFO : topic diff=0.782997, rho=0.377964
2018-08-28 05:18:49,418 : INFO : -8.504 per-word bound, 362.9 perplexity estimate based on a held-out corpus of 4623 documents with 2290604 words
2018-08-28 05:18:49,418 : INFO : PROGRESS: pass 6, at document #4623/4623
2018-08-28 05:18:54,851 : INFO : topic #4 (0.033): 0.006*"im" + 0.005*"like" + 0.005*"fucking" + 0.005*"get" + 0.004*"address" + 0.004*"fuck" + 0.004*"crypto" + 0.004*"eth" + 0.004*"money" + 0.004*"contract"
2018-08-28 05:18:54,853 : INFO : topic #6 (0.033): 0.005*"like" + 0.005*"im" + 0.005*"get" + 0.004*"money" + 0.004*"one" + 0.004*"good" + 0.004*"coin" + 0.004*"going" + 0.004*"make" + 0.003*"shit"
2018-08-28 05:18:54,855 : INFO : topic #12 (0.033): 0.008*"im" + 0.008*"eth" + 0.008*"monero" + 0.007*"coin" + 0.007*"buy" + 0.007*"make" + 0.007*"btc" + 0.006*"like" + 0.006*"xmr" + 0.006*"get"
2018-08-28 05:18:54,857 : INFO : topic #27 (0.033): 0.010*"contract" + 0.008*"smart" + 0.008*"data" + 0.006*"like" + 0.006*"get" + 0.006*"link" + 0.005*"one" + 0.005*"oracle" + 0.005*"make" + 0.005*"use"
2018-08-28 05:18:54,858 : INFO : topic #18 (0.033): 0.010*"coin" + 0.009*"buy" + 0.008*"get" + 0.007*"like" + 0.006*"im" + 0.006*"going" + 0.006*"go" + 0.006*"fucking" + 0.005*"shit" + 0.005*"one"
2018-08-28 05:18:54,862 : INFO : topic diff=0.547890, rho=0.353553
2018-08-28 05:19:04,806 : INFO : -8.480 per-word bound, 357.1 perplexity estimate based on a held-out corpus of 4623 documents with 2290604 words
2018-08-28 05:19:04,806 : INFO : PROGRESS: pass 7, at document #4623/4623
2018-08-28 05:19:10,248 : INFO : topic #7 (0.033): 0.009*"city" + 0.004*"like" + 0.004*"live" + 0.004*"place" + 0.003*"get" + 0.002*"world" + 0.002*"fucking" + 0.002*"go" + 0.002*"want" + 0.002*"people"
2018-08-28 05:19:10,257 : INFO : topic #22 (0.033): 0.007*"like" + 0.006*"people" + 0.006*"make" + 0.005*"fucking" + 0.005*"get" + 0.004*"want" + 0.004*"shit" + 0.004*"money" + 0.004*"im" + 0.003*"fuck"
2018-08-28 05:19:10,259 : INFO : topic #8 (0.033): 0.011*"buy" + 0.010*"coin" + 0.008*"like" + 0.008*"get" + 0.007*"im" + 0.007*"fucking" + 0.007*"going" + 0.006*"link" + 0.006*"make" + 0.006*"fuck"
2018-08-28 05:19:10,261 : INFO : topic #4 (0.033): 0.006*"im" + 0.005*"fucking" + 0.005*"like" + 0.005*"get" + 0.005*"address" + 0.004*"fuck" + 0.004*"contract" + 0.004*"eth" + 0.004*"crypto" + 0.003*"money"
2018-08-28 05:19:10,264 : INFO : topic diff=0.391746, rho=0.333333
2018-08-28 05:19:20,299 : INFO : -8.463 per-word bound, 352.9 perplexity estimate based on a held-out corpus of 4623 documents with 2290604 words
2018-08-28 05:19:20,299 : INFO : PROGRESS: pass 8, at document #4623/4623
2018-08-28 05:19:25,788 : INFO : topic #7 (0.033): 0.009*"city" + 0.004*"like" + 0.004*"live" + 0.004*"place" + 0.002*"get" + 0.002*"world" + 0.002*"fucking" + 0.002*"go" + 0.002*"great" + 0.002*"want"
2018-08-28 05:19:25,790 : INFO : topic #12 (0.033): 0.009*"monero" + 0.008*"eth" + 0.008*"im" + 0.008*"coin" + 0.007*"xmr" + 0.007*"buy" + 0.007*"make" + 0.007*"btc" + 0.006*"like" + 0.005*"iota"
2018-08-28 05:19:25,792 : INFO : topic #11 (0.033): 0.024*"link" + 0.008*"like" + 0.006*"get" + 0.006*"go" + 0.006*"chainlink" + 0.005*"fucking" + 0.005*"im" + 0.005*"would" + 0.005*"sell" + 0.005*"make"
2018-08-28 05:19:25,794 : INFO : topic #28 (0.033): 0.004*"bitcoin" + 0.004*"1" + 0.004*"it" + 0.004*"cash" + 0.004*"get" + 0.004*"like" + 0.003*"fuck" + 0.003*"btc" + 0.003*"people" + 0.003*"im"
2018-08-28 05:19:25,795 : INFO : topic #10 (0.033): 0.008*"like" + 0.007*"get" + 0.006*"money" + 0.006*"im" + 0.006*"btc" + 0.005*"people" + 0.005*"bitcoin" + 0.005*"make" + 0.005*"buy" + 0.005*"crypto"
2018-08-28 05:19:25,799 : INFO : topic diff=0.286259, rho=0.316228
2018-08-28 05:19:35,907 : INFO : -8.450 per-word bound, 349.8 perplexity estimate based on a held-out corpus of 4623 documents with 2290604 words
2018-08-28 05:19:35,909 : INFO : PROGRESS: pass 9, at document #4623/4623
2018-08-28 05:19:41,334 : INFO : topic #15 (0.033): 0.017*"credit" + 0.014*"rcn" + 0.012*"application" + 0.011*"token" + 0.010*"platform" + 0.006*"blockchain" + 0.006*"loan" + 0.005*"ripio" + 0.005*"product" + 0.004*"lead"
2018-08-28 05:19:41,336 : INFO : topic #0 (0.033): 0.019*"btc" + 0.013*"bitcoin" + 0.010*"bch" + 0.008*"going" + 0.008*"coin" + 0.007*"buy" + 0.007*"like" + 0.006*"fucking" + 0.006*"get" + 0.006*"back"
2018-08-28 05:19:41,337 : INFO : topic #22 (0.033): 0.006*"people" + 0.006*"like" + 0.006*"make" + 0.005*"fucking" + 0.005*"get" + 0.004*"want" + 0.004*"shit" + 0.004*"money" + 0.003*"im" + 0.003*"fuck"
2018-08-28 05:19:41,338 : INFO : topic #20 (0.033): 0.022*"btc" + 0.019*"bch" + 0.015*"bitcoin" + 0.006*"people" + 0.006*"like" + 0.006*"get" + 0.005*"going" + 0.005*"transaction" + 0.005*"fucking" + 0.005*"would"
2018-08-28 05:19:41,340 : INFO : topic #18 (0.033): 0.011*"coin" + 0.009*"buy" + 0.008*"get" + 0.007*"like" + 0.006*"im" + 0.006*"going" + 0.006*"go" + 0.006*"fucking" + 0.005*"one" + 0.005*"shit"
2018-08-28 05:19:41,343 : INFO : topic diff=0.213805, rho=0.301511
2018-08-28 05:19:51,427 : INFO : -8.440 per-word bound, 347.3 perplexity estimate based on a held-out corpus of 4623 documents with 2290604 words
2018-08-28 05:19:51,428 : INFO : PROGRESS: pass 10, at document #4623/4623
2018-08-28 05:19:56,911 : INFO : topic #20 (0.033): 0.022*"btc" + 0.019*"bch" + 0.016*"bitcoin" + 0.006*"people" + 0.006*"like" + 0.006*"get" + 0.005*"going" + 0.005*"transaction" + 0.005*"fucking" + 0.005*"would"
2018-08-28 05:19:56,913 : INFO : topic #18 (0.033): 0.011*"coin" + 0.009*"buy" + 0.008*"get" + 0.007*"like" + 0.006*"im" + 0.006*"going" + 0.006*"go" + 0.005*"fucking" + 0.005*"ico" + 0.005*"one"
2018-08-28 05:19:56,921 : INFO : topic #9 (0.033): 0.008*"req" + 0.007*"like" + 0.005*"one" + 0.005*"get" + 0.005*"even" + 0.004*"know" + 0.004*"think" + 0.004*"omg" + 0.004*"fucking" + 0.004*"use"
2018-08-28 05:19:56,923 : INFO : topic #19 (0.033): 0.012*"get" + 0.009*"like" + 0.009*"money" + 0.009*"im" + 0.008*"make" + 0.007*"year" + 0.006*"job" + 0.006*"would" + 0.006*"want" + 0.006*"people"
2018-08-28 05:19:56,926 : INFO : topic diff=0.163313, rho=0.288675
2018-08-28 05:20:06,968 : INFO : -8.432 per-word bound, 345.3 perplexity estimate based on a held-out corpus of 4623 documents with 2290604 words
2018-08-28 05:20:06,969 : INFO : PROGRESS: pass 11, at document #4623/4623
2018-08-28 05:20:12,355 : INFO : topic #19 (0.033): 0.012*"get" + 0.010*"like" + 0.009*"money" + 0.009*"im" + 0.008*"make" + 0.007*"year" + 0.006*"job" + 0.006*"would" + 0.006*"want" + 0.006*"people"
2018-08-28 05:20:12,357 : INFO : topic #12 (0.033): 0.012*"monero" + 0.009*"eth" + 0.008*"xmr" + 0.008*"coin" + 0.008*"im" + 0.007*"iota" + 0.007*"buy" + 0.007*"make" + 0.007*"btc" + 0.006*"like"
2018-08-28 05:20:12,358 : INFO : topic #27 (0.033): 0.015*"contract" + 0.012*"smart" + 0.011*"data" + 0.006*"oracle" + 0.006*"use" + 0.006*"like" + 0.005*"link" + 0.005*"one" + 0.005*"get" + 0.004*"would"
2018-08-28 05:20:12,359 : INFO : topic #6 (0.033): 0.004*"like" + 0.004*"get" + 0.003*"money" + 0.003*"im" + 0.003*"one" + 0.003*"use" + 0.003*"good" + 0.003*"even" + 0.003*"shit" + 0.003*"work"
2018-08-28 05:20:12,360 : INFO : topic #15 (0.033): 0.018*"credit" + 0.015*"rcn" + 0.012*"application" + 0.011*"token" + 0.011*"platform" + 0.007*"loan" + 0.006*"blockchain" + 0.006*"ripio" + 0.005*"product" + 0.005*"lender"
2018-08-28 05:20:12,364 : INFO : topic diff=0.127696, rho=0.277350
2018-08-28 05:20:22,406 : INFO : -8.425 per-word bound, 343.6 perplexity estimate based on a held-out corpus of 4623 documents with 2290604 words
2018-08-28 05:20:22,406 : INFO : PROGRESS: pass 12, at document #4623/4623
2018-08-28 05:20:27,858 : INFO : topic #23 (0.033): 0.051*"die" + 0.015*"mommy" + 0.005*"10k" + 0.004*"du" + 0.003*"und" + 0.003*"da" + 0.003*"money" + 0.003*"germany" + 0.002*"im" + 0.002*"nicht"
2018-08-28 05:20:27,862 : INFO : topic #10 (0.033): 0.008*"like" + 0.006*"get" + 0.006*"money" + 0.006*"im" + 0.005*"people" + 0.005*"make" + 0.005*"btc" + 0.005*"crypto" + 0.005*"buy" + 0.005*"even"
2018-08-28 05:20:27,863 : INFO : topic #28 (0.033): 0.005*"1" + 0.003*"cash" + 0.003*"it" + 0.003*"bitcoin" + 0.003*"gang" + 0.003*"fuck" + 0.002*"people" + 0.002*"like" + 0.002*"get" + 0.002*"week"
2018-08-28 05:20:27,865 : INFO : topic #15 (0.033): 0.019*"credit" + 0.016*"rcn" + 0.012*"application" + 0.011*"token" + 0.011*"platform" + 0.007*"loan" + 0.007*"blockchain" + 0.006*"ripio" + 0.005*"product" + 0.005*"lender"
2018-08-28 05:20:27,867 : INFO : topic #12 (0.033): 0.012*"monero" + 0.009*"eth" + 0.009*"xmr" + 0.008*"coin" + 0.008*"im" + 0.007*"iota" + 0.007*"buy" + 0.007*"make" + 0.007*"btc" + 0.006*"like"
2018-08-28 05:20:27,870 : INFO : topic diff=0.102257, rho=0.267261
2018-08-28 05:20:37,948 : INFO : -8.419 per-word bound, 342.2 perplexity estimate based on a held-out corpus of 4623 documents with 2290604 words
2018-08-28 05:20:37,948 : INFO : PROGRESS: pass 13, at document #4623/4623
2018-08-28 05:20:43,345 : INFO : topic #20 (0.033): 0.022*"btc" + 0.019*"bch" + 0.016*"bitcoin" + 0.006*"people" + 0.006*"like" + 0.006*"get" + 0.006*"transaction" + 0.005*"going" + 0.005*"would" + 0.005*"fucking"
2018-08-28 05:20:43,347 : INFO : topic #29 (0.033): 0.011*"buy" + 0.011*"btc" + 0.008*"im" + 0.008*"like" + 0.007*"get" + 0.007*"money" + 0.006*"go" + 0.006*"going" + 0.006*"trade" + 0.006*"coin"
2018-08-28 05:20:43,348 : INFO : topic #2 (0.033): 0.010*"coin" + 0.008*"token" + 0.007*"get" + 0.006*"like" + 0.006*"buy" + 0.005*"would" + 0.004*"one" + 0.004*"make" + 0.004*"ico" + 0.004*"people"
2018-08-28 05:20:43,350 : INFO : topic #24 (0.033): 0.003*"car" + 0.002*"anime" + 0.001*"taste" + 0.001*"google" + 0.001*"pleb" + 0.001*"copper" + 0.001*"fucking" + 0.001*"porsche" + 0.001*"like" + 0.001*"retard"
2018-08-28 05:20:43,351 : INFO : topic #13 (0.033): 0.010*"deranged" + 0.009*"linkie" + 0.008*"linkies" + 0.006*"contract" + 0.006*"surely" + 0.006*"common" + 0.005*"time" + 0.005*"community" + 0.005*"rent" + 0.005*"free"
2018-08-28 05:20:43,354 : INFO : topic diff=0.083806, rho=0.258199
2018-08-28 05:20:53,430 : INFO : -8.413 per-word bound, 340.9 perplexity estimate based on a held-out corpus of 4623 documents with 2290604 words
2018-08-28 05:20:53,432 : INFO : PROGRESS: pass 14, at document #4623/4623
2018-08-28 05:20:58,866 : INFO : topic #6 (0.033): 0.004*"like" + 0.003*"get" + 0.003*"use" + 0.003*"money" + 0.003*"one" + 0.003*"work" + 0.003*"thing" + 0.003*"im" + 0.003*"even" + 0.003*"shit"
2018-08-28 05:20:58,869 : INFO : topic #23 (0.033): 0.053*"die" + 0.016*"mommy" + 0.005*"10k" + 0.004*"du" + 0.003*"und" + 0.003*"da" + 0.003*"germany" + 0.002*"nicht" + 0.002*"money" + 0.002*"ich"
2018-08-28 05:20:58,870 : INFO : topic #10 (0.033): 0.008*"like" + 0.006*"get" + 0.006*"money" + 0.006*"im" + 0.005*"people" + 0.005*"make" + 0.005*"crypto" + 0.005*"buy" + 0.005*"even" + 0.005*"btc"
2018-08-28 05:20:58,872 : INFO : topic #21 (0.033): 0.023*"sage" + 0.010*"coin" + 0.006*"hst" + 0.004*"good" + 0.004*"want" + 0.004*"market" + 0.004*"like" + 0.003*"buy" + 0.003*"crypto" + 0.003*"even"
2018-08-28 05:20:58,874 : INFO : topic #1 (0.033): 0.002*"btx" + 0.002*"bitcoin" + 0.002*"ark" + 0.002*"people" + 0.001*"morocco" + 0.001*"number" + 0.001*"litecoin" + 0.001*"like" + 0.001*"good" + 0.001*"much"
2018-08-28 05:20:58,877 : INFO : topic diff=0.070171, rho=0.250000
2018-08-28 05:21:08,917 : INFO : -8.409 per-word bound, 339.8 perplexity estimate based on a held-out corpus of 4623 documents with 2290604 words
2018-08-28 05:21:08,918 : INFO : PROGRESS: pass 15, at document #4623/4623
2018-08-28 05:21:14,317 : INFO : topic #27 (0.033): 0.018*"contract" + 0.014*"smart" + 0.013*"data" + 0.007*"oracle" + 0.007*"use" + 0.005*"like" + 0.005*"one" + 0.005*"link" + 0.004*"get" + 0.004*"blockchain"
2018-08-28 05:21:14,319 : INFO : topic #24 (0.033): 0.002*"car" + 0.002*"anime" + 0.001*"taste" + 0.001*"pleb" + 0.001*"google" + 0.001*"copper" + 0.001*"porsche" + 0.001*"fucking" + 0.001*"kin" + 0.001*"retard"
2018-08-28 05:21:14,320 : INFO : topic #17 (0.033): 0.023*"roll" + 0.012*"quad" + 0.010*"rolling" + 0.007*"get" + 0.007*"link" + 0.006*"rollin" + 0.006*"dub" + 0.005*"trip" + 0.005*"buy" + 0.004*"reroll"
2018-08-28 05:21:14,321 : INFO : topic #6 (0.033): 0.004*"like" + 0.003*"use" + 0.003*"get" + 0.003*"money" + 0.003*"work" + 0.003*"thing" + 0.003*"one" + 0.003*"even" + 0.003*"bot" + 0.003*"im"
2018-08-28 05:21:14,323 : INFO : topic #25 (0.033): 0.020*"tether" + 0.016*"tax" + 0.009*"crypto" + 0.008*"exchange" + 0.007*"money" + 0.007*"bitfinex" + 0.007*"pay" + 0.007*"usd" + 0.007*"btc" + 0.006*"gain"
2018-08-28 05:21:14,327 : INFO : topic diff=0.059931, rho=0.242536
2018-08-28 05:21:24,375 : INFO : -8.405 per-word bound, 338.9 perplexity estimate based on a held-out corpus of 4623 documents with 2290604 words
2018-08-28 05:21:24,377 : INFO : PROGRESS: pass 16, at document #4623/4623
2018-08-28 05:21:29,771 : INFO : topic #11 (0.033): 0.033*"link" + 0.007*"like" + 0.007*"chainlink" + 0.006*"get" + 0.006*"go" + 0.006*"would" + 0.005*"fucking" + 0.005*"token" + 0.005*"make" + 0.005*"swift"
2018-08-28 05:21:29,772 : INFO : topic #12 (0.033): 0.014*"monero" + 0.010*"xmr" + 0.009*"eth" + 0.009*"coin" + 0.009*"iota" + 0.008*"im" + 0.006*"make" + 0.006*"btc" + 0.006*"buy" + 0.006*"like"
2018-08-28 05:21:29,774 : INFO : topic #7 (0.033): 0.012*"city" + 0.004*"place" + 0.004*"live" + 0.002*"world" + 0.002*"like" + 0.002*"great" + 0.002*"la" + 0.002*"culture" + 0.001*"tokyo" + 0.001*"london"
2018-08-28 05:21:29,775 : INFO : topic #24 (0.033): 0.002*"car" + 0.002*"anime" + 0.001*"taste" + 0.001*"pleb" + 0.001*"copper" + 0.001*"google" + 0.001*"porsche" + 0.001*"kin" + 0.001*"911" + 0.001*"lambo"
2018-08-28 05:21:29,776 : INFO : topic #29 (0.033): 0.011*"buy" + 0.011*"btc" + 0.009*"im" + 0.008*"like" + 0.007*"get" + 0.007*"money" + 0.006*"go" + 0.006*"trade" + 0.006*"going" + 0.006*"coin"
2018-08-28 05:21:29,778 : INFO : topic diff=0.052091, rho=0.235702
2018-08-28 05:21:39,795 : INFO : -8.401 per-word bound, 338.0 perplexity estimate based on a held-out corpus of 4623 documents with 2290604 words
2018-08-28 05:21:39,796 : INFO : PROGRESS: pass 17, at document #4623/4623
2018-08-28 05:21:45,188 : INFO : topic #24 (0.033): 0.002*"car" + 0.002*"anime" + 0.001*"taste" + 0.001*"pleb" + 0.001*"copper" + 0.001*"google" + 0.001*"porsche" + 0.001*"kin" + 0.001*"911" + 0.001*"lambo"
2018-08-28 05:21:45,190 : INFO : topic #1 (0.033): 0.002*"btx" + 0.002*"bitcoin" + 0.002*"ark" + 0.001*"morocco" + 0.001*"number" + 0.001*"moroccan" + 0.001*"people" + 0.001*"litecoin" + 0.001*"romania" + 0.001*"airdrop"
2018-08-28 05:21:45,191 : INFO : topic #6 (0.033): 0.003*"like" + 0.003*"use" + 0.003*"work" + 0.003*"thing" + 0.003*"get" + 0.003*"bot" + 0.003*"money" + 0.002*"one" + 0.002*"even" + 0.002*"shit"
2018-08-28 05:21:45,193 : INFO : topic #22 (0.033): 0.006*"people" + 0.005*"fucking" + 0.005*"like" + 0.004*"make" + 0.003*"music" + 0.003*"get" + 0.003*"want" + 0.003*"jew" + 0.003*"shit" + 0.002*"op"
2018-08-28 05:21:45,194 : INFO : topic #7 (0.033): 0.012*"city" + 0.004*"place" + 0.004*"live" + 0.002*"world" + 0.002*"great" + 0.002*"like" + 0.002*"la" + 0.002*"culture" + 0.001*"tokyo" + 0.001*"london"
2018-08-28 05:21:45,198 : INFO : topic diff=0.045963, rho=0.229416
2018-08-28 05:21:55,277 : INFO : -8.397 per-word bound, 337.2 perplexity estimate based on a held-out corpus of 4623 documents with 2290604 words
2018-08-28 05:21:55,279 : INFO : PROGRESS: pass 18, at document #4623/4623
2018-08-28 05:22:00,893 : INFO : topic #27 (0.033): 0.019*"contract" + 0.015*"smart" + 0.014*"data" + 0.007*"oracle" + 0.007*"use" + 0.005*"one" + 0.005*"blockchain" + 0.004*"like" + 0.004*"eth" + 0.004*"link"
2018-08-28 05:22:00,894 : INFO : topic #23 (0.033): 0.055*"die" + 0.017*"mommy" + 0.005*"10k" + 0.005*"du" + 0.003*"und" + 0.003*"da" + 0.003*"germany" + 0.002*"nicht" + 0.002*"ich" + 0.002*"der"
2018-08-28 05:22:00,896 : INFO : topic #15 (0.033): 0.020*"credit" + 0.017*"rcn" + 0.012*"application" + 0.012*"platform" + 0.011*"token" + 0.010*"loan" + 0.007*"blockchain" + 0.006*"ripio" + 0.005*"lender" + 0.005*"product"
2018-08-28 05:22:00,897 : INFO : topic #18 (0.033): 0.012*"coin" + 0.009*"buy" + 0.008*"get" + 0.007*"like" + 0.006*"im" + 0.006*"ico" + 0.006*"going" + 0.006*"token" + 0.006*"one" + 0.005*"shit"
2018-08-28 05:22:00,899 : INFO : topic #1 (0.033): 0.002*"btx" + 0.002*"bitcoin" + 0.001*"morocco" + 0.001*"ark" + 0.001*"number" + 0.001*"moroccan" + 0.001*"romania" + 0.001*"litecoin" + 0.001*"airdrop" + 0.001*"zrx"
2018-08-28 05:22:00,903 : INFO : topic diff=0.041059, rho=0.223607
2018-08-28 05:22:10,946 : INFO : -8.394 per-word bound, 336.5 perplexity estimate based on a held-out corpus of 4623 documents with 2290604 words
2018-08-28 05:22:10,947 : INFO : PROGRESS: pass 19, at document #4623/4623
2018-08-28 05:22:16,404 : INFO : topic #5 (0.033): 0.008*"cp" + 0.008*"eth" + 0.007*"child" + 0.006*"vitalik" + 0.006*"people" + 0.005*"fucking" + 0.004*"like" + 0.004*"shit" + 0.004*"fuck" + 0.004*"coin"
2018-08-28 05:22:16,407 : INFO : topic #12 (0.033): 0.015*"monero" + 0.010*"xmr" + 0.010*"eth" + 0.009*"iota" + 0.009*"coin" + 0.007*"im" + 0.006*"make" + 0.006*"btc" + 0.006*"buy" + 0.006*"like"
2018-08-28 05:22:16,408 : INFO : topic #23 (0.033): 0.056*"die" + 0.017*"mommy" + 0.005*"10k" + 0.005*"du" + 0.003*"und" + 0.003*"da" + 0.003*"germany" + 0.002*"nicht" + 0.002*"ich" + 0.002*"der"
2018-08-28 05:22:16,409 : INFO : topic #20 (0.033): 0.022*"btc" + 0.019*"bch" + 0.017*"bitcoin" + 0.007*"people" + 0.006*"transaction" + 0.006*"like" + 0.006*"get" + 0.005*"would" + 0.005*"going" + 0.005*"miner"
2018-08-28 05:22:16,413 : INFO : topic diff=0.037051, rho=0.218218
2018-08-28 05:22:26,564 : INFO : -8.392 per-word bound, 335.8 perplexity estimate based on a held-out corpus of 4623 documents with 2290604 words
2018-08-28 05:22:26,564 : INFO : PROGRESS: pass 20, at document #4623/4623
2018-08-28 05:22:32,021 : INFO : topic #9 (0.033): 0.011*"req" + 0.007*"like" + 0.007*"omg" + 0.005*"even" + 0.005*"one" + 0.005*"request" + 0.005*"use" + 0.004*"think" + 0.004*"know" + 0.004*"get"
2018-08-28 05:22:32,024 : INFO : topic #2 (0.033): 0.009*"token" + 0.009*"coin" + 0.006*"get" + 0.005*"like" + 0.005*"buy" + 0.005*"would" + 0.005*"ico" + 0.004*"product" + 0.004*"one" + 0.004*"people"
2018-08-28 05:22:32,025 : INFO : topic #17 (0.033): 0.028*"roll" + 0.014*"quad" + 0.011*"rolling" + 0.009*"dub" + 0.007*"trip" + 0.007*"get" + 0.007*"rollin" + 0.005*"reroll" + 0.005*"link" + 0.004*"btc"
2018-08-28 05:22:32,026 : INFO : topic #27 (0.033): 0.020*"contract" + 0.016*"smart" + 0.014*"data" + 0.007*"use" + 0.007*"oracle" + 0.005*"blockchain" + 0.004*"one" + 0.004*"like" + 0.004*"eth" + 0.004*"link"
2018-08-28 05:22:32,027 : INFO : topic #24 (0.033): 0.002*"car" + 0.002*"anime" + 0.001*"pleb" + 0.001*"taste" + 0.001*"copper" + 0.001*"porsche" + 0.001*"google" + 0.001*"kin" + 0.001*"911" + 0.001*"porsches"
2018-08-28 05:22:32,031 : INFO : topic diff=0.033732, rho=0.213201
2018-08-28 05:22:42,194 : INFO : -8.389 per-word bound, 335.2 perplexity estimate based on a held-out corpus of 4623 documents with 2290604 words
2018-08-28 05:22:42,196 : INFO : PROGRESS: pass 21, at document #4623/4623
2018-08-28 05:22:47,695 : INFO : topic #1 (0.033): 0.002*"btx" + 0.002*"morocco" + 0.001*"number" + 0.001*"romania" + 0.001*"bitcoin" + 0.001*"moroccan" + 0.001*"zrx" + 0.001*"sachs" + 0.001*"bitcore" + 0.001*"goldman"
2018-08-28 05:22:47,696 : INFO : topic #13 (0.033): 0.010*"deranged" + 0.009*"linkie" + 0.009*"linkies" + 0.007*"contract" + 0.006*"surely" + 0.006*"common" + 0.006*"community" + 0.006*"rent" + 0.005*"free" + 0.005*"time"
2018-08-28 05:22:47,698 : INFO : topic #25 (0.033): 0.020*"tether" + 0.016*"tax" + 0.009*"crypto" + 0.009*"exchange" + 0.008*"money" + 0.007*"pay" + 0.007*"bitfinex" + 0.007*"usd" + 0.006*"btc" + 0.006*"cash"
2018-08-28 05:22:47,699 : INFO : topic #26 (0.033): 0.009*"people" + 0.009*"get" + 0.008*"wallet" + 0.007*"like" + 0.006*"fucking" + 0.006*"want" + 0.006*"one" + 0.005*"would" + 0.005*"fuck" + 0.005*"shit"
2018-08-28 05:22:47,700 : INFO : topic #29 (0.033): 0.011*"buy" + 0.011*"btc" + 0.009*"im" + 0.008*"like" + 0.007*"money" + 0.007*"get" + 0.006*"trade" + 0.006*"go" + 0.006*"coin" + 0.006*"going"
2018-08-28 05:22:47,704 : INFO : topic diff=0.030917, rho=0.208514
2018-08-28 05:22:58,010 : INFO : -8.387 per-word bound, 334.7 perplexity estimate based on a held-out corpus of 4623 documents with 2290604 words
2018-08-28 05:22:58,012 : INFO : PROGRESS: pass 22, at document #4623/4623
2018-08-28 05:23:03,448 : INFO : topic #21 (0.033): 0.029*"sage" + 0.008*"coin" + 0.006*"hst" + 0.004*"good" + 0.003*"market" + 0.003*"want" + 0.003*"blockchain" + 0.003*"crypto" + 0.002*"project" + 0.002*"like"
2018-08-28 05:23:03,450 : INFO : topic #22 (0.033): 0.005*"people" + 0.005*"fucking" + 0.004*"like" + 0.004*"make" + 0.004*"music" + 0.003*"jew" + 0.003*"pajeet" + 0.002*"want" + 0.002*"op" + 0.002*"get"
2018-08-28 05:23:03,451 : INFO : topic #16 (0.033): 0.026*"chancoin" + 0.009*"stock" + 0.008*"going" + 0.008*"get" + 0.007*"buy" + 0.007*"like" + 0.007*"im" + 0.005*"neo" + 0.005*"good" + 0.005*"sell"
2018-08-28 05:23:03,452 : INFO : topic #24 (0.033): 0.002*"anime" + 0.002*"car" + 0.001*"pleb" + 0.001*"taste" + 0.001*"copper" + 0.001*"porsche" + 0.001*"google" + 0.001*"kin" + 0.001*"911" + 0.001*"porsches"
2018-08-28 05:23:03,454 : INFO : topic #3 (0.033): 0.013*"fomo" + 0.006*"la" + 0.003*"cock" + 0.003*"poll" + 0.002*"need" + 0.002*"not" + 0.002*"remove" + 0.002*"tuna" + 0.002*"emotion" + 0.002*"give"
2018-08-28 05:23:03,458 : INFO : topic diff=0.028505, rho=0.204124
2018-08-28 05:23:13,603 : INFO : -8.384 per-word bound, 334.2 perplexity estimate based on a held-out corpus of 4623 documents with 2290604 words
2018-08-28 05:23:13,605 : INFO : PROGRESS: pass 23, at document #4623/4623
2018-08-28 05:23:19,083 : INFO : topic #27 (0.033): 0.022*"contract" + 0.017*"smart" + 0.015*"data" + 0.007*"use" + 0.007*"oracle" + 0.005*"blockchain" + 0.004*"one" + 0.004*"eth" + 0.004*"like" + 0.004*"real"
2018-08-28 05:23:19,085 : INFO : topic #20 (0.033): 0.022*"btc" + 0.019*"bch" + 0.017*"bitcoin" + 0.007*"people" + 0.006*"transaction" + 0.006*"like" + 0.006*"get" + 0.005*"would" + 0.005*"going" + 0.005*"miner"
2018-08-28 05:23:19,087 : INFO : topic #8 (0.033): 0.011*"buy" + 0.011*"coin" + 0.008*"im" + 0.008*"get" + 0.008*"fucking" + 0.008*"like" + 0.007*"going" + 0.007*"fuck" + 0.006*"pump" + 0.006*"make"
2018-08-28 05:23:19,089 : INFO : topic #19 (0.033): 0.012*"get" + 0.010*"like" + 0.009*"money" + 0.009*"im" + 0.008*"make" + 0.006*"year" + 0.006*"want" + 0.006*"people" + 0.006*"would" + 0.006*"job"
2018-08-28 05:23:19,103 : INFO : topic diff=0.026418, rho=0.200000
2018-08-28 05:23:29,293 : INFO : -8.382 per-word bound, 333.7 perplexity estimate based on a held-out corpus of 4623 documents with 2290604 words
2018-08-28 05:23:29,294 : INFO : PROGRESS: pass 24, at document #4623/4623
2018-08-28 05:23:34,681 : INFO : topic #10 (0.033): 0.008*"like" + 0.006*"get" + 0.006*"money" + 0.006*"im" + 0.006*"people" + 0.005*"crypto" + 0.005*"make" + 0.005*"even" + 0.005*"would" + 0.005*"market"
2018-08-28 05:23:34,683 : INFO : topic #18 (0.033): 0.012*"coin" + 0.009*"buy" + 0.008*"get" + 0.007*"like" + 0.006*"ico" + 0.006*"token" + 0.006*"im" + 0.006*"going" + 0.006*"one" + 0.005*"shit"
2018-08-28 05:23:34,684 : INFO : topic #16 (0.033): 0.027*"chancoin" + 0.009*"stock" + 0.008*"going" + 0.008*"get" + 0.007*"like" + 0.007*"buy" + 0.007*"im" + 0.005*"neo" + 0.005*"good" + 0.005*"sell"
2018-08-28 05:23:34,686 : INFO : topic #22 (0.033): 0.005*"people" + 0.005*"fucking" + 0.004*"music" + 0.003*"like" + 0.003*"make" + 0.003*"jew" + 0.003*"pajeet" + 0.002*"gab" + 0.002*"want" + 0.002*"nigger"
2018-08-28 05:23:34,687 : INFO : topic #26 (0.033): 0.009*"people" + 0.009*"get" + 0.008*"wallet" + 0.007*"like" + 0.006*"fucking" + 0.006*"one" + 0.005*"want" + 0.005*"would" + 0.005*"fuck" + 0.005*"shit"
2018-08-28 05:23:34,690 : INFO : topic diff=0.024593, rho=0.196116
2018-08-28 05:23:44,708 : INFO : -8.380 per-word bound, 333.2 perplexity estimate based on a held-out corpus of 4623 documents with 2290604 words
2018-08-28 05:23:44,709 : INFO : PROGRESS: pass 25, at document #4623/4623
2018-08-28 05:23:50,129 : INFO : topic #7 (0.033): 0.012*"city" + 0.003*"place" + 0.003*"live" + 0.002*"world" + 0.002*"la" + 0.002*"culture" + 0.002*"great" + 0.002*"tokyo" + 0.002*"london" + 0.002*"weather"
2018-08-28 05:23:50,136 : INFO : topic #4 (0.033): 0.006*"contract" + 0.005*"address" + 0.003*"gas" + 0.003*"bot" + 0.003*"smart" + 0.002*"pepe" + 0.002*"blink" + 0.002*"eth" + 0.002*"wallet" + 0.002*"im"
2018-08-28 05:23:50,138 : INFO : topic #13 (0.033): 0.011*"deranged" + 0.010*"linkie" + 0.009*"linkies" + 0.007*"contract" + 0.007*"surely" + 0.006*"common" + 0.006*"community" + 0.006*"rent" + 0.006*"free" + 0.005*"time"
2018-08-28 05:23:50,140 : INFO : topic #11 (0.033): 0.036*"link" + 0.008*"chainlink" + 0.007*"like" + 0.006*"would" + 0.006*"go" + 0.006*"token" + 0.006*"get" + 0.005*"fucking" + 0.005*"make" + 0.005*"swift"
2018-08-28 05:23:50,144 : INFO : topic diff=0.022983, rho=0.192450
2018-08-28 05:24:00,279 : INFO : -8.379 per-word bound, 332.8 perplexity estimate based on a held-out corpus of 4623 documents with 2290604 words
2018-08-28 05:24:00,280 : INFO : PROGRESS: pass 26, at document #4623/4623
2018-08-28 05:24:05,707 : INFO : topic #28 (0.033): 0.005*"1" + 0.003*"gang" + 0.002*"node" + 0.002*"cash" + 0.002*"obsidian" + 0.002*"progress" + 0.002*"odn" + 0.002*"net" + 0.001*"week" + 0.001*"hard"
2018-08-28 05:24:05,709 : INFO : topic #6 (0.033): 0.003*"use" + 0.002*"neutrality" + 0.002*"bot" + 0.002*"thing" + 0.002*"work" + 0.002*"net" + 0.002*"company" + 0.002*"modafinil" + 0.002*"paypal" + 0.002*"gpu"
2018-08-28 05:24:05,710 : INFO : topic #10 (0.033): 0.008*"like" + 0.006*"get" + 0.006*"money" + 0.006*"im" + 0.006*"people" + 0.005*"crypto" + 0.005*"make" + 0.005*"even" + 0.005*"would" + 0.005*"market"
2018-08-28 05:24:05,712 : INFO : topic #2 (0.033): 0.010*"token" + 0.009*"coin" + 0.006*"get" + 0.005*"like" + 0.005*"product" + 0.005*"buy" + 0.005*"ico" + 0.005*"would" + 0.004*"one" + 0.004*"people"
2018-08-28 05:24:05,713 : INFO : topic #24 (0.033): 0.002*"anime" + 0.001*"pleb" + 0.001*"taste" + 0.001*"car" + 0.001*"porsche" + 0.001*"copper" + 0.001*"kin" + 0.001*"911" + 0.001*"google" + 0.001*"porsches"
2018-08-28 05:24:05,717 : INFO : topic diff=0.021562, rho=0.188982
2018-08-28 05:24:15,793 : INFO : -8.377 per-word bound, 332.4 perplexity estimate based on a held-out corpus of 4623 documents with 2290604 words
2018-08-28 05:24:15,795 : INFO : PROGRESS: pass 27, at document #4623/4623
2018-08-28 05:24:21,011 : INFO : topic #5 (0.033): 0.010*"cp" + 0.009*"child" + 0.009*"eth" + 0.008*"vitalik" + 0.006*"people" + 0.005*"fucking" + 0.004*"he" + 0.004*"porn" + 0.004*"shit" + 0.004*"like"
2018-08-28 05:24:21,012 : INFO : topic #10 (0.033): 0.008*"like" + 0.006*"get" + 0.006*"money" + 0.006*"im" + 0.006*"people" + 0.005*"crypto" + 0.005*"make" + 0.005*"even" + 0.005*"would" + 0.005*"ark"
2018-08-28 05:24:21,014 : INFO : topic #20 (0.033): 0.022*"btc" + 0.019*"bch" + 0.017*"bitcoin" + 0.007*"people" + 0.006*"transaction" + 0.006*"like" + 0.006*"get" + 0.005*"would" + 0.005*"miner" + 0.005*"going"
2018-08-28 05:24:21,015 : INFO : topic #17 (0.033): 0.031*"roll" + 0.016*"quad" + 0.013*"dub" + 0.013*"rolling" + 0.009*"trip" + 0.007*"please" + 0.007*"rollin" + 0.007*"get" + 0.006*"reroll" + 0.006*"god"
2018-08-28 05:24:21,016 : INFO : topic #13 (0.033): 0.011*"deranged" + 0.010*"linkie" + 0.009*"linkies" + 0.007*"contract" + 0.007*"surely" + 0.006*"common" + 0.006*"community" + 0.006*"rent" + 0.006*"free" + 0.005*"lost"
2018-08-28 05:24:21,020 : INFO : topic diff=0.020277, rho=0.185695
2018-08-28 05:24:31,179 : INFO : -8.375 per-word bound, 332.1 perplexity estimate based on a held-out corpus of 4623 documents with 2290604 words
2018-08-28 05:24:31,180 : INFO : PROGRESS: pass 28, at document #4623/4623
2018-08-28 05:24:36,605 : INFO : topic #10 (0.033): 0.008*"like" + 0.006*"get" + 0.006*"money" + 0.006*"im" + 0.006*"people" + 0.005*"crypto" + 0.005*"make" + 0.005*"even" + 0.005*"would" + 0.005*"ark"
2018-08-28 05:24:36,607 : INFO : topic #4 (0.033): 0.005*"contract" + 0.005*"address" + 0.003*"gas" + 0.003*"bot" + 0.003*"pepe" + 0.002*"smart" + 0.002*"blink" + 0.002*"wallet" + 0.002*"eth" + 0.002*"token"
2018-08-28 05:24:36,608 : INFO : topic #6 (0.033): 0.003*"use" + 0.002*"neutrality" + 0.002*"bot" + 0.002*"net" + 0.002*"thing" + 0.002*"work" + 0.002*"company" + 0.002*"modafinil" + 0.002*"gpu" + 0.002*"paypal"
2018-08-28 05:24:36,609 : INFO : topic #7 (0.033): 0.012*"city" + 0.003*"place" + 0.003*"live" + 0.002*"la" + 0.002*"world" + 0.002*"culture" + 0.002*"great" + 0.002*"tokyo" + 0.002*"london" + 0.002*"weather"
2018-08-28 05:24:36,620 : INFO : topic diff=0.019115, rho=0.182574
2018-08-28 05:24:46,782 : INFO : -8.374 per-word bound, 331.7 perplexity estimate based on a held-out corpus of 4623 documents with 2290604 words
2018-08-28 05:24:46,782 : INFO : PROGRESS: pass 29, at document #4623/4623
2018-08-28 05:24:52,227 : INFO : topic #1 (0.033): 0.003*"btx" + 0.002*"morocco" + 0.001*"romania" + 0.001*"moroccan" + 0.001*"bitcore" + 0.001*"number" + 0.001*"zrx" + 0.001*"sachs" + 0.001*"goldman" + 0.001*"interconnect"
2018-08-28 05:24:52,230 : INFO : topic #9 (0.033): 0.013*"req" + 0.008*"omg" + 0.006*"like" + 0.006*"even" + 0.005*"request" + 0.005*"one" + 0.005*"use" + 0.004*"think" + 0.004*"know" + 0.004*"company"
2018-08-28 05:24:52,231 : INFO : topic #10 (0.033): 0.008*"like" + 0.006*"get" + 0.006*"money" + 0.006*"im" + 0.006*"people" + 0.005*"crypto" + 0.005*"make" + 0.005*"even" + 0.005*"ark" + 0.005*"would"
2018-08-28 05:24:52,233 : INFO : topic #22 (0.033): 0.004*"people" + 0.004*"fucking" + 0.004*"music" + 0.003*"jew" + 0.003*"pajeet" + 0.003*"make" + 0.003*"like" + 0.002*"gab" + 0.002*"nigger" + 0.002*"card"
2018-08-28 05:24:52,236 : INFO : topic diff=0.018078, rho=0.179605
2018-08-28 05:25:02,298 : INFO : -8.372 per-word bound, 331.4 perplexity estimate based on a held-out corpus of 4623 documents with 2290604 words
2018-08-28 05:25:02,300 : INFO : PROGRESS: pass 30, at document #4623/4623
2018-08-28 05:25:07,782 : INFO : topic #25 (0.033): 0.019*"tether" + 0.016*"tax" + 0.010*"crypto" + 0.009*"exchange" + 0.008*"money" + 0.008*"pay" + 0.007*"bitfinex" + 0.007*"usd" + 0.007*"cash" + 0.006*"fiat"
2018-08-28 05:25:07,783 : INFO : topic #21 (0.033): 0.035*"sage" + 0.007*"coin" + 0.006*"hst" + 0.003*"market" + 0.003*"good" + 0.003*"want" + 0.002*"blockchain" + 0.002*"un" + 0.002*"crypto" + 0.002*"real"
2018-08-28 05:25:07,784 : INFO : topic #24 (0.033): 0.002*"anime" + 0.001*"pleb" + 0.001*"taste" + 0.001*"porsche" + 0.001*"copper" + 0.001*"car" + 0.001*"kin" + 0.001*"911" + 0.001*"porsches" + 0.001*"countach"
2018-08-28 05:25:07,786 : INFO : topic #9 (0.033): 0.013*"req" + 0.008*"omg" + 0.006*"like" + 0.006*"even" + 0.005*"request" + 0.005*"one" + 0.005*"use" + 0.004*"think" + 0.004*"know" + 0.004*"company"
2018-08-28 05:25:07,787 : INFO : topic #26 (0.033): 0.009*"wallet" + 0.009*"people" + 0.009*"get" + 0.007*"like" + 0.006*"fucking" + 0.006*"one" + 0.005*"would" + 0.005*"want" + 0.005*"fuck" + 0.005*"scam"
2018-08-28 05:25:07,791 : INFO : topic diff=0.017115, rho=0.176777
2018-08-28 05:25:17,884 : INFO : -8.371 per-word bound, 331.1 perplexity estimate based on a held-out corpus of 4623 documents with 2290604 words
2018-08-28 05:25:17,886 : INFO : PROGRESS: pass 31, at document #4623/4623
2018-08-28 05:25:23,344 : INFO : topic #17 (0.033): 0.033*"roll" + 0.017*"quad" + 0.014*"dub" + 0.013*"rolling" + 0.010*"trip" + 0.009*"please" + 0.008*"rollin" + 0.007*"god" + 0.007*"get" + 0.006*"reroll"
2018-08-28 05:25:23,347 : INFO : topic #20 (0.033): 0.021*"btc" + 0.019*"bch" + 0.017*"bitcoin" + 0.007*"people" + 0.006*"transaction" + 0.006*"like" + 0.006*"get" + 0.006*"would" + 0.005*"miner" + 0.005*"going"
2018-08-28 05:25:23,349 : INFO : topic #4 (0.033): 0.005*"contract" + 0.004*"address" + 0.003*"gas" + 0.003*"bot" + 0.003*"pepe" + 0.002*"blink" + 0.002*"smart" + 0.002*"token" + 0.002*"wallet" + 0.002*"fat"
2018-08-28 05:25:23,350 : INFO : topic #25 (0.033): 0.019*"tether" + 0.016*"tax" + 0.010*"crypto" + 0.009*"exchange" + 0.008*"money" + 0.008*"pay" + 0.007*"bitfinex" + 0.007*"usd" + 0.007*"cash" + 0.007*"fiat"
2018-08-28 05:25:23,351 : INFO : topic #29 (0.033): 0.011*"buy" + 0.011*"btc" + 0.009*"im" + 0.009*"like" + 0.007*"money" + 0.007*"get" + 0.007*"trade" + 0.006*"coin" + 0.006*"go" + 0.006*"time"
2018-08-28 05:25:23,355 : INFO : topic diff=0.016246, rho=0.174078
2018-08-28 05:25:33,391 : INFO : -8.370 per-word bound, 330.8 perplexity estimate based on a held-out corpus of 4623 documents with 2290604 words
2018-08-28 05:25:33,392 : INFO : PROGRESS: pass 32, at document #4623/4623
2018-08-28 05:25:38,830 : INFO : topic #27 (0.033): 0.025*"contract" + 0.018*"smart" + 0.017*"data" + 0.008*"use" + 0.008*"oracle" + 0.005*"blockchain" + 0.004*"eth" + 0.004*"one" + 0.004*"real" + 0.003*"token"
2018-08-28 05:25:38,831 : INFO : topic #6 (0.033): 0.003*"neutrality" + 0.002*"use" + 0.002*"net" + 0.002*"modafinil" + 0.002*"bot" + 0.002*"gpu" + 0.002*"company" + 0.002*"thing" + 0.002*"paypal" + 0.002*"work"
2018-08-28 05:25:38,833 : INFO : topic #12 (0.033): 0.018*"monero" + 0.012*"xmr" + 0.012*"iota" + 0.010*"eth" + 0.010*"coin" + 0.006*"im" + 0.006*"make" + 0.006*"btc" + 0.005*"buy" + 0.005*"like"
2018-08-28 05:25:38,834 : INFO : topic #29 (0.033): 0.011*"buy" + 0.011*"btc" + 0.009*"im" + 0.009*"like" + 0.007*"money" + 0.007*"get" + 0.007*"trade" + 0.006*"coin" + 0.006*"go" + 0.006*"time"
2018-08-28 05:25:38,836 : INFO : topic #11 (0.033): 0.037*"link" + 0.008*"chainlink" + 0.007*"like" + 0.006*"would" + 0.006*"token" + 0.006*"go" + 0.005*"get" + 0.005*"fucking" + 0.005*"make" + 0.005*"swift"
2018-08-28 05:25:38,839 : INFO : topic diff=0.015442, rho=0.171499
2018-08-28 05:25:48,899 : INFO : -8.369 per-word bound, 330.6 perplexity estimate based on a held-out corpus of 4623 documents with 2290604 words
2018-08-28 05:25:48,900 : INFO : PROGRESS: pass 33, at document #4623/4623
2018-08-28 05:25:54,379 : INFO : topic #25 (0.033): 0.019*"tether" + 0.016*"tax" + 0.010*"crypto" + 0.009*"exchange" + 0.008*"money" + 0.008*"pay" + 0.007*"bitfinex" + 0.007*"usd" + 0.007*"cash" + 0.007*"fiat"
2018-08-28 05:25:54,383 : INFO : topic #2 (0.033): 0.010*"token" + 0.009*"coin" + 0.006*"get" + 0.005*"product" + 0.005*"like" + 0.005*"ico" + 0.004*"would" + 0.004*"buy" + 0.004*"one" + 0.004*"project"
2018-08-28 05:25:54,385 : INFO : topic #0 (0.033): 0.025*"btc" + 0.015*"bitcoin" + 0.013*"bch" + 0.010*"going" + 0.008*"buy" + 0.007*"back" + 0.007*"fucking" + 0.007*"like" + 0.007*"go" + 0.007*"get"
2018-08-28 05:25:54,386 : INFO : topic #3 (0.033): 0.014*"fomo" + 0.007*"la" + 0.004*"cock" + 0.003*"poll" + 0.002*"not" + 0.002*"remove" + 0.002*"tuna" + 0.002*"emotion" + 0.002*"egg" + 0.001*"give"
2018-08-28 05:25:54,388 : INFO : topic #1 (0.033): 0.003*"btx" + 0.002*"morocco" + 0.002*"romania" + 0.001*"moroccan" + 0.001*"bitcore" + 0.001*"zrx" + 0.001*"sachs" + 0.001*"number" + 0.001*"goldman" + 0.001*"interconnect"
2018-08-28 05:25:54,392 : INFO : topic diff=0.014690, rho=0.169031
2018-08-28 05:26:04,470 : INFO : -8.368 per-word bound, 330.3 perplexity estimate based on a held-out corpus of 4623 documents with 2290604 words
2018-08-28 05:26:04,471 : INFO : PROGRESS: pass 34, at document #4623/4623
2018-08-28 05:26:09,918 : INFO : topic #24 (0.033): 0.002*"anime" + 0.001*"pleb" + 0.001*"taste" + 0.001*"porsche" + 0.001*"kin" + 0.001*"911" + 0.001*"copper" + 0.001*"porsches" + 0.001*"countach" + 0.001*"kik"
2018-08-28 05:26:09,919 : INFO : topic #13 (0.033): 0.011*"deranged" + 0.010*"linkie" + 0.009*"linkies" + 0.007*"contract" + 0.007*"surely" + 0.006*"common" + 0.006*"community" + 0.006*"rent" + 0.006*"free" + 0.005*"lost"
2018-08-28 05:26:09,921 : INFO : topic #0 (0.033): 0.025*"btc" + 0.015*"bitcoin" + 0.013*"bch" + 0.010*"going" + 0.008*"buy" + 0.008*"back" + 0.007*"fucking" + 0.007*"like" + 0.007*"go" + 0.007*"get"
2018-08-28 05:26:09,922 : INFO : topic #29 (0.033): 0.011*"buy" + 0.011*"btc" + 0.009*"im" + 0.009*"like" + 0.007*"money" + 0.007*"get" + 0.007*"trade" + 0.006*"coin" + 0.006*"go" + 0.006*"time"
2018-08-28 05:26:09,923 : INFO : topic #17 (0.033): 0.033*"roll" + 0.017*"quad" + 0.015*"dub" + 0.014*"rolling" + 0.010*"trip" + 0.010*"please" + 0.008*"god" + 0.008*"rollin" + 0.007*"get" + 0.006*"op"
2018-08-28 05:26:09,926 : INFO : topic diff=0.013997, rho=0.166667
2018-08-28 05:26:20,007 : INFO : -8.367 per-word bound, 330.1 perplexity estimate based on a held-out corpus of 4623 documents with 2290604 words
2018-08-28 05:26:20,009 : INFO : PROGRESS: pass 35, at document #4623/4623
2018-08-28 05:26:25,530 : INFO : topic #1 (0.033): 0.003*"btx" + 0.002*"morocco" + 0.002*"romania" + 0.001*"moroccan" + 0.001*"bitcore" + 0.001*"zrx" + 0.001*"sachs" + 0.001*"number" + 0.001*"goldman" + 0.001*"interconnect"
2018-08-28 05:26:25,532 : INFO : topic #19 (0.033): 0.012*"get" + 0.010*"like" + 0.009*"money" + 0.009*"im" + 0.008*"make" + 0.006*"year" + 0.006*"want" + 0.006*"people" + 0.006*"would" + 0.006*"job"
2018-08-28 05:26:25,533 : INFO : topic #22 (0.033): 0.004*"music" + 0.004*"people" + 0.003*"fucking" + 0.003*"jew" + 0.003*"pajeet" + 0.002*"gab" + 0.002*"nigger" + 0.002*"card" + 0.002*"indian" + 0.002*"make"
2018-08-28 05:26:25,535 : INFO : topic #20 (0.033): 0.021*"btc" + 0.019*"bch" + 0.017*"bitcoin" + 0.007*"people" + 0.006*"transaction" + 0.006*"like" + 0.006*"get" + 0.006*"would" + 0.005*"miner" + 0.005*"going"
2018-08-28 05:26:25,536 : INFO : topic #9 (0.033): 0.014*"req" + 0.008*"omg" + 0.006*"like" + 0.006*"request" + 0.006*"even" + 0.005*"use" + 0.005*"one" + 0.004*"think" + 0.004*"company" + 0.004*"know"
2018-08-28 05:26:25,540 : INFO : topic diff=0.013351, rho=0.164399
2018-08-28 05:26:35,579 : INFO : -8.366 per-word bound, 329.8 perplexity estimate based on a held-out corpus of 4623 documents with 2290604 words
2018-08-28 05:26:35,580 : INFO : PROGRESS: pass 36, at document #4623/4623
2018-08-28 05:26:41,135 : INFO : topic #18 (0.033): 0.012*"coin" + 0.009*"buy" + 0.008*"get" + 0.007*"token" + 0.007*"ico" + 0.006*"like" + 0.006*"one" + 0.006*"im" + 0.006*"going" + 0.005*"shit"
2018-08-28 05:26:41,136 : INFO : topic #26 (0.033): 0.010*"wallet" + 0.009*"people" + 0.009*"get" + 0.006*"like" + 0.006*"fucking" + 0.006*"one" + 0.005*"would" + 0.005*"want" + 0.005*"fuck" + 0.005*"scam"
2018-08-28 05:26:41,138 : INFO : topic #1 (0.033): 0.003*"btx" + 0.002*"morocco" + 0.002*"romania" + 0.001*"moroccan" + 0.001*"bitcore" + 0.001*"zrx" + 0.001*"sachs" + 0.001*"goldman" + 0.001*"number" + 0.001*"interconnect"
2018-08-28 05:26:41,139 : INFO : topic #23 (0.033): 0.061*"die" + 0.019*"mommy" + 0.005*"du" + 0.004*"10k" + 0.004*"und" + 0.003*"da" + 0.003*"germany" + 0.003*"nicht" + 0.003*"ich" + 0.002*"der"
2018-08-28 05:26:41,143 : INFO : topic diff=0.012755, rho=0.162221
2018-08-28 05:26:51,188 : INFO : -8.365 per-word bound, 329.6 perplexity estimate based on a held-out corpus of 4623 documents with 2290604 words
2018-08-28 05:26:51,189 : INFO : PROGRESS: pass 37, at document #4623/4623
2018-08-28 05:26:56,694 : INFO : topic #25 (0.033): 0.019*"tether" + 0.016*"tax" + 0.010*"crypto" + 0.009*"exchange" + 0.008*"money" + 0.008*"pay" + 0.007*"bitfinex" + 0.007*"usd" + 0.007*"cash" + 0.007*"fiat"
2018-08-28 05:26:56,698 : INFO : topic #5 (0.033): 0.011*"cp" + 0.010*"child" + 0.010*"eth" + 0.009*"vitalik" + 0.006*"people" + 0.005*"he" + 0.004*"porn" + 0.004*"fucking" + 0.004*"pedo" + 0.003*"guy"
2018-08-28 05:26:56,699 : INFO : topic #20 (0.033): 0.021*"btc" + 0.019*"bch" + 0.017*"bitcoin" + 0.007*"people" + 0.006*"transaction" + 0.006*"like" + 0.006*"get" + 0.006*"would" + 0.005*"miner" + 0.005*"going"
2018-08-28 05:26:56,701 : INFO : topic #22 (0.033): 0.004*"music" + 0.003*"people" + 0.003*"fucking" + 0.003*"jew" + 0.003*"pajeet" + 0.002*"gab" + 0.002*"nigger" + 0.002*"indian" + 0.002*"brooke" + 0.002*"card"
2018-08-28 05:26:56,702 : INFO : topic #3 (0.033): 0.015*"fomo" + 0.007*"la" + 0.004*"cock" + 0.003*"poll" + 0.002*"not" + 0.002*"remove" + 0.002*"tuna" + 0.002*"emotion" + 0.002*"egg" + 0.001*"give"
2018-08-28 05:26:56,706 : INFO : topic diff=0.012204, rho=0.160128
2018-08-28 05:27:06,722 : INFO : -8.364 per-word bound, 329.4 perplexity estimate based on a held-out corpus of 4623 documents with 2290604 words
2018-08-28 05:27:06,723 : INFO : PROGRESS: pass 38, at document #4623/4623
2018-08-28 05:27:12,146 : INFO : topic #7 (0.033): 0.013*"city" + 0.003*"place" + 0.003*"live" + 0.002*"la" + 0.002*"culture" + 0.002*"tokyo" + 0.002*"london" + 0.002*"weather" + 0.002*"world" + 0.002*"york"
2018-08-28 05:27:12,147 : INFO : topic #16 (0.033): 0.031*"chancoin" + 0.011*"stock" + 0.008*"going" + 0.007*"get" + 0.007*"like" + 0.007*"buy" + 0.007*"im" + 0.005*"good" + 0.004*"shit" + 0.004*"go"
2018-08-28 05:27:12,149 : INFO : topic #3 (0.033): 0.015*"fomo" + 0.007*"la" + 0.004*"cock" + 0.003*"poll" + 0.002*"not" + 0.002*"remove" + 0.002*"tuna" + 0.002*"emotion" + 0.002*"egg" + 0.001*"give"
2018-08-28 05:27:12,150 : INFO : topic #18 (0.033): 0.012*"coin" + 0.009*"buy" + 0.008*"get" + 0.007*"token" + 0.007*"ico" + 0.006*"like" + 0.006*"one" + 0.006*"im" + 0.005*"going" + 0.005*"shit"
2018-08-28 05:27:12,151 : INFO : topic #23 (0.033): 0.061*"die" + 0.019*"mommy" + 0.005*"du" + 0.004*"10k" + 0.004*"und" + 0.003*"da" + 0.003*"germany" + 0.003*"nicht" + 0.003*"ich" + 0.002*"der"
2018-08-28 05:27:12,155 : INFO : topic diff=0.011687, rho=0.158114
2018-08-28 05:27:22,236 : INFO : -8.363 per-word bound, 329.2 perplexity estimate based on a held-out corpus of 4623 documents with 2290604 words
2018-08-28 05:27:22,236 : INFO : PROGRESS: pass 39, at document #4623/4623
2018-08-28 05:27:27,714 : INFO : topic #16 (0.033): 0.031*"chancoin" + 0.011*"stock" + 0.008*"going" + 0.007*"get" + 0.007*"like" + 0.007*"buy" + 0.007*"im" + 0.005*"good" + 0.004*"shit" + 0.004*"go"
2018-08-28 05:27:27,715 : INFO : topic #6 (0.033): 0.003*"neutrality" + 0.002*"net" + 0.002*"modafinil" + 0.002*"gpu" + 0.002*"use" + 0.002*"adderall" + 0.002*"company" + 0.002*"paypal" + 0.002*"bot" + 0.002*"site"
2018-08-28 05:27:27,717 : INFO : topic #25 (0.033): 0.019*"tether" + 0.016*"tax" + 0.010*"crypto" + 0.009*"exchange" + 0.008*"money" + 0.008*"pay" + 0.007*"bitfinex" + 0.007*"usd" + 0.007*"cash" + 0.007*"fiat"
2018-08-28 05:27:27,718 : INFO : topic #0 (0.033): 0.025*"btc" + 0.016*"bitcoin" + 0.013*"bch" + 0.010*"going" + 0.009*"buy" + 0.008*"back" + 0.008*"fucking" + 0.007*"go" + 0.007*"like" + 0.007*"get"
2018-08-28 05:27:27,719 : INFO : topic #24 (0.033): 0.001*"anime" + 0.001*"pleb" + 0.001*"taste" + 0.001*"porsche" + 0.001*"kin" + 0.001*"911" + 0.001*"porsches" + 0.001*"countach" + 0.001*"rx7" + 0.001*"kik"
2018-08-28 05:27:27,723 : INFO : topic diff=0.011202, rho=0.156174
2018-08-28 05:27:37,736 : INFO : -8.362 per-word bound, 329.0 perplexity estimate based on a held-out corpus of 4623 documents with 2290604 words
2018-08-28 05:27:37,736 : INFO : PROGRESS: pass 40, at document #4623/4623
2018-08-28 05:27:43,143 : INFO : topic #15 (0.033): 0.022*"credit" + 0.019*"salt" + 0.018*"rcn" + 0.015*"loan" + 0.014*"platform" + 0.013*"application" + 0.011*"token" + 0.007*"blockchain" + 0.006*"ripio" + 0.005*"lending"
2018-08-28 05:27:43,144 : INFO : topic #29 (0.033): 0.011*"buy" + 0.010*"btc" + 0.009*"im" + 0.009*"like" + 0.007*"money" + 0.007*"get" + 0.007*"trade" + 0.006*"coin" + 0.006*"go" + 0.006*"time"
2018-08-28 05:27:43,146 : INFO : topic #12 (0.033): 0.020*"monero" + 0.013*"xmr" + 0.013*"iota" + 0.010*"eth" + 0.010*"coin" + 0.006*"im" + 0.005*"make" + 0.005*"btc" + 0.005*"wallet" + 0.005*"like"
2018-08-28 05:27:43,148 : INFO : topic #2 (0.033): 0.009*"token" + 0.008*"coin" + 0.006*"product" + 0.005*"get" + 0.005*"ico" + 0.004*"like" + 0.004*"would" + 0.004*"buy" + 0.004*"project" + 0.004*"one"
2018-08-28 05:27:43,149 : INFO : topic #26 (0.033): 0.011*"wallet" + 0.009*"people" + 0.008*"get" + 0.006*"like" + 0.006*"fucking" + 0.006*"one" + 0.005*"would" + 0.005*"want" + 0.005*"scam" + 0.005*"fuck"
2018-08-28 05:27:43,153 : INFO : topic diff=0.010748, rho=0.154303
2018-08-28 05:27:53,226 : INFO : -8.361 per-word bound, 328.8 perplexity estimate based on a held-out corpus of 4623 documents with 2290604 words
2018-08-28 05:27:53,228 : INFO : PROGRESS: pass 41, at document #4623/4623
2018-08-28 05:27:59,132 : INFO : topic #29 (0.033): 0.011*"buy" + 0.010*"btc" + 0.009*"im" + 0.009*"like" + 0.007*"money" + 0.007*"get" + 0.007*"trade" + 0.006*"coin" + 0.006*"go" + 0.006*"time"
2018-08-28 05:27:59,134 : INFO : topic #5 (0.033): 0.012*"cp" + 0.011*"child" + 0.011*"eth" + 0.010*"vitalik" + 0.006*"people" + 0.005*"he" + 0.005*"porn" + 0.004*"pedo" + 0.004*"fucking" + 0.003*"guy"
2018-08-28 05:27:59,135 : INFO : topic #23 (0.033): 0.061*"die" + 0.019*"mommy" + 0.005*"du" + 0.004*"10k" + 0.004*"und" + 0.003*"da" + 0.003*"germany" + 0.003*"nicht" + 0.003*"ich" + 0.002*"der"
2018-08-28 05:27:59,137 : INFO : topic #13 (0.033): 0.011*"deranged" + 0.010*"linkie" + 0.009*"linkies" + 0.007*"contract" + 0.007*"surely" + 0.007*"common" + 0.006*"community" + 0.006*"rent" + 0.006*"free" + 0.005*"lost"
2018-08-28 05:27:59,140 : INFO : topic diff=0.010326, rho=0.152499
2018-08-28 05:28:09,310 : INFO : -8.360 per-word bound, 328.7 perplexity estimate based on a held-out corpus of 4623 documents with 2290604 words
2018-08-28 05:28:09,312 : INFO : PROGRESS: pass 42, at document #4623/4623
2018-08-28 05:28:14,548 : INFO : topic #18 (0.033): 0.012*"coin" + 0.009*"buy" + 0.008*"get" + 0.007*"token" + 0.007*"ico" + 0.006*"like" + 0.006*"one" + 0.005*"going" + 0.005*"im" + 0.005*"shit"
2018-08-28 05:28:14,550 : INFO : topic #1 (0.033): 0.003*"btx" + 0.002*"morocco" + 0.002*"romania" + 0.001*"moroccan" + 0.001*"bitcore" + 0.001*"zrx" + 0.001*"sachs" + 0.001*"goldman" + 0.001*"number" + 0.001*"hungary"
2018-08-28 05:28:14,551 : INFO : topic #20 (0.033): 0.021*"btc" + 0.019*"bch" + 0.017*"bitcoin" + 0.007*"people" + 0.006*"transaction" + 0.006*"like" + 0.006*"would" + 0.006*"get" + 0.005*"miner" + 0.005*"block"
2018-08-28 05:28:14,553 : INFO : topic #2 (0.033): 0.009*"token" + 0.008*"coin" + 0.006*"product" + 0.005*"get" + 0.004*"ico" + 0.004*"like" + 0.004*"would" + 0.004*"buy" + 0.004*"project" + 0.004*"one"
2018-08-28 05:28:14,554 : INFO : topic #5 (0.033): 0.012*"cp" + 0.011*"child" + 0.011*"eth" + 0.010*"vitalik" + 0.006*"people" + 0.005*"he" + 0.005*"porn" + 0.004*"pedo" + 0.004*"fucking" + 0.003*"possession"
2018-08-28 05:28:14,557 : INFO : topic diff=0.009925, rho=0.150756
2018-08-28 05:28:24,742 : INFO : -8.360 per-word bound, 328.5 perplexity estimate based on a held-out corpus of 4623 documents with 2290604 words
2018-08-28 05:28:24,745 : INFO : PROGRESS: pass 43, at document #4623/4623
2018-08-28 05:28:30,102 : INFO : topic #20 (0.033): 0.021*"btc" + 0.019*"bch" + 0.017*"bitcoin" + 0.007*"people" + 0.006*"transaction" + 0.006*"like" + 0.006*"would" + 0.006*"get" + 0.005*"miner" + 0.005*"block"
2018-08-28 05:28:30,105 : INFO : topic #28 (0.033): 0.005*"1" + 0.004*"gang" + 0.002*"node" + 0.002*"obsidian" + 0.002*"progress" + 0.002*"odn" + 0.002*"net" + 0.001*"development" + 0.001*"cash" + 0.001*"neutrality"
2018-08-28 05:28:30,106 : INFO : topic #23 (0.033): 0.061*"die" + 0.019*"mommy" + 0.005*"du" + 0.004*"10k" + 0.004*"und" + 0.003*"da" + 0.003*"germany" + 0.003*"nicht" + 0.003*"ich" + 0.002*"der"
2018-08-28 05:28:30,108 : INFO : topic #4 (0.033): 0.004*"contract" + 0.003*"address" + 0.003*"pepe" + 0.003*"blink" + 0.002*"gas" + 0.002*"bot" + 0.002*"fat" + 0.001*"minereum" + 0.001*"smart" + 0.001*"sex"
2018-08-28 05:28:30,109 : INFO : topic #16 (0.033): 0.032*"chancoin" + 0.011*"stock" + 0.008*"going" + 0.007*"get" + 0.007*"like" + 0.007*"buy" + 0.007*"im" + 0.005*"good" + 0.004*"shit" + 0.004*"go"
2018-08-28 05:28:30,112 : INFO : topic diff=0.009542, rho=0.149071
2018-08-28 05:28:40,133 : INFO : -8.359 per-word bound, 328.3 perplexity estimate based on a held-out corpus of 4623 documents with 2290604 words
2018-08-28 05:28:40,133 : INFO : PROGRESS: pass 44, at document #4623/4623
2018-08-28 05:28:45,727 : INFO : topic #28 (0.033): 0.005*"1" + 0.004*"gang" + 0.002*"node" + 0.002*"obsidian" + 0.002*"progress" + 0.002*"odn" + 0.002*"net" + 0.001*"development" + 0.001*"neutrality" + 0.001*"cash"
2018-08-28 05:28:45,728 : INFO : topic #22 (0.033): 0.005*"music" + 0.003*"jew" + 0.003*"pajeet" + 0.003*"fucking" + 0.003*"people" + 0.003*"gab" + 0.002*"brooke" + 0.002*"indian" + 0.002*"nigger" + 0.002*"card"
2018-08-28 05:28:45,730 : INFO : topic #24 (0.033): 0.001*"anime" + 0.001*"pleb" + 0.001*"taste" + 0.001*"porsche" + 0.001*"kin" + 0.001*"911" + 0.001*"porsches" + 0.001*"countach" + 0.001*"rx7" + 0.001*"kik"
2018-08-28 05:28:45,731 : INFO : topic #1 (0.033): 0.003*"btx" + 0.002*"morocco" + 0.002*"romania" + 0.001*"moroccan" + 0.001*"bitcore" + 0.001*"zrx" + 0.001*"sachs" + 0.001*"goldman" + 0.001*"number" + 0.001*"hungary"
2018-08-28 05:28:45,733 : INFO : topic #17 (0.033): 0.036*"roll" + 0.018*"quad" + 0.017*"dub" + 0.015*"rolling" + 0.011*"please" + 0.011*"trip" + 0.009*"god" + 0.008*"op" + 0.008*"rollin" + 0.007*"oh"
2018-08-28 05:28:45,736 : INFO : topic diff=0.009197, rho=0.147442
2018-08-28 05:28:55,831 : INFO : -8.358 per-word bound, 328.2 perplexity estimate based on a held-out corpus of 4623 documents with 2290604 words
2018-08-28 05:28:55,834 : INFO : PROGRESS: pass 45, at document #4623/4623
2018-08-28 05:29:01,323 : INFO : topic #15 (0.033): 0.022*"credit" + 0.020*"salt" + 0.018*"rcn" + 0.015*"loan" + 0.014*"platform" + 0.013*"application" + 0.011*"token" + 0.007*"blockchain" + 0.006*"ripio" + 0.005*"lending"
2018-08-28 05:29:01,324 : INFO : topic #10 (0.033): 0.009*"like" + 0.006*"get" + 0.006*"money" + 0.006*"im" + 0.006*"people" + 0.005*"ark" + 0.005*"crypto" + 0.005*"make" + 0.005*"even" + 0.005*"would"
2018-08-28 05:29:01,326 : INFO : topic #11 (0.033): 0.038*"link" + 0.008*"chainlink" + 0.007*"like" + 0.006*"token" + 0.006*"would" + 0.006*"go" + 0.005*"get" + 0.005*"even" + 0.005*"swift" + 0.005*"make"
2018-08-28 05:29:01,327 : INFO : topic #24 (0.033): 0.001*"anime" + 0.001*"pleb" + 0.001*"taste" + 0.001*"porsche" + 0.001*"kin" + 0.001*"911" + 0.001*"porsches" + 0.001*"countach" + 0.001*"rx7" + 0.001*"kik"
2018-08-28 05:29:01,329 : INFO : topic #3 (0.033): 0.015*"fomo" + 0.007*"la" + 0.004*"cock" + 0.003*"poll" + 0.002*"not" + 0.002*"remove" + 0.002*"tuna" + 0.002*"emotion" + 0.002*"egg" + 0.001*"give"
2018-08-28 05:29:01,332 : INFO : topic diff=0.008857, rho=0.145865
2018-08-28 05:29:11,334 : INFO : -8.358 per-word bound, 328.0 perplexity estimate based on a held-out corpus of 4623 documents with 2290604 words
2018-08-28 05:29:11,334 : INFO : PROGRESS: pass 46, at document #4623/4623
2018-08-28 05:29:16,789 : INFO : topic #16 (0.033): 0.033*"chancoin" + 0.011*"stock" + 0.008*"going" + 0.007*"get" + 0.007*"like" + 0.007*"buy" + 0.006*"im" + 0.005*"good" + 0.004*"shit" + 0.004*"today"
2018-08-28 05:29:16,790 : INFO : topic #8 (0.033): 0.012*"buy" + 0.010*"coin" + 0.009*"im" + 0.008*"fucking" + 0.008*"get" + 0.008*"like" + 0.008*"going" + 0.007*"fuck" + 0.006*"shit" + 0.006*"pump"
2018-08-28 05:29:16,792 : INFO : topic #3 (0.033): 0.015*"fomo" + 0.007*"la" + 0.004*"cock" + 0.003*"poll" + 0.002*"not" + 0.002*"remove" + 0.002*"tuna" + 0.002*"emotion" + 0.002*"egg" + 0.001*"aaaaaaaaa"
2018-08-28 05:29:16,793 : INFO : topic #22 (0.033): 0.005*"music" + 0.003*"jew" + 0.003*"pajeet" + 0.003*"gab" + 0.003*"fucking" + 0.003*"people" + 0.002*"brooke" + 0.002*"indian" + 0.002*"nigger" + 0.002*"card"
2018-08-28 05:29:16,794 : INFO : topic #23 (0.033): 0.061*"die" + 0.019*"mommy" + 0.005*"du" + 0.004*"10k" + 0.004*"und" + 0.003*"da" + 0.003*"germany" + 0.003*"nicht" + 0.003*"ich" + 0.002*"der"
2018-08-28 05:29:16,798 : INFO : topic diff=0.008542, rho=0.144338
2018-08-28 05:29:26,898 : INFO : -8.357 per-word bound, 327.9 perplexity estimate based on a held-out corpus of 4623 documents with 2290604 words
2018-08-28 05:29:26,900 : INFO : PROGRESS: pass 47, at document #4623/4623
2018-08-28 05:29:32,312 : INFO : topic #15 (0.033): 0.022*"credit" + 0.020*"salt" + 0.018*"rcn" + 0.016*"loan" + 0.014*"platform" + 0.013*"application" + 0.011*"token" + 0.007*"blockchain" + 0.006*"ripio" + 0.005*"lending"
2018-08-28 05:29:32,314 : INFO : topic #9 (0.033): 0.015*"req" + 0.009*"omg" + 0.006*"request" + 0.006*"like" + 0.006*"even" + 0.005*"use" + 0.005*"one" + 0.004*"company" + 0.004*"think" + 0.004*"product"
2018-08-28 05:29:32,315 : INFO : topic #20 (0.033): 0.021*"btc" + 0.018*"bch" + 0.017*"bitcoin" + 0.007*"people" + 0.007*"transaction" + 0.006*"like" + 0.006*"would" + 0.006*"get" + 0.005*"miner" + 0.005*"block"
2018-08-28 05:29:32,317 : INFO : topic #28 (0.033): 0.005*"1" + 0.004*"gang" + 0.002*"node" + 0.002*"obsidian" + 0.002*"progress" + 0.002*"odn" + 0.002*"net" + 0.001*"development" + 0.001*"neutrality" + 0.001*"future"
2018-08-28 05:29:32,318 : INFO : topic #27 (0.033): 0.028*"contract" + 0.020*"smart" + 0.018*"data" + 0.008*"use" + 0.007*"oracle" + 0.006*"blockchain" + 0.004*"eth" + 0.004*"real" + 0.003*"case" + 0.003*"trustless"
2018-08-28 05:29:32,322 : INFO : topic diff=0.008244, rho=0.142857
2018-08-28 05:29:42,412 : INFO : -8.357 per-word bound, 327.8 perplexity estimate based on a held-out corpus of 4623 documents with 2290604 words
2018-08-28 05:29:42,412 : INFO : PROGRESS: pass 48, at document #4623/4623
2018-08-28 05:29:47,890 : INFO : topic #25 (0.033): 0.019*"tether" + 0.016*"tax" + 0.010*"crypto" + 0.009*"exchange" + 0.008*"money" + 0.008*"pay" + 0.007*"bitfinex" + 0.007*"usd" + 0.007*"cash" + 0.007*"fiat"
2018-08-28 05:29:47,891 : INFO : topic #29 (0.033): 0.011*"buy" + 0.010*"btc" + 0.009*"im" + 0.009*"like" + 0.008*"money" + 0.007*"get" + 0.007*"trade" + 0.006*"coin" + 0.006*"go" + 0.006*"time"
2018-08-28 05:29:47,892 : INFO : topic #2 (0.033): 0.009*"token" + 0.007*"coin" + 0.006*"product" + 0.005*"get" + 0.004*"ico" + 0.004*"would" + 0.004*"like" + 0.004*"project" + 0.004*"buy" + 0.004*"use"
2018-08-28 05:29:47,894 : INFO : topic #9 (0.033): 0.015*"req" + 0.009*"omg" + 0.006*"request" + 0.006*"like" + 0.006*"even" + 0.005*"use" + 0.005*"one" + 0.004*"company" + 0.004*"think" + 0.004*"product"
2018-08-28 05:29:47,895 : INFO : topic #13 (0.033): 0.011*"deranged" + 0.010*"linkie" + 0.009*"linkies" + 0.007*"contract" + 0.007*"surely" + 0.007*"common" + 0.006*"community" + 0.006*"rent" + 0.006*"free" + 0.005*"lost"
2018-08-28 05:29:47,899 : INFO : topic diff=0.007958, rho=0.141421
2018-08-28 05:29:57,962 : INFO : -8.356 per-word bound, 327.6 perplexity estimate based on a held-out corpus of 4623 documents with 2290604 words
2018-08-28 05:29:57,963 : INFO : PROGRESS: pass 49, at document #4623/4623
2018-08-28 05:30:03,417 : INFO : topic #5 (0.033): 0.013*"cp" + 0.012*"child" + 0.011*"eth" + 0.011*"vitalik" + 0.006*"people" + 0.005*"he" + 0.005*"porn" + 0.005*"pedo" + 0.004*"fucking" + 0.003*"possession"
2018-08-28 05:30:03,419 : INFO : topic #0 (0.033): 0.026*"btc" + 0.016*"bitcoin" + 0.014*"bch" + 0.011*"going" + 0.009*"buy" + 0.008*"back" + 0.008*"fucking" + 0.007*"go" + 0.007*"get" + 0.007*"like"
2018-08-28 05:30:03,420 : INFO : topic #13 (0.033): 0.011*"deranged" + 0.010*"linkie" + 0.009*"linkies" + 0.007*"contract" + 0.007*"surely" + 0.007*"common" + 0.006*"community" + 0.006*"rent" + 0.006*"free" + 0.005*"lost"
2018-08-28 05:30:03,422 : INFO : topic #4 (0.033): 0.003*"contract" + 0.003*"pepe" + 0.003*"blink" + 0.002*"address" + 0.002*"gas" + 0.002*"bot" + 0.002*"fat" + 0.001*"minereum" + 0.001*"sex" + 0.001*"porn"
2018-08-28 05:30:03,423 : INFO : topic #7 (0.033): 0.013*"city" + 0.003*"place" + 0.002*"live" + 0.002*"la" + 0.002*"culture" + 0.002*"tokyo" + 0.002*"london" + 0.002*"weather" + 0.002*"york" + 0.001*"south"
2018-08-28 05:30:03,426 : INFO : topic diff=0.007696, rho=0.140028
2018-08-28 05:30:13,510 : INFO : -8.355 per-word bound, 327.5 perplexity estimate based on a held-out corpus of 4623 documents with 2290604 words
2018-08-28 05:30:13,510 : INFO : PROGRESS: pass 50, at document #4623/4623
2018-08-28 05:30:18,994 : INFO : topic #0 (0.033): 0.026*"btc" + 0.016*"bitcoin" + 0.014*"bch" + 0.011*"going" + 0.009*"buy" + 0.008*"back" + 0.008*"fucking" + 0.007*"go" + 0.007*"get" + 0.007*"like"
2018-08-28 05:30:18,996 : INFO : topic #17 (0.033): 0.036*"roll" + 0.019*"quad" + 0.018*"dub" + 0.015*"rolling" + 0.012*"please" + 0.011*"trip" + 0.009*"god" + 0.009*"op" + 0.008*"rollin" + 0.008*"oh"
2018-08-28 05:30:18,997 : INFO : topic #8 (0.033): 0.012*"buy" + 0.010*"coin" + 0.009*"im" + 0.008*"fucking" + 0.008*"get" + 0.008*"like" + 0.008*"going" + 0.007*"fuck" + 0.006*"shit" + 0.006*"sell"
2018-08-28 05:30:18,999 : INFO : topic #19 (0.033): 0.012*"get" + 0.011*"like" + 0.009*"im" + 0.009*"money" + 0.008*"make" + 0.006*"year" + 0.006*"people" + 0.006*"want" + 0.006*"would" + 0.005*"good"
2018-08-28 05:30:19,000 : INFO : topic #7 (0.033): 0.013*"city" + 0.003*"place" + 0.002*"live" + 0.002*"la" + 0.002*"culture" + 0.002*"tokyo" + 0.002*"london" + 0.002*"weather" + 0.002*"york" + 0.001*"south"
2018-08-28 05:30:19,004 : INFO : topic diff=0.007442, rho=0.138675
2018-08-28 05:30:29,169 : INFO : -8.355 per-word bound, 327.4 perplexity estimate based on a held-out corpus of 4623 documents with 2290604 words
2018-08-28 05:30:29,170 : INFO : PROGRESS: pass 51, at document #4623/4623
2018-08-28 05:30:34,614 : INFO : topic #8 (0.033): 0.012*"buy" + 0.010*"coin" + 0.009*"im" + 0.008*"fucking" + 0.008*"get" + 0.008*"like" + 0.008*"going" + 0.007*"fuck" + 0.006*"shit" + 0.006*"sell"
2018-08-28 05:30:34,623 : INFO : topic #2 (0.033): 0.009*"token" + 0.007*"coin" + 0.006*"product" + 0.005*"get" + 0.004*"ico" + 0.004*"would" + 0.004*"like" + 0.004*"project" + 0.004*"use" + 0.004*"wabi"
2018-08-28 05:30:34,626 : INFO : topic #1 (0.033): 0.003*"btx" + 0.002*"romania" + 0.002*"morocco" + 0.001*"moroccan" + 0.001*"bitcore" + 0.001*"zrx" + 0.001*"sachs" + 0.001*"goldman" + 0.001*"hungary" + 0.001*"interconnect"
2018-08-28 05:30:34,627 : INFO : topic #27 (0.033): 0.029*"contract" + 0.021*"smart" + 0.018*"data" + 0.008*"use" + 0.007*"oracle" + 0.006*"blockchain" + 0.004*"eth" + 0.004*"real" + 0.003*"case" + 0.003*"trustless"
2018-08-28 05:30:34,631 : INFO : topic diff=0.007199, rho=0.137361
2018-08-28 05:30:44,787 : INFO : -8.354 per-word bound, 327.3 perplexity estimate based on a held-out corpus of 4623 documents with 2290604 words
2018-08-28 05:30:44,788 : INFO : PROGRESS: pass 52, at document #4623/4623
2018-08-28 05:30:50,259 : INFO : topic #29 (0.033): 0.011*"buy" + 0.010*"btc" + 0.009*"im" + 0.009*"like" + 0.008*"money" + 0.007*"get" + 0.007*"trade" + 0.006*"coin" + 0.006*"go" + 0.006*"time"
2018-08-28 05:30:50,261 : INFO : topic #25 (0.033): 0.019*"tether" + 0.016*"tax" + 0.010*"crypto" + 0.009*"exchange" + 0.008*"money" + 0.008*"pay" + 0.007*"bitfinex" + 0.007*"usd" + 0.007*"cash" + 0.007*"fiat"
2018-08-28 05:30:50,263 : INFO : topic #11 (0.033): 0.039*"link" + 0.008*"chainlink" + 0.007*"like" + 0.006*"token" + 0.006*"would" + 0.006*"go" + 0.005*"get" + 0.005*"even" + 0.005*"swift" + 0.005*"make"
2018-08-28 05:30:50,264 : INFO : topic #0 (0.033): 0.026*"btc" + 0.016*"bitcoin" + 0.014*"bch" + 0.011*"going" + 0.009*"buy" + 0.008*"back" + 0.008*"fucking" + 0.007*"go" + 0.007*"get" + 0.007*"like"
2018-08-28 05:30:50,266 : INFO : topic #6 (0.033): 0.003*"neutrality" + 0.002*"net" + 0.002*"modafinil" + 0.002*"gpu" + 0.002*"adderall" + 0.002*"isps" + 0.002*"company" + 0.002*"site" + 0.002*"paypal" + 0.002*"government"
2018-08-28 05:30:50,269 : INFO : topic diff=0.006965, rho=0.136083
2018-08-28 05:31:00,474 : INFO : -8.354 per-word bound, 327.2 perplexity estimate based on a held-out corpus of 4623 documents with 2290604 words
2018-08-28 05:31:00,474 : INFO : PROGRESS: pass 53, at document #4623/4623
2018-08-28 05:31:06,079 : INFO : topic #3 (0.033): 0.015*"fomo" + 0.007*"la" + 0.004*"cock" + 0.003*"poll" + 0.002*"not" + 0.002*"remove" + 0.002*"tuna" + 0.002*"emotion" + 0.002*"egg" + 0.001*"aaaaaaaaa"
2018-08-28 05:31:06,080 : INFO : topic #13 (0.033): 0.012*"deranged" + 0.010*"linkie" + 0.009*"linkies" + 0.007*"contract" + 0.007*"surely" + 0.007*"common" + 0.006*"community" + 0.006*"rent" + 0.006*"free" + 0.005*"lost"
2018-08-28 05:31:06,081 : INFO : topic #20 (0.033): 0.021*"btc" + 0.018*"bch" + 0.017*"bitcoin" + 0.007*"people" + 0.007*"transaction" + 0.006*"would" + 0.006*"like" + 0.006*"miner" + 0.006*"get" + 0.005*"block"
2018-08-28 05:31:06,083 : INFO : topic #1 (0.033): 0.003*"btx" + 0.002*"romania" + 0.002*"morocco" + 0.001*"moroccan" + 0.001*"bitcore" + 0.001*"zrx" + 0.001*"sachs" + 0.001*"goldman" + 0.001*"hungary" + 0.001*"interconnect"
2018-08-28 05:31:06,085 : INFO : topic #11 (0.033): 0.039*"link" + 0.008*"chainlink" + 0.007*"like" + 0.006*"token" + 0.006*"would" + 0.006*"go" + 0.005*"get" + 0.005*"even" + 0.005*"swift" + 0.005*"make"
2018-08-28 05:31:06,088 : INFO : topic diff=0.006745, rho=0.134840
2018-08-28 05:31:16,122 : INFO : -8.353 per-word bound, 327.1 perplexity estimate based on a held-out corpus of 4623 documents with 2290604 words
2018-08-28 05:31:16,122 : INFO : PROGRESS: pass 54, at document #4623/4623
2018-08-28 05:31:21,555 : INFO : topic #11 (0.033): 0.039*"link" + 0.008*"chainlink" + 0.007*"like" + 0.006*"token" + 0.006*"would" + 0.006*"go" + 0.005*"get" + 0.005*"even" + 0.005*"swift" + 0.005*"make"
2018-08-28 05:31:21,557 : INFO : topic #21 (0.033): 0.044*"sage" + 0.005*"hst" + 0.003*"coin" + 0.002*"un" + 0.002*"market" + 0.002*"casino" + 0.001*"product" + 0.001*"fun" + 0.001*"nation" + 0.001*"good"
2018-08-28 05:31:21,558 : INFO : topic #3 (0.033): 0.015*"fomo" + 0.007*"la" + 0.004*"cock" + 0.003*"poll" + 0.002*"not" + 0.002*"remove" + 0.002*"tuna" + 0.002*"emotion" + 0.002*"egg" + 0.001*"aaaaaaaaa"
2018-08-28 05:31:21,559 : INFO : topic #9 (0.033): 0.016*"req" + 0.009*"omg" + 0.006*"request" + 0.006*"like" + 0.006*"even" + 0.005*"use" + 0.005*"one" + 0.004*"company" + 0.004*"product" + 0.004*"think"
2018-08-28 05:31:21,561 : INFO : topic #0 (0.033): 0.026*"btc" + 0.016*"bitcoin" + 0.014*"bch" + 0.011*"going" + 0.009*"buy" + 0.008*"back" + 0.008*"fucking" + 0.007*"go" + 0.007*"get" + 0.007*"like"
2018-08-28 05:31:21,564 : INFO : topic diff=0.006533, rho=0.133631
2018-08-28 05:31:31,485 : INFO : -8.353 per-word bound, 327.0 perplexity estimate based on a held-out corpus of 4623 documents with 2290604 words
2018-08-28 05:31:31,487 : INFO : PROGRESS: pass 55, at document #4623/4623
2018-08-28 05:31:37,159 : INFO : topic #9 (0.033): 0.016*"req" + 0.009*"omg" + 0.006*"request" + 0.006*"like" + 0.006*"even" + 0.005*"use" + 0.005*"one" + 0.004*"company" + 0.004*"product" + 0.004*"think"
2018-08-28 05:31:37,161 : INFO : topic #11 (0.033): 0.039*"link" + 0.008*"chainlink" + 0.007*"like" + 0.006*"token" + 0.006*"would" + 0.006*"go" + 0.005*"get" + 0.005*"even" + 0.005*"swift" + 0.005*"make"
2018-08-28 05:31:37,162 : INFO : topic #5 (0.033): 0.013*"cp" + 0.012*"child" + 0.012*"eth" + 0.011*"vitalik" + 0.006*"people" + 0.005*"he" + 0.005*"porn" + 0.005*"pedo" + 0.004*"fucking" + 0.003*"possession"
2018-08-28 05:31:37,163 : INFO : topic #21 (0.033): 0.044*"sage" + 0.005*"hst" + 0.003*"coin" + 0.002*"un" + 0.002*"market" + 0.002*"casino" + 0.001*"product" + 0.001*"fun" + 0.001*"nation" + 0.001*"funfair"
2018-08-28 05:31:37,165 : INFO : topic #2 (0.033): 0.009*"token" + 0.007*"coin" + 0.006*"product" + 0.005*"get" + 0.004*"ico" + 0.004*"would" + 0.004*"like" + 0.004*"wabi" + 0.004*"project" + 0.004*"use"
2018-08-28 05:31:37,169 : INFO : topic diff=0.006329, rho=0.132453
2018-08-28 05:31:47,234 : INFO : -8.353 per-word bound, 326.9 perplexity estimate based on a held-out corpus of 4623 documents with 2290604 words
2018-08-28 05:31:47,234 : INFO : PROGRESS: pass 56, at document #4623/4623
2018-08-28 05:31:52,689 : INFO : topic #15 (0.033): 0.023*"credit" + 0.021*"salt" + 0.018*"rcn" + 0.016*"loan" + 0.014*"platform" + 0.013*"application" + 0.011*"token" + 0.007*"blockchain" + 0.006*"ripio" + 0.006*"lending"
2018-08-28 05:31:52,691 : INFO : topic #18 (0.033): 0.013*"coin" + 0.008*"buy" + 0.008*"token" + 0.007*"get" + 0.007*"ico" + 0.006*"like" + 0.006*"one" + 0.005*"going" + 0.005*"market" + 0.005*"project"
2018-08-28 05:31:52,693 : INFO : topic #0 (0.033): 0.026*"btc" + 0.016*"bitcoin" + 0.014*"bch" + 0.011*"going" + 0.009*"buy" + 0.008*"back" + 0.008*"fucking" + 0.007*"go" + 0.007*"get" + 0.007*"like"
2018-08-28 05:31:52,694 : INFO : topic #3 (0.033): 0.015*"fomo" + 0.007*"la" + 0.004*"cock" + 0.003*"poll" + 0.002*"not" + 0.002*"remove" + 0.002*"tuna" + 0.002*"emotion" + 0.002*"egg" + 0.001*"aaaaaaaaa"
2018-08-28 05:31:52,695 : INFO : topic #26 (0.033): 0.012*"wallet" + 0.009*"people" + 0.008*"get" + 0.006*"fucking" + 0.006*"like" + 0.006*"address" + 0.006*"one" + 0.005*"would" + 0.005*"scam" + 0.005*"want"
2018-08-28 05:31:52,698 : INFO : topic diff=0.006139, rho=0.131306
2018-08-28 05:32:03,057 : INFO : -8.352 per-word bound, 326.8 perplexity estimate based on a held-out corpus of 4623 documents with 2290604 words
2018-08-28 05:32:03,058 : INFO : PROGRESS: pass 57, at document #4623/4623
2018-08-28 05:32:08,725 : INFO : topic #7 (0.033): 0.013*"city" + 0.003*"place" + 0.002*"live" + 0.002*"la" + 0.002*"culture" + 0.002*"tokyo" + 0.002*"london" + 0.002*"weather" + 0.002*"york" + 0.001*"south"
2018-08-28 05:32:08,728 : INFO : topic #5 (0.033): 0.013*"cp" + 0.012*"child" + 0.012*"eth" + 0.011*"vitalik" + 0.006*"people" + 0.006*"he" + 0.005*"porn" + 0.005*"pedo" + 0.004*"fucking" + 0.003*"possession"
2018-08-28 05:32:08,730 : INFO : topic #15 (0.033): 0.023*"credit" + 0.021*"salt" + 0.018*"rcn" + 0.016*"loan" + 0.014*"platform" + 0.013*"application" + 0.011*"token" + 0.007*"blockchain" + 0.006*"ripio" + 0.006*"lending"
2018-08-28 05:32:08,731 : INFO : topic #17 (0.033): 0.037*"roll" + 0.019*"quad" + 0.018*"dub" + 0.015*"rolling" + 0.012*"please" + 0.011*"trip" + 0.010*"op" + 0.010*"god" + 0.008*"rollin" + 0.008*"oh"
2018-08-28 05:32:08,732 : INFO : topic #21 (0.033): 0.044*"sage" + 0.005*"hst" + 0.003*"coin" + 0.002*"un" + 0.002*"casino" + 0.002*"market" + 0.001*"product" + 0.001*"fun" + 0.001*"nation" + 0.001*"funfair"
2018-08-28 05:32:08,735 : INFO : topic diff=0.005959, rho=0.130189
2018-08-28 05:32:18,831 : INFO : -8.352 per-word bound, 326.7 perplexity estimate based on a held-out corpus of 4623 documents with 2290604 words
2018-08-28 05:32:18,833 : INFO : PROGRESS: pass 58, at document #4623/4623
2018-08-28 05:32:24,299 : INFO : topic #6 (0.033): 0.003*"neutrality" + 0.002*"modafinil" + 0.002*"net" + 0.002*"adderall" + 0.002*"gpu" + 0.002*"isps" + 0.002*"site" + 0.002*"company" + 0.002*"paypal" + 0.002*"netflix"
2018-08-28 05:32:24,300 : INFO : topic #23 (0.033): 0.062*"die" + 0.019*"mommy" + 0.005*"du" + 0.004*"10k" + 0.004*"und" + 0.003*"da" + 0.003*"germany" + 0.003*"nicht" + 0.003*"ich" + 0.002*"der"
2018-08-28 05:32:24,302 : INFO : topic #7 (0.033): 0.013*"city" + 0.003*"place" + 0.002*"live" + 0.002*"la" + 0.002*"culture" + 0.002*"tokyo" + 0.002*"london" + 0.002*"weather" + 0.002*"york" + 0.001*"south"
2018-08-28 05:32:24,303 : INFO : topic #4 (0.033): 0.003*"pepe" + 0.003*"contract" + 0.003*"blink" + 0.002*"gas" + 0.002*"bot" + 0.002*"address" + 0.002*"fat" + 0.001*"minereum" + 0.001*"porn" + 0.001*"frog"
2018-08-28 05:32:24,304 : INFO : topic #8 (0.033): 0.012*"buy" + 0.010*"coin" + 0.009*"im" + 0.008*"fucking" + 0.008*"get" + 0.008*"like" + 0.008*"going" + 0.007*"fuck" + 0.007*"shit" + 0.006*"sell"
2018-08-28 05:32:24,308 : INFO : topic diff=0.005790, rho=0.129099
2018-08-28 05:32:34,446 : INFO : -8.351 per-word bound, 326.6 perplexity estimate based on a held-out corpus of 4623 documents with 2290604 words
2018-08-28 05:32:34,447 : INFO : PROGRESS: pass 59, at document #4623/4623
2018-08-28 05:32:39,837 : INFO : topic #22 (0.033): 0.005*"music" + 0.003*"jew" + 0.003*"pajeet" + 0.003*"gab" + 0.002*"brooke" + 0.002*"indian" + 0.002*"card" + 0.002*"nigger" + 0.002*"fucking" + 0.002*"people"
2018-08-28 05:32:39,841 : INFO : topic #27 (0.033): 0.030*"contract" + 0.021*"smart" + 0.019*"data" + 0.008*"use" + 0.007*"oracle" + 0.005*"blockchain" + 0.004*"real" + 0.004*"eth" + 0.003*"trustless" + 0.003*"case"
2018-08-28 05:32:39,842 : INFO : topic #18 (0.033): 0.013*"coin" + 0.008*"buy" + 0.008*"token" + 0.007*"get" + 0.007*"ico" + 0.006*"like" + 0.006*"one" + 0.005*"project" + 0.005*"market" + 0.005*"going"
2018-08-28 05:32:39,844 : INFO : topic #28 (0.033): 0.005*"1" + 0.004*"gang" + 0.002*"node" + 0.002*"obsidian" + 0.002*"progress" + 0.002*"odn" + 0.002*"net" + 0.001*"neutrality" + 0.001*"development" + 0.001*"future"
2018-08-28 05:32:39,846 : INFO : topic #6 (0.033): 0.003*"neutrality" + 0.002*"modafinil" + 0.002*"net" + 0.002*"adderall" + 0.002*"gpu" + 0.002*"isps" + 0.002*"site" + 0.002*"company" + 0.002*"paypal" + 0.002*"netflix"
2018-08-28 05:32:39,849 : INFO : topic diff=0.005626, rho=0.128037
2018-08-28 05:32:49,951 : INFO : -8.351 per-word bound, 326.5 perplexity estimate based on a held-out corpus of 4623 documents with 2290604 words
2018-08-28 05:32:49,951 : INFO : PROGRESS: pass 60, at document #4623/4623
2018-08-28 05:32:55,396 : INFO : topic #12 (0.033): 0.023*"monero" + 0.015*"xmr" + 0.015*"iota" + 0.010*"coin" + 0.010*"eth" + 0.005*"wallet" + 0.005*"im" + 0.005*"make" + 0.005*"privacy" + 0.005*"btc"
2018-08-28 05:32:55,399 : INFO : topic #28 (0.033): 0.005*"1" + 0.004*"gang" + 0.002*"node" + 0.002*"obsidian" + 0.002*"progress" + 0.002*"odn" + 0.002*"net" + 0.001*"neutrality" + 0.001*"development" + 0.001*"future"
2018-08-28 05:32:55,401 : INFO : topic #19 (0.033): 0.012*"get" + 0.011*"like" + 0.009*"im" + 0.009*"money" + 0.008*"make" + 0.006*"people" + 0.006*"year" + 0.006*"want" + 0.006*"would" + 0.005*"good"
2018-08-28 05:32:55,402 : INFO : topic #21 (0.033): 0.045*"sage" + 0.005*"hst" + 0.002*"coin" + 0.002*"un" + 0.002*"casino" + 0.002*"market" + 0.001*"product" + 0.001*"nation" + 0.001*"fun" + 0.001*"funfair"
2018-08-28 05:32:55,403 : INFO : topic #17 (0.033): 0.038*"roll" + 0.019*"quad" + 0.018*"dub" + 0.015*"rolling" + 0.012*"please" + 0.011*"trip" + 0.011*"op" + 0.010*"god" + 0.008*"rollin" + 0.008*"oh"
2018-08-28 05:32:55,407 : INFO : topic diff=0.005472, rho=0.127000
2018-08-28 05:33:06,356 : INFO : -8.350 per-word bound, 326.4 perplexity estimate based on a held-out corpus of 4623 documents with 2290604 words
2018-08-28 05:33:06,357 : INFO : PROGRESS: pass 61, at document #4623/4623
2018-08-28 05:33:12,285 : INFO : topic #11 (0.033): 0.039*"link" + 0.008*"chainlink" + 0.007*"like" + 0.007*"token" + 0.006*"would" + 0.005*"go" + 0.005*"even" + 0.005*"get" + 0.005*"swift" + 0.005*"make"
2018-08-28 05:33:12,286 : INFO : topic #27 (0.033): 0.030*"contract" + 0.021*"smart" + 0.019*"data" + 0.008*"use" + 0.007*"oracle" + 0.005*"blockchain" + 0.004*"real" + 0.004*"eth" + 0.003*"trustless" + 0.003*"case"
2018-08-28 05:33:12,288 : INFO : topic #20 (0.033): 0.021*"btc" + 0.018*"bch" + 0.017*"bitcoin" + 0.007*"people" + 0.007*"transaction" + 0.006*"would" + 0.006*"like" + 0.006*"miner" + 0.005*"get" + 0.005*"block"
2018-08-28 05:33:12,289 : INFO : topic #22 (0.033): 0.005*"music" + 0.003*"jew" + 0.003*"pajeet" + 0.003*"gab" + 0.002*"brooke" + 0.002*"indian" + 0.002*"card" + 0.002*"nigger" + 0.002*"rap" + 0.002*"fucking"
2018-08-28 05:33:12,290 : INFO : topic #7 (0.033): 0.013*"city" + 0.003*"place" + 0.002*"live" + 0.002*"la" + 0.002*"culture" + 0.002*"tokyo" + 0.002*"london" + 0.002*"weather" + 0.002*"york" + 0.001*"singapore"
2018-08-28 05:33:12,294 : INFO : topic diff=0.005319, rho=0.125988
2018-08-28 05:33:22,374 : INFO : -8.350 per-word bound, 326.3 perplexity estimate based on a held-out corpus of 4623 documents with 2290604 words
2018-08-28 05:33:22,374 : INFO : PROGRESS: pass 62, at document #4623/4623
2018-08-28 05:33:27,863 : INFO : topic #2 (0.033): 0.008*"token" + 0.007*"coin" + 0.006*"product" + 0.004*"get" + 0.004*"ico" + 0.004*"would" + 0.004*"wabi" + 0.004*"ha" + 0.004*"use" + 0.004*"project"
2018-08-28 05:33:27,864 : INFO : topic #24 (0.033): 0.001*"anime" + 0.001*"pleb" + 0.001*"porsche" + 0.001*"taste" + 0.001*"kin" + 0.001*"911" + 0.001*"porsches" + 0.001*"rx7" + 0.001*"kik" + 0.001*"countach"
2018-08-28 05:33:27,866 : INFO : topic #27 (0.033): 0.030*"contract" + 0.021*"smart" + 0.019*"data" + 0.008*"use" + 0.007*"oracle" + 0.005*"blockchain" + 0.004*"real" + 0.004*"eth" + 0.003*"trustless" + 0.003*"case"
2018-08-28 05:33:27,867 : INFO : topic #6 (0.033): 0.003*"neutrality" + 0.002*"modafinil" + 0.002*"net" + 0.002*"adderall" + 0.002*"gpu" + 0.002*"isps" + 0.002*"site" + 0.002*"company" + 0.002*"paypal" + 0.002*"netflix"
2018-08-28 05:33:27,868 : INFO : topic #29 (0.033): 0.011*"buy" + 0.010*"btc" + 0.009*"im" + 0.009*"like" + 0.008*"money" + 0.007*"get" + 0.007*"trade" + 0.006*"coin" + 0.006*"go" + 0.006*"make"
2018-08-28 05:33:27,871 : INFO : topic diff=0.005179, rho=0.125000
2018-08-28 05:33:37,954 : INFO : -8.350 per-word bound, 326.2 perplexity estimate based on a held-out corpus of 4623 documents with 2290604 words
2018-08-28 05:33:37,955 : INFO : PROGRESS: pass 63, at document #4623/4623
2018-08-28 05:33:43,359 : INFO : topic #10 (0.033): 0.009*"like" + 0.006*"get" + 0.006*"money" + 0.006*"ark" + 0.006*"people" + 0.006*"im" + 0.005*"crypto" + 0.005*"even" + 0.005*"make" + 0.005*"year"
2018-08-28 05:33:43,361 : INFO : topic #15 (0.033): 0.023*"credit" + 0.021*"salt" + 0.019*"rcn" + 0.016*"loan" + 0.014*"platform" + 0.013*"application" + 0.010*"token" + 0.007*"blockchain" + 0.006*"ripio" + 0.006*"lending"
2018-08-28 05:33:43,362 : INFO : topic #21 (0.033): 0.045*"sage" + 0.005*"hst" + 0.002*"un" + 0.002*"coin" + 0.002*"casino" + 0.002*"market" + 0.001*"product" + 0.001*"nation" + 0.001*"fun" + 0.001*"funfair"
2018-08-28 05:33:43,364 : INFO : topic #12 (0.033): 0.024*"monero" + 0.015*"xmr" + 0.015*"iota" + 0.010*"coin" + 0.010*"eth" + 0.005*"wallet" + 0.005*"im" + 0.005*"privacy" + 0.005*"make" + 0.005*"btc"
2018-08-28 05:33:43,366 : INFO : topic #22 (0.033): 0.005*"music" + 0.003*"jew" + 0.003*"pajeet" + 0.003*"gab" + 0.002*"brooke" + 0.002*"indian" + 0.002*"card" + 0.002*"nigger" + 0.002*"rap" + 0.002*"american"
2018-08-28 05:33:43,369 : INFO : topic diff=0.005039, rho=0.124035
2018-08-28 05:33:53,574 : INFO : -8.349 per-word bound, 326.1 perplexity estimate based on a held-out corpus of 4623 documents with 2290604 words
2018-08-28 05:33:53,576 : INFO : PROGRESS: pass 64, at document #4623/4623
2018-08-28 05:33:58,996 : INFO : topic #24 (0.033): 0.001*"anime" + 0.001*"pleb" + 0.001*"porsche" + 0.001*"taste" + 0.001*"kin" + 0.001*"911" + 0.001*"porsches" + 0.001*"rx7" + 0.001*"kik" + 0.001*"countach"
2018-08-28 05:33:58,998 : INFO : topic #12 (0.033): 0.024*"monero" + 0.015*"xmr" + 0.015*"iota" + 0.010*"coin" + 0.010*"eth" + 0.005*"wallet" + 0.005*"im" + 0.005*"privacy" + 0.005*"make" + 0.005*"btc"
2018-08-28 05:33:58,999 : INFO : topic #29 (0.033): 0.011*"buy" + 0.010*"btc" + 0.009*"im" + 0.009*"like" + 0.008*"money" + 0.007*"get" + 0.007*"trade" + 0.006*"coin" + 0.006*"go" + 0.006*"make"
2018-08-28 05:33:59,000 : INFO : topic #16 (0.033): 0.037*"chancoin" + 0.012*"stock" + 0.008*"going" + 0.007*"get" + 0.006*"like" + 0.006*"buy" + 0.006*"im" + 0.005*"today" + 0.004*"good" + 0.004*"company"
2018-08-28 05:33:59,002 : INFO : topic #9 (0.033): 0.017*"req" + 0.010*"omg" + 0.007*"request" + 0.006*"like" + 0.006*"even" + 0.005*"use" + 0.005*"one" + 0.004*"company" + 0.004*"payment" + 0.004*"product"
2018-08-28 05:33:59,005 : INFO : topic diff=0.004908, rho=0.123091
2018-08-28 05:34:09,025 : INFO : -8.349 per-word bound, 326.1 perplexity estimate based on a held-out corpus of 4623 documents with 2290604 words
2018-08-28 05:34:09,025 : INFO : PROGRESS: pass 65, at document #4623/4623
2018-08-28 05:34:14,403 : INFO : topic #19 (0.033): 0.012*"get" + 0.011*"like" + 0.009*"im" + 0.009*"money" + 0.008*"make" + 0.006*"people" + 0.006*"year" + 0.006*"want" + 0.006*"would" + 0.005*"good"
2018-08-28 05:34:14,406 : INFO : topic #12 (0.033): 0.024*"monero" + 0.015*"xmr" + 0.015*"iota" + 0.010*"coin" + 0.010*"eth" + 0.005*"wallet" + 0.005*"privacy" + 0.005*"im" + 0.005*"make" + 0.005*"btc"
2018-08-28 05:34:14,407 : INFO : topic #17 (0.033): 0.038*"roll" + 0.019*"quad" + 0.019*"dub" + 0.015*"rolling" + 0.012*"please" + 0.011*"trip" + 0.011*"op" + 0.010*"god" + 0.009*"rollin" + 0.008*"oh"
2018-08-28 05:34:14,409 : INFO : topic #25 (0.033): 0.019*"tether" + 0.016*"tax" + 0.010*"crypto" + 0.009*"exchange" + 0.009*"money" + 0.008*"pay" + 0.007*"bitfinex" + 0.007*"usd" + 0.007*"cash" + 0.007*"fiat"
2018-08-28 05:34:14,410 : INFO : topic #28 (0.033): 0.005*"1" + 0.004*"gang" + 0.002*"node" + 0.002*"obsidian" + 0.002*"progress" + 0.002*"odn" + 0.002*"net" + 0.001*"neutrality" + 0.001*"development" + 0.001*"future"
2018-08-28 05:34:14,414 : INFO : topic diff=0.004786, rho=0.122169
2018-08-28 05:34:24,481 : INFO : -8.349 per-word bound, 326.0 perplexity estimate based on a held-out corpus of 4623 documents with 2290604 words
2018-08-28 05:34:24,486 : INFO : PROGRESS: pass 66, at document #4623/4623
2018-08-28 05:34:29,955 : INFO : topic #19 (0.033): 0.012*"get" + 0.011*"like" + 0.009*"im" + 0.009*"money" + 0.008*"make" + 0.006*"people" + 0.006*"year" + 0.006*"want" + 0.006*"would" + 0.005*"good"
2018-08-28 05:34:29,957 : INFO : topic #0 (0.033): 0.027*"btc" + 0.016*"bitcoin" + 0.014*"bch" + 0.011*"going" + 0.009*"buy" + 0.008*"fucking" + 0.008*"back" + 0.007*"go" + 0.007*"get" + 0.007*"like"
2018-08-28 05:34:29,958 : INFO : topic #28 (0.033): 0.005*"1" + 0.004*"gang" + 0.002*"node" + 0.002*"obsidian" + 0.002*"progress" + 0.002*"odn" + 0.002*"net" + 0.001*"neutrality" + 0.001*"development" + 0.001*"future"
2018-08-28 05:34:29,960 : INFO : topic #6 (0.033): 0.003*"neutrality" + 0.002*"modafinil" + 0.002*"net" + 0.002*"adderall" + 0.002*"gpu" + 0.002*"isps" + 0.002*"site" + 0.002*"company" + 0.002*"paypal" + 0.002*"netflix"
2018-08-28 05:34:29,961 : INFO : topic #17 (0.033): 0.038*"roll" + 0.019*"quad" + 0.019*"dub" + 0.015*"rolling" + 0.012*"please" + 0.011*"trip" + 0.011*"op" + 0.010*"god" + 0.009*"rollin" + 0.008*"oh"
2018-08-28 05:34:29,964 : INFO : topic diff=0.004665, rho=0.121268
2018-08-28 05:34:39,969 : INFO : -8.348 per-word bound, 325.9 perplexity estimate based on a held-out corpus of 4623 documents with 2290604 words
2018-08-28 05:34:39,969 : INFO : PROGRESS: pass 67, at document #4623/4623
2018-08-28 05:34:45,356 : INFO : topic #27 (0.033): 0.031*"contract" + 0.021*"smart" + 0.019*"data" + 0.008*"use" + 0.007*"oracle" + 0.005*"blockchain" + 0.004*"real" + 0.004*"eth" + 0.003*"trustless" + 0.003*"case"
2018-08-28 05:34:45,358 : INFO : topic #1 (0.033): 0.003*"btx" + 0.002*"romania" + 0.002*"morocco" + 0.001*"moroccan" + 0.001*"bitcore" + 0.001*"zrx" + 0.001*"sachs" + 0.001*"goldman" + 0.001*"interconnect" + 0.001*"hungary"
2018-08-28 05:34:45,381 : INFO : topic #29 (0.033): 0.011*"buy" + 0.010*"btc" + 0.010*"im" + 0.009*"like" + 0.008*"money" + 0.007*"get" + 0.007*"trade" + 0.006*"coin" + 0.006*"go" + 0.006*"make"
2018-08-28 05:34:45,383 : INFO : topic #17 (0.033): 0.038*"roll" + 0.019*"quad" + 0.019*"dub" + 0.015*"rolling" + 0.012*"please" + 0.011*"trip" + 0.011*"op" + 0.010*"god" + 0.009*"rollin" + 0.008*"oh"
2018-08-28 05:34:45,387 : INFO : topic diff=0.004551, rho=0.120386
2018-08-28 05:34:55,559 : INFO : -8.348 per-word bound, 325.8 perplexity estimate based on a held-out corpus of 4623 documents with 2290604 words
2018-08-28 05:34:55,560 : INFO : PROGRESS: pass 68, at document #4623/4623
2018-08-28 05:35:01,000 : INFO : topic #20 (0.033): 0.021*"btc" + 0.018*"bch" + 0.017*"bitcoin" + 0.007*"people" + 0.007*"transaction" + 0.006*"would" + 0.006*"miner" + 0.006*"like" + 0.005*"get" + 0.005*"block"
2018-08-28 05:35:01,001 : INFO : topic #21 (0.033): 0.046*"sage" + 0.005*"hst" + 0.002*"un" + 0.002*"casino" + 0.002*"coin" + 0.001*"market" + 0.001*"nation" + 0.001*"fun" + 0.001*"product" + 0.001*"funfair"
2018-08-28 05:35:01,003 : INFO : topic #22 (0.033): 0.005*"music" + 0.004*"jew" + 0.003*"gab" + 0.003*"pajeet" + 0.002*"brooke" + 0.002*"indian" + 0.002*"card" + 0.002*"nigger" + 0.002*"rap" + 0.002*"american"
2018-08-28 05:35:01,004 : INFO : topic #27 (0.033): 0.031*"contract" + 0.022*"smart" + 0.019*"data" + 0.008*"use" + 0.007*"oracle" + 0.005*"blockchain" + 0.004*"real" + 0.004*"eth" + 0.003*"trustless" + 0.003*"case"
2018-08-28 05:35:01,006 : INFO : topic #28 (0.033): 0.005*"1" + 0.004*"gang" + 0.002*"node" + 0.002*"obsidian" + 0.002*"progress" + 0.002*"odn" + 0.002*"net" + 0.001*"neutrality" + 0.001*"development" + 0.001*"android"
2018-08-28 05:35:01,009 : INFO : topic diff=0.004440, rho=0.119523
2018-08-28 05:35:11,019 : INFO : -8.348 per-word bound, 325.8 perplexity estimate based on a held-out corpus of 4623 documents with 2290604 words
2018-08-28 05:35:11,020 : INFO : PROGRESS: pass 69, at document #4623/4623
2018-08-28 05:35:16,473 : INFO : topic #19 (0.033): 0.012*"get" + 0.011*"like" + 0.009*"im" + 0.009*"money" + 0.008*"make" + 0.006*"people" + 0.006*"year" + 0.006*"want" + 0.006*"would" + 0.005*"good"
2018-08-28 05:35:16,474 : INFO : topic #25 (0.033): 0.019*"tether" + 0.016*"tax" + 0.010*"crypto" + 0.009*"exchange" + 0.009*"money" + 0.008*"pay" + 0.007*"bitfinex" + 0.007*"usd" + 0.007*"cash" + 0.007*"fiat"
2018-08-28 05:35:16,476 : INFO : topic #16 (0.033): 0.037*"chancoin" + 0.013*"stock" + 0.008*"going" + 0.007*"get" + 0.006*"like" + 0.006*"buy" + 0.006*"im" + 0.005*"today" + 0.004*"good" + 0.004*"company"
2018-08-28 05:35:16,478 : INFO : topic #3 (0.033): 0.015*"fomo" + 0.007*"la" + 0.004*"cock" + 0.003*"poll" + 0.002*"not" + 0.002*"remove" + 0.002*"tuna" + 0.002*"emotion" + 0.002*"egg" + 0.001*"aaaaaaaaa"
2018-08-28 05:35:16,479 : INFO : topic #8 (0.033): 0.012*"buy" + 0.010*"coin" + 0.009*"im" + 0.009*"fucking" + 0.008*"get" + 0.008*"like" + 0.008*"going" + 0.007*"fuck" + 0.007*"shit" + 0.006*"sell"
2018-08-28 05:35:16,483 : INFO : topic diff=0.004332, rho=0.118678
2018-08-28 05:35:26,586 : INFO : -8.347 per-word bound, 325.7 perplexity estimate based on a held-out corpus of 4623 documents with 2290604 words
2018-08-28 05:35:26,587 : INFO : PROGRESS: pass 70, at document #4623/4623
2018-08-28 05:35:32,015 : INFO : topic #24 (0.033): 0.001*"anime" + 0.001*"pleb" + 0.001*"porsche" + 0.001*"taste" + 0.001*"kin" + 0.001*"911" + 0.001*"porsches" + 0.001*"rx7" + 0.001*"kik" + 0.001*"countach"
2018-08-28 05:35:32,023 : INFO : topic #10 (0.033): 0.009*"like" + 0.006*"get" + 0.006*"ark" + 0.006*"money" + 0.006*"people" + 0.005*"im" + 0.005*"crypto" + 0.005*"even" + 0.005*"year" + 0.005*"make"
2018-08-28 05:35:32,025 : INFO : topic #7 (0.033): 0.013*"city" + 0.003*"place" + 0.002*"live" + 0.002*"la" + 0.002*"culture" + 0.002*"tokyo" + 0.002*"london" + 0.002*"weather" + 0.002*"york" + 0.001*"singapore"
2018-08-28 05:35:32,027 : INFO : topic #13 (0.033): 0.012*"deranged" + 0.010*"linkie" + 0.010*"linkies" + 0.007*"contract" + 0.007*"surely" + 0.007*"common" + 0.006*"community" + 0.006*"rent" + 0.006*"free" + 0.006*"lost"
2018-08-28 05:35:32,030 : INFO : topic diff=0.004233, rho=0.117851
2018-08-28 05:35:42,114 : INFO : -8.347 per-word bound, 325.6 perplexity estimate based on a held-out corpus of 4623 documents with 2290604 words
2018-08-28 05:35:42,114 : INFO : PROGRESS: pass 71, at document #4623/4623
2018-08-28 05:35:47,535 : INFO : topic #21 (0.033): 0.046*"sage" + 0.005*"hst" + 0.002*"un" + 0.002*"casino" + 0.002*"coin" + 0.001*"nation" + 0.001*"market" + 0.001*"fun" + 0.001*"product" + 0.001*"funfair"
2018-08-28 05:35:47,536 : INFO : topic #26 (0.033): 0.013*"wallet" + 0.009*"people" + 0.008*"get" + 0.006*"address" + 0.006*"fucking" + 0.006*"like" + 0.006*"one" + 0.006*"scam" + 0.005*"would" + 0.005*"use"
2018-08-28 05:35:47,537 : INFO : topic #20 (0.033): 0.021*"btc" + 0.018*"bch" + 0.017*"bitcoin" + 0.007*"people" + 0.007*"transaction" + 0.006*"would" + 0.006*"miner" + 0.006*"like" + 0.005*"get" + 0.005*"block"
2018-08-28 05:35:47,538 : INFO : topic #29 (0.033): 0.011*"buy" + 0.010*"btc" + 0.010*"im" + 0.009*"like" + 0.008*"money" + 0.007*"get" + 0.007*"trade" + 0.007*"coin" + 0.006*"go" + 0.006*"make"
2018-08-28 05:35:47,540 : INFO : topic #2 (0.033): 0.008*"token" + 0.007*"product" + 0.006*"coin" + 0.004*"wabi" + 0.004*"get" + 0.004*"ha" + 0.004*"ico" + 0.004*"would" + 0.004*"use" + 0.003*"project"
2018-08-28 05:35:47,544 : INFO : topic diff=0.004134, rho=0.117041
2018-08-28 05:35:57,613 : INFO : -8.347 per-word bound, 325.6 perplexity estimate based on a held-out corpus of 4623 documents with 2290604 words
2018-08-28 05:35:57,613 : INFO : PROGRESS: pass 72, at document #4623/4623
2018-08-28 05:36:03,003 : INFO : topic #29 (0.033): 0.011*"buy" + 0.010*"btc" + 0.010*"im" + 0.009*"like" + 0.008*"money" + 0.007*"get" + 0.007*"trade" + 0.007*"coin" + 0.006*"go" + 0.006*"make"
2018-08-28 05:36:03,005 : INFO : topic #9 (0.033): 0.018*"req" + 0.010*"omg" + 0.007*"request" + 0.006*"even" + 0.006*"use" + 0.005*"like" + 0.004*"one" + 0.004*"company" + 0.004*"payment" + 0.004*"product"
2018-08-28 05:36:03,006 : INFO : topic #6 (0.033): 0.003*"neutrality" + 0.002*"modafinil" + 0.002*"net" + 0.002*"adderall" + 0.002*"gpu" + 0.002*"isps" + 0.002*"site" + 0.002*"netflix" + 0.002*"company" + 0.002*"paypal"
2018-08-28 05:36:03,007 : INFO : topic #19 (0.033): 0.012*"get" + 0.011*"like" + 0.009*"im" + 0.009*"money" + 0.008*"make" + 0.006*"people" + 0.006*"year" + 0.006*"want" + 0.006*"would" + 0.005*"good"
2018-08-28 05:36:03,009 : INFO : topic #3 (0.033): 0.015*"fomo" + 0.007*"la" + 0.004*"cock" + 0.003*"poll" + 0.002*"not" + 0.002*"remove" + 0.002*"tuna" + 0.002*"emotion" + 0.002*"egg" + 0.001*"aaaaaaaaa"
2018-08-28 05:36:03,012 : INFO : topic diff=0.004039, rho=0.116248
2018-08-28 05:36:13,007 : INFO : -8.347 per-word bound, 325.5 perplexity estimate based on a held-out corpus of 4623 documents with 2290604 words
2018-08-28 05:36:13,008 : INFO : PROGRESS: pass 73, at document #4623/4623
2018-08-28 05:36:18,400 : INFO : topic #18 (0.033): 0.013*"coin" + 0.008*"token" + 0.008*"buy" + 0.007*"get" + 0.007*"ico" + 0.006*"like" + 0.006*"one" + 0.006*"project" + 0.005*"market" + 0.005*"price"
2018-08-28 05:36:18,402 : INFO : topic #7 (0.033): 0.013*"city" + 0.003*"place" + 0.002*"la" + 0.002*"live" + 0.002*"culture" + 0.002*"tokyo" + 0.002*"london" + 0.002*"weather" + 0.002*"york" + 0.001*"singapore"
2018-08-28 05:36:18,403 : INFO : topic #21 (0.033): 0.046*"sage" + 0.005*"hst" + 0.002*"un" + 0.002*"casino" + 0.002*"coin" + 0.001*"nation" + 0.001*"fun" + 0.001*"funfair" + 0.001*"market" + 0.001*"ad"
2018-08-28 05:36:18,405 : INFO : topic #11 (0.033): 0.040*"link" + 0.008*"chainlink" + 0.007*"like" + 0.007*"token" + 0.006*"would" + 0.005*"go" + 0.005*"even" + 0.005*"swift" + 0.005*"get" + 0.005*"make"
2018-08-28 05:36:18,417 : INFO : topic diff=0.003947, rho=0.115470
2018-08-28 05:36:28,559 : INFO : -8.346 per-word bound, 325.4 perplexity estimate based on a held-out corpus of 4623 documents with 2290604 words
2018-08-28 05:36:28,559 : INFO : PROGRESS: pass 74, at document #4623/4623
2018-08-28 05:36:33,935 : INFO : topic #9 (0.033): 0.018*"req" + 0.010*"omg" + 0.007*"request" + 0.006*"even" + 0.006*"use" + 0.005*"like" + 0.004*"payment" + 0.004*"company" + 0.004*"one" + 0.004*"product"
2018-08-28 05:36:33,936 : INFO : topic #13 (0.033): 0.012*"deranged" + 0.010*"linkie" + 0.010*"linkies" + 0.007*"contract" + 0.007*"surely" + 0.007*"common" + 0.006*"community" + 0.006*"rent" + 0.006*"free" + 0.006*"lost"
2018-08-28 05:36:33,938 : INFO : topic #27 (0.033): 0.031*"contract" + 0.022*"smart" + 0.019*"data" + 0.007*"use" + 0.007*"oracle" + 0.005*"blockchain" + 0.004*"real" + 0.003*"eth" + 0.003*"trustless" + 0.003*"case"
2018-08-28 05:36:33,940 : INFO : topic #28 (0.033): 0.005*"1" + 0.004*"gang" + 0.002*"node" + 0.002*"obsidian" + 0.002*"progress" + 0.002*"odn" + 0.002*"net" + 0.001*"neutrality" + 0.001*"development" + 0.001*"assigned"
2018-08-28 05:36:33,941 : INFO : topic #3 (0.033): 0.015*"fomo" + 0.007*"la" + 0.004*"cock" + 0.003*"poll" + 0.002*"not" + 0.002*"remove" + 0.002*"tuna" + 0.002*"emotion" + 0.002*"egg" + 0.001*"aaaaaaaaa"
2018-08-28 05:36:33,945 : INFO : topic diff=0.003864, rho=0.114708
2018-08-28 05:36:44,088 : INFO : -8.346 per-word bound, 325.4 perplexity estimate based on a held-out corpus of 4623 documents with 2290604 words
2018-08-28 05:36:44,089 : INFO : PROGRESS: pass 75, at document #4623/4623
2018-08-28 05:36:49,560 : INFO : topic #13 (0.033): 0.012*"deranged" + 0.010*"linkie" + 0.010*"linkies" + 0.007*"contract" + 0.007*"surely" + 0.007*"common" + 0.006*"community" + 0.006*"rent" + 0.006*"free" + 0.006*"lost"
2018-08-28 05:36:49,561 : INFO : topic #17 (0.033): 0.039*"roll" + 0.020*"quad" + 0.019*"dub" + 0.016*"rolling" + 0.013*"please" + 0.012*"op" + 0.012*"trip" + 0.010*"god" + 0.009*"rollin" + 0.008*"oh"
2018-08-28 05:36:49,563 : INFO : topic #0 (0.033): 0.027*"btc" + 0.017*"bitcoin" + 0.014*"bch" + 0.011*"going" + 0.009*"buy" + 0.008*"fucking" + 0.008*"back" + 0.007*"go" + 0.007*"get" + 0.007*"like"
2018-08-28 05:36:49,564 : INFO : topic #28 (0.033): 0.005*"1" + 0.004*"gang" + 0.002*"node" + 0.002*"obsidian" + 0.002*"progress" + 0.002*"odn" + 0.002*"net" + 0.001*"neutrality" + 0.001*"development" + 0.001*"assigned"
2018-08-28 05:36:49,566 : INFO : topic #5 (0.033): 0.014*"cp" + 0.014*"child" + 0.013*"eth" + 0.013*"vitalik" + 0.006*"he" + 0.006*"porn" + 0.006*"people" + 0.005*"pedo" + 0.004*"possession" + 0.004*"demand"
2018-08-28 05:36:49,569 : INFO : topic diff=0.003782, rho=0.113961
2018-08-28 05:36:59,626 : INFO : -8.346 per-word bound, 325.3 perplexity estimate based on a held-out corpus of 4623 documents with 2290604 words
2018-08-28 05:36:59,628 : INFO : PROGRESS: pass 76, at document #4623/4623
2018-08-28 05:37:04,757 : INFO : topic #17 (0.033): 0.039*"roll" + 0.020*"quad" + 0.019*"dub" + 0.016*"rolling" + 0.013*"please" + 0.012*"op" + 0.012*"trip" + 0.010*"god" + 0.009*"rollin" + 0.008*"oh"
2018-08-28 05:37:04,758 : INFO : topic #20 (0.033): 0.021*"btc" + 0.018*"bch" + 0.017*"bitcoin" + 0.007*"people" + 0.007*"transaction" + 0.006*"would" + 0.006*"miner" + 0.006*"like" + 0.005*"get" + 0.005*"block"
2018-08-28 05:37:04,760 : INFO : topic #10 (0.033): 0.009*"like" + 0.006*"ark" + 0.006*"get" + 0.006*"money" + 0.006*"people" + 0.005*"im" + 0.005*"crypto" + 0.005*"even" + 0.005*"year" + 0.005*"make"
2018-08-28 05:37:04,761 : INFO : topic #15 (0.033): 0.023*"credit" + 0.022*"salt" + 0.019*"rcn" + 0.017*"loan" + 0.014*"platform" + 0.013*"application" + 0.010*"token" + 0.007*"blockchain" + 0.007*"ripio" + 0.006*"lending"
2018-08-28 05:37:04,763 : INFO : topic #19 (0.033): 0.012*"get" + 0.011*"like" + 0.009*"im" + 0.009*"money" + 0.008*"make" + 0.006*"people" + 0.006*"year" + 0.006*"want" + 0.006*"would" + 0.005*"good"
2018-08-28 05:37:04,766 : INFO : topic diff=0.003699, rho=0.113228
2018-08-28 05:37:17,551 : INFO : -8.345 per-word bound, 325.3 perplexity estimate based on a held-out corpus of 4623 documents with 2290604 words
2018-08-28 05:37:17,552 : INFO : PROGRESS: pass 77, at document #4623/4623
2018-08-28 05:37:24,541 : INFO : topic #13 (0.033): 0.012*"deranged" + 0.010*"linkie" + 0.010*"linkies" + 0.007*"contract" + 0.007*"surely" + 0.007*"common" + 0.006*"community" + 0.006*"rent" + 0.006*"free" + 0.006*"lost"
2018-08-28 05:37:24,544 : INFO : topic #8 (0.033): 0.012*"buy" + 0.010*"coin" + 0.009*"im" + 0.009*"fucking" + 0.008*"get" + 0.008*"like" + 0.008*"going" + 0.007*"fuck" + 0.007*"shit" + 0.007*"sell"
2018-08-28 05:37:24,546 : INFO : topic #12 (0.033): 0.026*"monero" + 0.016*"xmr" + 0.016*"iota" + 0.010*"coin" + 0.010*"eth" + 0.005*"wallet" + 0.005*"privacy" + 0.005*"transaction" + 0.005*"im" + 0.005*"make"
2018-08-28 05:37:24,547 : INFO : topic #16 (0.033): 0.039*"chancoin" + 0.013*"stock" + 0.008*"going" + 0.007*"get" + 0.006*"like" + 0.006*"buy" + 0.005*"im" + 0.005*"today" + 0.005*"company" + 0.004*"good"
2018-08-28 05:37:24,549 : INFO : topic #6 (0.033): 0.003*"neutrality" + 0.002*"modafinil" + 0.002*"net" + 0.002*"adderall" + 0.002*"gpu" + 0.002*"isps" + 0.002*"site" + 0.002*"netflix" + 0.001*"company" + 0.001*"paypal"
2018-08-28 05:37:24,552 : INFO : topic diff=0.003624, rho=0.112509
2018-08-28 05:37:34,589 : INFO : -8.345 per-word bound, 325.2 perplexity estimate based on a held-out corpus of 4623 documents with 2290604 words
2018-08-28 05:37:34,589 : INFO : PROGRESS: pass 78, at document #4623/4623
2018-08-28 05:37:39,866 : INFO : topic #29 (0.033): 0.011*"buy" + 0.010*"btc" + 0.010*"im" + 0.009*"like" + 0.008*"money" + 0.007*"get" + 0.007*"trade" + 0.007*"coin" + 0.006*"make" + 0.006*"go"
2018-08-28 05:37:39,867 : INFO : topic #23 (0.033): 0.062*"die" + 0.019*"mommy" + 0.005*"du" + 0.004*"10k" + 0.004*"und" + 0.003*"da" + 0.003*"germany" + 0.003*"nicht" + 0.003*"ich" + 0.002*"der"
2018-08-28 05:37:39,868 : INFO : topic #20 (0.033): 0.021*"btc" + 0.018*"bch" + 0.017*"bitcoin" + 0.007*"transaction" + 0.007*"people" + 0.006*"would" + 0.006*"miner" + 0.006*"like" + 0.005*"get" + 0.005*"block"
2018-08-28 05:37:39,870 : INFO : topic #19 (0.033): 0.012*"get" + 0.011*"like" + 0.009*"im" + 0.009*"money" + 0.008*"make" + 0.006*"people" + 0.006*"want" + 0.006*"year" + 0.006*"would" + 0.005*"good"
2018-08-28 05:37:39,872 : INFO : topic #15 (0.033): 0.023*"credit" + 0.022*"salt" + 0.019*"rcn" + 0.017*"loan" + 0.014*"platform" + 0.013*"application" + 0.010*"token" + 0.007*"blockchain" + 0.007*"ripio" + 0.006*"lending"
2018-08-28 05:37:39,875 : INFO : topic diff=0.003547, rho=0.111803
2018-08-28 05:37:49,925 : INFO : -8.345 per-word bound, 325.2 perplexity estimate based on a held-out corpus of 4623 documents with 2290604 words
2018-08-28 05:37:49,925 : INFO : PROGRESS: pass 79, at document #4623/4623
2018-08-28 05:37:55,386 : INFO : topic #5 (0.033): 0.014*"cp" + 0.014*"child" + 0.013*"eth" + 0.013*"vitalik" + 0.006*"he" + 0.006*"porn" + 0.005*"people" + 0.005*"pedo" + 0.004*"possession" + 0.004*"demand"
2018-08-28 05:37:55,388 : INFO : topic #9 (0.033): 0.018*"req" + 0.011*"omg" + 0.007*"request" + 0.006*"even" + 0.006*"use" + 0.005*"like" + 0.005*"payment" + 0.004*"company" + 0.004*"product" + 0.004*"one"
2018-08-28 05:37:55,390 : INFO : topic #16 (0.033): 0.039*"chancoin" + 0.013*"stock" + 0.008*"going" + 0.007*"get" + 0.006*"like" + 0.006*"buy" + 0.005*"im" + 0.005*"today" + 0.005*"company" + 0.004*"good"
2018-08-28 05:37:55,391 : INFO : topic #17 (0.033): 0.039*"roll" + 0.020*"quad" + 0.019*"dub" + 0.016*"rolling" + 0.013*"please" + 0.012*"op" + 0.012*"trip" + 0.010*"god" + 0.009*"rollin" + 0.008*"oh"
2018-08-28 05:37:55,393 : INFO : topic #13 (0.033): 0.012*"deranged" + 0.010*"linkie" + 0.010*"linkies" + 0.007*"contract" + 0.007*"surely" + 0.007*"common" + 0.007*"community" + 0.006*"rent" + 0.006*"free" + 0.006*"lost"
2018-08-28 05:37:55,395 : INFO : topic diff=0.003474, rho=0.111111
2018-08-28 05:38:05,806 : INFO : -8.345 per-word bound, 325.1 perplexity estimate based on a held-out corpus of 4623 documents with 2290604 words
2018-08-28 05:38:05,808 : INFO : PROGRESS: pass 80, at document #4623/4623
2018-08-28 05:38:11,282 : INFO : topic #17 (0.033): 0.039*"roll" + 0.020*"quad" + 0.019*"dub" + 0.016*"rolling" + 0.013*"please" + 0.012*"op" + 0.012*"trip" + 0.010*"god" + 0.009*"rollin" + 0.008*"oh"
2018-08-28 05:38:11,283 : INFO : topic #10 (0.033): 0.009*"like" + 0.006*"ark" + 0.006*"get" + 0.006*"money" + 0.006*"people" + 0.005*"im" + 0.005*"crypto" + 0.005*"even" + 0.005*"year" + 0.005*"make"
2018-08-28 05:38:11,285 : INFO : topic #13 (0.033): 0.012*"deranged" + 0.010*"linkie" + 0.010*"linkies" + 0.007*"contract" + 0.007*"surely" + 0.007*"common" + 0.007*"community" + 0.006*"rent" + 0.006*"free" + 0.006*"lost"
2018-08-28 05:38:11,286 : INFO : topic #24 (0.033): 0.001*"anime" + 0.001*"pleb" + 0.001*"porsche" + 0.001*"taste" + 0.001*"kin" + 0.001*"911" + 0.001*"porsches" + 0.001*"rx7" + 0.001*"kik" + 0.001*"countach"
2018-08-28 05:38:11,288 : INFO : topic #16 (0.033): 0.039*"chancoin" + 0.013*"stock" + 0.008*"going" + 0.007*"get" + 0.006*"like" + 0.006*"buy" + 0.005*"im" + 0.005*"today" + 0.005*"company" + 0.004*"good"
2018-08-28 05:38:11,291 : INFO : topic diff=0.003407, rho=0.110432
2018-08-28 05:38:21,340 : INFO : -8.345 per-word bound, 325.1 perplexity estimate based on a held-out corpus of 4623 documents with 2290604 words
2018-08-28 05:38:21,341 : INFO : PROGRESS: pass 81, at document #4623/4623
2018-08-28 05:38:26,863 : INFO : topic #11 (0.033): 0.040*"link" + 0.009*"chainlink" + 0.007*"like" + 0.007*"token" + 0.006*"would" + 0.005*"go" + 0.005*"even" + 0.005*"swift" + 0.005*"make" + 0.005*"get"
2018-08-28 05:38:26,865 : INFO : topic #6 (0.033): 0.003*"neutrality" + 0.002*"modafinil" + 0.002*"net" + 0.002*"adderall" + 0.002*"gpu" + 0.002*"isps" + 0.002*"site" + 0.002*"netflix" + 0.001*"company" + 0.001*"paypal"
2018-08-28 05:38:26,873 : INFO : topic #0 (0.033): 0.027*"btc" + 0.017*"bitcoin" + 0.014*"bch" + 0.011*"going" + 0.009*"buy" + 0.008*"fucking" + 0.008*"back" + 0.007*"go" + 0.007*"get" + 0.007*"sell"
2018-08-28 05:38:26,875 : INFO : topic #25 (0.033): 0.019*"tether" + 0.016*"tax" + 0.010*"crypto" + 0.009*"exchange" + 0.009*"money" + 0.008*"pay" + 0.007*"bitfinex" + 0.007*"usd" + 0.007*"cash" + 0.007*"fiat"
2018-08-28 05:38:26,878 : INFO : topic diff=0.003338, rho=0.109764
2018-08-28 05:38:36,931 : INFO : -8.344 per-word bound, 325.0 perplexity estimate based on a held-out corpus of 4623 documents with 2290604 words
2018-08-28 05:38:36,931 : INFO : PROGRESS: pass 82, at document #4623/4623
2018-08-28 05:38:42,340 : INFO : topic #0 (0.033): 0.027*"btc" + 0.017*"bitcoin" + 0.014*"bch" + 0.011*"going" + 0.009*"buy" + 0.008*"fucking" + 0.008*"back" + 0.007*"go" + 0.007*"get" + 0.007*"sell"
2018-08-28 05:38:42,341 : INFO : topic #29 (0.033): 0.011*"buy" + 0.010*"btc" + 0.010*"im" + 0.009*"like" + 0.008*"money" + 0.007*"get" + 0.007*"trade" + 0.007*"coin" + 0.006*"make" + 0.006*"go"
2018-08-28 05:38:42,343 : INFO : topic #9 (0.033): 0.019*"req" + 0.011*"omg" + 0.007*"request" + 0.006*"even" + 0.006*"use" + 0.005*"like" + 0.005*"payment" + 0.004*"company" + 0.004*"product" + 0.004*"one"
2018-08-28 05:38:42,344 : INFO : topic #19 (0.033): 0.012*"get" + 0.011*"like" + 0.009*"im" + 0.009*"money" + 0.008*"make" + 0.006*"people" + 0.006*"want" + 0.006*"year" + 0.006*"would" + 0.005*"good"
2018-08-28 05:38:42,345 : INFO : topic #26 (0.033): 0.013*"wallet" + 0.009*"people" + 0.008*"get" + 0.007*"address" + 0.006*"fucking" + 0.006*"scam" + 0.006*"one" + 0.006*"like" + 0.005*"would" + 0.005*"use"
2018-08-28 05:38:42,348 : INFO : topic diff=0.003273, rho=0.109109
2018-08-28 05:38:52,498 : INFO : -8.344 per-word bound, 324.9 perplexity estimate based on a held-out corpus of 4623 documents with 2290604 words
2018-08-28 05:38:52,499 : INFO : PROGRESS: pass 83, at document #4623/4623
2018-08-28 05:38:58,008 : INFO : topic #20 (0.033): 0.021*"btc" + 0.018*"bch" + 0.017*"bitcoin" + 0.007*"transaction" + 0.007*"people" + 0.006*"would" + 0.006*"miner" + 0.006*"like" + 0.005*"get" + 0.005*"block"
2018-08-28 05:38:58,011 : INFO : topic #17 (0.033): 0.039*"roll" + 0.020*"quad" + 0.019*"dub" + 0.016*"rolling" + 0.013*"op" + 0.013*"please" + 0.012*"trip" + 0.010*"god" + 0.009*"rollin" + 0.008*"oh"
2018-08-28 05:38:58,013 : INFO : topic #28 (0.033): 0.005*"1" + 0.004*"gang" + 0.002*"node" + 0.002*"obsidian" + 0.002*"progress" + 0.002*"odn" + 0.002*"net" + 0.001*"neutrality" + 0.001*"development" + 0.001*"assigned"
2018-08-28 05:38:58,014 : INFO : topic #9 (0.033): 0.019*"req" + 0.011*"omg" + 0.007*"request" + 0.006*"even" + 0.006*"use" + 0.005*"like" + 0.005*"payment" + 0.005*"company" + 0.004*"product" + 0.004*"one"
2018-08-28 05:38:58,016 : INFO : topic #3 (0.033): 0.015*"fomo" + 0.007*"la" + 0.004*"cock" + 0.003*"poll" + 0.002*"not" + 0.002*"remove" + 0.002*"tuna" + 0.002*"emotion" + 0.002*"egg" + 0.002*"aaaaaaaaa"
2018-08-28 05:38:58,019 : INFO : topic diff=0.003212, rho=0.108465
2018-08-28 05:39:08,015 : INFO : -8.344 per-word bound, 324.9 perplexity estimate based on a held-out corpus of 4623 documents with 2290604 words
2018-08-28 05:39:08,016 : INFO : PROGRESS: pass 84, at document #4623/4623
2018-08-28 05:39:13,428 : INFO : topic #15 (0.033): 0.023*"credit" + 0.022*"salt" + 0.019*"rcn" + 0.017*"loan" + 0.014*"platform" + 0.013*"application" + 0.010*"token" + 0.007*"ripio" + 0.007*"blockchain" + 0.006*"lending"
2018-08-28 05:39:13,429 : INFO : topic #29 (0.033): 0.011*"buy" + 0.010*"btc" + 0.010*"im" + 0.009*"like" + 0.008*"money" + 0.007*"get" + 0.007*"trade" + 0.007*"coin" + 0.006*"make" + 0.006*"go"
2018-08-28 05:39:13,431 : INFO : topic #1 (0.033): 0.003*"btx" + 0.002*"romania" + 0.002*"morocco" + 0.001*"moroccan" + 0.001*"bitcore" + 0.001*"sachs" + 0.001*"zrx" + 0.001*"goldman" + 0.001*"hungary" + 0.001*"interconnect"
2018-08-28 05:39:13,433 : INFO : topic #23 (0.033): 0.062*"die" + 0.019*"mommy" + 0.005*"du" + 0.004*"10k" + 0.004*"und" + 0.004*"da" + 0.003*"germany" + 0.003*"nicht" + 0.003*"ich" + 0.002*"der"
2018-08-28 05:39:13,434 : INFO : topic #0 (0.033): 0.027*"btc" + 0.017*"bitcoin" + 0.014*"bch" + 0.011*"going" + 0.009*"buy" + 0.008*"fucking" + 0.008*"back" + 0.007*"go" + 0.007*"get" + 0.007*"sell"
2018-08-28 05:39:13,438 : INFO : topic diff=0.003148, rho=0.107833
2018-08-28 05:39:23,494 : INFO : -8.344 per-word bound, 324.9 perplexity estimate based on a held-out corpus of 4623 documents with 2290604 words
2018-08-28 05:39:23,494 : INFO : PROGRESS: pass 85, at document #4623/4623
2018-08-28 05:39:28,914 : INFO : topic #28 (0.033): 0.005*"1" + 0.004*"gang" + 0.002*"node" + 0.002*"obsidian" + 0.002*"progress" + 0.002*"odn" + 0.002*"net" + 0.001*"neutrality" + 0.001*"development" + 0.001*"assigned"
2018-08-28 05:39:28,915 : INFO : topic #1 (0.033): 0.003*"btx" + 0.002*"romania" + 0.002*"morocco" + 0.001*"moroccan" + 0.001*"bitcore" + 0.001*"sachs" + 0.001*"zrx" + 0.001*"goldman" + 0.001*"hungary" + 0.001*"interconnect"
2018-08-28 05:39:28,917 : INFO : topic #3 (0.033): 0.015*"fomo" + 0.007*"la" + 0.004*"cock" + 0.003*"poll" + 0.002*"not" + 0.002*"remove" + 0.002*"tuna" + 0.002*"emotion" + 0.002*"egg" + 0.002*"aaaaaaaaa"
2018-08-28 05:39:28,918 : INFO : topic #29 (0.033): 0.011*"buy" + 0.010*"im" + 0.010*"btc" + 0.009*"like" + 0.008*"money" + 0.007*"get" + 0.007*"trade" + 0.007*"coin" + 0.006*"make" + 0.006*"go"
2018-08-28 05:39:28,920 : INFO : topic #16 (0.033): 0.040*"chancoin" + 0.013*"stock" + 0.008*"going" + 0.007*"get" + 0.006*"like" + 0.005*"buy" + 0.005*"im" + 0.005*"today" + 0.005*"company" + 0.004*"meme"
2018-08-28 05:39:28,923 : INFO : topic diff=0.003090, rho=0.107211
2018-08-28 05:39:38,933 : INFO : -8.343 per-word bound, 324.8 perplexity estimate based on a held-out corpus of 4623 documents with 2290604 words
2018-08-28 05:39:38,934 : INFO : PROGRESS: pass 86, at document #4623/4623
2018-08-28 05:39:44,353 : INFO : topic #18 (0.033): 0.013*"coin" + 0.009*"token" + 0.008*"buy" + 0.007*"get" + 0.007*"ico" + 0.006*"like" + 0.006*"project" + 0.006*"one" + 0.006*"market" + 0.005*"price"
2018-08-28 05:39:44,355 : INFO : topic #21 (0.033): 0.047*"sage" + 0.004*"hst" + 0.002*"un" + 0.002*"casino" + 0.001*"nation" + 0.001*"funfair" + 0.001*"ad" + 0.001*"fun" + 0.001*"fb" + 0.001*"zrx"
2018-08-28 05:39:44,356 : INFO : topic #3 (0.033): 0.015*"fomo" + 0.007*"la" + 0.004*"cock" + 0.003*"poll" + 0.002*"not" + 0.002*"remove" + 0.002*"tuna" + 0.002*"emotion" + 0.002*"egg" + 0.002*"aaaaaaaaa"
2018-08-28 05:39:44,358 : INFO : topic #12 (0.033): 0.027*"monero" + 0.017*"xmr" + 0.017*"iota" + 0.010*"coin" + 0.010*"eth" + 0.006*"wallet" + 0.006*"privacy" + 0.005*"transaction" + 0.004*"make" + 0.004*"im"
2018-08-28 05:39:44,370 : INFO : topic diff=0.003035, rho=0.106600
2018-08-28 05:39:54,450 : INFO : -8.343 per-word bound, 324.8 perplexity estimate based on a held-out corpus of 4623 documents with 2290604 words
2018-08-28 05:39:54,452 : INFO : PROGRESS: pass 87, at document #4623/4623
2018-08-28 05:39:59,906 : INFO : topic #21 (0.033): 0.047*"sage" + 0.004*"hst" + 0.002*"un" + 0.002*"casino" + 0.001*"nation" + 0.001*"funfair" + 0.001*"ad" + 0.001*"fun" + 0.001*"fb" + 0.001*"zrx"
2018-08-28 05:39:59,908 : INFO : topic #11 (0.033): 0.040*"link" + 0.009*"chainlink" + 0.007*"token" + 0.007*"like" + 0.006*"would" + 0.005*"go" + 0.005*"even" + 0.005*"swift" + 0.005*"price" + 0.005*"make"
2018-08-28 05:39:59,909 : INFO : topic #1 (0.033): 0.003*"btx" + 0.002*"romania" + 0.002*"morocco" + 0.001*"moroccan" + 0.001*"bitcore" + 0.001*"sachs" + 0.001*"zrx" + 0.001*"goldman" + 0.001*"hungary" + 0.001*"interconnect"
2018-08-28 05:39:59,910 : INFO : topic #17 (0.033): 0.039*"roll" + 0.020*"quad" + 0.019*"dub" + 0.016*"rolling" + 0.013*"op" + 0.013*"please" + 0.012*"trip" + 0.010*"god" + 0.009*"rollin" + 0.008*"oh"
2018-08-28 05:39:59,912 : INFO : topic #23 (0.033): 0.062*"die" + 0.019*"mommy" + 0.005*"du" + 0.004*"10k" + 0.004*"und" + 0.004*"da" + 0.003*"germany" + 0.003*"nicht" + 0.003*"ich" + 0.002*"der"
2018-08-28 05:39:59,915 : INFO : topic diff=0.002983, rho=0.106000
2018-08-28 05:40:09,900 : INFO : -8.343 per-word bound, 324.7 perplexity estimate based on a held-out corpus of 4623 documents with 2290604 words
2018-08-28 05:40:09,900 : INFO : PROGRESS: pass 88, at document #4623/4623
2018-08-28 05:40:15,305 : INFO : topic #11 (0.033): 0.040*"link" + 0.009*"chainlink" + 0.007*"token" + 0.007*"like" + 0.006*"would" + 0.005*"go" + 0.005*"even" + 0.005*"swift" + 0.005*"price" + 0.005*"make"
2018-08-28 05:40:15,307 : INFO : topic #28 (0.033): 0.005*"1" + 0.004*"gang" + 0.002*"node" + 0.002*"obsidian" + 0.002*"progress" + 0.002*"odn" + 0.002*"net" + 0.001*"neutrality" + 0.001*"development" + 0.001*"assigned"
2018-08-28 05:40:15,308 : INFO : topic #22 (0.033): 0.005*"music" + 0.004*"jew" + 0.003*"gab" + 0.003*"pajeet" + 0.002*"brooke" + 0.002*"indian" + 0.002*"card" + 0.002*"nigger" + 0.002*"rap" + 0.002*"rapper"
2018-08-28 05:40:15,309 : INFO : topic #29 (0.033): 0.011*"buy" + 0.010*"im" + 0.010*"btc" + 0.009*"like" + 0.008*"money" + 0.007*"get" + 0.007*"trade" + 0.007*"coin" + 0.006*"make" + 0.006*"go"
2018-08-28 05:40:15,311 : INFO : topic #12 (0.033): 0.027*"monero" + 0.017*"xmr" + 0.017*"iota" + 0.010*"coin" + 0.010*"eth" + 0.006*"wallet" + 0.006*"privacy" + 0.005*"transaction" + 0.004*"make" + 0.004*"im"
2018-08-28 05:40:15,314 : INFO : topic diff=0.002927, rho=0.105409
2018-08-28 05:40:25,379 : INFO : -8.343 per-word bound, 324.7 perplexity estimate based on a held-out corpus of 4623 documents with 2290604 words
2018-08-28 05:40:25,382 : INFO : PROGRESS: pass 89, at document #4623/4623
2018-08-28 05:40:30,822 : INFO : topic #13 (0.033): 0.012*"deranged" + 0.010*"linkie" + 0.010*"linkies" + 0.007*"contract" + 0.007*"surely" + 0.007*"common" + 0.007*"community" + 0.006*"rent" + 0.006*"free" + 0.006*"lost"
2018-08-28 05:40:30,824 : INFO : topic #22 (0.033): 0.005*"music" + 0.004*"jew" + 0.003*"gab" + 0.003*"pajeet" + 0.002*"brooke" + 0.002*"indian" + 0.002*"card" + 0.002*"nigger" + 0.002*"rap" + 0.002*"rapper"
2018-08-28 05:40:30,825 : INFO : topic #16 (0.033): 0.040*"chancoin" + 0.013*"stock" + 0.008*"going" + 0.007*"get" + 0.006*"like" + 0.005*"buy" + 0.005*"im" + 0.005*"today" + 0.005*"company" + 0.004*"meme"
2018-08-28 05:40:30,827 : INFO : topic #15 (0.033): 0.023*"credit" + 0.022*"salt" + 0.019*"rcn" + 0.017*"loan" + 0.014*"platform" + 0.013*"application" + 0.010*"token" + 0.007*"ripio" + 0.006*"blockchain" + 0.006*"lending"
2018-08-28 05:40:30,828 : INFO : topic #24 (0.033): 0.001*"anime" + 0.001*"pleb" + 0.001*"porsche" + 0.001*"taste" + 0.001*"kin" + 0.001*"911" + 0.001*"porsches" + 0.001*"rx7" + 0.001*"kik" + 0.001*"countach"
2018-08-28 05:40:30,832 : INFO : topic diff=0.002874, rho=0.104828
2018-08-28 05:40:40,969 : INFO : -8.343 per-word bound, 324.6 perplexity estimate based on a held-out corpus of 4623 documents with 2290604 words
2018-08-28 05:40:40,970 : INFO : PROGRESS: pass 90, at document #4623/4623
2018-08-28 05:40:46,508 : INFO : topic #11 (0.033): 0.040*"link" + 0.009*"chainlink" + 0.007*"token" + 0.007*"like" + 0.006*"would" + 0.005*"go" + 0.005*"even" + 0.005*"swift" + 0.005*"price" + 0.005*"make"
2018-08-28 05:40:46,509 : INFO : topic #1 (0.033): 0.003*"btx" + 0.002*"romania" + 0.002*"morocco" + 0.001*"moroccan" + 0.001*"bitcore" + 0.001*"sachs" + 0.001*"zrx" + 0.001*"goldman" + 0.001*"interconnect" + 0.001*"hungary"
2018-08-28 05:40:46,511 : INFO : topic #23 (0.033): 0.062*"die" + 0.019*"mommy" + 0.005*"du" + 0.004*"10k" + 0.004*"und" + 0.004*"da" + 0.003*"germany" + 0.003*"nicht" + 0.003*"ich" + 0.002*"der"
2018-08-28 05:40:46,512 : INFO : topic #15 (0.033): 0.023*"credit" + 0.022*"salt" + 0.019*"rcn" + 0.017*"loan" + 0.014*"platform" + 0.013*"application" + 0.010*"token" + 0.007*"ripio" + 0.006*"blockchain" + 0.006*"lending"
2018-08-28 05:40:46,513 : INFO : topic #13 (0.033): 0.012*"deranged" + 0.010*"linkie" + 0.010*"linkies" + 0.007*"contract" + 0.007*"surely" + 0.007*"common" + 0.007*"community" + 0.006*"rent" + 0.006*"free" + 0.006*"lost"
2018-08-28 05:40:46,517 : INFO : topic diff=0.002827, rho=0.104257
2018-08-28 05:40:56,610 : INFO : -8.342 per-word bound, 324.6 perplexity estimate based on a held-out corpus of 4623 documents with 2290604 words
2018-08-28 05:40:56,612 : INFO : PROGRESS: pass 91, at document #4623/4623
2018-08-28 05:41:02,068 : INFO : topic #0 (0.033): 0.027*"btc" + 0.017*"bitcoin" + 0.015*"bch" + 0.011*"going" + 0.009*"buy" + 0.008*"fucking" + 0.008*"back" + 0.007*"go" + 0.007*"get" + 0.007*"sell"
2018-08-28 05:41:02,070 : INFO : topic #3 (0.033): 0.015*"fomo" + 0.007*"la" + 0.004*"cock" + 0.003*"poll" + 0.002*"not" + 0.002*"remove" + 0.002*"tuna" + 0.002*"emotion" + 0.002*"egg" + 0.002*"aaaaaaaaa"
2018-08-28 05:41:02,071 : INFO : topic #12 (0.033): 0.027*"monero" + 0.017*"iota" + 0.017*"xmr" + 0.010*"coin" + 0.010*"eth" + 0.006*"privacy" + 0.006*"wallet" + 0.005*"transaction" + 0.004*"use" + 0.004*"make"
2018-08-28 05:41:02,072 : INFO : topic #21 (0.033): 0.048*"sage" + 0.004*"hst" + 0.002*"un" + 0.002*"casino" + 0.001*"nation" + 0.001*"ad" + 0.001*"funfair" + 0.001*"fun" + 0.001*"fb" + 0.001*"zrx"
2018-08-28 05:41:02,074 : INFO : topic #19 (0.033): 0.012*"get" + 0.011*"like" + 0.009*"im" + 0.009*"money" + 0.008*"make" + 0.007*"people" + 0.006*"want" + 0.006*"year" + 0.006*"would" + 0.005*"good"
2018-08-28 05:41:02,078 : INFO : topic diff=0.002779, rho=0.103695
2018-08-28 05:41:12,135 : INFO : -8.342 per-word bound, 324.5 perplexity estimate based on a held-out corpus of 4623 documents with 2290604 words
2018-08-28 05:41:12,135 : INFO : PROGRESS: pass 92, at document #4623/4623
2018-08-28 05:41:17,585 : INFO : topic #18 (0.033): 0.013*"coin" + 0.009*"token" + 0.008*"buy" + 0.007*"get" + 0.007*"ico" + 0.006*"like" + 0.006*"project" + 0.006*"one" + 0.006*"market" + 0.005*"price"
2018-08-28 05:41:17,587 : INFO : topic #21 (0.033): 0.048*"sage" + 0.004*"hst" + 0.002*"un" + 0.002*"casino" + 0.001*"nation" + 0.001*"ad" + 0.001*"funfair" + 0.001*"fun" + 0.001*"fb" + 0.001*"zrx"
2018-08-28 05:41:17,589 : INFO : topic #5 (0.033): 0.015*"cp" + 0.014*"child" + 0.013*"vitalik" + 0.013*"eth" + 0.006*"he" + 0.006*"porn" + 0.006*"pedo" + 0.005*"people" + 0.004*"possession" + 0.004*"demand"
2018-08-28 05:41:17,590 : INFO : topic #28 (0.033): 0.005*"1" + 0.004*"gang" + 0.002*"node" + 0.002*"obsidian" + 0.002*"progress" + 0.002*"odn" + 0.002*"net" + 0.001*"neutrality" + 0.001*"development" + 0.001*"assigned"
2018-08-28 05:41:17,592 : INFO : topic #3 (0.033): 0.015*"fomo" + 0.007*"la" + 0.004*"cock" + 0.003*"poll" + 0.002*"not" + 0.002*"remove" + 0.002*"tuna" + 0.002*"emotion" + 0.002*"egg" + 0.002*"aaaaaaaaa"
2018-08-28 05:41:17,595 : INFO : topic diff=0.002731, rho=0.103142
2018-08-28 05:41:27,668 : INFO : -8.342 per-word bound, 324.5 perplexity estimate based on a held-out corpus of 4623 documents with 2290604 words
2018-08-28 05:41:27,668 : INFO : PROGRESS: pass 93, at document #4623/4623
2018-08-28 05:41:33,053 : INFO : topic #11 (0.033): 0.040*"link" + 0.009*"chainlink" + 0.007*"token" + 0.007*"like" + 0.007*"would" + 0.005*"go" + 0.005*"even" + 0.005*"swift" + 0.005*"price" + 0.005*"make"
2018-08-28 05:41:33,054 : INFO : topic #4 (0.033): 0.003*"pepe" + 0.003*"blink" + 0.002*"fat" + 0.001*"contract" + 0.001*"frog" + 0.001*"eating" + 0.001*"porn" + 0.001*"tx" + 0.001*"weed" + 0.001*"gas"
2018-08-28 05:41:33,056 : INFO : topic #8 (0.033): 0.012*"buy" + 0.010*"coin" + 0.009*"im" + 0.009*"fucking" + 0.008*"get" + 0.008*"like" + 0.008*"going" + 0.007*"fuck" + 0.007*"shit" + 0.007*"sell"
2018-08-28 05:41:33,057 : INFO : topic #28 (0.033): 0.005*"1" + 0.004*"gang" + 0.002*"node" + 0.002*"obsidian" + 0.002*"progress" + 0.002*"odn" + 0.002*"net" + 0.001*"neutrality" + 0.001*"development" + 0.001*"assigned"
2018-08-28 05:41:33,059 : INFO : topic #12 (0.033): 0.027*"monero" + 0.017*"iota" + 0.017*"xmr" + 0.010*"coin" + 0.010*"eth" + 0.006*"privacy" + 0.006*"wallet" + 0.005*"transaction" + 0.004*"use" + 0.004*"make"
2018-08-28 05:41:33,062 : INFO : topic diff=0.002684, rho=0.102598
2018-08-28 05:41:43,167 : INFO : -8.342 per-word bound, 324.5 perplexity estimate based on a held-out corpus of 4623 documents with 2290604 words
2018-08-28 05:41:43,167 : INFO : PROGRESS: pass 94, at document #4623/4623
2018-08-28 05:41:48,548 : INFO : topic #6 (0.033): 0.003*"neutrality" + 0.002*"modafinil" + 0.002*"net" + 0.002*"adderall" + 0.002*"gpu" + 0.002*"isps" + 0.002*"netflix" + 0.002*"site" + 0.001*"company" + 0.001*"paypal"
2018-08-28 05:41:48,552 : INFO : topic #16 (0.033): 0.041*"chancoin" + 0.014*"stock" + 0.008*"going" + 0.007*"get" + 0.006*"like" + 0.005*"buy" + 0.005*"im" + 0.005*"today" + 0.005*"company" + 0.004*"meme"
2018-08-28 05:41:48,553 : INFO : topic #18 (0.033): 0.013*"coin" + 0.009*"token" + 0.008*"buy" + 0.007*"get" + 0.007*"ico" + 0.006*"like" + 0.006*"project" + 0.006*"one" + 0.006*"market" + 0.005*"price"
2018-08-28 05:41:48,554 : INFO : topic #23 (0.033): 0.062*"die" + 0.019*"mommy" + 0.005*"du" + 0.004*"10k" + 0.004*"und" + 0.004*"da" + 0.003*"germany" + 0.003*"nicht" + 0.003*"ich" + 0.002*"der"
2018-08-28 05:41:48,556 : INFO : topic #21 (0.033): 0.048*"sage" + 0.004*"hst" + 0.002*"un" + 0.002*"casino" + 0.001*"nation" + 0.001*"ad" + 0.001*"funfair" + 0.001*"fun" + 0.001*"fb" + 0.001*"zrx"
2018-08-28 05:41:48,559 : INFO : topic diff=0.002639, rho=0.102062
2018-08-28 05:41:58,681 : INFO : -8.342 per-word bound, 324.4 perplexity estimate based on a held-out corpus of 4623 documents with 2290604 words
2018-08-28 05:41:58,681 : INFO : PROGRESS: pass 95, at document #4623/4623
2018-08-28 05:42:04,337 : INFO : topic #17 (0.033): 0.039*"roll" + 0.020*"quad" + 0.019*"dub" + 0.016*"rolling" + 0.013*"op" + 0.013*"please" + 0.012*"trip" + 0.010*"god" + 0.009*"rollin" + 0.008*"oh"
2018-08-28 05:42:04,339 : INFO : topic #5 (0.033): 0.015*"cp" + 0.014*"child" + 0.014*"vitalik" + 0.014*"eth" + 0.006*"he" + 0.006*"porn" + 0.006*"pedo" + 0.005*"people" + 0.004*"possession" + 0.004*"demand"
2018-08-28 05:42:04,340 : INFO : topic #3 (0.033): 0.015*"fomo" + 0.007*"la" + 0.004*"cock" + 0.003*"poll" + 0.002*"not" + 0.002*"remove" + 0.002*"tuna" + 0.002*"emotion" + 0.002*"egg" + 0.002*"aaaaaaaaa"
2018-08-28 05:42:04,342 : INFO : topic #2 (0.033): 0.007*"product" + 0.007*"token" + 0.005*"coin" + 0.005*"wabi" + 0.004*"ha" + 0.004*"use" + 0.004*"would" + 0.003*"ico" + 0.003*"get" + 0.003*"raiden"
2018-08-28 05:42:04,353 : INFO : topic diff=0.002596, rho=0.101535
2018-08-28 05:42:14,384 : INFO : -8.342 per-word bound, 324.4 perplexity estimate based on a held-out corpus of 4623 documents with 2290604 words
2018-08-28 05:42:14,385 : INFO : PROGRESS: pass 96, at document #4623/4623
2018-08-28 05:42:19,785 : INFO : topic #23 (0.033): 0.062*"die" + 0.019*"mommy" + 0.005*"du" + 0.004*"10k" + 0.004*"und" + 0.004*"da" + 0.003*"germany" + 0.003*"nicht" + 0.003*"ich" + 0.002*"der"
2018-08-28 05:42:19,787 : INFO : topic #22 (0.033): 0.005*"music" + 0.004*"jew" + 0.003*"gab" + 0.003*"pajeet" + 0.002*"brooke" + 0.002*"indian" + 0.002*"card" + 0.002*"nigger" + 0.002*"rap" + 0.002*"rapper"
2018-08-28 05:42:19,788 : INFO : topic #5 (0.033): 0.015*"cp" + 0.014*"child" + 0.014*"vitalik" + 0.014*"eth" + 0.006*"he" + 0.006*"porn" + 0.006*"pedo" + 0.005*"people" + 0.004*"possession" + 0.004*"demand"
2018-08-28 05:42:19,790 : INFO : topic #9 (0.033): 0.020*"req" + 0.011*"omg" + 0.008*"request" + 0.006*"use" + 0.006*"even" + 0.005*"like" + 0.005*"payment" + 0.005*"product" + 0.005*"company" + 0.004*"one"
2018-08-28 05:42:19,791 : INFO : topic #18 (0.033): 0.013*"coin" + 0.009*"token" + 0.008*"buy" + 0.007*"get" + 0.007*"ico" + 0.006*"like" + 0.006*"project" + 0.006*"one" + 0.006*"market" + 0.005*"team"
2018-08-28 05:42:19,794 : INFO : topic diff=0.002555, rho=0.101015
2018-08-28 05:42:29,844 : INFO : -8.341 per-word bound, 324.3 perplexity estimate based on a held-out corpus of 4623 documents with 2290604 words
2018-08-28 05:42:29,845 : INFO : PROGRESS: pass 97, at document #4623/4623
2018-08-28 05:42:35,224 : INFO : topic #27 (0.033): 0.032*"contract" + 0.022*"smart" + 0.019*"data" + 0.007*"use" + 0.006*"oracle" + 0.005*"blockchain" + 0.004*"real" + 0.003*"trustless" + 0.003*"eth" + 0.003*"case"
2018-08-28 05:42:35,226 : INFO : topic #7 (0.033): 0.013*"city" + 0.003*"place" + 0.002*"la" + 0.002*"culture" + 0.002*"tokyo" + 0.002*"live" + 0.002*"london" + 0.002*"weather" + 0.002*"york" + 0.001*"singapore"
2018-08-28 05:42:35,233 : INFO : topic #1 (0.033): 0.003*"btx" + 0.002*"romania" + 0.002*"morocco" + 0.001*"moroccan" + 0.001*"bitcore" + 0.001*"sachs" + 0.001*"zrx" + 0.001*"goldman" + 0.001*"interconnect" + 0.001*"slovakia"
2018-08-28 05:42:35,235 : INFO : topic #9 (0.033): 0.020*"req" + 0.011*"omg" + 0.008*"request" + 0.006*"use" + 0.006*"even" + 0.005*"like" + 0.005*"payment" + 0.005*"product" + 0.005*"company" + 0.004*"one"
2018-08-28 05:42:35,239 : INFO : topic diff=0.002512, rho=0.100504
2018-08-28 05:42:45,347 : INFO : -8.341 per-word bound, 324.3 perplexity estimate based on a held-out corpus of 4623 documents with 2290604 words
2018-08-28 05:42:45,348 : INFO : PROGRESS: pass 98, at document #4623/4623
2018-08-28 05:42:50,880 : INFO : topic #3 (0.033): 0.015*"fomo" + 0.007*"la" + 0.004*"cock" + 0.003*"poll" + 0.002*"not" + 0.002*"remove" + 0.002*"tuna" + 0.002*"emotion" + 0.002*"egg" + 0.002*"aaaaaaaaa"
2018-08-28 05:42:50,882 : INFO : topic #19 (0.033): 0.012*"get" + 0.011*"like" + 0.009*"im" + 0.009*"money" + 0.008*"make" + 0.007*"people" + 0.006*"want" + 0.006*"year" + 0.006*"would" + 0.005*"good"
2018-08-28 05:42:50,883 : INFO : topic #0 (0.033): 0.027*"btc" + 0.017*"bitcoin" + 0.015*"bch" + 0.011*"going" + 0.009*"buy" + 0.008*"fucking" + 0.008*"back" + 0.007*"go" + 0.007*"get" + 0.007*"sell"
2018-08-28 05:42:50,884 : INFO : topic #29 (0.033): 0.011*"buy" + 0.010*"im" + 0.009*"btc" + 0.009*"like" + 0.008*"money" + 0.007*"get" + 0.007*"trade" + 0.007*"coin" + 0.006*"make" + 0.006*"go"
2018-08-28 05:42:50,885 : INFO : topic #17 (0.033): 0.039*"roll" + 0.020*"quad" + 0.019*"dub" + 0.016*"rolling" + 0.014*"op" + 0.013*"please" + 0.012*"trip" + 0.010*"god" + 0.009*"rollin" + 0.008*"oh"
2018-08-28 05:42:50,889 : INFO : topic diff=0.002472, rho=0.100000
2018-08-28 05:43:01,105 : INFO : -8.341 per-word bound, 324.3 perplexity estimate based on a held-out corpus of 4623 documents with 2290604 words
2018-08-28 05:43:01,107 : INFO : PROGRESS: pass 99, at document #4623/4623
2018-08-28 05:43:06,572 : INFO : topic #3 (0.033): 0.015*"fomo" + 0.007*"la" + 0.004*"cock" + 0.003*"poll" + 0.002*"not" + 0.002*"remove" + 0.002*"tuna" + 0.002*"emotion" + 0.002*"egg" + 0.002*"aaaaaaaaa"
2018-08-28 05:43:06,574 : INFO : topic #25 (0.033): 0.019*"tether" + 0.016*"tax" + 0.010*"crypto" + 0.010*"exchange" + 0.009*"money" + 0.008*"pay" + 0.007*"bitfinex" + 0.007*"usd" + 0.007*"cash" + 0.007*"fiat"
2018-08-28 05:43:06,575 : INFO : topic #10 (0.033): 0.009*"like" + 0.007*"ark" + 0.006*"get" + 0.006*"money" + 0.006*"people" + 0.005*"im" + 0.005*"crypto" + 0.005*"year" + 0.005*"even" + 0.005*"make"
2018-08-28 05:43:06,577 : INFO : topic #11 (0.033): 0.040*"link" + 0.009*"chainlink" + 0.007*"token" + 0.007*"like" + 0.007*"would" + 0.005*"even" + 0.005*"swift" + 0.005*"go" + 0.005*"price" + 0.005*"make"
2018-08-28 05:43:06,578 : INFO : topic #26 (0.033): 0.014*"wallet" + 0.009*"people" + 0.008*"get" + 0.007*"address" + 0.006*"fucking" + 0.006*"scam" + 0.006*"one" + 0.006*"like" + 0.005*"would" + 0.005*"use"
2018-08-28 05:43:06,581 : INFO : topic diff=0.002433, rho=0.099504
2018-08-28 05:43:06,583 : INFO : saving LdaState object under models/ldamodel.state, separately None
2018-08-28 05:43:06,784 : INFO : saved models/ldamodel.state
2018-08-28 05:43:06,871 : INFO : saving LdaModel object under models/ldamodel, separately ['expElogbeta', 'sstats']
2018-08-28 05:43:06,874 : INFO : storing np array 'expElogbeta' to models/ldamodel.expElogbeta.npy
2018-08-28 05:43:06,941 : INFO : not storing attribute id2word
2018-08-28 05:43:06,944 : INFO : not storing attribute state
2018-08-28 05:43:06,944 : INFO : not storing attribute dispatcher
2018-08-28 05:43:06,950 : INFO : saved models/ldamodel
2018-08-28 05:43:06,962 : INFO : topic #15 (0.033): 0.024*"credit" + 0.022*"salt" + 0.019*"rcn" + 0.017*"loan" + 0.014*"platform" + 0.013*"application" + 0.010*"token" + 0.007*"ripio" + 0.006*"blockchain" + 0.006*"lending" + 0.006*"lender" + 0.005*"debt" + 0.005*"product" + 0.005*"lead" + 0.004*"00100000" + 0.004*"collateral" + 0.004*"see" + 0.004*"borrower" + 0.004*"million" + 0.004*"card"
2018-08-28 05:43:06,964 : INFO : topic #24 (0.033): 0.001*"anime" + 0.001*"pleb" + 0.001*"porsche" + 0.001*"taste" + 0.001*"kin" + 0.001*"911" + 0.001*"porsches" + 0.001*"rx7" + 0.001*"kik" + 0.001*"countach" + 0.001*"tasteful" + 0.001*"o" + 0.001*"volvo" + 0.001*"turbo" + 0.001*"string" + 0.000*"style" + 0.000*"itwhich" + 0.000*"moonworks" + 0.000*"eia" + 0.000*"e39"
2018-08-28 05:43:06,965 : INFO : topic #4 (0.033): 0.003*"pepe" + 0.003*"blink" + 0.002*"fat" + 0.001*"contract" + 0.001*"frog" + 0.001*"eating" + 0.001*"porn" + 0.001*"tx" + 0.001*"weed" + 0.001*"aurora" + 0.001*"acb" + 0.001*"legalization" + 0.001*"gas" + 0.001*"raped" + 0.001*"mne" + 0.001*"31" + 0.001*"ethbet" + 0.001*"exoskeleton" + 0.001*"ppp" + 0.001*"xfer"
2018-08-28 05:43:06,966 : INFO : topic #28 (0.033): 0.005*"1" + 0.004*"gang" + 0.002*"node" + 0.002*"obsidian" + 0.002*"progress" + 0.002*"odn" + 0.002*"net" + 0.001*"neutrality" + 0.001*"development" + 0.001*"assigned" + 0.001*"android" + 0.001*"obsidianxxl" + 0.001*"dgb" + 0.001*"source" + 0.001*"future" + 0.001*"finally" + 0.001*"code" + 0.001*"address" + 0.001*"brigade" + 0.001*"sadness"
2018-08-28 05:43:06,968 : INFO : topic #0 (0.033): 0.027*"btc" + 0.017*"bitcoin" + 0.015*"bch" + 0.011*"going" + 0.009*"buy" + 0.008*"fucking" + 0.008*"back" + 0.007*"go" + 0.007*"get" + 0.007*"sell" + 0.007*"like" + 0.006*"time" + 0.006*"fuck" + 0.006*"pump" + 0.006*"im" + 0.006*"alt" + 0.006*"price" + 0.006*"shit" + 0.005*"people" + 0.005*"right"
2018-08-28 05:43:06,969 : INFO : topic #29 (0.033): 0.011*"buy" + 0.010*"im" + 0.009*"btc" + 0.009*"like" + 0.008*"money" + 0.007*"get" + 0.007*"trade" + 0.007*"coin" + 0.006*"make" + 0.006*"go" + 0.006*"day" + 0.006*"time" + 0.006*"crypto" + 0.006*"trading" + 0.005*"good" + 0.005*"eth" + 0.005*"one" + 0.005*"would" + 0.005*"going" + 0.005*"market"
2018-08-28 05:43:06,970 : INFO : topic #20 (0.033): 0.020*"btc" + 0.018*"bch" + 0.017*"bitcoin" + 0.007*"transaction" + 0.007*"people" + 0.006*"would" + 0.006*"miner" + 0.006*"like" + 0.005*"get" + 0.005*"block" + 0.005*"coin" + 0.005*"time" + 0.005*"going" + 0.005*"one" + 0.005*"fucking" + 0.004*"cash" + 0.004*"mining" + 0.004*"think" + 0.004*"fee" + 0.004*"even"
2018-08-28 05:43:06,972 : INFO : topic #18 (0.033): 0.013*"coin" + 0.009*"token" + 0.008*"buy" + 0.007*"get" + 0.007*"ico" + 0.006*"like" + 0.006*"project" + 0.006*"one" + 0.006*"market" + 0.005*"team" + 0.005*"price" + 0.005*"cap" + 0.005*"going" + 0.005*"already" + 0.005*"shit" + 0.005*"im" + 0.004*"exchange" + 0.004*"people" + 0.004*"go" + 0.004*"good"
2018-08-28 05:43:06,973 : INFO : topic #25 (0.033): 0.019*"tether" + 0.016*"tax" + 0.010*"crypto" + 0.010*"exchange" + 0.009*"money" + 0.008*"pay" + 0.007*"bitfinex" + 0.007*"usd" + 0.007*"cash" + 0.007*"fiat" + 0.007*"bank" + 0.006*"would" + 0.006*"gain" + 0.006*"people" + 0.006*"btc" + 0.006*"trade" + 0.005*"get" + 0.005*"usdt" + 0.005*"bitcoin" + 0.005*"fucking"
2018-08-28 05:43:06,974 : INFO : topic #7 (0.033): 0.013*"city" + 0.003*"place" + 0.002*"la" + 0.002*"culture" + 0.002*"tokyo" + 0.002*"london" + 0.002*"live" + 0.002*"weather" + 0.002*"york" + 0.001*"singapore" + 0.001*"prague" + 0.001*"slum" + 0.001*"thailand" + 0.001*"boring" + 0.001*"south" + 0.001*"giant" + 0.001*"nyc" + 0.001*"residence" + 0.001*"beautiful" + 0.001*"printer"
2018-08-28 05:43:06,976 : INFO : topic #12 (0.033): 0.028*"monero" + 0.018*"iota" + 0.018*"xmr" + 0.010*"coin" + 0.010*"eth" + 0.006*"privacy" + 0.006*"wallet" + 0.005*"transaction" + 0.004*"use" + 0.004*"make" + 0.004*"btc" + 0.004*"im" + 0.004*"good" + 0.003*"it" + 0.003*"year" + 0.003*"bitbay" + 0.003*"address" + 0.003*"like" + 0.003*"also" + 0.003*"right"
2018-08-28 05:43:06,985 : INFO : topic #19 (0.033): 0.012*"get" + 0.011*"like" + 0.009*"im" + 0.009*"money" + 0.008*"make" + 0.007*"people" + 0.006*"want" + 0.006*"year" + 0.006*"would" + 0.005*"good" + 0.005*"job" + 0.005*"one" + 0.005*"work" + 0.005*"fuck" + 0.005*"know" + 0.005*"shit" + 0.005*"fucking" + 0.005*"it" + 0.005*"life" + 0.005*"go"
2018-08-28 05:43:06,987 : INFO : topic #1 (0.033): 0.003*"btx" + 0.002*"romania" + 0.002*"morocco" + 0.001*"moroccan" + 0.001*"bitcore" + 0.001*"sachs" + 0.001*"zrx" + 0.001*"goldman" + 0.001*"interconnect" + 0.001*"hungary" + 0.001*"slovakia" + 0.001*"number" + 0.001*"bucharest" + 0.001*"rah" + 0.001*"czech" + 0.001*"manhattan" + 0.001*"jewish" + 0.001*"arbitrary" + 0.001*"agadir" + 0.001*"romanian"
2018-08-28 05:43:06,988 : INFO : topic #21 (0.033): 0.048*"sage" + 0.004*"hst" + 0.002*"un" + 0.002*"casino" + 0.001*"nation" + 0.001*"ad" + 0.001*"funfair" + 0.001*"fun" + 0.001*"fb" + 0.001*"zrx" + 0.001*"niche" + 0.001*"binancebittrex" + 0.001*"software" + 0.001*"facebook" + 0.001*"tmehorizonstate" + 0.001*"dropshipping" + 0.001*"code" + 0.001*"product" + 0.001*"gambling" + 0.001*"as"
2018-08-28 05:43:06,990 : INFO : topic #16 (0.033): 0.042*"chancoin" + 0.014*"stock" + 0.008*"going" + 0.007*"get" + 0.006*"like" + 0.005*"buy" + 0.005*"today" + 0.005*"im" + 0.005*"company" + 0.004*"meme" + 0.004*"share" + 0.004*"good" + 0.004*"shit" + 0.004*"robinhood" + 0.004*"price" + 0.004*"sell" + 0.003*"earnings" + 0.003*"go" + 0.003*"4chn" + 0.003*"day"
2018-08-28 05:43:06,991 : INFO : topic #10 (0.033): 0.009*"like" + 0.007*"ark" + 0.006*"get" + 0.006*"money" + 0.006*"people" + 0.005*"im" + 0.005*"crypto" + 0.005*"year" + 0.005*"even" + 0.005*"make" + 0.005*"would" + 0.005*"market" + 0.004*"one" + 0.004*"it" + 0.004*"know" + 0.004*"coin" + 0.004*"time" + 0.004*"think" + 0.004*"buy" + 0.004*"bitcoin"
2018-08-28 05:43:06,992 : INFO : topic #27 (0.033): 0.032*"contract" + 0.022*"smart" + 0.019*"data" + 0.007*"use" + 0.006*"oracle" + 0.005*"blockchain" + 0.004*"real" + 0.003*"trustless" + 0.003*"eth" + 0.003*"case" + 0.003*"decentralized" + 0.003*"centralized" + 0.003*"send" + 0.003*"smartcontracts" + 0.002*"code" + 0.002*"external" + 0.002*"api" + 0.002*"problem" + 0.002*"transaction" + 0.002*"ethereum"
2018-08-28 05:43:06,994 : INFO : topic #11 (0.033): 0.040*"link" + 0.009*"chainlink" + 0.007*"token" + 0.007*"like" + 0.007*"would" + 0.005*"even" + 0.005*"swift" + 0.005*"go" + 0.005*"price" + 0.005*"make" + 0.005*"get" + 0.005*"fucking" + 0.005*"one" + 0.005*"node" + 0.004*"know" + 0.004*"oracle" + 0.004*"sergey" + 0.004*"need" + 0.004*"time" + 0.004*"use"
2018-08-28 05:43:06,995 : INFO : topic #2 (0.033): 0.007*"product" + 0.006*"token" + 0.005*"wabi" + 0.005*"coin" + 0.005*"ha" + 0.004*"use" + 0.004*"would" + 0.003*"ico" + 0.003*"get" + 0.003*"raiden" + 0.003*"project" + 0.003*"market" + 0.003*"new" + 0.003*"marketing" + 0.003*"want" + 0.002*"problem" + 0.002*"could" + 0.002*"one" + 0.002*"rlc" + 0.002*"people"
2018-08-28 05:43:06,997 : INFO : topic #13 (0.033): 0.012*"deranged" + 0.010*"linkie" + 0.010*"linkies" + 0.007*"contract" + 0.007*"surely" + 0.007*"common" + 0.007*"community" + 0.006*"rent" + 0.006*"free" + 0.006*"lost" + 0.005*"wallet" + 0.005*"state" + 0.004*"time" + 0.004*"known" + 0.004*"currency" + 0.004*"board" + 0.004*"innovative" + 0.004*"u" + 0.004*"serenity" + 0.004*"screech"
2018-08-28 05:43:06,998 : INFO : topic #3 (0.033): 0.015*"fomo" + 0.007*"la" + 0.004*"cock" + 0.003*"poll" + 0.002*"not" + 0.002*"remove" + 0.002*"tuna" + 0.002*"emotion" + 0.002*"egg" + 0.002*"aaaaaaaaa" + 0.001*"fish" + 0.001*"give" + 0.001*"microwave" + 0.001*"steemit" + 0.001*"jam" + 0.001*"clearpoll" + 0.001*"qst" + 0.001*"dna" + 0.001*"0014" + 0.001*"donor"
2018-08-28 05:43:06,999 : INFO : topic #22 (0.033): 0.005*"music" + 0.004*"jew" + 0.003*"gab" + 0.003*"pajeet" + 0.002*"brooke" + 0.002*"indian" + 0.002*"card" + 0.002*"nigger" + 0.002*"rap" + 0.002*"rapper" + 0.002*"pajeets" + 0.002*"american" + 0.002*"popular" + 0.001*"call" + 0.001*"artist" + 0.001*"vega" + 0.001*"peter" + 0.001*"human" + 0.001*"bridge" + 0.001*"india"
2018-08-28 05:43:07,001 : INFO : topic #8 (0.033): 0.012*"buy" + 0.010*"coin" + 0.009*"im" + 0.009*"fucking" + 0.008*"get" + 0.008*"like" + 0.008*"going" + 0.007*"fuck" + 0.007*"shit" + 0.007*"sell" + 0.006*"make" + 0.006*"go" + 0.006*"pump" + 0.006*"neo" + 0.005*"bought" + 0.005*"moon" + 0.005*"time" + 0.005*"back" + 0.005*"it" + 0.005*"good"
2018-08-28 05:43:07,029 : INFO : using symmetric alpha at 0.03333333333333333
2018-08-28 05:43:07,029 : INFO : using symmetric eta at 0.03333333333333333
2018-08-28 05:43:07,039 : INFO : using serial LDA version on this node
2018-08-28 05:43:07,340 : INFO : running online (multi-pass) LDA training, 30 topics, 100 passes over the supplied corpus of 1067 documents, updating model once every 1067 documents, evaluating perplexity every 1067 documents, iterating 50x with a convergence threshold of 0.001000
2018-08-28 05:43:11,693 : INFO : -16.263 per-word bound, 78632.4 perplexity estimate based on a held-out corpus of 1067 documents with 1256157 words
2018-08-28 05:43:11,694 : INFO : PROGRESS: pass 0, at document #1067/1067
2018-08-28 05:43:13,829 : INFO : topic #19 (0.033): 0.009*"like" + 0.007*"get" + 0.006*"buy" + 0.006*"fucking" + 0.006*"one" + 0.005*"btc" + 0.005*"money" + 0.005*"coin" + 0.005*"even" + 0.005*"shit"
2018-08-28 05:43:13,830 : INFO : topic #25 (0.033): 0.007*"im" + 0.007*"btc" + 0.006*"buy" + 0.006*"like" + 0.006*"make" + 0.005*"get" + 0.004*"one" + 0.004*"bch" + 0.004*"people" + 0.004*"would"
2018-08-28 05:43:13,831 : INFO : topic #29 (0.033): 0.006*"btc" + 0.006*"like" + 0.005*"would" + 0.005*"im" + 0.005*"time" + 0.005*"bch" + 0.005*"get" + 0.005*"money" + 0.005*"go" + 0.004*"people"
2018-08-28 05:43:13,832 : INFO : topic #24 (0.033): 0.007*"btc" + 0.007*"bitcoin" + 0.006*"like" + 0.006*"make" + 0.005*"would" + 0.005*"im" + 0.005*"people" + 0.005*"buy" + 0.005*"go" + 0.004*"shit"
2018-08-28 05:43:13,834 : INFO : topic #11 (0.033): 0.008*"btc" + 0.006*"fucking" + 0.006*"one" + 0.006*"im" + 0.006*"get" + 0.006*"people" + 0.005*"going" + 0.005*"bitcoin" + 0.005*"coin" + 0.005*"money"
2018-08-28 05:43:13,837 : INFO : topic diff=13.056505, rho=1.000000
2018-08-28 05:43:18,112 : INFO : -9.731 per-word bound, 849.9 perplexity estimate based on a held-out corpus of 1067 documents with 1256157 words
2018-08-28 05:43:18,113 : INFO : PROGRESS: pass 1, at document #1067/1067
2018-08-28 05:43:20,225 : INFO : topic #26 (0.033): 0.009*"like" + 0.008*"im" + 0.008*"get" + 0.007*"buy" + 0.006*"money" + 0.005*"make" + 0.005*"going" + 0.005*"coin" + 0.005*"go" + 0.005*"people"
2018-08-28 05:43:20,226 : INFO : topic #7 (0.033): 0.007*"link" + 0.006*"buy" + 0.006*"would" + 0.006*"money" + 0.005*"get" + 0.005*"eth" + 0.005*"fucking" + 0.005*"like" + 0.005*"people" + 0.005*"fuck"
2018-08-28 05:43:20,228 : INFO : topic #2 (0.033): 0.008*"like" + 0.006*"im" + 0.006*"get" + 0.006*"buy" + 0.005*"people" + 0.005*"make" + 0.005*"would" + 0.005*"coin" + 0.004*"btc" + 0.004*"going"
2018-08-28 05:43:20,229 : INFO : topic #19 (0.033): 0.008*"like" + 0.007*"get" + 0.006*"buy" + 0.006*"one" + 0.006*"fucking" + 0.005*"money" + 0.005*"coin" + 0.005*"even" + 0.005*"im" + 0.004*"btc"
2018-08-28 05:43:20,231 : INFO : topic #8 (0.033): 0.010*"btc" + 0.010*"bch" + 0.007*"bitcoin" + 0.007*"people" + 0.006*"im" + 0.005*"like" + 0.005*"going" + 0.005*"go" + 0.005*"think" + 0.005*"time"
2018-08-28 05:43:20,233 : INFO : topic diff=4.482547, rho=0.577350
2018-08-28 05:43:24,427 : INFO : -8.987 per-word bound, 507.4 perplexity estimate based on a held-out corpus of 1067 documents with 1256157 words
2018-08-28 05:43:24,430 : INFO : PROGRESS: pass 2, at document #1067/1067
2018-08-28 05:43:26,458 : INFO : topic #15 (0.033): 0.009*"get" + 0.007*"im" + 0.006*"btc" + 0.005*"time" + 0.005*"bitcoin" + 0.005*"like" + 0.005*"year" + 0.005*"fucking" + 0.005*"make" + 0.004*"money"
2018-08-28 05:43:26,459 : INFO : topic #20 (0.033): 0.014*"tether" + 0.006*"buy" + 0.006*"btc" + 0.005*"people" + 0.005*"get" + 0.005*"one" + 0.005*"usd" + 0.005*"money" + 0.005*"shit" + 0.005*"coin"
2018-08-28 05:43:26,461 : INFO : topic #21 (0.033): 0.007*"btc" + 0.006*"get" + 0.005*"time" + 0.004*"bch" + 0.004*"like" + 0.004*"transaction" + 0.004*"know" + 0.004*"shit" + 0.004*"fuck" + 0.004*"fucking"
2018-08-28 05:43:26,462 : INFO : topic #26 (0.033): 0.008*"like" + 0.008*"im" + 0.008*"get" + 0.007*"buy" + 0.006*"money" + 0.005*"make" + 0.005*"going" + 0.005*"coin" + 0.005*"go" + 0.005*"people"
2018-08-28 05:43:26,463 : INFO : topic #4 (0.033): 0.007*"get" + 0.006*"like" + 0.006*"im" + 0.005*"link" + 0.005*"go" + 0.005*"one" + 0.005*"money" + 0.004*"people" + 0.004*"shit" + 0.004*"ha"
2018-08-28 05:43:26,466 : INFO : topic diff=2.950287, rho=0.500000
2018-08-28 05:43:30,634 : INFO : -8.758 per-word bound, 432.8 perplexity estimate based on a held-out corpus of 1067 documents with 1256157 words
2018-08-28 05:43:30,634 : INFO : PROGRESS: pass 3, at document #1067/1067
2018-08-28 05:43:32,609 : INFO : topic #20 (0.033): 0.022*"tether" + 0.007*"usd" + 0.007*"bitfinex" + 0.007*"btc" + 0.006*"buy" + 0.006*"exchange" + 0.005*"usdt" + 0.005*"people" + 0.005*"get" + 0.005*"money"
2018-08-28 05:43:32,611 : INFO : topic #23 (0.033): 0.011*"tether" + 0.009*"neo" + 0.006*"btc" + 0.006*"news" + 0.005*"people" + 0.005*"get" + 0.005*"going" + 0.005*"money" + 0.004*"sell" + 0.004*"buy"
2018-08-28 05:43:32,612 : INFO : topic #5 (0.033): 0.014*"btc" + 0.011*"bch" + 0.011*"bitcoin" + 0.007*"going" + 0.006*"get" + 0.006*"like" + 0.006*"coin" + 0.006*"buy" + 0.006*"fucking" + 0.005*"go"
2018-08-28 05:43:32,613 : INFO : topic #3 (0.033): 0.009*"like" + 0.009*"get" + 0.007*"im" + 0.006*"make" + 0.005*"people" + 0.005*"want" + 0.005*"would" + 0.005*"fucking" + 0.005*"shit" + 0.005*"know"
2018-08-28 05:43:32,614 : INFO : topic #28 (0.033): 0.007*"like" + 0.006*"get" + 0.006*"would" + 0.006*"buy" + 0.006*"btc" + 0.005*"money" + 0.005*"people" + 0.005*"one" + 0.005*"make" + 0.005*"im"
2018-08-28 05:43:32,617 : INFO : topic diff=1.945813, rho=0.447214
2018-08-28 05:43:36,805 : INFO : -8.643 per-word bound, 399.9 perplexity estimate based on a held-out corpus of 1067 documents with 1256157 words
2018-08-28 05:43:36,806 : INFO : PROGRESS: pass 4, at document #1067/1067
2018-08-28 05:43:38,832 : INFO : topic #28 (0.033): 0.008*"like" + 0.006*"get" + 0.006*"would" + 0.006*"buy" + 0.005*"btc" + 0.005*"money" + 0.005*"people" + 0.005*"one" + 0.005*"make" + 0.005*"im"
2018-08-28 05:43:38,833 : INFO : topic #4 (0.033): 0.006*"link" + 0.006*"get" + 0.006*"like" + 0.006*"ha" + 0.005*"im" + 0.005*"one" + 0.005*"go" + 0.005*"op" + 0.004*"money" + 0.004*"people"
2018-08-28 05:43:38,835 : INFO : topic #13 (0.033): 0.005*"get" + 0.004*"like" + 0.004*"wallet" + 0.004*"year" + 0.004*"im" + 0.003*"know" + 0.003*"crypto" + 0.003*"one" + 0.003*"people" + 0.003*"work"
2018-08-28 05:43:38,836 : INFO : topic #25 (0.033): 0.006*"car" + 0.006*"like" + 0.005*"get" + 0.004*"im" + 0.004*"fucking" + 0.004*"buy" + 0.004*"make" + 0.003*"one" + 0.003*"language" + 0.003*"btc"
2018-08-28 05:43:38,837 : INFO : topic #15 (0.033): 0.009*"get" + 0.007*"im" + 0.005*"year" + 0.005*"btc" + 0.005*"time" + 0.005*"fucking" + 0.005*"like" + 0.005*"make" + 0.004*"one" + 0.004*"money"
2018-08-28 05:43:38,840 : INFO : topic diff=1.297970, rho=0.408248
2018-08-28 05:43:42,992 : INFO : -8.578 per-word bound, 382.1 perplexity estimate based on a held-out corpus of 1067 documents with 1256157 words
2018-08-28 05:43:42,992 : INFO : PROGRESS: pass 5, at document #1067/1067
2018-08-28 05:43:45,040 : INFO : topic #20 (0.033): 0.033*"tether" + 0.012*"bitfinex" + 0.010*"usd" + 0.009*"usdt" + 0.008*"exchange" + 0.008*"btc" + 0.006*"buy" + 0.005*"money" + 0.005*"people" + 0.005*"get"
2018-08-28 05:43:45,042 : INFO : topic #26 (0.033): 0.008*"like" + 0.008*"im" + 0.008*"get" + 0.008*"buy" + 0.006*"money" + 0.006*"going" + 0.006*"coin" + 0.005*"make" + 0.005*"go" + 0.005*"shit"
2018-08-28 05:43:45,043 : INFO : topic #13 (0.033): 0.004*"wallet" + 0.004*"get" + 0.004*"like" + 0.003*"year" + 0.003*"im" + 0.003*"work" + 0.003*"know" + 0.003*"crypto" + 0.003*"it" + 0.003*"one"
2018-08-28 05:43:45,044 : INFO : topic #5 (0.033): 0.017*"btc" + 0.013*"bch" + 0.012*"bitcoin" + 0.007*"going" + 0.006*"like" + 0.006*"get" + 0.006*"coin" + 0.006*"buy" + 0.006*"fucking" + 0.005*"go"
2018-08-28 05:43:45,045 : INFO : topic #18 (0.033): 0.026*"ark" + 0.008*"btc" + 0.007*"get" + 0.006*"going" + 0.005*"im" + 0.005*"link" + 0.005*"like" + 0.005*"wallet" + 0.004*"sell" + 0.004*"buy"
2018-08-28 05:43:45,048 : INFO : topic diff=0.884113, rho=0.377964
2018-08-28 05:43:49,224 : INFO : -8.537 per-word bound, 371.3 perplexity estimate based on a held-out corpus of 1067 documents with 1256157 words
2018-08-28 05:43:49,225 : INFO : PROGRESS: pass 6, at document #1067/1067
2018-08-28 05:43:51,255 : INFO : topic #21 (0.033): 0.007*"quad" + 0.006*"btc" + 0.005*"roll" + 0.005*"transaction" + 0.005*"iota" + 0.004*"get" + 0.004*"snug" + 0.003*"sleep" + 0.003*"address" + 0.003*"one"
2018-08-28 05:43:51,257 : INFO : topic #6 (0.033): 0.013*"silver" + 0.009*"transaction" + 0.005*"block" + 0.005*"contract" + 0.005*"network" + 0.005*"dave" + 0.004*"ltc" + 0.004*"jane" + 0.004*"one" + 0.003*"fund"
2018-08-28 05:43:51,258 : INFO : topic #20 (0.033): 0.037*"tether" + 0.014*"bitfinex" + 0.011*"usd" + 0.010*"usdt" + 0.008*"exchange" + 0.008*"btc" + 0.006*"buy" + 0.006*"money" + 0.005*"people" + 0.005*"get"
2018-08-28 05:43:51,259 : INFO : topic #3 (0.033): 0.009*"like" + 0.009*"get" + 0.007*"im" + 0.006*"make" + 0.006*"people" + 0.006*"want" + 0.005*"would" + 0.005*"fucking" + 0.005*"money" + 0.005*"shit"
2018-08-28 05:43:51,260 : INFO : topic #12 (0.033): 0.012*"tax" + 0.007*"like" + 0.006*"get" + 0.006*"crypto" + 0.006*"fucking" + 0.006*"btc" + 0.006*"bitcoin" + 0.005*"pay" + 0.005*"would" + 0.005*"gain"
2018-08-28 05:43:51,262 : INFO : topic diff=0.615987, rho=0.353553
2018-08-28 05:43:55,474 : INFO : -8.509 per-word bound, 364.2 perplexity estimate based on a held-out corpus of 1067 documents with 1256157 words
2018-08-28 05:43:55,476 : INFO : PROGRESS: pass 7, at document #1067/1067
2018-08-28 05:43:57,508 : INFO : topic #29 (0.033): 0.004*"girl" + 0.003*"recession" + 0.002*"like" + 0.002*"would" + 0.002*"im" + 0.002*"people" + 0.002*"wife" + 0.002*"btc" + 0.002*"money" + 0.002*"good"
2018-08-28 05:43:57,509 : INFO : topic #7 (0.033): 0.021*"link" + 0.010*"token" + 0.008*"eth" + 0.007*"would" + 0.007*"node" + 0.006*"like" + 0.006*"swift" + 0.005*"money" + 0.005*"use" + 0.005*"chainlink"
2018-08-28 05:43:57,510 : INFO : topic #5 (0.033): 0.018*"btc" + 0.014*"bch" + 0.013*"bitcoin" + 0.007*"going" + 0.006*"like" + 0.006*"get" + 0.006*"coin" + 0.006*"buy" + 0.006*"fucking" + 0.005*"go"
2018-08-28 05:43:57,511 : INFO : topic #28 (0.033): 0.008*"like" + 0.006*"get" + 0.006*"would" + 0.006*"buy" + 0.005*"money" + 0.005*"people" + 0.005*"one" + 0.005*"make" + 0.004*"fucking" + 0.004*"im"
2018-08-28 05:43:57,513 : INFO : topic #10 (0.033): 0.017*"btc" + 0.010*"bch" + 0.009*"bitcoin" + 0.008*"people" + 0.006*"like" + 0.005*"would" + 0.005*"fucking" + 0.005*"get" + 0.005*"one" + 0.005*"money"
2018-08-28 05:43:57,515 : INFO : topic diff=0.438769, rho=0.333333
2018-08-28 05:44:01,663 : INFO : -8.488 per-word bound, 359.2 perplexity estimate based on a held-out corpus of 1067 documents with 1256157 words
2018-08-28 05:44:01,663 : INFO : PROGRESS: pass 8, at document #1067/1067
2018-08-28 05:44:03,689 : INFO : topic #9 (0.033): 0.004*"fucking" + 0.003*"money" + 0.003*"fuck" + 0.003*"link" + 0.003*"buy" + 0.002*"people" + 0.002*"time" + 0.002*"good" + 0.002*"going" + 0.002*"shilled"
2018-08-28 05:44:03,690 : INFO : topic #3 (0.033): 0.010*"like" + 0.009*"get" + 0.007*"im" + 0.006*"make" + 0.006*"people" + 0.006*"want" + 0.005*"would" + 0.005*"money" + 0.005*"fucking" + 0.005*"shit"
2018-08-28 05:44:03,692 : INFO : topic #1 (0.033): 0.006*"node" + 0.005*"would" + 0.004*"data" + 0.003*"link" + 0.003*"company" + 0.002*"make" + 0.002*"like" + 0.002*"confido" + 0.001*"btc" + 0.001*"buy"
2018-08-28 05:44:03,693 : INFO : topic #29 (0.033): 0.004*"girl" + 0.003*"recession" + 0.002*"wife" + 0.002*"like" + 0.002*"would" + 0.002*"im" + 0.002*"gold" + 0.002*"people" + 0.002*"money" + 0.002*"btc"
2018-08-28 05:44:03,694 : INFO : topic #0 (0.033): 0.058*"die" + 0.010*"10k" + 0.005*"im" + 0.004*"079" + 0.004*"back" + 0.003*"go" + 0.003*"btc" + 0.003*"get" + 0.003*"soon" + 0.003*"fucking"
2018-08-28 05:44:03,696 : INFO : topic diff=0.319190, rho=0.316228
2018-08-28 05:44:07,894 : INFO : -8.473 per-word bound, 355.4 perplexity estimate based on a held-out corpus of 1067 documents with 1256157 words
2018-08-28 05:44:07,895 : INFO : PROGRESS: pass 9, at document #1067/1067
2018-08-28 05:44:09,933 : INFO : topic #10 (0.033): 0.017*"btc" + 0.009*"bitcoin" + 0.009*"bch" + 0.008*"people" + 0.006*"like" + 0.005*"would" + 0.005*"fucking" + 0.005*"one" + 0.005*"get" + 0.005*"money"
2018-08-28 05:44:09,935 : INFO : topic #3 (0.033): 0.010*"like" + 0.010*"get" + 0.007*"im" + 0.006*"make" + 0.006*"people" + 0.006*"want" + 0.005*"would" + 0.005*"money" + 0.005*"fucking" + 0.005*"shit"
2018-08-28 05:44:09,936 : INFO : topic #15 (0.033): 0.010*"get" + 0.006*"im" + 0.006*"year" + 0.005*"fucking" + 0.005*"make" + 0.004*"fuck" + 0.004*"like" + 0.004*"roll" + 0.004*"time" + 0.004*"one"
2018-08-28 05:44:09,937 : INFO : topic #26 (0.033): 0.008*"im" + 0.008*"buy" + 0.008*"like" + 0.008*"get" + 0.006*"money" + 0.006*"coin" + 0.006*"going" + 0.005*"make" + 0.005*"go" + 0.005*"shit"
2018-08-28 05:44:09,939 : INFO : topic #16 (0.033): 0.007*"people" + 0.006*"money" + 0.005*"fucking" + 0.005*"good" + 0.005*"like" + 0.005*"get" + 0.004*"make" + 0.004*"buy" + 0.004*"pump" + 0.004*"btc"
2018-08-28 05:44:09,942 : INFO : topic diff=0.236881, rho=0.301511
2018-08-28 05:44:14,166 : INFO : -8.462 per-word bound, 352.5 perplexity estimate based on a held-out corpus of 1067 documents with 1256157 words
2018-08-28 05:44:14,166 : INFO : PROGRESS: pass 10, at document #1067/1067
2018-08-28 05:44:16,243 : INFO : topic #29 (0.033): 0.004*"girl" + 0.003*"recession" + 0.002*"wife" + 0.002*"gold" + 0.001*"ugly" + 0.001*"would" + 0.001*"collapse" + 0.001*"hot" + 0.001*"like" + 0.001*"im"
2018-08-28 05:44:16,245 : INFO : topic #21 (0.033): 0.009*"quad" + 0.006*"iota" + 0.005*"roll" + 0.005*"snug" + 0.005*"transaction" + 0.004*"btc" + 0.004*"sleep" + 0.004*"address" + 0.003*"rolling" + 0.003*"get"
2018-08-28 05:44:16,246 : INFO : topic #14 (0.033): 0.023*"link" + 0.007*"im" + 0.006*"coin" + 0.006*"buy" + 0.005*"get" + 0.005*"know" + 0.005*"like" + 0.005*"even" + 0.005*"go" + 0.005*"make"
2018-08-28 05:44:16,247 : INFO : topic #10 (0.033): 0.017*"btc" + 0.009*"bitcoin" + 0.009*"bch" + 0.008*"people" + 0.006*"like" + 0.005*"would" + 0.005*"one" + 0.005*"fucking" + 0.005*"get" + 0.005*"money"
2018-08-28 05:44:16,248 : INFO : topic #1 (0.033): 0.005*"node" + 0.004*"would" + 0.004*"data" + 0.002*"company" + 0.002*"link" + 0.002*"confido" + 0.001*"providing" + 0.001*"20" + 0.001*"slush" + 0.001*"make"
2018-08-28 05:44:16,251 : INFO : topic diff=0.179303, rho=0.288675
2018-08-28 05:44:20,438 : INFO : -8.452 per-word bound, 350.2 perplexity estimate based on a held-out corpus of 1067 documents with 1256157 words
2018-08-28 05:44:20,438 : INFO : PROGRESS: pass 11, at document #1067/1067
2018-08-28 05:44:22,484 : INFO : topic #7 (0.033): 0.028*"link" + 0.013*"token" + 0.009*"eth" + 0.009*"node" + 0.008*"chainlink" + 0.007*"would" + 0.007*"swift" + 0.006*"like" + 0.006*"use" + 0.005*"price"
2018-08-28 05:44:22,488 : INFO : topic #29 (0.033): 0.004*"girl" + 0.003*"recession" + 0.002*"wife" + 0.001*"gold" + 0.001*"ugly" + 0.001*"collapse" + 0.001*"hot" + 0.001*"would" + 0.001*"like" + 0.001*"u"
2018-08-28 05:44:22,498 : INFO : topic #5 (0.033): 0.020*"btc" + 0.015*"bch" + 0.014*"bitcoin" + 0.007*"going" + 0.006*"like" + 0.006*"get" + 0.006*"coin" + 0.006*"buy" + 0.006*"fucking" + 0.005*"go"
2018-08-28 05:44:22,499 : INFO : topic #22 (0.033): 0.157*"chancoin" + 0.006*"coin" + 0.004*"4chn" + 0.004*"chan" + 0.004*"wallet" + 0.004*"discord" + 0.003*"tipping" + 0.003*"address" + 0.003*"need" + 0.003*"post"
2018-08-28 05:44:22,500 : INFO : topic #20 (0.033): 0.042*"tether" + 0.017*"bitfinex" + 0.013*"usd" + 0.011*"usdt" + 0.011*"exchange" + 0.009*"btc" + 0.006*"money" + 0.006*"crypto" + 0.006*"market" + 0.006*"buy"
2018-08-28 05:44:22,503 : INFO : topic diff=0.138519, rho=0.277350
2018-08-28 05:44:26,725 : INFO : -8.444 per-word bound, 348.3 perplexity estimate based on a held-out corpus of 1067 documents with 1256157 words
2018-08-28 05:44:26,726 : INFO : PROGRESS: pass 12, at document #1067/1067
2018-08-28 05:44:28,804 : INFO : topic #18 (0.033): 0.038*"ark" + 0.007*"get" + 0.007*"going" + 0.006*"wallet" + 0.006*"im" + 0.005*"like" + 0.005*"btc" + 0.005*"coin" + 0.005*"eth" + 0.004*"would"
2018-08-28 05:44:28,805 : INFO : topic #23 (0.033): 0.017*"neo" + 0.011*"news" + 0.005*"sell" + 0.005*"tether" + 0.005*"people" + 0.005*"btc" + 0.004*"money" + 0.003*"going" + 0.003*"price" + 0.003*"get"
2018-08-28 05:44:28,806 : INFO : topic #20 (0.033): 0.043*"tether" + 0.017*"bitfinex" + 0.013*"usd" + 0.011*"usdt" + 0.011*"exchange" + 0.009*"btc" + 0.006*"money" + 0.006*"crypto" + 0.006*"market" + 0.006*"people"
2018-08-28 05:44:28,807 : INFO : topic #4 (0.033): 0.007*"link" + 0.007*"ha" + 0.005*"op" + 0.005*"one" + 0.005*"go" + 0.005*"get" + 0.005*"fake" + 0.004*"real" + 0.004*"time" + 0.004*"like"
2018-08-28 05:44:28,810 : INFO : topic diff=0.109354, rho=0.267261
2018-08-28 05:44:32,971 : INFO : -8.437 per-word bound, 346.7 perplexity estimate based on a held-out corpus of 1067 documents with 1256157 words
2018-08-28 05:44:32,972 : INFO : PROGRESS: pass 13, at document #1067/1067
2018-08-28 05:44:34,989 : INFO : topic #14 (0.033): 0.026*"link" + 0.007*"im" + 0.006*"coin" + 0.006*"buy" + 0.005*"know" + 0.005*"get" + 0.005*"even" + 0.005*"like" + 0.005*"make" + 0.005*"go"
2018-08-28 05:44:34,990 : INFO : topic #3 (0.033): 0.010*"get" + 0.010*"like" + 0.008*"im" + 0.006*"make" + 0.006*"people" + 0.006*"want" + 0.005*"money" + 0.005*"would" + 0.005*"fucking" + 0.005*"shit"
2018-08-28 05:44:34,992 : INFO : topic #2 (0.033): 0.008*"organ" + 0.004*"token" + 0.003*"people" + 0.003*"money" + 0.003*"fuck" + 0.003*"team" + 0.003*"card" + 0.002*"make" + 0.002*"telegram" + 0.002*"ico"
2018-08-28 05:44:34,993 : INFO : topic #4 (0.033): 0.007*"link" + 0.007*"ha" + 0.006*"op" + 0.005*"one" + 0.005*"fake" + 0.005*"go" + 0.005*"get" + 0.004*"real" + 0.004*"time" + 0.004*"like"
2018-08-28 05:44:34,995 : INFO : topic #21 (0.033): 0.010*"quad" + 0.006*"iota" + 0.006*"snug" + 0.005*"roll" + 0.005*"transaction" + 0.004*"sleep" + 0.004*"address" + 0.004*"btc" + 0.003*"rolling" + 0.003*"smug"
2018-08-28 05:44:34,997 : INFO : topic diff=0.088248, rho=0.258199
2018-08-28 05:44:39,192 : INFO : -8.432 per-word bound, 345.3 perplexity estimate based on a held-out corpus of 1067 documents with 1256157 words
2018-08-28 05:44:39,192 : INFO : PROGRESS: pass 14, at document #1067/1067
2018-08-28 05:44:41,206 : INFO : topic #29 (0.033): 0.003*"recession" + 0.003*"girl" + 0.002*"wife" + 0.001*"ugly" + 0.001*"collapse" + 0.001*"gold" + 0.001*"hot" + 0.001*"krugman" + 0.001*"interestedgo" + 0.001*"global"
2018-08-28 05:44:41,207 : INFO : topic #5 (0.033): 0.020*"btc" + 0.015*"bch" + 0.014*"bitcoin" + 0.007*"going" + 0.006*"like" + 0.006*"get" + 0.006*"coin" + 0.006*"buy" + 0.006*"fucking" + 0.006*"people"
2018-08-28 05:44:41,208 : INFO : topic #12 (0.033): 0.015*"tax" + 0.008*"crypto" + 0.007*"pay" + 0.007*"like" + 0.007*"get" + 0.007*"gain" + 0.006*"year" + 0.006*"fucking" + 0.006*"would" + 0.005*"trade"
2018-08-28 05:44:41,209 : INFO : topic #3 (0.033): 0.010*"get" + 0.010*"like" + 0.008*"im" + 0.007*"make" + 0.006*"people" + 0.006*"want" + 0.005*"money" + 0.005*"would" + 0.005*"fucking" + 0.005*"know"
2018-08-28 05:44:41,211 : INFO : topic #16 (0.033): 0.007*"people" + 0.006*"money" + 0.006*"fucking" + 0.004*"good" + 0.004*"make" + 0.004*"pump" + 0.004*"like" + 0.003*"buy" + 0.003*"get" + 0.003*"book"
2018-08-28 05:44:41,213 : INFO : topic diff=0.072738, rho=0.250000
2018-08-28 05:44:45,363 : INFO : -8.426 per-word bound, 344.0 perplexity estimate based on a held-out corpus of 1067 documents with 1256157 words
2018-08-28 05:44:45,363 : INFO : PROGRESS: pass 15, at document #1067/1067
2018-08-28 05:44:47,504 : INFO : topic #28 (0.033): 0.008*"like" + 0.006*"get" + 0.006*"would" + 0.005*"buy" + 0.005*"people" + 0.005*"money" + 0.005*"one" + 0.004*"make" + 0.004*"fucking" + 0.004*"want"
2018-08-28 05:44:47,505 : INFO : topic #0 (0.033): 0.076*"die" + 0.012*"10k" + 0.006*"079" + 0.004*"pip" + 0.003*"back" + 0.003*"im" + 0.003*"soon" + 0.002*"1" + 0.002*"fucking" + 0.002*"go"
2018-08-28 05:44:47,507 : INFO : topic #21 (0.033): 0.010*"quad" + 0.007*"iota" + 0.006*"snug" + 0.005*"roll" + 0.004*"transaction" + 0.004*"sleep" + 0.004*"address" + 0.003*"rolling" + 0.003*"btc" + 0.003*"smug"
2018-08-28 05:44:47,508 : INFO : topic #7 (0.033): 0.031*"link" + 0.015*"token" + 0.009*"eth" + 0.009*"chainlink" + 0.009*"node" + 0.007*"would" + 0.007*"swift" + 0.006*"use" + 0.006*"smart" + 0.006*"price"
2018-08-28 05:44:47,509 : INFO : topic #1 (0.033): 0.002*"node" + 0.002*"data" + 0.002*"would" + 0.001*"slush" + 0.001*"confido" + 0.001*"providing" + 0.001*"sgx" + 0.001*"intel" + 0.001*"company" + 0.001*"speculated"
2018-08-28 05:44:47,512 : INFO : topic diff=0.061171, rho=0.242536
2018-08-28 05:44:51,718 : INFO : -8.422 per-word bound, 342.9 perplexity estimate based on a held-out corpus of 1067 documents with 1256157 words
2018-08-28 05:44:51,719 : INFO : PROGRESS: pass 16, at document #1067/1067
2018-08-28 05:44:53,769 : INFO : topic #10 (0.033): 0.016*"btc" + 0.009*"bitcoin" + 0.009*"people" + 0.008*"bch" + 0.006*"would" + 0.006*"like" + 0.005*"one" + 0.005*"fucking" + 0.005*"money" + 0.004*"get"
2018-08-28 05:44:53,770 : INFO : topic #20 (0.033): 0.043*"tether" + 0.017*"bitfinex" + 0.013*"usd" + 0.011*"exchange" + 0.011*"usdt" + 0.010*"btc" + 0.007*"crypto" + 0.007*"market" + 0.007*"money" + 0.006*"people"
2018-08-28 05:44:53,772 : INFO : topic #15 (0.033): 0.010*"get" + 0.006*"im" + 0.006*"year" + 0.005*"roll" + 0.005*"fucking" + 0.005*"make" + 0.005*"fuck" + 0.004*"one" + 0.004*"like" + 0.004*"time"
2018-08-28 05:44:53,781 : INFO : topic #16 (0.033): 0.007*"people" + 0.006*"fucking" + 0.005*"money" + 0.004*"good" + 0.004*"make" + 0.003*"book" + 0.003*"pump" + 0.003*"like" + 0.003*"buy" + 0.003*"day"
2018-08-28 05:44:53,784 : INFO : topic diff=0.052381, rho=0.235702
2018-08-28 05:44:57,957 : INFO : -8.418 per-word bound, 342.0 perplexity estimate based on a held-out corpus of 1067 documents with 1256157 words
2018-08-28 05:44:57,958 : INFO : PROGRESS: pass 17, at document #1067/1067
2018-08-28 05:44:59,990 : INFO : topic #12 (0.033): 0.016*"tax" + 0.008*"crypto" + 0.008*"pay" + 0.007*"gain" + 0.007*"get" + 0.007*"like" + 0.006*"year" + 0.006*"fucking" + 0.006*"would" + 0.006*"trade"
2018-08-28 05:44:59,992 : INFO : topic #2 (0.033): 0.009*"organ" + 0.005*"card" + 0.004*"monaco" + 0.004*"token" + 0.003*"mco" + 0.003*"tenx" + 0.003*"telegram" + 0.002*"team" + 0.002*"ico" + 0.002*"people"
2018-08-28 05:44:59,993 : INFO : topic #15 (0.033): 0.010*"get" + 0.006*"im" + 0.006*"year" + 0.005*"roll" + 0.005*"fucking" + 0.005*"make" + 0.005*"fuck" + 0.004*"one" + 0.004*"like" + 0.004*"time"
2018-08-28 05:44:59,995 : INFO : topic #3 (0.033): 0.010*"get" + 0.010*"like" + 0.008*"im" + 0.007*"make" + 0.007*"people" + 0.006*"want" + 0.006*"money" + 0.005*"would" + 0.005*"fucking" + 0.005*"know"
2018-08-28 05:44:59,996 : INFO : topic #9 (0.033): 0.002*"shilled" + 0.002*"report" + 0.002*"confido" + 0.001*"zencash" + 0.001*"programmer" + 0.001*"labour" + 0.001*"announced" + 0.001*"fucking" + 0.001*"digital" + 0.001*"link"
2018-08-28 05:44:59,998 : INFO : topic diff=0.045604, rho=0.229416
2018-08-28 05:45:04,130 : INFO : -8.414 per-word bound, 341.1 perplexity estimate based on a held-out corpus of 1067 documents with 1256157 words
2018-08-28 05:45:04,131 : INFO : PROGRESS: pass 18, at document #1067/1067
2018-08-28 05:45:06,184 : INFO : topic #4 (0.033): 0.007*"ha" + 0.006*"link" + 0.006*"op" + 0.006*"fake" + 0.005*"one" + 0.005*"go" + 0.005*"real" + 0.004*"time" + 0.004*"get" + 0.004*"pbc"
2018-08-28 05:45:06,186 : INFO : topic #10 (0.033): 0.015*"btc" + 0.009*"bitcoin" + 0.009*"people" + 0.008*"bch" + 0.006*"would" + 0.006*"like" + 0.005*"one" + 0.005*"fucking" + 0.005*"money" + 0.005*"value"
2018-08-28 05:45:06,187 : INFO : topic #26 (0.033): 0.009*"buy" + 0.009*"im" + 0.008*"like" + 0.008*"get" + 0.007*"coin" + 0.006*"going" + 0.006*"money" + 0.006*"go" + 0.005*"make" + 0.005*"shit"
2018-08-28 05:45:06,188 : INFO : topic #14 (0.033): 0.028*"link" + 0.007*"im" + 0.007*"coin" + 0.006*"buy" + 0.005*"know" + 0.005*"even" + 0.005*"get" + 0.005*"go" + 0.005*"make" + 0.005*"like"
2018-08-28 05:45:06,189 : INFO : topic #27 (0.033): 0.006*"ceo" + 0.002*"unable" + 0.002*"mcdonalds" + 0.002*"company" + 0.002*"lettuce" + 0.002*"tomato" + 0.002*"comfydo" + 0.002*"bread" + 0.001*"programming" + 0.001*"bake"
2018-08-28 05:45:06,192 : INFO : topic diff=0.040268, rho=0.223607
2018-08-28 05:45:10,337 : INFO : -8.411 per-word bound, 340.3 perplexity estimate based on a held-out corpus of 1067 documents with 1256157 words
2018-08-28 05:45:10,337 : INFO : PROGRESS: pass 19, at document #1067/1067
2018-08-28 05:45:12,370 : INFO : topic #5 (0.033): 0.021*"btc" + 0.015*"bch" + 0.015*"bitcoin" + 0.007*"going" + 0.006*"like" + 0.006*"get" + 0.006*"coin" + 0.006*"buy" + 0.006*"fucking" + 0.006*"people"
2018-08-28 05:45:12,372 : INFO : topic #6 (0.033): 0.018*"silver" + 0.012*"transaction" + 0.008*"contract" + 0.007*"block" + 0.006*"network" + 0.006*"dave" + 0.006*"ltc" + 0.006*"jane" + 0.005*"fund" + 0.005*"channel"
2018-08-28 05:45:12,373 : INFO : topic #16 (0.033): 0.006*"people" + 0.005*"fucking" + 0.005*"money" + 0.004*"good" + 0.004*"book" + 0.003*"make" + 0.003*"pump" + 0.003*"day" + 0.003*"like" + 0.003*"op"
2018-08-28 05:45:12,374 : INFO : topic #3 (0.033): 0.010*"get" + 0.010*"like" + 0.008*"im" + 0.007*"make" + 0.007*"people" + 0.006*"want" + 0.006*"money" + 0.005*"would" + 0.005*"fucking" + 0.005*"know"
2018-08-28 05:45:12,375 : INFO : topic #4 (0.033): 0.007*"ha" + 0.006*"link" + 0.006*"op" + 0.006*"fake" + 0.005*"one" + 0.005*"real" + 0.005*"go" + 0.004*"time" + 0.004*"pbc" + 0.004*"get"
2018-08-28 05:45:12,378 : INFO : topic diff=0.035982, rho=0.218218
2018-08-28 05:45:16,557 : INFO : -8.407 per-word bound, 339.5 perplexity estimate based on a held-out corpus of 1067 documents with 1256157 words
2018-08-28 05:45:16,558 : INFO : PROGRESS: pass 20, at document #1067/1067
2018-08-28 05:45:18,591 : INFO : topic #6 (0.033): 0.018*"silver" + 0.013*"transaction" + 0.008*"contract" + 0.007*"block" + 0.007*"network" + 0.006*"dave" + 0.006*"ltc" + 0.006*"jane" + 0.005*"fund" + 0.005*"channel"
2018-08-28 05:45:18,593 : INFO : topic #1 (0.033): 0.001*"slush" + 0.001*"sgx" + 0.001*"intel" + 0.001*"speculated" + 0.001*"multicarrier" + 0.001*"providing" + 0.001*"apis" + 0.001*"node" + 0.001*"knock" + 0.001*"confido"
2018-08-28 05:45:18,594 : INFO : topic #26 (0.033): 0.009*"buy" + 0.009*"im" + 0.008*"like" + 0.008*"get" + 0.007*"coin" + 0.006*"going" + 0.006*"money" + 0.006*"go" + 0.005*"make" + 0.005*"shit"
2018-08-28 05:45:18,595 : INFO : topic #22 (0.033): 0.165*"chancoin" + 0.006*"coin" + 0.004*"4chn" + 0.004*"chan" + 0.004*"discord" + 0.004*"wallet" + 0.003*"tipping" + 0.003*"address" + 0.003*"blockchain" + 0.003*"name"
2018-08-28 05:45:18,596 : INFO : topic #0 (0.033): 0.082*"die" + 0.013*"10k" + 0.006*"079" + 0.005*"pip" + 0.003*"back" + 0.002*"soon" + 0.002*"im" + 0.002*"1" + 0.002*"sexual" + 0.002*"nude"
2018-08-28 05:45:18,598 : INFO : topic diff=0.032496, rho=0.213201
2018-08-28 05:45:22,791 : INFO : -8.404 per-word bound, 338.8 perplexity estimate based on a held-out corpus of 1067 documents with 1256157 words
2018-08-28 05:45:22,793 : INFO : PROGRESS: pass 21, at document #1067/1067
2018-08-28 05:45:24,839 : INFO : topic #20 (0.033): 0.044*"tether" + 0.017*"bitfinex" + 0.014*"usd" + 0.012*"exchange" + 0.011*"usdt" + 0.010*"btc" + 0.007*"market" + 0.007*"crypto" + 0.007*"money" + 0.006*"fiat"
2018-08-28 05:45:24,841 : INFO : topic #23 (0.033): 0.020*"neo" + 0.013*"news" + 0.005*"sell" + 0.004*"government" + 0.004*"people" + 0.003*"gas" + 0.003*"announcement" + 0.003*"btc" + 0.003*"price" + 0.002*"product"
2018-08-28 05:45:24,842 : INFO : topic #1 (0.033): 0.001*"slush" + 0.001*"sgx" + 0.001*"intel" + 0.001*"speculated" + 0.001*"multicarrier" + 0.001*"apis" + 0.001*"providing" + 0.001*"knock" + 0.001*"prophecy" + 0.001*"shall"
2018-08-28 05:45:24,843 : INFO : topic #11 (0.033): 0.039*"neo" + 0.009*"news" + 0.007*"china" + 0.006*"eth" + 0.005*"people" + 0.004*"going" + 0.004*"bubble" + 0.004*"buy" + 0.003*"market" + 0.003*"get"
2018-08-28 05:45:24,845 : INFO : topic #10 (0.033): 0.015*"btc" + 0.009*"bitcoin" + 0.009*"people" + 0.007*"bch" + 0.006*"would" + 0.005*"like" + 0.005*"one" + 0.005*"money" + 0.005*"value" + 0.005*"fucking"
2018-08-28 05:45:24,847 : INFO : topic diff=0.029604, rho=0.208514
2018-08-28 05:45:29,034 : INFO : -8.402 per-word bound, 338.2 perplexity estimate based on a held-out corpus of 1067 documents with 1256157 words
2018-08-28 05:45:29,034 : INFO : PROGRESS: pass 22, at document #1067/1067
2018-08-28 05:45:31,023 : INFO : topic #18 (0.033): 0.045*"ark" + 0.007*"wallet" + 0.007*"get" + 0.007*"going" + 0.005*"im" + 0.005*"delegate" + 0.005*"like" + 0.005*"deluded" + 0.005*"eth" + 0.004*"coin"
2018-08-28 05:45:31,024 : INFO : topic #5 (0.033): 0.021*"btc" + 0.015*"bch" + 0.015*"bitcoin" + 0.007*"going" + 0.006*"like" + 0.006*"get" + 0.006*"coin" + 0.006*"fucking" + 0.006*"buy" + 0.006*"people"
2018-08-28 05:45:31,026 : INFO : topic #14 (0.033): 0.029*"link" + 0.007*"coin" + 0.007*"im" + 0.006*"buy" + 0.006*"know" + 0.005*"even" + 0.005*"get" + 0.005*"go" + 0.005*"make" + 0.005*"like"
2018-08-28 05:45:31,027 : INFO : topic #1 (0.033): 0.001*"slush" + 0.001*"sgx" + 0.001*"intel" + 0.001*"speculated" + 0.001*"multicarrier" + 0.001*"apis" + 0.001*"providing" + 0.001*"knock" + 0.001*"prophecy" + 0.001*"shall"
2018-08-28 05:45:31,028 : INFO : topic #24 (0.033): 0.033*"monero" + 0.019*"wallet" + 0.013*"xmr" + 0.012*"bitcoin" + 0.009*"transaction" + 0.008*"private" + 0.008*"key" + 0.008*"address" + 0.008*"use" + 0.007*"privacy"
2018-08-28 05:45:31,030 : INFO : topic diff=0.027182, rho=0.204124
2018-08-28 05:45:35,192 : INFO : -8.399 per-word bound, 337.6 perplexity estimate based on a held-out corpus of 1067 documents with 1256157 words
2018-08-28 05:45:35,192 : INFO : PROGRESS: pass 23, at document #1067/1067
2018-08-28 05:45:37,287 : INFO : topic #4 (0.033): 0.007*"ha" + 0.006*"op" + 0.006*"fake" + 0.006*"link" + 0.005*"one" + 0.005*"real" + 0.005*"pbc" + 0.005*"go" + 0.004*"time" + 0.004*"linkies"
2018-08-28 05:45:37,288 : INFO : topic #23 (0.033): 0.021*"neo" + 0.013*"news" + 0.005*"sell" + 0.004*"government" + 0.003*"gas" + 0.003*"people" + 0.003*"announcement" + 0.002*"btc" + 0.002*"price" + 0.002*"product"
2018-08-28 05:45:37,289 : INFO : topic #1 (0.033): 0.001*"slush" + 0.001*"sgx" + 0.001*"intel" + 0.001*"speculated" + 0.001*"multicarrier" + 0.001*"apis" + 0.001*"knock" + 0.001*"providing" + 0.001*"prophecy" + 0.001*"shall"
2018-08-28 05:45:37,290 : INFO : topic #11 (0.033): 0.041*"neo" + 0.009*"news" + 0.007*"china" + 0.006*"eth" + 0.005*"people" + 0.004*"bubble" + 0.004*"going" + 0.003*"buy" + 0.003*"market" + 0.003*"still"
2018-08-28 05:45:37,292 : INFO : topic #15 (0.033): 0.010*"get" + 0.006*"im" + 0.006*"year" + 0.006*"roll" + 0.005*"fucking" + 0.005*"make" + 0.005*"fuck" + 0.004*"op" + 0.004*"one" + 0.004*"time"
2018-08-28 05:45:37,294 : INFO : topic diff=0.025124, rho=0.200000
2018-08-28 05:45:41,447 : INFO : -8.397 per-word bound, 337.1 perplexity estimate based on a held-out corpus of 1067 documents with 1256157 words
2018-08-28 05:45:41,447 : INFO : PROGRESS: pass 24, at document #1067/1067
2018-08-28 05:45:43,475 : INFO : topic #14 (0.033): 0.029*"link" + 0.007*"coin" + 0.006*"im" + 0.006*"buy" + 0.006*"know" + 0.005*"even" + 0.005*"go" + 0.005*"get" + 0.005*"make" + 0.005*"project"
2018-08-28 05:45:43,477 : INFO : topic #22 (0.033): 0.167*"chancoin" + 0.006*"coin" + 0.004*"4chn" + 0.004*"chan" + 0.004*"discord" + 0.004*"wallet" + 0.003*"tipping" + 0.003*"address" + 0.003*"blockchain" + 0.003*"name"
2018-08-28 05:45:43,478 : INFO : topic #18 (0.033): 0.046*"ark" + 0.008*"wallet" + 0.007*"get" + 0.007*"going" + 0.005*"im" + 0.005*"delegate" + 0.005*"deluded" + 0.005*"like" + 0.005*"eth" + 0.004*"coin"
2018-08-28 05:45:43,479 : INFO : topic #13 (0.033): 0.004*"wallet" + 0.003*"age" + 0.002*"parity" + 0.002*"metamask" + 0.002*"homosexuality" + 0.002*"trans" + 0.002*"hardware" + 0.002*"gender" + 0.002*"lisk" + 0.002*"deleted"
2018-08-28 05:45:43,480 : INFO : topic #23 (0.033): 0.021*"neo" + 0.013*"news" + 0.005*"sell" + 0.004*"government" + 0.004*"gas" + 0.003*"announcement" + 0.003*"people" + 0.002*"product" + 0.002*"price" + 0.002*"btc"
2018-08-28 05:45:43,483 : INFO : topic diff=0.023352, rho=0.196116
2018-08-28 05:45:47,661 : INFO : -8.395 per-word bound, 336.5 perplexity estimate based on a held-out corpus of 1067 documents with 1256157 words
2018-08-28 05:45:47,661 : INFO : PROGRESS: pass 25, at document #1067/1067
2018-08-28 05:45:49,695 : INFO : topic #13 (0.033): 0.004*"wallet" + 0.003*"age" + 0.003*"parity" + 0.002*"metamask" + 0.002*"homosexuality" + 0.002*"trans" + 0.002*"hardware" + 0.002*"gender" + 0.002*"lisk" + 0.002*"deleted"
2018-08-28 05:45:49,696 : INFO : topic #5 (0.033): 0.022*"btc" + 0.016*"bch" + 0.015*"bitcoin" + 0.007*"going" + 0.006*"like" + 0.006*"get" + 0.006*"coin" + 0.006*"fucking" + 0.006*"buy" + 0.006*"people"
2018-08-28 05:45:49,697 : INFO : topic #10 (0.033): 0.014*"btc" + 0.009*"people" + 0.009*"bitcoin" + 0.006*"bch" + 0.006*"would" + 0.005*"like" + 0.005*"one" + 0.005*"value" + 0.005*"money" + 0.005*"fucking"
2018-08-28 05:45:49,699 : INFO : topic #2 (0.033): 0.010*"organ" + 0.008*"card" + 0.006*"monaco" + 0.005*"mco" + 0.004*"visa" + 0.004*"tenx" + 0.003*"telegram" + 0.003*"token" + 0.002*"tokencard" + 0.002*"team"
2018-08-28 05:45:49,700 : INFO : topic #3 (0.033): 0.010*"get" + 0.010*"like" + 0.008*"im" + 0.007*"people" + 0.007*"make" + 0.006*"want" + 0.006*"money" + 0.005*"would" + 0.005*"fucking" + 0.005*"know"
2018-08-28 05:45:49,702 : INFO : topic diff=0.021814, rho=0.192450
2018-08-28 05:45:53,906 : INFO : -8.393 per-word bound, 336.1 perplexity estimate based on a held-out corpus of 1067 documents with 1256157 words
2018-08-28 05:45:53,909 : INFO : PROGRESS: pass 26, at document #1067/1067
2018-08-28 05:45:55,965 : INFO : topic #11 (0.033): 0.043*"neo" + 0.009*"news" + 0.007*"china" + 0.005*"eth" + 0.004*"people" + 0.004*"bubble" + 0.004*"going" + 0.003*"monday" + 0.003*"market" + 0.003*"chinese"
2018-08-28 05:45:55,968 : INFO : topic #2 (0.033): 0.010*"organ" + 0.008*"card" + 0.007*"monaco" + 0.005*"mco" + 0.004*"visa" + 0.004*"tenx" + 0.003*"telegram" + 0.003*"token" + 0.002*"tokencard" + 0.002*"prepaid"
2018-08-28 05:45:55,970 : INFO : topic #10 (0.033): 0.014*"btc" + 0.009*"people" + 0.009*"bitcoin" + 0.006*"bch" + 0.006*"would" + 0.005*"like" + 0.005*"one" + 0.005*"value" + 0.005*"money" + 0.005*"fucking"
2018-08-28 05:45:55,971 : INFO : topic #25 (0.033): 0.032*"car" + 0.008*"drive" + 0.006*"language" + 0.006*"porsche" + 0.005*"lambo" + 0.005*"centrum" + 0.004*"english" + 0.003*"show" + 0.003*"audi" + 0.003*"learn"
2018-08-28 05:45:55,972 : INFO : topic #27 (0.033): 0.007*"ceo" + 0.002*"unable" + 0.002*"mcdonalds" + 0.002*"lettuce" + 0.002*"tomato" + 0.002*"comfydo" + 0.002*"bread" + 0.001*"company" + 0.001*"programming" + 0.001*"bake"
2018-08-28 05:45:55,974 : INFO : topic diff=0.020466, rho=0.188982
2018-08-28 05:46:00,154 : INFO : -8.391 per-word bound, 335.6 perplexity estimate based on a held-out corpus of 1067 documents with 1256157 words
2018-08-28 05:46:00,155 : INFO : PROGRESS: pass 27, at document #1067/1067
2018-08-28 05:46:02,176 : INFO : topic #26 (0.033): 0.010*"buy" + 0.009*"im" + 0.008*"like" + 0.008*"get" + 0.007*"coin" + 0.007*"going" + 0.006*"go" + 0.006*"money" + 0.005*"make" + 0.005*"shit"
2018-08-28 05:46:02,177 : INFO : topic #0 (0.033): 0.086*"die" + 0.013*"10k" + 0.008*"pip" + 0.006*"079" + 0.003*"back" + 0.002*"soon" + 0.002*"nude" + 0.002*"sexual" + 0.002*"1" + 0.001*"forex"
2018-08-28 05:46:02,178 : INFO : topic #6 (0.033): 0.019*"silver" + 0.013*"transaction" + 0.008*"contract" + 0.007*"block" + 0.007*"network" + 0.006*"dave" + 0.006*"ltc" + 0.006*"jane" + 0.005*"fund" + 0.005*"channel"
2018-08-28 05:46:02,179 : INFO : topic #13 (0.033): 0.003*"wallet" + 0.003*"age" + 0.003*"parity" + 0.002*"metamask" + 0.002*"homosexuality" + 0.002*"trans" + 0.002*"hardware" + 0.002*"gender" + 0.002*"lisk" + 0.002*"deleted"
2018-08-28 05:46:02,180 : INFO : topic #27 (0.033): 0.007*"ceo" + 0.002*"unable" + 0.002*"mcdonalds" + 0.002*"lettuce" + 0.002*"tomato" + 0.002*"comfydo" + 0.002*"bread" + 0.001*"company" + 0.001*"programming" + 0.001*"bake"
2018-08-28 05:46:02,182 : INFO : topic diff=0.019265, rho=0.185695
2018-08-28 05:46:06,242 : INFO : -8.389 per-word bound, 335.2 perplexity estimate based on a held-out corpus of 1067 documents with 1256157 words
2018-08-28 05:46:06,242 : INFO : PROGRESS: pass 28, at document #1067/1067
2018-08-28 05:46:08,271 : INFO : topic #21 (0.033): 0.012*"quad" + 0.008*"iota" + 0.006*"snug" + 0.005*"sleep" + 0.004*"address" + 0.004*"rolling" + 0.004*"roll" + 0.003*"smug" + 0.003*"transaction" + 0.002*"balance"
2018-08-28 05:46:08,272 : INFO : topic #7 (0.033): 0.030*"link" + 0.018*"token" + 0.010*"eth" + 0.009*"chainlink" + 0.008*"smart" + 0.008*"node" + 0.008*"contract" + 0.007*"would" + 0.007*"use" + 0.007*"price"
2018-08-28 05:46:08,273 : INFO : topic #8 (0.033): 0.032*"iota" + 0.005*"giota" + 0.004*"transaction" + 0.003*"supply" + 0.002*"reclaim" + 0.002*"wallet" + 0.002*"btc" + 0.002*"tool" + 0.002*"devs" + 0.002*"foundation"
2018-08-28 05:46:08,274 : INFO : topic #5 (0.033): 0.022*"btc" + 0.016*"bch" + 0.016*"bitcoin" + 0.007*"going" + 0.006*"like" + 0.006*"get" + 0.006*"fucking" + 0.006*"coin" + 0.006*"people" + 0.006*"buy"
2018-08-28 05:46:08,275 : INFO : topic #16 (0.033): 0.005*"people" + 0.005*"fucking" + 0.004*"book" + 0.004*"money" + 0.003*"good" + 0.003*"op" + 0.002*"rich" + 0.002*"make" + 0.002*"day" + 0.002*"candle"
2018-08-28 05:46:08,278 : INFO : topic diff=0.018189, rho=0.182574
2018-08-28 05:46:12,437 : INFO : -8.387 per-word bound, 334.8 perplexity estimate based on a held-out corpus of 1067 documents with 1256157 words
2018-08-28 05:46:12,438 : INFO : PROGRESS: pass 29, at document #1067/1067
2018-08-28 05:46:14,451 : INFO : topic #23 (0.033): 0.022*"neo" + 0.014*"news" + 0.004*"government" + 0.004*"sell" + 0.004*"gas" + 0.003*"announcement" + 0.003*"product" + 0.003*"people" + 0.002*"customer" + 0.002*"price"
2018-08-28 05:46:14,452 : INFO : topic #5 (0.033): 0.022*"btc" + 0.016*"bch" + 0.016*"bitcoin" + 0.007*"going" + 0.006*"like" + 0.006*"get" + 0.006*"fucking" + 0.006*"coin" + 0.006*"people" + 0.006*"buy"
2018-08-28 05:46:14,453 : INFO : topic #7 (0.033): 0.030*"link" + 0.018*"token" + 0.010*"eth" + 0.009*"chainlink" + 0.008*"smart" + 0.008*"contract" + 0.008*"node" + 0.007*"use" + 0.007*"would" + 0.007*"price"
2018-08-28 05:46:14,454 : INFO : topic #10 (0.033): 0.014*"btc" + 0.009*"people" + 0.009*"bitcoin" + 0.006*"bch" + 0.006*"would" + 0.005*"like" + 0.005*"value" + 0.005*"one" + 0.005*"money" + 0.005*"gold"
2018-08-28 05:46:14,455 : INFO : topic #15 (0.033): 0.010*"get" + 0.006*"year" + 0.006*"im" + 0.006*"roll" + 0.005*"fucking" + 0.005*"make" + 0.005*"op" + 0.005*"fuck" + 0.004*"one" + 0.004*"got"
2018-08-28 05:46:14,458 : INFO : topic diff=0.017221, rho=0.179605
2018-08-28 05:46:18,632 : INFO : -8.385 per-word bound, 334.4 perplexity estimate based on a held-out corpus of 1067 documents with 1256157 words
2018-08-28 05:46:18,633 : INFO : PROGRESS: pass 30, at document #1067/1067
2018-08-28 05:46:20,666 : INFO : topic #1 (0.033): 0.001*"slush" + 0.001*"sgx" + 0.001*"intel" + 0.001*"speculated" + 0.001*"multicarrier" + 0.001*"apis" + 0.001*"knock" + 0.001*"prophecy" + 0.001*"supplying" + 0.001*"chorus"
2018-08-28 05:46:20,667 : INFO : topic #13 (0.033): 0.003*"age" + 0.003*"parity" + 0.003*"metamask" + 0.002*"wallet" + 0.002*"homosexuality" + 0.002*"trans" + 0.002*"lisk" + 0.002*"gender" + 0.002*"deleted" + 0.002*"diamond"
2018-08-28 05:46:20,669 : INFO : topic #6 (0.033): 0.019*"silver" + 0.013*"transaction" + 0.008*"contract" + 0.007*"block" + 0.007*"network" + 0.007*"dave" + 0.006*"ltc" + 0.006*"jane" + 0.005*"fund" + 0.005*"channel"
2018-08-28 05:46:20,670 : INFO : topic #28 (0.033): 0.008*"like" + 0.006*"would" + 0.005*"get" + 0.005*"buy" + 0.005*"one" + 0.005*"people" + 0.004*"money" + 0.004*"fucking" + 0.004*"make" + 0.004*"want"
2018-08-28 05:46:20,671 : INFO : topic #23 (0.033): 0.023*"neo" + 0.014*"news" + 0.004*"government" + 0.004*"sell" + 0.004*"gas" + 0.003*"announcement" + 0.003*"product" + 0.002*"people" + 0.002*"customer" + 0.002*"fee"
2018-08-28 05:46:20,674 : INFO : topic diff=0.016340, rho=0.176777
2018-08-28 05:46:24,859 : INFO : -8.384 per-word bound, 334.0 perplexity estimate based on a held-out corpus of 1067 documents with 1256157 words
2018-08-28 05:46:24,861 : INFO : PROGRESS: pass 31, at document #1067/1067
2018-08-28 05:46:26,916 : INFO : topic #14 (0.033): 0.029*"link" + 0.008*"coin" + 0.006*"im" + 0.006*"buy" + 0.006*"know" + 0.006*"even" + 0.005*"project" + 0.005*"go" + 0.005*"make" + 0.005*"get"
2018-08-28 05:46:26,917 : INFO : topic #22 (0.033): 0.170*"chancoin" + 0.006*"coin" + 0.004*"4chn" + 0.004*"chan" + 0.004*"discord" + 0.004*"wallet" + 0.003*"tipping" + 0.003*"address" + 0.003*"blockchain" + 0.003*"name"
2018-08-28 05:46:26,919 : INFO : topic #26 (0.033): 0.010*"buy" + 0.009*"im" + 0.008*"like" + 0.008*"get" + 0.007*"coin" + 0.007*"going" + 0.006*"go" + 0.006*"money" + 0.005*"make" + 0.005*"sell"
2018-08-28 05:46:26,920 : INFO : topic #8 (0.033): 0.033*"iota" + 0.005*"giota" + 0.003*"transaction" + 0.003*"supply" + 0.003*"reclaim" + 0.002*"wallet" + 0.002*"tool" + 0.002*"foundation" + 0.002*"devs" + 0.002*"tangle"
2018-08-28 05:46:26,921 : INFO : topic #16 (0.033): 0.004*"book" + 0.004*"people" + 0.004*"fucking" + 0.003*"money" + 0.003*"good" + 0.002*"op" + 0.002*"rich" + 0.002*"candle" + 0.002*"indian" + 0.002*"oil"
2018-08-28 05:46:26,923 : INFO : topic diff=0.015539, rho=0.174078
2018-08-28 05:46:31,047 : INFO : -8.382 per-word bound, 333.7 perplexity estimate based on a held-out corpus of 1067 documents with 1256157 words
2018-08-28 05:46:31,048 : INFO : PROGRESS: pass 32, at document #1067/1067
2018-08-28 05:46:33,105 : INFO : topic #18 (0.033): 0.050*"ark" + 0.008*"wallet" + 0.007*"get" + 0.007*"going" + 0.005*"delegate" + 0.005*"deluded" + 0.005*"im" + 0.004*"eth" + 0.004*"like" + 0.004*"coin"
2018-08-28 05:46:33,106 : INFO : topic #9 (0.033): 0.002*"report" + 0.002*"announced" + 0.002*"shilled" + 0.002*"zencash" + 0.002*"labour" + 0.001*"digital" + 0.001*"programmer" + 0.001*"confido" + 0.001*"sub" + 0.001*"occulus"
2018-08-28 05:46:33,107 : INFO : topic #20 (0.033): 0.044*"tether" + 0.017*"bitfinex" + 0.014*"usd" + 0.013*"exchange" + 0.012*"usdt" + 0.011*"btc" + 0.007*"market" + 0.007*"crypto" + 0.007*"money" + 0.007*"fiat"
2018-08-28 05:46:33,109 : INFO : topic #8 (0.033): 0.033*"iota" + 0.005*"giota" + 0.003*"transaction" + 0.003*"supply" + 0.003*"reclaim" + 0.002*"wallet" + 0.002*"tool" + 0.002*"foundation" + 0.002*"tangle" + 0.002*"devs"
2018-08-28 05:46:33,110 : INFO : topic #2 (0.033): 0.011*"organ" + 0.009*"card" + 0.007*"monaco" + 0.005*"mco" + 0.005*"visa" + 0.004*"tenx" + 0.003*"telegram" + 0.002*"tokencard" + 0.002*"token" + 0.002*"prepaid"
2018-08-28 05:46:33,112 : INFO : topic diff=0.014809, rho=0.171499
2018-08-28 05:46:37,309 : INFO : -8.381 per-word bound, 333.3 perplexity estimate based on a held-out corpus of 1067 documents with 1256157 words
2018-08-28 05:46:37,309 : INFO : PROGRESS: pass 33, at document #1067/1067
2018-08-28 05:46:39,346 : INFO : topic #26 (0.033): 0.010*"buy" + 0.009*"im" + 0.008*"like" + 0.008*"get" + 0.007*"coin" + 0.007*"going" + 0.006*"go" + 0.006*"money" + 0.005*"make" + 0.005*"sell"
2018-08-28 05:46:39,350 : INFO : topic #18 (0.033): 0.051*"ark" + 0.008*"wallet" + 0.007*"get" + 0.007*"going" + 0.005*"delegate" + 0.005*"deluded" + 0.005*"im" + 0.004*"eth" + 0.004*"like" + 0.004*"coin"
2018-08-28 05:46:39,351 : INFO : topic #20 (0.033): 0.044*"tether" + 0.017*"bitfinex" + 0.014*"usd" + 0.013*"exchange" + 0.012*"usdt" + 0.011*"btc" + 0.007*"market" + 0.007*"crypto" + 0.007*"money" + 0.007*"fiat"
2018-08-28 05:46:39,353 : INFO : topic #1 (0.033): 0.001*"slush" + 0.001*"sgx" + 0.001*"intel" + 0.001*"speculated" + 0.001*"multicarrier" + 0.001*"apis" + 0.001*"knock" + 0.001*"prophecy" + 0.001*"supplying" + 0.001*"chorus"
2018-08-28 05:46:39,355 : INFO : topic diff=0.014135, rho=0.169031
2018-08-28 05:46:43,501 : INFO : -8.379 per-word bound, 333.0 perplexity estimate based on a held-out corpus of 1067 documents with 1256157 words
2018-08-28 05:46:43,502 : INFO : PROGRESS: pass 34, at document #1067/1067
2018-08-28 05:46:45,528 : INFO : topic #6 (0.033): 0.019*"silver" + 0.013*"transaction" + 0.008*"contract" + 0.007*"block" + 0.007*"network" + 0.007*"dave" + 0.006*"ltc" + 0.006*"jane" + 0.005*"fund" + 0.005*"channel"
2018-08-28 05:46:45,529 : INFO : topic #18 (0.033): 0.051*"ark" + 0.008*"wallet" + 0.007*"get" + 0.007*"going" + 0.005*"delegate" + 0.005*"deluded" + 0.005*"im" + 0.004*"eth" + 0.004*"like" + 0.004*"coin"
2018-08-28 05:46:45,537 : INFO : topic #26 (0.033): 0.010*"buy" + 0.009*"im" + 0.008*"like" + 0.008*"get" + 0.007*"coin" + 0.007*"going" + 0.006*"go" + 0.006*"money" + 0.005*"make" + 0.005*"sell"
2018-08-28 05:46:45,540 : INFO : topic #3 (0.033): 0.010*"get" + 0.010*"like" + 0.008*"im" + 0.007*"people" + 0.007*"make" + 0.006*"want" + 0.006*"money" + 0.006*"would" + 0.005*"fucking" + 0.005*"know"
2018-08-28 05:46:45,542 : INFO : topic diff=0.013523, rho=0.166667
2018-08-28 05:46:49,867 : INFO : -8.378 per-word bound, 332.7 perplexity estimate based on a held-out corpus of 1067 documents with 1256157 words
2018-08-28 05:46:49,867 : INFO : PROGRESS: pass 35, at document #1067/1067
2018-08-28 05:46:51,908 : INFO : topic #19 (0.033): 0.006*"like" + 0.005*"rcn" + 0.005*"one" + 0.005*"coin" + 0.004*"token" + 0.004*"get" + 0.004*"eth" + 0.004*"even" + 0.003*"money" + 0.003*"year"
2018-08-28 05:46:51,909 : INFO : topic #8 (0.033): 0.034*"iota" + 0.005*"giota" + 0.003*"transaction" + 0.003*"supply" + 0.003*"reclaim" + 0.002*"wallet" + 0.002*"tool" + 0.002*"tangle" + 0.002*"foundation" + 0.002*"devs"
2018-08-28 05:46:51,910 : INFO : topic #7 (0.033): 0.029*"link" + 0.018*"token" + 0.011*"eth" + 0.009*"chainlink" + 0.009*"contract" + 0.009*"smart" + 0.008*"use" + 0.008*"node" + 0.007*"would" + 0.007*"price"
2018-08-28 05:46:51,911 : INFO : topic #13 (0.033): 0.003*"age" + 0.003*"parity" + 0.003*"metamask" + 0.002*"homosexuality" + 0.002*"trans" + 0.002*"lisk" + 0.002*"wallet" + 0.002*"gender" + 0.002*"deleted" + 0.002*"diamond"
2018-08-28 05:46:51,912 : INFO : topic #22 (0.033): 0.171*"chancoin" + 0.006*"coin" + 0.004*"4chn" + 0.004*"chan" + 0.004*"discord" + 0.004*"wallet" + 0.003*"tipping" + 0.003*"address" + 0.003*"blockchain" + 0.003*"name"
2018-08-28 05:46:51,914 : INFO : topic diff=0.012949, rho=0.164399
2018-08-28 05:46:56,108 : INFO : -8.377 per-word bound, 332.4 perplexity estimate based on a held-out corpus of 1067 documents with 1256157 words
2018-08-28 05:46:56,110 : INFO : PROGRESS: pass 36, at document #1067/1067
2018-08-28 05:46:58,174 : INFO : topic #0 (0.033): 0.089*"die" + 0.013*"10k" + 0.010*"pip" + 0.007*"079" + 0.002*"back" + 0.002*"fx" + 0.002*"forex" + 0.002*"nude" + 0.002*"soon" + 0.001*"daughter"
2018-08-28 05:46:58,175 : INFO : topic #22 (0.033): 0.171*"chancoin" + 0.006*"coin" + 0.004*"4chn" + 0.004*"chan" + 0.004*"discord" + 0.004*"wallet" + 0.003*"tipping" + 0.003*"address" + 0.003*"blockchain" + 0.003*"name"
2018-08-28 05:46:58,177 : INFO : topic #21 (0.033): 0.012*"quad" + 0.008*"iota" + 0.007*"snug" + 0.005*"sleep" + 0.004*"address" + 0.003*"rolling" + 0.003*"smug" + 0.003*"roll" + 0.002*"balance" + 0.002*"transaction"
2018-08-28 05:46:58,184 : INFO : topic #20 (0.033): 0.045*"tether" + 0.017*"bitfinex" + 0.015*"usd" + 0.013*"exchange" + 0.012*"usdt" + 0.011*"btc" + 0.007*"market" + 0.007*"crypto" + 0.007*"money" + 0.007*"fiat"
2018-08-28 05:46:58,187 : INFO : topic diff=0.012420, rho=0.162221
2018-08-28 05:47:02,109 : INFO : -8.376 per-word bound, 332.1 perplexity estimate based on a held-out corpus of 1067 documents with 1256157 words
2018-08-28 05:47:02,109 : INFO : PROGRESS: pass 37, at document #1067/1067
2018-08-28 05:47:04,141 : INFO : topic #21 (0.033): 0.012*"quad" + 0.008*"iota" + 0.007*"snug" + 0.005*"sleep" + 0.004*"address" + 0.003*"rolling" + 0.003*"smug" + 0.003*"roll" + 0.002*"balance" + 0.002*"transaction"
2018-08-28 05:47:04,149 : INFO : topic #15 (0.033): 0.010*"get" + 0.006*"roll" + 0.006*"year" + 0.006*"im" + 0.005*"op" + 0.005*"make" + 0.005*"fucking" + 0.005*"fuck" + 0.004*"got" + 0.004*"one"
2018-08-28 05:47:04,151 : INFO : topic #29 (0.033): 0.004*"recession" + 0.001*"krugman" + 0.001*"interestedgo" + 0.001*"girl" + 0.001*"ugly" + 0.001*"collapse" + 0.001*"global" + 0.001*"wife" + 0.001*"singaporean" + 0.001*"youwould"
2018-08-28 05:47:04,152 : INFO : topic #19 (0.033): 0.005*"like" + 0.005*"rcn" + 0.005*"one" + 0.005*"coin" + 0.004*"token" + 0.004*"get" + 0.004*"eth" + 0.004*"even" + 0.003*"got" + 0.003*"guy"
2018-08-28 05:47:04,155 : INFO : topic diff=0.011921, rho=0.160128
2018-08-28 05:47:08,353 : INFO : -8.374 per-word bound, 331.9 perplexity estimate based on a held-out corpus of 1067 documents with 1256157 words
2018-08-28 05:47:08,354 : INFO : PROGRESS: pass 38, at document #1067/1067
2018-08-28 05:47:10,371 : INFO : topic #4 (0.033): 0.008*"ha" + 0.007*"fake" + 0.007*"pbc" + 0.007*"op" + 0.006*"real" + 0.005*"one" + 0.004*"link" + 0.004*"deranged" + 0.004*"linkies" + 0.004*"time"
2018-08-28 05:47:10,373 : INFO : topic #16 (0.033): 0.005*"book" + 0.004*"fucking" + 0.003*"people" + 0.002*"money" + 0.002*"rich" + 0.002*"op" + 0.002*"candle" + 0.002*"indian" + 0.002*"oil" + 0.002*"good"
2018-08-28 05:47:10,374 : INFO : topic #19 (0.033): 0.005*"like" + 0.005*"rcn" + 0.005*"one" + 0.005*"coin" + 0.004*"token" + 0.004*"get" + 0.004*"eth" + 0.004*"even" + 0.003*"guy" + 0.003*"got"
2018-08-28 05:47:10,375 : INFO : topic #21 (0.033): 0.012*"quad" + 0.008*"iota" + 0.007*"snug" + 0.005*"sleep" + 0.004*"address" + 0.003*"rolling" + 0.003*"smug" + 0.003*"roll" + 0.002*"balance" + 0.002*"transaction"
2018-08-28 05:47:10,376 : INFO : topic #7 (0.033): 0.028*"link" + 0.018*"token" + 0.011*"eth" + 0.009*"chainlink" + 0.009*"contract" + 0.009*"smart" + 0.008*"use" + 0.007*"node" + 0.007*"would" + 0.007*"price"
2018-08-28 05:47:10,379 : INFO : topic diff=0.011462, rho=0.158114
2018-08-28 05:47:14,518 : INFO : -8.373 per-word bound, 331.6 perplexity estimate based on a held-out corpus of 1067 documents with 1256157 words
2018-08-28 05:47:14,518 : INFO : PROGRESS: pass 39, at document #1067/1067
2018-08-28 05:47:16,569 : INFO : topic #29 (0.033): 0.004*"recession" + 0.001*"krugman" + 0.001*"interestedgo" + 0.001*"ugly" + 0.001*"girl" + 0.001*"collapse" + 0.001*"global" + 0.001*"singaporean" + 0.001*"youwould" + 0.001*"rsd"
2018-08-28 05:47:16,577 : INFO : topic #7 (0.033): 0.028*"link" + 0.018*"token" + 0.011*"eth" + 0.009*"contract" + 0.009*"chainlink" + 0.009*"smart" + 0.008*"use" + 0.007*"node" + 0.007*"would" + 0.007*"price"
2018-08-28 05:47:16,579 : INFO : topic #22 (0.033): 0.172*"chancoin" + 0.006*"coin" + 0.004*"4chn" + 0.004*"chan" + 0.004*"discord" + 0.004*"wallet" + 0.003*"tipping" + 0.003*"address" + 0.003*"blockchain" + 0.003*"name"
2018-08-28 05:47:16,579 : INFO : topic #5 (0.033): 0.023*"btc" + 0.016*"bch" + 0.016*"bitcoin" + 0.007*"going" + 0.006*"like" + 0.006*"get" + 0.006*"people" + 0.006*"fucking" + 0.006*"coin" + 0.006*"time"
2018-08-28 05:47:16,582 : INFO : topic diff=0.011028, rho=0.156174
2018-08-28 05:47:20,812 : INFO : -8.372 per-word bound, 331.4 perplexity estimate based on a held-out corpus of 1067 documents with 1256157 words
2018-08-28 05:47:20,812 : INFO : PROGRESS: pass 40, at document #1067/1067
2018-08-28 05:47:22,847 : INFO : topic #21 (0.033): 0.012*"quad" + 0.008*"iota" + 0.007*"snug" + 0.005*"sleep" + 0.004*"address" + 0.003*"rolling" + 0.003*"smug" + 0.002*"roll" + 0.002*"balance" + 0.002*"transaction"
2018-08-28 05:47:22,850 : INFO : topic #22 (0.033): 0.172*"chancoin" + 0.005*"coin" + 0.004*"4chn" + 0.004*"chan" + 0.004*"discord" + 0.004*"wallet" + 0.003*"tipping" + 0.003*"address" + 0.003*"blockchain" + 0.003*"name"
2018-08-28 05:47:22,851 : INFO : topic #9 (0.033): 0.002*"report" + 0.002*"announced" + 0.002*"zencash" + 0.002*"labour" + 0.002*"digital" + 0.001*"shilled" + 0.001*"programmer" + 0.001*"sub" + 0.001*"confido" + 0.001*"occulus"
2018-08-28 05:47:22,853 : INFO : topic #15 (0.033): 0.010*"get" + 0.007*"roll" + 0.006*"year" + 0.006*"im" + 0.005*"op" + 0.005*"make" + 0.005*"fuck" + 0.005*"fucking" + 0.004*"got" + 0.004*"one"
2018-08-28 05:47:22,854 : INFO : topic #28 (0.033): 0.008*"like" + 0.005*"would" + 0.005*"get" + 0.005*"one" + 0.005*"buy" + 0.004*"people" + 0.004*"money" + 0.004*"fucking" + 0.003*"make" + 0.003*"shit"
2018-08-28 05:47:22,856 : INFO : topic diff=0.010620, rho=0.154303
2018-08-28 05:47:26,896 : INFO : -8.371 per-word bound, 331.1 perplexity estimate based on a held-out corpus of 1067 documents with 1256157 words
2018-08-28 05:47:26,898 : INFO : PROGRESS: pass 41, at document #1067/1067
2018-08-28 05:47:28,882 : INFO : topic #8 (0.033): 0.035*"iota" + 0.005*"giota" + 0.003*"supply" + 0.003*"transaction" + 0.003*"reclaim" + 0.002*"wallet" + 0.002*"tool" + 0.002*"tangle" + 0.002*"foundation" + 0.002*"miota"
2018-08-28 05:47:28,884 : INFO : topic #16 (0.033): 0.005*"book" + 0.003*"fucking" + 0.003*"people" + 0.002*"rich" + 0.002*"candle" + 0.002*"indian" + 0.002*"oil" + 0.002*"money" + 0.002*"op" + 0.002*"coffee"
2018-08-28 05:47:28,885 : INFO : topic #13 (0.033): 0.003*"age" + 0.003*"parity" + 0.003*"metamask" + 0.002*"homosexuality" + 0.002*"trans" + 0.002*"lisk" + 0.002*"gender" + 0.002*"deleted" + 0.002*"diamond" + 0.001*"biology"
2018-08-28 05:47:28,886 : INFO : topic #15 (0.033): 0.010*"get" + 0.007*"roll" + 0.006*"year" + 0.006*"im" + 0.005*"op" + 0.005*"make" + 0.005*"fuck" + 0.005*"fucking" + 0.004*"got" + 0.004*"one"
2018-08-28 05:47:28,887 : INFO : topic #0 (0.033): 0.090*"die" + 0.013*"10k" + 0.011*"pip" + 0.007*"079" + 0.002*"back" + 0.002*"fx" + 0.002*"forex" + 0.002*"nude" + 0.001*"daughter" + 0.001*"tp"
2018-08-28 05:47:28,890 : INFO : topic diff=0.010243, rho=0.152499
2018-08-28 05:47:32,979 : INFO : -8.370 per-word bound, 330.9 perplexity estimate based on a held-out corpus of 1067 documents with 1256157 words
2018-08-28 05:47:32,980 : INFO : PROGRESS: pass 42, at document #1067/1067
2018-08-28 05:47:35,003 : INFO : topic #7 (0.033): 0.027*"link" + 0.019*"token" + 0.011*"eth" + 0.009*"contract" + 0.009*"chainlink" + 0.009*"smart" + 0.008*"use" + 0.007*"would" + 0.007*"node" + 0.007*"price"
2018-08-28 05:47:35,004 : INFO : topic #21 (0.033): 0.012*"quad" + 0.008*"iota" + 0.007*"snug" + 0.005*"sleep" + 0.004*"address" + 0.003*"rolling" + 0.003*"smug" + 0.002*"roll" + 0.002*"balance" + 0.002*"nuls"
2018-08-28 05:47:35,005 : INFO : topic #11 (0.033): 0.052*"neo" + 0.011*"news" + 0.009*"china" + 0.005*"bubble" + 0.005*"eth" + 0.004*"monday" + 0.004*"chinese" + 0.004*"wage" + 0.003*"people" + 0.003*"minimum"
2018-08-28 05:47:35,007 : INFO : topic #27 (0.033): 0.007*"ceo" + 0.002*"unable" + 0.002*"mcdonalds" + 0.002*"lettuce" + 0.002*"tomato" + 0.002*"comfydo" + 0.002*"bread" + 0.001*"programming" + 0.001*"bake" + 0.001*"illegal"
2018-08-28 05:47:35,017 : INFO : topic diff=0.009886, rho=0.150756
2018-08-28 05:47:39,214 : INFO : -8.369 per-word bound, 330.7 perplexity estimate based on a held-out corpus of 1067 documents with 1256157 words
2018-08-28 05:47:39,215 : INFO : PROGRESS: pass 43, at document #1067/1067
2018-08-28 05:47:41,234 : INFO : topic #25 (0.033): 0.040*"car" + 0.009*"drive" + 0.006*"lambo" + 0.006*"porsche" + 0.006*"language" + 0.005*"centrum" + 0.004*"english" + 0.004*"show" + 0.003*"audi" + 0.003*"driving"
2018-08-28 05:47:41,236 : INFO : topic #28 (0.033): 0.008*"like" + 0.005*"would" + 0.005*"get" + 0.005*"one" + 0.004*"people" + 0.004*"buy" + 0.004*"fucking" + 0.004*"money" + 0.003*"shit" + 0.003*"make"
2018-08-28 05:47:41,237 : INFO : topic #14 (0.033): 0.029*"link" + 0.009*"coin" + 0.007*"req" + 0.006*"project" + 0.006*"even" + 0.006*"buy" + 0.006*"im" + 0.006*"know" + 0.005*"team" + 0.005*"omg"
2018-08-28 05:47:41,238 : INFO : topic #3 (0.033): 0.011*"get" + 0.010*"like" + 0.008*"im" + 0.007*"people" + 0.007*"make" + 0.006*"want" + 0.006*"money" + 0.006*"would" + 0.005*"fucking" + 0.005*"know"
2018-08-28 05:47:41,240 : INFO : topic #16 (0.033): 0.005*"book" + 0.003*"fucking" + 0.003*"people" + 0.002*"candle" + 0.002*"oil" + 0.002*"indian" + 0.002*"rich" + 0.002*"coffee" + 0.002*"op" + 0.002*"money"
2018-08-28 05:47:41,242 : INFO : topic diff=0.009544, rho=0.149071
2018-08-28 05:47:45,402 : INFO : -8.368 per-word bound, 330.5 perplexity estimate based on a held-out corpus of 1067 documents with 1256157 words
2018-08-28 05:47:45,403 : INFO : PROGRESS: pass 44, at document #1067/1067
2018-08-28 05:47:47,431 : INFO : topic #28 (0.033): 0.008*"like" + 0.005*"would" + 0.005*"get" + 0.005*"one" + 0.004*"people" + 0.004*"buy" + 0.004*"fucking" + 0.004*"money" + 0.003*"shit" + 0.003*"make"
2018-08-28 05:47:47,432 : INFO : topic #16 (0.033): 0.005*"book" + 0.003*"fucking" + 0.003*"people" + 0.002*"candle" + 0.002*"oil" + 0.002*"indian" + 0.002*"rich" + 0.002*"coffee" + 0.002*"op" + 0.002*"copper"
2018-08-28 05:47:47,433 : INFO : topic #20 (0.033): 0.045*"tether" + 0.018*"bitfinex" + 0.015*"usd" + 0.013*"exchange" + 0.012*"usdt" + 0.011*"btc" + 0.007*"market" + 0.007*"crypto" + 0.007*"money" + 0.007*"fiat"
2018-08-28 05:47:47,434 : INFO : topic #11 (0.033): 0.053*"neo" + 0.011*"news" + 0.009*"china" + 0.005*"bubble" + 0.005*"eth" + 0.004*"monday" + 0.004*"chinese" + 0.004*"wage" + 0.003*"people" + 0.003*"minimum"
2018-08-28 05:47:47,435 : INFO : topic #0 (0.033): 0.091*"die" + 0.013*"10k" + 0.012*"pip" + 0.007*"079" + 0.002*"fx" + 0.002*"back" + 0.002*"forex" + 0.002*"nude" + 0.001*"tp" + 0.001*"daughter"
2018-08-28 05:47:47,438 : INFO : topic diff=0.009223, rho=0.147442
2018-08-28 05:47:51,614 : INFO : -8.368 per-word bound, 330.3 perplexity estimate based on a held-out corpus of 1067 documents with 1256157 words
2018-08-28 05:47:51,615 : INFO : PROGRESS: pass 45, at document #1067/1067
2018-08-28 05:47:53,675 : INFO : topic #13 (0.033): 0.003*"parity" + 0.003*"metamask" + 0.003*"age" + 0.002*"homosexuality" + 0.002*"trans" + 0.002*"lisk" + 0.002*"gender" + 0.002*"deleted" + 0.002*"diamond" + 0.002*"biology"
2018-08-28 05:47:53,678 : INFO : topic #0 (0.033): 0.091*"die" + 0.013*"10k" + 0.012*"pip" + 0.007*"079" + 0.002*"fx" + 0.002*"back" + 0.002*"forex" + 0.002*"nude" + 0.001*"copper" + 0.001*"tp"
2018-08-28 05:47:53,679 : INFO : topic #11 (0.033): 0.054*"neo" + 0.011*"news" + 0.009*"china" + 0.005*"bubble" + 0.005*"eth" + 0.004*"monday" + 0.004*"chinese" + 0.004*"wage" + 0.003*"minimum" + 0.003*"people"
2018-08-28 05:47:53,680 : INFO : topic #5 (0.033): 0.023*"btc" + 0.016*"bch" + 0.016*"bitcoin" + 0.007*"going" + 0.006*"like" + 0.006*"get" + 0.006*"people" + 0.006*"fucking" + 0.006*"coin" + 0.006*"time"
2018-08-28 05:47:53,681 : INFO : topic #3 (0.033): 0.011*"get" + 0.010*"like" + 0.008*"im" + 0.007*"people" + 0.007*"make" + 0.006*"want" + 0.006*"money" + 0.006*"would" + 0.005*"fucking" + 0.005*"know"
2018-08-28 05:47:53,684 : INFO : topic diff=0.008919, rho=0.145865
2018-08-28 05:47:58,225 : INFO : -8.367 per-word bound, 330.1 perplexity estimate based on a held-out corpus of 1067 documents with 1256157 words
2018-08-28 05:47:58,227 : INFO : PROGRESS: pass 46, at document #1067/1067
2018-08-28 05:48:00,345 : INFO : topic #3 (0.033): 0.011*"get" + 0.010*"like" + 0.008*"im" + 0.007*"people" + 0.007*"make" + 0.006*"want" + 0.006*"money" + 0.006*"would" + 0.005*"fucking" + 0.005*"shit"
2018-08-28 05:48:00,347 : INFO : topic #10 (0.033): 0.012*"btc" + 0.009*"people" + 0.008*"bitcoin" + 0.006*"would" + 0.006*"value" + 0.005*"gold" + 0.005*"one" + 0.005*"like" + 0.004*"money" + 0.004*"make"
2018-08-28 05:48:00,321 : INFO : topic #18 (0.033): 0.055*"ark" + 0.009*"wallet" + 0.007*"get" + 0.007*"going" + 0.006*"delegate" + 0.006*"deluded" + 0.005*"arkies" + 0.005*"im" + 0.004*"eth" + 0.004*"like"
2018-08-28 05:48:00,323 : INFO : topic #11 (0.033): 0.054*"neo" + 0.011*"news" + 0.009*"china" + 0.005*"bubble" + 0.005*"eth" + 0.004*"monday" + 0.004*"chinese" + 0.004*"wage" + 0.003*"minimum" + 0.003*"people"
2018-08-28 05:48:00,326 : INFO : topic diff=0.008630, rho=0.144338
2018-08-28 05:48:04,409 : INFO : -8.366 per-word bound, 329.9 perplexity estimate based on a held-out corpus of 1067 documents with 1256157 words
2018-08-28 05:48:04,409 : INFO : PROGRESS: pass 47, at document #1067/1067
2018-08-28 05:48:06,449 : INFO : topic #22 (0.033): 0.174*"chancoin" + 0.005*"coin" + 0.005*"4chn" + 0.004*"chan" + 0.004*"discord" + 0.004*"wallet" + 0.003*"tipping" + 0.003*"address" + 0.003*"blockchain" + 0.003*"name"
2018-08-28 05:48:06,452 : INFO : topic #2 (0.033): 0.011*"organ" + 0.010*"card" + 0.008*"monaco" + 0.006*"visa" + 0.005*"mco" + 0.004*"tenx" + 0.003*"tokencard" + 0.002*"telegram" + 0.002*"prepaid" + 0.002*"donor"
2018-08-28 05:48:06,453 : INFO : topic #19 (0.033): 0.006*"rcn" + 0.005*"like" + 0.005*"one" + 0.005*"coin" + 0.004*"token" + 0.004*"eth" + 0.004*"even" + 0.004*"get" + 0.003*"guy" + 0.003*"got"
2018-08-28 05:48:06,454 : INFO : topic #26 (0.033): 0.010*"buy" + 0.009*"im" + 0.008*"like" + 0.008*"get" + 0.007*"coin" + 0.007*"going" + 0.006*"go" + 0.006*"money" + 0.005*"make" + 0.005*"sell"
2018-08-28 05:48:06,455 : INFO : topic #12 (0.033): 0.018*"tax" + 0.009*"crypto" + 0.009*"pay" + 0.008*"gain" + 0.007*"year" + 0.007*"get" + 0.007*"like" + 0.006*"trade" + 0.006*"money" + 0.006*"would"
2018-08-28 05:48:06,458 : INFO : topic diff=0.008362, rho=0.142857
2018-08-28 05:48:10,602 : INFO : -8.365 per-word bound, 329.7 perplexity estimate based on a held-out corpus of 1067 documents with 1256157 words
2018-08-28 05:48:10,603 : INFO : PROGRESS: pass 48, at document #1067/1067
2018-08-28 05:48:12,609 : INFO : topic #2 (0.033): 0.011*"organ" + 0.010*"card" + 0.008*"monaco" + 0.006*"visa" + 0.005*"mco" + 0.004*"tenx" + 0.003*"tokencard" + 0.002*"telegram" + 0.002*"prepaid" + 0.002*"donor"
2018-08-28 05:48:12,610 : INFO : topic #9 (0.033): 0.002*"announced" + 0.002*"report" + 0.002*"zencash" + 0.002*"labour" + 0.002*"digital" + 0.001*"programmer" + 0.001*"shilled" + 0.001*"sub" + 0.001*"confido" + 0.001*"occulus"
2018-08-28 05:48:12,611 : INFO : topic #13 (0.033): 0.003*"parity" + 0.003*"metamask" + 0.002*"age" + 0.002*"homosexuality" + 0.002*"trans" + 0.002*"lisk" + 0.002*"gender" + 0.002*"diamond" + 0.002*"deleted" + 0.002*"biology"
2018-08-28 05:48:12,613 : INFO : topic #11 (0.033): 0.055*"neo" + 0.011*"news" + 0.010*"china" + 0.005*"bubble" + 0.005*"eth" + 0.004*"monday" + 0.004*"chinese" + 0.004*"wage" + 0.003*"minimum" + 0.003*"people"
2018-08-28 05:48:12,614 : INFO : topic #12 (0.033): 0.018*"tax" + 0.009*"crypto" + 0.009*"pay" + 0.008*"gain" + 0.007*"year" + 0.007*"get" + 0.007*"like" + 0.006*"trade" + 0.006*"money" + 0.006*"would"
2018-08-28 05:48:12,616 : INFO : topic diff=0.008100, rho=0.141421
2018-08-28 05:48:16,781 : INFO : -8.364 per-word bound, 329.5 perplexity estimate based on a held-out corpus of 1067 documents with 1256157 words
2018-08-28 05:48:16,781 : INFO : PROGRESS: pass 49, at document #1067/1067
2018-08-28 05:48:18,864 : INFO : topic #4 (0.033): 0.009*"pbc" + 0.009*"ha" + 0.008*"fake" + 0.007*"op" + 0.006*"real" + 0.006*"teeka" + 0.005*"deranged" + 0.005*"one" + 0.004*"linkies" + 0.004*"group"
2018-08-28 05:48:18,866 : INFO : topic #28 (0.033): 0.008*"like" + 0.005*"would" + 0.005*"get" + 0.004*"one" + 0.004*"people" + 0.004*"buy" + 0.004*"fucking" + 0.004*"money" + 0.003*"shit" + 0.003*"want"
2018-08-28 05:48:18,867 : INFO : topic #29 (0.033): 0.004*"recession" + 0.001*"krugman" + 0.001*"interestedgo" + 0.001*"global" + 0.001*"singaporean" + 0.001*"youwould" + 0.001*"rsd" + 0.001*"altruistic" + 0.001*"cbs" + 0.001*"peacefully"
2018-08-28 05:48:18,868 : INFO : topic #11 (0.033): 0.055*"neo" + 0.011*"news" + 0.010*"china" + 0.006*"bubble" + 0.004*"eth" + 0.004*"monday" + 0.004*"chinese" + 0.004*"wage" + 0.003*"minimum" + 0.003*"people"
2018-08-28 05:48:18,869 : INFO : topic #6 (0.033): 0.020*"silver" + 0.013*"transaction" + 0.008*"contract" + 0.007*"block" + 0.007*"dave" + 0.006*"network" + 0.006*"ltc" + 0.006*"jane" + 0.005*"fund" + 0.005*"channel"
2018-08-28 05:48:18,871 : INFO : topic diff=0.007853, rho=0.140028
2018-08-28 05:48:23,079 : INFO : -8.364 per-word bound, 329.4 perplexity estimate based on a held-out corpus of 1067 documents with 1256157 words
2018-08-28 05:48:23,081 : INFO : PROGRESS: pass 50, at document #1067/1067
2018-08-28 05:48:25,087 : INFO : topic #0 (0.033): 0.092*"die" + 0.013*"10k" + 0.013*"pip" + 0.007*"079" + 0.002*"fx" + 0.002*"forex" + 0.002*"back" + 0.002*"nude" + 0.002*"copper" + 0.002*"tp"
2018-08-28 05:48:25,088 : INFO : topic #14 (0.033): 0.029*"link" + 0.009*"coin" + 0.008*"req" + 0.006*"project" + 0.006*"even" + 0.006*"know" + 0.006*"buy" + 0.006*"im" + 0.005*"team" + 0.005*"omg"
2018-08-28 05:48:25,089 : INFO : topic #12 (0.033): 0.018*"tax" + 0.009*"crypto" + 0.009*"pay" + 0.008*"gain" + 0.007*"year" + 0.007*"get" + 0.007*"like" + 0.006*"trade" + 0.006*"money" + 0.006*"would"
2018-08-28 05:48:25,090 : INFO : topic #24 (0.033): 0.037*"monero" + 0.035*"wallet" + 0.016*"xmr" + 0.013*"private" + 0.013*"key" + 0.013*"address" + 0.012*"use" + 0.011*"transaction" + 0.009*"bitcoin" + 0.008*"privacy"
2018-08-28 05:48:25,091 : INFO : topic #11 (0.033): 0.056*"neo" + 0.011*"news" + 0.010*"china" + 0.006*"bubble" + 0.004*"eth" + 0.004*"monday" + 0.004*"chinese" + 0.004*"wage" + 0.003*"minimum" + 0.003*"icos"
2018-08-28 05:48:25,093 : INFO : topic diff=0.007617, rho=0.138675
2018-08-28 05:48:29,227 : INFO : -8.363 per-word bound, 329.2 perplexity estimate based on a held-out corpus of 1067 documents with 1256157 words
2018-08-28 05:48:29,227 : INFO : PROGRESS: pass 51, at document #1067/1067
2018-08-28 05:48:31,209 : INFO : topic #22 (0.033): 0.174*"chancoin" + 0.005*"coin" + 0.005*"4chn" + 0.004*"chan" + 0.004*"discord" + 0.004*"wallet" + 0.003*"tipping" + 0.003*"address" + 0.003*"name" + 0.003*"blockchain"
2018-08-28 05:48:31,210 : INFO : topic #18 (0.033): 0.057*"ark" + 0.009*"wallet" + 0.007*"get" + 0.007*"going" + 0.006*"delegate" + 0.006*"deluded" + 0.005*"arkies" + 0.004*"im" + 0.004*"eth" + 0.004*"like"
2018-08-28 05:48:31,212 : INFO : topic #25 (0.033): 0.041*"car" + 0.009*"drive" + 0.007*"lambo" + 0.006*"porsche" + 0.006*"language" + 0.005*"centrum" + 0.004*"english" + 0.004*"show" + 0.003*"driving" + 0.003*"audi"
2018-08-28 05:48:31,213 : INFO : topic #3 (0.033): 0.011*"get" + 0.010*"like" + 0.008*"im" + 0.007*"people" + 0.007*"make" + 0.006*"money" + 0.006*"want" + 0.006*"would" + 0.005*"fucking" + 0.005*"shit"
2018-08-28 05:48:31,214 : INFO : topic #5 (0.033): 0.023*"btc" + 0.016*"bitcoin" + 0.016*"bch" + 0.007*"going" + 0.006*"like" + 0.006*"get" + 0.006*"people" + 0.006*"fucking" + 0.006*"coin" + 0.006*"time"
2018-08-28 05:48:31,216 : INFO : topic diff=0.007393, rho=0.137361
2018-08-28 05:48:35,373 : INFO : -8.362 per-word bound, 329.0 perplexity estimate based on a held-out corpus of 1067 documents with 1256157 words
2018-08-28 05:48:35,373 : INFO : PROGRESS: pass 52, at document #1067/1067
2018-08-28 05:48:37,413 : INFO : topic #28 (0.033): 0.008*"like" + 0.005*"would" + 0.005*"get" + 0.004*"one" + 0.004*"people" + 0.004*"buy" + 0.004*"fucking" + 0.004*"money" + 0.003*"shit" + 0.003*"want"
2018-08-28 05:48:37,415 : INFO : topic #3 (0.033): 0.011*"get" + 0.010*"like" + 0.008*"im" + 0.007*"people" + 0.007*"make" + 0.006*"money" + 0.006*"want" + 0.006*"would" + 0.005*"fucking" + 0.005*"shit"
2018-08-28 05:48:37,416 : INFO : topic #0 (0.033): 0.092*"die" + 0.013*"10k" + 0.013*"pip" + 0.007*"079" + 0.003*"fx" + 0.002*"forex" + 0.002*"back" + 0.002*"nude" + 0.002*"copper" + 0.002*"tp"
2018-08-28 05:48:37,417 : INFO : topic #8 (0.033): 0.036*"iota" + 0.005*"giota" + 0.003*"supply" + 0.003*"reclaim" + 0.003*"transaction" + 0.002*"tool" + 0.002*"tangle" + 0.002*"foundation" + 0.002*"miota" + 0.002*"bitfinex"
2018-08-28 05:48:37,419 : INFO : topic #16 (0.033): 0.005*"book" + 0.002*"fucking" + 0.002*"oil" + 0.002*"indian" + 0.002*"candle" + 0.002*"coffee" + 0.002*"people" + 0.002*"copper" + 0.002*"rich" + 0.002*"okcash"
2018-08-28 05:48:37,421 : INFO : topic diff=0.007175, rho=0.136083
2018-08-28 05:48:41,550 : INFO : -8.361 per-word bound, 328.9 perplexity estimate based on a held-out corpus of 1067 documents with 1256157 words
2018-08-28 05:48:41,550 : INFO : PROGRESS: pass 53, at document #1067/1067
2018-08-28 05:48:43,553 : INFO : topic #20 (0.033): 0.045*"tether" + 0.018*"bitfinex" + 0.015*"usd" + 0.013*"exchange" + 0.012*"usdt" + 0.011*"btc" + 0.007*"market" + 0.007*"scam" + 0.007*"crypto" + 0.007*"money"
2018-08-28 05:48:43,555 : INFO : topic #6 (0.033): 0.020*"silver" + 0.013*"transaction" + 0.008*"contract" + 0.007*"block" + 0.007*"dave" + 0.006*"network" + 0.006*"ltc" + 0.006*"jane" + 0.005*"fund" + 0.005*"channel"
2018-08-28 05:48:43,556 : INFO : topic #5 (0.033): 0.023*"btc" + 0.016*"bitcoin" + 0.016*"bch" + 0.007*"going" + 0.006*"like" + 0.006*"get" + 0.006*"people" + 0.006*"fucking" + 0.006*"coin" + 0.006*"time"
2018-08-28 05:48:43,557 : INFO : topic #1 (0.033): 0.001*"slush" + 0.001*"sgx" + 0.001*"intel" + 0.001*"multicarrier" + 0.001*"speculated" + 0.001*"apis" + 0.001*"knock" + 0.001*"prophecy" + 0.001*"supplying" + 0.001*"chorus"
2018-08-28 05:48:43,558 : INFO : topic #23 (0.033): 0.025*"neo" + 0.015*"news" + 0.005*"government" + 0.004*"gas" + 0.004*"announcement" + 0.003*"product" + 0.002*"customer" + 0.002*"sell" + 0.002*"gov" + 0.002*"management"
2018-08-28 05:48:43,561 : INFO : topic diff=0.006968, rho=0.134840
2018-08-28 05:48:47,705 : INFO : -8.361 per-word bound, 328.7 perplexity estimate based on a held-out corpus of 1067 documents with 1256157 words
2018-08-28 05:48:47,705 : INFO : PROGRESS: pass 54, at document #1067/1067
2018-08-28 05:48:49,859 : INFO : topic #16 (0.033): 0.005*"book" + 0.002*"oil" + 0.002*"indian" + 0.002*"fucking" + 0.002*"candle" + 0.002*"coffee" + 0.002*"copper" + 0.002*"rich" + 0.002*"people" + 0.002*"okcash"
2018-08-28 05:48:49,860 : INFO : topic #7 (0.033): 0.026*"link" + 0.019*"token" + 0.012*"eth" + 0.009*"contract" + 0.009*"smart" + 0.008*"use" + 0.008*"chainlink" + 0.007*"would" + 0.007*"node" + 0.007*"data"
2018-08-28 05:48:49,862 : INFO : topic #13 (0.033): 0.003*"parity" + 0.003*"metamask" + 0.002*"homosexuality" + 0.002*"age" + 0.002*"trans" + 0.002*"lisk" + 0.002*"gender" + 0.002*"diamond" + 0.002*"deleted" + 0.002*"biology"
2018-08-28 05:48:49,863 : INFO : topic #9 (0.033): 0.002*"announced" + 0.002*"zencash" + 0.002*"labour" + 0.002*"report" + 0.002*"digital" + 0.001*"programmer" + 0.001*"shilled" + 0.001*"sub" + 0.001*"occulus" + 0.001*"aragon"
2018-08-28 05:48:49,864 : INFO : topic #1 (0.033): 0.001*"slush" + 0.001*"sgx" + 0.001*"intel" + 0.001*"multicarrier" + 0.001*"speculated" + 0.001*"apis" + 0.001*"knock" + 0.001*"prophecy" + 0.001*"supplying" + 0.001*"chorus"
2018-08-28 05:48:49,866 : INFO : topic diff=0.006773, rho=0.133631
2018-08-28 05:48:54,070 : INFO : -8.360 per-word bound, 328.6 perplexity estimate based on a held-out corpus of 1067 documents with 1256157 words
2018-08-28 05:48:54,073 : INFO : PROGRESS: pass 55, at document #1067/1067
2018-08-28 05:48:56,096 : INFO : topic #4 (0.033): 0.011*"pbc" + 0.009*"ha" + 0.008*"fake" + 0.007*"op" + 0.006*"teeka" + 0.006*"real" + 0.005*"deranged" + 0.005*"one" + 0.004*"linkies" + 0.004*"group"
2018-08-28 05:48:56,097 : INFO : topic #22 (0.033): 0.175*"chancoin" + 0.005*"coin" + 0.005*"4chn" + 0.004*"chan" + 0.004*"discord" + 0.004*"wallet" + 0.003*"tipping" + 0.003*"address" + 0.003*"name" + 0.003*"blockchain"
2018-08-28 05:48:56,099 : INFO : topic #2 (0.033): 0.011*"organ" + 0.010*"card" + 0.008*"monaco" + 0.006*"visa" + 0.005*"mco" + 0.004*"tenx" + 0.003*"tokencard" + 0.002*"telegram" + 0.002*"prepaid" + 0.002*"donor"
2018-08-28 05:48:56,100 : INFO : topic #18 (0.033): 0.058*"ark" + 0.010*"wallet" + 0.007*"get" + 0.007*"going" + 0.006*"delegate" + 0.006*"deluded" + 0.005*"arkies" + 0.004*"eth" + 0.004*"im" + 0.004*"like"
2018-08-28 05:48:56,102 : INFO : topic #21 (0.033): 0.012*"quad" + 0.008*"iota" + 0.007*"snug" + 0.005*"sleep" + 0.003*"smug" + 0.003*"address" + 0.003*"rolling" + 0.002*"balance" + 0.002*"tangle" + 0.002*"nuls"
2018-08-28 05:48:56,104 : INFO : topic diff=0.006586, rho=0.132453
2018-08-28 05:49:00,241 : INFO : -8.360 per-word bound, 328.4 perplexity estimate based on a held-out corpus of 1067 documents with 1256157 words
2018-08-28 05:49:00,242 : INFO : PROGRESS: pass 56, at document #1067/1067
2018-08-28 05:49:02,219 : INFO : topic #14 (0.033): 0.029*"link" + 0.009*"coin" + 0.009*"req" + 0.007*"project" + 0.006*"even" + 0.006*"know" + 0.006*"buy" + 0.006*"team" + 0.006*"im" + 0.005*"omg"
2018-08-28 05:49:02,220 : INFO : topic #24 (0.033): 0.037*"wallet" + 0.037*"monero" + 0.016*"xmr" + 0.014*"address" + 0.013*"private" + 0.013*"key" + 0.013*"use" + 0.011*"transaction" + 0.009*"bitcoin" + 0.008*"privacy"
2018-08-28 05:49:02,221 : INFO : topic #22 (0.033): 0.175*"chancoin" + 0.005*"coin" + 0.005*"4chn" + 0.004*"chan" + 0.004*"discord" + 0.004*"wallet" + 0.003*"tipping" + 0.003*"address" + 0.003*"name" + 0.003*"blockchain"
2018-08-28 05:49:02,222 : INFO : topic #12 (0.033): 0.018*"tax" + 0.009*"crypto" + 0.009*"pay" + 0.008*"gain" + 0.007*"year" + 0.007*"get" + 0.007*"like" + 0.006*"trade" + 0.006*"money" + 0.006*"would"
2018-08-28 05:49:02,223 : INFO : topic #11 (0.033): 0.058*"neo" + 0.011*"news" + 0.010*"china" + 0.006*"bubble" + 0.004*"monday" + 0.004*"chinese" + 0.004*"eth" + 0.004*"wage" + 0.003*"minimum" + 0.003*"icos"
2018-08-28 05:49:02,225 : INFO : topic diff=0.006412, rho=0.131306
2018-08-28 05:49:06,857 : INFO : -8.359 per-word bound, 328.3 perplexity estimate based on a held-out corpus of 1067 documents with 1256157 words
2018-08-28 05:49:06,859 : INFO : PROGRESS: pass 57, at document #1067/1067
2018-08-28 05:49:08,801 : INFO : topic #10 (0.033): 0.011*"btc" + 0.010*"people" + 0.007*"bitcoin" + 0.006*"value" + 0.006*"gold" + 0.006*"would" + 0.005*"one" + 0.005*"like" + 0.004*"money" + 0.004*"make"
2018-08-28 05:49:08,802 : INFO : topic #15 (0.033): 0.010*"get" + 0.008*"roll" + 0.006*"year" + 0.006*"op" + 0.006*"im" + 0.005*"make" + 0.005*"fuck" + 0.004*"fucking" + 0.004*"got" + 0.004*"please"
2018-08-28 05:49:08,803 : INFO : topic #8 (0.033): 0.037*"iota" + 0.005*"giota" + 0.003*"reclaim" + 0.003*"supply" + 0.002*"transaction" + 0.002*"tool" + 0.002*"tangle" + 0.002*"foundation" + 0.002*"miota" + 0.002*"bitfinex"
2018-08-28 05:49:08,811 : INFO : topic #14 (0.033): 0.030*"link" + 0.009*"coin" + 0.009*"req" + 0.007*"project" + 0.006*"even" + 0.006*"know" + 0.006*"buy" + 0.006*"team" + 0.006*"im" + 0.005*"omg"
2018-08-28 05:49:08,814 : INFO : topic diff=0.006242, rho=0.130189
2018-08-28 05:49:12,911 : INFO : -8.358 per-word bound, 328.2 perplexity estimate based on a held-out corpus of 1067 documents with 1256157 words
2018-08-28 05:49:12,911 : INFO : PROGRESS: pass 58, at document #1067/1067
2018-08-28 05:49:14,929 : INFO : topic #2 (0.033): 0.011*"organ" + 0.010*"card" + 0.008*"monaco" + 0.006*"visa" + 0.005*"mco" + 0.004*"tenx" + 0.003*"tokencard" + 0.002*"telegram" + 0.002*"prepaid" + 0.002*"donor"
2018-08-28 05:49:14,930 : INFO : topic #24 (0.033): 0.038*"wallet" + 0.037*"monero" + 0.016*"xmr" + 0.014*"address" + 0.013*"private" + 0.013*"key" + 0.013*"use" + 0.011*"transaction" + 0.009*"bitcoin" + 0.008*"privacy"
2018-08-28 05:49:14,931 : INFO : topic #11 (0.033): 0.058*"neo" + 0.011*"news" + 0.010*"china" + 0.006*"bubble" + 0.005*"monday" + 0.004*"chinese" + 0.004*"eth" + 0.004*"wage" + 0.004*"minimum" + 0.003*"icos"
2018-08-28 05:49:14,933 : INFO : topic #18 (0.033): 0.059*"ark" + 0.010*"wallet" + 0.007*"get" + 0.007*"going" + 0.006*"delegate" + 0.006*"deluded" + 0.005*"arkies" + 0.004*"eth" + 0.004*"im" + 0.004*"mobile"
2018-08-28 05:49:14,933 : INFO : topic #5 (0.033): 0.023*"btc" + 0.017*"bitcoin" + 0.017*"bch" + 0.007*"going" + 0.006*"like" + 0.006*"get" + 0.006*"people" + 0.006*"fucking" + 0.006*"time" + 0.006*"coin"
2018-08-28 05:49:14,936 : INFO : topic diff=0.006076, rho=0.129099
2018-08-28 05:49:19,138 : INFO : -8.358 per-word bound, 328.1 perplexity estimate based on a held-out corpus of 1067 documents with 1256157 words
2018-08-28 05:49:19,139 : INFO : PROGRESS: pass 59, at document #1067/1067
2018-08-28 05:49:21,204 : INFO : topic #24 (0.033): 0.038*"wallet" + 0.037*"monero" + 0.016*"xmr" + 0.014*"address" + 0.014*"private" + 0.013*"key" + 0.013*"use" + 0.011*"transaction" + 0.009*"bitcoin" + 0.008*"privacy"
2018-08-28 05:49:21,206 : INFO : topic #10 (0.033): 0.010*"btc" + 0.010*"people" + 0.007*"bitcoin" + 0.006*"value" + 0.006*"gold" + 0.006*"would" + 0.005*"one" + 0.005*"like" + 0.004*"money" + 0.004*"make"
2018-08-28 05:49:21,207 : INFO : topic #22 (0.033): 0.175*"chancoin" + 0.005*"coin" + 0.005*"4chn" + 0.004*"chan" + 0.004*"discord" + 0.004*"wallet" + 0.003*"tipping" + 0.003*"address" + 0.003*"name" + 0.003*"blockchain"
2018-08-28 05:49:21,208 : INFO : topic #18 (0.033): 0.059*"ark" + 0.010*"wallet" + 0.007*"get" + 0.007*"going" + 0.006*"delegate" + 0.006*"deluded" + 0.005*"arkies" + 0.004*"eth" + 0.004*"im" + 0.004*"mobile"
2018-08-28 05:49:21,209 : INFO : topic #12 (0.033): 0.018*"tax" + 0.009*"crypto" + 0.009*"pay" + 0.008*"gain" + 0.007*"year" + 0.007*"get" + 0.007*"like" + 0.006*"trade" + 0.006*"money" + 0.006*"would"
2018-08-28 05:49:21,211 : INFO : topic diff=0.005917, rho=0.128037
2018-08-28 05:49:25,378 : INFO : -8.357 per-word bound, 327.9 perplexity estimate based on a held-out corpus of 1067 documents with 1256157 words
2018-08-28 05:49:25,379 : INFO : PROGRESS: pass 60, at document #1067/1067
2018-08-28 05:49:27,391 : INFO : topic #22 (0.033): 0.175*"chancoin" + 0.005*"coin" + 0.005*"4chn" + 0.004*"chan" + 0.004*"discord" + 0.004*"wallet" + 0.003*"tipping" + 0.003*"address" + 0.003*"name" + 0.003*"blockchain"
2018-08-28 05:49:27,392 : INFO : topic #26 (0.033): 0.010*"buy" + 0.009*"im" + 0.008*"like" + 0.008*"get" + 0.007*"coin" + 0.007*"going" + 0.006*"go" + 0.006*"money" + 0.005*"make" + 0.005*"sell"
2018-08-28 05:49:27,393 : INFO : topic #12 (0.033): 0.018*"tax" + 0.009*"crypto" + 0.009*"pay" + 0.008*"gain" + 0.007*"year" + 0.007*"get" + 0.007*"like" + 0.006*"trade" + 0.006*"money" + 0.006*"would"
2018-08-28 05:49:27,394 : INFO : topic #13 (0.033): 0.003*"parity" + 0.003*"metamask" + 0.002*"homosexuality" + 0.002*"trans" + 0.002*"age" + 0.002*"lisk" + 0.002*"gender" + 0.002*"diamond" + 0.002*"deleted" + 0.002*"biology"
2018-08-28 05:49:27,396 : INFO : topic #16 (0.033): 0.005*"book" + 0.002*"oil" + 0.002*"indian" + 0.002*"coffee" + 0.002*"candle" + 0.002*"copper" + 0.002*"okcash" + 0.002*"fucking" + 0.002*"bookstore" + 0.002*"rich"
2018-08-28 05:49:27,398 : INFO : topic diff=0.005767, rho=0.127000
2018-08-28 05:49:31,500 : INFO : -8.357 per-word bound, 327.8 perplexity estimate based on a held-out corpus of 1067 documents with 1256157 words
2018-08-28 05:49:31,501 : INFO : PROGRESS: pass 61, at document #1067/1067
2018-08-28 05:49:33,525 : INFO : topic #6 (0.033): 0.020*"silver" + 0.013*"transaction" + 0.008*"contract" + 0.007*"block" + 0.007*"dave" + 0.006*"ltc" + 0.006*"network" + 0.006*"jane" + 0.005*"fund" + 0.005*"channel"
2018-08-28 05:49:33,527 : INFO : topic #4 (0.033): 0.012*"pbc" + 0.009*"ha" + 0.009*"fake" + 0.007*"op" + 0.007*"teeka" + 0.006*"real" + 0.005*"deranged" + 0.005*"dash" + 0.005*"subscriber" + 0.005*"group"
2018-08-28 05:49:33,529 : INFO : topic #23 (0.033): 0.025*"neo" + 0.015*"news" + 0.005*"government" + 0.004*"gas" + 0.004*"announcement" + 0.003*"product" + 0.002*"customer" + 0.002*"gov" + 0.002*"management" + 0.002*"113k"
2018-08-28 05:49:33,530 : INFO : topic #8 (0.033): 0.037*"iota" + 0.005*"giota" + 0.003*"reclaim" + 0.003*"supply" + 0.002*"tool" + 0.002*"transaction" + 0.002*"tangle" + 0.002*"foundation" + 0.002*"miota" + 0.002*"bitfinex"
2018-08-28 05:49:33,532 : INFO : topic #10 (0.033): 0.010*"btc" + 0.010*"people" + 0.007*"bitcoin" + 0.006*"value" + 0.006*"gold" + 0.006*"would" + 0.005*"one" + 0.005*"like" + 0.004*"money" + 0.004*"make"
2018-08-28 05:49:33,534 : INFO : topic diff=0.005621, rho=0.125988
2018-08-28 05:49:37,719 : INFO : -8.356 per-word bound, 327.7 perplexity estimate based on a held-out corpus of 1067 documents with 1256157 words
2018-08-28 05:49:37,720 : INFO : PROGRESS: pass 62, at document #1067/1067
2018-08-28 05:49:39,739 : INFO : topic #14 (0.033): 0.030*"link" + 0.009*"coin" + 0.009*"req" + 0.007*"project" + 0.006*"even" + 0.006*"know" + 0.006*"buy" + 0.006*"team" + 0.006*"im" + 0.005*"omg"
2018-08-28 05:49:39,740 : INFO : topic #4 (0.033): 0.012*"pbc" + 0.009*"ha" + 0.009*"fake" + 0.007*"op" + 0.007*"teeka" + 0.006*"real" + 0.005*"deranged" + 0.005*"dash" + 0.005*"subscriber" + 0.005*"group"
2018-08-28 05:49:39,741 : INFO : topic #27 (0.033): 0.007*"ceo" + 0.002*"unable" + 0.002*"mcdonalds" + 0.002*"lettuce" + 0.002*"tomato" + 0.002*"comfydo" + 0.002*"bread" + 0.001*"programming" + 0.001*"bake" + 0.001*"mac"
2018-08-28 05:49:39,742 : INFO : topic #6 (0.033): 0.020*"silver" + 0.013*"transaction" + 0.008*"contract" + 0.007*"block" + 0.007*"dave" + 0.006*"ltc" + 0.006*"network" + 0.006*"jane" + 0.005*"fund" + 0.005*"channel"
2018-08-28 05:49:39,743 : INFO : topic #5 (0.033): 0.023*"btc" + 0.017*"bitcoin" + 0.017*"bch" + 0.007*"going" + 0.006*"like" + 0.006*"people" + 0.006*"get" + 0.006*"fucking" + 0.006*"time" + 0.006*"coin"
2018-08-28 05:49:39,746 : INFO : topic diff=0.005479, rho=0.125000
2018-08-28 05:49:43,911 : INFO : -8.356 per-word bound, 327.6 perplexity estimate based on a held-out corpus of 1067 documents with 1256157 words
2018-08-28 05:49:43,911 : INFO : PROGRESS: pass 63, at document #1067/1067
2018-08-28 05:49:45,944 : INFO : topic #8 (0.033): 0.037*"iota" + 0.005*"giota" + 0.003*"reclaim" + 0.003*"supply" + 0.002*"tool" + 0.002*"transaction" + 0.002*"tangle" + 0.002*"miota" + 0.002*"foundation" + 0.002*"bitfinex"
2018-08-28 05:49:45,946 : INFO : topic #2 (0.033): 0.011*"organ" + 0.010*"card" + 0.008*"monaco" + 0.006*"visa" + 0.005*"mco" + 0.004*"tenx" + 0.003*"tokencard" + 0.002*"telegram" + 0.002*"prepaid" + 0.002*"donor"
2018-08-28 05:49:45,947 : INFO : topic #26 (0.033): 0.010*"buy" + 0.009*"im" + 0.008*"like" + 0.008*"get" + 0.007*"coin" + 0.007*"going" + 0.006*"go" + 0.006*"money" + 0.005*"make" + 0.005*"sell"
2018-08-28 05:49:45,948 : INFO : topic #7 (0.033): 0.025*"link" + 0.019*"token" + 0.012*"eth" + 0.009*"contract" + 0.009*"smart" + 0.009*"use" + 0.008*"chainlink" + 0.007*"would" + 0.007*"node" + 0.007*"data"
2018-08-28 05:49:45,949 : INFO : topic #23 (0.033): 0.025*"neo" + 0.015*"news" + 0.005*"government" + 0.004*"gas" + 0.004*"announcement" + 0.003*"product" + 0.002*"gov" + 0.002*"customer" + 0.002*"management" + 0.002*"113k"
2018-08-28 05:49:45,951 : INFO : topic diff=0.005345, rho=0.124035
2018-08-28 05:49:50,099 : INFO : -8.355 per-word bound, 327.5 perplexity estimate based on a held-out corpus of 1067 documents with 1256157 words
2018-08-28 05:49:50,099 : INFO : PROGRESS: pass 64, at document #1067/1067
2018-08-28 05:49:52,139 : INFO : topic #20 (0.033): 0.046*"tether" + 0.018*"bitfinex" + 0.015*"usd" + 0.013*"exchange" + 0.012*"usdt" + 0.011*"btc" + 0.010*"scam" + 0.008*"market" + 0.008*"crypto" + 0.007*"money"
2018-08-28 05:49:52,140 : INFO : topic #14 (0.033): 0.030*"link" + 0.009*"coin" + 0.009*"req" + 0.007*"project" + 0.006*"even" + 0.006*"know" + 0.006*"team" + 0.006*"buy" + 0.006*"im" + 0.005*"omg"
2018-08-28 05:49:52,141 : INFO : topic #21 (0.033): 0.012*"quad" + 0.008*"iota" + 0.007*"snug" + 0.005*"sleep" + 0.003*"smug" + 0.003*"rolling" + 0.003*"address" + 0.002*"balance" + 0.002*"tangle" + 0.002*"nuls"
2018-08-28 05:49:52,142 : INFO : topic #0 (0.033): 0.093*"die" + 0.014*"pip" + 0.013*"10k" + 0.007*"079" + 0.003*"fx" + 0.002*"forex" + 0.002*"back" + 0.002*"nude" + 0.002*"copper" + 0.002*"tp"
2018-08-28 05:49:52,143 : INFO : topic #26 (0.033): 0.010*"buy" + 0.009*"im" + 0.008*"like" + 0.008*"get" + 0.007*"coin" + 0.007*"going" + 0.006*"go" + 0.006*"money" + 0.005*"make" + 0.005*"sell"
2018-08-28 05:49:52,146 : INFO : topic diff=0.005216, rho=0.123091
2018-08-28 05:49:56,354 : INFO : -8.355 per-word bound, 327.4 perplexity estimate based on a held-out corpus of 1067 documents with 1256157 words
2018-08-28 05:49:56,355 : INFO : PROGRESS: pass 65, at document #1067/1067
2018-08-28 05:49:58,374 : INFO : topic #28 (0.033): 0.007*"like" + 0.005*"would" + 0.004*"get" + 0.004*"one" + 0.004*"people" + 0.004*"buy" + 0.004*"fucking" + 0.003*"money" + 0.003*"live" + 0.003*"city"
2018-08-28 05:49:58,376 : INFO : topic #9 (0.033): 0.002*"announced" + 0.002*"zencash" + 0.002*"labour" + 0.002*"digital" + 0.001*"report" + 0.001*"programmer" + 0.001*"shilled" + 0.001*"sub" + 0.001*"occulus" + 0.001*"aragon"
2018-08-28 05:49:58,377 : INFO : topic #1 (0.033): 0.001*"slush" + 0.001*"sgx" + 0.001*"intel" + 0.001*"multicarrier" + 0.001*"speculated" + 0.001*"apis" + 0.001*"knock" + 0.001*"prophecy" + 0.001*"supplying" + 0.001*"chorus"
2018-08-28 05:49:58,379 : INFO : topic #29 (0.033): 0.004*"recession" + 0.001*"krugman" + 0.001*"interestedgo" + 0.001*"global" + 0.001*"youwould" + 0.001*"singaporean" + 0.001*"rsd" + 0.001*"altruistic" + 0.001*"cbs" + 0.001*"peacefully"
2018-08-28 05:49:58,380 : INFO : topic #0 (0.033): 0.093*"die" + 0.014*"pip" + 0.013*"10k" + 0.007*"079" + 0.003*"fx" + 0.002*"forex" + 0.002*"back" + 0.002*"nude" + 0.002*"copper" + 0.002*"tp"
2018-08-28 05:49:58,382 : INFO : topic diff=0.005088, rho=0.122169
2018-08-28 05:50:02,494 : INFO : -8.354 per-word bound, 327.3 perplexity estimate based on a held-out corpus of 1067 documents with 1256157 words
2018-08-28 05:50:02,494 : INFO : PROGRESS: pass 66, at document #1067/1067
2018-08-28 05:50:04,506 : INFO : topic #22 (0.033): 0.176*"chancoin" + 0.005*"coin" + 0.005*"4chn" + 0.004*"chan" + 0.004*"discord" + 0.004*"wallet" + 0.003*"tipping" + 0.003*"address" + 0.003*"name" + 0.003*"blockchain"
2018-08-28 05:50:04,508 : INFO : topic #4 (0.033): 0.012*"pbc" + 0.009*"ha" + 0.009*"fake" + 0.008*"teeka" + 0.008*"op" + 0.006*"real" + 0.005*"dash" + 0.005*"deranged" + 0.005*"subscriber" + 0.005*"group"
2018-08-28 05:50:04,515 : INFO : topic #10 (0.033): 0.010*"btc" + 0.010*"people" + 0.007*"bitcoin" + 0.006*"gold" + 0.006*"value" + 0.006*"would" + 0.005*"one" + 0.005*"like" + 0.004*"money" + 0.004*"make"
2018-08-28 05:50:04,518 : INFO : topic #18 (0.033): 0.061*"ark" + 0.010*"wallet" + 0.007*"get" + 0.006*"going" + 0.006*"delegate" + 0.006*"deluded" + 0.005*"arkies" + 0.004*"eth" + 0.004*"im" + 0.004*"mobile"
2018-08-28 05:50:04,520 : INFO : topic diff=0.004965, rho=0.121268
2018-08-28 05:50:08,711 : INFO : -8.354 per-word bound, 327.2 perplexity estimate based on a held-out corpus of 1067 documents with 1256157 words
2018-08-28 05:50:08,712 : INFO : PROGRESS: pass 67, at document #1067/1067
2018-08-28 05:50:10,714 : INFO : topic #6 (0.033): 0.020*"silver" + 0.013*"transaction" + 0.008*"contract" + 0.007*"block" + 0.007*"dave" + 0.006*"ltc" + 0.006*"jane" + 0.006*"network" + 0.005*"fund" + 0.005*"channel"
2018-08-28 05:50:10,716 : INFO : topic #2 (0.033): 0.011*"organ" + 0.010*"card" + 0.008*"monaco" + 0.006*"visa" + 0.005*"mco" + 0.004*"tenx" + 0.003*"tokencard" + 0.002*"telegram" + 0.002*"prepaid" + 0.002*"donor"
2018-08-28 05:50:10,717 : INFO : topic #22 (0.033): 0.176*"chancoin" + 0.005*"coin" + 0.005*"4chn" + 0.004*"chan" + 0.004*"discord" + 0.004*"wallet" + 0.003*"tipping" + 0.003*"address" + 0.003*"name" + 0.003*"blockchain"
2018-08-28 05:50:10,718 : INFO : topic #13 (0.033): 0.003*"parity" + 0.003*"metamask" + 0.002*"homosexuality" + 0.002*"trans" + 0.002*"age" + 0.002*"lisk" + 0.002*"gender" + 0.002*"diamond" + 0.002*"deleted" + 0.002*"biology"
2018-08-28 05:50:10,719 : INFO : topic #20 (0.033): 0.046*"tether" + 0.018*"bitfinex" + 0.015*"usd" + 0.013*"exchange" + 0.012*"usdt" + 0.011*"btc" + 0.011*"scam" + 0.008*"market" + 0.008*"crypto" + 0.007*"money"
2018-08-28 05:50:10,721 : INFO : topic diff=0.004851, rho=0.120386
2018-08-28 05:50:14,858 : INFO : -8.353 per-word bound, 327.1 perplexity estimate based on a held-out corpus of 1067 documents with 1256157 words
2018-08-28 05:50:14,858 : INFO : PROGRESS: pass 68, at document #1067/1067
2018-08-28 05:50:16,874 : INFO : topic #6 (0.033): 0.020*"silver" + 0.013*"transaction" + 0.008*"contract" + 0.007*"block" + 0.007*"dave" + 0.006*"ltc" + 0.006*"jane" + 0.006*"network" + 0.005*"fund" + 0.005*"channel"
2018-08-28 05:50:16,875 : INFO : topic #5 (0.033): 0.023*"btc" + 0.017*"bitcoin" + 0.017*"bch" + 0.007*"going" + 0.006*"like" + 0.006*"people" + 0.006*"get" + 0.006*"fucking" + 0.006*"time" + 0.006*"coin"
2018-08-28 05:50:16,876 : INFO : topic #12 (0.033): 0.018*"tax" + 0.010*"crypto" + 0.009*"pay" + 0.008*"gain" + 0.007*"year" + 0.007*"get" + 0.007*"like" + 0.006*"trade" + 0.006*"money" + 0.006*"would"
2018-08-28 05:50:16,877 : INFO : topic #3 (0.033): 0.011*"get" + 0.010*"like" + 0.008*"im" + 0.007*"people" + 0.007*"make" + 0.007*"money" + 0.006*"want" + 0.006*"would" + 0.005*"fucking" + 0.005*"shit"
2018-08-28 05:50:16,878 : INFO : topic #15 (0.033): 0.010*"get" + 0.008*"roll" + 0.006*"op" + 0.006*"year" + 0.005*"im" + 0.005*"make" + 0.004*"fuck" + 0.004*"got" + 0.004*"fucking" + 0.004*"please"
2018-08-28 05:50:16,880 : INFO : topic diff=0.004735, rho=0.119523
2018-08-28 05:50:20,869 : INFO : -8.353 per-word bound, 327.0 perplexity estimate based on a held-out corpus of 1067 documents with 1256157 words
2018-08-28 05:50:20,870 : INFO : PROGRESS: pass 69, at document #1067/1067
2018-08-28 05:50:22,813 : INFO : topic #6 (0.033): 0.020*"silver" + 0.013*"transaction" + 0.008*"contract" + 0.007*"block" + 0.007*"dave" + 0.006*"ltc" + 0.006*"jane" + 0.006*"network" + 0.005*"fund" + 0.005*"channel"
2018-08-28 05:50:22,816 : INFO : topic #28 (0.033): 0.007*"like" + 0.005*"would" + 0.004*"one" + 0.004*"get" + 0.004*"people" + 0.004*"buy" + 0.004*"fucking" + 0.003*"money" + 0.003*"tesla" + 0.003*"city"
2018-08-28 05:50:22,818 : INFO : topic #23 (0.033): 0.025*"neo" + 0.015*"news" + 0.005*"government" + 0.004*"gas" + 0.004*"announcement" + 0.003*"product" + 0.002*"gov" + 0.002*"customer" + 0.002*"management" + 0.002*"113k"
2018-08-28 05:50:22,818 : INFO : topic #29 (0.033): 0.004*"recession" + 0.001*"krugman" + 0.001*"interestedgo" + 0.001*"global" + 0.001*"singaporean" + 0.001*"rsd" + 0.001*"youwould" + 0.001*"altruistic" + 0.001*"cbs" + 0.001*"peacefully"
2018-08-28 05:50:22,820 : INFO : topic #0 (0.033): 0.093*"die" + 0.014*"pip" + 0.013*"10k" + 0.007*"079" + 0.003*"fx" + 0.002*"forex" + 0.002*"copper" + 0.002*"nude" + 0.002*"back" + 0.002*"tp"
2018-08-28 05:50:22,821 : INFO : topic diff=0.004626, rho=0.118678
2018-08-28 05:50:26,929 : INFO : -8.353 per-word bound, 326.9 perplexity estimate based on a held-out corpus of 1067 documents with 1256157 words
2018-08-28 05:50:26,931 : INFO : PROGRESS: pass 70, at document #1067/1067
2018-08-28 05:50:28,948 : INFO : topic #27 (0.033): 0.007*"ceo" + 0.002*"unable" + 0.002*"mcdonalds" + 0.002*"tomato" + 0.002*"lettuce" + 0.002*"comfydo" + 0.002*"bread" + 0.001*"programming" + 0.001*"bake" + 0.001*"mac"
2018-08-28 05:50:28,949 : INFO : topic #25 (0.033): 0.042*"car" + 0.010*"drive" + 0.008*"lambo" + 0.006*"porsche" + 0.006*"language" + 0.005*"centrum" + 0.004*"english" + 0.004*"driving" + 0.004*"show" + 0.004*"audi"
2018-08-28 05:50:28,950 : INFO : topic #26 (0.033): 0.010*"buy" + 0.009*"im" + 0.008*"like" + 0.008*"get" + 0.007*"coin" + 0.007*"going" + 0.006*"go" + 0.006*"money" + 0.005*"make" + 0.005*"sell"
2018-08-28 05:50:28,951 : INFO : topic #20 (0.033): 0.046*"tether" + 0.018*"bitfinex" + 0.015*"usd" + 0.014*"exchange" + 0.012*"usdt" + 0.012*"scam" + 0.011*"btc" + 0.008*"market" + 0.008*"crypto" + 0.007*"money"
2018-08-28 05:50:28,953 : INFO : topic #14 (0.033): 0.030*"link" + 0.010*"coin" + 0.009*"req" + 0.007*"project" + 0.006*"even" + 0.006*"know" + 0.006*"team" + 0.006*"buy" + 0.006*"im" + 0.005*"omg"
2018-08-28 05:50:28,955 : INFO : topic diff=0.004520, rho=0.117851
2018-08-28 05:50:33,045 : INFO : -8.352 per-word bound, 326.8 perplexity estimate based on a held-out corpus of 1067 documents with 1256157 words
2018-08-28 05:50:33,045 : INFO : PROGRESS: pass 71, at document #1067/1067
2018-08-28 05:50:35,057 : INFO : topic #24 (0.033): 0.041*"wallet" + 0.038*"monero" + 0.017*"xmr" + 0.015*"address" + 0.014*"private" + 0.014*"key" + 0.014*"use" + 0.012*"transaction" + 0.008*"privacy" + 0.008*"bitcoin"
2018-08-28 05:50:35,058 : INFO : topic #13 (0.033): 0.003*"parity" + 0.003*"metamask" + 0.002*"homosexuality" + 0.002*"trans" + 0.002*"age" + 0.002*"lisk" + 0.002*"gender" + 0.002*"diamond" + 0.002*"deleted" + 0.002*"biology"
2018-08-28 05:50:35,059 : INFO : topic #7 (0.033): 0.024*"link" + 0.019*"token" + 0.012*"eth" + 0.010*"contract" + 0.009*"use" + 0.009*"smart" + 0.008*"chainlink" + 0.007*"would" + 0.007*"blockchain" + 0.007*"data"
2018-08-28 05:50:35,060 : INFO : topic #22 (0.033): 0.176*"chancoin" + 0.005*"coin" + 0.005*"4chn" + 0.004*"chan" + 0.004*"discord" + 0.004*"wallet" + 0.003*"tipping" + 0.003*"address" + 0.003*"name" + 0.003*"blockchain"
2018-08-28 05:50:35,061 : INFO : topic #19 (0.033): 0.006*"rcn" + 0.005*"coin" + 0.005*"one" + 0.005*"token" + 0.004*"like" + 0.004*"slr" + 0.004*"credit" + 0.004*"odn" + 0.004*"guy" + 0.003*"year"
2018-08-28 05:50:35,064 : INFO : topic diff=0.004416, rho=0.117041
2018-08-28 05:50:39,230 : INFO : -8.352 per-word bound, 326.7 perplexity estimate based on a held-out corpus of 1067 documents with 1256157 words
2018-08-28 05:50:39,231 : INFO : PROGRESS: pass 72, at document #1067/1067
2018-08-28 05:50:41,228 : INFO : topic #28 (0.033): 0.007*"like" + 0.005*"would" + 0.004*"one" + 0.004*"get" + 0.004*"people" + 0.004*"buy" + 0.004*"fucking" + 0.003*"tesla" + 0.003*"city" + 0.003*"live"
2018-08-28 05:50:41,230 : INFO : topic #6 (0.033): 0.020*"silver" + 0.013*"transaction" + 0.008*"contract" + 0.007*"block" + 0.007*"dave" + 0.006*"ltc" + 0.006*"jane" + 0.006*"network" + 0.005*"fund" + 0.005*"channel"
2018-08-28 05:50:41,231 : INFO : topic #26 (0.033): 0.010*"buy" + 0.009*"im" + 0.008*"like" + 0.008*"get" + 0.007*"coin" + 0.007*"going" + 0.006*"go" + 0.006*"money" + 0.005*"make" + 0.005*"sell"
2018-08-28 05:50:41,232 : INFO : topic #5 (0.033): 0.023*"btc" + 0.017*"bitcoin" + 0.017*"bch" + 0.007*"going" + 0.006*"like" + 0.006*"people" + 0.006*"get" + 0.006*"fucking" + 0.006*"time" + 0.006*"coin"
2018-08-28 05:50:41,233 : INFO : topic #16 (0.033): 0.005*"book" + 0.002*"oil" + 0.002*"indian" + 0.002*"coffee" + 0.002*"candle" + 0.002*"copper" + 0.002*"okcash" + 0.002*"bookstore" + 0.001*"pajeet" + 0.001*"rich"
2018-08-28 05:50:41,235 : INFO : topic diff=0.004316, rho=0.116248
2018-08-28 05:50:45,372 : INFO : -8.351 per-word bound, 326.6 perplexity estimate based on a held-out corpus of 1067 documents with 1256157 words
2018-08-28 05:50:45,372 : INFO : PROGRESS: pass 73, at document #1067/1067
2018-08-28 05:50:47,311 : INFO : topic #3 (0.033): 0.011*"get" + 0.010*"like" + 0.008*"im" + 0.007*"people" + 0.007*"make" + 0.007*"money" + 0.006*"want" + 0.006*"would" + 0.005*"fucking" + 0.005*"know"
2018-08-28 05:50:47,314 : INFO : topic #14 (0.033): 0.030*"link" + 0.010*"coin" + 0.009*"req" + 0.007*"project" + 0.006*"even" + 0.006*"know" + 0.006*"team" + 0.006*"buy" + 0.005*"im" + 0.005*"omg"
2018-08-28 05:50:47,315 : INFO : topic #23 (0.033): 0.025*"neo" + 0.015*"news" + 0.005*"government" + 0.004*"gas" + 0.004*"announcement" + 0.003*"product" + 0.002*"gov" + 0.002*"customer" + 0.002*"management" + 0.002*"113k"
2018-08-28 05:50:47,316 : INFO : topic #8 (0.033): 0.037*"iota" + 0.005*"giota" + 0.003*"reclaim" + 0.003*"supply" + 0.002*"tool" + 0.002*"tangle" + 0.002*"miota" + 0.002*"foundation" + 0.002*"bitfinex" + 0.002*"refugee"
2018-08-28 05:50:47,317 : INFO : topic #4 (0.033): 0.013*"pbc" + 0.009*"ha" + 0.009*"fake" + 0.009*"teeka" + 0.008*"op" + 0.006*"real" + 0.006*"dash" + 0.005*"deranged" + 0.005*"subscriber" + 0.005*"group"
2018-08-28 05:50:47,319 : INFO : topic diff=0.004220, rho=0.115470
2018-08-28 05:50:51,438 : INFO : -8.351 per-word bound, 326.5 perplexity estimate based on a held-out corpus of 1067 documents with 1256157 words
2018-08-28 05:50:51,439 : INFO : PROGRESS: pass 74, at document #1067/1067
2018-08-28 05:50:53,513 : INFO : topic #29 (0.033): 0.004*"recession" + 0.001*"krugman" + 0.001*"interestedgo" + 0.001*"global" + 0.001*"youwould" + 0.001*"singaporean" + 0.001*"rsd" + 0.001*"altruistic" + 0.001*"cbs" + 0.001*"peacefully"
2018-08-28 05:50:53,514 : INFO : topic #12 (0.033): 0.018*"tax" + 0.010*"crypto" + 0.009*"pay" + 0.008*"gain" + 0.007*"year" + 0.007*"get" + 0.007*"like" + 0.007*"trade" + 0.006*"money" + 0.006*"would"
2018-08-28 05:50:53,515 : INFO : topic #27 (0.033): 0.007*"ceo" + 0.002*"unable" + 0.002*"mcdonalds" + 0.002*"lettuce" + 0.002*"tomato" + 0.002*"comfydo" + 0.002*"bread" + 0.001*"programming" + 0.001*"bake" + 0.001*"mac"
2018-08-28 05:50:53,516 : INFO : topic #3 (0.033): 0.011*"get" + 0.010*"like" + 0.008*"im" + 0.007*"people" + 0.007*"make" + 0.007*"money" + 0.006*"want" + 0.006*"would" + 0.005*"fucking" + 0.005*"know"
2018-08-28 05:50:53,518 : INFO : topic #26 (0.033): 0.010*"buy" + 0.009*"im" + 0.008*"like" + 0.008*"get" + 0.007*"coin" + 0.007*"going" + 0.006*"go" + 0.006*"money" + 0.005*"make" + 0.005*"sell"
2018-08-28 05:50:53,520 : INFO : topic diff=0.004129, rho=0.114708
2018-08-28 05:50:57,656 : INFO : -8.351 per-word bound, 326.4 perplexity estimate based on a held-out corpus of 1067 documents with 1256157 words
2018-08-28 05:50:57,657 : INFO : PROGRESS: pass 75, at document #1067/1067
2018-08-28 05:50:59,671 : INFO : topic #27 (0.033): 0.007*"ceo" + 0.002*"unable" + 0.002*"mcdonalds" + 0.002*"lettuce" + 0.002*"tomato" + 0.002*"comfydo" + 0.002*"bread" + 0.001*"programming" + 0.001*"bake" + 0.001*"mac"
2018-08-28 05:50:59,673 : INFO : topic #10 (0.033): 0.010*"people" + 0.009*"btc" + 0.006*"gold" + 0.006*"bitcoin" + 0.006*"value" + 0.006*"would" + 0.005*"one" + 0.005*"like" + 0.004*"money" + 0.004*"make"
2018-08-28 05:50:59,674 : INFO : topic #23 (0.033): 0.025*"neo" + 0.015*"news" + 0.005*"government" + 0.004*"gas" + 0.004*"announcement" + 0.003*"product" + 0.002*"gov" + 0.002*"customer" + 0.002*"management" + 0.002*"113k"
2018-08-28 05:50:59,676 : INFO : topic #4 (0.033): 0.013*"pbc" + 0.009*"ha" + 0.009*"fake" + 0.009*"teeka" + 0.008*"op" + 0.007*"real" + 0.006*"dash" + 0.005*"deranged" + 0.005*"subscriber" + 0.005*"group"
2018-08-28 05:50:59,677 : INFO : topic #9 (0.033): 0.002*"announced" + 0.002*"zencash" + 0.002*"labour" + 0.002*"digital" + 0.001*"programmer" + 0.001*"report" + 0.001*"shilled" + 0.001*"occulus" + 0.001*"sub" + 0.001*"aragon"
2018-08-28 05:50:59,679 : INFO : topic diff=0.004039, rho=0.113961
2018-08-28 05:51:03,756 : INFO : -8.350 per-word bound, 326.4 perplexity estimate based on a held-out corpus of 1067 documents with 1256157 words
2018-08-28 05:51:03,756 : INFO : PROGRESS: pass 76, at document #1067/1067
2018-08-28 05:51:05,777 : INFO : topic #3 (0.033): 0.011*"get" + 0.010*"like" + 0.008*"im" + 0.007*"people" + 0.007*"make" + 0.007*"money" + 0.006*"want" + 0.006*"would" + 0.005*"fucking" + 0.005*"know"
2018-08-28 05:51:05,779 : INFO : topic #28 (0.033): 0.007*"like" + 0.005*"would" + 0.004*"one" + 0.004*"get" + 0.004*"buy" + 0.004*"people" + 0.004*"fucking" + 0.003*"tesla" + 0.003*"city" + 0.003*"live"
2018-08-28 05:51:05,780 : INFO : topic #4 (0.033): 0.013*"pbc" + 0.009*"ha" + 0.009*"fake" + 0.009*"teeka" + 0.008*"op" + 0.007*"real" + 0.006*"dash" + 0.005*"deranged" + 0.005*"subscriber" + 0.005*"group"
2018-08-28 05:51:05,782 : INFO : topic #9 (0.033): 0.002*"announced" + 0.002*"zencash" + 0.002*"labour" + 0.002*"digital" + 0.001*"programmer" + 0.001*"report" + 0.001*"shilled" + 0.001*"occulus" + 0.001*"sub" + 0.001*"aragon"
2018-08-28 05:51:05,783 : INFO : topic #20 (0.033): 0.046*"tether" + 0.018*"bitfinex" + 0.015*"usd" + 0.014*"exchange" + 0.013*"scam" + 0.012*"usdt" + 0.011*"btc" + 0.008*"market" + 0.008*"crypto" + 0.007*"money"
2018-08-28 05:51:05,785 : INFO : topic diff=0.003952, rho=0.113228
2018-08-28 05:51:09,938 : INFO : -8.350 per-word bound, 326.3 perplexity estimate based on a held-out corpus of 1067 documents with 1256157 words
2018-08-28 05:51:09,938 : INFO : PROGRESS: pass 77, at document #1067/1067
2018-08-28 05:51:11,950 : INFO : topic #1 (0.033): 0.001*"slush" + 0.001*"sgx" + 0.001*"intel" + 0.001*"speculated" + 0.001*"multicarrier" + 0.001*"apis" + 0.001*"knock" + 0.001*"prophecy" + 0.001*"newsthis" + 0.001*"carpet"
2018-08-28 05:51:11,952 : INFO : topic #9 (0.033): 0.002*"announced" + 0.002*"zencash" + 0.002*"labour" + 0.002*"digital" + 0.001*"programmer" + 0.001*"report" + 0.001*"shilled" + 0.001*"occulus" + 0.001*"sub" + 0.001*"aragon"
2018-08-28 05:51:11,953 : INFO : topic #21 (0.033): 0.012*"quad" + 0.008*"iota" + 0.007*"snug" + 0.004*"sleep" + 0.003*"smug" + 0.002*"rolling" + 0.002*"address" + 0.002*"balance" + 0.002*"tangle" + 0.002*"nuls"
2018-08-28 05:51:11,954 : INFO : topic #26 (0.033): 0.010*"buy" + 0.009*"im" + 0.008*"like" + 0.008*"get" + 0.007*"coin" + 0.007*"going" + 0.006*"go" + 0.006*"money" + 0.005*"make" + 0.005*"sell"
2018-08-28 05:51:11,956 : INFO : topic #0 (0.033): 0.093*"die" + 0.014*"pip" + 0.013*"10k" + 0.007*"079" + 0.003*"fx" + 0.003*"forex" + 0.002*"copper" + 0.002*"nude" + 0.002*"back" + 0.002*"tp"
2018-08-28 05:51:11,958 : INFO : topic diff=0.003871, rho=0.112509
2018-08-28 05:51:16,111 : INFO : -8.350 per-word bound, 326.2 perplexity estimate based on a held-out corpus of 1067 documents with 1256157 words
2018-08-28 05:51:16,111 : INFO : PROGRESS: pass 78, at document #1067/1067
2018-08-28 05:51:18,135 : INFO : topic #1 (0.033): 0.001*"slush" + 0.001*"sgx" + 0.001*"intel" + 0.001*"multicarrier" + 0.001*"speculated" + 0.001*"apis" + 0.001*"knock" + 0.001*"prophecy" + 0.001*"newsthis" + 0.001*"avait"
2018-08-28 05:51:18,136 : INFO : topic #8 (0.033): 0.037*"iota" + 0.005*"giota" + 0.003*"reclaim" + 0.002*"supply" + 0.002*"tool" + 0.002*"tangle" + 0.002*"miota" + 0.002*"foundation" + 0.002*"bitfinex" + 0.002*"refugee"
2018-08-28 05:51:18,137 : INFO : topic #29 (0.033): 0.004*"recession" + 0.001*"interestedgo" + 0.001*"krugman" + 0.001*"global" + 0.001*"rsd" + 0.001*"singaporean" + 0.001*"youwould" + 0.001*"altruistic" + 0.001*"cbs" + 0.001*"peacefully"
2018-08-28 05:51:18,139 : INFO : topic #4 (0.033): 0.014*"pbc" + 0.009*"ha" + 0.009*"fake" + 0.009*"teeka" + 0.008*"op" + 0.007*"real" + 0.006*"dash" + 0.005*"deranged" + 0.005*"group" + 0.005*"subscriber"
2018-08-28 05:51:18,140 : INFO : topic #3 (0.033): 0.011*"get" + 0.010*"like" + 0.008*"im" + 0.007*"people" + 0.007*"make" + 0.007*"money" + 0.006*"want" + 0.006*"would" + 0.005*"fucking" + 0.005*"know"
2018-08-28 05:51:18,142 : INFO : topic diff=0.003789, rho=0.111803
2018-08-28 05:51:22,290 : INFO : -8.349 per-word bound, 326.1 perplexity estimate based on a held-out corpus of 1067 documents with 1256157 words
2018-08-28 05:51:22,290 : INFO : PROGRESS: pass 79, at document #1067/1067
2018-08-28 05:51:24,343 : INFO : topic #22 (0.033): 0.177*"chancoin" + 0.005*"coin" + 0.005*"4chn" + 0.004*"chan" + 0.004*"discord" + 0.004*"wallet" + 0.003*"tipping" + 0.003*"address" + 0.003*"name" + 0.003*"blockchain"
2018-08-28 05:51:24,346 : INFO : topic #27 (0.033): 0.007*"ceo" + 0.002*"unable" + 0.002*"mcdonalds" + 0.002*"lettuce" + 0.002*"tomato" + 0.002*"comfydo" + 0.002*"bread" + 0.001*"programming" + 0.001*"bake" + 0.001*"mac"
2018-08-28 05:51:24,347 : INFO : topic #7 (0.033): 0.023*"link" + 0.019*"token" + 0.012*"eth" + 0.010*"contract" + 0.009*"use" + 0.009*"smart" + 0.008*"chainlink" + 0.007*"would" + 0.007*"blockchain" + 0.007*"data"
2018-08-28 05:51:24,348 : INFO : topic #26 (0.033): 0.010*"buy" + 0.009*"im" + 0.008*"like" + 0.008*"get" + 0.007*"coin" + 0.007*"going" + 0.006*"go" + 0.006*"money" + 0.005*"make" + 0.005*"sell"
2018-08-28 05:51:24,349 : INFO : topic #9 (0.033): 0.002*"announced" + 0.002*"zencash" + 0.002*"labour" + 0.001*"digital" + 0.001*"programmer" + 0.001*"report" + 0.001*"occulus" + 0.001*"shilled" + 0.001*"sub" + 0.001*"aragon"
2018-08-28 05:51:24,352 : INFO : topic diff=0.003713, rho=0.111111
2018-08-28 05:51:28,501 : INFO : -8.349 per-word bound, 326.1 perplexity estimate based on a held-out corpus of 1067 documents with 1256157 words
2018-08-28 05:51:28,502 : INFO : PROGRESS: pass 80, at document #1067/1067
2018-08-28 05:51:30,510 : INFO : topic #0 (0.033): 0.093*"die" + 0.014*"pip" + 0.013*"10k" + 0.007*"079" + 0.003*"fx" + 0.003*"forex" + 0.002*"copper" + 0.002*"nude" + 0.002*"back" + 0.002*"tp"
2018-08-28 05:51:30,511 : INFO : topic #7 (0.033): 0.023*"link" + 0.019*"token" + 0.012*"eth" + 0.010*"contract" + 0.009*"use" + 0.009*"smart" + 0.008*"chainlink" + 0.007*"would" + 0.007*"blockchain" + 0.007*"data"
2018-08-28 05:51:30,512 : INFO : topic #15 (0.033): 0.010*"get" + 0.009*"roll" + 0.007*"op" + 0.006*"year" + 0.005*"im" + 0.005*"make" + 0.004*"fuck" + 0.004*"please" + 0.004*"got" + 0.004*"thread"
2018-08-28 05:51:30,513 : INFO : topic #24 (0.033): 0.042*"wallet" + 0.038*"monero" + 0.017*"xmr" + 0.016*"address" + 0.014*"private" + 0.014*"key" + 0.014*"use" + 0.012*"transaction" + 0.008*"privacy" + 0.008*"bitcoin"
2018-08-28 05:51:30,514 : INFO : topic #3 (0.033): 0.011*"get" + 0.010*"like" + 0.008*"im" + 0.007*"people" + 0.007*"make" + 0.007*"money" + 0.006*"want" + 0.006*"would" + 0.005*"fucking" + 0.005*"know"
2018-08-28 05:51:30,516 : INFO : topic diff=0.003633, rho=0.110432
2018-08-28 05:51:34,495 : INFO : -8.349 per-word bound, 326.0 perplexity estimate based on a held-out corpus of 1067 documents with 1256157 words
2018-08-28 05:51:34,495 : INFO : PROGRESS: pass 81, at document #1067/1067
2018-08-28 05:51:36,525 : INFO : topic #27 (0.033): 0.007*"ceo" + 0.002*"unable" + 0.002*"mcdonalds" + 0.002*"lettuce" + 0.002*"tomato" + 0.002*"comfydo" + 0.002*"bread" + 0.001*"programming" + 0.001*"bake" + 0.001*"mac"
2018-08-28 05:51:36,526 : INFO : topic #4 (0.033): 0.014*"pbc" + 0.010*"ha" + 0.009*"teeka" + 0.009*"fake" + 0.008*"op" + 0.007*"real" + 0.006*"dash" + 0.005*"deranged" + 0.005*"group" + 0.005*"subscriber"
2018-08-28 05:51:36,527 : INFO : topic #21 (0.033): 0.012*"quad" + 0.008*"iota" + 0.007*"snug" + 0.004*"sleep" + 0.003*"smug" + 0.002*"rolling" + 0.002*"address" + 0.002*"balance" + 0.002*"tangle" + 0.002*"probch"
2018-08-28 05:51:36,528 : INFO : topic #26 (0.033): 0.010*"buy" + 0.009*"im" + 0.008*"like" + 0.008*"get" + 0.007*"coin" + 0.007*"going" + 0.006*"go" + 0.006*"money" + 0.005*"make" + 0.005*"sell"
2018-08-28 05:51:36,530 : INFO : topic #19 (0.033): 0.007*"rcn" + 0.005*"coin" + 0.005*"token" + 0.005*"one" + 0.004*"slr" + 0.004*"like" + 0.004*"credit" + 0.004*"odn" + 0.004*"guy" + 0.003*"year"
2018-08-28 05:51:36,532 : INFO : topic diff=0.003563, rho=0.109764
2018-08-28 05:51:40,689 : INFO : -8.348 per-word bound, 325.9 perplexity estimate based on a held-out corpus of 1067 documents with 1256157 words
2018-08-28 05:51:40,690 : INFO : PROGRESS: pass 82, at document #1067/1067
2018-08-28 05:51:42,707 : INFO : topic #28 (0.033): 0.007*"like" + 0.005*"would" + 0.004*"one" + 0.004*"buy" + 0.004*"get" + 0.004*"people" + 0.003*"fucking" + 0.003*"tesla" + 0.003*"city" + 0.003*"live"
2018-08-28 05:51:42,708 : INFO : topic #11 (0.033): 0.063*"neo" + 0.012*"news" + 0.011*"china" + 0.006*"bubble" + 0.005*"monday" + 0.004*"chinese" + 0.004*"wage" + 0.004*"minimum" + 0.003*"icos" + 0.003*"conference"
2018-08-28 05:51:42,710 : INFO : topic #8 (0.033): 0.038*"iota" + 0.005*"giota" + 0.003*"reclaim" + 0.002*"supply" + 0.002*"tool" + 0.002*"tangle" + 0.002*"miota" + 0.002*"bitfinex" + 0.002*"foundation" + 0.002*"refugee"
2018-08-28 05:51:42,711 : INFO : topic #4 (0.033): 0.014*"pbc" + 0.010*"teeka" + 0.010*"ha" + 0.009*"fake" + 0.008*"op" + 0.007*"real" + 0.006*"dash" + 0.005*"deranged" + 0.005*"group" + 0.005*"subscriber"
2018-08-28 05:51:42,712 : INFO : topic #12 (0.033): 0.019*"tax" + 0.010*"crypto" + 0.009*"pay" + 0.008*"gain" + 0.007*"year" + 0.007*"get" + 0.007*"like" + 0.007*"trade" + 0.006*"money" + 0.006*"would"
2018-08-28 05:51:42,714 : INFO : topic diff=0.003489, rho=0.109109
2018-08-28 05:51:46,891 : INFO : -8.348 per-word bound, 325.8 perplexity estimate based on a held-out corpus of 1067 documents with 1256157 words
2018-08-28 05:51:46,893 : INFO : PROGRESS: pass 83, at document #1067/1067
2018-08-28 05:51:48,904 : INFO : topic #27 (0.033): 0.007*"ceo" + 0.002*"unable" + 0.002*"mcdonalds" + 0.002*"lettuce" + 0.002*"tomato" + 0.002*"comfydo" + 0.002*"bread" + 0.001*"programming" + 0.001*"bake" + 0.001*"mac"
2018-08-28 05:51:48,905 : INFO : topic #4 (0.033): 0.014*"pbc" + 0.010*"teeka" + 0.010*"ha" + 0.009*"fake" + 0.008*"op" + 0.007*"real" + 0.006*"dash" + 0.005*"deranged" + 0.005*"group" + 0.005*"subscriber"
2018-08-28 05:51:48,907 : INFO : topic #15 (0.033): 0.010*"get" + 0.009*"roll" + 0.007*"op" + 0.006*"year" + 0.005*"im" + 0.005*"make" + 0.004*"please" + 0.004*"fuck" + 0.004*"got" + 0.004*"thread"
2018-08-28 05:51:48,908 : INFO : topic #14 (0.033): 0.031*"link" + 0.010*"coin" + 0.010*"req" + 0.007*"project" + 0.007*"even" + 0.006*"team" + 0.006*"know" + 0.006*"buy" + 0.005*"im" + 0.005*"omg"
2018-08-28 05:51:48,918 : INFO : topic diff=0.003422, rho=0.108465
2018-08-28 05:51:53,100 : INFO : -8.348 per-word bound, 325.8 perplexity estimate based on a held-out corpus of 1067 documents with 1256157 words
2018-08-28 05:51:53,103 : INFO : PROGRESS: pass 84, at document #1067/1067
2018-08-28 05:51:55,117 : INFO : topic #24 (0.033): 0.043*"wallet" + 0.038*"monero" + 0.017*"xmr" + 0.016*"address" + 0.015*"private" + 0.014*"key" + 0.014*"use" + 0.012*"transaction" + 0.008*"privacy" + 0.008*"bitcoin"
2018-08-28 05:51:55,118 : INFO : topic #13 (0.033): 0.003*"parity" + 0.003*"metamask" + 0.002*"homosexuality" + 0.002*"trans" + 0.002*"age" + 0.002*"lisk" + 0.002*"diamond" + 0.002*"gender" + 0.002*"deleted" + 0.002*"biology"
2018-08-28 05:51:55,119 : INFO : topic #7 (0.033): 0.023*"link" + 0.019*"token" + 0.012*"eth" + 0.010*"contract" + 0.009*"use" + 0.009*"smart" + 0.008*"chainlink" + 0.007*"would" + 0.007*"blockchain" + 0.007*"data"
2018-08-28 05:51:55,120 : INFO : topic #23 (0.033): 0.025*"neo" + 0.015*"news" + 0.005*"government" + 0.004*"gas" + 0.004*"announcement" + 0.002*"product" + 0.002*"gov" + 0.002*"management" + 0.002*"customer" + 0.002*"113k"
2018-08-28 05:51:55,122 : INFO : topic #6 (0.033): 0.021*"silver" + 0.012*"transaction" + 0.008*"contract" + 0.007*"block" + 0.007*"dave" + 0.006*"ltc" + 0.006*"jane" + 0.006*"network" + 0.005*"fund" + 0.005*"channel"
2018-08-28 05:51:55,124 : INFO : topic diff=0.003354, rho=0.107833
2018-08-28 05:51:59,273 : INFO : -8.347 per-word bound, 325.7 perplexity estimate based on a held-out corpus of 1067 documents with 1256157 words
2018-08-28 05:51:59,273 : INFO : PROGRESS: pass 85, at document #1067/1067
2018-08-28 05:52:01,389 : INFO : topic #10 (0.033): 0.010*"people" + 0.009*"btc" + 0.007*"gold" + 0.006*"value" + 0.006*"bitcoin" + 0.005*"would" + 0.005*"one" + 0.004*"like" + 0.004*"make" + 0.004*"money"
2018-08-28 05:52:01,390 : INFO : topic #1 (0.033): 0.001*"slush" + 0.001*"sgx" + 0.001*"intel" + 0.001*"multicarrier" + 0.001*"speculated" + 0.001*"apis" + 0.001*"knock" + 0.001*"prophecy" + 0.001*"supplying" + 0.001*"newsthis"
2018-08-28 05:52:01,392 : INFO : topic #26 (0.033): 0.010*"buy" + 0.009*"im" + 0.008*"like" + 0.008*"get" + 0.007*"coin" + 0.007*"going" + 0.006*"go" + 0.006*"money" + 0.005*"sell" + 0.005*"make"
2018-08-28 05:52:01,392 : INFO : topic #5 (0.033): 0.024*"btc" + 0.017*"bitcoin" + 0.017*"bch" + 0.007*"going" + 0.006*"like" + 0.006*"people" + 0.006*"get" + 0.006*"fucking" + 0.006*"time" + 0.006*"would"
2018-08-28 05:52:01,393 : INFO : topic #7 (0.033): 0.023*"link" + 0.019*"token" + 0.012*"eth" + 0.010*"contract" + 0.009*"use" + 0.009*"smart" + 0.008*"chainlink" + 0.007*"would" + 0.007*"blockchain" + 0.007*"data"
2018-08-28 05:52:01,396 : INFO : topic diff=0.003291, rho=0.107211
2018-08-28 05:52:05,673 : INFO : -8.347 per-word bound, 325.6 perplexity estimate based on a held-out corpus of 1067 documents with 1256157 words
2018-08-28 05:52:05,674 : INFO : PROGRESS: pass 86, at document #1067/1067
2018-08-28 05:52:07,688 : INFO : topic #24 (0.033): 0.043*"wallet" + 0.038*"monero" + 0.017*"xmr" + 0.016*"address" + 0.015*"private" + 0.014*"key" + 0.014*"use" + 0.012*"transaction" + 0.008*"privacy" + 0.008*"bitcoin"
2018-08-28 05:52:07,689 : INFO : topic #8 (0.033): 0.038*"iota" + 0.005*"giota" + 0.003*"reclaim" + 0.002*"tool" + 0.002*"supply" + 0.002*"tangle" + 0.002*"miota" + 0.002*"bitfinex" + 0.002*"foundation" + 0.002*"refugee"
2018-08-28 05:52:07,691 : INFO : topic #0 (0.033): 0.093*"die" + 0.014*"pip" + 0.013*"10k" + 0.007*"079" + 0.003*"fx" + 0.003*"forex" + 0.002*"copper" + 0.002*"nude" + 0.002*"back" + 0.002*"tp"
2018-08-28 05:52:07,692 : INFO : topic #23 (0.033): 0.025*"neo" + 0.015*"news" + 0.005*"government" + 0.004*"gas" + 0.004*"announcement" + 0.002*"product" + 0.002*"gov" + 0.002*"management" + 0.002*"customer" + 0.002*"113k"
2018-08-28 05:52:07,693 : INFO : topic #1 (0.033): 0.001*"slush" + 0.001*"sgx" + 0.001*"intel" + 0.001*"multicarrier" + 0.001*"speculated" + 0.001*"apis" + 0.001*"knock" + 0.001*"prophecy" + 0.001*"avait" + 0.001*"newsthis"
2018-08-28 05:52:07,694 : INFO : topic diff=0.003229, rho=0.106600
2018-08-28 05:52:11,789 : INFO : -8.347 per-word bound, 325.6 perplexity estimate based on a held-out corpus of 1067 documents with 1256157 words
2018-08-28 05:52:11,790 : INFO : PROGRESS: pass 87, at document #1067/1067
2018-08-28 05:52:13,804 : INFO : topic #15 (0.033): 0.010*"get" + 0.009*"roll" + 0.007*"op" + 0.006*"year" + 0.005*"im" + 0.005*"make" + 0.005*"please" + 0.004*"fuck" + 0.004*"thread" + 0.004*"got"
2018-08-28 05:52:13,805 : INFO : topic #5 (0.033): 0.024*"btc" + 0.017*"bitcoin" + 0.017*"bch" + 0.007*"going" + 0.006*"like" + 0.006*"people" + 0.006*"get" + 0.006*"fucking" + 0.006*"time" + 0.006*"would"
2018-08-28 05:52:13,806 : INFO : topic #25 (0.033): 0.042*"car" + 0.010*"drive" + 0.008*"lambo" + 0.006*"porsche" + 0.006*"language" + 0.005*"centrum" + 0.004*"english" + 0.004*"driving" + 0.004*"show" + 0.004*"audi"
2018-08-28 05:52:13,808 : INFO : topic #21 (0.033): 0.012*"quad" + 0.008*"iota" + 0.007*"snug" + 0.004*"sleep" + 0.003*"smug" + 0.002*"rolling" + 0.002*"balance" + 0.002*"address" + 0.002*"tangle" + 0.002*"probch"
2018-08-28 05:52:13,809 : INFO : topic #22 (0.033): 0.178*"chancoin" + 0.005*"coin" + 0.005*"4chn" + 0.004*"chan" + 0.004*"discord" + 0.004*"wallet" + 0.003*"tipping" + 0.003*"address" + 0.003*"name" + 0.003*"blockchain"
2018-08-28 05:52:13,811 : INFO : topic diff=0.003167, rho=0.106000
2018-08-28 05:52:17,971 : INFO : -8.347 per-word bound, 325.5 perplexity estimate based on a held-out corpus of 1067 documents with 1256157 words
2018-08-28 05:52:17,972 : INFO : PROGRESS: pass 88, at document #1067/1067
2018-08-28 05:52:19,994 : INFO : topic #4 (0.033): 0.014*"pbc" + 0.010*"teeka" + 0.010*"ha" + 0.010*"fake" + 0.008*"op" + 0.007*"real" + 0.006*"dash" + 0.006*"pick" + 0.005*"group" + 0.005*"deranged"
2018-08-28 05:52:19,996 : INFO : topic #27 (0.033): 0.007*"ceo" + 0.002*"unable" + 0.002*"mcdonalds" + 0.002*"lettuce" + 0.002*"tomato" + 0.002*"comfydo" + 0.002*"bread" + 0.001*"programming" + 0.001*"bake" + 0.001*"mac"
2018-08-28 05:52:19,997 : INFO : topic #16 (0.033): 0.005*"book" + 0.002*"oil" + 0.002*"indian" + 0.002*"coffee" + 0.002*"copper" + 0.002*"candle" + 0.002*"okcash" + 0.002*"bookstore" + 0.001*"pajeet" + 0.001*"pungent"
2018-08-28 05:52:19,998 : INFO : topic #3 (0.033): 0.011*"get" + 0.011*"like" + 0.008*"im" + 0.007*"people" + 0.007*"make" + 0.007*"money" + 0.006*"want" + 0.006*"would" + 0.006*"fucking" + 0.005*"know"
2018-08-28 05:52:20,008 : INFO : topic diff=0.003109, rho=0.105409
2018-08-28 05:52:24,205 : INFO : -8.346 per-word bound, 325.5 perplexity estimate based on a held-out corpus of 1067 documents with 1256157 words
2018-08-28 05:52:24,205 : INFO : PROGRESS: pass 89, at document #1067/1067
2018-08-28 05:52:26,228 : INFO : topic #3 (0.033): 0.011*"get" + 0.011*"like" + 0.008*"im" + 0.007*"people" + 0.007*"make" + 0.007*"money" + 0.006*"want" + 0.006*"would" + 0.006*"fucking" + 0.005*"know"
2018-08-28 05:52:26,229 : INFO : topic #13 (0.033): 0.003*"parity" + 0.003*"metamask" + 0.002*"homosexuality" + 0.002*"trans" + 0.002*"age" + 0.002*"lisk" + 0.002*"diamond" + 0.002*"gender" + 0.002*"deleted" + 0.002*"biology"
2018-08-28 05:52:26,230 : INFO : topic #16 (0.033): 0.005*"book" + 0.002*"oil" + 0.002*"indian" + 0.002*"coffee" + 0.002*"copper" + 0.002*"candle" + 0.002*"okcash" + 0.002*"bookstore" + 0.001*"pajeet" + 0.001*"pungent"
2018-08-28 05:52:26,231 : INFO : topic #0 (0.033): 0.093*"die" + 0.014*"pip" + 0.013*"10k" + 0.007*"079" + 0.003*"fx" + 0.003*"forex" + 0.002*"copper" + 0.002*"nude" + 0.002*"tp" + 0.002*"back"
2018-08-28 05:52:26,232 : INFO : topic #8 (0.033): 0.038*"iota" + 0.005*"giota" + 0.003*"reclaim" + 0.002*"tool" + 0.002*"supply" + 0.002*"tangle" + 0.002*"miota" + 0.002*"bitfinex" + 0.002*"foundation" + 0.002*"refugee"
2018-08-28 05:52:26,234 : INFO : topic diff=0.003053, rho=0.104828
2018-08-28 05:52:30,324 : INFO : -8.346 per-word bound, 325.4 perplexity estimate based on a held-out corpus of 1067 documents with 1256157 words
2018-08-28 05:52:30,324 : INFO : PROGRESS: pass 90, at document #1067/1067
2018-08-28 05:52:32,329 : INFO : topic #0 (0.033): 0.093*"die" + 0.014*"pip" + 0.013*"10k" + 0.007*"079" + 0.003*"fx" + 0.003*"forex" + 0.002*"copper" + 0.002*"nude" + 0.002*"tp" + 0.002*"back"
2018-08-28 05:52:32,331 : INFO : topic #7 (0.033): 0.022*"link" + 0.019*"token" + 0.012*"eth" + 0.010*"contract" + 0.009*"use" + 0.009*"smart" + 0.008*"chainlink" + 0.007*"would" + 0.007*"blockchain" + 0.007*"data"
2018-08-28 05:52:32,333 : INFO : topic #16 (0.033): 0.005*"book" + 0.002*"oil" + 0.002*"indian" + 0.002*"coffee" + 0.002*"copper" + 0.002*"candle" + 0.002*"okcash" + 0.002*"bookstore" + 0.001*"pajeet" + 0.001*"pungent"
2018-08-28 05:52:32,334 : INFO : topic #20 (0.033): 0.046*"tether" + 0.018*"bitfinex" + 0.015*"usd" + 0.014*"scam" + 0.014*"exchange" + 0.012*"usdt" + 0.011*"btc" + 0.008*"crypto" + 0.008*"market" + 0.007*"money"
2018-08-28 05:52:32,337 : INFO : topic diff=0.002994, rho=0.104257
2018-08-28 05:52:36,495 : INFO : -8.346 per-word bound, 325.3 perplexity estimate based on a held-out corpus of 1067 documents with 1256157 words
2018-08-28 05:52:36,496 : INFO : PROGRESS: pass 91, at document #1067/1067
2018-08-28 05:52:38,520 : INFO : topic #20 (0.033): 0.047*"tether" + 0.018*"bitfinex" + 0.015*"usd" + 0.014*"scam" + 0.014*"exchange" + 0.012*"usdt" + 0.011*"btc" + 0.008*"crypto" + 0.008*"market" + 0.007*"money"
2018-08-28 05:52:38,521 : INFO : topic #27 (0.033): 0.007*"ceo" + 0.002*"unable" + 0.002*"mcdonalds" + 0.002*"tomato" + 0.002*"lettuce" + 0.002*"comfydo" + 0.002*"bread" + 0.001*"programming" + 0.001*"bake" + 0.001*"mac"
2018-08-28 05:52:38,522 : INFO : topic #7 (0.033): 0.022*"link" + 0.019*"token" + 0.012*"eth" + 0.010*"contract" + 0.009*"use" + 0.009*"smart" + 0.008*"chainlink" + 0.007*"would" + 0.007*"blockchain" + 0.007*"data"
2018-08-28 05:52:38,523 : INFO : topic #13 (0.033): 0.003*"parity" + 0.003*"metamask" + 0.002*"homosexuality" + 0.002*"trans" + 0.002*"age" + 0.002*"lisk" + 0.002*"diamond" + 0.002*"gender" + 0.002*"deleted" + 0.002*"biology"
2018-08-28 05:52:38,524 : INFO : topic #0 (0.033): 0.093*"die" + 0.014*"pip" + 0.013*"10k" + 0.007*"079" + 0.003*"fx" + 0.003*"forex" + 0.002*"copper" + 0.002*"nude" + 0.002*"tp" + 0.002*"back"
2018-08-28 05:52:38,526 : INFO : topic diff=0.002940, rho=0.103695
2018-08-28 05:52:42,660 : INFO : -8.346 per-word bound, 325.3 perplexity estimate based on a held-out corpus of 1067 documents with 1256157 words
2018-08-28 05:52:42,661 : INFO : PROGRESS: pass 92, at document #1067/1067
2018-08-28 05:52:44,676 : INFO : topic #2 (0.033): 0.012*"organ" + 0.011*"card" + 0.008*"monaco" + 0.006*"visa" + 0.005*"mco" + 0.004*"tenx" + 0.003*"tokencard" + 0.002*"prepaid" + 0.002*"telegram" + 0.002*"donor"
2018-08-28 05:52:44,678 : INFO : topic #3 (0.033): 0.011*"get" + 0.011*"like" + 0.008*"im" + 0.007*"people" + 0.007*"make" + 0.007*"money" + 0.006*"want" + 0.006*"would" + 0.006*"fucking" + 0.005*"know"
2018-08-28 05:52:44,679 : INFO : topic #13 (0.033): 0.003*"parity" + 0.003*"metamask" + 0.002*"homosexuality" + 0.002*"trans" + 0.002*"age" + 0.002*"lisk" + 0.002*"diamond" + 0.002*"gender" + 0.002*"deleted" + 0.002*"biology"
2018-08-28 05:52:44,680 : INFO : topic #27 (0.033): 0.007*"ceo" + 0.002*"unable" + 0.002*"mcdonalds" + 0.002*"lettuce" + 0.002*"tomato" + 0.002*"comfydo" + 0.002*"bread" + 0.001*"programming" + 0.001*"bake" + 0.001*"mac"
2018-08-28 05:52:44,681 : INFO : topic #6 (0.033): 0.021*"silver" + 0.012*"transaction" + 0.008*"contract" + 0.007*"block" + 0.007*"dave" + 0.007*"ltc" + 0.006*"jane" + 0.006*"network" + 0.005*"fund" + 0.005*"channel"
2018-08-28 05:52:44,683 : INFO : topic diff=0.002889, rho=0.103142
2018-08-28 05:52:48,868 : INFO : -8.345 per-word bound, 325.2 perplexity estimate based on a held-out corpus of 1067 documents with 1256157 words
2018-08-28 05:52:48,869 : INFO : PROGRESS: pass 93, at document #1067/1067
2018-08-28 05:52:50,902 : INFO : topic #15 (0.033): 0.010*"get" + 0.009*"roll" + 0.007*"op" + 0.006*"year" + 0.005*"im" + 0.005*"please" + 0.005*"make" + 0.004*"thread" + 0.004*"fuck" + 0.004*"got"
2018-08-28 05:52:50,903 : INFO : topic #6 (0.033): 0.021*"silver" + 0.012*"transaction" + 0.008*"contract" + 0.007*"block" + 0.007*"dave" + 0.007*"ltc" + 0.006*"jane" + 0.006*"network" + 0.005*"fund" + 0.005*"channel"
2018-08-28 05:52:50,905 : INFO : topic #9 (0.033): 0.002*"announced" + 0.002*"zencash" + 0.002*"labour" + 0.001*"digital" + 0.001*"programmer" + 0.001*"report" + 0.001*"occulus" + 0.001*"shilled" + 0.001*"aragon" + 0.001*"sub"
2018-08-28 05:52:50,906 : INFO : topic #2 (0.033): 0.012*"organ" + 0.011*"card" + 0.008*"monaco" + 0.006*"visa" + 0.006*"mco" + 0.004*"tenx" + 0.003*"tokencard" + 0.002*"prepaid" + 0.002*"telegram" + 0.002*"donor"
2018-08-28 05:52:50,907 : INFO : topic #28 (0.033): 0.007*"like" + 0.005*"would" + 0.004*"one" + 0.004*"buy" + 0.004*"tesla" + 0.004*"people" + 0.004*"city" + 0.003*"get" + 0.003*"live" + 0.003*"fucking"
2018-08-28 05:52:50,909 : INFO : topic diff=0.002840, rho=0.102598
2018-08-28 05:52:55,213 : INFO : -8.345 per-word bound, 325.2 perplexity estimate based on a held-out corpus of 1067 documents with 1256157 words
2018-08-28 05:52:55,214 : INFO : PROGRESS: pass 94, at document #1067/1067
2018-08-28 05:52:57,378 : INFO : topic #5 (0.033): 0.024*"btc" + 0.017*"bitcoin" + 0.017*"bch" + 0.007*"going" + 0.006*"people" + 0.006*"like" + 0.006*"get" + 0.006*"fucking" + 0.006*"time" + 0.006*"would"
2018-08-28 05:52:57,381 : INFO : topic #23 (0.033): 0.026*"neo" + 0.015*"news" + 0.005*"government" + 0.004*"gas" + 0.004*"announcement" + 0.002*"product" + 0.002*"gov" + 0.002*"management" + 0.002*"customer" + 0.002*"113k"
2018-08-28 05:52:57,382 : INFO : topic #10 (0.033): 0.010*"people" + 0.008*"btc" + 0.007*"gold" + 0.006*"value" + 0.005*"would" + 0.005*"bitcoin" + 0.005*"one" + 0.004*"like" + 0.004*"make" + 0.004*"money"
2018-08-28 05:52:57,383 : INFO : topic #15 (0.033): 0.010*"get" + 0.009*"roll" + 0.007*"op" + 0.006*"year" + 0.005*"im" + 0.005*"please" + 0.005*"make" + 0.004*"thread" + 0.004*"got" + 0.004*"fuck"
2018-08-28 05:52:57,384 : INFO : topic #11 (0.033): 0.065*"neo" + 0.012*"news" + 0.011*"china" + 0.006*"bubble" + 0.005*"monday" + 0.005*"chinese" + 0.004*"wage" + 0.004*"minimum" + 0.004*"icos" + 0.003*"conference"
2018-08-28 05:52:57,386 : INFO : topic diff=0.002795, rho=0.102062
2018-08-28 05:53:01,547 : INFO : -8.345 per-word bound, 325.1 perplexity estimate based on a held-out corpus of 1067 documents with 1256157 words
2018-08-28 05:53:01,548 : INFO : PROGRESS: pass 95, at document #1067/1067
2018-08-28 05:53:03,577 : INFO : topic #2 (0.033): 0.012*"organ" + 0.011*"card" + 0.008*"monaco" + 0.006*"visa" + 0.006*"mco" + 0.004*"tenx" + 0.003*"tokencard" + 0.002*"prepaid" + 0.002*"telegram" + 0.002*"donor"
2018-08-28 05:53:03,578 : INFO : topic #22 (0.033): 0.178*"chancoin" + 0.005*"coin" + 0.005*"4chn" + 0.004*"chan" + 0.004*"discord" + 0.004*"wallet" + 0.003*"tipping" + 0.003*"address" + 0.003*"name" + 0.003*"blockchain"
2018-08-28 05:53:03,579 : INFO : topic #4 (0.033): 0.015*"pbc" + 0.011*"teeka" + 0.010*"ha" + 0.010*"fake" + 0.008*"op" + 0.007*"real" + 0.006*"dash" + 0.006*"pick" + 0.006*"group" + 0.005*"subscriber"
2018-08-28 05:53:03,581 : INFO : topic #23 (0.033): 0.026*"neo" + 0.015*"news" + 0.005*"government" + 0.004*"gas" + 0.004*"announcement" + 0.002*"product" + 0.002*"gov" + 0.002*"management" + 0.002*"customer" + 0.002*"113k"
2018-08-28 05:53:03,581 : INFO : topic #5 (0.033): 0.024*"btc" + 0.017*"bitcoin" + 0.017*"bch" + 0.007*"going" + 0.006*"people" + 0.006*"like" + 0.006*"get" + 0.006*"fucking" + 0.006*"time" + 0.006*"would"
2018-08-28 05:53:03,584 : INFO : topic diff=0.002744, rho=0.101535
2018-08-28 05:53:07,797 : INFO : -8.345 per-word bound, 325.0 perplexity estimate based on a held-out corpus of 1067 documents with 1256157 words
2018-08-28 05:53:07,797 : INFO : PROGRESS: pass 96, at document #1067/1067
2018-08-28 05:53:09,849 : INFO : topic #14 (0.033): 0.032*"link" + 0.010*"coin" + 0.010*"req" + 0.007*"project" + 0.007*"even" + 0.006*"team" + 0.006*"know" + 0.006*"buy" + 0.005*"omg" + 0.005*"im"
2018-08-28 05:53:09,850 : INFO : topic #12 (0.033): 0.019*"tax" + 0.010*"crypto" + 0.009*"pay" + 0.008*"gain" + 0.007*"year" + 0.007*"get" + 0.007*"trade" + 0.007*"like" + 0.006*"money" + 0.006*"would"
2018-08-28 05:53:09,851 : INFO : topic #9 (0.033): 0.002*"announced" + 0.002*"zencash" + 0.002*"labour" + 0.001*"digital" + 0.001*"programmer" + 0.001*"occulus" + 0.001*"report" + 0.001*"shilled" + 0.001*"aragon" + 0.001*"sub"
2018-08-28 05:53:09,852 : INFO : topic #2 (0.033): 0.012*"organ" + 0.011*"card" + 0.008*"monaco" + 0.006*"visa" + 0.006*"mco" + 0.004*"tenx" + 0.003*"tokencard" + 0.002*"prepaid" + 0.002*"telegram" + 0.002*"donor"
2018-08-28 05:53:09,853 : INFO : topic #18 (0.033): 0.068*"ark" + 0.011*"wallet" + 0.007*"delegate" + 0.007*"deluded" + 0.006*"going" + 0.006*"get" + 0.006*"arkies" + 0.004*"mobile" + 0.004*"eth" + 0.004*"arkie"
2018-08-28 05:53:09,855 : INFO : topic diff=0.002699, rho=0.101015
2018-08-28 05:53:14,019 : INFO : -8.344 per-word bound, 325.0 perplexity estimate based on a held-out corpus of 1067 documents with 1256157 words
2018-08-28 05:53:14,019 : INFO : PROGRESS: pass 97, at document #1067/1067
2018-08-28 05:53:16,065 : INFO : topic #24 (0.033): 0.044*"wallet" + 0.038*"monero" + 0.017*"address" + 0.017*"xmr" + 0.015*"private" + 0.014*"key" + 0.014*"use" + 0.012*"transaction" + 0.008*"privacy" + 0.007*"bitcoin"
2018-08-28 05:53:16,066 : INFO : topic #10 (0.033): 0.010*"people" + 0.008*"btc" + 0.007*"gold" + 0.006*"value" + 0.005*"would" + 0.005*"bitcoin" + 0.005*"one" + 0.004*"like" + 0.004*"make" + 0.004*"money"
2018-08-28 05:53:16,067 : INFO : topic #2 (0.033): 0.012*"organ" + 0.011*"card" + 0.008*"monaco" + 0.006*"visa" + 0.006*"mco" + 0.004*"tenx" + 0.003*"tokencard" + 0.002*"prepaid" + 0.002*"telegram" + 0.002*"donor"
2018-08-28 05:53:16,068 : INFO : topic #20 (0.033): 0.047*"tether" + 0.018*"bitfinex" + 0.015*"usd" + 0.015*"scam" + 0.014*"exchange" + 0.012*"usdt" + 0.012*"btc" + 0.008*"crypto" + 0.008*"market" + 0.007*"money"
2018-08-28 05:53:16,069 : INFO : topic #1 (0.033): 0.001*"slush" + 0.001*"sgx" + 0.001*"intel" + 0.001*"multicarrier" + 0.001*"speculated" + 0.001*"apis" + 0.001*"knock" + 0.001*"prophecy" + 0.001*"supplying" + 0.001*"newsthis"
2018-08-28 05:53:16,071 : INFO : topic diff=0.002656, rho=0.100504
2018-08-28 05:53:20,239 : INFO : -8.344 per-word bound, 324.9 perplexity estimate based on a held-out corpus of 1067 documents with 1256157 words
2018-08-28 05:53:20,239 : INFO : PROGRESS: pass 98, at document #1067/1067
2018-08-28 05:53:22,257 : INFO : topic #20 (0.033): 0.047*"tether" + 0.018*"bitfinex" + 0.015*"usd" + 0.015*"scam" + 0.014*"exchange" + 0.012*"usdt" + 0.012*"btc" + 0.008*"crypto" + 0.008*"market" + 0.007*"money"
2018-08-28 05:53:22,258 : INFO : topic #2 (0.033): 0.012*"organ" + 0.011*"card" + 0.008*"monaco" + 0.006*"visa" + 0.006*"mco" + 0.004*"tenx" + 0.003*"tokencard" + 0.002*"prepaid" + 0.002*"telegram" + 0.002*"donor"
2018-08-28 05:53:22,260 : INFO : topic #26 (0.033): 0.010*"buy" + 0.009*"im" + 0.008*"like" + 0.008*"get" + 0.007*"coin" + 0.007*"going" + 0.006*"go" + 0.006*"money" + 0.005*"sell" + 0.005*"make"
2018-08-28 05:53:22,261 : INFO : topic #1 (0.033): 0.001*"slush" + 0.001*"sgx" + 0.001*"intel" + 0.001*"multicarrier" + 0.001*"speculated" + 0.001*"apis" + 0.001*"knock" + 0.001*"prophecy" + 0.001*"supplying" + 0.001*"chorus"
2018-08-28 05:53:22,261 : INFO : topic #9 (0.033): 0.002*"announced" + 0.002*"zencash" + 0.002*"labour" + 0.001*"digital" + 0.001*"programmer" + 0.001*"occulus" + 0.001*"report" + 0.001*"aragon" + 0.001*"shilled" + 0.001*"sub"
2018-08-28 05:53:22,264 : INFO : topic diff=0.002612, rho=0.100000
2018-08-28 05:53:26,460 : INFO : -8.344 per-word bound, 324.9 perplexity estimate based on a held-out corpus of 1067 documents with 1256157 words
2018-08-28 05:53:26,461 : INFO : PROGRESS: pass 99, at document #1067/1067
2018-08-28 05:53:28,484 : INFO : topic #5 (0.033): 0.024*"btc" + 0.017*"bitcoin" + 0.017*"bch" + 0.007*"going" + 0.006*"people" + 0.006*"like" + 0.006*"get" + 0.006*"fucking" + 0.006*"time" + 0.006*"would"
2018-08-28 05:53:28,485 : INFO : topic #4 (0.033): 0.015*"pbc" + 0.011*"teeka" + 0.010*"ha" + 0.010*"fake" + 0.008*"op" + 0.007*"real" + 0.007*"pick" + 0.006*"dash" + 0.006*"group" + 0.005*"subscriber"
2018-08-28 05:53:28,486 : INFO : topic #16 (0.033): 0.005*"book" + 0.002*"oil" + 0.002*"indian" + 0.002*"coffee" + 0.002*"copper" + 0.002*"candle" + 0.002*"okcash" + 0.002*"bookstore" + 0.001*"pajeet" + 0.001*"pungent"
2018-08-28 05:53:28,487 : INFO : topic #1 (0.033): 0.001*"slush" + 0.001*"sgx" + 0.001*"intel" + 0.001*"multicarrier" + 0.001*"speculated" + 0.001*"apis" + 0.001*"knock" + 0.001*"prophecy" + 0.001*"supplying" + 0.001*"chorus"
2018-08-28 05:53:28,488 : INFO : topic #18 (0.033): 0.068*"ark" + 0.012*"wallet" + 0.007*"delegate" + 0.007*"deluded" + 0.006*"going" + 0.006*"get" + 0.006*"arkies" + 0.004*"mobile" + 0.004*"eth" + 0.004*"arkie"
2018-08-28 05:53:28,491 : INFO : topic diff=0.002570, rho=0.099504
2018-08-28 05:53:28,492 : INFO : saving LdaState object under models/ldamodel.state, separately None
2018-08-28 05:53:28,610 : INFO : saved models/ldamodel.state
2018-08-28 05:53:28,657 : INFO : saving LdaModel object under models/ldamodel, separately ['expElogbeta', 'sstats']
2018-08-28 05:53:28,658 : INFO : storing np array 'expElogbeta' to models/ldamodel.expElogbeta.npy
2018-08-28 05:53:28,705 : INFO : not storing attribute id2word
2018-08-28 05:53:28,706 : INFO : not storing attribute state
2018-08-28 05:53:28,707 : INFO : not storing attribute dispatcher
2018-08-28 05:53:28,711 : INFO : saved models/ldamodel
2018-08-28 05:53:28,714 : INFO : topic #6 (0.033): 0.021*"silver" + 0.012*"transaction" + 0.008*"contract" + 0.007*"block" + 0.007*"dave" + 0.007*"ltc" + 0.006*"jane" + 0.006*"network" + 0.005*"fund" + 0.005*"channel" + 0.005*"payment" + 0.004*"day" + 0.004*"bob" + 0.004*"gold" + 0.004*"fee" + 0.004*"lightning" + 0.003*"oz" + 0.003*"litecoin" + 0.003*"pm" + 0.003*"open"
2018-08-28 05:53:28,715 : INFO : topic #0 (0.033): 0.094*"die" + 0.014*"pip" + 0.013*"10k" + 0.007*"079" + 0.003*"fx" + 0.003*"forex" + 0.002*"copper" + 0.002*"nude" + 0.002*"tp" + 0.001*"daughter" + 0.001*"back" + 0.001*"sexual" + 0.001*"bullied" + 0.001*"roast" + 0.001*"2011" + 0.001*"huh" + 0.001*"kobe" + 0.001*"nah" + 0.001*"bullying" + 0.001*"sweden"
2018-08-28 05:53:28,716 : INFO : topic #29 (0.033): 0.004*"recession" + 0.001*"krugman" + 0.001*"interestedgo" + 0.001*"global" + 0.001*"youwould" + 0.001*"rsd" + 0.001*"singaporean" + 0.001*"altruistic" + 0.001*"cbs" + 0.001*"peacefully" + 0.001*"antic" + 0.001*"booth" + 0.001*"slutty" + 0.001*"dipshits" + 0.001*"ritual" + 0.001*"trustworthy" + 0.001*"confiscate" + 0.001*"e" + 0.001*"pitiful" + 0.001*"clock"
2018-08-28 05:53:28,717 : INFO : topic #14 (0.033): 0.032*"link" + 0.010*"coin" + 0.010*"req" + 0.007*"project" + 0.007*"even" + 0.006*"team" + 0.006*"know" + 0.006*"buy" + 0.005*"omg" + 0.005*"im" + 0.005*"moon" + 0.005*"go" + 0.005*"month" + 0.005*"going" + 0.004*"make" + 0.004*"price" + 0.004*"time" + 0.004*"fucking" + 0.004*"ico" + 0.004*"like"
2018-08-28 05:53:28,718 : INFO : topic #7 (0.033): 0.022*"link" + 0.019*"token" + 0.012*"eth" + 0.010*"contract" + 0.009*"use" + 0.009*"smart" + 0.007*"would" + 0.007*"chainlink" + 0.007*"blockchain" + 0.007*"data" + 0.007*"node" + 0.007*"price" + 0.006*"ico" + 0.006*"coin" + 0.006*"network" + 0.006*"market" + 0.006*"like" + 0.006*"oracle" + 0.006*"cap" + 0.005*"value"
2018-08-28 05:53:28,718 : INFO : topic #16 (0.033): 0.005*"book" + 0.002*"oil" + 0.002*"indian" + 0.002*"coffee" + 0.002*"copper" + 0.002*"candle" + 0.002*"okcash" + 0.002*"bookstore" + 0.001*"pajeet" + 0.001*"pungent" + 0.001*"7700" + 0.001*"reluctant" + 0.001*"rich" + 0.001*"forex" + 0.001*"morning" + 0.001*"savant" + 0.001*"crude" + 0.001*"opening" + 0.001*"dealer" + 0.001*"loyal"
2018-08-28 05:53:28,725 : INFO : topic #13 (0.033): 0.003*"parity" + 0.003*"metamask" + 0.002*"homosexuality" + 0.002*"trans" + 0.002*"age" + 0.002*"lisk" + 0.002*"diamond" + 0.002*"gender" + 0.002*"deleted" + 0.002*"biology" + 0.002*"mew" + 0.001*"trannies" + 0.001*"software" + 0.001*"objective" + 0.001*"tranny" + 0.001*"encourage" + 0.001*"apparent" + 0.001*"multisig" + 0.001*"hundred" + 0.001*"theology"
2018-08-28 05:53:28,727 : INFO : topic #27 (0.033): 0.007*"ceo" + 0.002*"unable" + 0.002*"mcdonalds" + 0.002*"tomato" + 0.002*"lettuce" + 0.002*"comfydo" + 0.002*"bread" + 0.001*"programming" + 0.001*"bake" + 0.001*"mac" + 0.001*"illegal" + 0.001*"cook" + 0.001*"baker" + 0.001*"farmer" + 0.001*"seemingly" + 0.001*"immigrant" + 0.001*"fibonacci" + 0.001*"labor" + 0.001*"historic" + 0.001*"ya"
2018-08-28 05:53:28,729 : INFO : topic #26 (0.033): 0.010*"buy" + 0.009*"im" + 0.008*"like" + 0.008*"get" + 0.007*"coin" + 0.007*"going" + 0.006*"go" + 0.006*"money" + 0.005*"sell" + 0.005*"make" + 0.005*"shit" + 0.005*"time" + 0.005*"fucking" + 0.005*"good" + 0.005*"one" + 0.005*"back" + 0.005*"day" + 0.004*"it" + 0.004*"fuck" + 0.004*"think"
2018-08-28 05:53:28,730 : INFO : topic #12 (0.033): 0.019*"tax" + 0.010*"crypto" + 0.009*"pay" + 0.008*"gain" + 0.008*"year" + 0.007*"get" + 0.007*"trade" + 0.007*"like" + 0.006*"money" + 0.006*"would" + 0.006*"fucking" + 0.006*"cash" + 0.005*"irs" + 0.005*"capital" + 0.004*"exchange" + 0.004*"people" + 0.004*"shit" + 0.004*"im" + 0.004*"make" + 0.004*"btc"
2018-08-28 05:53:28,731 : INFO : topic #2 (0.033): 0.012*"organ" + 0.011*"card" + 0.008*"monaco" + 0.006*"visa" + 0.006*"mco" + 0.004*"tenx" + 0.003*"tokencard" + 0.002*"prepaid" + 0.002*"telegram" + 0.002*"donor" + 0.002*"debit" + 0.002*"pebble" + 0.002*"mercury" + 0.001*"europe" + 0.001*"member" + 0.001*"receive" + 0.001*"kidney" + 0.001*"mvp" + 0.001*"tkn" + 0.001*"email"
2018-08-28 05:53:28,732 : INFO : topic #19 (0.033): 0.007*"rcn" + 0.005*"slr" + 0.005*"coin" + 0.005*"token" + 0.004*"one" + 0.004*"credit" + 0.004*"odn" + 0.004*"like" + 0.004*"guy" + 0.003*"year" + 0.003*"mit" + 0.003*"got" + 0.003*"market" + 0.003*"card" + 0.003*"even" + 0.003*"eth" + 0.002*"think" + 0.002*"money" + 0.002*"poker" + 0.002*"ripio"
2018-08-28 05:53:28,733 : INFO : topic #22 (0.033): 0.178*"chancoin" + 0.005*"coin" + 0.005*"4chn" + 0.004*"chan" + 0.004*"discord" + 0.004*"wallet" + 0.003*"tipping" + 0.003*"address" + 0.003*"name" + 0.003*"blockchain" + 0.002*"post" + 0.002*"need" + 0.002*"project" + 0.002*"feature" + 0.002*"u" + 0.002*"thread" + 0.002*"digital" + 0.002*"mining" + 0.002*"field" + 0.002*"looking"
2018-08-28 05:53:28,734 : INFO : topic #18 (0.033): 0.068*"ark" + 0.012*"wallet" + 0.007*"delegate" + 0.007*"deluded" + 0.006*"going" + 0.006*"get" + 0.006*"arkies" + 0.004*"mobile" + 0.004*"eth" + 0.004*"arkie" + 0.003*"staking" + 0.003*"biz" + 0.003*"vote" + 0.003*"tank" + 0.003*"im" + 0.003*"eoy" + 0.003*"would" + 0.003*"biz_classic" + 0.003*"faucet" + 0.003*"coin"
2018-08-28 05:53:28,735 : INFO : topic #21 (0.033): 0.012*"quad" + 0.008*"iota" + 0.007*"snug" + 0.004*"sleep" + 0.003*"smug" + 0.002*"balance" + 0.002*"rolling" + 0.002*"tangle" + 0.002*"address" + 0.002*"probch" + 0.002*"rare" + 0.001*"nuls" + 0.001*"eoy" + 0.001*"waste" + 0.001*"reclaim" + 0.001*"septuplets" + 0.001*"bosnia" + 0.001*"cest" + 0.001*"energy" + 0.001*"economy"
2018-08-28 05:53:28,736 : INFO : topic #20 (0.033): 0.047*"tether" + 0.019*"bitfinex" + 0.015*"usd" + 0.015*"scam" + 0.014*"exchange" + 0.012*"usdt" + 0.012*"btc" + 0.008*"crypto" + 0.008*"market" + 0.007*"money" + 0.007*"people" + 0.007*"bitcoin" + 0.007*"fiat" + 0.007*"bank" + 0.006*"dollar" + 0.006*"price" + 0.005*"million" + 0.005*"get" + 0.005*"crash" + 0.005*"fucking"
2018-08-28 05:53:28,737 : INFO : topic #28 (0.033): 0.007*"like" + 0.005*"would" + 0.004*"one" + 0.004*"tesla" + 0.004*"buy" + 0.004*"city" + 0.003*"people" + 0.003*"live" + 0.003*"get" + 0.003*"fucking" + 0.003*"cant" + 0.003*"money" + 0.003*"also" + 0.003*"shit" + 0.003*"go" + 0.002*"look" + 0.002*"year" + 0.002*"want" + 0.002*"thats" + 0.002*"know"
2018-08-28 05:53:28,738 : INFO : topic #24 (0.033): 0.044*"wallet" + 0.038*"monero" + 0.017*"address" + 0.017*"xmr" + 0.015*"private" + 0.014*"key" + 0.014*"use" + 0.012*"transaction" + 0.008*"privacy" + 0.007*"bitcoin" + 0.006*"send" + 0.006*"hardware" + 0.006*"sent" + 0.005*"coin" + 0.005*"ledger" + 0.005*"hacked" + 0.005*"exchange" + 0.005*"public" + 0.004*"one" + 0.004*"computer"
2018-08-28 05:53:28,740 : INFO : topic #3 (0.033): 0.011*"get" + 0.011*"like" + 0.008*"im" + 0.007*"people" + 0.007*"make" + 0.007*"money" + 0.006*"want" + 0.006*"would" + 0.006*"fucking" + 0.005*"know" + 0.005*"shit" + 0.005*"one" + 0.005*"good" + 0.005*"it" + 0.005*"year" + 0.005*"fuck" + 0.005*"work" + 0.005*"think" + 0.004*"even" + 0.004*"go"
2018-08-28 05:53:28,741 : INFO : topic #15 (0.033): 0.010*"get" + 0.009*"roll" + 0.007*"op" + 0.006*"year" + 0.005*"im" + 0.005*"please" + 0.004*"make" + 0.004*"thread" + 0.004*"got" + 0.004*"trip" + 0.004*"fuck" + 0.004*"btc" + 0.004*"dub" + 0.004*"thanks" + 0.004*"anon" + 0.004*"post" + 0.004*"fucking" + 0.004*"let" + 0.004*"one" + 0.003*"time"
2018-08-28 05:53:28,742 : INFO : topic #25 (0.033): 0.042*"car" + 0.010*"drive" + 0.008*"lambo" + 0.006*"porsche" + 0.006*"language" + 0.005*"centrum" + 0.004*"english" + 0.004*"driving" + 0.004*"audi" + 0.004*"show" + 0.003*"bmw" + 0.003*"episode" + 0.002*"pleb" + 0.002*"manual" + 0.002*"bang" + 0.002*"card" + 0.002*"lambos" + 0.002*"speak" + 0.002*"taste" + 0.002*"911"
2018-08-28 05:53:28,743 : INFO : topic #1 (0.033): 0.001*"slush" + 0.001*"sgx" + 0.001*"intel" + 0.001*"multicarrier" + 0.001*"speculated" + 0.001*"apis" + 0.001*"knock" + 0.001*"prophecy" + 0.001*"supplying" + 0.001*"chorus" + 0.001*"avait" + 0.001*"newsthis" + 0.001*"carpet" + 0.001*"reckless" + 0.001*"generating" + 0.001*"manipulate" + 0.000*"millennials" + 0.000*"shall" + 0.000*"initially" + 0.000*"pointless"
2018-08-28 05:53:28,744 : INFO : topic #23 (0.033): 0.026*"neo" + 0.015*"news" + 0.005*"government" + 0.004*"gas" + 0.004*"announcement" + 0.002*"gov" + 0.002*"product" + 0.002*"management" + 0.002*"customer" + 0.002*"113k" + 0.002*"council" + 0.002*"official" + 0.002*"regulation" + 0.002*"32" + 0.002*"investor" + 0.002*"rumor" + 0.002*"progress" + 0.001*"allowance" + 0.001*"tweet" + 0.001*"china"
2018-08-28 05:53:28,745 : INFO : topic #9 (0.033): 0.002*"announced" + 0.002*"zencash" + 0.002*"labour" + 0.001*"digital" + 0.001*"programmer" + 0.001*"occulus" + 0.001*"report" + 0.001*"aragon" + 0.001*"shilled" + 0.001*"sub" + 0.001*"syscoin" + 0.001*"adding" + 0.001*"bye" + 0.001*"bat" + 0.001*"grandma" + 0.001*"avatar" + 0.001*"substratum" + 0.001*"genesis" + 0.001*"fade" + 0.001*"district0x"
2018-08-28 05:53:28,762 : INFO : using symmetric alpha at 0.03333333333333333
2018-08-28 05:53:28,763 : INFO : using symmetric eta at 0.03333333333333333
2018-08-28 05:53:28,776 : INFO : using serial LDA version on this node
2018-08-28 05:53:29,184 : INFO : running online (multi-pass) LDA training, 30 topics, 100 passes over the supplied corpus of 2653 documents, updating model once every 2653 documents, evaluating perplexity every 2653 documents, iterating 50x with a convergence threshold of 0.001000
2018-08-28 05:53:36,754 : INFO : -16.162 per-word bound, 73343.4 perplexity estimate based on a held-out corpus of 2653 documents with 1868102 words
2018-08-28 05:53:36,756 : INFO : PROGRESS: pass 0, at document #2653/2653
2018-08-28 05:53:40,842 : INFO : topic #21 (0.033): 0.008*"btc" + 0.007*"get" + 0.007*"like" + 0.007*"fucking" + 0.006*"money" + 0.006*"buy" + 0.006*"im" + 0.005*"shit" + 0.005*"going" + 0.005*"go"
2018-08-28 05:53:40,844 : INFO : topic #27 (0.033): 0.007*"get" + 0.007*"like" + 0.007*"btc" + 0.006*"time" + 0.006*"im" + 0.005*"money" + 0.005*"make" + 0.005*"coin" + 0.005*"bch" + 0.005*"bitcoin"
2018-08-28 05:53:40,845 : INFO : topic #20 (0.033): 0.008*"like" + 0.007*"buy" + 0.007*"btc" + 0.006*"get" + 0.006*"im" + 0.006*"going" + 0.005*"one" + 0.005*"bitcoin" + 0.005*"know" + 0.005*"coin"
2018-08-28 05:53:40,847 : INFO : topic #17 (0.033): 0.008*"get" + 0.006*"im" + 0.006*"people" + 0.005*"fucking" + 0.005*"btc" + 0.005*"buy" + 0.005*"think" + 0.005*"one" + 0.004*"would" + 0.004*"make"
2018-08-28 05:53:40,848 : INFO : topic #8 (0.033): 0.007*"like" + 0.007*"btc" + 0.007*"buy" + 0.006*"make" + 0.005*"bch" + 0.005*"going" + 0.005*"im" + 0.005*"think" + 0.005*"coin" + 0.005*"fucking"
2018-08-28 05:53:40,851 : INFO : topic diff=14.477888, rho=1.000000
2018-08-28 05:53:48,366 : INFO : -9.479 per-word bound, 713.5 perplexity estimate based on a held-out corpus of 2653 documents with 1868102 words
2018-08-28 05:53:48,368 : INFO : PROGRESS: pass 1, at document #2653/2653
2018-08-28 05:53:52,324 : INFO : topic #8 (0.033): 0.006*"like" + 0.006*"make" + 0.006*"buy" + 0.006*"btc" + 0.005*"think" + 0.004*"would" + 0.004*"coin" + 0.004*"going" + 0.004*"bch" + 0.004*"im"
2018-08-28 05:53:52,326 : INFO : topic #19 (0.033): 0.044*"chancoin" + 0.006*"get" + 0.005*"like" + 0.005*"coin" + 0.005*"one" + 0.005*"make" + 0.005*"im" + 0.005*"people" + 0.005*"money" + 0.004*"sage"
2018-08-28 05:53:52,327 : INFO : topic #1 (0.033): 0.008*"like" + 0.007*"btc" + 0.006*"money" + 0.005*"would" + 0.005*"people" + 0.005*"im" + 0.005*"coin" + 0.005*"get" + 0.005*"buy" + 0.005*"time"
2018-08-28 05:53:52,328 : INFO : topic #15 (0.033): 0.006*"btc" + 0.006*"bitcoin" + 0.005*"get" + 0.005*"going" + 0.005*"fuck" + 0.004*"fucking" + 0.004*"im" + 0.004*"buy" + 0.004*"like" + 0.004*"make"
2018-08-28 05:53:52,329 : INFO : topic #2 (0.033): 0.011*"link" + 0.008*"buy" + 0.007*"get" + 0.007*"like" + 0.007*"money" + 0.006*"im" + 0.005*"make" + 0.005*"go" + 0.005*"btc" + 0.005*"going"
2018-08-28 05:53:52,332 : INFO : topic diff=4.037363, rho=0.577350
2018-08-28 05:53:59,686 : INFO : -8.899 per-word bound, 477.4 perplexity estimate based on a held-out corpus of 2653 documents with 1868102 words
2018-08-28 05:53:59,687 : INFO : PROGRESS: pass 2, at document #2653/2653
2018-08-28 05:54:03,438 : INFO : topic #0 (0.033): 0.029*"die" + 0.008*"btc" + 0.005*"fucking" + 0.005*"get" + 0.005*"like" + 0.005*"bch" + 0.004*"people" + 0.004*"bitcoin" + 0.004*"know" + 0.004*"im"
2018-08-28 05:54:03,440 : INFO : topic #3 (0.033): 0.009*"btc" + 0.008*"coin" + 0.007*"get" + 0.007*"buy" + 0.007*"people" + 0.006*"im" + 0.006*"bch" + 0.006*"going" + 0.006*"like" + 0.005*"go"
2018-08-28 05:54:03,441 : INFO : topic #29 (0.033): 0.006*"coin" + 0.005*"get" + 0.005*"token" + 0.005*"going" + 0.004*"im" + 0.004*"people" + 0.003*"buy" + 0.003*"contract" + 0.003*"like" + 0.003*"fucking"
2018-08-28 05:54:03,442 : INFO : topic #13 (0.033): 0.008*"get" + 0.006*"like" + 0.005*"going" + 0.004*"money" + 0.004*"make" + 0.004*"im" + 0.004*"would" + 0.004*"btc" + 0.004*"shit" + 0.004*"it"
2018-08-28 05:54:03,444 : INFO : topic #2 (0.033): 0.013*"link" + 0.009*"buy" + 0.008*"get" + 0.007*"like" + 0.007*"money" + 0.006*"im" + 0.005*"make" + 0.005*"go" + 0.005*"going" + 0.005*"shit"
2018-08-28 05:54:03,446 : INFO : topic diff=2.698649, rho=0.500000
2018-08-28 05:54:10,507 : INFO : -8.704 per-word bound, 417.2 perplexity estimate based on a held-out corpus of 2653 documents with 1868102 words
2018-08-28 05:54:10,508 : INFO : PROGRESS: pass 3, at document #2653/2653
2018-08-28 05:54:14,288 : INFO : topic #18 (0.033): 0.006*"get" + 0.005*"tell" + 0.004*"im" + 0.004*"btc" + 0.004*"people" + 0.004*"fucking" + 0.004*"god" + 0.004*"money" + 0.004*"oh" + 0.004*"please"
2018-08-28 05:54:14,290 : INFO : topic #13 (0.033): 0.008*"get" + 0.006*"like" + 0.004*"going" + 0.004*"make" + 0.004*"money" + 0.004*"would" + 0.004*"shit" + 0.003*"im" + 0.003*"work" + 0.003*"it"
2018-08-28 05:54:14,292 : INFO : topic #27 (0.033): 0.006*"get" + 0.006*"like" + 0.005*"time" + 0.005*"im" + 0.004*"btc" + 0.004*"make" + 0.004*"bch" + 0.004*"know" + 0.004*"money" + 0.004*"coin"
2018-08-28 05:54:14,293 : INFO : topic #17 (0.033): 0.012*"neo" + 0.008*"get" + 0.005*"im" + 0.004*"people" + 0.004*"would" + 0.004*"news" + 0.004*"like" + 0.004*"fucking" + 0.004*"make" + 0.004*"think"
2018-08-28 05:54:14,294 : INFO : topic #3 (0.033): 0.008*"btc" + 0.008*"coin" + 0.007*"buy" + 0.007*"get" + 0.007*"im" + 0.006*"going" + 0.006*"people" + 0.006*"bch" + 0.006*"like" + 0.005*"go"
2018-08-28 05:54:14,297 : INFO : topic diff=1.796042, rho=0.447214
2018-08-28 05:54:21,638 : INFO : -8.606 per-word bound, 389.6 perplexity estimate based on a held-out corpus of 2653 documents with 1868102 words
2018-08-28 05:54:21,638 : INFO : PROGRESS: pass 4, at document #2653/2653
2018-08-28 05:54:25,483 : INFO : topic #3 (0.033): 0.008*"btc" + 0.008*"coin" + 0.008*"buy" + 0.007*"get" + 0.007*"going" + 0.007*"im" + 0.006*"people" + 0.006*"like" + 0.006*"bch" + 0.005*"go"
2018-08-28 05:54:25,485 : INFO : topic #20 (0.033): 0.009*"buy" + 0.008*"im" + 0.007*"like" + 0.007*"get" + 0.007*"coin" + 0.006*"going" + 0.005*"good" + 0.005*"one" + 0.005*"go" + 0.005*"shit"
2018-08-28 05:54:25,487 : INFO : topic #27 (0.033): 0.006*"get" + 0.005*"like" + 0.005*"time" + 0.005*"im" + 0.004*"make" + 0.004*"know" + 0.004*"money" + 0.004*"btc" + 0.004*"bch" + 0.004*"good"
2018-08-28 05:54:25,488 : INFO : topic #24 (0.033): 0.008*"like" + 0.007*"buy" + 0.007*"get" + 0.007*"im" + 0.007*"btc" + 0.006*"fucking" + 0.006*"going" + 0.006*"coin" + 0.005*"go" + 0.005*"shit"
2018-08-28 05:54:25,490 : INFO : topic #5 (0.033): 0.006*"get" + 0.005*"token" + 0.005*"rcn" + 0.005*"like" + 0.004*"price" + 0.004*"make" + 0.004*"credit" + 0.004*"ha" + 0.004*"market" + 0.004*"time"
2018-08-28 05:54:25,493 : INFO : topic diff=1.204932, rho=0.408248
2018-08-28 05:54:32,814 : INFO : -8.549 per-word bound, 374.5 perplexity estimate based on a held-out corpus of 2653 documents with 1868102 words
2018-08-28 05:54:32,815 : INFO : PROGRESS: pass 5, at document #2653/2653
2018-08-28 05:54:36,616 : INFO : topic #0 (0.033): 0.052*"die" + 0.006*"btc" + 0.004*"fucking" + 0.003*"get" + 0.003*"like" + 0.003*"bch" + 0.003*"op" + 0.003*"people" + 0.003*"know" + 0.003*"bitcoin"
2018-08-28 05:54:36,618 : INFO : topic #5 (0.033): 0.006*"token" + 0.006*"rcn" + 0.005*"get" + 0.005*"credit" + 0.004*"price" + 0.004*"like" + 0.004*"make" + 0.004*"market" + 0.004*"ha" + 0.004*"news"
2018-08-28 05:54:36,620 : INFO : topic #13 (0.033): 0.007*"get" + 0.006*"like" + 0.004*"work" + 0.003*"money" + 0.003*"make" + 0.003*"going" + 0.003*"would" + 0.003*"shit" + 0.003*"bat" + 0.003*"even"
2018-08-28 05:54:36,621 : INFO : topic #25 (0.033): 0.017*"btc" + 0.015*"bch" + 0.014*"bitcoin" + 0.007*"people" + 0.006*"like" + 0.006*"would" + 0.005*"going" + 0.005*"get" + 0.005*"coin" + 0.005*"time"
2018-08-28 05:54:36,623 : INFO : topic #14 (0.033): 0.003*"get" + 0.003*"news" + 0.003*"fucking" + 0.002*"eth" + 0.002*"btc" + 0.002*"go" + 0.002*"coin" + 0.002*"like" + 0.002*"im" + 0.002*"sell"
2018-08-28 05:54:36,625 : INFO : topic diff=0.823675, rho=0.377964
2018-08-28 05:54:43,807 : INFO : -8.512 per-word bound, 365.2 perplexity estimate based on a held-out corpus of 2653 documents with 1868102 words
2018-08-28 05:54:43,808 : INFO : PROGRESS: pass 6, at document #2653/2653
2018-08-28 05:54:47,580 : INFO : topic #3 (0.033): 0.009*"buy" + 0.008*"coin" + 0.008*"btc" + 0.007*"get" + 0.007*"going" + 0.007*"im" + 0.006*"people" + 0.006*"like" + 0.006*"go" + 0.005*"sell"
2018-08-28 05:54:47,582 : INFO : topic #15 (0.033): 0.029*"roll" + 0.011*"rolling" + 0.007*"rollin" + 0.007*"dub" + 0.007*"get" + 0.006*"trip" + 0.006*"reroll" + 0.006*"green" + 0.005*"op" + 0.004*"pls"
2018-08-28 05:54:47,584 : INFO : topic #4 (0.033): 0.011*"bch" + 0.010*"btc" + 0.007*"like" + 0.007*"get" + 0.005*"bitcoin" + 0.005*"make" + 0.005*"time" + 0.005*"im" + 0.005*"want" + 0.005*"go"
2018-08-28 05:54:47,585 : INFO : topic #26 (0.033): 0.005*"roll" + 0.003*"buy" + 0.003*"btc" + 0.003*"get" + 0.003*"wabi" + 0.003*"people" + 0.003*"coin" + 0.003*"chancoin" + 0.002*"im" + 0.002*"like"
2018-08-28 05:54:47,587 : INFO : topic #1 (0.033): 0.007*"like" + 0.006*"money" + 0.006*"crypto" + 0.005*"trade" + 0.005*"would" + 0.005*"get" + 0.005*"btc" + 0.004*"im" + 0.004*"time" + 0.004*"market"
2018-08-28 05:54:47,589 : INFO : topic diff=0.575639, rho=0.353553
2018-08-28 05:54:54,982 : INFO : -8.487 per-word bound, 358.9 perplexity estimate based on a held-out corpus of 2653 documents with 1868102 words
2018-08-28 05:54:54,983 : INFO : PROGRESS: pass 7, at document #2653/2653
2018-08-28 05:54:58,835 : INFO : topic #13 (0.033): 0.006*"get" + 0.006*"bat" + 0.005*"like" + 0.004*"work" + 0.003*"shit" + 0.003*"would" + 0.003*"hair" + 0.003*"money" + 0.003*"music" + 0.003*"even"
2018-08-28 05:54:58,836 : INFO : topic #1 (0.033): 0.006*"like" + 0.006*"money" + 0.006*"trade" + 0.006*"crypto" + 0.005*"would" + 0.005*"get" + 0.004*"market" + 0.004*"im" + 0.004*"time" + 0.004*"btc"
2018-08-28 05:54:58,837 : INFO : topic #2 (0.033): 0.022*"link" + 0.009*"buy" + 0.007*"get" + 0.006*"money" + 0.006*"im" + 0.006*"like" + 0.006*"make" + 0.005*"it" + 0.005*"go" + 0.005*"fucking"
2018-08-28 05:54:58,838 : INFO : topic #22 (0.033): 0.007*"like" + 0.007*"make" + 0.007*"btc" + 0.007*"get" + 0.007*"coin" + 0.006*"buy" + 0.005*"one" + 0.005*"money" + 0.005*"monero" + 0.005*"it"
2018-08-28 05:54:58,840 : INFO : topic #0 (0.033): 0.061*"die" + 0.005*"btc" + 0.003*"fucking" + 0.003*"op" + 0.003*"luck" + 0.002*"get" + 0.002*"like" + 0.002*"thing" + 0.002*"bch" + 0.002*"know"
2018-08-28 05:54:58,842 : INFO : topic diff=0.411273, rho=0.333333
2018-08-28 05:55:06,137 : INFO : -8.469 per-word bound, 354.4 perplexity estimate based on a held-out corpus of 2653 documents with 1868102 words
2018-08-28 05:55:06,138 : INFO : PROGRESS: pass 8, at document #2653/2653
2018-08-28 05:55:09,952 : INFO : topic #20 (0.033): 0.009*"buy" + 0.008*"im" + 0.008*"coin" + 0.008*"like" + 0.008*"get" + 0.007*"going" + 0.006*"good" + 0.006*"one" + 0.005*"shit" + 0.005*"go"
2018-08-28 05:55:09,953 : INFO : topic #22 (0.033): 0.007*"like" + 0.007*"make" + 0.007*"get" + 0.007*"coin" + 0.007*"btc" + 0.006*"buy" + 0.005*"one" + 0.005*"monero" + 0.005*"money" + 0.005*"it"
2018-08-28 05:55:09,955 : INFO : topic #3 (0.033): 0.009*"buy" + 0.008*"coin" + 0.008*"btc" + 0.007*"get" + 0.007*"going" + 0.007*"im" + 0.006*"people" + 0.006*"like" + 0.006*"sell" + 0.006*"neo"
2018-08-28 05:55:09,956 : INFO : topic #7 (0.033): 0.009*"get" + 0.009*"money" + 0.008*"like" + 0.007*"year" + 0.007*"im" + 0.006*"make" + 0.006*"crypto" + 0.005*"want" + 0.005*"people" + 0.005*"would"
2018-08-28 05:55:09,957 : INFO : topic #10 (0.033): 0.022*"ark" + 0.009*"coin" + 0.009*"get" + 0.007*"im" + 0.007*"buy" + 0.006*"like" + 0.006*"fucking" + 0.006*"going" + 0.005*"wallet" + 0.004*"shit"
2018-08-28 05:55:09,960 : INFO : topic diff=0.300273, rho=0.316228
2018-08-28 05:55:17,320 : INFO : -8.455 per-word bound, 351.0 perplexity estimate based on a held-out corpus of 2653 documents with 1868102 words
2018-08-28 05:55:17,322 : INFO : PROGRESS: pass 9, at document #2653/2653
2018-08-28 05:55:21,145 : INFO : topic #0 (0.033): 0.068*"die" + 0.004*"btc" + 0.003*"luck" + 0.003*"op" + 0.003*"fucking" + 0.002*"best" + 0.002*"thing" + 0.002*"get" + 0.002*"like" + 0.002*"back"
2018-08-28 05:55:21,147 : INFO : topic #3 (0.033): 0.009*"buy" + 0.008*"coin" + 0.007*"get" + 0.007*"btc" + 0.007*"going" + 0.007*"im" + 0.006*"neo" + 0.006*"sell" + 0.006*"people" + 0.006*"like"
2018-08-28 05:55:21,148 : INFO : topic #22 (0.033): 0.007*"like" + 0.007*"make" + 0.007*"coin" + 0.007*"get" + 0.007*"btc" + 0.006*"buy" + 0.006*"monero" + 0.005*"one" + 0.005*"money" + 0.005*"it"
2018-08-28 05:55:21,149 : INFO : topic #9 (0.033): 0.007*"like" + 0.006*"would" + 0.005*"get" + 0.005*"child" + 0.005*"know" + 0.005*"cp" + 0.005*"people" + 0.005*"one" + 0.005*"wallet" + 0.005*"im"
2018-08-28 05:55:21,150 : INFO : topic #4 (0.033): 0.010*"bch" + 0.008*"btc" + 0.007*"like" + 0.007*"get" + 0.005*"make" + 0.005*"time" + 0.005*"want" + 0.005*"im" + 0.004*"go" + 0.004*"one"
2018-08-28 05:55:21,153 : INFO : topic diff=0.223815, rho=0.301511
2018-08-28 05:55:28,389 : INFO : -8.445 per-word bound, 348.4 perplexity estimate based on a held-out corpus of 2653 documents with 1868102 words
2018-08-28 05:55:28,390 : INFO : PROGRESS: pass 10, at document #2653/2653
2018-08-28 05:55:32,161 : INFO : topic #26 (0.033): 0.003*"wabi" + 0.003*"que" + 0.002*"roll" + 0.002*"product" + 0.002*"buy" + 0.002*"let" + 0.002*"coin" + 0.002*"walimai" + 0.001*"homosexuality" + 0.001*"trans"
2018-08-28 05:55:32,162 : INFO : topic #0 (0.033): 0.070*"die" + 0.003*"btc" + 0.003*"luck" + 0.003*"op" + 0.002*"fucking" + 0.002*"best" + 0.002*"thing" + 0.002*"back" + 0.002*"hail" + 0.002*"get"
2018-08-28 05:55:32,164 : INFO : topic #16 (0.033): 0.014*"get" + 0.011*"card" + 0.004*"monaco" + 0.004*"visa" + 0.003*"mco" + 0.003*"even" + 0.003*"like" + 0.002*"time" + 0.002*"pokemon" + 0.002*"go"
2018-08-28 05:55:32,165 : INFO : topic #12 (0.033): 0.011*"token" + 0.010*"link" + 0.007*"use" + 0.007*"get" + 0.007*"like" + 0.006*"data" + 0.006*"contract" + 0.005*"shit" + 0.005*"would" + 0.005*"fucking"
2018-08-28 05:55:32,166 : INFO : topic #4 (0.033): 0.009*"bch" + 0.007*"btc" + 0.007*"like" + 0.007*"get" + 0.005*"make" + 0.005*"want" + 0.005*"time" + 0.005*"im" + 0.004*"go" + 0.004*"one"
2018-08-28 05:55:32,169 : INFO : topic diff=0.170330, rho=0.288675
2018-08-28 05:55:39,303 : INFO : -8.436 per-word bound, 346.3 perplexity estimate based on a held-out corpus of 2653 documents with 1868102 words
2018-08-28 05:55:39,303 : INFO : PROGRESS: pass 11, at document #2653/2653
2018-08-28 05:55:43,164 : INFO : topic #2 (0.033): 0.026*"link" + 0.008*"buy" + 0.007*"get" + 0.006*"money" + 0.006*"im" + 0.006*"make" + 0.005*"like" + 0.005*"it" + 0.005*"fucking" + 0.004*"fuck"
2018-08-28 05:55:43,165 : INFO : topic #11 (0.033): 0.013*"link" + 0.009*"req" + 0.007*"coin" + 0.006*"project" + 0.006*"like" + 0.006*"even" + 0.005*"team" + 0.005*"get" + 0.005*"token" + 0.004*"go"
2018-08-28 05:55:43,167 : INFO : topic #23 (0.033): 0.025*"link" + 0.006*"linkies" + 0.005*"sergey" + 0.005*"one" + 0.005*"go" + 0.005*"coin" + 0.005*"price" + 0.005*"time" + 0.004*"chainlink" + 0.004*"btc"
2018-08-28 05:55:43,167 : INFO : topic #12 (0.033): 0.012*"token" + 0.010*"link" + 0.008*"use" + 0.007*"get" + 0.007*"like" + 0.006*"data" + 0.006*"contract" + 0.005*"shit" + 0.005*"would" + 0.005*"smart"
2018-08-28 05:55:43,168 : INFO : topic #22 (0.033): 0.007*"make" + 0.007*"like" + 0.007*"coin" + 0.007*"get" + 0.007*"btc" + 0.006*"monero" + 0.006*"buy" + 0.005*"one" + 0.005*"money" + 0.005*"would"
2018-08-28 05:55:43,171 : INFO : topic diff=0.132477, rho=0.277350
2018-08-28 05:55:50,449 : INFO : -8.428 per-word bound, 344.5 perplexity estimate based on a held-out corpus of 2653 documents with 1868102 words
2018-08-28 05:55:50,452 : INFO : PROGRESS: pass 12, at document #2653/2653
2018-08-28 05:55:54,344 : INFO : topic #2 (0.033): 0.027*"link" + 0.008*"buy" + 0.007*"get" + 0.006*"money" + 0.006*"im" + 0.005*"make" + 0.005*"like" + 0.005*"it" + 0.005*"fucking" + 0.004*"fuck"
2018-08-28 05:55:54,347 : INFO : topic #29 (0.033): 0.007*"contract" + 0.007*"token" + 0.004*"smart" + 0.004*"etherparty" + 0.003*"fuel" + 0.003*"blockchain" + 0.003*"project" + 0.002*"a" + 0.002*"platform" + 0.002*"sent"
2018-08-28 05:55:54,349 : INFO : topic #6 (0.033): 0.020*"tether" + 0.008*"like" + 0.008*"get" + 0.007*"people" + 0.006*"bitfinex" + 0.006*"fucking" + 0.006*"money" + 0.005*"woman" + 0.005*"would" + 0.005*"fuck"
2018-08-28 05:55:54,350 : INFO : topic #22 (0.033): 0.007*"make" + 0.007*"like" + 0.007*"coin" + 0.007*"get" + 0.007*"btc" + 0.006*"monero" + 0.006*"buy" + 0.005*"one" + 0.005*"money" + 0.005*"would"
2018-08-28 05:55:54,351 : INFO : topic #0 (0.033): 0.074*"die" + 0.003*"luck" + 0.003*"btc" + 0.002*"op" + 0.002*"fucking" + 0.002*"hail" + 0.002*"best" + 0.002*"back" + 0.002*"morocco" + 0.002*"minister"
2018-08-28 05:55:54,353 : INFO : topic diff=0.105480, rho=0.267261
2018-08-28 05:56:01,608 : INFO : -8.422 per-word bound, 343.0 perplexity estimate based on a held-out corpus of 2653 documents with 1868102 words
2018-08-28 05:56:01,609 : INFO : PROGRESS: pass 13, at document #2653/2653
2018-08-28 05:56:05,470 : INFO : topic #20 (0.033): 0.010*"buy" + 0.009*"im" + 0.008*"coin" + 0.008*"get" + 0.008*"like" + 0.007*"going" + 0.006*"good" + 0.006*"one" + 0.005*"shit" + 0.005*"go"
2018-08-28 05:56:05,473 : INFO : topic #10 (0.033): 0.027*"ark" + 0.009*"get" + 0.009*"coin" + 0.007*"im" + 0.007*"buy" + 0.006*"like" + 0.006*"going" + 0.005*"fucking" + 0.005*"wallet" + 0.004*"eth"
2018-08-28 05:56:05,475 : INFO : topic #6 (0.033): 0.020*"tether" + 0.008*"like" + 0.008*"get" + 0.007*"people" + 0.006*"bitfinex" + 0.006*"fucking" + 0.006*"money" + 0.005*"woman" + 0.005*"would" + 0.005*"fuck"
2018-08-28 05:56:05,476 : INFO : topic #15 (0.033): 0.043*"roll" + 0.017*"rolling" + 0.017*"dub" + 0.013*"trip" + 0.011*"op" + 0.011*"rollin" + 0.009*"get" + 0.009*"reroll" + 0.008*"green" + 0.007*"pls"
2018-08-28 05:56:05,477 : INFO : topic #25 (0.033): 0.022*"btc" + 0.018*"bch" + 0.018*"bitcoin" + 0.007*"people" + 0.006*"would" + 0.006*"like" + 0.006*"going" + 0.005*"transaction" + 0.005*"get" + 0.005*"time"
2018-08-28 05:56:05,480 : INFO : topic diff=0.085965, rho=0.258199
2018-08-28 05:56:12,865 : INFO : -8.417 per-word bound, 341.8 perplexity estimate based on a held-out corpus of 2653 documents with 1868102 words
2018-08-28 05:56:12,866 : INFO : PROGRESS: pass 14, at document #2653/2653
2018-08-28 05:56:16,701 : INFO : topic #10 (0.033): 0.028*"ark" + 0.009*"get" + 0.009*"coin" + 0.007*"im" + 0.006*"buy" + 0.006*"like" + 0.006*"going" + 0.005*"fucking" + 0.005*"wallet" + 0.004*"eth"
2018-08-28 05:56:16,702 : INFO : topic #7 (0.033): 0.010*"get" + 0.009*"money" + 0.009*"like" + 0.008*"im" + 0.007*"year" + 0.007*"make" + 0.006*"want" + 0.006*"crypto" + 0.005*"people" + 0.005*"would"
2018-08-28 05:56:16,704 : INFO : topic #8 (0.033): 0.009*"sticker" + 0.009*"omisego" + 0.007*"skateboard" + 0.005*"every" + 0.004*"apple" + 0.004*"even" + 0.004*"yc" + 0.004*"partnership" + 0.004*"aggression" + 0.004*"request"
2018-08-28 05:56:16,705 : INFO : topic #5 (0.033): 0.010*"rcn" + 0.008*"credit" + 0.008*"token" + 0.006*"market" + 0.006*"ha" + 0.004*"application" + 0.004*"price" + 0.004*"platform" + 0.004*"coin" + 0.003*"make"
2018-08-28 05:56:16,707 : INFO : topic #13 (0.033): 0.011*"bat" + 0.004*"browser" + 0.004*"music" + 0.004*"hair" + 0.004*"get" + 0.003*"brave" + 0.003*"like" + 0.003*"work" + 0.003*"youtube" + 0.003*"ad"
2018-08-28 05:56:16,709 : INFO : topic diff=0.071618, rho=0.250000
2018-08-28 05:56:23,882 : INFO : -8.412 per-word bound, 340.6 perplexity estimate based on a held-out corpus of 2653 documents with 1868102 words
2018-08-28 05:56:23,884 : INFO : PROGRESS: pass 15, at document #2653/2653
2018-08-28 05:56:27,777 : INFO : topic #28 (0.033): 0.007*"fucking" + 0.005*"op" + 0.004*"wallet" + 0.004*"im" + 0.004*"coin" + 0.004*"get" + 0.003*"one" + 0.003*"bought" + 0.003*"thread" + 0.003*"even"
2018-08-28 05:56:27,778 : INFO : topic #9 (0.033): 0.007*"like" + 0.006*"child" + 0.006*"cp" + 0.006*"people" + 0.005*"would" + 0.005*"know" + 0.005*"wallet" + 0.005*"get" + 0.005*"eth" + 0.005*"one"
2018-08-28 05:56:27,779 : INFO : topic #17 (0.033): 0.022*"neo" + 0.005*"news" + 0.005*"credit" + 0.005*"organ" + 0.004*"get" + 0.004*"card" + 0.003*"would" + 0.003*"gas" + 0.003*"government" + 0.003*"score"
2018-08-28 05:56:27,780 : INFO : topic #25 (0.033): 0.022*"btc" + 0.018*"bitcoin" + 0.018*"bch" + 0.007*"people" + 0.006*"would" + 0.006*"like" + 0.006*"going" + 0.005*"transaction" + 0.005*"get" + 0.005*"time"
2018-08-28 05:56:27,782 : INFO : topic #2 (0.033): 0.027*"link" + 0.008*"buy" + 0.007*"get" + 0.006*"money" + 0.006*"im" + 0.005*"make" + 0.005*"it" + 0.005*"like" + 0.005*"fucking" + 0.004*"fuck"
2018-08-28 05:56:27,784 : INFO : topic diff=0.060819, rho=0.242536
2018-08-28 05:56:35,065 : INFO : -8.408 per-word bound, 339.6 perplexity estimate based on a held-out corpus of 2653 documents with 1868102 words
2018-08-28 05:56:35,065 : INFO : PROGRESS: pass 16, at document #2653/2653
2018-08-28 05:56:38,900 : INFO : topic #15 (0.033): 0.044*"roll" + 0.019*"dub" + 0.018*"rolling" + 0.014*"trip" + 0.013*"op" + 0.011*"rollin" + 0.010*"get" + 0.009*"reroll" + 0.009*"green" + 0.008*"quad"
2018-08-28 05:56:38,902 : INFO : topic #14 (0.033): 0.002*"elon" + 0.002*"romania" + 0.001*"truck" + 0.001*"hitbtc" + 0.001*"btg" + 0.001*"land" + 0.001*"eu" + 0.001*"trucker" + 0.001*"nera" + 0.001*"parcel"
2018-08-28 05:56:38,903 : INFO : topic #26 (0.033): 0.004*"wabi" + 0.003*"que" + 0.002*"walimai" + 0.002*"homosexuality" + 0.002*"trans" + 0.001*"lisk" + 0.001*"de" + 0.001*"product" + 0.001*"gender" + 0.001*"play"
2018-08-28 05:56:38,905 : INFO : topic #16 (0.033): 0.014*"card" + 0.012*"get" + 0.005*"monaco" + 0.004*"visa" + 0.004*"mco" + 0.003*"tenx" + 0.003*"pokemon" + 0.002*"program" + 0.002*"even" + 0.002*"wallet"
2018-08-28 05:56:38,906 : INFO : topic #13 (0.033): 0.013*"bat" + 0.005*"browser" + 0.004*"music" + 0.004*"hair" + 0.004*"brave" + 0.003*"youtube" + 0.003*"get" + 0.003*"ad" + 0.003*"work" + 0.003*"jew"
2018-08-28 05:56:38,909 : INFO : topic diff=0.052548, rho=0.235702
2018-08-28 05:56:46,289 : INFO : -8.404 per-word bound, 338.8 perplexity estimate based on a held-out corpus of 2653 documents with 1868102 words
2018-08-28 05:56:46,291 : INFO : PROGRESS: pass 17, at document #2653/2653
2018-08-28 05:56:50,130 : INFO : topic #16 (0.033): 0.015*"card" + 0.012*"get" + 0.006*"monaco" + 0.004*"visa" + 0.004*"mco" + 0.003*"tenx" + 0.003*"pokemon" + 0.002*"program" + 0.002*"number" + 0.002*"even"
2018-08-28 05:56:50,132 : INFO : topic #27 (0.033): 0.003*"time" + 0.003*"market" + 0.003*"get" + 0.003*"board" + 0.003*"like" + 0.003*"also" + 0.003*"financial" + 0.003*"one" + 0.003*"know" + 0.002*"make"
2018-08-28 05:56:50,133 : INFO : topic #17 (0.033): 0.021*"neo" + 0.006*"credit" + 0.005*"organ" + 0.005*"news" + 0.004*"card" + 0.004*"get" + 0.003*"score" + 0.003*"government" + 0.003*"icos" + 0.003*"gas"
2018-08-28 05:56:50,135 : INFO : topic #0 (0.033): 0.079*"die" + 0.003*"luck" + 0.002*"hail" + 0.002*"op" + 0.002*"morocco" + 0.002*"minister" + 0.002*"btc" + 0.001*"fucking" + 0.001*"best" + 0.001*"moroccan"
2018-08-28 05:56:50,136 : INFO : topic #13 (0.033): 0.013*"bat" + 0.005*"browser" + 0.005*"music" + 0.004*"hair" + 0.004*"brave" + 0.003*"youtube" + 0.003*"ad" + 0.003*"get" + 0.003*"jew" + 0.003*"work"
2018-08-28 05:56:50,139 : INFO : topic diff=0.046082, rho=0.229416
2018-08-28 05:56:57,620 : INFO : -8.401 per-word bound, 337.9 perplexity estimate based on a held-out corpus of 2653 documents with 1868102 words
2018-08-28 05:56:57,620 : INFO : PROGRESS: pass 18, at document #2653/2653
2018-08-28 05:57:01,457 : INFO : topic #19 (0.033): 0.137*"chancoin" + 0.034*"sage" + 0.014*"4chn" + 0.008*"coin" + 0.005*"discord" + 0.004*"tipping" + 0.004*"chan" + 0.004*"get" + 0.003*"need" + 0.003*"post"
2018-08-28 05:57:01,458 : INFO : topic #0 (0.033): 0.080*"die" + 0.003*"luck" + 0.002*"hail" + 0.002*"op" + 0.002*"morocco" + 0.002*"minister" + 0.001*"btc" + 0.001*"moroccan" + 0.001*"fucking" + 0.001*"best"
2018-08-28 05:57:01,460 : INFO : topic #14 (0.033): 0.002*"elon" + 0.002*"romania" + 0.001*"truck" + 0.001*"hitbtc" + 0.001*"btg" + 0.001*"land" + 0.001*"eu" + 0.001*"trucker" + 0.001*"nera" + 0.001*"parcel"
2018-08-28 05:57:01,461 : INFO : topic #25 (0.033): 0.023*"btc" + 0.019*"bitcoin" + 0.019*"bch" + 0.007*"people" + 0.006*"would" + 0.006*"like" + 0.006*"going" + 0.006*"transaction" + 0.005*"get" + 0.005*"time"
2018-08-28 05:57:01,462 : INFO : topic #28 (0.033): 0.007*"fucking" + 0.005*"op" + 0.004*"wallet" + 0.003*"im" + 0.003*"coin" + 0.003*"get" + 0.003*"one" + 0.003*"bought" + 0.003*"thread" + 0.002*"anon"
2018-08-28 05:57:01,464 : INFO : topic diff=0.040899, rho=0.223607
2018-08-28 05:57:08,868 : INFO : -8.398 per-word bound, 337.2 perplexity estimate based on a held-out corpus of 2653 documents with 1868102 words
2018-08-28 05:57:08,869 : INFO : PROGRESS: pass 19, at document #2653/2653
2018-08-28 05:57:12,688 : INFO : topic #13 (0.033): 0.014*"bat" + 0.005*"browser" + 0.005*"music" + 0.004*"hair" + 0.004*"brave" + 0.004*"youtube" + 0.003*"ad" + 0.003*"jew" + 0.002*"youtubers" + 0.002*"work"
2018-08-28 05:57:12,690 : INFO : topic #2 (0.033): 0.027*"link" + 0.008*"buy" + 0.006*"get" + 0.006*"money" + 0.006*"im" + 0.005*"make" + 0.005*"it" + 0.004*"fucking" + 0.004*"like" + 0.004*"fuck"
2018-08-28 05:57:12,691 : INFO : topic #10 (0.033): 0.031*"ark" + 0.009*"get" + 0.008*"coin" + 0.007*"im" + 0.006*"buy" + 0.006*"going" + 0.006*"like" + 0.006*"wallet" + 0.005*"fucking" + 0.004*"eth"
2018-08-28 05:57:12,695 : INFO : topic #19 (0.033): 0.138*"chancoin" + 0.034*"sage" + 0.014*"4chn" + 0.008*"coin" + 0.005*"discord" + 0.004*"tipping" + 0.004*"chan" + 0.004*"get" + 0.003*"need" + 0.003*"name"
2018-08-28 05:57:12,697 : INFO : topic #21 (0.033): 0.005*"fuck" + 0.004*"get" + 0.004*"thread" + 0.004*"snug" + 0.003*"sleep" + 0.002*"like" + 0.002*"fucking" + 0.002*"group" + 0.002*"could" + 0.002*"join"
2018-08-28 05:57:12,700 : INFO : topic diff=0.036739, rho=0.218218
2018-08-28 05:57:20,055 : INFO : -8.395 per-word bound, 336.6 perplexity estimate based on a held-out corpus of 2653 documents with 1868102 words
2018-08-28 05:57:20,056 : INFO : PROGRESS: pass 20, at document #2653/2653
2018-08-28 05:57:23,909 : INFO : topic #26 (0.033): 0.004*"wabi" + 0.003*"que" + 0.002*"walimai" + 0.002*"homosexuality" + 0.002*"trans" + 0.002*"lisk" + 0.001*"de" + 0.001*"gender" + 0.001*"tesla" + 0.001*"delusion"
2018-08-28 05:57:23,913 : INFO : topic #5 (0.033): 0.011*"rcn" + 0.009*"credit" + 0.009*"token" + 0.006*"market" + 0.006*"ha" + 0.005*"application" + 0.005*"platform" + 0.004*"price" + 0.004*"coin" + 0.004*"ripio"
2018-08-28 05:57:23,914 : INFO : topic #19 (0.033): 0.138*"chancoin" + 0.035*"sage" + 0.014*"4chn" + 0.008*"coin" + 0.005*"discord" + 0.004*"tipping" + 0.004*"chan" + 0.004*"get" + 0.003*"need" + 0.003*"name"
2018-08-28 05:57:23,916 : INFO : topic #18 (0.033): 0.009*"tell" + 0.008*"god" + 0.007*"oh" + 0.007*"please" + 0.003*"du" + 0.003*"germany" + 0.003*"ceo" + 0.003*"und" + 0.002*"hypefuck" + 0.002*"german"
2018-08-28 05:57:23,917 : INFO : topic #24 (0.033): 0.009*"like" + 0.008*"buy" + 0.008*"im" + 0.007*"get" + 0.007*"fucking" + 0.007*"btc" + 0.006*"going" + 0.006*"go" + 0.006*"coin" + 0.005*"shit"
2018-08-28 05:57:23,919 : INFO : topic diff=0.033291, rho=0.213201
2018-08-28 05:57:31,222 : INFO : -8.392 per-word bound, 335.9 perplexity estimate based on a held-out corpus of 2653 documents with 1868102 words
2018-08-28 05:57:31,222 : INFO : PROGRESS: pass 21, at document #2653/2653
2018-08-28 05:57:35,045 : INFO : topic #8 (0.033): 0.009*"sticker" + 0.009*"omisego" + 0.007*"skateboard" + 0.005*"every" + 0.004*"apple" + 0.004*"yc" + 0.004*"aggression" + 0.004*"request" + 0.004*"partnership" + 0.004*"even"
2018-08-28 05:57:35,046 : INFO : topic #0 (0.033): 0.082*"die" + 0.003*"luck" + 0.002*"hail" + 0.002*"morocco" + 0.002*"minister" + 0.001*"op" + 0.001*"moroccan" + 0.001*"mary" + 0.001*"speed" + 0.001*"poland"
2018-08-28 05:57:35,047 : INFO : topic #12 (0.033): 0.014*"token" + 0.012*"link" + 0.009*"use" + 0.008*"contract" + 0.008*"data" + 0.007*"wallet" + 0.007*"smart" + 0.006*"get" + 0.006*"like" + 0.006*"would"
2018-08-28 05:57:35,048 : INFO : topic #25 (0.033): 0.023*"btc" + 0.019*"bitcoin" + 0.019*"bch" + 0.007*"people" + 0.006*"would" + 0.006*"like" + 0.006*"going" + 0.006*"transaction" + 0.005*"get" + 0.005*"time"
2018-08-28 05:57:35,050 : INFO : topic #18 (0.033): 0.009*"tell" + 0.008*"god" + 0.007*"oh" + 0.007*"please" + 0.004*"du" + 0.003*"germany" + 0.003*"ceo" + 0.003*"und" + 0.002*"hypefuck" + 0.002*"german"
2018-08-28 05:57:35,052 : INFO : topic diff=0.030427, rho=0.208514
2018-08-28 05:57:42,179 : INFO : -8.390 per-word bound, 335.4 perplexity estimate based on a held-out corpus of 2653 documents with 1868102 words
2018-08-28 05:57:42,180 : INFO : PROGRESS: pass 22, at document #2653/2653
2018-08-28 05:57:46,046 : INFO : topic #8 (0.033): 0.009*"sticker" + 0.009*"omisego" + 0.007*"skateboard" + 0.005*"every" + 0.004*"apple" + 0.004*"yc" + 0.004*"aggression" + 0.004*"request" + 0.004*"partnership" + 0.004*"even"
2018-08-28 05:57:46,048 : INFO : topic #27 (0.033): 0.003*"board" + 0.003*"financial" + 0.003*"also" + 0.003*"market" + 0.003*"time" + 0.002*"copper" + 0.002*"get" + 0.002*"one" + 0.002*"like" + 0.002*"good"
2018-08-28 05:57:46,049 : INFO : topic #21 (0.033): 0.004*"fuck" + 0.004*"snug" + 0.004*"thread" + 0.003*"get" + 0.003*"sleep" + 0.002*"group" + 0.002*"join" + 0.002*"making" + 0.002*"could" + 0.002*"fucking"
2018-08-28 05:57:46,050 : INFO : topic #10 (0.033): 0.033*"ark" + 0.009*"get" + 0.008*"coin" + 0.007*"im" + 0.006*"going" + 0.006*"wallet" + 0.006*"buy" + 0.006*"like" + 0.005*"fucking" + 0.004*"eth"
2018-08-28 05:57:46,051 : INFO : topic #16 (0.033): 0.016*"card" + 0.010*"get" + 0.006*"monaco" + 0.005*"visa" + 0.004*"mco" + 0.004*"tenx" + 0.003*"pokemon" + 0.002*"program" + 0.002*"number" + 0.002*"yugioh"
2018-08-28 05:57:46,054 : INFO : topic diff=0.027983, rho=0.204124
2018-08-28 05:57:53,449 : INFO : -8.387 per-word bound, 334.8 perplexity estimate based on a held-out corpus of 2653 documents with 1868102 words
2018-08-28 05:57:53,449 : INFO : PROGRESS: pass 23, at document #2653/2653
2018-08-28 05:57:57,362 : INFO : topic #3 (0.033): 0.011*"buy" + 0.010*"neo" + 0.008*"going" + 0.008*"coin" + 0.008*"sell" + 0.008*"get" + 0.008*"im" + 0.007*"go" + 0.006*"btc" + 0.006*"back"
2018-08-28 05:57:57,364 : INFO : topic #17 (0.033): 0.017*"neo" + 0.006*"organ" + 0.006*"credit" + 0.004*"card" + 0.003*"news" + 0.003*"score" + 0.003*"government" + 0.003*"get" + 0.003*"icos" + 0.002*"gas"
2018-08-28 05:57:57,366 : INFO : topic #7 (0.033): 0.010*"get" + 0.009*"money" + 0.009*"like" + 0.008*"im" + 0.007*"year" + 0.007*"make" + 0.006*"people" + 0.006*"want" + 0.005*"would" + 0.005*"crypto"
2018-08-28 05:57:57,367 : INFO : topic #19 (0.033): 0.141*"chancoin" + 0.035*"sage" + 0.014*"4chn" + 0.008*"coin" + 0.005*"discord" + 0.004*"tipping" + 0.004*"chan" + 0.003*"need" + 0.003*"get" + 0.003*"name"
2018-08-28 05:57:57,369 : INFO : topic #25 (0.033): 0.023*"btc" + 0.019*"bitcoin" + 0.019*"bch" + 0.007*"people" + 0.006*"would" + 0.006*"like" + 0.006*"going" + 0.006*"transaction" + 0.005*"get" + 0.005*"time"
2018-08-28 05:57:57,371 : INFO : topic diff=0.025894, rho=0.200000
2018-08-28 05:58:04,756 : INFO : -8.385 per-word bound, 334.4 perplexity estimate based on a held-out corpus of 2653 documents with 1868102 words
2018-08-28 05:58:04,756 : INFO : PROGRESS: pass 24, at document #2653/2653
2018-08-28 05:58:08,617 : INFO : topic #11 (0.033): 0.018*"link" + 0.008*"coin" + 0.008*"req" + 0.007*"project" + 0.007*"token" + 0.006*"even" + 0.006*"like" + 0.006*"team" + 0.005*"ico" + 0.005*"get"
2018-08-28 05:58:08,618 : INFO : topic #10 (0.033): 0.034*"ark" + 0.009*"get" + 0.008*"coin" + 0.007*"im" + 0.006*"wallet" + 0.006*"going" + 0.005*"buy" + 0.005*"like" + 0.005*"fucking" + 0.004*"eth"
2018-08-28 05:58:08,620 : INFO : topic #27 (0.033): 0.003*"board" + 0.003*"financial" + 0.003*"also" + 0.003*"market" + 0.003*"copper" + 0.002*"time" + 0.002*"one" + 0.002*"get" + 0.002*"good" + 0.002*"bank"
2018-08-28 05:58:08,621 : INFO : topic #24 (0.033): 0.009*"like" + 0.009*"buy" + 0.008*"im" + 0.007*"get" + 0.007*"btc" + 0.007*"fucking" + 0.007*"going" + 0.006*"go" + 0.006*"coin" + 0.005*"money"
2018-08-28 05:58:08,622 : INFO : topic #6 (0.033): 0.023*"tether" + 0.008*"like" + 0.008*"bitfinex" + 0.007*"get" + 0.007*"people" + 0.006*"fucking" + 0.006*"woman" + 0.006*"money" + 0.006*"usdt" + 0.005*"fuck"
2018-08-28 05:58:08,624 : INFO : topic diff=0.024076, rho=0.196116
2018-08-28 05:58:15,996 : INFO : -8.383 per-word bound, 333.9 perplexity estimate based on a held-out corpus of 2653 documents with 1868102 words
2018-08-28 05:58:15,996 : INFO : PROGRESS: pass 25, at document #2653/2653
2018-08-28 05:58:19,848 : INFO : topic #4 (0.033): 0.007*"like" + 0.006*"get" + 0.005*"want" + 0.005*"make" + 0.004*"im" + 0.004*"one" + 0.004*"time" + 0.004*"look" + 0.004*"really" + 0.004*"go"
2018-08-28 05:58:19,849 : INFO : topic #11 (0.033): 0.018*"link" + 0.008*"coin" + 0.007*"project" + 0.007*"req" + 0.007*"token" + 0.006*"even" + 0.006*"like" + 0.006*"team" + 0.005*"ico" + 0.005*"get"
2018-08-28 05:58:19,851 : INFO : topic #2 (0.033): 0.026*"link" + 0.007*"buy" + 0.005*"get" + 0.005*"im" + 0.005*"money" + 0.004*"make" + 0.004*"it" + 0.004*"fucking" + 0.004*"fuck" + 0.004*"going"
2018-08-28 05:58:19,852 : INFO : topic #7 (0.033): 0.010*"get" + 0.009*"like" + 0.009*"money" + 0.008*"im" + 0.007*"year" + 0.007*"make" + 0.006*"people" + 0.006*"want" + 0.005*"would" + 0.005*"crypto"
2018-08-28 05:58:19,854 : INFO : topic #14 (0.033): 0.002*"elon" + 0.002*"romania" + 0.001*"truck" + 0.001*"btg" + 0.001*"hitbtc" + 0.001*"land" + 0.001*"eu" + 0.001*"trucker" + 0.001*"nera" + 0.001*"parcel"
2018-08-28 05:58:19,857 : INFO : topic diff=0.022476, rho=0.192450
2018-08-28 05:58:27,268 : INFO : -8.381 per-word bound, 333.5 perplexity estimate based on a held-out corpus of 2653 documents with 1868102 words
2018-08-28 05:58:27,269 : INFO : PROGRESS: pass 26, at document #2653/2653
2018-08-28 05:58:31,098 : INFO : topic #27 (0.033): 0.003*"board" + 0.003*"financial" + 0.003*"also" + 0.003*"copper" + 0.002*"market" + 0.002*"time" + 0.002*"one" + 0.002*"bank" + 0.002*"good" + 0.002*"u"
2018-08-28 05:58:31,099 : INFO : topic #1 (0.033): 0.011*"trade" + 0.006*"market" + 0.006*"trading" + 0.006*"forex" + 0.005*"crypto" + 0.005*"pip" + 0.005*"stock" + 0.005*"money" + 0.005*"would" + 0.004*"like"
2018-08-28 05:58:31,101 : INFO : topic #11 (0.033): 0.018*"link" + 0.008*"coin" + 0.008*"project" + 0.007*"req" + 0.007*"token" + 0.006*"even" + 0.006*"like" + 0.006*"team" + 0.005*"ico" + 0.005*"product"
2018-08-28 05:58:31,102 : INFO : topic #6 (0.033): 0.023*"tether" + 0.008*"like" + 0.008*"bitfinex" + 0.007*"people" + 0.007*"get" + 0.006*"fucking" + 0.006*"usdt" + 0.006*"woman" + 0.006*"money" + 0.005*"fuck"
2018-08-28 05:58:31,103 : INFO : topic #22 (0.033): 0.008*"tax" + 0.007*"monero" + 0.007*"coin" + 0.007*"like" + 0.007*"make" + 0.007*"btc" + 0.006*"get" + 0.006*"gain" + 0.006*"buy" + 0.005*"one"
2018-08-28 05:58:31,106 : INFO : topic diff=0.021065, rho=0.188982
2018-08-28 05:58:38,414 : INFO : -8.380 per-word bound, 333.1 perplexity estimate based on a held-out corpus of 2653 documents with 1868102 words
2018-08-28 05:58:38,414 : INFO : PROGRESS: pass 27, at document #2653/2653
2018-08-28 05:58:42,254 : INFO : topic #18 (0.033): 0.009*"tell" + 0.008*"god" + 0.008*"oh" + 0.008*"please" + 0.004*"du" + 0.003*"germany" + 0.003*"ceo" + 0.003*"und" + 0.002*"nicht" + 0.002*"hypefuck"
2018-08-28 05:58:42,255 : INFO : topic #21 (0.033): 0.004*"snug" + 0.004*"fuck" + 0.003*"sleep" + 0.003*"thread" + 0.002*"get" + 0.002*"follower" + 0.002*"smug" + 0.002*"join" + 0.002*"steroid" + 0.002*"group"
2018-08-28 05:58:42,257 : INFO : topic #26 (0.033): 0.004*"wabi" + 0.003*"que" + 0.002*"walimai" + 0.002*"homosexuality" + 0.002*"trans" + 0.002*"lisk" + 0.001*"de" + 0.001*"gender" + 0.001*"tesla" + 0.001*"delusion"
2018-08-28 05:58:42,258 : INFO : topic #1 (0.033): 0.011*"trade" + 0.006*"market" + 0.006*"trading" + 0.006*"forex" + 0.005*"crypto" + 0.005*"pip" + 0.005*"stock" + 0.005*"money" + 0.005*"would" + 0.004*"fund"
2018-08-28 05:58:42,259 : INFO : topic #7 (0.033): 0.010*"get" + 0.009*"like" + 0.009*"money" + 0.008*"im" + 0.007*"year" + 0.007*"make" + 0.006*"people" + 0.006*"want" + 0.005*"would" + 0.005*"crypto"
2018-08-28 05:58:42,262 : INFO : topic diff=0.019812, rho=0.185695
2018-08-28 05:58:49,666 : INFO : -8.378 per-word bound, 332.7 perplexity estimate based on a held-out corpus of 2653 documents with 1868102 words
2018-08-28 05:58:49,666 : INFO : PROGRESS: pass 28, at document #2653/2653
2018-08-28 05:58:53,514 : INFO : topic #0 (0.033): 0.084*"die" + 0.003*"luck" + 0.002*"hail" + 0.002*"morocco" + 0.002*"minister" + 0.001*"moroccan" + 0.001*"mary" + 0.001*"speed" + 0.001*"poland" + 0.001*"prayer"
2018-08-28 05:58:53,515 : INFO : topic #6 (0.033): 0.023*"tether" + 0.008*"bitfinex" + 0.008*"like" + 0.007*"people" + 0.007*"get" + 0.006*"fucking" + 0.006*"usdt" + 0.006*"woman" + 0.005*"money" + 0.005*"fuck"
2018-08-28 05:58:53,517 : INFO : topic #23 (0.033): 0.024*"link" + 0.007*"linkies" + 0.007*"sergey" + 0.006*"one" + 0.006*"linkie" + 0.005*"deranged" + 0.005*"price" + 0.005*"chainlink" + 0.005*"time" + 0.004*"go"
2018-08-28 05:58:53,518 : INFO : topic #18 (0.033): 0.010*"tell" + 0.008*"god" + 0.008*"oh" + 0.008*"please" + 0.004*"du" + 0.003*"germany" + 0.003*"ceo" + 0.003*"und" + 0.002*"nicht" + 0.002*"hypefuck"
2018-08-28 05:58:53,520 : INFO : topic #14 (0.033): 0.002*"elon" + 0.002*"romania" + 0.001*"truck" + 0.001*"btg" + 0.001*"hitbtc" + 0.001*"land" + 0.001*"eu" + 0.001*"trucker" + 0.001*"nera" + 0.001*"parcel"
2018-08-28 05:58:53,522 : INFO : topic diff=0.018670, rho=0.182574
2018-08-28 05:59:00,897 : INFO : -8.377 per-word bound, 332.4 perplexity estimate based on a held-out corpus of 2653 documents with 1868102 words
2018-08-28 05:59:00,898 : INFO : PROGRESS: pass 29, at document #2653/2653
2018-08-28 05:59:04,744 : INFO : topic #24 (0.033): 0.009*"buy" + 0.009*"like" + 0.008*"im" + 0.007*"get" + 0.007*"btc" + 0.007*"fucking" + 0.007*"going" + 0.006*"go" + 0.006*"coin" + 0.005*"money"
2018-08-28 05:59:04,746 : INFO : topic #4 (0.033): 0.007*"like" + 0.006*"get" + 0.005*"want" + 0.004*"make" + 0.004*"im" + 0.004*"one" + 0.004*"look" + 0.004*"really" + 0.004*"time" + 0.004*"good"
2018-08-28 05:59:04,747 : INFO : topic #0 (0.033): 0.084*"die" + 0.003*"luck" + 0.002*"hail" + 0.002*"morocco" + 0.002*"minister" + 0.001*"moroccan" + 0.001*"mary" + 0.001*"speed" + 0.001*"poland" + 0.001*"prayer"
2018-08-28 05:59:04,749 : INFO : topic #26 (0.033): 0.004*"wabi" + 0.003*"que" + 0.002*"walimai" + 0.002*"homosexuality" + 0.002*"trans" + 0.002*"lisk" + 0.001*"de" + 0.001*"gender" + 0.001*"tesla" + 0.001*"delusion"
2018-08-28 05:59:04,750 : INFO : topic #13 (0.033): 0.016*"bat" + 0.005*"browser" + 0.005*"music" + 0.005*"hair" + 0.005*"brave" + 0.005*"ad" + 0.004*"youtube" + 0.003*"jew" + 0.003*"youtubers" + 0.002*"popular"
2018-08-28 05:59:04,753 : INFO : topic diff=0.017656, rho=0.179605
2018-08-28 05:59:12,156 : INFO : -8.375 per-word bound, 332.0 perplexity estimate based on a held-out corpus of 2653 documents with 1868102 words
2018-08-28 05:59:12,157 : INFO : PROGRESS: pass 30, at document #2653/2653
2018-08-28 05:59:16,039 : INFO : topic #20 (0.033): 0.010*"buy" + 0.009*"coin" + 0.009*"im" + 0.008*"get" + 0.008*"like" + 0.007*"going" + 0.006*"good" + 0.006*"one" + 0.006*"shit" + 0.005*"go"
2018-08-28 05:59:16,041 : INFO : topic #2 (0.033): 0.025*"link" + 0.006*"buy" + 0.005*"im" + 0.005*"money" + 0.005*"get" + 0.004*"it" + 0.004*"fucking" + 0.004*"make" + 0.003*"fuck" + 0.003*"going"
2018-08-28 05:59:16,042 : INFO : topic #21 (0.033): 0.004*"snug" + 0.003*"sleep" + 0.003*"fuck" + 0.003*"thread" + 0.002*"smug" + 0.002*"follower" + 0.002*"get" + 0.002*"steroid" + 0.002*"join" + 0.002*"gyno"
2018-08-28 05:59:16,044 : INFO : topic #17 (0.033): 0.012*"neo" + 0.007*"organ" + 0.006*"credit" + 0.005*"card" + 0.004*"score" + 0.002*"government" + 0.002*"icos" + 0.002*"news" + 0.001*"get" + 0.001*"black"
2018-08-28 05:59:16,045 : INFO : topic #3 (0.033): 0.011*"buy" + 0.010*"neo" + 0.009*"sell" + 0.008*"going" + 0.008*"coin" + 0.008*"get" + 0.008*"im" + 0.007*"go" + 0.006*"back" + 0.006*"btc"
2018-08-28 05:59:16,049 : INFO : topic diff=0.016728, rho=0.176777
2018-08-28 05:59:23,465 : INFO : -8.374 per-word bound, 331.7 perplexity estimate based on a held-out corpus of 2653 documents with 1868102 words
2018-08-28 05:59:23,465 : INFO : PROGRESS: pass 31, at document #2653/2653
2018-08-28 05:59:27,311 : INFO : topic #3 (0.033): 0.012*"buy" + 0.010*"neo" + 0.009*"sell" + 0.009*"going" + 0.008*"coin" + 0.008*"get" + 0.008*"im" + 0.007*"go" + 0.007*"back" + 0.006*"btc"
2018-08-28 05:59:27,313 : INFO : topic #11 (0.033): 0.019*"link" + 0.009*"coin" + 0.008*"project" + 0.007*"req" + 0.007*"token" + 0.007*"even" + 0.006*"like" + 0.006*"team" + 0.005*"ico" + 0.005*"product"
2018-08-28 05:59:27,314 : INFO : topic #13 (0.033): 0.016*"bat" + 0.006*"browser" + 0.005*"music" + 0.005*"hair" + 0.005*"ad" + 0.005*"brave" + 0.004*"youtube" + 0.003*"jew" + 0.003*"youtubers" + 0.002*"popular"
2018-08-28 05:59:27,316 : INFO : topic #29 (0.033): 0.007*"contract" + 0.004*"etherparty" + 0.004*"smart" + 0.004*"fuel" + 0.003*"token" + 0.003*"a" + 0.002*"350m" + 0.002*"sent" + 0.002*"complement" + 0.002*"in"
2018-08-28 05:59:27,317 : INFO : topic #7 (0.033): 0.011*"get" + 0.009*"like" + 0.009*"money" + 0.008*"im" + 0.007*"make" + 0.007*"year" + 0.006*"people" + 0.006*"want" + 0.006*"would" + 0.005*"crypto"
2018-08-28 05:59:27,319 : INFO : topic diff=0.015885, rho=0.174078
2018-08-28 05:59:34,617 : INFO : -8.372 per-word bound, 331.4 perplexity estimate based on a held-out corpus of 2653 documents with 1868102 words
2018-08-28 05:59:34,617 : INFO : PROGRESS: pass 32, at document #2653/2653
2018-08-28 05:59:38,498 : INFO : topic #29 (0.033): 0.007*"contract" + 0.004*"etherparty" + 0.004*"smart" + 0.004*"fuel" + 0.003*"token" + 0.003*"a" + 0.002*"350m" + 0.002*"sent" + 0.002*"complement" + 0.002*"in"
2018-08-28 05:59:38,499 : INFO : topic #28 (0.033): 0.005*"fucking" + 0.005*"op" + 0.002*"wtc" + 0.002*"wp" + 0.002*"thread" + 0.002*"nuls" + 0.002*"indian" + 0.002*"hardware" + 0.002*"night" + 0.002*"vechain"
2018-08-28 05:59:38,501 : INFO : topic #6 (0.033): 0.024*"tether" + 0.008*"bitfinex" + 0.008*"like" + 0.007*"people" + 0.007*"get" + 0.006*"fucking" + 0.006*"usdt" + 0.006*"woman" + 0.006*"usd" + 0.005*"money"
2018-08-28 05:59:38,503 : INFO : topic #4 (0.033): 0.007*"like" + 0.006*"get" + 0.005*"want" + 0.004*"make" + 0.004*"im" + 0.004*"look" + 0.004*"one" + 0.004*"really" + 0.004*"time" + 0.003*"good"
2018-08-28 05:59:38,504 : INFO : topic #17 (0.033): 0.011*"neo" + 0.007*"organ" + 0.006*"credit" + 0.005*"card" + 0.004*"score" + 0.002*"government" + 0.002*"icos" + 0.002*"news" + 0.001*"black" + 0.001*"ai"
2018-08-28 05:59:38,507 : INFO : topic diff=0.015114, rho=0.171499
2018-08-28 05:59:45,938 : INFO : -8.371 per-word bound, 331.1 perplexity estimate based on a held-out corpus of 2653 documents with 1868102 words
2018-08-28 05:59:45,939 : INFO : PROGRESS: pass 33, at document #2653/2653
2018-08-28 05:59:49,793 : INFO : topic #14 (0.033): 0.002*"elon" + 0.002*"romania" + 0.001*"truck" + 0.001*"btg" + 0.001*"hitbtc" + 0.001*"eu" + 0.001*"land" + 0.001*"trucker" + 0.001*"nera" + 0.001*"parcel"
2018-08-28 05:59:49,795 : INFO : topic #4 (0.033): 0.007*"like" + 0.006*"get" + 0.005*"want" + 0.004*"make" + 0.004*"im" + 0.004*"look" + 0.004*"one" + 0.004*"really" + 0.003*"time" + 0.003*"good"
2018-08-28 05:59:49,797 : INFO : topic #27 (0.033): 0.004*"board" + 0.003*"financial" + 0.003*"copper" + 0.003*"also" + 0.002*"bank" + 0.002*"_value" + 0.002*"u" + 0.002*"market" + 0.002*"good" + 0.002*"risk"
2018-08-28 05:59:49,799 : INFO : topic #0 (0.033): 0.085*"die" + 0.003*"luck" + 0.002*"hail" + 0.002*"morocco" + 0.002*"minister" + 0.002*"mary" + 0.002*"moroccan" + 0.001*"speed" + 0.001*"poland" + 0.001*"prayer"
2018-08-28 05:59:49,800 : INFO : topic #8 (0.033): 0.010*"sticker" + 0.009*"omisego" + 0.007*"skateboard" + 0.005*"every" + 0.004*"apple" + 0.004*"yc" + 0.004*"aggression" + 0.004*"request" + 0.004*"partnership" + 0.004*"even"
2018-08-28 05:59:49,803 : INFO : topic diff=0.014393, rho=0.169031
2018-08-28 05:59:57,231 : INFO : -8.370 per-word bound, 330.9 perplexity estimate based on a held-out corpus of 2653 documents with 1868102 words
2018-08-28 05:59:57,232 : INFO : PROGRESS: pass 34, at document #2653/2653
2018-08-28 06:00:01,058 : INFO : topic #4 (0.033): 0.007*"like" + 0.006*"get" + 0.005*"want" + 0.004*"make" + 0.004*"im" + 0.004*"look" + 0.004*"one" + 0.004*"really" + 0.003*"good" + 0.003*"time"
2018-08-28 06:00:01,059 : INFO : topic #2 (0.033): 0.025*"link" + 0.006*"buy" + 0.005*"im" + 0.004*"money" + 0.004*"get" + 0.004*"it" + 0.004*"fucking" + 0.003*"make" + 0.003*"going" + 0.003*"fuck"
2018-08-28 06:00:01,061 : INFO : topic #26 (0.033): 0.004*"wabi" + 0.003*"que" + 0.002*"walimai" + 0.002*"homosexuality" + 0.002*"trans" + 0.002*"lisk" + 0.001*"de" + 0.001*"gender" + 0.001*"tesla" + 0.001*"delusion"
2018-08-28 06:00:01,062 : INFO : topic #12 (0.033): 0.013*"token" + 0.011*"wallet" + 0.010*"use" + 0.010*"link" + 0.010*"contract" + 0.008*"data" + 0.007*"smart" + 0.006*"would" + 0.006*"get" + 0.006*"like"
2018-08-28 06:00:01,063 : INFO : topic #18 (0.033): 0.010*"tell" + 0.008*"god" + 0.008*"oh" + 0.008*"please" + 0.004*"du" + 0.004*"germany" + 0.003*"ceo" + 0.003*"und" + 0.002*"nicht" + 0.002*"ich"
2018-08-28 06:00:01,066 : INFO : topic diff=0.013742, rho=0.166667
2018-08-28 06:00:08,855 : INFO : -8.369 per-word bound, 330.6 perplexity estimate based on a held-out corpus of 2653 documents with 1868102 words
2018-08-28 06:00:08,857 : INFO : PROGRESS: pass 35, at document #2653/2653
2018-08-28 06:00:12,766 : INFO : topic #13 (0.033): 0.017*"bat" + 0.006*"browser" + 0.006*"music" + 0.005*"ad" + 0.005*"brave" + 0.005*"hair" + 0.005*"youtube" + 0.003*"jew" + 0.003*"youtubers" + 0.002*"popular"
2018-08-28 06:00:12,767 : INFO : topic #26 (0.033): 0.004*"wabi" + 0.003*"que" + 0.002*"walimai" + 0.002*"homosexuality" + 0.002*"trans" + 0.002*"lisk" + 0.001*"de" + 0.001*"gender" + 0.001*"tesla" + 0.001*"delusion"
2018-08-28 06:00:12,769 : INFO : topic #19 (0.033): 0.146*"chancoin" + 0.037*"sage" + 0.015*"4chn" + 0.008*"coin" + 0.005*"discord" + 0.004*"tipping" + 0.004*"chan" + 0.003*"need" + 0.003*"name" + 0.003*"feature"
2018-08-28 06:00:12,770 : INFO : topic #23 (0.033): 0.022*"link" + 0.008*"linkies" + 0.007*"sergey" + 0.006*"linkie" + 0.006*"one" + 0.006*"deranged" + 0.005*"price" + 0.005*"chainlink" + 0.005*"time" + 0.004*"go"
2018-08-28 06:00:12,772 : INFO : topic #21 (0.033): 0.004*"snug" + 0.003*"sleep" + 0.002*"fuck" + 0.002*"thread" + 0.002*"smug" + 0.002*"follower" + 0.002*"steroid" + 0.002*"gyno" + 0.002*"niche" + 0.002*"hashtags"
2018-08-28 06:00:12,775 : INFO : topic diff=0.013140, rho=0.164399
2018-08-28 06:00:20,062 : INFO : -8.368 per-word bound, 330.4 perplexity estimate based on a held-out corpus of 2653 documents with 1868102 words
2018-08-28 06:00:20,062 : INFO : PROGRESS: pass 36, at document #2653/2653
2018-08-28 06:00:23,946 : INFO : topic #20 (0.033): 0.010*"buy" + 0.009*"coin" + 0.009*"im" + 0.009*"get" + 0.008*"like" + 0.007*"going" + 0.006*"good" + 0.006*"one" + 0.006*"shit" + 0.005*"go"
2018-08-28 06:00:23,948 : INFO : topic #28 (0.033): 0.005*"op" + 0.004*"fucking" + 0.002*"wp" + 0.002*"wtc" + 0.002*"indian" + 0.002*"nuls" + 0.002*"thread" + 0.002*"vechain" + 0.002*"night" + 0.002*"hardware"
2018-08-28 06:00:23,949 : INFO : topic #10 (0.033): 0.039*"ark" + 0.009*"get" + 0.007*"coin" + 0.006*"im" + 0.006*"wallet" + 0.006*"going" + 0.005*"fucking" + 0.005*"like" + 0.005*"buy" + 0.004*"eth"
2018-08-28 06:00:23,950 : INFO : topic #23 (0.033): 0.022*"link" + 0.008*"linkies" + 0.007*"sergey" + 0.006*"linkie" + 0.006*"deranged" + 0.006*"one" + 0.005*"price" + 0.005*"chainlink" + 0.005*"time" + 0.004*"go"
2018-08-28 06:00:23,952 : INFO : topic #29 (0.033): 0.007*"contract" + 0.004*"etherparty" + 0.004*"fuel" + 0.004*"smart" + 0.003*"token" + 0.003*"a" + 0.002*"350m" + 0.002*"complement" + 0.002*"sent" + 0.002*"in"
2018-08-28 06:00:23,954 : INFO : topic diff=0.012576, rho=0.162221
2018-08-28 06:00:31,107 : INFO : -8.367 per-word bound, 330.1 perplexity estimate based on a held-out corpus of 2653 documents with 1868102 words
2018-08-28 06:00:31,108 : INFO : PROGRESS: pass 37, at document #2653/2653
2018-08-28 06:00:34,939 : INFO : topic #14 (0.033): 0.002*"elon" + 0.002*"romania" + 0.001*"truck" + 0.001*"btg" + 0.001*"hitbtc" + 0.001*"eu" + 0.001*"trucker" + 0.001*"nera" + 0.001*"parcel" + 0.001*"land"
2018-08-28 06:00:34,940 : INFO : topic #9 (0.033): 0.009*"child" + 0.008*"cp" + 0.007*"eth" + 0.006*"like" + 0.006*"people" + 0.006*"vitalik" + 0.005*"he" + 0.005*"fucking" + 0.005*"would" + 0.005*"know"
2018-08-28 06:00:34,941 : INFO : topic #17 (0.033): 0.009*"neo" + 0.007*"organ" + 0.006*"credit" + 0.005*"card" + 0.004*"score" + 0.002*"government" + 0.002*"icos" + 0.001*"black" + 0.001*"ai" + 0.001*"attending"
2018-08-28 06:00:34,942 : INFO : topic #28 (0.033): 0.005*"op" + 0.004*"fucking" + 0.002*"wp" + 0.002*"wtc" + 0.002*"indian" + 0.002*"nuls" + 0.002*"thread" + 0.002*"vechain" + 0.002*"night" + 0.001*"hardware"
2018-08-28 06:00:34,944 : INFO : topic #25 (0.033): 0.024*"btc" + 0.020*"bitcoin" + 0.019*"bch" + 0.007*"people" + 0.006*"would" + 0.006*"like" + 0.006*"going" + 0.006*"transaction" + 0.005*"get" + 0.005*"time"
2018-08-28 06:00:34,946 : INFO : topic diff=0.012050, rho=0.160128
2018-08-28 06:00:42,206 : INFO : -8.366 per-word bound, 329.9 perplexity estimate based on a held-out corpus of 2653 documents with 1868102 words
2018-08-28 06:00:42,207 : INFO : PROGRESS: pass 38, at document #2653/2653
2018-08-28 06:00:46,071 : INFO : topic #28 (0.033): 0.005*"op" + 0.004*"fucking" + 0.002*"wp" + 0.002*"wtc" + 0.002*"indian" + 0.002*"nuls" + 0.002*"thread" + 0.002*"vechain" + 0.002*"night" + 0.001*"ham"
2018-08-28 06:00:46,073 : INFO : topic #1 (0.033): 0.013*"trade" + 0.007*"market" + 0.007*"trading" + 0.007*"forex" + 0.006*"pip" + 0.006*"stock" + 0.005*"crypto" + 0.005*"fund" + 0.005*"bot" + 0.005*"index"
2018-08-28 06:00:46,074 : INFO : topic #14 (0.033): 0.002*"elon" + 0.002*"romania" + 0.001*"truck" + 0.001*"btg" + 0.001*"hitbtc" + 0.001*"eu" + 0.001*"trucker" + 0.001*"nera" + 0.001*"parcel" + 0.001*"land"
2018-08-28 06:00:46,076 : INFO : topic #11 (0.033): 0.020*"link" + 0.009*"coin" + 0.008*"project" + 0.007*"token" + 0.007*"req" + 0.007*"even" + 0.006*"like" + 0.006*"team" + 0.005*"ico" + 0.005*"get"
2018-08-28 06:00:46,077 : INFO : topic #7 (0.033): 0.011*"get" + 0.009*"like" + 0.009*"money" + 0.008*"im" + 0.007*"make" + 0.007*"year" + 0.006*"people" + 0.006*"want" + 0.006*"would" + 0.005*"good"
2018-08-28 06:00:46,080 : INFO : topic diff=0.011558, rho=0.158114
2018-08-28 06:00:53,571 : INFO : -8.365 per-word bound, 329.7 perplexity estimate based on a held-out corpus of 2653 documents with 1868102 words
2018-08-28 06:00:53,572 : INFO : PROGRESS: pass 39, at document #2653/2653
2018-08-28 06:00:57,436 : INFO : topic #21 (0.033): 0.005*"snug" + 0.003*"sleep" + 0.002*"smug" + 0.002*"follower" + 0.002*"fuck" + 0.002*"steroid" + 0.002*"thread" + 0.002*"gyno" + 0.002*"niche" + 0.002*"hashtags"
2018-08-28 06:00:57,437 : INFO : topic #5 (0.033): 0.012*"rcn" + 0.012*"credit" + 0.010*"token" + 0.007*"ha" + 0.007*"market" + 0.005*"platform" + 0.005*"application" + 0.005*"loan" + 0.004*"lending" + 0.004*"ripio"
2018-08-28 06:00:57,439 : INFO : topic #23 (0.033): 0.022*"link" + 0.008*"linkies" + 0.007*"sergey" + 0.006*"linkie" + 0.006*"deranged" + 0.006*"one" + 0.005*"price" + 0.005*"chainlink" + 0.005*"time" + 0.004*"trying"
2018-08-28 06:00:57,440 : INFO : topic #24 (0.033): 0.009*"buy" + 0.009*"like" + 0.008*"im" + 0.007*"get" + 0.007*"btc" + 0.007*"going" + 0.007*"fucking" + 0.006*"go" + 0.005*"money" + 0.005*"coin"
2018-08-28 06:00:57,441 : INFO : topic #14 (0.033): 0.002*"elon" + 0.002*"romania" + 0.001*"truck" + 0.001*"btg" + 0.001*"hitbtc" + 0.001*"eu" + 0.001*"trucker" + 0.001*"nera" + 0.001*"parcel" + 0.001*"land"
2018-08-28 06:00:57,444 : INFO : topic diff=0.011088, rho=0.156174
2018-08-28 06:01:04,778 : INFO : -8.364 per-word bound, 329.5 perplexity estimate based on a held-out corpus of 2653 documents with 1868102 words
2018-08-28 06:01:04,778 : INFO : PROGRESS: pass 40, at document #2653/2653
2018-08-28 06:01:08,640 : INFO : topic #13 (0.033): 0.017*"bat" + 0.006*"browser" + 0.006*"music" + 0.005*"ad" + 0.005*"brave" + 0.005*"hair" + 0.005*"youtube" + 0.003*"jew" + 0.003*"youtubers" + 0.002*"popular"
2018-08-28 06:01:08,642 : INFO : topic #10 (0.033): 0.040*"ark" + 0.009*"get" + 0.007*"coin" + 0.006*"wallet" + 0.006*"im" + 0.006*"going" + 0.005*"fucking" + 0.005*"like" + 0.004*"buy" + 0.004*"eth"
2018-08-28 06:01:08,643 : INFO : topic #23 (0.033): 0.021*"link" + 0.008*"linkies" + 0.007*"sergey" + 0.006*"linkie" + 0.006*"deranged" + 0.006*"one" + 0.005*"price" + 0.005*"chainlink" + 0.005*"time" + 0.004*"trying"
2018-08-28 06:01:08,644 : INFO : topic #17 (0.033): 0.008*"neo" + 0.007*"organ" + 0.006*"credit" + 0.005*"card" + 0.004*"score" + 0.002*"government" + 0.002*"icos" + 0.001*"ai" + 0.001*"attending" + 0.001*"black"
2018-08-28 06:01:08,645 : INFO : topic #8 (0.033): 0.009*"sticker" + 0.009*"omisego" + 0.007*"skateboard" + 0.005*"every" + 0.005*"yc" + 0.004*"apple" + 0.004*"request" + 0.004*"aggression" + 0.004*"partnership" + 0.004*"even"
2018-08-28 06:01:08,648 : INFO : topic diff=0.010663, rho=0.154303
2018-08-28 06:01:15,981 : INFO : -8.363 per-word bound, 329.3 perplexity estimate based on a held-out corpus of 2653 documents with 1868102 words
2018-08-28 06:01:15,982 : INFO : PROGRESS: pass 41, at document #2653/2653
2018-08-28 06:01:19,835 : INFO : topic #1 (0.033): 0.013*"trade" + 0.007*"market" + 0.007*"trading" + 0.007*"forex" + 0.006*"pip" + 0.006*"stock" + 0.005*"fund" + 0.005*"crypto" + 0.005*"bot" + 0.005*"strategy"
2018-08-28 06:01:19,836 : INFO : topic #10 (0.033): 0.040*"ark" + 0.009*"get" + 0.007*"coin" + 0.006*"wallet" + 0.006*"im" + 0.006*"going" + 0.005*"fucking" + 0.005*"like" + 0.004*"buy" + 0.004*"eth"
2018-08-28 06:01:19,839 : INFO : topic #8 (0.033): 0.009*"sticker" + 0.009*"omisego" + 0.007*"skateboard" + 0.005*"every" + 0.005*"yc" + 0.004*"apple" + 0.004*"request" + 0.004*"aggression" + 0.004*"partnership" + 0.004*"even"
2018-08-28 06:01:19,840 : INFO : topic #20 (0.033): 0.010*"buy" + 0.009*"coin" + 0.009*"im" + 0.009*"get" + 0.008*"like" + 0.007*"going" + 0.006*"good" + 0.006*"one" + 0.006*"shit" + 0.005*"go"
2018-08-28 06:01:19,841 : INFO : topic #11 (0.033): 0.020*"link" + 0.009*"coin" + 0.008*"project" + 0.007*"token" + 0.007*"even" + 0.007*"req" + 0.006*"like" + 0.006*"team" + 0.005*"ico" + 0.005*"get"
2018-08-28 06:01:19,844 : INFO : topic diff=0.010253, rho=0.152499
2018-08-28 06:01:27,240 : INFO : -8.362 per-word bound, 329.1 perplexity estimate based on a held-out corpus of 2653 documents with 1868102 words
2018-08-28 06:01:27,240 : INFO : PROGRESS: pass 42, at document #2653/2653
2018-08-28 06:01:31,067 : INFO : topic #17 (0.033): 0.007*"organ" + 0.007*"neo" + 0.005*"credit" + 0.005*"card" + 0.004*"score" + 0.002*"government" + 0.002*"icos" + 0.001*"ai" + 0.001*"attending" + 0.001*"prostitute"
2018-08-28 06:01:31,069 : INFO : topic #18 (0.033): 0.010*"tell" + 0.009*"god" + 0.008*"oh" + 0.008*"please" + 0.004*"du" + 0.004*"germany" + 0.003*"ceo" + 0.003*"und" + 0.003*"ich" + 0.002*"nicht"
2018-08-28 06:01:31,070 : INFO : topic #25 (0.033): 0.024*"btc" + 0.020*"bitcoin" + 0.020*"bch" + 0.007*"people" + 0.006*"would" + 0.006*"like" + 0.006*"going" + 0.006*"transaction" + 0.005*"get" + 0.005*"time"
2018-08-28 06:01:31,071 : INFO : topic #11 (0.033): 0.020*"link" + 0.009*"coin" + 0.008*"project" + 0.007*"token" + 0.007*"even" + 0.007*"req" + 0.006*"like" + 0.006*"team" + 0.005*"ico" + 0.005*"get"
2018-08-28 06:01:31,072 : INFO : topic #3 (0.033): 0.012*"buy" + 0.010*"neo" + 0.009*"sell" + 0.009*"going" + 0.008*"coin" + 0.008*"get" + 0.008*"im" + 0.007*"go" + 0.007*"back" + 0.006*"bought"
2018-08-28 06:01:31,074 : INFO : topic diff=0.009875, rho=0.150756
2018-08-28 06:01:38,495 : INFO : -8.362 per-word bound, 328.9 perplexity estimate based on a held-out corpus of 2653 documents with 1868102 words
2018-08-28 06:01:38,496 : INFO : PROGRESS: pass 43, at document #2653/2653
2018-08-28 06:01:42,335 : INFO : topic #27 (0.033): 0.004*"board" + 0.004*"financial" + 0.003*"copper" + 0.003*"also" + 0.002*"_value" + 0.002*"bank" + 0.002*"u" + 0.002*"layer" + 0.002*"risk" + 0.002*"good"
2018-08-28 06:01:42,337 : INFO : topic #13 (0.033): 0.017*"bat" + 0.006*"browser" + 0.006*"music" + 0.006*"ad" + 0.005*"brave" + 0.005*"youtube" + 0.005*"hair" + 0.003*"jew" + 0.003*"youtubers" + 0.002*"popular"
2018-08-28 06:01:42,338 : INFO : topic #14 (0.033): 0.002*"elon" + 0.002*"romania" + 0.001*"truck" + 0.001*"btg" + 0.001*"hitbtc" + 0.001*"trucker" + 0.001*"nera" + 0.001*"eu" + 0.001*"parcel" + 0.001*"land"
2018-08-28 06:01:42,340 : INFO : topic #19 (0.033): 0.149*"chancoin" + 0.038*"sage" + 0.015*"4chn" + 0.007*"coin" + 0.005*"discord" + 0.005*"tipping" + 0.004*"chan" + 0.003*"need" + 0.003*"name" + 0.003*"feature"
2018-08-28 06:01:42,341 : INFO : topic #17 (0.033): 0.007*"organ" + 0.007*"neo" + 0.005*"credit" + 0.005*"card" + 0.004*"score" + 0.002*"government" + 0.002*"icos" + 0.001*"ai" + 0.001*"attending" + 0.001*"prostitute"
2018-08-28 06:01:42,343 : INFO : topic diff=0.009520, rho=0.149071
2018-08-28 06:01:49,686 : INFO : -8.361 per-word bound, 328.8 perplexity estimate based on a held-out corpus of 2653 documents with 1868102 words
2018-08-28 06:01:49,686 : INFO : PROGRESS: pass 44, at document #2653/2653
2018-08-28 06:01:53,535 : INFO : topic #5 (0.033): 0.012*"rcn" + 0.012*"credit" + 0.010*"token" + 0.007*"ha" + 0.007*"market" + 0.006*"platform" + 0.005*"application" + 0.005*"loan" + 0.004*"lending" + 0.004*"ripio"
2018-08-28 06:01:53,536 : INFO : topic #12 (0.033): 0.013*"wallet" + 0.012*"token" + 0.011*"use" + 0.010*"contract" + 0.009*"link" + 0.008*"data" + 0.007*"smart" + 0.006*"would" + 0.006*"get" + 0.006*"like"
2018-08-28 06:01:53,537 : INFO : topic #22 (0.033): 0.011*"tax" + 0.008*"monero" + 0.007*"like" + 0.007*"coin" + 0.007*"gain" + 0.007*"make" + 0.007*"btc" + 0.006*"crypto" + 0.006*"get" + 0.006*"trade"
2018-08-28 06:01:53,538 : INFO : topic #1 (0.033): 0.013*"trade" + 0.007*"market" + 0.007*"forex" + 0.007*"trading" + 0.006*"pip" + 0.006*"stock" + 0.005*"fund" + 0.005*"bot" + 0.005*"strategy" + 0.005*"crypto"
2018-08-28 06:01:53,539 : INFO : topic #24 (0.033): 0.009*"buy" + 0.009*"like" + 0.008*"im" + 0.007*"btc" + 0.007*"get" + 0.007*"going" + 0.007*"fucking" + 0.006*"go" + 0.005*"money" + 0.005*"coin"
2018-08-28 06:01:53,542 : INFO : topic diff=0.009188, rho=0.147442
2018-08-28 06:02:00,876 : INFO : -8.360 per-word bound, 328.6 perplexity estimate based on a held-out corpus of 2653 documents with 1868102 words
2018-08-28 06:02:00,877 : INFO : PROGRESS: pass 45, at document #2653/2653
2018-08-28 06:02:04,874 : INFO : topic #8 (0.033): 0.009*"sticker" + 0.009*"omisego" + 0.007*"skateboard" + 0.005*"yc" + 0.005*"every" + 0.004*"apple" + 0.004*"request" + 0.004*"aggression" + 0.004*"partnership" + 0.004*"even"
2018-08-28 06:02:04,875 : INFO : topic #1 (0.033): 0.013*"trade" + 0.007*"forex" + 0.007*"market" + 0.007*"trading" + 0.006*"pip" + 0.006*"stock" + 0.005*"fund" + 0.005*"bot" + 0.005*"strategy" + 0.005*"index"
2018-08-28 06:02:04,877 : INFO : topic #20 (0.033): 0.010*"buy" + 0.009*"coin" + 0.009*"im" + 0.009*"get" + 0.008*"like" + 0.006*"going" + 0.006*"good" + 0.006*"one" + 0.006*"shit" + 0.005*"go"
2018-08-28 06:02:04,878 : INFO : topic #19 (0.033): 0.149*"chancoin" + 0.038*"sage" + 0.015*"4chn" + 0.007*"coin" + 0.005*"discord" + 0.005*"tipping" + 0.004*"chan" + 0.003*"need" + 0.003*"name" + 0.003*"feature"
2018-08-28 06:02:04,879 : INFO : topic #24 (0.033): 0.009*"buy" + 0.009*"like" + 0.008*"im" + 0.007*"btc" + 0.007*"get" + 0.007*"going" + 0.007*"fucking" + 0.006*"go" + 0.006*"money" + 0.005*"coin"
2018-08-28 06:02:04,882 : INFO : topic diff=0.008875, rho=0.145865
2018-08-28 06:02:12,237 : INFO : -8.359 per-word bound, 328.4 perplexity estimate based on a held-out corpus of 2653 documents with 1868102 words
2018-08-28 06:02:12,238 : INFO : PROGRESS: pass 46, at document #2653/2653
2018-08-28 06:02:16,093 : INFO : topic #3 (0.033): 0.012*"buy" + 0.010*"neo" + 0.009*"sell" + 0.009*"going" + 0.008*"im" + 0.008*"get" + 0.008*"coin" + 0.007*"go" + 0.007*"back" + 0.006*"bought"
2018-08-28 06:02:16,094 : INFO : topic #12 (0.033): 0.013*"wallet" + 0.012*"token" + 0.011*"use" + 0.010*"contract" + 0.009*"link" + 0.008*"data" + 0.007*"smart" + 0.006*"would" + 0.006*"get" + 0.006*"like"
2018-08-28 06:02:16,095 : INFO : topic #11 (0.033): 0.020*"link" + 0.010*"coin" + 0.008*"token" + 0.007*"project" + 0.007*"even" + 0.007*"like" + 0.006*"req" + 0.006*"team" + 0.005*"ico" + 0.005*"get"
2018-08-28 06:02:16,097 : INFO : topic #0 (0.033): 0.086*"die" + 0.003*"luck" + 0.002*"hail" + 0.002*"morocco" + 0.002*"mary" + 0.002*"minister" + 0.002*"moroccan" + 0.001*"speed" + 0.001*"poland" + 0.001*"prayer"
2018-08-28 06:02:16,098 : INFO : topic #24 (0.033): 0.009*"buy" + 0.009*"like" + 0.008*"im" + 0.007*"btc" + 0.007*"get" + 0.007*"going" + 0.007*"fucking" + 0.006*"go" + 0.006*"money" + 0.005*"coin"
2018-08-28 06:02:16,100 : INFO : topic diff=0.008577, rho=0.144338
2018-08-28 06:02:23,512 : INFO : -8.359 per-word bound, 328.3 perplexity estimate based on a held-out corpus of 2653 documents with 1868102 words
2018-08-28 06:02:23,513 : INFO : PROGRESS: pass 47, at document #2653/2653
2018-08-28 06:02:27,369 : INFO : topic #12 (0.033): 0.013*"wallet" + 0.012*"token" + 0.011*"use" + 0.010*"contract" + 0.009*"link" + 0.008*"data" + 0.007*"smart" + 0.006*"would" + 0.006*"get" + 0.006*"like"
2018-08-28 06:02:27,371 : INFO : topic #0 (0.033): 0.086*"die" + 0.003*"luck" + 0.002*"hail" + 0.002*"morocco" + 0.002*"mary" + 0.002*"minister" + 0.002*"moroccan" + 0.001*"speed" + 0.001*"poland" + 0.001*"prayer"
2018-08-28 06:02:27,372 : INFO : topic #28 (0.033): 0.004*"op" + 0.003*"fucking" + 0.002*"wp" + 0.002*"wtc" + 0.002*"indian" + 0.002*"vechain" + 0.001*"ham" + 0.001*"nuls" + 0.001*"established" + 0.001*"9m"
2018-08-28 06:02:27,374 : INFO : topic #29 (0.033): 0.006*"contract" + 0.005*"etherparty" + 0.004*"fuel" + 0.003*"smart" + 0.003*"a" + 0.003*"350m" + 0.002*"complement" + 0.002*"sent" + 0.002*"english" + 0.002*"in"
2018-08-28 06:02:27,375 : INFO : topic #9 (0.033): 0.009*"child" + 0.008*"cp" + 0.008*"eth" + 0.007*"people" + 0.006*"vitalik" + 0.006*"like" + 0.006*"he" + 0.005*"fucking" + 0.005*"would" + 0.004*"know"
2018-08-28 06:02:27,378 : INFO : topic diff=0.008298, rho=0.142857
2018-08-28 06:02:34,816 : INFO : -8.358 per-word bound, 328.1 perplexity estimate based on a held-out corpus of 2653 documents with 1868102 words
2018-08-28 06:02:34,817 : INFO : PROGRESS: pass 48, at document #2653/2653
2018-08-28 06:02:38,688 : INFO : topic #19 (0.033): 0.150*"chancoin" + 0.038*"sage" + 0.015*"4chn" + 0.007*"coin" + 0.005*"discord" + 0.005*"tipping" + 0.004*"chan" + 0.003*"need" + 0.003*"name" + 0.003*"feature"
2018-08-28 06:02:38,689 : INFO : topic #24 (0.033): 0.009*"buy" + 0.009*"like" + 0.008*"im" + 0.007*"btc" + 0.007*"get" + 0.007*"going" + 0.007*"fucking" + 0.006*"go" + 0.006*"money" + 0.005*"coin"
2018-08-28 06:02:38,690 : INFO : topic #12 (0.033): 0.014*"wallet" + 0.012*"token" + 0.011*"use" + 0.010*"contract" + 0.009*"link" + 0.008*"data" + 0.007*"smart" + 0.006*"would" + 0.006*"get" + 0.006*"like"
2018-08-28 06:02:38,691 : INFO : topic #9 (0.033): 0.009*"child" + 0.008*"cp" + 0.008*"eth" + 0.007*"people" + 0.006*"vitalik" + 0.006*"like" + 0.006*"he" + 0.005*"fucking" + 0.005*"would" + 0.004*"know"
2018-08-28 06:02:38,692 : INFO : topic #11 (0.033): 0.020*"link" + 0.010*"coin" + 0.008*"token" + 0.007*"project" + 0.007*"even" + 0.007*"like" + 0.006*"req" + 0.006*"team" + 0.005*"ico" + 0.005*"get"
2018-08-28 06:02:38,695 : INFO : topic diff=0.008031, rho=0.141421
2018-08-28 06:02:46,017 : INFO : -8.358 per-word bound, 328.0 perplexity estimate based on a held-out corpus of 2653 documents with 1868102 words
2018-08-28 06:02:46,019 : INFO : PROGRESS: pass 49, at document #2653/2653
2018-08-28 06:02:49,883 : INFO : topic #15 (0.033): 0.049*"roll" + 0.025*"dub" + 0.020*"rolling" + 0.017*"op" + 0.017*"trip" + 0.012*"quad" + 0.012*"rollin" + 0.010*"reroll" + 0.009*"get" + 0.009*"green"
2018-08-28 06:02:49,884 : INFO : topic #21 (0.033): 0.005*"snug" + 0.003*"sleep" + 0.002*"smug" + 0.002*"follower" + 0.002*"steroid" + 0.002*"gyno" + 0.002*"niche" + 0.002*"hashtags" + 0.001*"tit" + 0.001*"gay"
2018-08-28 06:02:49,885 : INFO : topic #27 (0.033): 0.004*"board" + 0.004*"financial" + 0.003*"copper" + 0.003*"also" + 0.002*"_value" + 0.002*"bank" + 0.002*"u" + 0.002*"layer" + 0.002*"risk" + 0.002*"digital"
2018-08-28 06:02:49,887 : INFO : topic #7 (0.033): 0.011*"get" + 0.009*"like" + 0.009*"money" + 0.008*"im" + 0.007*"make" + 0.007*"year" + 0.006*"people" + 0.006*"want" + 0.006*"would" + 0.005*"good"
2018-08-28 06:02:49,888 : INFO : topic #5 (0.033): 0.013*"rcn" + 0.012*"credit" + 0.010*"token" + 0.007*"ha" + 0.007*"market" + 0.006*"platform" + 0.006*"loan" + 0.006*"application" + 0.005*"lending" + 0.004*"ripio"
2018-08-28 06:02:49,890 : INFO : topic diff=0.007782, rho=0.140028
2018-08-28 06:02:57,406 : INFO : -8.357 per-word bound, 327.9 perplexity estimate based on a held-out corpus of 2653 documents with 1868102 words
2018-08-28 06:02:57,407 : INFO : PROGRESS: pass 50, at document #2653/2653
2018-08-28 06:03:01,412 : INFO : topic #2 (0.033): 0.022*"link" + 0.004*"buy" + 0.003*"im" + 0.003*"money" + 0.003*"it" + 0.003*"fucking" + 0.002*"get" + 0.002*"going" + 0.002*"fuck" + 0.002*"wallet"
2018-08-28 06:03:01,413 : INFO : topic #10 (0.033): 0.043*"ark" + 0.009*"get" + 0.007*"coin" + 0.006*"wallet" + 0.006*"im" + 0.006*"going" + 0.005*"fucking" + 0.004*"like" + 0.004*"buy" + 0.004*"eth"
2018-08-28 06:03:01,415 : INFO : topic #5 (0.033): 0.013*"rcn" + 0.012*"credit" + 0.010*"token" + 0.007*"ha" + 0.007*"market" + 0.006*"platform" + 0.006*"loan" + 0.006*"application" + 0.005*"lending" + 0.004*"ripio"
2018-08-28 06:03:01,416 : INFO : topic #8 (0.033): 0.009*"sticker" + 0.009*"omisego" + 0.007*"skateboard" + 0.006*"yc" + 0.005*"every" + 0.004*"request" + 0.004*"apple" + 0.004*"aggression" + 0.004*"partnership" + 0.004*"even"
2018-08-28 06:03:01,418 : INFO : topic #0 (0.033): 0.086*"die" + 0.003*"luck" + 0.002*"hail" + 0.002*"morocco" + 0.002*"mary" + 0.002*"minister" + 0.002*"moroccan" + 0.001*"poland" + 0.001*"speed" + 0.001*"prayer"
2018-08-28 06:03:01,421 : INFO : topic diff=0.007536, rho=0.138675
2018-08-28 06:03:08,863 : INFO : -8.356 per-word bound, 327.7 perplexity estimate based on a held-out corpus of 2653 documents with 1868102 words
2018-08-28 06:03:08,865 : INFO : PROGRESS: pass 51, at document #2653/2653
2018-08-28 06:03:12,690 : INFO : topic #22 (0.033): 0.012*"tax" + 0.008*"monero" + 0.007*"gain" + 0.007*"like" + 0.007*"coin" + 0.007*"btc" + 0.007*"make" + 0.007*"crypto" + 0.006*"get" + 0.006*"trade"
2018-08-28 06:03:12,692 : INFO : topic #28 (0.033): 0.004*"op" + 0.003*"fucking" + 0.002*"wp" + 0.002*"wtc" + 0.002*"indian" + 0.002*"vechain" + 0.002*"ham" + 0.001*"established" + 0.001*"9m" + 0.001*"aspect"
2018-08-28 06:03:12,693 : INFO : topic #19 (0.033): 0.151*"chancoin" + 0.038*"sage" + 0.015*"4chn" + 0.007*"coin" + 0.005*"discord" + 0.005*"tipping" + 0.004*"chan" + 0.003*"need" + 0.003*"name" + 0.003*"feature"
2018-08-28 06:03:12,695 : INFO : topic #6 (0.033): 0.028*"tether" + 0.010*"bitfinex" + 0.007*"people" + 0.007*"like" + 0.007*"usdt" + 0.006*"fucking" + 0.006*"usd" + 0.006*"get" + 0.005*"woman" + 0.005*"money"
2018-08-28 06:03:12,696 : INFO : topic #16 (0.033): 0.020*"card" + 0.007*"monaco" + 0.005*"visa" + 0.005*"mco" + 0.005*"tenx" + 0.004*"get" + 0.004*"pokemon" + 0.002*"program" + 0.002*"yugioh" + 0.002*"debit"
2018-08-28 06:03:12,700 : INFO : topic diff=0.007308, rho=0.137361
2018-08-28 06:03:20,126 : INFO : -8.356 per-word bound, 327.6 perplexity estimate based on a held-out corpus of 2653 documents with 1868102 words
2018-08-28 06:03:20,127 : INFO : PROGRESS: pass 52, at document #2653/2653
2018-08-28 06:03:23,999 : INFO : topic #14 (0.033): 0.002*"elon" + 0.002*"romania" + 0.001*"truck" + 0.001*"btg" + 0.001*"hitbtc" + 0.001*"trucker" + 0.001*"nera" + 0.001*"eu" + 0.001*"parcel" + 0.001*"land"
2018-08-28 06:03:24,001 : INFO : topic #6 (0.033): 0.028*"tether" + 0.010*"bitfinex" + 0.007*"people" + 0.007*"like" + 0.007*"usdt" + 0.006*"usd" + 0.006*"fucking" + 0.006*"get" + 0.005*"money" + 0.005*"woman"
2018-08-28 06:03:24,002 : INFO : topic #26 (0.033): 0.004*"wabi" + 0.003*"que" + 0.002*"walimai" + 0.002*"homosexuality" + 0.002*"trans" + 0.002*"lisk" + 0.001*"de" + 0.001*"gender" + 0.001*"tesla" + 0.001*"delusion"
2018-08-28 06:03:24,004 : INFO : topic #29 (0.033): 0.006*"contract" + 0.005*"etherparty" + 0.004*"fuel" + 0.003*"smart" + 0.003*"a" + 0.003*"350m" + 0.002*"complement" + 0.002*"sent" + 0.002*"english" + 0.002*"in"
2018-08-28 06:03:24,005 : INFO : topic #21 (0.033): 0.005*"snug" + 0.003*"sleep" + 0.002*"smug" + 0.002*"follower" + 0.002*"steroid" + 0.002*"gyno" + 0.002*"niche" + 0.002*"hashtags" + 0.001*"tit" + 0.001*"sim"
2018-08-28 06:03:24,007 : INFO : topic diff=0.007090, rho=0.136083
2018-08-28 06:03:31,327 : INFO : -8.355 per-word bound, 327.5 perplexity estimate based on a held-out corpus of 2653 documents with 1868102 words
2018-08-28 06:03:31,328 : INFO : PROGRESS: pass 53, at document #2653/2653
2018-08-28 06:03:35,163 : INFO : topic #25 (0.033): 0.024*"btc" + 0.020*"bitcoin" + 0.020*"bch" + 0.007*"people" + 0.006*"would" + 0.006*"like" + 0.006*"going" + 0.006*"transaction" + 0.005*"get" + 0.005*"time"
2018-08-28 06:03:35,165 : INFO : topic #24 (0.033): 0.009*"buy" + 0.009*"like" + 0.008*"im" + 0.007*"btc" + 0.007*"get" + 0.007*"going" + 0.007*"fucking" + 0.006*"go" + 0.006*"money" + 0.005*"coin"
2018-08-28 06:03:35,166 : INFO : topic #22 (0.033): 0.012*"tax" + 0.008*"monero" + 0.007*"gain" + 0.007*"like" + 0.007*"coin" + 0.007*"btc" + 0.007*"make" + 0.007*"crypto" + 0.006*"get" + 0.006*"trade"
2018-08-28 06:03:35,167 : INFO : topic #0 (0.033): 0.086*"die" + 0.003*"luck" + 0.002*"hail" + 0.002*"morocco" + 0.002*"mary" + 0.002*"minister" + 0.002*"moroccan" + 0.001*"poland" + 0.001*"speed" + 0.001*"prayer"
2018-08-28 06:03:35,169 : INFO : topic #18 (0.033): 0.010*"tell" + 0.009*"god" + 0.008*"oh" + 0.008*"please" + 0.004*"du" + 0.004*"germany" + 0.003*"ceo" + 0.003*"und" + 0.003*"ich" + 0.002*"nicht"
2018-08-28 06:03:35,171 : INFO : topic diff=0.006872, rho=0.134840
2018-08-28 06:03:42,647 : INFO : -8.355 per-word bound, 327.4 perplexity estimate based on a held-out corpus of 2653 documents with 1868102 words
2018-08-28 06:03:42,647 : INFO : PROGRESS: pass 54, at document #2653/2653
2018-08-28 06:03:46,511 : INFO : topic #14 (0.033): 0.002*"elon" + 0.002*"romania" + 0.001*"truck" + 0.001*"btg" + 0.001*"hitbtc" + 0.001*"trucker" + 0.001*"nera" + 0.001*"eu" + 0.001*"parcel" + 0.001*"land"
2018-08-28 06:03:46,513 : INFO : topic #1 (0.033): 0.014*"trade" + 0.008*"forex" + 0.008*"trading" + 0.008*"market" + 0.007*"pip" + 0.006*"stock" + 0.006*"bot" + 0.006*"fund" + 0.005*"strategy" + 0.005*"index"
2018-08-28 06:03:46,514 : INFO : topic #24 (0.033): 0.009*"buy" + 0.009*"like" + 0.008*"im" + 0.007*"btc" + 0.007*"get" + 0.007*"going" + 0.007*"fucking" + 0.006*"go" + 0.006*"money" + 0.005*"shit"
2018-08-28 06:03:46,516 : INFO : topic #2 (0.033): 0.021*"link" + 0.003*"buy" + 0.003*"im" + 0.003*"money" + 0.003*"it" + 0.002*"fucking" + 0.002*"going" + 0.002*"get" + 0.002*"wallet" + 0.002*"fuck"
2018-08-28 06:03:46,517 : INFO : topic #22 (0.033): 0.012*"tax" + 0.008*"monero" + 0.007*"gain" + 0.007*"like" + 0.007*"coin" + 0.007*"btc" + 0.007*"crypto" + 0.007*"make" + 0.006*"get" + 0.006*"pay"
2018-08-28 06:03:46,520 : INFO : topic diff=0.006678, rho=0.133631
2018-08-28 06:03:53,959 : INFO : -8.354 per-word bound, 327.3 perplexity estimate based on a held-out corpus of 2653 documents with 1868102 words
2018-08-28 06:03:53,959 : INFO : PROGRESS: pass 55, at document #2653/2653
2018-08-28 06:03:57,741 : INFO : topic #4 (0.033): 0.006*"like" + 0.005*"get" + 0.004*"want" + 0.004*"look" + 0.003*"really" + 0.003*"make" + 0.003*"im" + 0.003*"good" + 0.003*"one" + 0.003*"market"
2018-08-28 06:03:57,743 : INFO : topic #16 (0.033): 0.020*"card" + 0.007*"monaco" + 0.005*"visa" + 0.005*"mco" + 0.005*"tenx" + 0.004*"get" + 0.004*"pokemon" + 0.002*"program" + 0.002*"debit" + 0.002*"yugioh"
2018-08-28 06:03:57,745 : INFO : topic #19 (0.033): 0.152*"chancoin" + 0.038*"sage" + 0.015*"4chn" + 0.007*"coin" + 0.005*"discord" + 0.005*"tipping" + 0.004*"chan" + 0.003*"need" + 0.003*"name" + 0.003*"feature"
2018-08-28 06:03:57,747 : INFO : topic #29 (0.033): 0.006*"contract" + 0.005*"etherparty" + 0.004*"fuel" + 0.003*"smart" + 0.003*"a" + 0.003*"350m" + 0.002*"complement" + 0.002*"sent" + 0.002*"english" + 0.002*"in"
2018-08-28 06:03:57,748 : INFO : topic #5 (0.033): 0.013*"rcn" + 0.012*"credit" + 0.010*"token" + 0.007*"ha" + 0.007*"market" + 0.006*"loan" + 0.006*"platform" + 0.006*"application" + 0.005*"salt" + 0.005*"lending"
2018-08-28 06:03:57,751 : INFO : topic diff=0.006493, rho=0.132453
2018-08-28 06:04:05,139 : INFO : -8.354 per-word bound, 327.1 perplexity estimate based on a held-out corpus of 2653 documents with 1868102 words
2018-08-28 06:04:05,139 : INFO : PROGRESS: pass 56, at document #2653/2653
2018-08-28 06:04:09,032 : INFO : topic #20 (0.033): 0.010*"buy" + 0.009*"coin" + 0.009*"im" + 0.009*"get" + 0.008*"like" + 0.006*"going" + 0.006*"good" + 0.006*"one" + 0.006*"shit" + 0.005*"fucking"
2018-08-28 06:04:09,033 : INFO : topic #21 (0.033): 0.005*"snug" + 0.003*"sleep" + 0.003*"smug" + 0.002*"follower" + 0.002*"steroid" + 0.002*"gyno" + 0.002*"niche" + 0.002*"hashtags" + 0.001*"tit" + 0.001*"sim"
2018-08-28 06:04:09,035 : INFO : topic #17 (0.033): 0.007*"organ" + 0.005*"credit" + 0.005*"card" + 0.004*"neo" + 0.004*"score" + 0.002*"government" + 0.001*"attending" + 0.001*"ai" + 0.001*"prostitute" + 0.001*"deck"
2018-08-28 06:04:09,036 : INFO : topic #2 (0.033): 0.021*"link" + 0.003*"buy" + 0.003*"im" + 0.003*"money" + 0.002*"it" + 0.002*"fucking" + 0.002*"going" + 0.002*"net" + 0.002*"neutrality" + 0.002*"wallet"
2018-08-28 06:04:09,038 : INFO : topic #27 (0.033): 0.004*"board" + 0.004*"financial" + 0.003*"copper" + 0.003*"also" + 0.002*"_value" + 0.002*"bank" + 0.002*"u" + 0.002*"layer" + 0.002*"digital" + 0.002*"american"
2018-08-28 06:04:09,040 : INFO : topic diff=0.006319, rho=0.131306
2018-08-28 06:04:16,280 : INFO : -8.353 per-word bound, 327.0 perplexity estimate based on a held-out corpus of 2653 documents with 1868102 words
2018-08-28 06:04:16,281 : INFO : PROGRESS: pass 57, at document #2653/2653
2018-08-28 06:04:20,130 : INFO : topic #1 (0.033): 0.014*"trade" + 0.008*"forex" + 0.008*"trading" + 0.008*"market" + 0.007*"pip" + 0.006*"stock" + 0.006*"bot" + 0.006*"fund" + 0.006*"strategy" + 0.005*"index"
2018-08-28 06:04:20,132 : INFO : topic #13 (0.033): 0.018*"bat" + 0.006*"ad" + 0.006*"browser" + 0.006*"music" + 0.005*"brave" + 0.005*"youtube" + 0.005*"hair" + 0.003*"jew" + 0.003*"youtubers" + 0.002*"popular"
2018-08-28 06:04:20,134 : INFO : topic #0 (0.033): 0.086*"die" + 0.003*"luck" + 0.002*"hail" + 0.002*"mary" + 0.002*"morocco" + 0.002*"minister" + 0.002*"moroccan" + 0.001*"poland" + 0.001*"speed" + 0.001*"prayer"
2018-08-28 06:04:20,135 : INFO : topic #16 (0.033): 0.020*"card" + 0.007*"monaco" + 0.005*"visa" + 0.005*"mco" + 0.005*"tenx" + 0.004*"pokemon" + 0.004*"get" + 0.002*"program" + 0.002*"debit" + 0.002*"yugioh"
2018-08-28 06:04:20,136 : INFO : topic #12 (0.033): 0.015*"wallet" + 0.012*"use" + 0.011*"token" + 0.010*"contract" + 0.008*"data" + 0.008*"link" + 0.007*"smart" + 0.006*"would" + 0.006*"get" + 0.006*"like"
2018-08-28 06:04:20,138 : INFO : topic diff=0.006141, rho=0.130189
2018-08-28 06:04:27,529 : INFO : -8.353 per-word bound, 326.9 perplexity estimate based on a held-out corpus of 2653 documents with 1868102 words
2018-08-28 06:04:27,530 : INFO : PROGRESS: pass 58, at document #2653/2653
2018-08-28 06:04:31,363 : INFO : topic #23 (0.033): 0.019*"link" + 0.008*"linkies" + 0.008*"sergey" + 0.007*"linkie" + 0.007*"deranged" + 0.005*"one" + 0.005*"chainlink" + 0.005*"price" + 0.004*"steve" + 0.004*"time"
2018-08-28 06:04:31,364 : INFO : topic #15 (0.033): 0.049*"roll" + 0.025*"dub" + 0.020*"rolling" + 0.017*"trip" + 0.017*"op" + 0.013*"quad" + 0.012*"rollin" + 0.010*"reroll" + 0.009*"green" + 0.009*"get"
2018-08-28 06:04:31,365 : INFO : topic #1 (0.033): 0.014*"trade" + 0.008*"forex" + 0.008*"trading" + 0.008*"market" + 0.007*"pip" + 0.006*"stock" + 0.006*"bot" + 0.006*"fund" + 0.006*"strategy" + 0.005*"index"
2018-08-28 06:04:31,367 : INFO : topic #0 (0.033): 0.086*"die" + 0.003*"luck" + 0.002*"hail" + 0.002*"mary" + 0.002*"morocco" + 0.002*"minister" + 0.002*"moroccan" + 0.001*"poland" + 0.001*"speed" + 0.001*"prayer"
2018-08-28 06:04:31,368 : INFO : topic #25 (0.033): 0.024*"btc" + 0.020*"bitcoin" + 0.020*"bch" + 0.007*"people" + 0.006*"would" + 0.006*"like" + 0.006*"going" + 0.006*"transaction" + 0.005*"get" + 0.005*"time"
2018-08-28 06:04:31,371 : INFO : topic diff=0.005979, rho=0.129099
2018-08-28 06:04:38,731 : INFO : -8.352 per-word bound, 326.8 perplexity estimate based on a held-out corpus of 2653 documents with 1868102 words
2018-08-28 06:04:38,732 : INFO : PROGRESS: pass 59, at document #2653/2653
2018-08-28 06:04:42,550 : INFO : topic #2 (0.033): 0.020*"link" + 0.003*"buy" + 0.003*"im" + 0.002*"money" + 0.002*"it" + 0.002*"neutrality" + 0.002*"net" + 0.002*"fucking" + 0.002*"blink" + 0.002*"wallet"
2018-08-28 06:04:42,552 : INFO : topic #28 (0.033): 0.004*"op" + 0.002*"fucking" + 0.002*"wp" + 0.002*"wtc" + 0.002*"indian" + 0.002*"vechain" + 0.002*"ham" + 0.002*"established" + 0.002*"9m" + 0.001*"aspect"
2018-08-28 06:04:42,553 : INFO : topic #14 (0.033): 0.002*"elon" + 0.002*"romania" + 0.001*"truck" + 0.001*"btg" + 0.001*"hitbtc" + 0.001*"trucker" + 0.001*"nera" + 0.001*"parcel" + 0.001*"eu" + 0.001*"land"
2018-08-28 06:04:42,555 : INFO : topic #8 (0.033): 0.009*"sticker" + 0.009*"omisego" + 0.007*"skateboard" + 0.006*"yc" + 0.005*"every" + 0.005*"request" + 0.004*"apple" + 0.004*"aggression" + 0.004*"partnership" + 0.004*"even"
2018-08-28 06:04:42,556 : INFO : topic #16 (0.033): 0.020*"card" + 0.007*"monaco" + 0.005*"visa" + 0.005*"mco" + 0.005*"tenx" + 0.004*"pokemon" + 0.003*"get" + 0.002*"program" + 0.002*"debit" + 0.002*"yugioh"
2018-08-28 06:04:42,559 : INFO : topic diff=0.005825, rho=0.128037
2018-08-28 06:04:49,941 : INFO : -8.352 per-word bound, 326.7 perplexity estimate based on a held-out corpus of 2653 documents with 1868102 words
2018-08-28 06:04:49,942 : INFO : PROGRESS: pass 60, at document #2653/2653
2018-08-28 06:04:53,825 : INFO : topic #27 (0.033): 0.004*"board" + 0.004*"financial" + 0.003*"copper" + 0.003*"also" + 0.002*"_value" + 0.002*"bank" + 0.002*"u" + 0.002*"layer" + 0.002*"digital" + 0.002*"american"
2018-08-28 06:04:53,826 : INFO : topic #7 (0.033): 0.011*"get" + 0.010*"like" + 0.009*"money" + 0.008*"im" + 0.007*"make" + 0.007*"year" + 0.006*"people" + 0.006*"want" + 0.006*"would" + 0.005*"good"
2018-08-28 06:04:53,828 : INFO : topic #3 (0.033): 0.013*"buy" + 0.010*"neo" + 0.010*"sell" + 0.009*"going" + 0.009*"im" + 0.008*"get" + 0.008*"coin" + 0.007*"go" + 0.007*"back" + 0.007*"bought"
2018-08-28 06:04:53,830 : INFO : topic #0 (0.033): 0.086*"die" + 0.003*"luck" + 0.002*"hail" + 0.002*"mary" + 0.002*"morocco" + 0.002*"minister" + 0.002*"moroccan" + 0.001*"poland" + 0.001*"speed" + 0.001*"prayer"
2018-08-28 06:04:53,831 : INFO : topic #21 (0.033): 0.005*"snug" + 0.003*"sleep" + 0.003*"smug" + 0.002*"follower" + 0.002*"steroid" + 0.002*"gyno" + 0.002*"niche" + 0.002*"hashtags" + 0.001*"tit" + 0.001*"sim"
2018-08-28 06:04:53,834 : INFO : topic diff=0.005679, rho=0.127000
2018-08-28 06:05:01,134 : INFO : -8.351 per-word bound, 326.6 perplexity estimate based on a held-out corpus of 2653 documents with 1868102 words
2018-08-28 06:05:01,134 : INFO : PROGRESS: pass 61, at document #2653/2653
2018-08-28 06:05:04,963 : INFO : topic #20 (0.033): 0.010*"buy" + 0.009*"coin" + 0.009*"im" + 0.009*"get" + 0.008*"like" + 0.006*"going" + 0.006*"one" + 0.006*"good" + 0.006*"shit" + 0.005*"fucking"
2018-08-28 06:05:04,964 : INFO : topic #9 (0.033): 0.010*"child" + 0.009*"cp" + 0.008*"eth" + 0.007*"vitalik" + 0.007*"people" + 0.006*"he" + 0.006*"like" + 0.005*"fucking" + 0.004*"would" + 0.004*"know"
2018-08-28 06:05:04,965 : INFO : topic #29 (0.033): 0.006*"contract" + 0.005*"etherparty" + 0.004*"fuel" + 0.003*"a" + 0.003*"smart" + 0.003*"350m" + 0.002*"complement" + 0.002*"sent" + 0.002*"english" + 0.002*"in"
2018-08-28 06:05:04,966 : INFO : topic #3 (0.033): 0.013*"buy" + 0.010*"sell" + 0.010*"neo" + 0.009*"going" + 0.009*"im" + 0.008*"get" + 0.008*"coin" + 0.007*"go" + 0.007*"back" + 0.007*"bought"
2018-08-28 06:05:04,968 : INFO : topic #11 (0.033): 0.020*"link" + 0.010*"coin" + 0.008*"token" + 0.007*"project" + 0.007*"even" + 0.007*"like" + 0.006*"req" + 0.006*"team" + 0.005*"ico" + 0.005*"get"
2018-08-28 06:05:04,971 : INFO : topic diff=0.005535, rho=0.125988
2018-08-28 06:05:12,388 : INFO : -8.351 per-word bound, 326.5 perplexity estimate based on a held-out corpus of 2653 documents with 1868102 words
2018-08-28 06:05:12,388 : INFO : PROGRESS: pass 62, at document #2653/2653
2018-08-28 06:05:16,237 : INFO : topic #14 (0.033): 0.002*"elon" + 0.002*"romania" + 0.001*"truck" + 0.001*"btg" + 0.001*"hitbtc" + 0.001*"trucker" + 0.001*"nera" + 0.001*"parcel" + 0.001*"eu" + 0.001*"land"
2018-08-28 06:05:16,239 : INFO : topic #6 (0.033): 0.029*"tether" + 0.010*"bitfinex" + 0.007*"people" + 0.007*"usdt" + 0.007*"usd" + 0.007*"like" + 0.006*"fucking" + 0.006*"get" + 0.005*"money" + 0.005*"fuck"
2018-08-28 06:05:16,240 : INFO : topic #1 (0.033): 0.014*"trade" + 0.008*"forex" + 0.008*"trading" + 0.008*"market" + 0.007*"pip" + 0.006*"stock" + 0.006*"bot" + 0.006*"fund" + 0.006*"strategy" + 0.005*"index"
2018-08-28 06:05:16,242 : INFO : topic #4 (0.033): 0.005*"like" + 0.004*"get" + 0.004*"want" + 0.004*"look" + 0.003*"really" + 0.003*"resume" + 0.003*"make" + 0.003*"market" + 0.003*"good" + 0.003*"im"
2018-08-28 06:05:16,244 : INFO : topic #0 (0.033): 0.086*"die" + 0.003*"luck" + 0.002*"hail" + 0.002*"mary" + 0.002*"morocco" + 0.002*"minister" + 0.002*"moroccan" + 0.001*"poland" + 0.001*"speed" + 0.001*"prayer"
2018-08-28 06:05:16,246 : INFO : topic diff=0.005399, rho=0.125000
2018-08-28 06:05:23,579 : INFO : -8.351 per-word bound, 326.4 perplexity estimate based on a held-out corpus of 2653 documents with 1868102 words
2018-08-28 06:05:23,580 : INFO : PROGRESS: pass 63, at document #2653/2653
2018-08-28 06:05:27,436 : INFO : topic #7 (0.033): 0.011*"get" + 0.010*"like" + 0.009*"money" + 0.008*"im" + 0.007*"make" + 0.007*"year" + 0.006*"people" + 0.006*"want" + 0.006*"would" + 0.005*"good"
2018-08-28 06:05:27,437 : INFO : topic #29 (0.033): 0.005*"contract" + 0.005*"etherparty" + 0.004*"fuel" + 0.003*"a" + 0.003*"smart" + 0.003*"350m" + 0.002*"complement" + 0.002*"sent" + 0.002*"english" + 0.002*"in"
2018-08-28 06:05:27,439 : INFO : topic #2 (0.033): 0.019*"link" + 0.003*"buy" + 0.002*"im" + 0.002*"neutrality" + 0.002*"money" + 0.002*"it" + 0.002*"net" + 0.002*"blink" + 0.002*"anime" + 0.002*"op"
2018-08-28 06:05:27,440 : INFO : topic #9 (0.033): 0.010*"child" + 0.009*"cp" + 0.008*"eth" + 0.007*"vitalik" + 0.007*"people" + 0.006*"he" + 0.005*"like" + 0.005*"fucking" + 0.004*"would" + 0.004*"know"
2018-08-28 06:05:27,441 : INFO : topic #21 (0.033): 0.005*"snug" + 0.003*"sleep" + 0.003*"smug" + 0.002*"follower" + 0.002*"steroid" + 0.002*"gyno" + 0.002*"niche" + 0.002*"hashtags" + 0.001*"tit" + 0.001*"sim"
2018-08-28 06:05:27,443 : INFO : topic diff=0.005268, rho=0.124035
2018-08-28 06:05:34,753 : INFO : -8.350 per-word bound, 326.3 perplexity estimate based on a held-out corpus of 2653 documents with 1868102 words
2018-08-28 06:05:34,754 : INFO : PROGRESS: pass 64, at document #2653/2653
2018-08-28 06:05:38,620 : INFO : topic #7 (0.033): 0.011*"get" + 0.010*"like" + 0.009*"money" + 0.008*"im" + 0.007*"make" + 0.007*"year" + 0.006*"people" + 0.006*"want" + 0.006*"would" + 0.005*"good"
2018-08-28 06:05:38,621 : INFO : topic #6 (0.033): 0.030*"tether" + 0.010*"bitfinex" + 0.007*"usdt" + 0.007*"people" + 0.007*"usd" + 0.007*"like" + 0.006*"fucking" + 0.006*"get" + 0.005*"money" + 0.005*"fuck"
2018-08-28 06:05:38,623 : INFO : topic #4 (0.033): 0.005*"like" + 0.004*"get" + 0.004*"look" + 0.004*"want" + 0.003*"really" + 0.003*"resume" + 0.003*"market" + 0.003*"make" + 0.003*"good" + 0.003*"im"
2018-08-28 06:05:38,625 : INFO : topic #19 (0.033): 0.153*"chancoin" + 0.039*"sage" + 0.015*"4chn" + 0.007*"coin" + 0.005*"discord" + 0.005*"tipping" + 0.004*"chan" + 0.003*"name" + 0.003*"need" + 0.003*"feature"
2018-08-28 06:05:38,626 : INFO : topic #24 (0.033): 0.009*"buy" + 0.009*"like" + 0.008*"im" + 0.007*"btc" + 0.007*"get" + 0.007*"going" + 0.006*"fucking" + 0.006*"go" + 0.006*"money" + 0.005*"shit"
2018-08-28 06:05:38,629 : INFO : topic diff=0.005142, rho=0.123091
2018-08-28 06:05:45,987 : INFO : -8.350 per-word bound, 326.3 perplexity estimate based on a held-out corpus of 2653 documents with 1868102 words
2018-08-28 06:05:45,988 : INFO : PROGRESS: pass 65, at document #2653/2653
2018-08-28 06:05:49,813 : INFO : topic #1 (0.033): 0.014*"trade" + 0.008*"forex" + 0.008*"trading" + 0.008*"market" + 0.007*"pip" + 0.006*"bot" + 0.006*"stock" + 0.006*"fund" + 0.006*"strategy" + 0.005*"index"
2018-08-28 06:05:49,815 : INFO : topic #23 (0.033): 0.019*"link" + 0.009*"linkies" + 0.008*"sergey" + 0.007*"linkie" + 0.007*"deranged" + 0.005*"one" + 0.005*"chainlink" + 0.005*"price" + 0.005*"steve" + 0.004*"lost"
2018-08-28 06:05:49,817 : INFO : topic #27 (0.033): 0.004*"board" + 0.004*"financial" + 0.004*"copper" + 0.003*"also" + 0.002*"_value" + 0.002*"bank" + 0.002*"u" + 0.002*"layer" + 0.002*"digital" + 0.002*"american"
2018-08-28 06:05:49,818 : INFO : topic #18 (0.033): 0.010*"tell" + 0.009*"god" + 0.008*"oh" + 0.008*"please" + 0.004*"du" + 0.004*"germany" + 0.003*"ceo" + 0.003*"und" + 0.003*"ich" + 0.003*"nicht"
2018-08-28 06:05:49,819 : INFO : topic #0 (0.033): 0.086*"die" + 0.003*"luck" + 0.002*"hail" + 0.002*"mary" + 0.002*"morocco" + 0.002*"minister" + 0.002*"moroccan" + 0.001*"poland" + 0.001*"prayer" + 0.001*"speed"
2018-08-28 06:05:49,821 : INFO : topic diff=0.005022, rho=0.122169
2018-08-28 06:05:57,116 : INFO : -8.349 per-word bound, 326.2 perplexity estimate based on a held-out corpus of 2653 documents with 1868102 words
2018-08-28 06:05:57,116 : INFO : PROGRESS: pass 66, at document #2653/2653
2018-08-28 06:06:00,918 : INFO : topic #0 (0.033): 0.086*"die" + 0.003*"luck" + 0.002*"hail" + 0.002*"mary" + 0.002*"morocco" + 0.002*"minister" + 0.002*"moroccan" + 0.001*"poland" + 0.001*"prayer" + 0.001*"speed"
2018-08-28 06:06:00,919 : INFO : topic #2 (0.033): 0.019*"link" + 0.002*"buy" + 0.002*"neutrality" + 0.002*"net" + 0.002*"im" + 0.002*"blink" + 0.002*"it" + 0.002*"money" + 0.002*"anime" + 0.002*"op"
2018-08-28 06:06:00,921 : INFO : topic #27 (0.033): 0.004*"board" + 0.004*"financial" + 0.004*"copper" + 0.003*"also" + 0.002*"_value" + 0.002*"bank" + 0.002*"u" + 0.002*"layer" + 0.002*"digital" + 0.002*"american"
2018-08-28 06:06:00,922 : INFO : topic #10 (0.033): 0.047*"ark" + 0.009*"get" + 0.007*"wallet" + 0.006*"coin" + 0.006*"going" + 0.006*"im" + 0.005*"fucking" + 0.004*"deluded" + 0.004*"delegate" + 0.004*"arkies"
2018-08-28 06:06:00,923 : INFO : topic #25 (0.033): 0.024*"btc" + 0.020*"bitcoin" + 0.020*"bch" + 0.007*"people" + 0.006*"would" + 0.006*"like" + 0.006*"going" + 0.006*"transaction" + 0.005*"get" + 0.005*"time"
2018-08-28 06:06:00,926 : INFO : topic diff=0.004905, rho=0.121268
2018-08-28 06:06:08,256 : INFO : -8.349 per-word bound, 326.1 perplexity estimate based on a held-out corpus of 2653 documents with 1868102 words
2018-08-28 06:06:08,257 : INFO : PROGRESS: pass 67, at document #2653/2653
2018-08-28 06:06:12,095 : INFO : topic #24 (0.033): 0.009*"buy" + 0.009*"like" + 0.008*"im" + 0.007*"btc" + 0.007*"get" + 0.007*"going" + 0.006*"fucking" + 0.006*"go" + 0.006*"money" + 0.005*"shit"
2018-08-28 06:06:12,097 : INFO : topic #14 (0.033): 0.002*"elon" + 0.002*"romania" + 0.001*"truck" + 0.001*"btg" + 0.001*"hitbtc" + 0.001*"nera" + 0.001*"trucker" + 0.001*"parcel" + 0.001*"eu" + 0.001*"land"
2018-08-28 06:06:12,098 : INFO : topic #15 (0.033): 0.050*"roll" + 0.025*"dub" + 0.020*"rolling" + 0.017*"trip" + 0.016*"op" + 0.013*"quad" + 0.012*"rollin" + 0.010*"reroll" + 0.009*"green" + 0.009*"get"
2018-08-28 06:06:12,099 : INFO : topic #12 (0.033): 0.015*"wallet" + 0.012*"use" + 0.011*"token" + 0.010*"contract" + 0.009*"data" + 0.007*"smart" + 0.007*"link" + 0.006*"would" + 0.006*"get" + 0.006*"address"
2018-08-28 06:06:12,100 : INFO : topic #25 (0.033): 0.024*"btc" + 0.020*"bitcoin" + 0.020*"bch" + 0.007*"people" + 0.006*"would" + 0.006*"like" + 0.006*"going" + 0.006*"transaction" + 0.005*"get" + 0.005*"time"
2018-08-28 06:06:12,102 : INFO : topic diff=0.004790, rho=0.120386
2018-08-28 06:06:19,384 : INFO : -8.349 per-word bound, 326.0 perplexity estimate based on a held-out corpus of 2653 documents with 1868102 words
2018-08-28 06:06:19,384 : INFO : PROGRESS: pass 68, at document #2653/2653
2018-08-28 06:06:23,249 : INFO : topic #15 (0.033): 0.050*"roll" + 0.025*"dub" + 0.020*"rolling" + 0.017*"trip" + 0.016*"op" + 0.013*"quad" + 0.012*"rollin" + 0.010*"reroll" + 0.009*"green" + 0.009*"please"
2018-08-28 06:06:23,251 : INFO : topic #24 (0.033): 0.009*"buy" + 0.009*"like" + 0.008*"im" + 0.007*"btc" + 0.007*"get" + 0.007*"going" + 0.006*"fucking" + 0.006*"go" + 0.006*"money" + 0.005*"shit"
2018-08-28 06:06:23,253 : INFO : topic #3 (0.033): 0.013*"buy" + 0.010*"sell" + 0.010*"neo" + 0.009*"going" + 0.009*"im" + 0.008*"get" + 0.008*"coin" + 0.008*"go" + 0.008*"back" + 0.007*"bought"
2018-08-28 06:06:23,254 : INFO : topic #25 (0.033): 0.024*"btc" + 0.020*"bitcoin" + 0.020*"bch" + 0.007*"people" + 0.006*"would" + 0.006*"like" + 0.006*"going" + 0.006*"transaction" + 0.005*"get" + 0.005*"time"
2018-08-28 06:06:23,255 : INFO : topic #9 (0.033): 0.010*"child" + 0.009*"cp" + 0.009*"eth" + 0.007*"vitalik" + 0.007*"people" + 0.006*"he" + 0.005*"fucking" + 0.005*"like" + 0.004*"would" + 0.004*"know"
2018-08-28 06:06:23,257 : INFO : topic diff=0.004688, rho=0.119523
2018-08-28 06:06:30,370 : INFO : -8.348 per-word bound, 325.9 perplexity estimate based on a held-out corpus of 2653 documents with 1868102 words
2018-08-28 06:06:30,371 : INFO : PROGRESS: pass 69, at document #2653/2653
2018-08-28 06:06:34,194 : INFO : topic #27 (0.033): 0.004*"board" + 0.004*"financial" + 0.004*"copper" + 0.002*"also" + 0.002*"_value" + 0.002*"bank" + 0.002*"u" + 0.002*"layer" + 0.002*"digital" + 0.002*"american"
2018-08-28 06:06:34,195 : INFO : topic #10 (0.033): 0.047*"ark" + 0.009*"get" + 0.007*"wallet" + 0.006*"coin" + 0.006*"going" + 0.006*"im" + 0.005*"fucking" + 0.004*"deluded" + 0.004*"delegate" + 0.004*"arkies"
2018-08-28 06:06:34,196 : INFO : topic #2 (0.033): 0.018*"link" + 0.002*"neutrality" + 0.002*"net" + 0.002*"buy" + 0.002*"blink" + 0.002*"anime" + 0.002*"im" + 0.002*"it" + 0.002*"op" + 0.002*"money"
2018-08-28 06:06:34,198 : INFO : topic #18 (0.033): 0.010*"tell" + 0.009*"god" + 0.008*"oh" + 0.008*"please" + 0.004*"du" + 0.004*"germany" + 0.003*"ceo" + 0.003*"und" + 0.003*"ich" + 0.003*"nicht"
2018-08-28 06:06:34,200 : INFO : topic #8 (0.033): 0.009*"sticker" + 0.009*"omisego" + 0.007*"skateboard" + 0.006*"yc" + 0.005*"every" + 0.005*"request" + 0.004*"apple" + 0.004*"aggression" + 0.004*"partnership" + 0.004*"even"
2018-08-28 06:06:34,202 : INFO : topic diff=0.004584, rho=0.118678
2018-08-28 06:06:41,533 : INFO : -8.348 per-word bound, 325.8 perplexity estimate based on a held-out corpus of 2653 documents with 1868102 words
2018-08-28 06:06:41,533 : INFO : PROGRESS: pass 70, at document #2653/2653
2018-08-28 06:06:45,367 : INFO : topic #7 (0.033): 0.011*"get" + 0.010*"like" + 0.009*"money" + 0.008*"im" + 0.008*"make" + 0.007*"year" + 0.006*"people" + 0.006*"want" + 0.006*"would" + 0.005*"good"
2018-08-28 06:06:45,369 : INFO : topic #24 (0.033): 0.009*"buy" + 0.009*"like" + 0.008*"im" + 0.007*"btc" + 0.007*"get" + 0.007*"going" + 0.006*"fucking" + 0.006*"go" + 0.006*"money" + 0.005*"shit"
2018-08-28 06:06:45,370 : INFO : topic #9 (0.033): 0.010*"child" + 0.009*"cp" + 0.009*"eth" + 0.007*"vitalik" + 0.007*"people" + 0.007*"he" + 0.005*"fucking" + 0.005*"like" + 0.004*"would" + 0.004*"know"
2018-08-28 06:06:45,371 : INFO : topic #14 (0.033): 0.002*"elon" + 0.002*"romania" + 0.001*"truck" + 0.001*"btg" + 0.001*"hitbtc" + 0.001*"trucker" + 0.001*"nera" + 0.001*"parcel" + 0.001*"eu" + 0.001*"land"
2018-08-28 06:06:45,373 : INFO : topic #21 (0.033): 0.005*"snug" + 0.003*"sleep" + 0.003*"smug" + 0.002*"follower" + 0.002*"steroid" + 0.002*"gyno" + 0.002*"niche" + 0.002*"hashtags" + 0.001*"tit" + 0.001*"sim"
2018-08-28 06:06:45,375 : INFO : topic diff=0.004485, rho=0.117851
2018-08-28 06:06:52,681 : INFO : -8.348 per-word bound, 325.8 perplexity estimate based on a held-out corpus of 2653 documents with 1868102 words
2018-08-28 06:06:52,682 : INFO : PROGRESS: pass 71, at document #2653/2653
2018-08-28 06:06:56,530 : INFO : topic #24 (0.033): 0.009*"buy" + 0.009*"like" + 0.008*"im" + 0.007*"btc" + 0.007*"get" + 0.007*"going" + 0.006*"fucking" + 0.006*"go" + 0.006*"money" + 0.005*"shit"
2018-08-28 06:06:56,532 : INFO : topic #19 (0.033): 0.154*"chancoin" + 0.039*"sage" + 0.016*"4chn" + 0.007*"coin" + 0.006*"discord" + 0.005*"tipping" + 0.004*"chan" + 0.003*"name" + 0.003*"feature" + 0.003*"wallet"
2018-08-28 06:06:56,534 : INFO : topic #25 (0.033): 0.024*"btc" + 0.020*"bitcoin" + 0.020*"bch" + 0.007*"people" + 0.006*"would" + 0.006*"like" + 0.006*"going" + 0.006*"transaction" + 0.005*"get" + 0.005*"time"
2018-08-28 06:06:56,535 : INFO : topic #20 (0.033): 0.010*"buy" + 0.009*"coin" + 0.009*"im" + 0.009*"get" + 0.008*"like" + 0.006*"going" + 0.006*"one" + 0.006*"shit" + 0.006*"good" + 0.005*"fucking"
2018-08-28 06:06:56,537 : INFO : topic #17 (0.033): 0.008*"organ" + 0.005*"credit" + 0.004*"card" + 0.004*"score" + 0.002*"neo" + 0.001*"attending" + 0.001*"ai" + 0.001*"prostitute" + 0.001*"deck" + 0.001*"std"
2018-08-28 06:06:56,539 : INFO : topic diff=0.004384, rho=0.117041
2018-08-28 06:07:03,697 : INFO : -8.347 per-word bound, 325.7 perplexity estimate based on a held-out corpus of 2653 documents with 1868102 words
2018-08-28 06:07:03,697 : INFO : PROGRESS: pass 72, at document #2653/2653
2018-08-28 06:07:07,552 : INFO : topic #23 (0.033): 0.018*"link" + 0.009*"linkies" + 0.008*"sergey" + 0.007*"linkie" + 0.007*"deranged" + 0.005*"one" + 0.005*"chainlink" + 0.005*"price" + 0.005*"steve" + 0.004*"lost"
2018-08-28 06:07:07,553 : INFO : topic #15 (0.033): 0.050*"roll" + 0.025*"dub" + 0.020*"rolling" + 0.017*"trip" + 0.016*"op" + 0.013*"quad" + 0.012*"rollin" + 0.010*"reroll" + 0.010*"green" + 0.009*"please"
2018-08-28 06:07:07,555 : INFO : topic #3 (0.033): 0.013*"buy" + 0.010*"sell" + 0.010*"going" + 0.009*"neo" + 0.009*"im" + 0.008*"get" + 0.008*"coin" + 0.008*"go" + 0.008*"back" + 0.007*"bought"
2018-08-28 06:07:07,556 : INFO : topic #14 (0.033): 0.002*"elon" + 0.002*"romania" + 0.001*"truck" + 0.001*"btg" + 0.001*"hitbtc" + 0.001*"trucker" + 0.001*"nera" + 0.001*"parcel" + 0.001*"eu" + 0.001*"land"
2018-08-28 06:07:07,557 : INFO : topic #28 (0.033): 0.003*"op" + 0.002*"wp" + 0.002*"wtc" + 0.002*"indian" + 0.002*"vechain" + 0.002*"fucking" + 0.002*"ham" + 0.002*"established" + 0.002*"9m" + 0.001*"aspect"
2018-08-28 06:07:07,559 : INFO : topic diff=0.004290, rho=0.116248
2018-08-28 06:07:14,867 : INFO : -8.347 per-word bound, 325.6 perplexity estimate based on a held-out corpus of 2653 documents with 1868102 words
2018-08-28 06:07:14,868 : INFO : PROGRESS: pass 73, at document #2653/2653
2018-08-28 06:07:18,699 : INFO : topic #22 (0.033): 0.014*"tax" + 0.009*"monero" + 0.008*"gain" + 0.007*"crypto" + 0.007*"like" + 0.007*"btc" + 0.007*"coin" + 0.006*"pay" + 0.006*"make" + 0.006*"trade"
2018-08-28 06:07:18,701 : INFO : topic #17 (0.033): 0.008*"organ" + 0.005*"credit" + 0.004*"card" + 0.004*"score" + 0.002*"neo" + 0.001*"attending" + 0.001*"ai" + 0.001*"prostitute" + 0.001*"deck" + 0.001*"std"
2018-08-28 06:07:18,702 : INFO : topic #23 (0.033): 0.018*"link" + 0.009*"linkies" + 0.008*"sergey" + 0.007*"linkie" + 0.007*"deranged" + 0.005*"one" + 0.005*"chainlink" + 0.005*"price" + 0.005*"steve" + 0.004*"lost"
2018-08-28 06:07:18,704 : INFO : topic #24 (0.033): 0.009*"buy" + 0.009*"like" + 0.008*"im" + 0.007*"btc" + 0.007*"get" + 0.007*"going" + 0.006*"fucking" + 0.006*"go" + 0.006*"money" + 0.005*"shit"
2018-08-28 06:07:18,705 : INFO : topic #26 (0.033): 0.004*"wabi" + 0.003*"que" + 0.002*"walimai" + 0.002*"homosexuality" + 0.002*"trans" + 0.002*"lisk" + 0.001*"de" + 0.001*"gender" + 0.001*"delusion" + 0.001*"em"
2018-08-28 06:07:18,708 : INFO : topic diff=0.004200, rho=0.115470
2018-08-28 06:07:26,012 : INFO : -8.347 per-word bound, 325.6 perplexity estimate based on a held-out corpus of 2653 documents with 1868102 words
2018-08-28 06:07:26,013 : INFO : PROGRESS: pass 74, at document #2653/2653
2018-08-28 06:07:29,829 : INFO : topic #22 (0.033): 0.014*"tax" + 0.009*"monero" + 0.008*"gain" + 0.007*"crypto" + 0.007*"like" + 0.007*"btc" + 0.007*"coin" + 0.006*"pay" + 0.006*"make" + 0.006*"trade"
2018-08-28 06:07:29,831 : INFO : topic #25 (0.033): 0.024*"btc" + 0.020*"bitcoin" + 0.020*"bch" + 0.007*"people" + 0.006*"would" + 0.006*"like" + 0.006*"going" + 0.006*"transaction" + 0.005*"get" + 0.005*"time"
2018-08-28 06:07:29,832 : INFO : topic #26 (0.033): 0.004*"wabi" + 0.003*"que" + 0.002*"walimai" + 0.002*"homosexuality" + 0.002*"trans" + 0.002*"lisk" + 0.001*"de" + 0.001*"gender" + 0.001*"delusion" + 0.001*"em"
2018-08-28 06:07:29,834 : INFO : topic #11 (0.033): 0.020*"link" + 0.011*"coin" + 0.008*"token" + 0.007*"project" + 0.007*"even" + 0.007*"like" + 0.006*"req" + 0.006*"team" + 0.005*"ico" + 0.005*"get"
2018-08-28 06:07:29,835 : INFO : topic #7 (0.033): 0.011*"get" + 0.010*"like" + 0.009*"money" + 0.008*"im" + 0.008*"make" + 0.007*"year" + 0.006*"people" + 0.006*"want" + 0.006*"would" + 0.005*"good"
2018-08-28 06:07:29,838 : INFO : topic diff=0.004114, rho=0.114708
2018-08-28 06:07:37,213 : INFO : -8.346 per-word bound, 325.5 perplexity estimate based on a held-out corpus of 2653 documents with 1868102 words
2018-08-28 06:07:37,213 : INFO : PROGRESS: pass 75, at document #2653/2653
2018-08-28 06:07:41,090 : INFO : topic #19 (0.033): 0.154*"chancoin" + 0.039*"sage" + 0.016*"4chn" + 0.007*"coin" + 0.006*"discord" + 0.005*"tipping" + 0.004*"chan" + 0.003*"name" + 0.003*"wallet" + 0.003*"feature"
2018-08-28 06:07:41,092 : INFO : topic #11 (0.033): 0.020*"link" + 0.011*"coin" + 0.008*"token" + 0.007*"project" + 0.007*"even" + 0.007*"like" + 0.006*"req" + 0.006*"team" + 0.005*"ico" + 0.005*"get"
2018-08-28 06:07:41,094 : INFO : topic #20 (0.033): 0.010*"buy" + 0.009*"coin" + 0.009*"im" + 0.009*"get" + 0.008*"like" + 0.006*"one" + 0.006*"going" + 0.006*"shit" + 0.006*"good" + 0.005*"fucking"
2018-08-28 06:07:41,095 : INFO : topic #6 (0.033): 0.031*"tether" + 0.011*"bitfinex" + 0.008*"usdt" + 0.007*"usd" + 0.007*"people" + 0.006*"fucking" + 0.006*"like" + 0.006*"get" + 0.005*"exchange" + 0.005*"money"
2018-08-28 06:07:41,097 : INFO : topic #8 (0.033): 0.009*"sticker" + 0.009*"omisego" + 0.007*"skateboard" + 0.006*"yc" + 0.005*"every" + 0.005*"request" + 0.004*"apple" + 0.004*"aggression" + 0.004*"partnership" + 0.004*"even"
2018-08-28 06:07:41,100 : INFO : topic diff=0.004032, rho=0.113961
2018-08-28 06:07:48,435 : INFO : -8.346 per-word bound, 325.4 perplexity estimate based on a held-out corpus of 2653 documents with 1868102 words
2018-08-28 06:07:48,435 : INFO : PROGRESS: pass 76, at document #2653/2653
2018-08-28 06:07:52,277 : INFO : topic #13 (0.033): 0.018*"bat" + 0.007*"ad" + 0.006*"browser" + 0.006*"music" + 0.005*"brave" + 0.005*"youtube" + 0.005*"hair" + 0.003*"youtubers" + 0.003*"jew" + 0.002*"popular"
2018-08-28 06:07:52,278 : INFO : topic #22 (0.033): 0.014*"tax" + 0.009*"monero" + 0.008*"gain" + 0.007*"crypto" + 0.007*"like" + 0.007*"btc" + 0.007*"coin" + 0.007*"pay" + 0.006*"make" + 0.006*"trade"
2018-08-28 06:07:52,279 : INFO : topic #28 (0.033): 0.003*"op" + 0.002*"wp" + 0.002*"wtc" + 0.002*"indian" + 0.002*"vechain" + 0.002*"ham" + 0.002*"9m" + 0.002*"established" + 0.001*"aspect" + 0.001*"fucking"
2018-08-28 06:07:52,281 : INFO : topic #0 (0.033): 0.086*"die" + 0.002*"hail" + 0.002*"luck" + 0.002*"mary" + 0.002*"morocco" + 0.002*"minister" + 0.002*"moroccan" + 0.001*"poland" + 0.001*"prayer" + 0.001*"speed"
2018-08-28 06:07:52,282 : INFO : topic #16 (0.033): 0.020*"card" + 0.007*"monaco" + 0.006*"visa" + 0.005*"mco" + 0.005*"tenx" + 0.004*"pokemon" + 0.002*"program" + 0.002*"debit" + 0.002*"get" + 0.002*"yugioh"
2018-08-28 06:07:52,284 : INFO : topic diff=0.003954, rho=0.113228
2018-08-28 06:08:00,130 : INFO : -8.346 per-word bound, 325.4 perplexity estimate based on a held-out corpus of 2653 documents with 1868102 words
2018-08-28 06:08:00,132 : INFO : PROGRESS: pass 77, at document #2653/2653
2018-08-28 06:08:03,951 : INFO : topic #29 (0.033): 0.005*"contract" + 0.005*"etherparty" + 0.004*"fuel" + 0.003*"a" + 0.003*"350m" + 0.003*"complement" + 0.002*"sent" + 0.002*"english" + 0.002*"in" + 0.002*"vanbex"
2018-08-28 06:08:03,953 : INFO : topic #21 (0.033): 0.006*"snug" + 0.003*"sleep" + 0.003*"smug" + 0.002*"follower" + 0.002*"steroid" + 0.002*"gyno" + 0.002*"niche" + 0.002*"hashtags" + 0.001*"tit" + 0.001*"sim"
2018-08-28 06:08:03,955 : INFO : topic #7 (0.033): 0.011*"get" + 0.010*"like" + 0.009*"money" + 0.008*"im" + 0.008*"make" + 0.007*"year" + 0.006*"people" + 0.006*"want" + 0.006*"would" + 0.005*"good"
2018-08-28 06:08:03,956 : INFO : topic #27 (0.033): 0.004*"board" + 0.004*"financial" + 0.004*"copper" + 0.002*"also" + 0.002*"_value" + 0.002*"bank" + 0.002*"u" + 0.002*"layer" + 0.002*"digital" + 0.002*"american"
2018-08-28 06:08:03,958 : INFO : topic #19 (0.033): 0.155*"chancoin" + 0.039*"sage" + 0.016*"4chn" + 0.007*"coin" + 0.006*"discord" + 0.005*"tipping" + 0.004*"chan" + 0.003*"name" + 0.003*"wallet" + 0.003*"feature"
2018-08-28 06:08:03,960 : INFO : topic diff=0.003880, rho=0.112509
2018-08-28 06:08:11,225 : INFO : -8.346 per-word bound, 325.3 perplexity estimate based on a held-out corpus of 2653 documents with 1868102 words
2018-08-28 06:08:11,226 : INFO : PROGRESS: pass 78, at document #2653/2653
2018-08-28 06:08:15,132 : INFO : topic #21 (0.033): 0.006*"snug" + 0.003*"sleep" + 0.003*"smug" + 0.002*"follower" + 0.002*"steroid" + 0.002*"gyno" + 0.002*"niche" + 0.002*"hashtags" + 0.001*"tit" + 0.001*"sim"
2018-08-28 06:08:15,133 : INFO : topic #6 (0.033): 0.032*"tether" + 0.011*"bitfinex" + 0.008*"usdt" + 0.008*"usd" + 0.007*"people" + 0.006*"fucking" + 0.006*"like" + 0.006*"exchange" + 0.006*"get" + 0.005*"money"
2018-08-28 06:08:15,135 : INFO : topic #19 (0.033): 0.155*"chancoin" + 0.039*"sage" + 0.016*"4chn" + 0.007*"coin" + 0.006*"discord" + 0.005*"tipping" + 0.004*"chan" + 0.003*"name" + 0.003*"wallet" + 0.003*"feature"
2018-08-28 06:08:15,137 : INFO : topic #18 (0.033): 0.010*"tell" + 0.009*"god" + 0.009*"oh" + 0.008*"please" + 0.004*"du" + 0.004*"germany" + 0.003*"ceo" + 0.003*"und" + 0.003*"ich" + 0.003*"nicht"
2018-08-28 06:08:15,138 : INFO : topic #0 (0.033): 0.086*"die" + 0.002*"hail" + 0.002*"luck" + 0.002*"mary" + 0.002*"morocco" + 0.002*"minister" + 0.002*"moroccan" + 0.001*"poland" + 0.001*"prayer" + 0.001*"speed"
2018-08-28 06:08:15,140 : INFO : topic diff=0.003805, rho=0.111803
2018-08-28 06:08:22,538 : INFO : -8.345 per-word bound, 325.2 perplexity estimate based on a held-out corpus of 2653 documents with 1868102 words
2018-08-28 06:08:22,539 : INFO : PROGRESS: pass 79, at document #2653/2653
2018-08-28 06:08:26,408 : INFO : topic #5 (0.033): 0.013*"rcn" + 0.013*"credit" + 0.010*"token" + 0.009*"salt" + 0.008*"loan" + 0.007*"ha" + 0.007*"platform" + 0.006*"market" + 0.006*"application" + 0.005*"lending"
2018-08-28 06:08:26,409 : INFO : topic #19 (0.033): 0.155*"chancoin" + 0.039*"sage" + 0.016*"4chn" + 0.007*"coin" + 0.006*"discord" + 0.005*"tipping" + 0.004*"chan" + 0.003*"name" + 0.003*"wallet" + 0.003*"feature"
2018-08-28 06:08:26,411 : INFO : topic #4 (0.033): 0.005*"like" + 0.004*"look" + 0.003*"want" + 0.003*"get" + 0.003*"resume" + 0.003*"really" + 0.003*"market" + 0.002*"good" + 0.002*"make" + 0.002*"one"
2018-08-28 06:08:26,411 : INFO : topic #9 (0.033): 0.011*"child" + 0.009*"cp" + 0.009*"eth" + 0.008*"vitalik" + 0.007*"people" + 0.007*"he" + 0.005*"fucking" + 0.005*"like" + 0.004*"would" + 0.004*"know"
2018-08-28 06:08:26,412 : INFO : topic #3 (0.033): 0.013*"buy" + 0.010*"sell" + 0.010*"going" + 0.009*"neo" + 0.009*"im" + 0.008*"get" + 0.008*"coin" + 0.008*"go" + 0.008*"back" + 0.007*"bought"
2018-08-28 06:08:26,415 : INFO : topic diff=0.003731, rho=0.111111
2018-08-28 06:08:33,721 : INFO : -8.345 per-word bound, 325.2 perplexity estimate based on a held-out corpus of 2653 documents with 1868102 words
2018-08-28 06:08:33,721 : INFO : PROGRESS: pass 80, at document #2653/2653
2018-08-28 06:08:37,544 : INFO : topic #3 (0.033): 0.013*"buy" + 0.010*"sell" + 0.010*"going" + 0.009*"neo" + 0.009*"im" + 0.008*"get" + 0.008*"coin" + 0.008*"go" + 0.008*"back" + 0.007*"bought"
2018-08-28 06:08:37,545 : INFO : topic #8 (0.033): 0.009*"sticker" + 0.009*"omisego" + 0.007*"skateboard" + 0.007*"yc" + 0.005*"request" + 0.005*"every" + 0.004*"apple" + 0.004*"aggression" + 0.004*"partnership" + 0.004*"even"
2018-08-28 06:08:37,546 : INFO : topic #12 (0.033): 0.016*"wallet" + 0.012*"use" + 0.011*"contract" + 0.010*"token" + 0.009*"data" + 0.007*"smart" + 0.006*"would" + 0.006*"address" + 0.006*"get" + 0.006*"link"
2018-08-28 06:08:37,548 : INFO : topic #0 (0.033): 0.086*"die" + 0.002*"hail" + 0.002*"luck" + 0.002*"mary" + 0.002*"morocco" + 0.002*"minister" + 0.002*"moroccan" + 0.001*"poland" + 0.001*"prayer" + 0.001*"speed"
2018-08-28 06:08:37,549 : INFO : topic #2 (0.033): 0.016*"link" + 0.003*"neutrality" + 0.002*"net" + 0.002*"blink" + 0.002*"anime" + 0.002*"isps" + 0.002*"internet" + 0.002*"minereum" + 0.002*"op" + 0.002*"salt"
2018-08-28 06:08:37,552 : INFO : topic diff=0.003661, rho=0.110432
2018-08-28 06:08:44,698 : INFO : -8.345 per-word bound, 325.1 perplexity estimate based on a held-out corpus of 2653 documents with 1868102 words
2018-08-28 06:08:44,698 : INFO : PROGRESS: pass 81, at document #2653/2653
2018-08-28 06:08:48,536 : INFO : topic #1 (0.033): 0.015*"trade" + 0.009*"forex" + 0.008*"trading" + 0.008*"market" + 0.008*"pip" + 0.007*"bot" + 0.006*"strategy" + 0.006*"stock" + 0.006*"fund" + 0.006*"index"
2018-08-28 06:08:48,538 : INFO : topic #16 (0.033): 0.020*"card" + 0.007*"monaco" + 0.006*"visa" + 0.005*"mco" + 0.005*"tenx" + 0.004*"pokemon" + 0.002*"program" + 0.002*"debit" + 0.002*"yugioh" + 0.002*"prepaid"
2018-08-28 06:08:48,539 : INFO : topic #10 (0.033): 0.049*"ark" + 0.009*"get" + 0.007*"wallet" + 0.006*"coin" + 0.006*"going" + 0.005*"im" + 0.004*"fucking" + 0.004*"deluded" + 0.004*"delegate" + 0.004*"arkies"
2018-08-28 06:08:48,541 : INFO : topic #3 (0.033): 0.013*"buy" + 0.010*"sell" + 0.010*"going" + 0.009*"neo" + 0.009*"im" + 0.008*"get" + 0.008*"coin" + 0.008*"go" + 0.008*"back" + 0.007*"bought"
2018-08-28 06:08:48,542 : INFO : topic #2 (0.033): 0.016*"link" + 0.003*"neutrality" + 0.002*"net" + 0.002*"blink" + 0.002*"anime" + 0.002*"isps" + 0.002*"internet" + 0.002*"minereum" + 0.002*"op" + 0.002*"salt"
2018-08-28 06:08:48,545 : INFO : topic diff=0.003592, rho=0.109764
2018-08-28 06:08:55,930 : INFO : -8.344 per-word bound, 325.0 perplexity estimate based on a held-out corpus of 2653 documents with 1868102 words
2018-08-28 06:08:55,930 : INFO : PROGRESS: pass 82, at document #2653/2653
2018-08-28 06:08:59,743 : INFO : topic #15 (0.033): 0.050*"roll" + 0.025*"dub" + 0.021*"rolling" + 0.018*"trip" + 0.015*"op" + 0.013*"quad" + 0.012*"rollin" + 0.010*"reroll" + 0.010*"green" + 0.009*"please"
2018-08-28 06:08:59,744 : INFO : topic #18 (0.033): 0.010*"tell" + 0.009*"god" + 0.009*"oh" + 0.008*"please" + 0.004*"du" + 0.004*"germany" + 0.003*"ceo" + 0.003*"und" + 0.003*"ich" + 0.003*"nicht"
2018-08-28 06:08:59,746 : INFO : topic #8 (0.033): 0.009*"sticker" + 0.009*"omisego" + 0.007*"skateboard" + 0.007*"yc" + 0.005*"request" + 0.005*"every" + 0.004*"apple" + 0.004*"aggression" + 0.004*"partnership" + 0.004*"even"
2018-08-28 06:08:59,747 : INFO : topic #12 (0.033): 0.016*"wallet" + 0.012*"use" + 0.011*"contract" + 0.010*"token" + 0.009*"data" + 0.007*"smart" + 0.006*"address" + 0.006*"would" + 0.006*"get" + 0.006*"link"
2018-08-28 06:08:59,748 : INFO : topic #2 (0.033): 0.016*"link" + 0.003*"neutrality" + 0.002*"net" + 0.002*"blink" + 0.002*"anime" + 0.002*"isps" + 0.002*"internet" + 0.002*"minereum" + 0.002*"op" + 0.002*"salt"
2018-08-28 06:08:59,750 : INFO : topic diff=0.003527, rho=0.109109
2018-08-28 06:09:07,128 : INFO : -8.344 per-word bound, 325.0 perplexity estimate based on a held-out corpus of 2653 documents with 1868102 words
2018-08-28 06:09:07,128 : INFO : PROGRESS: pass 83, at document #2653/2653
2018-08-28 06:09:10,965 : INFO : topic #3 (0.033): 0.013*"buy" + 0.010*"sell" + 0.010*"going" + 0.009*"neo" + 0.009*"im" + 0.009*"get" + 0.008*"coin" + 0.008*"go" + 0.008*"back" + 0.007*"bought"
2018-08-28 06:09:10,967 : INFO : topic #24 (0.033): 0.009*"like" + 0.009*"buy" + 0.008*"im" + 0.007*"btc" + 0.007*"get" + 0.007*"going" + 0.006*"fucking" + 0.006*"go" + 0.006*"money" + 0.005*"shit"
2018-08-28 06:09:10,968 : INFO : topic #14 (0.033): 0.002*"elon" + 0.002*"romania" + 0.001*"btg" + 0.001*"truck" + 0.001*"hitbtc" + 0.001*"trucker" + 0.001*"nera" + 0.001*"parcel" + 0.001*"eu" + 0.001*"land"
2018-08-28 06:09:10,969 : INFO : topic #12 (0.033): 0.016*"wallet" + 0.012*"use" + 0.011*"contract" + 0.010*"token" + 0.009*"data" + 0.007*"smart" + 0.006*"address" + 0.006*"would" + 0.006*"get" + 0.006*"link"
2018-08-28 06:09:10,971 : INFO : topic #5 (0.033): 0.013*"rcn" + 0.013*"credit" + 0.010*"salt" + 0.010*"token" + 0.008*"loan" + 0.007*"ha" + 0.007*"platform" + 0.006*"market" + 0.006*"application" + 0.005*"lending"
2018-08-28 06:09:10,974 : INFO : topic diff=0.003463, rho=0.108465
2018-08-28 06:09:18,320 : INFO : -8.344 per-word bound, 324.9 perplexity estimate based on a held-out corpus of 2653 documents with 1868102 words
2018-08-28 06:09:18,321 : INFO : PROGRESS: pass 84, at document #2653/2653
2018-08-28 06:09:22,161 : INFO : topic #22 (0.033): 0.014*"tax" + 0.009*"monero" + 0.008*"gain" + 0.007*"crypto" + 0.007*"like" + 0.007*"pay" + 0.007*"btc" + 0.007*"coin" + 0.006*"trade" + 0.006*"make"
2018-08-28 06:09:22,162 : INFO : topic #24 (0.033): 0.009*"like" + 0.009*"buy" + 0.008*"im" + 0.007*"btc" + 0.007*"get" + 0.007*"going" + 0.006*"fucking" + 0.006*"go" + 0.006*"money" + 0.005*"shit"
2018-08-28 06:09:22,164 : INFO : topic #14 (0.033): 0.002*"elon" + 0.002*"romania" + 0.001*"btg" + 0.001*"truck" + 0.001*"hitbtc" + 0.001*"trucker" + 0.001*"nera" + 0.001*"parcel" + 0.001*"eu" + 0.001*"land"
2018-08-28 06:09:22,165 : INFO : topic #3 (0.033): 0.013*"buy" + 0.010*"sell" + 0.010*"going" + 0.009*"im" + 0.009*"neo" + 0.009*"get" + 0.008*"coin" + 0.008*"go" + 0.008*"back" + 0.007*"bought"
2018-08-28 06:09:22,166 : INFO : topic #0 (0.033): 0.086*"die" + 0.002*"hail" + 0.002*"luck" + 0.002*"mary" + 0.002*"morocco" + 0.002*"minister" + 0.002*"moroccan" + 0.001*"poland" + 0.001*"prayer" + 0.001*"speed"
2018-08-28 06:09:22,169 : INFO : topic diff=0.003402, rho=0.107833
2018-08-28 06:09:29,520 : INFO : -8.344 per-word bound, 324.9 perplexity estimate based on a held-out corpus of 2653 documents with 1868102 words
2018-08-28 06:09:29,521 : INFO : PROGRESS: pass 85, at document #2653/2653
2018-08-28 06:09:33,291 : INFO : topic #0 (0.033): 0.086*"die" + 0.002*"hail" + 0.002*"luck" + 0.002*"mary" + 0.002*"morocco" + 0.002*"minister" + 0.002*"moroccan" + 0.001*"poland" + 0.001*"prayer" + 0.001*"speed"
2018-08-28 06:09:33,293 : INFO : topic #12 (0.033): 0.017*"wallet" + 0.012*"use" + 0.011*"contract" + 0.010*"token" + 0.009*"data" + 0.007*"smart" + 0.006*"address" + 0.006*"would" + 0.006*"get" + 0.006*"link"
2018-08-28 06:09:33,294 : INFO : topic #4 (0.033): 0.004*"like" + 0.004*"look" + 0.003*"resume" + 0.003*"want" + 0.003*"get" + 0.003*"really" + 0.003*"market" + 0.002*"good" + 0.002*"work" + 0.002*"one"
2018-08-28 06:09:33,295 : INFO : topic #14 (0.033): 0.002*"elon" + 0.002*"romania" + 0.001*"btg" + 0.001*"truck" + 0.001*"hitbtc" + 0.001*"nera" + 0.001*"trucker" + 0.001*"parcel" + 0.001*"eu" + 0.001*"land"
2018-08-28 06:09:33,297 : INFO : topic #29 (0.033): 0.005*"contract" + 0.005*"etherparty" + 0.004*"fuel" + 0.003*"a" + 0.003*"350m" + 0.003*"complement" + 0.002*"sent" + 0.002*"english" + 0.002*"in" + 0.002*"vanbex"
2018-08-28 06:09:33,299 : INFO : topic diff=0.003341, rho=0.107211
2018-08-28 06:09:40,422 : INFO : -8.343 per-word bound, 324.8 perplexity estimate based on a held-out corpus of 2653 documents with 1868102 words
2018-08-28 06:09:40,422 : INFO : PROGRESS: pass 86, at document #2653/2653
2018-08-28 06:09:44,233 : INFO : topic #6 (0.033): 0.033*"tether" + 0.012*"bitfinex" + 0.008*"usdt" + 0.008*"usd" + 0.007*"people" + 0.006*"fucking" + 0.006*"like" + 0.006*"exchange" + 0.005*"get" + 0.005*"money"
2018-08-28 06:09:44,234 : INFO : topic #26 (0.033): 0.004*"wabi" + 0.003*"que" + 0.002*"walimai" + 0.002*"homosexuality" + 0.002*"trans" + 0.002*"lisk" + 0.001*"de" + 0.001*"gender" + 0.001*"em" + 0.001*"delusion"
2018-08-28 06:09:44,235 : INFO : topic #15 (0.033): 0.051*"roll" + 0.025*"dub" + 0.021*"rolling" + 0.018*"trip" + 0.015*"op" + 0.013*"quad" + 0.012*"rollin" + 0.011*"reroll" + 0.010*"green" + 0.009*"please"
2018-08-28 06:09:44,237 : INFO : topic #1 (0.033): 0.015*"trade" + 0.009*"forex" + 0.008*"trading" + 0.008*"pip" + 0.008*"market" + 0.007*"bot" + 0.006*"strategy" + 0.006*"fund" + 0.006*"stock" + 0.006*"index"
2018-08-28 06:09:44,238 : INFO : topic #18 (0.033): 0.010*"tell" + 0.009*"god" + 0.009*"oh" + 0.009*"please" + 0.004*"du" + 0.004*"germany" + 0.003*"ceo" + 0.003*"und" + 0.003*"ich" + 0.003*"nicht"
2018-08-28 06:09:44,240 : INFO : topic diff=0.003283, rho=0.106600
2018-08-28 06:09:51,380 : INFO : -8.343 per-word bound, 324.8 perplexity estimate based on a held-out corpus of 2653 documents with 1868102 words
2018-08-28 06:09:51,381 : INFO : PROGRESS: pass 87, at document #2653/2653
2018-08-28 06:09:55,252 : INFO : topic #2 (0.033): 0.015*"link" + 0.003*"neutrality" + 0.002*"net" + 0.002*"blink" + 0.002*"anime" + 0.002*"isps" + 0.002*"internet" + 0.002*"minereum" + 0.002*"salt" + 0.001*"op"
2018-08-28 06:09:55,254 : INFO : topic #3 (0.033): 0.013*"buy" + 0.010*"sell" + 0.010*"going" + 0.009*"im" + 0.009*"neo" + 0.009*"get" + 0.008*"coin" + 0.008*"go" + 0.008*"back" + 0.007*"bought"
2018-08-28 06:09:55,255 : INFO : topic #8 (0.033): 0.009*"sticker" + 0.009*"omisego" + 0.007*"skateboard" + 0.007*"yc" + 0.005*"request" + 0.005*"every" + 0.004*"apple" + 0.004*"aggression" + 0.004*"partnership" + 0.004*"even"
2018-08-28 06:09:55,256 : INFO : topic #6 (0.033): 0.033*"tether" + 0.012*"bitfinex" + 0.008*"usdt" + 0.008*"usd" + 0.007*"people" + 0.006*"fucking" + 0.006*"like" + 0.006*"exchange" + 0.005*"money" + 0.005*"get"
2018-08-28 06:09:55,258 : INFO : topic #21 (0.033): 0.006*"snug" + 0.003*"sleep" + 0.003*"smug" + 0.002*"follower" + 0.002*"steroid" + 0.002*"gyno" + 0.002*"niche" + 0.002*"hashtags" + 0.001*"tit" + 0.001*"sim"
2018-08-28 06:09:55,261 : INFO : topic diff=0.003225, rho=0.106000
2018-08-28 06:10:02,580 : INFO : -8.343 per-word bound, 324.7 perplexity estimate based on a held-out corpus of 2653 documents with 1868102 words
2018-08-28 06:10:02,580 : INFO : PROGRESS: pass 88, at document #2653/2653
2018-08-28 06:10:06,408 : INFO : topic #20 (0.033): 0.010*"buy" + 0.009*"coin" + 0.009*"im" + 0.009*"get" + 0.008*"like" + 0.006*"one" + 0.006*"shit" + 0.006*"good" + 0.006*"going" + 0.005*"fucking"
2018-08-28 06:10:06,410 : INFO : topic #10 (0.033): 0.051*"ark" + 0.009*"get" + 0.007*"wallet" + 0.006*"coin" + 0.005*"going" + 0.005*"im" + 0.005*"deluded" + 0.004*"delegate" + 0.004*"fucking" + 0.004*"arkies"
2018-08-28 06:10:06,411 : INFO : topic #16 (0.033): 0.020*"card" + 0.007*"monaco" + 0.006*"visa" + 0.005*"mco" + 0.005*"tenx" + 0.004*"pokemon" + 0.002*"program" + 0.002*"debit" + 0.002*"yugioh" + 0.002*"prepaid"
2018-08-28 06:10:06,412 : INFO : topic #2 (0.033): 0.015*"link" + 0.003*"neutrality" + 0.002*"net" + 0.002*"blink" + 0.002*"anime" + 0.002*"isps" + 0.002*"internet" + 0.002*"minereum" + 0.002*"salt" + 0.001*"op"
2018-08-28 06:10:06,414 : INFO : topic #29 (0.033): 0.005*"contract" + 0.005*"etherparty" + 0.004*"fuel" + 0.003*"a" + 0.003*"350m" + 0.003*"complement" + 0.002*"sent" + 0.002*"english" + 0.002*"in" + 0.002*"vanbex"
2018-08-28 06:10:06,417 : INFO : topic diff=0.003169, rho=0.105409
2018-08-28 06:10:13,770 : INFO : -8.343 per-word bound, 324.7 perplexity estimate based on a held-out corpus of 2653 documents with 1868102 words
2018-08-28 06:10:13,770 : INFO : PROGRESS: pass 89, at document #2653/2653
2018-08-28 06:10:17,576 : INFO : topic #0 (0.033): 0.086*"die" + 0.002*"hail" + 0.002*"luck" + 0.002*"mary" + 0.002*"morocco" + 0.002*"minister" + 0.002*"moroccan" + 0.001*"poland" + 0.001*"prayer" + 0.001*"speed"
2018-08-28 06:10:17,578 : INFO : topic #18 (0.033): 0.010*"tell" + 0.009*"god" + 0.009*"oh" + 0.009*"please" + 0.004*"du" + 0.004*"germany" + 0.003*"ceo" + 0.003*"und" + 0.003*"ich" + 0.003*"nicht"
2018-08-28 06:10:17,579 : INFO : topic #12 (0.033): 0.017*"wallet" + 0.013*"use" + 0.011*"contract" + 0.010*"token" + 0.009*"data" + 0.007*"smart" + 0.007*"address" + 0.006*"would" + 0.006*"get" + 0.006*"link"
2018-08-28 06:10:17,580 : INFO : topic #19 (0.033): 0.156*"chancoin" + 0.040*"sage" + 0.016*"4chn" + 0.007*"coin" + 0.006*"discord" + 0.005*"tipping" + 0.004*"chan" + 0.003*"wallet" + 0.003*"name" + 0.003*"feature"
2018-08-28 06:10:17,581 : INFO : topic #9 (0.033): 0.011*"child" + 0.010*"cp" + 0.009*"eth" + 0.008*"vitalik" + 0.007*"he" + 0.007*"people" + 0.005*"fucking" + 0.004*"like" + 0.004*"would" + 0.004*"know"
2018-08-28 06:10:17,583 : INFO : topic diff=0.003113, rho=0.104828
2018-08-28 06:10:24,903 : INFO : -8.343 per-word bound, 324.6 perplexity estimate based on a held-out corpus of 2653 documents with 1868102 words
2018-08-28 06:10:24,903 : INFO : PROGRESS: pass 90, at document #2653/2653
2018-08-28 06:10:28,776 : INFO : topic #29 (0.033): 0.005*"contract" + 0.005*"etherparty" + 0.004*"fuel" + 0.003*"a" + 0.003*"350m" + 0.003*"complement" + 0.002*"sent" + 0.002*"english" + 0.002*"in" + 0.002*"postcard"
2018-08-28 06:10:28,777 : INFO : topic #18 (0.033): 0.010*"tell" + 0.009*"god" + 0.009*"oh" + 0.009*"please" + 0.004*"du" + 0.004*"germany" + 0.003*"ceo" + 0.003*"und" + 0.003*"ich" + 0.003*"nicht"
2018-08-28 06:10:28,779 : INFO : topic #17 (0.033): 0.008*"organ" + 0.005*"credit" + 0.004*"card" + 0.004*"score" + 0.002*"neo" + 0.001*"attending" + 0.001*"ai" + 0.001*"prostitute" + 0.001*"deck" + 0.001*"std"
2018-08-28 06:10:28,779 : INFO : topic #9 (0.033): 0.011*"child" + 0.010*"cp" + 0.009*"eth" + 0.008*"vitalik" + 0.007*"he" + 0.007*"people" + 0.005*"fucking" + 0.004*"like" + 0.004*"would" + 0.004*"porn"
2018-08-28 06:10:28,780 : INFO : topic #1 (0.033): 0.014*"trade" + 0.009*"forex" + 0.008*"pip" + 0.008*"trading" + 0.008*"market" + 0.007*"bot" + 0.006*"strategy" + 0.006*"fund" + 0.006*"stock" + 0.006*"index"
2018-08-28 06:10:28,783 : INFO : topic diff=0.003060, rho=0.104257
2018-08-28 06:10:36,086 : INFO : -8.342 per-word bound, 324.5 perplexity estimate based on a held-out corpus of 2653 documents with 1868102 words
2018-08-28 06:10:36,086 : INFO : PROGRESS: pass 91, at document #2653/2653
2018-08-28 06:10:39,898 : INFO : topic #12 (0.033): 0.017*"wallet" + 0.013*"use" + 0.011*"contract" + 0.009*"token" + 0.009*"data" + 0.007*"smart" + 0.007*"address" + 0.006*"would" + 0.006*"get" + 0.005*"link"
2018-08-28 06:10:39,899 : INFO : topic #27 (0.033): 0.004*"board" + 0.004*"financial" + 0.004*"copper" + 0.002*"_value" + 0.002*"also" + 0.002*"bank" + 0.002*"u" + 0.002*"layer" + 0.002*"digital" + 0.002*"american"
2018-08-28 06:10:39,900 : INFO : topic #24 (0.033): 0.009*"like" + 0.009*"buy" + 0.008*"im" + 0.007*"btc" + 0.007*"get" + 0.007*"going" + 0.006*"fucking" + 0.006*"go" + 0.006*"money" + 0.005*"shit"
2018-08-28 06:10:39,901 : INFO : topic #16 (0.033): 0.020*"card" + 0.007*"monaco" + 0.006*"visa" + 0.005*"mco" + 0.005*"tenx" + 0.004*"pokemon" + 0.002*"program" + 0.002*"debit" + 0.002*"yugioh" + 0.002*"prepaid"
2018-08-28 06:10:39,903 : INFO : topic #2 (0.033): 0.014*"link" + 0.003*"neutrality" + 0.002*"net" + 0.002*"blink" + 0.002*"anime" + 0.002*"isps" + 0.002*"internet" + 0.002*"minereum" + 0.002*"salt" + 0.001*"government"
2018-08-28 06:10:39,905 : INFO : topic diff=0.003009, rho=0.103695
2018-08-28 06:10:47,105 : INFO : -8.342 per-word bound, 324.5 perplexity estimate based on a held-out corpus of 2653 documents with 1868102 words
2018-08-28 06:10:47,106 : INFO : PROGRESS: pass 92, at document #2653/2653
2018-08-28 06:10:50,979 : INFO : topic #23 (0.033): 0.018*"link" + 0.009*"linkies" + 0.008*"sergey" + 0.008*"linkie" + 0.007*"deranged" + 0.005*"one" + 0.005*"steve" + 0.005*"chainlink" + 0.005*"surely" + 0.005*"price"
2018-08-28 06:10:50,981 : INFO : topic #0 (0.033): 0.086*"die" + 0.002*"hail" + 0.002*"luck" + 0.002*"mary" + 0.002*"morocco" + 0.002*"minister" + 0.002*"moroccan" + 0.001*"poland" + 0.001*"prayer" + 0.001*"speed"
2018-08-28 06:10:50,982 : INFO : topic #2 (0.033): 0.014*"link" + 0.003*"neutrality" + 0.002*"net" + 0.002*"blink" + 0.002*"anime" + 0.002*"isps" + 0.002*"internet" + 0.002*"minereum" + 0.002*"salt" + 0.001*"government"
2018-08-28 06:10:50,983 : INFO : topic #16 (0.033): 0.020*"card" + 0.007*"monaco" + 0.006*"visa" + 0.005*"mco" + 0.005*"tenx" + 0.004*"pokemon" + 0.002*"program" + 0.002*"debit" + 0.002*"yugioh" + 0.002*"prepaid"
2018-08-28 06:10:50,984 : INFO : topic #15 (0.033): 0.051*"roll" + 0.026*"dub" + 0.021*"rolling" + 0.018*"trip" + 0.014*"op" + 0.013*"quad" + 0.012*"rollin" + 0.011*"reroll" + 0.010*"green" + 0.009*"please"
2018-08-28 06:10:50,987 : INFO : topic diff=0.002963, rho=0.103142
2018-08-28 06:10:58,285 : INFO : -8.342 per-word bound, 324.4 perplexity estimate based on a held-out corpus of 2653 documents with 1868102 words
2018-08-28 06:10:58,285 : INFO : PROGRESS: pass 93, at document #2653/2653
2018-08-28 06:11:02,077 : INFO : topic #9 (0.033): 0.011*"child" + 0.010*"cp" + 0.009*"eth" + 0.008*"vitalik" + 0.007*"he" + 0.007*"people" + 0.005*"fucking" + 0.004*"like" + 0.004*"would" + 0.004*"porn"
2018-08-28 06:11:02,078 : INFO : topic #8 (0.033): 0.009*"sticker" + 0.009*"omisego" + 0.007*"skateboard" + 0.007*"yc" + 0.005*"request" + 0.005*"every" + 0.004*"apple" + 0.004*"aggression" + 0.004*"partnership" + 0.004*"even"
2018-08-28 06:11:02,079 : INFO : topic #20 (0.033): 0.010*"buy" + 0.009*"coin" + 0.009*"im" + 0.009*"get" + 0.008*"like" + 0.006*"one" + 0.006*"shit" + 0.006*"good" + 0.006*"going" + 0.005*"fucking"
2018-08-28 06:11:02,081 : INFO : topic #17 (0.033): 0.008*"organ" + 0.005*"credit" + 0.004*"card" + 0.004*"score" + 0.001*"attending" + 0.001*"ai" + 0.001*"neo" + 0.001*"prostitute" + 0.001*"deck" + 0.001*"std"
2018-08-28 06:11:02,082 : INFO : topic #13 (0.033): 0.018*"bat" + 0.007*"ad" + 0.006*"music" + 0.006*"browser" + 0.005*"youtube" + 0.005*"brave" + 0.005*"hair" + 0.003*"youtubers" + 0.003*"jew" + 0.002*"popular"
2018-08-28 06:11:02,085 : INFO : topic diff=0.002912, rho=0.102598
2018-08-28 06:11:09,438 : INFO : -8.342 per-word bound, 324.4 perplexity estimate based on a held-out corpus of 2653 documents with 1868102 words
2018-08-28 06:11:09,439 : INFO : PROGRESS: pass 94, at document #2653/2653
2018-08-28 06:11:13,268 : INFO : topic #11 (0.033): 0.020*"link" + 0.011*"coin" + 0.008*"token" + 0.007*"project" + 0.007*"like" + 0.007*"even" + 0.006*"team" + 0.006*"req" + 0.005*"market" + 0.005*"ico"
2018-08-28 06:11:13,269 : INFO : topic #26 (0.033): 0.004*"wabi" + 0.003*"que" + 0.002*"walimai" + 0.002*"homosexuality" + 0.002*"trans" + 0.002*"lisk" + 0.001*"de" + 0.001*"gender" + 0.001*"em" + 0.001*"delusion"
2018-08-28 06:11:13,270 : INFO : topic #9 (0.033): 0.011*"child" + 0.010*"cp" + 0.009*"eth" + 0.008*"vitalik" + 0.007*"he" + 0.007*"people" + 0.005*"fucking" + 0.004*"like" + 0.004*"would" + 0.004*"porn"
2018-08-28 06:11:13,271 : INFO : topic #27 (0.033): 0.004*"board" + 0.004*"financial" + 0.004*"copper" + 0.002*"_value" + 0.002*"also" + 0.002*"bank" + 0.002*"u" + 0.002*"layer" + 0.002*"digital" + 0.002*"american"
2018-08-28 06:11:13,272 : INFO : topic #21 (0.033): 0.006*"snug" + 0.003*"sleep" + 0.003*"smug" + 0.002*"follower" + 0.002*"steroid" + 0.002*"gyno" + 0.002*"niche" + 0.002*"hashtags" + 0.001*"tit" + 0.001*"sim"
2018-08-28 06:11:13,274 : INFO : topic diff=0.002866, rho=0.102062
2018-08-28 06:11:20,607 : INFO : -8.341 per-word bound, 324.4 perplexity estimate based on a held-out corpus of 2653 documents with 1868102 words
2018-08-28 06:11:20,608 : INFO : PROGRESS: pass 95, at document #2653/2653
2018-08-28 06:11:24,518 : INFO : topic #1 (0.033): 0.014*"trade" + 0.009*"forex" + 0.008*"pip" + 0.008*"trading" + 0.007*"market" + 0.007*"bot" + 0.006*"strategy" + 0.006*"fund" + 0.006*"stock" + 0.006*"index"
2018-08-28 06:11:24,519 : INFO : topic #12 (0.033): 0.017*"wallet" + 0.013*"use" + 0.011*"contract" + 0.009*"token" + 0.009*"data" + 0.007*"smart" + 0.007*"address" + 0.006*"would" + 0.006*"get" + 0.005*"blockchain"
2018-08-28 06:11:24,520 : INFO : topic #15 (0.033): 0.051*"roll" + 0.026*"dub" + 0.021*"rolling" + 0.018*"trip" + 0.014*"op" + 0.013*"quad" + 0.012*"rollin" + 0.011*"reroll" + 0.010*"green" + 0.009*"please"
2018-08-28 06:11:24,522 : INFO : topic #21 (0.033): 0.006*"snug" + 0.003*"sleep" + 0.003*"smug" + 0.002*"follower" + 0.002*"steroid" + 0.002*"gyno" + 0.002*"niche" + 0.002*"hashtags" + 0.001*"tit" + 0.001*"sim"
2018-08-28 06:11:24,523 : INFO : topic #22 (0.033): 0.014*"tax" + 0.009*"monero" + 0.008*"gain" + 0.007*"crypto" + 0.007*"pay" + 0.007*"like" + 0.007*"btc" + 0.007*"trade" + 0.006*"coin" + 0.006*"year"
2018-08-28 06:11:24,526 : INFO : topic diff=0.002824, rho=0.101535
2018-08-28 06:11:31,891 : INFO : -8.341 per-word bound, 324.3 perplexity estimate based on a held-out corpus of 2653 documents with 1868102 words
2018-08-28 06:11:31,892 : INFO : PROGRESS: pass 96, at document #2653/2653
2018-08-28 06:11:35,747 : INFO : topic #27 (0.033): 0.004*"board" + 0.004*"financial" + 0.004*"copper" + 0.002*"_value" + 0.002*"also" + 0.002*"bank" + 0.002*"u" + 0.002*"layer" + 0.002*"digital" + 0.002*"american"
2018-08-28 06:11:35,749 : INFO : topic #17 (0.033): 0.008*"organ" + 0.005*"credit" + 0.004*"card" + 0.004*"score" + 0.001*"attending" + 0.001*"ai" + 0.001*"prostitute" + 0.001*"deck" + 0.001*"neo" + 0.001*"std"
2018-08-28 06:11:35,750 : INFO : topic #12 (0.033): 0.017*"wallet" + 0.013*"use" + 0.011*"contract" + 0.009*"token" + 0.009*"data" + 0.007*"smart" + 0.007*"address" + 0.006*"would" + 0.006*"get" + 0.005*"blockchain"
2018-08-28 06:11:35,751 : INFO : topic #1 (0.033): 0.014*"trade" + 0.009*"forex" + 0.008*"pip" + 0.008*"trading" + 0.007*"market" + 0.007*"bot" + 0.006*"strategy" + 0.006*"fund" + 0.006*"stock" + 0.006*"index"
2018-08-28 06:11:35,752 : INFO : topic #9 (0.033): 0.011*"child" + 0.010*"cp" + 0.010*"eth" + 0.008*"vitalik" + 0.007*"he" + 0.007*"people" + 0.005*"fucking" + 0.004*"like" + 0.004*"would" + 0.004*"porn"
2018-08-28 06:11:35,754 : INFO : topic diff=0.002777, rho=0.101015
2018-08-28 06:11:43,115 : INFO : -8.341 per-word bound, 324.3 perplexity estimate based on a held-out corpus of 2653 documents with 1868102 words
2018-08-28 06:11:43,116 : INFO : PROGRESS: pass 97, at document #2653/2653
2018-08-28 06:11:46,961 : INFO : topic #24 (0.033): 0.009*"like" + 0.009*"buy" + 0.008*"im" + 0.007*"get" + 0.007*"btc" + 0.007*"going" + 0.006*"fucking" + 0.006*"go" + 0.006*"money" + 0.005*"shit"
2018-08-28 06:11:46,963 : INFO : topic #8 (0.033): 0.009*"sticker" + 0.009*"omisego" + 0.007*"skateboard" + 0.007*"yc" + 0.005*"request" + 0.005*"every" + 0.004*"apple" + 0.004*"aggression" + 0.004*"partnership" + 0.004*"even"
2018-08-28 06:11:46,964 : INFO : topic #16 (0.033): 0.020*"card" + 0.008*"monaco" + 0.006*"visa" + 0.005*"mco" + 0.005*"tenx" + 0.004*"pokemon" + 0.002*"program" + 0.002*"debit" + 0.002*"yugioh" + 0.002*"prepaid"
2018-08-28 06:11:46,965 : INFO : topic #12 (0.033): 0.017*"wallet" + 0.013*"use" + 0.011*"contract" + 0.009*"token" + 0.009*"data" + 0.007*"smart" + 0.007*"address" + 0.006*"would" + 0.006*"get" + 0.005*"blockchain"
2018-08-28 06:11:46,966 : INFO : topic #2 (0.033): 0.013*"link" + 0.003*"neutrality" + 0.003*"net" + 0.002*"blink" + 0.002*"isps" + 0.002*"anime" + 0.002*"internet" + 0.002*"minereum" + 0.002*"salt" + 0.001*"government"
2018-08-28 06:11:46,968 : INFO : topic diff=0.002735, rho=0.100504
2018-08-28 06:11:54,339 : INFO : -8.341 per-word bound, 324.2 perplexity estimate based on a held-out corpus of 2653 documents with 1868102 words
2018-08-28 06:11:54,339 : INFO : PROGRESS: pass 98, at document #2653/2653
2018-08-28 06:11:58,182 : INFO : topic #0 (0.033): 0.086*"die" + 0.002*"hail" + 0.002*"luck" + 0.002*"mary" + 0.002*"morocco" + 0.002*"minister" + 0.002*"moroccan" + 0.001*"poland" + 0.001*"prayer" + 0.001*"speed"
2018-08-28 06:11:58,184 : INFO : topic #16 (0.033): 0.020*"card" + 0.008*"monaco" + 0.006*"visa" + 0.005*"mco" + 0.005*"tenx" + 0.004*"pokemon" + 0.002*"program" + 0.002*"debit" + 0.002*"yugioh" + 0.002*"prepaid"
2018-08-28 06:11:58,185 : INFO : topic #2 (0.033): 0.013*"link" + 0.003*"neutrality" + 0.003*"net" + 0.002*"blink" + 0.002*"isps" + 0.002*"anime" + 0.002*"internet" + 0.002*"minereum" + 0.002*"salt" + 0.001*"government"
2018-08-28 06:11:58,186 : INFO : topic #11 (0.033): 0.020*"link" + 0.011*"coin" + 0.008*"token" + 0.007*"project" + 0.007*"like" + 0.007*"even" + 0.006*"team" + 0.006*"req" + 0.005*"market" + 0.005*"ico"
2018-08-28 06:11:58,187 : INFO : topic #13 (0.033): 0.018*"bat" + 0.007*"ad" + 0.006*"music" + 0.006*"browser" + 0.005*"youtube" + 0.005*"brave" + 0.005*"hair" + 0.003*"youtubers" + 0.003*"jew" + 0.002*"popular"
2018-08-28 06:11:58,190 : INFO : topic diff=0.002695, rho=0.100000
2018-08-28 06:12:05,675 : INFO : -8.341 per-word bound, 324.2 perplexity estimate based on a held-out corpus of 2653 documents with 1868102 words
2018-08-28 06:12:05,677 : INFO : PROGRESS: pass 99, at document #2653/2653
2018-08-28 06:12:09,614 : INFO : topic #12 (0.033): 0.017*"wallet" + 0.013*"use" + 0.011*"contract" + 0.009*"token" + 0.009*"data" + 0.007*"smart" + 0.007*"address" + 0.006*"would" + 0.006*"get" + 0.005*"blockchain"
2018-08-28 06:12:09,615 : INFO : topic #27 (0.033): 0.004*"board" + 0.004*"financial" + 0.004*"copper" + 0.002*"_value" + 0.002*"also" + 0.002*"bank" + 0.002*"u" + 0.002*"layer" + 0.002*"digital" + 0.002*"american"
2018-08-28 06:12:09,616 : INFO : topic #21 (0.033): 0.006*"snug" + 0.003*"sleep" + 0.003*"smug" + 0.002*"follower" + 0.002*"steroid" + 0.002*"gyno" + 0.002*"niche" + 0.002*"hashtags" + 0.002*"tit" + 0.001*"sim"
2018-08-28 06:12:09,618 : INFO : topic #29 (0.033): 0.005*"etherparty" + 0.005*"contract" + 0.004*"fuel" + 0.003*"a" + 0.003*"350m" + 0.003*"complement" + 0.002*"sent" + 0.002*"english" + 0.002*"in" + 0.002*"postcard"
2018-08-28 06:12:09,619 : INFO : topic #10 (0.033): 0.053*"ark" + 0.009*"get" + 0.007*"wallet" + 0.006*"coin" + 0.005*"going" + 0.005*"im" + 0.005*"deluded" + 0.005*"delegate" + 0.005*"arkies" + 0.004*"fucking"
2018-08-28 06:12:09,622 : INFO : topic diff=0.002656, rho=0.099504
2018-08-28 06:12:09,624 : INFO : saving LdaState object under models/ldamodel.state, separately None
2018-08-28 06:12:09,775 : INFO : saved models/ldamodel.state
2018-08-28 06:12:09,838 : INFO : saving LdaModel object under models/ldamodel, separately ['expElogbeta', 'sstats']
2018-08-28 06:12:09,840 : INFO : storing np array 'expElogbeta' to models/ldamodel.expElogbeta.npy
2018-08-28 06:12:09,901 : INFO : not storing attribute id2word
2018-08-28 06:12:09,902 : INFO : not storing attribute state
2018-08-28 06:12:09,902 : INFO : not storing attribute dispatcher
2018-08-28 06:12:09,909 : INFO : saved models/ldamodel
2018-08-28 06:12:09,912 : INFO : topic #14 (0.033): 0.002*"elon" + 0.002*"romania" + 0.001*"truck" + 0.001*"btg" + 0.001*"hitbtc" + 0.001*"trucker" + 0.001*"nera" + 0.001*"parcel" + 0.001*"eu" + 0.001*"land" + 0.001*"pawn" + 0.001*"production" + 0.001*"stealing" + 0.001*"nexus" + 0.001*"river" + 0.001*"economically" + 0.001*"import" + 0.001*"bridge" + 0.001*"staffer" + 0.001*"zipper"
2018-08-28 06:12:09,913 : INFO : topic #15 (0.033): 0.051*"roll" + 0.026*"dub" + 0.021*"rolling" + 0.018*"trip" + 0.014*"op" + 0.014*"quad" + 0.012*"rollin" + 0.011*"reroll" + 0.010*"green" + 0.009*"please" + 0.009*"pls" + 0.008*"get" + 0.006*"let" + 0.005*"thread" + 0.005*"god" + 0.005*"thanks" + 0.004*"id" + 0.004*"deliver" + 0.004*"check" + 0.004*"address"
2018-08-28 06:12:09,915 : INFO : topic #8 (0.033): 0.009*"sticker" + 0.009*"omisego" + 0.007*"skateboard" + 0.007*"yc" + 0.005*"request" + 0.005*"every" + 0.004*"apple" + 0.004*"aggression" + 0.004*"partnership" + 0.004*"even" + 0.003*"tactic" + 0.003*"make" + 0.003*"dropbox" + 0.003*"extreme" + 0.003*"ycombinator" + 0.003*"venmopaypal" + 0.003*"aggressive" + 0.003*"addict" + 0.003*"airbnb" + 0.003*"throat"
2018-08-28 06:12:09,916 : INFO : topic #3 (0.033): 0.014*"buy" + 0.010*"sell" + 0.010*"going" + 0.009*"im" + 0.009*"get" + 0.008*"coin" + 0.008*"neo" + 0.008*"go" + 0.008*"back" + 0.007*"btc" + 0.007*"bought" + 0.007*"pump" + 0.007*"fucking" + 0.006*"like" + 0.006*"shit" + 0.006*"fuck" + 0.006*"time" + 0.005*"day" + 0.005*"right" + 0.005*"news"
2018-08-28 06:12:09,917 : INFO : topic #16 (0.033): 0.020*"card" + 0.008*"monaco" + 0.006*"visa" + 0.005*"mco" + 0.005*"tenx" + 0.004*"pokemon" + 0.002*"program" + 0.002*"debit" + 0.002*"yugioh" + 0.002*"prepaid" + 0.002*"edition" + 0.002*"singapore" + 0.002*"tortilla" + 0.002*"mold" + 0.001*"number" + 0.001*"charizard" + 0.001*"walletdat" + 0.001*"purchase" + 0.001*"get" + 0.001*"manager"
2018-08-28 06:12:09,919 : INFO : topic #28 (0.033): 0.003*"op" + 0.002*"wp" + 0.002*"wtc" + 0.002*"indian" + 0.002*"vechain" + 0.002*"ham" + 0.002*"9m" + 0.002*"established" + 0.001*"80m" + 0.001*"aspect" + 0.001*"severely" + 0.001*"insaneteam" + 0.001*"todayfor" + 0.001*"pungent" + 0.001*"itd" + 0.001*"odn" + 0.001*"valuation" + 0.001*"txid" + 0.001*"undervalued" + 0.001*"strip"
2018-08-28 06:12:09,941 : INFO : topic #19 (0.033): 0.156*"chancoin" + 0.040*"sage" + 0.016*"4chn" + 0.007*"coin" + 0.006*"discord" + 0.005*"tipping" + 0.004*"chan" + 0.003*"wallet" + 0.003*"name" + 0.003*"feature" + 0.003*"address" + 0.003*"need" + 0.003*"tip" + 0.003*"post" + 0.003*"mining" + 0.003*"blockchain" + 0.003*"using" + 0.002*"thread" + 0.002*"chancoins" + 0.002*"many"
2018-08-28 06:12:09,942 : INFO : topic #2 (0.033): 0.013*"link" + 0.003*"neutrality" + 0.003*"net" + 0.002*"blink" + 0.002*"isps" + 0.002*"anime" + 0.002*"internet" + 0.002*"minereum" + 0.002*"salt" + 0.001*"government" + 0.001*"flight" + 0.001*"op" + 0.001*"bot" + 0.001*"november" + 0.001*"netflix" + 0.001*"wallet" + 0.001*"fork" + 0.001*"charge" + 0.001*"tired" + 0.001*"certain"
2018-08-28 06:12:09,944 : INFO : topic #20 (0.033): 0.010*"buy" + 0.009*"coin" + 0.009*"im" + 0.009*"get" + 0.008*"like" + 0.006*"one" + 0.006*"shit" + 0.006*"good" + 0.006*"going" + 0.006*"fucking" + 0.005*"make" + 0.005*"fuck" + 0.005*"go" + 0.005*"guy" + 0.004*"know" + 0.004*"got" + 0.004*"op" + 0.004*"it" + 0.004*"time" + 0.004*"biz"
2018-08-28 06:12:09,945 : INFO : topic #22 (0.033): 0.015*"tax" + 0.009*"monero" + 0.008*"gain" + 0.008*"crypto" + 0.007*"pay" + 0.007*"like" + 0.007*"btc" + 0.007*"trade" + 0.006*"year" + 0.006*"coin" + 0.006*"make" + 0.006*"cash" + 0.006*"get" + 0.006*"money" + 0.005*"xmr" + 0.005*"would" + 0.005*"exchange" + 0.005*"buy" + 0.005*"one" + 0.005*"irs"
2018-08-28 06:12:09,946 : INFO : topic #24 (0.033): 0.009*"like" + 0.009*"buy" + 0.008*"im" + 0.007*"get" + 0.007*"btc" + 0.007*"going" + 0.006*"fucking" + 0.006*"go" + 0.006*"money" + 0.005*"shit" + 0.005*"time" + 0.005*"make" + 0.005*"coin" + 0.004*"fuck" + 0.004*"market" + 0.004*"sell" + 0.004*"back" + 0.004*"think" + 0.004*"day" + 0.004*"right"
2018-08-28 06:12:09,947 : INFO : topic #13 (0.033): 0.018*"bat" + 0.007*"ad" + 0.006*"music" + 0.006*"browser" + 0.005*"youtube" + 0.005*"brave" + 0.005*"hair" + 0.003*"youtubers" + 0.003*"jew" + 0.002*"popular" + 0.002*"artist" + 0.002*"mobile" + 0.002*"adblock" + 0.002*"web" + 0.002*"rapper" + 0.002*"rap" + 0.002*"earn" + 0.002*"logo" + 0.002*"patreon" + 0.001*"blaming"
2018-08-28 06:12:09,949 : INFO : topic #23 (0.033): 0.017*"link" + 0.009*"linkies" + 0.008*"sergey" + 0.008*"linkie" + 0.007*"deranged" + 0.005*"one" + 0.005*"steve" + 0.005*"chainlink" + 0.005*"surely" + 0.005*"lost" + 0.005*"common" + 0.005*"rent" + 0.005*"price" + 0.004*"community" + 0.004*"trying" + 0.004*"free" + 0.004*"time" + 0.004*"fact" + 0.004*"he" + 0.003*"crash"
2018-08-28 06:12:09,950 : INFO : topic #5 (0.033): 0.013*"credit" + 0.013*"rcn" + 0.012*"salt" + 0.010*"token" + 0.009*"loan" + 0.008*"ha" + 0.007*"platform" + 0.006*"market" + 0.006*"application" + 0.005*"lending" + 0.005*"ripio" + 0.004*"price" + 0.004*"lender" + 0.004*"billion" + 0.003*"value" + 0.003*"product" + 0.003*"fiat" + 0.003*"debt" + 0.003*"collateral" + 0.003*"see"
2018-08-28 06:12:09,951 : INFO : topic #4 (0.033): 0.004*"like" + 0.004*"look" + 0.003*"resume" + 0.003*"want" + 0.003*"market" + 0.003*"really" + 0.003*"get" + 0.002*"good" + 0.002*"work" + 0.002*"economics" + 0.002*"one" + 0.002*"read" + 0.002*"different" + 0.002*"make" + 0.002*"im" + 0.002*"go" + 0.002*"see" + 0.002*"road" + 0.001*"time" + 0.001*"learn"
2018-08-28 06:12:09,960 : INFO : topic #1 (0.033): 0.014*"trade" + 0.009*"forex" + 0.008*"pip" + 0.008*"trading" + 0.007*"market" + 0.007*"bot" + 0.006*"strategy" + 0.006*"fund" + 0.006*"index" + 0.006*"stock" + 0.005*"trader" + 0.003*"bond" + 0.003*"short" + 0.003*"crypto" + 0.003*"long" + 0.003*"vanguard" + 0.003*"breakout" + 0.003*"fx" + 0.003*"leverage" + 0.003*"winning"
2018-08-28 06:12:09,962 : INFO : topic #27 (0.033): 0.004*"board" + 0.004*"financial" + 0.004*"copper" + 0.002*"_value" + 0.002*"also" + 0.002*"bank" + 0.002*"u" + 0.002*"layer" + 0.002*"digital" + 0.002*"american" + 0.002*"summer" + 0.002*"crisis" + 0.001*"stated" + 0.001*"state" + 0.001*"member" + 0.001*"dream" + 0.001*"ing" + 0.001*"clinton" + 0.001*"group" + 0.001*"treasury"
2018-08-28 06:12:09,963 : INFO : topic #29 (0.033): 0.005*"etherparty" + 0.005*"contract" + 0.004*"fuel" + 0.003*"a" + 0.003*"350m" + 0.003*"complement" + 0.002*"sent" + 0.002*"english" + 0.002*"in" + 0.002*"vanbex" + 0.002*"postcard" + 0.002*"teach" + 0.002*"smart" + 0.002*"stephanie" + 0.002*"trevor" + 0.002*"french" + 0.002*"enterprise" + 0.002*"execute" + 0.002*"access" + 0.002*"friend"
2018-08-28 06:12:09,964 : INFO : topic #7 (0.033): 0.011*"get" + 0.010*"like" + 0.009*"money" + 0.008*"im" + 0.008*"make" + 0.007*"year" + 0.006*"people" + 0.006*"want" + 0.006*"would" + 0.005*"good" + 0.005*"it" + 0.005*"one" + 0.005*"work" + 0.005*"know" + 0.005*"shit" + 0.004*"life" + 0.004*"go" + 0.004*"fucking" + 0.004*"time" + 0.004*"fuck"
2018-08-28 06:12:09,966 : INFO : topic #21 (0.033): 0.006*"snug" + 0.003*"sleep" + 0.003*"smug" + 0.002*"follower" + 0.002*"steroid" + 0.002*"gyno" + 0.002*"niche" + 0.002*"hashtags" + 0.002*"tit" + 0.001*"sim" + 0.001*"mo" + 0.001*"1until" + 0.001*"gay" + 0.001*"met" + 0.001*"coordinate" + 0.001*"kung" + 0.001*"lang" + 0.001*"hindi" + 0.001*"sagescam" + 0.001*"boob"
2018-08-28 06:12:09,967 : INFO : topic #0 (0.033): 0.086*"die" + 0.002*"hail" + 0.002*"luck" + 0.002*"mary" + 0.002*"morocco" + 0.002*"minister" + 0.002*"moroccan" + 0.001*"poland" + 0.001*"prayer" + 0.001*"speed" + 0.001*"godspeed" + 0.001*"300600" + 0.001*"resetsmine" + 0.001*"savant" + 0.001*"pray" + 0.001*"rah" + 0.001*"ethcause" + 0.001*"valuablespin" + 0.001*"bchaccumulate" + 0.001*"realmake"
2018-08-28 06:12:09,975 : INFO : topic #25 (0.033): 0.024*"btc" + 0.021*"bitcoin" + 0.020*"bch" + 0.007*"people" + 0.006*"would" + 0.006*"like" + 0.006*"transaction" + 0.006*"going" + 0.005*"get" + 0.005*"time" + 0.005*"coin" + 0.005*"cash" + 0.005*"money" + 0.005*"think" + 0.005*"miner" + 0.005*"price" + 0.005*"one" + 0.004*"market" + 0.004*"even" + 0.004*"fucking"
2018-08-28 06:12:10,003 : INFO : using symmetric alpha at 0.025
2018-08-28 06:12:10,003 : INFO : using symmetric eta at 0.025
2018-08-28 06:12:10,019 : INFO : using serial LDA version on this node
2018-08-28 06:12:10,672 : INFO : running online (multi-pass) LDA training, 40 topics, 100 passes over the supplied corpus of 4623 documents, updating model once every 4623 documents, evaluating perplexity every 4623 documents, iterating 50x with a convergence threshold of 0.001000
2018-08-28 06:12:22,233 : INFO : -17.987 per-word bound, 259741.8 perplexity estimate based on a held-out corpus of 4623 documents with 2290604 words
2018-08-28 06:12:22,236 : INFO : PROGRESS: pass 0, at document #4623/4623
2018-08-28 06:12:28,767 : INFO : topic #15 (0.025): 0.008*"like" + 0.006*"btc" + 0.006*"people" + 0.006*"coin" + 0.006*"get" + 0.006*"fuck" + 0.005*"im" + 0.005*"know" + 0.004*"still" + 0.004*"time"
2018-08-28 06:12:28,769 : INFO : topic #11 (0.025): 0.008*"coin" + 0.007*"btc" + 0.006*"get" + 0.006*"im" + 0.006*"one" + 0.006*"bitcoin" + 0.006*"make" + 0.006*"like" + 0.006*"fucking" + 0.005*"would"
2018-08-28 06:12:28,771 : INFO : topic #20 (0.025): 0.009*"like" + 0.008*"fucking" + 0.008*"get" + 0.007*"im" + 0.006*"btc" + 0.006*"go" + 0.006*"buy" + 0.006*"fuck" + 0.005*"make" + 0.005*"one"
2018-08-28 06:12:28,772 : INFO : topic #24 (0.025): 0.008*"bitcoin" + 0.006*"like" + 0.006*"btc" + 0.006*"bch" + 0.006*"coin" + 0.006*"get" + 0.005*"im" + 0.005*"money" + 0.005*"fucking" + 0.004*"going"
2018-08-28 06:12:28,774 : INFO : topic #3 (0.025): 0.011*"chancoin" + 0.006*"coin" + 0.006*"like" + 0.005*"btc" + 0.005*"one" + 0.005*"buy" + 0.005*"get" + 0.004*"bitcoin" + 0.004*"make" + 0.004*"fucking"
2018-08-28 06:12:28,779 : INFO : topic diff=21.807016, rho=1.000000
2018-08-28 06:12:40,651 : INFO : -9.644 per-word bound, 800.4 perplexity estimate based on a held-out corpus of 4623 documents with 2290604 words
2018-08-28 06:12:40,652 : INFO : PROGRESS: pass 1, at document #4623/4623
2018-08-28 06:12:47,631 : INFO : topic #38 (0.025): 0.009*"get" + 0.007*"like" + 0.007*"make" + 0.007*"im" + 0.006*"buy" + 0.006*"money" + 0.006*"coin" + 0.005*"one" + 0.005*"good" + 0.005*"time"
2018-08-28 06:12:47,635 : INFO : topic #24 (0.025): 0.010*"bitcoin" + 0.007*"btc" + 0.006*"bch" + 0.005*"coin" + 0.005*"cash" + 0.005*"like" + 0.005*"money" + 0.005*"get" + 0.004*"im" + 0.004*"going"
2018-08-28 06:12:47,636 : INFO : topic #7 (0.025): 0.006*"get" + 0.006*"buy" + 0.005*"like" + 0.005*"make" + 0.005*"shit" + 0.005*"would" + 0.004*"people" + 0.004*"one" + 0.004*"im" + 0.004*"it"
2018-08-28 06:12:47,638 : INFO : topic #0 (0.025): 0.007*"get" + 0.007*"im" + 0.007*"like" + 0.006*"btc" + 0.005*"one" + 0.005*"buy" + 0.004*"go" + 0.004*"time" + 0.004*"fucking" + 0.004*"money"
2018-08-28 06:12:47,641 : INFO : topic #17 (0.025): 0.008*"like" + 0.006*"im" + 0.005*"one" + 0.005*"get" + 0.005*"buy" + 0.005*"it" + 0.005*"people" + 0.005*"make" + 0.004*"know" + 0.004*"shit"
2018-08-28 06:12:47,645 : INFO : topic diff=4.580394, rho=0.577350
2018-08-28 06:12:59,844 : INFO : -9.004 per-word bound, 513.4 perplexity estimate based on a held-out corpus of 4623 documents with 2290604 words
2018-08-28 06:12:59,846 : INFO : PROGRESS: pass 2, at document #4623/4623
2018-08-28 06:13:06,852 : INFO : topic #13 (0.025): 0.008*"like" + 0.005*"im" + 0.005*"one" + 0.005*"btc" + 0.004*"get" + 0.004*"think" + 0.003*"chancoin" + 0.003*"would" + 0.003*"know" + 0.003*"coin"
2018-08-28 06:13:06,853 : INFO : topic #12 (0.025): 0.011*"btc" + 0.009*"bch" + 0.008*"bitcoin" + 0.007*"going" + 0.007*"like" + 0.007*"get" + 0.006*"coin" + 0.006*"buy" + 0.006*"fucking" + 0.005*"money"
2018-08-28 06:13:06,855 : INFO : topic #28 (0.025): 0.010*"btc" + 0.008*"get" + 0.007*"im" + 0.007*"like" + 0.005*"money" + 0.005*"shit" + 0.005*"coin" + 0.005*"right" + 0.005*"going" + 0.004*"people"
2018-08-28 06:13:06,856 : INFO : topic #5 (0.025): 0.007*"like" + 0.007*"year" + 0.007*"get" + 0.006*"crypto" + 0.005*"token" + 0.005*"im" + 0.004*"make" + 0.004*"would" + 0.004*"think" + 0.004*"it"
2018-08-28 06:13:06,858 : INFO : topic #37 (0.025): 0.010*"get" + 0.007*"fomo" + 0.005*"go" + 0.005*"im" + 0.005*"make" + 0.004*"going" + 0.004*"would" + 0.004*"like" + 0.003*"year" + 0.003*"shit"
2018-08-28 06:13:06,862 : INFO : topic diff=3.151483, rho=0.500000
2018-08-28 06:13:19,026 : INFO : -8.781 per-word bound, 440.0 perplexity estimate based on a held-out corpus of 4623 documents with 2290604 words
2018-08-28 06:13:19,026 : INFO : PROGRESS: pass 3, at document #4623/4623
2018-08-28 06:13:26,304 : INFO : topic #19 (0.025): 0.008*"tax" + 0.007*"like" + 0.006*"money" + 0.006*"people" + 0.006*"gain" + 0.005*"coin" + 0.005*"crypto" + 0.005*"im" + 0.005*"btc" + 0.005*"trade"
2018-08-28 06:13:26,305 : INFO : topic #11 (0.025): 0.010*"coin" + 0.006*"get" + 0.005*"like" + 0.005*"im" + 0.005*"people" + 0.005*"one" + 0.005*"buy" + 0.005*"fucking" + 0.005*"make" + 0.005*"would"
2018-08-28 06:13:26,307 : INFO : topic #34 (0.025): 0.016*"btc" + 0.007*"bitcoin" + 0.007*"like" + 0.006*"alt" + 0.006*"going" + 0.005*"fucking" + 0.005*"get" + 0.005*"bch" + 0.005*"market" + 0.005*"would"
2018-08-28 06:13:26,308 : INFO : topic #33 (0.025): 0.021*"bch" + 0.015*"btc" + 0.010*"bitcoin" + 0.007*"like" + 0.006*"get" + 0.005*"buy" + 0.005*"going" + 0.005*"go" + 0.004*"time" + 0.004*"coin"
2018-08-28 06:13:26,310 : INFO : topic #10 (0.025): 0.007*"coin" + 0.006*"buy" + 0.005*"going" + 0.005*"like" + 0.005*"im" + 0.004*"neo" + 0.004*"price" + 0.004*"people" + 0.004*"eth" + 0.004*"get"
2018-08-28 06:13:26,315 : INFO : topic diff=2.150204, rho=0.447214
2018-08-28 06:13:38,718 : INFO : -8.668 per-word bound, 406.7 perplexity estimate based on a held-out corpus of 4623 documents with 2290604 words
2018-08-28 06:13:38,719 : INFO : PROGRESS: pass 4, at document #4623/4623
2018-08-28 06:13:46,234 : INFO : topic #18 (0.025): 0.008*"fucking" + 0.004*"fuck" + 0.004*"shit" + 0.004*"hst" + 0.003*"land" + 0.003*"like" + 0.003*"make" + 0.003*"get" + 0.003*"one" + 0.003*"token"
2018-08-28 06:13:46,236 : INFO : topic #16 (0.025): 0.015*"bitcoin" + 0.013*"btc" + 0.008*"bch" + 0.007*"transaction" + 0.007*"people" + 0.006*"would" + 0.006*"coin" + 0.006*"like" + 0.006*"block" + 0.006*"get"
2018-08-28 06:13:46,237 : INFO : topic #25 (0.025): 0.008*"like" + 0.007*"buy" + 0.007*"make" + 0.007*"coin" + 0.007*"im" + 0.006*"get" + 0.006*"go" + 0.006*"btc" + 0.005*"money" + 0.005*"it"
2018-08-28 06:13:46,239 : INFO : topic #36 (0.025): 0.018*"link" + 0.011*"quad" + 0.006*"token" + 0.005*"like" + 0.004*"contract" + 0.004*"money" + 0.004*"would" + 0.004*"people" + 0.004*"get" + 0.003*"coin"
2018-08-28 06:13:46,240 : INFO : topic #0 (0.025): 0.007*"get" + 0.006*"like" + 0.006*"im" + 0.005*"one" + 0.004*"btc" + 0.004*"want" + 0.004*"money" + 0.004*"go" + 0.003*"time" + 0.003*"fucking"
2018-08-28 06:13:46,245 : INFO : topic diff=1.472170, rho=0.408248
2018-08-28 06:13:58,963 : INFO : -8.602 per-word bound, 388.5 perplexity estimate based on a held-out corpus of 4623 documents with 2290604 words
2018-08-28 06:13:58,964 : INFO : PROGRESS: pass 5, at document #4623/4623
2018-08-28 06:14:06,849 : INFO : topic #13 (0.025): 0.006*"like" + 0.005*"card" + 0.005*"one" + 0.004*"im" + 0.004*"get" + 0.003*"got" + 0.003*"think" + 0.003*"crypto" + 0.003*"also" + 0.003*"good"
2018-08-28 06:14:06,851 : INFO : topic #36 (0.025): 0.019*"link" + 0.012*"quad" + 0.007*"token" + 0.005*"contract" + 0.005*"like" + 0.004*"would" + 0.004*"smart" + 0.004*"money" + 0.004*"people" + 0.003*"value"
2018-08-28 06:14:06,852 : INFO : topic #32 (0.025): 0.008*"get" + 0.007*"going" + 0.006*"ark" + 0.006*"money" + 0.006*"fucking" + 0.005*"people" + 0.004*"like" + 0.004*"day" + 0.004*"btc" + 0.004*"shit"
2018-08-28 06:14:06,854 : INFO : topic #34 (0.025): 0.017*"btc" + 0.008*"bitcoin" + 0.007*"like" + 0.007*"alt" + 0.006*"going" + 0.005*"fucking" + 0.005*"get" + 0.005*"market" + 0.005*"would" + 0.005*"go"
2018-08-28 06:14:06,855 : INFO : topic #9 (0.025): 0.030*"ark" + 0.005*"im" + 0.005*"like" + 0.004*"buy" + 0.004*"get" + 0.003*"coin" + 0.003*"go" + 0.003*"even" + 0.003*"would" + 0.003*"money"
2018-08-28 06:14:06,859 : INFO : topic diff=1.021847, rho=0.377964
2018-08-28 06:14:19,840 : INFO : -8.560 per-word bound, 377.4 perplexity estimate based on a held-out corpus of 4623 documents with 2290604 words
2018-08-28 06:14:19,840 : INFO : PROGRESS: pass 6, at document #4623/4623
2018-08-28 06:14:27,961 : INFO : topic #18 (0.025): 0.008*"fucking" + 0.006*"hst" + 0.004*"voting" + 0.004*"land" + 0.004*"fuck" + 0.003*"shit" + 0.003*"token" + 0.002*"like" + 0.002*"mana" + 0.002*"omg"
2018-08-28 06:14:27,962 : INFO : topic #27 (0.025): 0.007*"get" + 0.006*"like" + 0.005*"would" + 0.005*"shit" + 0.005*"im" + 0.004*"know" + 0.004*"going" + 0.004*"people" + 0.004*"ark" + 0.003*"want"
2018-08-28 06:14:27,964 : INFO : topic #23 (0.025): 0.044*"die" + 0.005*"going" + 0.004*"money" + 0.004*"get" + 0.003*"fucking" + 0.003*"week" + 0.003*"year" + 0.003*"time" + 0.003*"would" + 0.003*"coin"
2018-08-28 06:14:27,965 : INFO : topic #32 (0.025): 0.008*"get" + 0.008*"going" + 0.007*"ark" + 0.006*"fucking" + 0.006*"money" + 0.004*"people" + 0.004*"arkies" + 0.004*"like" + 0.004*"day" + 0.004*"shit"
2018-08-28 06:14:27,966 : INFO : topic #21 (0.025): 0.060*"neo" + 0.010*"news" + 0.008*"china" + 0.008*"gas" + 0.007*"like" + 0.007*"eth" + 0.006*"chinese" + 0.005*"op" + 0.005*"buy" + 0.004*"fucking"
2018-08-28 06:14:27,971 : INFO : topic diff=0.722239, rho=0.353553
2018-08-28 06:14:41,161 : INFO : -8.531 per-word bound, 370.0 perplexity estimate based on a held-out corpus of 4623 documents with 2290604 words
2018-08-28 06:14:41,162 : INFO : PROGRESS: pass 7, at document #4623/4623
2018-08-28 06:14:49,582 : INFO : topic #12 (0.025): 0.012*"btc" + 0.009*"bch" + 0.009*"bitcoin" + 0.008*"going" + 0.007*"like" + 0.007*"get" + 0.007*"buy" + 0.006*"coin" + 0.006*"fucking" + 0.005*"go"
2018-08-28 06:14:49,583 : INFO : topic #21 (0.025): 0.068*"neo" + 0.013*"news" + 0.010*"china" + 0.009*"gas" + 0.007*"like" + 0.007*"eth" + 0.007*"chinese" + 0.005*"op" + 0.005*"buy" + 0.004*"fucking"
2018-08-28 06:14:49,585 : INFO : topic #20 (0.025): 0.009*"im" + 0.009*"fucking" + 0.009*"like" + 0.008*"buy" + 0.008*"get" + 0.007*"fuck" + 0.007*"sell" + 0.007*"go" + 0.006*"back" + 0.006*"going"
2018-08-28 06:14:49,587 : INFO : topic #36 (0.025): 0.021*"link" + 0.013*"quad" + 0.008*"token" + 0.006*"contract" + 0.005*"smart" + 0.004*"like" + 0.004*"would" + 0.004*"value" + 0.003*"need" + 0.003*"supply"
2018-08-28 06:14:49,588 : INFO : topic #39 (0.025): 0.163*"chancoin" + 0.013*"4chn" + 0.011*"coin" + 0.006*"discord" + 0.005*"tipping" + 0.004*"wallet" + 0.004*"get" + 0.004*"post" + 0.004*"name" + 0.004*"chan"
2018-08-28 06:14:49,593 : INFO : topic diff=0.520240, rho=0.333333
2018-08-28 06:15:03,160 : INFO : -8.511 per-word bound, 364.8 perplexity estimate based on a held-out corpus of 4623 documents with 2290604 words
2018-08-28 06:15:03,161 : INFO : PROGRESS: pass 8, at document #4623/4623
2018-08-28 06:15:11,917 : INFO : topic #9 (0.025): 0.054*"ark" + 0.005*"delegate" + 0.005*"im" + 0.004*"like" + 0.004*"lisk" + 0.004*"buy" + 0.003*"deluded" + 0.003*"go" + 0.003*"fund" + 0.003*"coin"
2018-08-28 06:15:11,919 : INFO : topic #24 (0.025): 0.014*"bitcoin" + 0.010*"cash" + 0.005*"financial" + 0.005*"board" + 0.004*"btc" + 0.003*"also" + 0.003*"coin" + 0.003*"gang" + 0.003*"money" + 0.003*"digital"
2018-08-28 06:15:11,921 : INFO : topic #13 (0.025): 0.006*"card" + 0.005*"like" + 0.004*"one" + 0.003*"got" + 0.003*"think" + 0.003*"im" + 0.003*"pokemon" + 0.003*"get" + 0.003*"also" + 0.002*"crypto"
2018-08-28 06:15:11,922 : INFO : topic #25 (0.025): 0.007*"buy" + 0.007*"coin" + 0.007*"make" + 0.007*"like" + 0.007*"im" + 0.006*"get" + 0.006*"ark" + 0.006*"go" + 0.005*"btc" + 0.005*"it"
2018-08-28 06:15:11,924 : INFO : topic #30 (0.025): 0.007*"bitcoin" + 0.007*"like" + 0.006*"people" + 0.006*"btc" + 0.006*"get" + 0.005*"make" + 0.005*"coin" + 0.005*"money" + 0.005*"crypto" + 0.005*"im"
2018-08-28 06:15:11,928 : INFO : topic diff=0.382026, rho=0.316228
2018-08-28 06:15:25,888 : INFO : -8.495 per-word bound, 360.9 perplexity estimate based on a held-out corpus of 4623 documents with 2290604 words
2018-08-28 06:15:25,889 : INFO : PROGRESS: pass 9, at document #4623/4623
2018-08-28 06:15:34,908 : INFO : topic #15 (0.025): 0.029*"sage" + 0.007*"bat" + 0.006*"like" + 0.005*"get" + 0.004*"im" + 0.004*"good" + 0.003*"coin" + 0.003*"salt" + 0.003*"one" + 0.003*"would"
2018-08-28 06:15:34,910 : INFO : topic #5 (0.025): 0.008*"token" + 0.007*"year" + 0.007*"like" + 0.006*"crypto" + 0.006*"get" + 0.004*"ha" + 0.004*"im" + 0.004*"make" + 0.004*"modum" + 0.004*"would"
2018-08-28 06:15:34,911 : INFO : topic #31 (0.025): 0.012*"link" + 0.011*"btc" + 0.009*"coin" + 0.008*"buy" + 0.007*"monero" + 0.007*"eth" + 0.007*"bitcoin" + 0.007*"like" + 0.006*"make" + 0.006*"get"
2018-08-28 06:15:34,913 : INFO : topic #35 (0.025): 0.010*"linkies" + 0.009*"deranged" + 0.009*"linkie" + 0.009*"link" + 0.008*"rent" + 0.006*"coin" + 0.006*"omisego" + 0.006*"sticker" + 0.006*"free" + 0.006*"price"
2018-08-28 06:15:34,914 : INFO : topic #7 (0.025): 0.009*"god" + 0.008*"tell" + 0.007*"please" + 0.007*"oh" + 0.004*"one" + 0.004*"odn" + 0.004*"get" + 0.004*"company" + 0.003*"life" + 0.003*"work"
2018-08-28 06:15:34,919 : INFO : topic diff=0.285858, rho=0.301511
2018-08-28 06:15:49,163 : INFO : -8.483 per-word bound, 357.8 perplexity estimate based on a held-out corpus of 4623 documents with 2290604 words
2018-08-28 06:15:49,164 : INFO : PROGRESS: pass 10, at document #4623/4623
2018-08-28 06:15:58,570 : INFO : topic #25 (0.025): 0.008*"coin" + 0.007*"buy" + 0.007*"make" + 0.007*"like" + 0.007*"im" + 0.007*"get" + 0.006*"ark" + 0.006*"go" + 0.005*"it" + 0.005*"btc"
2018-08-28 06:15:58,572 : INFO : topic #16 (0.025): 0.019*"bitcoin" + 0.015*"btc" + 0.011*"bch" + 0.008*"transaction" + 0.007*"people" + 0.007*"would" + 0.006*"block" + 0.006*"coin" + 0.006*"like" + 0.006*"miner"
2018-08-28 06:15:58,574 : INFO : topic #29 (0.025): 0.009*"du" + 0.006*"und" + 0.005*"da" + 0.004*"ich" + 0.004*"nicht" + 0.004*"der" + 0.004*"zu" + 0.004*"ist" + 0.003*"die" + 0.003*"electric"
2018-08-28 06:15:58,576 : INFO : topic #20 (0.025): 0.010*"im" + 0.009*"fucking" + 0.009*"like" + 0.009*"buy" + 0.008*"fuck" + 0.008*"get" + 0.007*"sell" + 0.007*"back" + 0.007*"go" + 0.006*"going"
2018-08-28 06:15:58,577 : INFO : topic #39 (0.025): 0.171*"chancoin" + 0.013*"4chn" + 0.011*"coin" + 0.006*"discord" + 0.005*"tipping" + 0.004*"wallet" + 0.004*"name" + 0.004*"post" + 0.004*"chan" + 0.004*"get"
2018-08-28 06:15:58,582 : INFO : topic diff=0.218149, rho=0.288675
2018-08-28 06:16:13,216 : INFO : -8.473 per-word bound, 355.3 perplexity estimate based on a held-out corpus of 4623 documents with 2290604 words
2018-08-28 06:16:13,217 : INFO : PROGRESS: pass 11, at document #4623/4623
2018-08-28 06:16:23,017 : INFO : topic #26 (0.025): 0.009*"get" + 0.009*"like" + 0.006*"tax" + 0.006*"year" + 0.006*"im" + 0.006*"pay" + 0.006*"money" + 0.005*"people" + 0.005*"shit" + 0.004*"stock"
2018-08-28 06:16:23,018 : INFO : topic #39 (0.025): 0.173*"chancoin" + 0.014*"4chn" + 0.011*"coin" + 0.006*"discord" + 0.005*"tipping" + 0.004*"wallet" + 0.004*"name" + 0.004*"post" + 0.004*"chan" + 0.004*"00100000"
2018-08-28 06:16:23,020 : INFO : topic #3 (0.025): 0.018*"application" + 0.013*"platform" + 0.010*"credit" + 0.007*"token" + 0.007*"lead" + 0.006*"product" + 0.005*"debt" + 0.005*"protocol" + 0.005*"blockchain" + 0.005*"currently"
2018-08-28 06:16:23,022 : INFO : topic #23 (0.025): 0.059*"die" + 0.003*"going" + 0.003*"week" + 0.003*"money" + 0.002*"get" + 0.002*"blockchain" + 0.002*"fucking" + 0.002*"every" + 0.002*"use" + 0.002*"year"
2018-08-28 06:16:23,023 : INFO : topic #33 (0.025): 0.032*"bch" + 0.020*"btc" + 0.010*"bitcoin" + 0.006*"get" + 0.006*"like" + 0.006*"going" + 0.005*"time" + 0.005*"go" + 0.004*"miner" + 0.004*"think"
2018-08-28 06:16:23,028 : INFO : topic diff=0.169784, rho=0.277350
2018-08-28 06:16:37,946 : INFO : -8.464 per-word bound, 353.2 perplexity estimate based on a held-out corpus of 4623 documents with 2290604 words
2018-08-28 06:16:37,946 : INFO : PROGRESS: pass 12, at document #4623/4623
2018-08-28 06:16:48,016 : INFO : topic #1 (0.025): 0.010*"wallet" + 0.007*"get" + 0.007*"buy" + 0.006*"use" + 0.006*"like" + 0.006*"exchange" + 0.006*"money" + 0.005*"coin" + 0.005*"im" + 0.005*"one"
2018-08-28 06:16:48,018 : INFO : topic #28 (0.025): 0.009*"btc" + 0.006*"get" + 0.006*"im" + 0.005*"like" + 0.004*"right" + 0.004*"coin" + 0.004*"shit" + 0.004*"day" + 0.004*"bought" + 0.004*"eth"
2018-08-28 06:16:48,019 : INFO : topic #37 (0.025): 0.016*"fomo" + 0.007*"la" + 0.006*"get" + 0.004*"economics" + 0.003*"roll" + 0.003*"car" + 0.003*"fuck" + 0.003*"smoke" + 0.003*"weed" + 0.003*"not"
2018-08-28 06:16:48,021 : INFO : topic #0 (0.025): 0.007*"get" + 0.005*"like" + 0.005*"op" + 0.004*"im" + 0.004*"trip" + 0.004*"one" + 0.003*"want" + 0.003*"token" + 0.003*"good" + 0.003*"job"
2018-08-28 06:16:48,022 : INFO : topic #36 (0.025): 0.023*"link" + 0.015*"quad" + 0.009*"token" + 0.006*"contract" + 0.005*"smart" + 0.004*"value" + 0.004*"would" + 0.004*"like" + 0.004*"supply" + 0.003*"network"
2018-08-28 06:16:48,027 : INFO : topic diff=0.134672, rho=0.267261
2018-08-28 06:17:03,220 : INFO : -8.457 per-word bound, 351.4 perplexity estimate based on a held-out corpus of 4623 documents with 2290604 words
2018-08-28 06:17:03,220 : INFO : PROGRESS: pass 13, at document #4623/4623
2018-08-28 06:17:13,621 : INFO : topic #38 (0.025): 0.009*"get" + 0.009*"like" + 0.008*"im" + 0.008*"make" + 0.007*"money" + 0.006*"buy" + 0.006*"good" + 0.005*"one" + 0.005*"link" + 0.005*"people"
2018-08-28 06:17:13,622 : INFO : topic #21 (0.025): 0.094*"neo" + 0.024*"news" + 0.016*"china" + 0.011*"chinese" + 0.011*"gas" + 0.007*"eth" + 0.006*"like" + 0.005*"government" + 0.005*"op" + 0.005*"icos"
2018-08-28 06:17:13,624 : INFO : topic #25 (0.025): 0.008*"coin" + 0.008*"make" + 0.007*"buy" + 0.007*"like" + 0.007*"im" + 0.007*"get" + 0.006*"req" + 0.005*"go" + 0.005*"ark" + 0.005*"it"
2018-08-28 06:17:13,625 : INFO : topic #10 (0.025): 0.004*"coin" + 0.004*"price" + 0.003*"eth" + 0.003*"next" + 0.003*"month" + 0.003*"buy" + 0.003*"going" + 0.003*"already" + 0.002*"buying" + 0.002*"news"
2018-08-28 06:17:13,627 : INFO : topic #13 (0.025): 0.008*"card" + 0.004*"pokemon" + 0.003*"got" + 0.003*"like" + 0.003*"one" + 0.002*"prix" + 0.002*"first" + 0.002*"think" + 0.002*"friend" + 0.002*"also"
2018-08-28 06:17:13,631 : INFO : topic diff=0.108935, rho=0.258199
2018-08-28 06:17:29,204 : INFO : -8.450 per-word bound, 349.8 perplexity estimate based on a held-out corpus of 4623 documents with 2290604 words
2018-08-28 06:17:29,205 : INFO : PROGRESS: pass 14, at document #4623/4623
2018-08-28 06:17:39,888 : INFO : topic #27 (0.025): 0.005*"get" + 0.005*"like" + 0.004*"would" + 0.004*"boomer" + 0.004*"shit" + 0.003*"know" + 0.003*"got" + 0.003*"time" + 0.003*"im" + 0.002*"want"
2018-08-28 06:17:39,889 : INFO : topic #9 (0.025): 0.084*"ark" + 0.009*"delegate" + 0.008*"lisk" + 0.005*"wallet" + 0.005*"deluded" + 0.004*"mobile" + 0.003*"im" + 0.003*"fund" + 0.003*"like" + 0.003*"staking"
2018-08-28 06:17:39,891 : INFO : topic #17 (0.025): 0.014*"sergey" + 0.011*"link" + 0.010*"steve" + 0.009*"one" + 0.008*"trying" + 0.007*"language" + 0.006*"rory" + 0.006*"mac" + 0.005*"he" + 0.005*"big"
2018-08-28 06:17:39,893 : INFO : topic #35 (0.025): 0.011*"linkies" + 0.010*"linkie" + 0.010*"deranged" + 0.010*"link" + 0.009*"rent" + 0.007*"omisego" + 0.007*"sticker" + 0.007*"free" + 0.006*"surely" + 0.006*"price"
2018-08-28 06:17:39,894 : INFO : topic #11 (0.025): 0.014*"coin" + 0.011*"power" + 0.008*"energy" + 0.006*"powr" + 0.006*"tesla" + 0.005*"mommy" + 0.005*"partnership" + 0.005*"one" + 0.005*"people" + 0.005*"get"
2018-08-28 06:17:39,899 : INFO : topic diff=0.089873, rho=0.250000
2018-08-28 06:17:55,757 : INFO : -8.445 per-word bound, 348.4 perplexity estimate based on a held-out corpus of 4623 documents with 2290604 words
2018-08-28 06:17:55,758 : INFO : PROGRESS: pass 15, at document #4623/4623
2018-08-28 06:18:07,059 : INFO : topic #8 (0.025): 0.005*"eth" + 0.004*"guy" + 0.004*"people" + 0.004*"contract" + 0.004*"wallet" + 0.004*"bot" + 0.004*"get" + 0.003*"ta" + 0.003*"a" + 0.003*"sent"
2018-08-28 06:18:07,061 : INFO : topic #9 (0.025): 0.088*"ark" + 0.009*"delegate" + 0.008*"lisk" + 0.006*"wallet" + 0.005*"deluded" + 0.004*"mobile" + 0.003*"staking" + 0.003*"fund" + 0.003*"vote" + 0.003*"im"
2018-08-28 06:18:07,063 : INFO : topic #15 (0.025): 0.036*"sage" + 0.011*"bat" + 0.005*"like" + 0.004*"get" + 0.004*"salt" + 0.004*"brave" + 0.003*"im" + 0.003*"good" + 0.003*"browser" + 0.003*"language"
2018-08-28 06:18:07,064 : INFO : topic #6 (0.025): 0.012*"wallet" + 0.010*"ledger" + 0.010*"key" + 0.009*"hardware" + 0.007*"trezor" + 0.007*"private" + 0.005*"seed" + 0.005*"computer" + 0.004*"know" + 0.004*"like"
2018-08-28 06:18:07,066 : INFO : topic #7 (0.025): 0.011*"god" + 0.009*"tell" + 0.008*"please" + 0.008*"oh" + 0.005*"odn" + 0.004*"one" + 0.004*"insurance" + 0.003*"life" + 0.003*"little" + 0.003*"company"
2018-08-28 06:18:07,070 : INFO : topic diff=0.075572, rho=0.242536
2018-08-28 06:18:23,209 : INFO : -8.439 per-word bound, 347.1 perplexity estimate based on a held-out corpus of 4623 documents with 2290604 words
2018-08-28 06:18:23,209 : INFO : PROGRESS: pass 16, at document #4623/4623
2018-08-28 06:18:34,395 : INFO : topic #7 (0.025): 0.011*"god" + 0.010*"tell" + 0.009*"please" + 0.008*"oh" + 0.005*"odn" + 0.004*"one" + 0.004*"insurance" + 0.003*"life" + 0.003*"little" + 0.003*"company"
2018-08-28 06:18:34,397 : INFO : topic #10 (0.025): 0.003*"price" + 0.003*"coin" + 0.003*"eth" + 0.003*"next" + 0.003*"month" + 0.002*"buying" + 0.002*"already" + 0.002*"going" + 0.002*"buy" + 0.002*"given"
2018-08-28 06:18:34,398 : INFO : topic #21 (0.025): 0.102*"neo" + 0.027*"news" + 0.018*"china" + 0.013*"chinese" + 0.012*"gas" + 0.007*"eth" + 0.006*"government" + 0.006*"etp" + 0.005*"icos" + 0.005*"like"
2018-08-28 06:18:34,399 : INFO : topic #38 (0.025): 0.010*"get" + 0.009*"like" + 0.008*"im" + 0.008*"make" + 0.007*"money" + 0.006*"good" + 0.005*"one" + 0.005*"buy" + 0.005*"people" + 0.005*"fucking"
2018-08-28 06:18:34,400 : INFO : topic #22 (0.025): 0.018*"btc" + 0.012*"tether" + 0.008*"get" + 0.007*"money" + 0.007*"exchange" + 0.007*"like" + 0.006*"bitcoin" + 0.006*"buy" + 0.006*"price" + 0.006*"fucking"
2018-08-28 06:18:34,405 : INFO : topic diff=0.064653, rho=0.235702
2018-08-28 06:18:50,678 : INFO : -8.435 per-word bound, 346.0 perplexity estimate based on a held-out corpus of 4623 documents with 2290604 words
2018-08-28 06:18:50,679 : INFO : PROGRESS: pass 17, at document #4623/4623
2018-08-28 06:19:02,130 : INFO : topic #15 (0.025): 0.039*"sage" + 0.013*"bat" + 0.005*"like" + 0.004*"brave" + 0.004*"salt" + 0.004*"browser" + 0.004*"get" + 0.003*"good" + 0.003*"language" + 0.003*"im"
2018-08-28 06:19:02,132 : INFO : topic #35 (0.025): 0.012*"linkies" + 0.010*"linkie" + 0.010*"deranged" + 0.010*"link" + 0.010*"rent" + 0.008*"omisego" + 0.007*"sticker" + 0.007*"free" + 0.006*"surely" + 0.006*"common"
2018-08-28 06:19:02,134 : INFO : topic #29 (0.025): 0.010*"du" + 0.007*"und" + 0.006*"da" + 0.005*"nicht" + 0.005*"ich" + 0.005*"der" + 0.004*"ist" + 0.004*"zu" + 0.004*"germany" + 0.004*"die"
2018-08-28 06:19:02,136 : INFO : topic #17 (0.025): 0.015*"sergey" + 0.011*"link" + 0.010*"steve" + 0.010*"one" + 0.009*"trying" + 0.008*"language" + 0.007*"rory" + 0.006*"mac" + 0.006*"he" + 0.005*"big"
2018-08-28 06:19:02,138 : INFO : topic #1 (0.025): 0.013*"wallet" + 0.008*"get" + 0.007*"use" + 0.007*"exchange" + 0.006*"buy" + 0.006*"like" + 0.006*"address" + 0.006*"money" + 0.006*"coin" + 0.005*"im"
2018-08-28 06:19:02,143 : INFO : topic diff=0.056196, rho=0.229416
2018-08-28 06:19:18,749 : INFO : -8.430 per-word bound, 345.0 perplexity estimate based on a held-out corpus of 4623 documents with 2290604 words
2018-08-28 06:19:18,750 : INFO : PROGRESS: pass 18, at document #4623/4623
2018-08-28 06:19:30,432 : INFO : topic #28 (0.025): 0.007*"btc" + 0.005*"im" + 0.005*"get" + 0.004*"right" + 0.004*"like" + 0.003*"month" + 0.003*"day" + 0.003*"shit" + 0.003*"coin" + 0.003*"eth"
2018-08-28 06:19:30,433 : INFO : topic #21 (0.025): 0.105*"neo" + 0.028*"news" + 0.019*"china" + 0.014*"chinese" + 0.012*"gas" + 0.007*"eth" + 0.007*"etp" + 0.006*"government" + 0.005*"icos" + 0.005*"op"
2018-08-28 06:19:30,435 : INFO : topic #35 (0.025): 0.012*"linkies" + 0.011*"linkie" + 0.010*"deranged" + 0.010*"link" + 0.010*"rent" + 0.008*"omisego" + 0.007*"sticker" + 0.007*"free" + 0.006*"surely" + 0.006*"common"
2018-08-28 06:19:30,436 : INFO : topic #22 (0.025): 0.018*"btc" + 0.012*"tether" + 0.008*"get" + 0.007*"money" + 0.007*"exchange" + 0.007*"like" + 0.007*"bitcoin" + 0.006*"buy" + 0.006*"price" + 0.006*"fucking"
2018-08-28 06:19:30,438 : INFO : topic #19 (0.025): 0.045*"tax" + 0.021*"gain" + 0.017*"irs" + 0.016*"trade" + 0.013*"pay" + 0.012*"crypto" + 0.011*"cash" + 0.010*"capital" + 0.009*"exchange" + 0.008*"fiat"
2018-08-28 06:19:30,442 : INFO : topic diff=0.049565, rho=0.223607
2018-08-28 06:19:47,193 : INFO : -8.426 per-word bound, 344.0 perplexity estimate based on a held-out corpus of 4623 documents with 2290604 words
2018-08-28 06:19:47,194 : INFO : PROGRESS: pass 19, at document #4623/4623
2018-08-28 06:19:59,025 : INFO : topic #17 (0.025): 0.015*"sergey" + 0.011*"link" + 0.010*"steve" + 0.010*"one" + 0.009*"trying" + 0.009*"language" + 0.007*"rory" + 0.006*"mac" + 0.006*"he" + 0.005*"big"
2018-08-28 06:19:59,027 : INFO : topic #9 (0.025): 0.100*"ark" + 0.011*"delegate" + 0.009*"lisk" + 0.007*"wallet" + 0.005*"deluded" + 0.005*"mobile" + 0.004*"staking" + 0.004*"vote" + 0.003*"fund" + 0.003*"blockchains"
2018-08-28 06:19:59,029 : INFO : topic #3 (0.025): 0.017*"application" + 0.012*"platform" + 0.011*"credit" + 0.007*"token" + 0.007*"lead" + 0.006*"product" + 0.006*"debt" + 0.005*"currently" + 0.005*"protocol" + 0.005*"see"
2018-08-28 06:19:59,030 : INFO : topic #36 (0.025): 0.024*"link" + 0.016*"quad" + 0.007*"token" + 0.005*"contract" + 0.004*"smart" + 0.004*"value" + 0.004*"digital" + 0.003*"like" + 0.003*"would" + 0.003*"supply"
2018-08-28 06:19:59,032 : INFO : topic #23 (0.025): 0.073*"die" + 0.002*"week" + 0.002*"1000" + 0.002*"going" + 0.002*"money" + 0.002*"every" + 0.001*"use" + 0.001*"fucking" + 0.001*"zencash" + 0.001*"get"
2018-08-28 06:19:59,036 : INFO : topic diff=0.044272, rho=0.218218
2018-08-28 06:20:15,818 : INFO : -8.423 per-word bound, 343.1 perplexity estimate based on a held-out corpus of 4623 documents with 2290604 words
2018-08-28 06:20:15,819 : INFO : PROGRESS: pass 20, at document #4623/4623
2018-08-28 06:20:27,804 : INFO : topic #23 (0.025): 0.074*"die" + 0.002*"week" + 0.002*"1000" + 0.002*"money" + 0.002*"going" + 0.001*"zencash" + 0.001*"every" + 0.001*"use" + 0.001*"fucking" + 0.001*"raiden"
2018-08-28 06:20:27,805 : INFO : topic #16 (0.025): 0.021*"bitcoin" + 0.017*"btc" + 0.012*"bch" + 0.009*"transaction" + 0.008*"people" + 0.007*"would" + 0.006*"block" + 0.006*"miner" + 0.006*"like" + 0.006*"coin"
2018-08-28 06:20:27,807 : INFO : topic #12 (0.025): 0.015*"btc" + 0.009*"bch" + 0.009*"going" + 0.008*"bitcoin" + 0.008*"buy" + 0.008*"like" + 0.007*"coin" + 0.007*"get" + 0.006*"sell" + 0.006*"fucking"
2018-08-28 06:20:27,808 : INFO : topic #6 (0.025): 0.011*"ledger" + 0.010*"wallet" + 0.009*"hardware" + 0.009*"key" + 0.008*"trezor" + 0.006*"private" + 0.005*"computer" + 0.005*"seed" + 0.004*"device" + 0.004*"nano"
2018-08-28 06:20:27,810 : INFO : topic #39 (0.025): 0.182*"chancoin" + 0.014*"4chn" + 0.011*"coin" + 0.006*"discord" + 0.005*"tipping" + 0.004*"wallet" + 0.004*"name" + 0.004*"chan" + 0.004*"post" + 0.004*"00100000"
2018-08-28 06:20:27,814 : INFO : topic diff=0.039972, rho=0.213201
2018-08-28 06:20:44,666 : INFO : -8.419 per-word bound, 342.3 perplexity estimate based on a held-out corpus of 4623 documents with 2290604 words
2018-08-28 06:20:44,667 : INFO : PROGRESS: pass 21, at document #4623/4623
2018-08-28 06:20:56,881 : INFO : topic #7 (0.025): 0.012*"god" + 0.010*"tell" + 0.009*"please" + 0.009*"oh" + 0.005*"odn" + 0.004*"insurance" + 0.004*"little" + 0.003*"life" + 0.003*"one" + 0.003*"yes"
2018-08-28 06:20:56,883 : INFO : topic #25 (0.025): 0.010*"req" + 0.008*"coin" + 0.008*"make" + 0.007*"buy" + 0.007*"like" + 0.007*"im" + 0.007*"get" + 0.006*"it" + 0.005*"go" + 0.005*"ark"
2018-08-28 06:20:56,884 : INFO : topic #29 (0.025): 0.010*"du" + 0.007*"und" + 0.006*"da" + 0.005*"nicht" + 0.005*"ich" + 0.005*"der" + 0.004*"ist" + 0.004*"zu" + 0.004*"germany" + 0.004*"die"
2018-08-28 06:20:56,886 : INFO : topic #33 (0.025): 0.039*"bch" + 0.023*"btc" + 0.009*"bitcoin" + 0.006*"get" + 0.006*"going" + 0.006*"difficulty" + 0.006*"miner" + 0.005*"like" + 0.005*"time" + 0.005*"go"
2018-08-28 06:20:56,887 : INFO : topic #30 (0.025): 0.006*"like" + 0.006*"people" + 0.006*"bitcoin" + 0.006*"get" + 0.006*"make" + 0.006*"crypto" + 0.005*"money" + 0.005*"year" + 0.005*"im" + 0.005*"it"
2018-08-28 06:20:56,892 : INFO : topic diff=0.036414, rho=0.208514
2018-08-28 06:21:13,895 : INFO : -8.416 per-word bound, 341.6 perplexity estimate based on a held-out corpus of 4623 documents with 2290604 words
2018-08-28 06:21:13,895 : INFO : PROGRESS: pass 22, at document #4623/4623
2018-08-28 06:21:26,182 : INFO : topic #10 (0.025): 0.002*"price" + 0.002*"eth" + 0.002*"month" + 0.002*"next" + 0.002*"given" + 0.002*"po" + 0.001*"coin" + 0.001*"solar" + 0.001*"buying" + 0.001*"master"
2018-08-28 06:21:26,184 : INFO : topic #33 (0.025): 0.039*"bch" + 0.023*"btc" + 0.009*"bitcoin" + 0.006*"get" + 0.006*"difficulty" + 0.006*"going" + 0.006*"miner" + 0.005*"like" + 0.005*"time" + 0.005*"go"
2018-08-28 06:21:26,185 : INFO : topic #5 (0.025): 0.007*"token" + 0.007*"year" + 0.006*"modum" + 0.006*"ha" + 0.006*"crypto" + 0.005*"like" + 0.004*"get" + 0.004*"company" + 0.003*"it" + 0.003*"eth"
2018-08-28 06:21:26,186 : INFO : topic #4 (0.025): 0.021*"token" + 0.020*"link" + 0.010*"use" + 0.010*"project" + 0.009*"contract" + 0.008*"smart" + 0.008*"team" + 0.008*"blockchain" + 0.008*"chainlink" + 0.008*"network"
2018-08-28 06:21:26,188 : INFO : topic #14 (0.025): 0.007*"people" + 0.007*"like" + 0.007*"cp" + 0.006*"child" + 0.006*"cos" + 0.006*"eth" + 0.006*"it" + 0.006*"get" + 0.005*"vitalik" + 0.005*"make"
2018-08-28 06:21:26,192 : INFO : topic diff=0.033446, rho=0.204124
2018-08-28 06:21:43,411 : INFO : -8.413 per-word bound, 340.9 perplexity estimate based on a held-out corpus of 4623 documents with 2290604 words
2018-08-28 06:21:43,411 : INFO : PROGRESS: pass 23, at document #4623/4623
2018-08-28 06:21:55,827 : INFO : topic #2 (0.025): 0.015*"buy" + 0.011*"coin" + 0.009*"going" + 0.008*"im" + 0.007*"go" + 0.006*"get" + 0.006*"like" + 0.006*"powr" + 0.006*"sell" + 0.005*"pump"
2018-08-28 06:21:55,829 : INFO : topic #33 (0.025): 0.040*"bch" + 0.023*"btc" + 0.009*"bitcoin" + 0.006*"get" + 0.006*"difficulty" + 0.006*"going" + 0.006*"miner" + 0.005*"like" + 0.005*"time" + 0.005*"go"
2018-08-28 06:21:55,830 : INFO : topic #18 (0.025): 0.044*"hst" + 0.015*"voting" + 0.007*"un" + 0.006*"horizon" + 0.006*"kucoin" + 0.006*"vote" + 0.005*"land" + 0.005*"telegram" + 0.004*"fucking" + 0.004*"united"
2018-08-28 06:21:55,832 : INFO : topic #6 (0.025): 0.011*"ledger" + 0.010*"hardware" + 0.009*"wallet" + 0.008*"trezor" + 0.008*"key" + 0.005*"private" + 0.005*"computer" + 0.005*"seed" + 0.005*"device" + 0.004*"nano"
2018-08-28 06:21:55,833 : INFO : topic #23 (0.025): 0.077*"die" + 0.002*"1000" + 0.002*"week" + 0.002*"zencash" + 0.001*"money" + 0.001*"going" + 0.001*"use" + 0.001*"every" + 0.001*"back" + 0.001*"fucking"
2018-08-28 06:21:55,838 : INFO : topic diff=0.030900, rho=0.200000
2018-08-28 06:22:13,339 : INFO : -8.410 per-word bound, 340.2 perplexity estimate based on a held-out corpus of 4623 documents with 2290604 words
2018-08-28 06:22:13,340 : INFO : PROGRESS: pass 24, at document #4623/4623
2018-08-28 06:22:25,864 : INFO : topic #6 (0.025): 0.011*"ledger" + 0.010*"hardware" + 0.008*"trezor" + 0.008*"wallet" + 0.008*"key" + 0.005*"computer" + 0.005*"private" + 0.005*"seed" + 0.005*"device" + 0.004*"nano"
2018-08-28 06:22:25,867 : INFO : topic #37 (0.025): 0.018*"fomo" + 0.009*"la" + 0.004*"economics" + 0.004*"weed" + 0.004*"smoke" + 0.003*"not" + 0.003*"car" + 0.003*"3d" + 0.002*"get" + 0.002*"phase"
2018-08-28 06:22:25,869 : INFO : topic #30 (0.025): 0.006*"like" + 0.006*"people" + 0.006*"bitcoin" + 0.006*"make" + 0.006*"get" + 0.005*"crypto" + 0.005*"money" + 0.005*"year" + 0.005*"im" + 0.005*"it"
2018-08-28 06:22:25,870 : INFO : topic #33 (0.025): 0.040*"bch" + 0.023*"btc" + 0.009*"bitcoin" + 0.006*"get" + 0.006*"difficulty" + 0.006*"miner" + 0.006*"going" + 0.005*"like" + 0.005*"time" + 0.005*"go"
2018-08-28 06:22:25,872 : INFO : topic #8 (0.025): 0.004*"eth" + 0.004*"bot" + 0.004*"guy" + 0.004*"a" + 0.003*"minereum" + 0.003*"ta" + 0.003*"people" + 0.003*"contract" + 0.003*"sent" + 0.003*"poll"
2018-08-28 06:22:25,876 : INFO : topic diff=0.028721, rho=0.196116
2018-08-28 06:22:43,230 : INFO : -8.408 per-word bound, 339.6 perplexity estimate based on a held-out corpus of 4623 documents with 2290604 words
2018-08-28 06:22:43,231 : INFO : PROGRESS: pass 25, at document #4623/4623
2018-08-28 06:22:55,799 : INFO : topic #37 (0.025): 0.018*"fomo" + 0.009*"la" + 0.004*"economics" + 0.004*"weed" + 0.004*"smoke" + 0.003*"not" + 0.003*"car" + 0.003*"3d" + 0.002*"phase" + 0.002*"remove"
2018-08-28 06:22:55,801 : INFO : topic #38 (0.025): 0.010*"get" + 0.010*"like" + 0.008*"im" + 0.008*"make" + 0.007*"money" + 0.006*"people" + 0.006*"one" + 0.006*"good" + 0.005*"fucking" + 0.005*"want"
2018-08-28 06:22:55,802 : INFO : topic #35 (0.025): 0.013*"linkies" + 0.011*"linkie" + 0.011*"deranged" + 0.010*"link" + 0.010*"rent" + 0.008*"omisego" + 0.008*"sticker" + 0.008*"free" + 0.007*"surely" + 0.007*"common"
2018-08-28 06:22:55,804 : INFO : topic #31 (0.025): 0.015*"link" + 0.012*"coin" + 0.011*"btc" + 0.009*"eth" + 0.009*"monero" + 0.008*"buy" + 0.007*"like" + 0.007*"bitcoin" + 0.006*"xmr" + 0.006*"make"
2018-08-28 06:22:55,805 : INFO : topic #26 (0.025): 0.009*"get" + 0.009*"like" + 0.007*"year" + 0.006*"money" + 0.006*"im" + 0.006*"stock" + 0.006*"pay" + 0.005*"people" + 0.005*"shit" + 0.005*"would"
2018-08-28 06:22:55,810 : INFO : topic diff=0.026812, rho=0.192450
2018-08-28 06:23:13,455 : INFO : -8.405 per-word bound, 339.0 perplexity estimate based on a held-out corpus of 4623 documents with 2290604 words
2018-08-28 06:23:13,457 : INFO : PROGRESS: pass 26, at document #4623/4623
2018-08-28 06:23:26,180 : INFO : topic #11 (0.025): 0.015*"coin" + 0.014*"power" + 0.010*"energy" + 0.008*"powr" + 0.008*"tesla" + 0.006*"mommy" + 0.005*"ledger" + 0.005*"partnership" + 0.005*"government" + 0.005*"one"
2018-08-28 06:23:26,181 : INFO : topic #26 (0.025): 0.009*"get" + 0.009*"like" + 0.007*"year" + 0.006*"money" + 0.006*"im" + 0.006*"stock" + 0.006*"pay" + 0.005*"people" + 0.005*"shit" + 0.005*"would"
2018-08-28 06:23:26,183 : INFO : topic #7 (0.025): 0.012*"god" + 0.011*"tell" + 0.010*"please" + 0.009*"oh" + 0.005*"odn" + 0.004*"insurance" + 0.004*"little" + 0.003*"pungent" + 0.003*"yes" + 0.003*"life"
2018-08-28 06:23:26,184 : INFO : topic #15 (0.025): 0.047*"sage" + 0.016*"bat" + 0.005*"brave" + 0.005*"browser" + 0.004*"language" + 0.004*"salt" + 0.004*"youtube" + 0.004*"youtubers" + 0.004*"like" + 0.003*"ad"
2018-08-28 06:23:26,186 : INFO : topic #19 (0.025): 0.053*"tax" + 0.022*"gain" + 0.018*"trade" + 0.018*"irs" + 0.016*"pay" + 0.014*"crypto" + 0.012*"cash" + 0.012*"capital" + 0.009*"exchange" + 0.009*"fiat"
2018-08-28 06:23:26,190 : INFO : topic diff=0.025138, rho=0.188982
2018-08-28 06:23:43,738 : INFO : -8.403 per-word bound, 338.5 perplexity estimate based on a held-out corpus of 4623 documents with 2290604 words
2018-08-28 06:23:43,738 : INFO : PROGRESS: pass 27, at document #4623/4623
2018-08-28 06:23:56,537 : INFO : topic #32 (0.025): 0.010*"going" + 0.010*"ark" + 0.009*"arkies" + 0.007*"get" + 0.007*"arkie" + 0.007*"tank" + 0.006*"fucking" + 0.006*"deluded" + 0.005*"pothead" + 0.005*"arsehole"
2018-08-28 06:23:56,539 : INFO : topic #39 (0.025): 0.185*"chancoin" + 0.015*"4chn" + 0.011*"coin" + 0.006*"discord" + 0.005*"tipping" + 0.004*"wallet" + 0.004*"name" + 0.004*"chan" + 0.004*"post" + 0.004*"00100000"
2018-08-28 06:23:56,541 : INFO : topic #23 (0.025): 0.079*"die" + 0.002*"1000" + 0.002*"week" + 0.002*"zencash" + 0.001*"biweekly" + 0.001*"550" + 0.001*"money" + 0.001*"back" + 0.001*"miit" + 0.001*"use"
2018-08-28 06:23:56,543 : INFO : topic #35 (0.025): 0.013*"linkies" + 0.011*"linkie" + 0.011*"deranged" + 0.011*"link" + 0.010*"rent" + 0.009*"omisego" + 0.008*"sticker" + 0.008*"free" + 0.007*"surely" + 0.007*"common"
2018-08-28 06:23:56,544 : INFO : topic #6 (0.025): 0.011*"ledger" + 0.010*"hardware" + 0.009*"trezor" + 0.007*"wallet" + 0.007*"key" + 0.005*"computer" + 0.005*"seed" + 0.005*"device" + 0.005*"private" + 0.004*"nano"
2018-08-28 06:23:56,549 : INFO : topic diff=0.023643, rho=0.185695
2018-08-28 06:24:14,194 : INFO : -8.401 per-word bound, 338.0 perplexity estimate based on a held-out corpus of 4623 documents with 2290604 words
2018-08-28 06:24:14,194 : INFO : PROGRESS: pass 28, at document #4623/4623
2018-08-28 06:24:27,114 : INFO : topic #11 (0.025): 0.015*"coin" + 0.014*"power" + 0.011*"energy" + 0.008*"powr" + 0.008*"tesla" + 0.006*"mommy" + 0.006*"ledger" + 0.005*"partnership" + 0.005*"government" + 0.005*"australia"
2018-08-28 06:24:27,116 : INFO : topic #16 (0.025): 0.022*"bitcoin" + 0.017*"btc" + 0.012*"bch" + 0.009*"transaction" + 0.008*"people" + 0.007*"would" + 0.006*"block" + 0.006*"miner" + 0.006*"like" + 0.006*"coin"
2018-08-28 06:24:27,117 : INFO : topic #12 (0.025): 0.016*"btc" + 0.010*"bch" + 0.009*"going" + 0.009*"bitcoin" + 0.008*"buy" + 0.008*"like" + 0.007*"get" + 0.007*"coin" + 0.006*"sell" + 0.006*"go"
2018-08-28 06:24:27,118 : INFO : topic #38 (0.025): 0.010*"get" + 0.010*"like" + 0.008*"im" + 0.008*"make" + 0.007*"money" + 0.006*"people" + 0.006*"one" + 0.006*"good" + 0.005*"fucking" + 0.005*"want"
2018-08-28 06:24:27,120 : INFO : topic #37 (0.025): 0.019*"fomo" + 0.009*"la" + 0.004*"economics" + 0.004*"weed" + 0.004*"smoke" + 0.003*"not" + 0.003*"3d" + 0.003*"car" + 0.002*"phase" + 0.002*"remove"
2018-08-28 06:24:27,124 : INFO : topic diff=0.022307, rho=0.182574
2018-08-28 06:24:44,857 : INFO : -8.399 per-word bound, 337.5 perplexity estimate based on a held-out corpus of 4623 documents with 2290604 words
2018-08-28 06:24:44,857 : INFO : PROGRESS: pass 29, at document #4623/4623
2018-08-28 06:24:57,769 : INFO : topic #2 (0.025): 0.015*"buy" + 0.011*"coin" + 0.009*"going" + 0.008*"im" + 0.007*"go" + 0.006*"get" + 0.006*"like" + 0.006*"powr" + 0.006*"pump" + 0.006*"sell"
2018-08-28 06:24:57,770 : INFO : topic #15 (0.025): 0.050*"sage" + 0.017*"bat" + 0.006*"brave" + 0.005*"browser" + 0.004*"language" + 0.004*"youtube" + 0.004*"salt" + 0.004*"youtubers" + 0.003*"ad" + 0.003*"like"
2018-08-28 06:24:57,771 : INFO : topic #4 (0.025): 0.022*"token" + 0.021*"link" + 0.011*"project" + 0.010*"use" + 0.009*"team" + 0.009*"contract" + 0.008*"blockchain" + 0.008*"smart" + 0.008*"ico" + 0.008*"chainlink"
2018-08-28 06:24:57,773 : INFO : topic #31 (0.025): 0.015*"link" + 0.012*"coin" + 0.011*"btc" + 0.009*"eth" + 0.009*"monero" + 0.008*"buy" + 0.007*"like" + 0.007*"xmr" + 0.007*"bitcoin" + 0.006*"year"
2018-08-28 06:24:57,774 : INFO : topic #17 (0.025): 0.016*"sergey" + 0.011*"steve" + 0.011*"link" + 0.010*"language" + 0.010*"trying" + 0.010*"one" + 0.007*"mac" + 0.007*"rory" + 0.007*"he" + 0.006*"big"
2018-08-28 06:24:57,779 : INFO : topic diff=0.021085, rho=0.179605
2018-08-28 06:25:15,549 : INFO : -8.397 per-word bound, 337.0 perplexity estimate based on a held-out corpus of 4623 documents with 2290604 words
2018-08-28 06:25:15,549 : INFO : PROGRESS: pass 30, at document #4623/4623
2018-08-28 06:25:28,499 : INFO : topic #17 (0.025): 0.016*"sergey" + 0.012*"steve" + 0.011*"link" + 0.010*"language" + 0.010*"trying" + 0.010*"one" + 0.007*"mac" + 0.007*"rory" + 0.007*"he" + 0.006*"big"
2018-08-28 06:25:28,500 : INFO : topic #33 (0.025): 0.042*"bch" + 0.023*"btc" + 0.008*"bitcoin" + 0.007*"difficulty" + 0.007*"get" + 0.006*"miner" + 0.006*"going" + 0.005*"like" + 0.005*"time" + 0.005*"go"
2018-08-28 06:25:28,502 : INFO : topic #11 (0.025): 0.015*"coin" + 0.014*"power" + 0.011*"energy" + 0.009*"powr" + 0.008*"tesla" + 0.006*"mommy" + 0.006*"ledger" + 0.005*"partnership" + 0.005*"government" + 0.005*"australia"
2018-08-28 06:25:28,503 : INFO : topic #18 (0.025): 0.051*"hst" + 0.016*"voting" + 0.008*"kucoin" + 0.007*"un" + 0.007*"vote" + 0.006*"horizon" + 0.006*"telegram" + 0.005*"land" + 0.004*"cryptopia" + 0.004*"united"
2018-08-28 06:25:28,505 : INFO : topic #30 (0.025): 0.006*"like" + 0.006*"people" + 0.006*"make" + 0.005*"get" + 0.005*"crypto" + 0.005*"bitcoin" + 0.005*"year" + 0.005*"money" + 0.005*"im" + 0.005*"it"
2018-08-28 06:25:28,509 : INFO : topic diff=0.020005, rho=0.176777
2018-08-28 06:25:46,356 : INFO : -8.395 per-word bound, 336.6 perplexity estimate based on a held-out corpus of 4623 documents with 2290604 words
2018-08-28 06:25:46,356 : INFO : PROGRESS: pass 31, at document #4623/4623
2018-08-28 06:25:59,379 : INFO : topic #37 (0.025): 0.019*"fomo" + 0.009*"la" + 0.004*"weed" + 0.004*"economics" + 0.004*"smoke" + 0.003*"not" + 0.003*"3d" + 0.002*"phase" + 0.002*"remove" + 0.002*"car"
2018-08-28 06:25:59,381 : INFO : topic #16 (0.025): 0.022*"bitcoin" + 0.018*"btc" + 0.012*"bch" + 0.009*"transaction" + 0.008*"people" + 0.007*"would" + 0.006*"block" + 0.006*"miner" + 0.006*"like" + 0.006*"coin"
2018-08-28 06:25:59,383 : INFO : topic #19 (0.025): 0.055*"tax" + 0.023*"gain" + 0.018*"trade" + 0.018*"irs" + 0.017*"pay" + 0.015*"crypto" + 0.013*"cash" + 0.012*"capital" + 0.010*"exchange" + 0.009*"fiat"
2018-08-28 06:25:59,384 : INFO : topic #36 (0.025): 0.024*"link" + 0.019*"quad" + 0.004*"digital" + 0.003*"value" + 0.003*"year" + 0.003*"like" + 0.003*"smart" + 0.003*"contract" + 0.003*"etherparty" + 0.003*"could"
2018-08-28 06:25:59,386 : INFO : topic #26 (0.025): 0.009*"get" + 0.009*"like" + 0.007*"year" + 0.006*"money" + 0.006*"stock" + 0.006*"im" + 0.005*"pay" + 0.005*"people" + 0.005*"shit" + 0.005*"would"
2018-08-28 06:25:59,390 : INFO : topic diff=0.019011, rho=0.174078
2018-08-28 06:26:17,272 : INFO : -8.393 per-word bound, 336.2 perplexity estimate based on a held-out corpus of 4623 documents with 2290604 words
2018-08-28 06:26:17,273 : INFO : PROGRESS: pass 32, at document #4623/4623
2018-08-28 06:26:30,274 : INFO : topic #11 (0.025): 0.015*"coin" + 0.015*"power" + 0.011*"energy" + 0.009*"powr" + 0.008*"tesla" + 0.006*"mommy" + 0.006*"ledger" + 0.006*"partnership" + 0.005*"government" + 0.005*"australia"
2018-08-28 06:26:30,275 : INFO : topic #34 (0.025): 0.010*"future" + 0.006*"btc" + 0.006*"alt" + 0.005*"amazon" + 0.004*"50" + 0.003*"market" + 0.003*"fork" + 0.003*"doge" + 0.003*"cash" + 0.003*"sue"
2018-08-28 06:26:30,277 : INFO : topic #29 (0.025): 0.010*"du" + 0.007*"und" + 0.006*"da" + 0.005*"nicht" + 0.005*"ich" + 0.005*"der" + 0.004*"ist" + 0.004*"germany" + 0.004*"zu" + 0.004*"german"
2018-08-28 06:26:30,278 : INFO : topic #31 (0.025): 0.015*"link" + 0.012*"coin" + 0.011*"btc" + 0.009*"eth" + 0.009*"monero" + 0.008*"buy" + 0.007*"like" + 0.007*"xmr" + 0.007*"bitcoin" + 0.006*"year"
2018-08-28 06:26:30,279 : INFO : topic #24 (0.025): 0.009*"cash" + 0.008*"bitcoin" + 0.007*"financial" + 0.006*"board" + 0.004*"gang" + 0.004*"also" + 0.004*"technology" + 0.004*"digital" + 0.003*"advisory" + 0.003*"received"
2018-08-28 06:26:30,283 : INFO : topic diff=0.018097, rho=0.171499
2018-08-28 06:26:48,186 : INFO : -8.391 per-word bound, 335.8 perplexity estimate based on a held-out corpus of 4623 documents with 2290604 words
2018-08-28 06:26:48,187 : INFO : PROGRESS: pass 33, at document #4623/4623
2018-08-28 06:27:01,313 : INFO : topic #10 (0.025): 0.002*"given" + 0.001*"po" + 0.001*"kama" + 0.001*"master" + 0.001*"xzc" + 0.001*"gpu" + 0.001*"solar" + 0.001*"pow" + 0.001*"band" + 0.001*"bollinger"
2018-08-28 06:27:01,315 : INFO : topic #4 (0.025): 0.022*"token" + 0.021*"link" + 0.011*"project" + 0.010*"team" + 0.009*"use" + 0.009*"contract" + 0.008*"ico" + 0.008*"coin" + 0.008*"blockchain" + 0.008*"smart"
2018-08-28 06:27:01,316 : INFO : topic #36 (0.025): 0.024*"link" + 0.019*"quad" + 0.004*"digital" + 0.003*"value" + 0.003*"year" + 0.003*"like" + 0.003*"etherparty" + 0.003*"smart" + 0.003*"could" + 0.003*"fuel"
2018-08-28 06:27:01,317 : INFO : topic #22 (0.025): 0.017*"btc" + 0.014*"tether" + 0.008*"get" + 0.007*"exchange" + 0.007*"money" + 0.007*"bitcoin" + 0.006*"like" + 0.006*"price" + 0.006*"people" + 0.006*"buy"
2018-08-28 06:27:01,318 : INFO : topic #25 (0.025): 0.017*"req" + 0.008*"coin" + 0.008*"make" + 0.007*"buy" + 0.007*"iota" + 0.007*"get" + 0.007*"like" + 0.007*"im" + 0.006*"it" + 0.005*"go"
2018-08-28 06:27:01,323 : INFO : topic diff=0.017259, rho=0.169031
2018-08-28 06:27:19,266 : INFO : -8.390 per-word bound, 335.4 perplexity estimate based on a held-out corpus of 4623 documents with 2290604 words
2018-08-28 06:27:19,266 : INFO : PROGRESS: pass 34, at document #4623/4623
2018-08-28 06:27:32,432 : INFO : topic #10 (0.025): 0.001*"given" + 0.001*"po" + 0.001*"kama" + 0.001*"master" + 0.001*"xzc" + 0.001*"gpu" + 0.001*"pow" + 0.001*"solar" + 0.001*"band" + 0.001*"bollinger"
2018-08-28 06:27:32,434 : INFO : topic #22 (0.025): 0.017*"btc" + 0.014*"tether" + 0.007*"get" + 0.007*"exchange" + 0.007*"money" + 0.007*"bitcoin" + 0.006*"like" + 0.006*"price" + 0.006*"people" + 0.006*"buy"
2018-08-28 06:27:32,435 : INFO : topic #2 (0.025): 0.015*"buy" + 0.011*"coin" + 0.009*"going" + 0.008*"im" + 0.007*"go" + 0.006*"get" + 0.006*"like" + 0.006*"pump" + 0.006*"powr" + 0.006*"sell"
2018-08-28 06:27:32,436 : INFO : topic #18 (0.025): 0.053*"hst" + 0.016*"voting" + 0.008*"kucoin" + 0.007*"un" + 0.007*"vote" + 0.007*"horizon" + 0.006*"telegram" + 0.005*"cryptopia" + 0.005*"land" + 0.004*"united"
2018-08-28 06:27:32,437 : INFO : topic #13 (0.025): 0.011*"card" + 0.005*"pokemon" + 0.003*"prix" + 0.002*"edition" + 0.002*"yugioh" + 0.002*"mtg" + 0.002*"shape" + 0.002*"got" + 0.002*"play" + 0.002*"friend"
2018-08-28 06:27:32,442 : INFO : topic diff=0.016481, rho=0.166667
2018-08-28 06:27:50,473 : INFO : -8.388 per-word bound, 335.1 perplexity estimate based on a held-out corpus of 4623 documents with 2290604 words
2018-08-28 06:27:50,474 : INFO : PROGRESS: pass 35, at document #4623/4623
2018-08-28 06:28:04,191 : INFO : topic #36 (0.025): 0.024*"link" + 0.019*"quad" + 0.004*"digital" + 0.003*"year" + 0.003*"value" + 0.003*"like" + 0.003*"etherparty" + 0.003*"fuel" + 0.003*"could" + 0.003*"80"
2018-08-28 06:28:04,194 : INFO : topic #13 (0.025): 0.011*"card" + 0.005*"pokemon" + 0.003*"prix" + 0.002*"edition" + 0.002*"yugioh" + 0.002*"mtg" + 0.002*"shape" + 0.002*"got" + 0.002*"play" + 0.001*"charizard"
2018-08-28 06:28:04,195 : INFO : topic #16 (0.025): 0.022*"bitcoin" + 0.018*"btc" + 0.012*"bch" + 0.009*"transaction" + 0.008*"people" + 0.007*"would" + 0.006*"block" + 0.006*"miner" + 0.006*"like" + 0.005*"coin"
2018-08-28 06:28:04,198 : INFO : topic #26 (0.025): 0.009*"get" + 0.009*"like" + 0.007*"year" + 0.006*"money" + 0.006*"stock" + 0.006*"im" + 0.005*"pay" + 0.005*"people" + 0.005*"shit" + 0.005*"would"
2018-08-28 06:28:04,201 : INFO : topic #34 (0.025): 0.010*"future" + 0.005*"alt" + 0.005*"btc" + 0.005*"amazon" + 0.004*"50" + 0.003*"doge" + 0.003*"market" + 0.003*"sue" + 0.003*"bitbay" + 0.003*"fork"
2018-08-28 06:28:04,206 : INFO : topic diff=0.015779, rho=0.164399
2018-08-28 06:28:22,426 : INFO : -8.387 per-word bound, 334.7 perplexity estimate based on a held-out corpus of 4623 documents with 2290604 words
2018-08-28 06:28:22,427 : INFO : PROGRESS: pass 36, at document #4623/4623
2018-08-28 06:28:35,649 : INFO : topic #9 (0.025): 0.130*"ark" + 0.013*"delegate" + 0.012*"lisk" + 0.008*"wallet" + 0.007*"mobile" + 0.007*"deluded" + 0.006*"staking" + 0.006*"vote" + 0.004*"arkies" + 0.004*"blockchains"
2018-08-28 06:28:35,650 : INFO : topic #12 (0.025): 0.017*"btc" + 0.010*"bch" + 0.010*"going" + 0.009*"bitcoin" + 0.008*"buy" + 0.008*"like" + 0.007*"get" + 0.007*"coin" + 0.006*"go" + 0.006*"sell"
2018-08-28 06:28:35,652 : INFO : topic #19 (0.025): 0.056*"tax" + 0.023*"gain" + 0.018*"trade" + 0.018*"irs" + 0.017*"pay" + 0.016*"crypto" + 0.013*"cash" + 0.012*"capital" + 0.009*"exchange" + 0.009*"fiat"
2018-08-28 06:28:35,653 : INFO : topic #26 (0.025): 0.009*"get" + 0.009*"like" + 0.007*"year" + 0.006*"money" + 0.006*"stock" + 0.006*"im" + 0.005*"people" + 0.005*"pay" + 0.005*"would" + 0.005*"shit"
2018-08-28 06:28:35,655 : INFO : topic #33 (0.025): 0.044*"bch" + 0.024*"btc" + 0.008*"bitcoin" + 0.007*"difficulty" + 0.007*"get" + 0.007*"miner" + 0.006*"going" + 0.005*"like" + 0.005*"go" + 0.005*"time"
2018-08-28 06:28:35,659 : INFO : topic diff=0.015115, rho=0.162221
2018-08-28 06:28:53,687 : INFO : -8.386 per-word bound, 334.4 perplexity estimate based on a held-out corpus of 4623 documents with 2290604 words
2018-08-28 06:28:53,688 : INFO : PROGRESS: pass 37, at document #4623/4623
2018-08-28 06:29:06,912 : INFO : topic #29 (0.025): 0.010*"du" + 0.007*"und" + 0.006*"da" + 0.005*"nicht" + 0.005*"ich" + 0.005*"der" + 0.004*"ist" + 0.004*"germany" + 0.004*"zu" + 0.004*"german"
2018-08-28 06:29:06,914 : INFO : topic #26 (0.025): 0.009*"get" + 0.009*"like" + 0.007*"year" + 0.006*"money" + 0.006*"stock" + 0.006*"im" + 0.005*"people" + 0.005*"pay" + 0.005*"would" + 0.005*"shit"
2018-08-28 06:29:06,916 : INFO : topic #13 (0.025): 0.011*"card" + 0.005*"pokemon" + 0.003*"prix" + 0.002*"edition" + 0.002*"yugioh" + 0.002*"mtg" + 0.002*"shape" + 0.002*"play" + 0.002*"got" + 0.002*"charizard"
2018-08-28 06:29:06,917 : INFO : topic #27 (0.025): 0.006*"boomer" + 0.003*"bts" + 0.003*"home" + 0.002*"zeph" + 0.002*"generation" + 0.002*"google" + 0.002*"house" + 0.002*"parent" + 0.001*"string" + 0.001*"got"
2018-08-28 06:29:06,918 : INFO : topic #2 (0.025): 0.015*"buy" + 0.011*"coin" + 0.009*"going" + 0.008*"im" + 0.007*"go" + 0.006*"get" + 0.006*"like" + 0.006*"pump" + 0.006*"powr" + 0.006*"sell"
2018-08-28 06:29:06,922 : INFO : topic diff=0.014463, rho=0.160128
2018-08-28 06:29:25,045 : INFO : -8.384 per-word bound, 334.1 perplexity estimate based on a held-out corpus of 4623 documents with 2290604 words
2018-08-28 06:29:25,045 : INFO : PROGRESS: pass 38, at document #4623/4623
2018-08-28 06:29:38,299 : INFO : topic #32 (0.025): 0.010*"going" + 0.010*"ark" + 0.009*"arkies" + 0.007*"arkie" + 0.007*"tank" + 0.007*"get" + 0.006*"deluded" + 0.006*"pothead" + 0.006*"fucking" + 0.005*"arsehole"
2018-08-28 06:29:38,301 : INFO : topic #20 (0.025): 0.012*"buy" + 0.012*"im" + 0.010*"fucking" + 0.010*"sell" + 0.010*"bought" + 0.009*"like" + 0.008*"back" + 0.008*"fuck" + 0.008*"get" + 0.007*"shit"
2018-08-28 06:29:38,303 : INFO : topic #3 (0.025): 0.017*"application" + 0.012*"credit" + 0.012*"platform" + 0.007*"lead" + 0.006*"token" + 0.006*"product" + 0.006*"debt" + 0.005*"see" + 0.005*"currently" + 0.005*"protocol"
2018-08-28 06:29:38,304 : INFO : topic #14 (0.025): 0.008*"cp" + 0.008*"child" + 0.008*"eth" + 0.007*"vitalik" + 0.007*"people" + 0.006*"cos" + 0.006*"like" + 0.006*"it" + 0.005*"fucking" + 0.005*"he"
2018-08-28 06:29:38,305 : INFO : topic #27 (0.025): 0.006*"boomer" + 0.003*"bts" + 0.003*"home" + 0.002*"zeph" + 0.002*"generation" + 0.002*"google" + 0.002*"house" + 0.002*"parent" + 0.001*"string" + 0.001*"waterfront"
2018-08-28 06:29:38,310 : INFO : topic diff=0.013825, rho=0.158114
2018-08-28 06:29:56,494 : INFO : -8.383 per-word bound, 333.8 perplexity estimate based on a held-out corpus of 4623 documents with 2290604 words
2018-08-28 06:29:56,495 : INFO : PROGRESS: pass 39, at document #4623/4623
2018-08-28 06:30:09,765 : INFO : topic #4 (0.025): 0.022*"token" + 0.021*"link" + 0.012*"project" + 0.010*"team" + 0.009*"ico" + 0.009*"use" + 0.009*"coin" + 0.008*"contract" + 0.008*"blockchain" + 0.008*"smart"
2018-08-28 06:30:09,767 : INFO : topic #10 (0.025): 0.001*"po" + 0.001*"given" + 0.001*"kama" + 0.001*"master" + 0.001*"xzc" + 0.001*"gpu" + 0.001*"pow" + 0.001*"band" + 0.001*"bollinger" + 0.001*"solar"
2018-08-28 06:30:09,769 : INFO : topic #14 (0.025): 0.008*"cp" + 0.008*"child" + 0.008*"eth" + 0.008*"vitalik" + 0.007*"people" + 0.006*"cos" + 0.006*"like" + 0.006*"it" + 0.005*"fucking" + 0.005*"he"
2018-08-28 06:30:09,771 : INFO : topic #30 (0.025): 0.006*"people" + 0.006*"like" + 0.006*"make" + 0.005*"crypto" + 0.005*"get" + 0.005*"bitcoin" + 0.005*"year" + 0.004*"im" + 0.004*"it" + 0.004*"money"
2018-08-28 06:30:09,772 : INFO : topic #20 (0.025): 0.012*"buy" + 0.012*"im" + 0.010*"fucking" + 0.010*"sell" + 0.010*"bought" + 0.009*"like" + 0.008*"get" + 0.008*"back" + 0.008*"fuck" + 0.007*"shit"
2018-08-28 06:30:09,777 : INFO : topic diff=0.013246, rho=0.156174
2018-08-28 06:30:27,961 : INFO : -8.382 per-word bound, 333.5 perplexity estimate based on a held-out corpus of 4623 documents with 2290604 words
2018-08-28 06:30:27,961 : INFO : PROGRESS: pass 40, at document #4623/4623
2018-08-28 06:30:41,306 : INFO : topic #5 (0.025): 0.007*"ha" + 0.007*"modum" + 0.006*"year" + 0.005*"crypto" + 0.004*"token" + 0.004*"like" + 0.004*"10k" + 0.003*"company" + 0.003*"many" + 0.003*"million"
2018-08-28 06:30:41,308 : INFO : topic #18 (0.025): 0.055*"hst" + 0.017*"voting" + 0.008*"kucoin" + 0.008*"un" + 0.007*"vote" + 0.007*"horizon" + 0.006*"telegram" + 0.006*"cryptopia" + 0.005*"land" + 0.004*"united"
2018-08-28 06:30:41,309 : INFO : topic #22 (0.025): 0.016*"btc" + 0.015*"tether" + 0.007*"get" + 0.007*"exchange" + 0.007*"money" + 0.007*"bitcoin" + 0.006*"price" + 0.006*"like" + 0.006*"people" + 0.006*"bitfinex"
2018-08-28 06:30:41,310 : INFO : topic #13 (0.025): 0.011*"card" + 0.005*"pokemon" + 0.003*"prix" + 0.002*"edition" + 0.002*"yugioh" + 0.002*"mtg" + 0.002*"shape" + 0.002*"play" + 0.002*"charizard" + 0.002*"deck"
2018-08-28 06:30:41,312 : INFO : topic #37 (0.025): 0.019*"fomo" + 0.009*"la" + 0.005*"weed" + 0.004*"economics" + 0.004*"smoke" + 0.003*"not" + 0.003*"3d" + 0.003*"phase" + 0.002*"remove" + 0.002*"emotion"
2018-08-28 06:30:41,316 : INFO : topic diff=0.012715, rho=0.154303
2018-08-28 06:30:59,516 : INFO : -8.381 per-word bound, 333.3 perplexity estimate based on a held-out corpus of 4623 documents with 2290604 words
2018-08-28 06:30:59,517 : INFO : PROGRESS: pass 41, at document #4623/4623
2018-08-28 06:31:12,876 : INFO : topic #11 (0.025): 0.016*"power" + 0.015*"coin" + 0.012*"energy" + 0.010*"powr" + 0.009*"tesla" + 0.006*"mommy" + 0.006*"ledger" + 0.006*"partnership" + 0.005*"solar" + 0.005*"government"
2018-08-28 06:31:12,877 : INFO : topic #36 (0.025): 0.024*"link" + 0.020*"quad" + 0.004*"digital" + 0.003*"year" + 0.003*"etherparty" + 0.003*"fuel" + 0.003*"80" + 0.003*"could" + 0.003*"value" + 0.003*"like"
2018-08-28 06:31:12,879 : INFO : topic #23 (0.025): 0.084*"die" + 0.002*"1000" + 0.002*"zencash" + 0.001*"biweekly" + 0.001*"550" + 0.001*"miit" + 0.001*"week" + 0.001*"erotix" + 0.001*"compliant" + 0.001*"4"
2018-08-28 06:31:12,881 : INFO : topic #17 (0.025): 0.017*"sergey" + 0.012*"steve" + 0.011*"link" + 0.011*"language" + 0.010*"trying" + 0.010*"one" + 0.008*"mac" + 0.007*"he" + 0.007*"rory" + 0.006*"big"
2018-08-28 06:31:12,883 : INFO : topic #18 (0.025): 0.055*"hst" + 0.017*"voting" + 0.008*"kucoin" + 0.008*"un" + 0.007*"vote" + 0.007*"horizon" + 0.006*"cryptopia" + 0.006*"telegram" + 0.005*"land" + 0.004*"united"
2018-08-28 06:31:12,887 : INFO : topic diff=0.012211, rho=0.152499
2018-08-28 06:31:31,137 : INFO : -8.380 per-word bound, 333.0 perplexity estimate based on a held-out corpus of 4623 documents with 2290604 words
2018-08-28 06:31:31,137 : INFO : PROGRESS: pass 42, at document #4623/4623
2018-08-28 06:31:44,508 : INFO : topic #31 (0.025): 0.015*"link" + 0.013*"coin" + 0.012*"btc" + 0.010*"eth" + 0.009*"monero" + 0.009*"buy" + 0.007*"xmr" + 0.007*"like" + 0.007*"year" + 0.006*"bitcoin"
2018-08-28 06:31:44,510 : INFO : topic #0 (0.025): 0.007*"trip" + 0.005*"op" + 0.004*"resume" + 0.003*"get" + 0.003*"job" + 0.002*"give" + 0.002*"winner" + 0.002*"roll" + 0.002*"gpi" + 0.002*"please"
2018-08-28 06:31:44,511 : INFO : topic #18 (0.025): 0.056*"hst" + 0.017*"voting" + 0.008*"kucoin" + 0.008*"un" + 0.007*"vote" + 0.007*"horizon" + 0.006*"cryptopia" + 0.006*"telegram" + 0.005*"land" + 0.004*"united"
2018-08-28 06:31:44,512 : INFO : topic #9 (0.025): 0.136*"ark" + 0.013*"delegate" + 0.013*"lisk" + 0.009*"wallet" + 0.007*"mobile" + 0.007*"deluded" + 0.006*"staking" + 0.006*"vote" + 0.005*"arkies" + 0.004*"faucet"
2018-08-28 06:31:44,514 : INFO : topic #30 (0.025): 0.006*"people" + 0.006*"like" + 0.006*"make" + 0.005*"crypto" + 0.005*"get" + 0.005*"bitcoin" + 0.005*"year" + 0.004*"it" + 0.004*"im" + 0.004*"money"
2018-08-28 06:31:44,518 : INFO : topic diff=0.011743, rho=0.150756
2018-08-28 06:32:02,831 : INFO : -8.378 per-word bound, 332.8 perplexity estimate based on a held-out corpus of 4623 documents with 2290604 words
2018-08-28 06:32:02,832 : INFO : PROGRESS: pass 43, at document #4623/4623
2018-08-28 06:32:16,454 : INFO : topic #9 (0.025): 0.136*"ark" + 0.013*"delegate" + 0.013*"lisk" + 0.009*"wallet" + 0.007*"mobile" + 0.007*"deluded" + 0.006*"staking" + 0.006*"vote" + 0.005*"arkies" + 0.004*"faucet"
2018-08-28 06:32:16,456 : INFO : topic #36 (0.025): 0.024*"link" + 0.020*"quad" + 0.004*"digital" + 0.003*"year" + 0.003*"etherparty" + 0.003*"fuel" + 0.003*"80" + 0.003*"could" + 0.003*"like" + 0.003*"value"
2018-08-28 06:32:16,457 : INFO : topic #26 (0.025): 0.009*"get" + 0.009*"like" + 0.007*"year" + 0.006*"money" + 0.006*"stock" + 0.006*"im" + 0.005*"people" + 0.005*"pay" + 0.005*"would" + 0.005*"shit"
2018-08-28 06:32:16,458 : INFO : topic #2 (0.025): 0.015*"buy" + 0.011*"coin" + 0.009*"going" + 0.008*"im" + 0.007*"go" + 0.006*"get" + 0.006*"like" + 0.006*"pump" + 0.006*"powr" + 0.006*"sell"
2018-08-28 06:32:16,460 : INFO : topic #17 (0.025): 0.017*"sergey" + 0.012*"steve" + 0.011*"language" + 0.011*"link" + 0.011*"trying" + 0.010*"one" + 0.008*"mac" + 0.007*"he" + 0.007*"rory" + 0.006*"big"
2018-08-28 06:32:16,464 : INFO : topic diff=0.011340, rho=0.149071
2018-08-28 06:32:34,821 : INFO : -8.377 per-word bound, 332.6 perplexity estimate based on a held-out corpus of 4623 documents with 2290604 words
2018-08-28 06:32:34,822 : INFO : PROGRESS: pass 44, at document #4623/4623
2018-08-28 06:32:48,305 : INFO : topic #38 (0.025): 0.010*"get" + 0.010*"like" + 0.009*"make" + 0.008*"im" + 0.008*"money" + 0.006*"people" + 0.006*"one" + 0.006*"good" + 0.006*"want" + 0.006*"fucking"
2018-08-28 06:32:48,308 : INFO : topic #36 (0.025): 0.024*"link" + 0.020*"quad" + 0.004*"digital" + 0.003*"year" + 0.003*"etherparty" + 0.003*"fuel" + 0.003*"80" + 0.003*"could" + 0.003*"like" + 0.003*"value"
2018-08-28 06:32:48,310 : INFO : topic #3 (0.025): 0.017*"application" + 0.012*"credit" + 0.011*"platform" + 0.007*"lead" + 0.006*"token" + 0.006*"debt" + 0.006*"product" + 0.005*"see" + 0.005*"currently" + 0.005*"protocol"
2018-08-28 06:32:48,312 : INFO : topic #18 (0.025): 0.056*"hst" + 0.017*"voting" + 0.008*"kucoin" + 0.008*"un" + 0.007*"vote" + 0.007*"horizon" + 0.006*"cryptopia" + 0.006*"telegram" + 0.005*"land" + 0.004*"united"
2018-08-28 06:32:48,313 : INFO : topic #27 (0.025): 0.006*"boomer" + 0.004*"bts" + 0.003*"zeph" + 0.002*"home" + 0.002*"generation" + 0.002*"google" + 0.002*"house" + 0.002*"parent" + 0.001*"string" + 0.001*"waterfront"
2018-08-28 06:32:48,317 : INFO : topic diff=0.010959, rho=0.147442
2018-08-28 06:33:07,250 : INFO : -8.376 per-word bound, 332.3 perplexity estimate based on a held-out corpus of 4623 documents with 2290604 words
2018-08-28 06:33:07,252 : INFO : PROGRESS: pass 45, at document #4623/4623
2018-08-28 06:33:20,951 : INFO : topic #8 (0.025): 0.004*"minereum" + 0.004*"a" + 0.004*"bot" + 0.003*"poll" + 0.003*"ta" + 0.003*"in" + 0.003*"sent" + 0.003*"eth" + 0.002*"guy" + 0.002*"english"
2018-08-28 06:33:20,953 : INFO : topic #19 (0.025): 0.057*"tax" + 0.023*"gain" + 0.019*"trade" + 0.018*"pay" + 0.017*"irs" + 0.017*"crypto" + 0.014*"cash" + 0.012*"capital" + 0.009*"fiat" + 0.009*"exchange"
2018-08-28 06:33:20,955 : INFO : topic #20 (0.025): 0.013*"buy" + 0.012*"im" + 0.010*"fucking" + 0.010*"sell" + 0.010*"bought" + 0.009*"like" + 0.009*"get" + 0.008*"fuck" + 0.008*"back" + 0.007*"shit"
2018-08-28 06:33:20,956 : INFO : topic #37 (0.025): 0.019*"fomo" + 0.009*"la" + 0.005*"weed" + 0.004*"economics" + 0.004*"smoke" + 0.003*"not" + 0.003*"3d" + 0.003*"phase" + 0.002*"remove" + 0.002*"emotion"
2018-08-28 06:33:20,957 : INFO : topic #14 (0.025): 0.009*"cp" + 0.009*"eth" + 0.008*"child" + 0.008*"vitalik" + 0.007*"people" + 0.006*"cos" + 0.006*"like" + 0.006*"it" + 0.005*"fucking" + 0.005*"he"
2018-08-28 06:33:20,962 : INFO : topic diff=0.010545, rho=0.145865
2018-08-28 06:33:39,341 : INFO : -8.376 per-word bound, 332.1 perplexity estimate based on a held-out corpus of 4623 documents with 2290604 words
2018-08-28 06:33:39,342 : INFO : PROGRESS: pass 46, at document #4623/4623
2018-08-28 06:33:52,923 : INFO : topic #1 (0.025): 0.020*"wallet" + 0.009*"get" + 0.009*"address" + 0.009*"exchange" + 0.009*"use" + 0.007*"send" + 0.006*"like" + 0.006*"coin" + 0.006*"buy" + 0.006*"im"
2018-08-28 06:33:52,927 : INFO : topic #0 (0.025): 0.007*"trip" + 0.005*"op" + 0.004*"resume" + 0.003*"job" + 0.003*"get" + 0.002*"winner" + 0.002*"give" + 0.002*"roll" + 0.002*"gpi" + 0.002*"please"
2018-08-28 06:33:52,928 : INFO : topic #19 (0.025): 0.058*"tax" + 0.023*"gain" + 0.019*"trade" + 0.018*"pay" + 0.017*"irs" + 0.017*"crypto" + 0.014*"cash" + 0.012*"capital" + 0.009*"fiat" + 0.009*"exchange"
2018-08-28 06:33:52,930 : INFO : topic #7 (0.025): 0.013*"god" + 0.012*"tell" + 0.011*"please" + 0.010*"oh" + 0.007*"odn" + 0.004*"insurance" + 0.004*"little" + 0.003*"pungent" + 0.003*"taste" + 0.003*"yes"
2018-08-28 06:33:52,931 : INFO : topic #24 (0.025): 0.009*"cash" + 0.007*"financial" + 0.007*"board" + 0.006*"bitcoin" + 0.004*"gang" + 0.004*"also" + 0.004*"technology" + 0.004*"digital" + 0.003*"clinton" + 0.003*"advisory"
2018-08-28 06:33:52,936 : INFO : topic diff=0.010160, rho=0.144338
2018-08-28 06:34:11,342 : INFO : -8.375 per-word bound, 331.9 perplexity estimate based on a held-out corpus of 4623 documents with 2290604 words
2018-08-28 06:34:11,343 : INFO : PROGRESS: pass 47, at document #4623/4623
2018-08-28 06:34:24,968 : INFO : topic #3 (0.025): 0.017*"application" + 0.012*"credit" + 0.011*"platform" + 0.007*"lead" + 0.006*"token" + 0.006*"debt" + 0.006*"product" + 0.005*"see" + 0.005*"currently" + 0.005*"protocol"
2018-08-28 06:34:24,970 : INFO : topic #5 (0.025): 0.008*"ha" + 0.008*"modum" + 0.006*"year" + 0.004*"crypto" + 0.004*"10k" + 0.004*"token" + 0.003*"like" + 0.003*"pharma" + 0.003*"many" + 0.003*"company"
2018-08-28 06:34:24,971 : INFO : topic #25 (0.025): 0.023*"req" + 0.010*"iota" + 0.008*"coin" + 0.008*"make" + 0.007*"get" + 0.007*"buy" + 0.006*"like" + 0.006*"im" + 0.006*"it" + 0.005*"omg"
2018-08-28 06:34:24,973 : INFO : topic #21 (0.025): 0.134*"neo" + 0.038*"news" + 0.026*"china" + 0.020*"chinese" + 0.015*"gas" + 0.013*"etp" + 0.009*"government" + 0.007*"eth" + 0.006*"icos" + 0.006*"announcement"
2018-08-28 06:34:24,974 : INFO : topic #22 (0.025): 0.016*"btc" + 0.015*"tether" + 0.007*"exchange" + 0.007*"money" + 0.007*"get" + 0.007*"bitcoin" + 0.006*"price" + 0.006*"like" + 0.006*"bitfinex" + 0.006*"people"
2018-08-28 06:34:24,978 : INFO : topic diff=0.009809, rho=0.142857
2018-08-28 06:34:43,558 : INFO : -8.374 per-word bound, 331.7 perplexity estimate based on a held-out corpus of 4623 documents with 2290604 words
2018-08-28 06:34:43,558 : INFO : PROGRESS: pass 48, at document #4623/4623
2018-08-28 06:34:57,126 : INFO : topic #35 (0.025): 0.014*"linkies" + 0.012*"linkie" + 0.011*"deranged" + 0.011*"rent" + 0.011*"link" + 0.010*"omisego" + 0.008*"sticker" + 0.008*"free" + 0.007*"surely" + 0.007*"common"
2018-08-28 06:34:57,127 : INFO : topic #0 (0.025): 0.007*"trip" + 0.004*"op" + 0.004*"resume" + 0.003*"job" + 0.002*"get" + 0.002*"winner" + 0.002*"roll" + 0.002*"give" + 0.002*"gpi" + 0.002*"poc"
2018-08-28 06:34:57,129 : INFO : topic #29 (0.025): 0.010*"du" + 0.007*"und" + 0.006*"da" + 0.005*"nicht" + 0.005*"ich" + 0.005*"der" + 0.004*"ist" + 0.004*"germany" + 0.004*"zu" + 0.004*"german"
2018-08-28 06:34:57,130 : INFO : topic #13 (0.025): 0.011*"card" + 0.005*"pokemon" + 0.003*"prix" + 0.002*"edition" + 0.002*"yugioh" + 0.002*"mtg" + 0.002*"shape" + 0.002*"icx" + 0.002*"play" + 0.002*"charizard"
2018-08-28 06:34:57,132 : INFO : topic #11 (0.025): 0.017*"power" + 0.015*"coin" + 0.013*"energy" + 0.010*"powr" + 0.009*"tesla" + 0.007*"mommy" + 0.007*"ledger" + 0.006*"solar" + 0.006*"partnership" + 0.006*"government"
2018-08-28 06:34:57,136 : INFO : topic diff=0.009478, rho=0.141421
2018-08-28 06:35:15,621 : INFO : -8.373 per-word bound, 331.5 perplexity estimate based on a held-out corpus of 4623 documents with 2290604 words
2018-08-28 06:35:15,623 : INFO : PROGRESS: pass 49, at document #4623/4623
2018-08-28 06:35:29,183 : INFO : topic #38 (0.025): 0.010*"get" + 0.010*"like" + 0.009*"make" + 0.008*"im" + 0.008*"money" + 0.006*"people" + 0.006*"one" + 0.006*"good" + 0.006*"want" + 0.006*"fucking"
2018-08-28 06:35:29,186 : INFO : topic #15 (0.025): 0.059*"sage" + 0.021*"bat" + 0.007*"brave" + 0.006*"ad" + 0.006*"browser" + 0.005*"youtube" + 0.005*"language" + 0.004*"youtubers" + 0.003*"salt" + 0.003*"english"
2018-08-28 06:35:29,188 : INFO : topic #17 (0.025): 0.017*"sergey" + 0.013*"steve" + 0.011*"language" + 0.011*"link" + 0.011*"trying" + 0.010*"one" + 0.008*"mac" + 0.007*"he" + 0.007*"rory" + 0.006*"basement"
2018-08-28 06:35:29,189 : INFO : topic #3 (0.025): 0.017*"application" + 0.012*"credit" + 0.012*"platform" + 0.007*"lead" + 0.006*"token" + 0.006*"product" + 0.006*"debt" + 0.005*"see" + 0.005*"currently" + 0.005*"protocol"
2018-08-28 06:35:29,191 : INFO : topic #4 (0.025): 0.021*"token" + 0.021*"link" + 0.012*"project" + 0.010*"team" + 0.010*"coin" + 0.009*"ico" + 0.008*"use" + 0.008*"contract" + 0.007*"market" + 0.007*"blockchain"
2018-08-28 06:35:29,195 : INFO : topic diff=0.009167, rho=0.140028
2018-08-28 06:35:47,757 : INFO : -8.372 per-word bound, 331.3 perplexity estimate based on a held-out corpus of 4623 documents with 2290604 words
2018-08-28 06:35:47,758 : INFO : PROGRESS: pass 50, at document #4623/4623
2018-08-28 06:36:01,336 : INFO : topic #23 (0.025): 0.085*"die" + 0.002*"1000" + 0.002*"zencash" + 0.001*"biweekly" + 0.001*"550" + 0.001*"miit" + 0.001*"compliant" + 0.001*"erotix" + 0.001*"bundled" + 0.001*"di"
2018-08-28 06:36:01,338 : INFO : topic #39 (0.025): 0.191*"chancoin" + 0.015*"4chn" + 0.011*"coin" + 0.006*"discord" + 0.006*"tipping" + 0.004*"name" + 0.004*"chan" + 0.004*"00100000" + 0.004*"wallet" + 0.004*"post"
2018-08-28 06:36:01,339 : INFO : topic #13 (0.025): 0.011*"card" + 0.005*"pokemon" + 0.003*"prix" + 0.002*"edition" + 0.002*"yugioh" + 0.002*"mtg" + 0.002*"shape" + 0.002*"icx" + 0.002*"play" + 0.002*"charizard"
2018-08-28 06:36:01,341 : INFO : topic #30 (0.025): 0.006*"people" + 0.005*"make" + 0.005*"like" + 0.005*"crypto" + 0.005*"get" + 0.005*"bitcoin" + 0.004*"year" + 0.004*"it" + 0.004*"im" + 0.004*"money"
2018-08-28 06:36:01,343 : INFO : topic #16 (0.025): 0.022*"bitcoin" + 0.018*"btc" + 0.013*"bch" + 0.009*"transaction" + 0.008*"people" + 0.007*"would" + 0.006*"block" + 0.006*"miner" + 0.006*"like" + 0.005*"one"
2018-08-28 06:36:01,347 : INFO : topic diff=0.008882, rho=0.138675
2018-08-28 06:36:19,992 : INFO : -8.371 per-word bound, 331.2 perplexity estimate based on a held-out corpus of 4623 documents with 2290604 words
2018-08-28 06:36:19,993 : INFO : PROGRESS: pass 51, at document #4623/4623
2018-08-28 06:36:33,600 : INFO : topic #27 (0.025): 0.006*"boomer" + 0.004*"bts" + 0.004*"zeph" + 0.002*"generation" + 0.002*"home" + 0.002*"bitshares" + 0.002*"google" + 0.002*"house" + 0.002*"string" + 0.001*"parent"
2018-08-28 06:36:33,603 : INFO : topic #19 (0.025): 0.058*"tax" + 0.023*"gain" + 0.019*"trade" + 0.018*"pay" + 0.017*"irs" + 0.017*"crypto" + 0.014*"cash" + 0.012*"capital" + 0.010*"fiat" + 0.009*"exchange"
2018-08-28 06:36:33,605 : INFO : topic #28 (0.025): 0.003*"zrx" + 0.002*"btc" + 0.002*"month" + 0.001*"gambling" + 0.001*"bancor" + 0.001*"right" + 0.001*"04" + 0.001*"kike" + 0.001*"bittrex" + 0.001*"alt"
2018-08-28 06:36:33,606 : INFO : topic #9 (0.025): 0.142*"ark" + 0.014*"delegate" + 0.013*"lisk" + 0.009*"wallet" + 0.008*"mobile" + 0.007*"deluded" + 0.007*"staking" + 0.006*"vote" + 0.005*"arkies" + 0.005*"faucet"
2018-08-28 06:36:33,608 : INFO : topic #20 (0.025): 0.013*"buy" + 0.012*"im" + 0.010*"fucking" + 0.010*"sell" + 0.010*"bought" + 0.009*"like" + 0.009*"get" + 0.008*"fuck" + 0.008*"back" + 0.008*"shit"
2018-08-28 06:36:33,612 : INFO : topic diff=0.008586, rho=0.137361
2018-08-28 06:36:52,186 : INFO : -8.371 per-word bound, 331.0 perplexity estimate based on a held-out corpus of 4623 documents with 2290604 words
2018-08-28 06:36:52,186 : INFO : PROGRESS: pass 52, at document #4623/4623
2018-08-28 06:37:05,776 : INFO : topic #19 (0.025): 0.058*"tax" + 0.023*"gain" + 0.019*"trade" + 0.018*"pay" + 0.017*"irs" + 0.017*"crypto" + 0.014*"cash" + 0.012*"capital" + 0.010*"fiat" + 0.009*"exchange"
2018-08-28 06:37:05,778 : INFO : topic #39 (0.025): 0.191*"chancoin" + 0.015*"4chn" + 0.011*"coin" + 0.007*"discord" + 0.006*"tipping" + 0.004*"name" + 0.004*"chan" + 0.004*"00100000" + 0.004*"wallet" + 0.004*"post"
2018-08-28 06:37:05,779 : INFO : topic #20 (0.025): 0.013*"buy" + 0.012*"im" + 0.010*"fucking" + 0.010*"sell" + 0.010*"bought" + 0.009*"get" + 0.009*"like" + 0.008*"fuck" + 0.008*"back" + 0.008*"shit"
2018-08-28 06:37:05,781 : INFO : topic #14 (0.025): 0.009*"eth" + 0.009*"cp" + 0.009*"vitalik" + 0.009*"child" + 0.007*"people" + 0.006*"cos" + 0.005*"he" + 0.005*"it" + 0.005*"fucking" + 0.005*"like"
2018-08-28 06:37:05,782 : INFO : topic #13 (0.025): 0.011*"card" + 0.005*"pokemon" + 0.003*"prix" + 0.002*"edition" + 0.002*"yugioh" + 0.002*"mtg" + 0.002*"shape" + 0.002*"icx" + 0.002*"charizard" + 0.002*"deck"
2018-08-28 06:37:05,787 : INFO : topic diff=0.008327, rho=0.136083
2018-08-28 06:37:24,333 : INFO : -8.370 per-word bound, 330.8 perplexity estimate based on a held-out corpus of 4623 documents with 2290604 words
2018-08-28 06:37:24,333 : INFO : PROGRESS: pass 53, at document #4623/4623
2018-08-28 06:37:37,969 : INFO : topic #29 (0.025): 0.010*"du" + 0.007*"und" + 0.006*"da" + 0.005*"nicht" + 0.005*"ich" + 0.005*"der" + 0.004*"ist" + 0.004*"germany" + 0.004*"zu" + 0.004*"german"
2018-08-28 06:37:37,971 : INFO : topic #24 (0.025): 0.008*"cash" + 0.007*"financial" + 0.007*"board" + 0.006*"bitcoin" + 0.004*"gang" + 0.004*"also" + 0.004*"technology" + 0.004*"digital" + 0.003*"clinton" + 0.003*"advisory"
2018-08-28 06:37:37,973 : INFO : topic #35 (0.025): 0.014*"linkies" + 0.012*"linkie" + 0.012*"deranged" + 0.011*"rent" + 0.011*"link" + 0.010*"omisego" + 0.008*"sticker" + 0.008*"free" + 0.007*"surely" + 0.007*"common"
2018-08-28 06:37:37,974 : INFO : topic #22 (0.025): 0.016*"btc" + 0.015*"tether" + 0.007*"exchange" + 0.007*"money" + 0.007*"get" + 0.007*"bitcoin" + 0.006*"price" + 0.006*"bitfinex" + 0.006*"like" + 0.006*"people"
2018-08-28 06:37:37,976 : INFO : topic #23 (0.025): 0.086*"die" + 0.002*"1000" + 0.002*"zencash" + 0.001*"biweekly" + 0.001*"550" + 0.001*"miit" + 0.001*"compliant" + 0.001*"erotix" + 0.001*"bundled" + 0.001*"cranial"
2018-08-28 06:37:37,980 : INFO : topic diff=0.008080, rho=0.134840
2018-08-28 06:37:56,445 : INFO : -8.369 per-word bound, 330.7 perplexity estimate based on a held-out corpus of 4623 documents with 2290604 words
2018-08-28 06:37:56,445 : INFO : PROGRESS: pass 54, at document #4623/4623
2018-08-28 06:38:10,234 : INFO : topic #11 (0.025): 0.017*"power" + 0.015*"coin" + 0.014*"energy" + 0.011*"powr" + 0.010*"tesla" + 0.007*"mommy" + 0.007*"ledger" + 0.006*"solar" + 0.006*"partnership" + 0.006*"government"
2018-08-28 06:38:10,237 : INFO : topic #10 (0.025): 0.001*"po" + 0.001*"kama" + 0.001*"master" + 0.001*"xzc" + 0.001*"given" + 0.001*"exec" + 0.001*"pow" + 0.001*"gpu" + 0.001*"band" + 0.001*"proving"
2018-08-28 06:38:10,238 : INFO : topic #38 (0.025): 0.010*"get" + 0.010*"like" + 0.009*"make" + 0.008*"im" + 0.008*"money" + 0.006*"people" + 0.006*"one" + 0.006*"want" + 0.006*"good" + 0.006*"fucking"
2018-08-28 06:38:10,239 : INFO : topic #21 (0.025): 0.137*"neo" + 0.039*"news" + 0.027*"china" + 0.021*"chinese" + 0.015*"gas" + 0.013*"etp" + 0.010*"government" + 0.007*"eth" + 0.007*"icos" + 0.006*"announcement"
2018-08-28 06:38:10,241 : INFO : topic #1 (0.025): 0.020*"wallet" + 0.010*"get" + 0.009*"address" + 0.009*"exchange" + 0.009*"use" + 0.007*"send" + 0.006*"like" + 0.006*"coin" + 0.006*"im" + 0.006*"buy"
2018-08-28 06:38:10,245 : INFO : topic diff=0.007828, rho=0.133631
2018-08-28 06:38:28,722 : INFO : -8.369 per-word bound, 330.5 perplexity estimate based on a held-out corpus of 4623 documents with 2290604 words
2018-08-28 06:38:28,722 : INFO : PROGRESS: pass 55, at document #4623/4623
2018-08-28 06:38:42,332 : INFO : topic #1 (0.025): 0.020*"wallet" + 0.010*"get" + 0.009*"address" + 0.009*"exchange" + 0.009*"use" + 0.007*"send" + 0.006*"like" + 0.006*"coin" + 0.006*"im" + 0.006*"buy"
2018-08-28 06:38:42,333 : INFO : topic #2 (0.025): 0.015*"buy" + 0.011*"coin" + 0.009*"going" + 0.008*"im" + 0.007*"go" + 0.006*"get" + 0.006*"pump" + 0.006*"like" + 0.006*"powr" + 0.005*"sell"
2018-08-28 06:38:42,335 : INFO : topic #11 (0.025): 0.018*"power" + 0.015*"coin" + 0.014*"energy" + 0.011*"powr" + 0.010*"tesla" + 0.007*"mommy" + 0.007*"ledger" + 0.006*"solar" + 0.006*"partnership" + 0.006*"government"
2018-08-28 06:38:42,336 : INFO : topic #34 (0.025): 0.009*"future" + 0.006*"amazon" + 0.004*"50" + 0.004*"bitbay" + 0.004*"doge" + 0.004*"sue" + 0.003*"damage" + 0.003*"marketplace" + 0.003*"court" + 0.003*"settlement"
2018-08-28 06:38:42,338 : INFO : topic #17 (0.025): 0.017*"sergey" + 0.013*"steve" + 0.011*"language" + 0.011*"trying" + 0.011*"link" + 0.010*"one" + 0.008*"mac" + 0.007*"he" + 0.007*"rory" + 0.006*"basement"
2018-08-28 06:38:42,342 : INFO : topic diff=0.007600, rho=0.132453
2018-08-28 06:39:00,834 : INFO : -8.368 per-word bound, 330.4 perplexity estimate based on a held-out corpus of 4623 documents with 2290604 words
2018-08-28 06:39:00,834 : INFO : PROGRESS: pass 56, at document #4623/4623
2018-08-28 06:39:14,466 : INFO : topic #17 (0.025): 0.017*"sergey" + 0.013*"steve" + 0.011*"language" + 0.011*"trying" + 0.011*"link" + 0.010*"one" + 0.008*"mac" + 0.007*"he" + 0.007*"rory" + 0.006*"basement"
2018-08-28 06:39:14,467 : INFO : topic #2 (0.025): 0.015*"buy" + 0.011*"coin" + 0.009*"going" + 0.008*"im" + 0.007*"go" + 0.006*"get" + 0.006*"pump" + 0.006*"like" + 0.006*"powr" + 0.005*"sell"
2018-08-28 06:39:14,469 : INFO : topic #13 (0.025): 0.011*"card" + 0.005*"pokemon" + 0.003*"prix" + 0.002*"edition" + 0.002*"yugioh" + 0.002*"mtg" + 0.002*"shape" + 0.002*"icx" + 0.002*"charizard" + 0.002*"deck"
2018-08-28 06:39:14,470 : INFO : topic #4 (0.025): 0.021*"token" + 0.021*"link" + 0.012*"project" + 0.010*"coin" + 0.010*"team" + 0.009*"ico" + 0.008*"use" + 0.008*"contract" + 0.008*"market" + 0.007*"blockchain"
2018-08-28 06:39:14,472 : INFO : topic #16 (0.025): 0.023*"bitcoin" + 0.018*"btc" + 0.013*"bch" + 0.009*"transaction" + 0.008*"people" + 0.007*"would" + 0.006*"block" + 0.006*"miner" + 0.006*"like" + 0.005*"one"
2018-08-28 06:39:14,476 : INFO : topic diff=0.007381, rho=0.131306
2018-08-28 06:39:32,962 : INFO : -8.367 per-word bound, 330.2 perplexity estimate based on a held-out corpus of 4623 documents with 2290604 words
2018-08-28 06:39:32,962 : INFO : PROGRESS: pass 57, at document #4623/4623
2018-08-28 06:39:46,581 : INFO : topic #30 (0.025): 0.006*"people" + 0.005*"make" + 0.005*"crypto" + 0.005*"like" + 0.005*"get" + 0.005*"bitcoin" + 0.004*"it" + 0.004*"year" + 0.004*"im" + 0.004*"good"
2018-08-28 06:39:46,583 : INFO : topic #23 (0.025): 0.086*"die" + 0.002*"1000" + 0.002*"zencash" + 0.001*"biweekly" + 0.001*"550" + 0.001*"miit" + 0.001*"compliant" + 0.001*"erotix" + 0.001*"bundled" + 0.001*"cranial"
2018-08-28 06:39:46,585 : INFO : topic #39 (0.025): 0.192*"chancoin" + 0.015*"4chn" + 0.011*"coin" + 0.007*"discord" + 0.006*"tipping" + 0.004*"chan" + 0.004*"name" + 0.004*"00100000" + 0.004*"wallet" + 0.004*"post"
2018-08-28 06:39:46,586 : INFO : topic #33 (0.025): 0.047*"bch" + 0.023*"btc" + 0.009*"difficulty" + 0.008*"get" + 0.007*"miner" + 0.007*"bitcoin" + 0.005*"going" + 0.005*"go" + 0.005*"cash" + 0.004*"like"
2018-08-28 06:39:46,588 : INFO : topic #14 (0.025): 0.010*"eth" + 0.009*"vitalik" + 0.009*"cp" + 0.009*"child" + 0.007*"people" + 0.006*"he" + 0.006*"cos" + 0.005*"fucking" + 0.005*"it" + 0.005*"like"
2018-08-28 06:39:46,592 : INFO : topic diff=0.007182, rho=0.130189
2018-08-28 06:40:05,012 : INFO : -8.367 per-word bound, 330.1 perplexity estimate based on a held-out corpus of 4623 documents with 2290604 words
2018-08-28 06:40:05,013 : INFO : PROGRESS: pass 58, at document #4623/4623
2018-08-28 06:40:18,677 : INFO : topic #20 (0.025): 0.014*"buy" + 0.012*"im" + 0.010*"sell" + 0.010*"fucking" + 0.010*"bought" + 0.009*"get" + 0.009*"like" + 0.008*"fuck" + 0.008*"back" + 0.008*"shit"
2018-08-28 06:40:18,679 : INFO : topic #36 (0.025): 0.024*"link" + 0.021*"quad" + 0.005*"digital" + 0.003*"etherparty" + 0.003*"fuel" + 0.003*"year" + 0.003*"80" + 0.003*"could" + 0.002*"like" + 0.002*"thread"
2018-08-28 06:40:18,680 : INFO : topic #0 (0.025): 0.008*"trip" + 0.004*"resume" + 0.004*"op" + 0.003*"job" + 0.002*"winner" + 0.002*"roll" + 0.002*"gpi" + 0.002*"poc" + 0.002*"give" + 0.002*"reroll"
2018-08-28 06:40:18,681 : INFO : topic #15 (0.025): 0.061*"sage" + 0.022*"bat" + 0.008*"brave" + 0.007*"ad" + 0.006*"browser" + 0.005*"youtube" + 0.005*"language" + 0.005*"youtubers" + 0.003*"salt" + 0.003*"english"
2018-08-28 06:40:18,683 : INFO : topic #39 (0.025): 0.192*"chancoin" + 0.015*"4chn" + 0.011*"coin" + 0.007*"discord" + 0.006*"tipping" + 0.005*"chan" + 0.004*"name" + 0.004*"00100000" + 0.004*"post" + 0.004*"wallet"
2018-08-28 06:40:18,687 : INFO : topic diff=0.006984, rho=0.129099
2018-08-28 06:40:37,205 : INFO : -8.366 per-word bound, 329.9 perplexity estimate based on a held-out corpus of 4623 documents with 2290604 words
2018-08-28 06:40:37,206 : INFO : PROGRESS: pass 59, at document #4623/4623
2018-08-28 06:40:50,858 : INFO : topic #3 (0.025): 0.017*"application" + 0.012*"credit" + 0.012*"platform" + 0.007*"lead" + 0.006*"token" + 0.006*"product" + 0.006*"debt" + 0.005*"see" + 0.005*"currently" + 0.005*"protocol"
2018-08-28 06:40:50,860 : INFO : topic #8 (0.025): 0.004*"minereum" + 0.004*"a" + 0.004*"bot" + 0.003*"poll" + 0.003*"in" + 0.003*"ta" + 0.002*"sent" + 0.002*"english" + 0.002*"mne" + 0.002*"postcard"
2018-08-28 06:40:50,861 : INFO : topic #22 (0.025): 0.015*"btc" + 0.015*"tether" + 0.007*"money" + 0.007*"exchange" + 0.007*"get" + 0.007*"bitcoin" + 0.006*"price" + 0.006*"bitfinex" + 0.006*"people" + 0.006*"like"
2018-08-28 06:40:50,862 : INFO : topic #32 (0.025): 0.010*"ark" + 0.010*"going" + 0.010*"arkies" + 0.008*"tank" + 0.008*"arkie" + 0.007*"deluded" + 0.007*"pothead" + 0.006*"get" + 0.006*"arsehole" + 0.006*"wagecucking"
2018-08-28 06:40:50,864 : INFO : topic #23 (0.025): 0.086*"die" + 0.002*"1000" + 0.002*"zencash" + 0.001*"biweekly" + 0.001*"550" + 0.001*"miit" + 0.001*"compliant" + 0.001*"erotix" + 0.001*"bundled" + 0.001*"cranial"
2018-08-28 06:40:50,868 : INFO : topic diff=0.006786, rho=0.128037
2018-08-28 06:41:09,346 : INFO : -8.365 per-word bound, 329.8 perplexity estimate based on a held-out corpus of 4623 documents with 2290604 words
2018-08-28 06:41:09,346 : INFO : PROGRESS: pass 60, at document #4623/4623
2018-08-28 06:41:23,012 : INFO : topic #37 (0.025): 0.019*"fomo" + 0.010*"la" + 0.005*"economics" + 0.004*"weed" + 0.004*"smoke" + 0.003*"not" + 0.003*"3d" + 0.003*"phase" + 0.002*"remove" + 0.002*"emotion"
2018-08-28 06:41:23,015 : INFO : topic #33 (0.025): 0.048*"bch" + 0.023*"btc" + 0.009*"difficulty" + 0.008*"get" + 0.007*"miner" + 0.007*"bitcoin" + 0.005*"going" + 0.005*"go" + 0.005*"cash" + 0.004*"like"
2018-08-28 06:41:23,017 : INFO : topic #16 (0.025): 0.023*"bitcoin" + 0.018*"btc" + 0.013*"bch" + 0.009*"transaction" + 0.008*"people" + 0.007*"would" + 0.006*"block" + 0.006*"miner" + 0.006*"like" + 0.005*"one"
2018-08-28 06:41:23,018 : INFO : topic #39 (0.025): 0.193*"chancoin" + 0.015*"4chn" + 0.011*"coin" + 0.007*"discord" + 0.006*"tipping" + 0.005*"chan" + 0.005*"name" + 0.004*"00100000" + 0.004*"post" + 0.004*"wallet"
2018-08-28 06:41:23,019 : INFO : topic #2 (0.025): 0.015*"buy" + 0.011*"coin" + 0.009*"going" + 0.008*"im" + 0.007*"go" + 0.006*"get" + 0.006*"pump" + 0.006*"like" + 0.006*"powr" + 0.005*"sell"
2018-08-28 06:41:23,024 : INFO : topic diff=0.006611, rho=0.127000
2018-08-28 06:41:41,566 : INFO : -8.365 per-word bound, 329.7 perplexity estimate based on a held-out corpus of 4623 documents with 2290604 words
2018-08-28 06:41:41,566 : INFO : PROGRESS: pass 61, at document #4623/4623
2018-08-28 06:41:55,302 : INFO : topic #8 (0.025): 0.004*"minereum" + 0.004*"a" + 0.003*"bot" + 0.003*"poll" + 0.003*"in" + 0.003*"ta" + 0.002*"english" + 0.002*"sent" + 0.002*"mne" + 0.002*"postcard"
2018-08-28 06:41:55,305 : INFO : topic #24 (0.025): 0.008*"cash" + 0.007*"financial" + 0.007*"board" + 0.005*"bitcoin" + 0.004*"gang" + 0.004*"also" + 0.004*"technology" + 0.004*"digital" + 0.004*"clinton" + 0.003*"advisory"
2018-08-28 06:41:55,307 : INFO : topic #1 (0.025): 0.020*"wallet" + 0.010*"get" + 0.010*"address" + 0.009*"use" + 0.009*"exchange" + 0.007*"send" + 0.006*"like" + 0.006*"coin" + 0.006*"im" + 0.006*"account"
2018-08-28 06:41:55,309 : INFO : topic #12 (0.025): 0.019*"btc" + 0.011*"bch" + 0.010*"going" + 0.009*"bitcoin" + 0.008*"buy" + 0.008*"like" + 0.007*"get" + 0.007*"go" + 0.006*"sell" + 0.006*"money"
2018-08-28 06:41:55,311 : INFO : topic #0 (0.025): 0.008*"trip" + 0.004*"resume" + 0.004*"op" + 0.003*"job" + 0.002*"winner" + 0.002*"roll" + 0.002*"gpi" + 0.002*"poc" + 0.002*"reroll" + 0.002*"give"
2018-08-28 06:41:55,316 : INFO : topic diff=0.006428, rho=0.125988
2018-08-28 06:42:14,006 : INFO : -8.364 per-word bound, 329.6 perplexity estimate based on a held-out corpus of 4623 documents with 2290604 words
2018-08-28 06:42:14,006 : INFO : PROGRESS: pass 62, at document #4623/4623
2018-08-28 06:42:27,636 : INFO : topic #30 (0.025): 0.006*"people" + 0.005*"make" + 0.005*"crypto" + 0.005*"like" + 0.005*"get" + 0.004*"bitcoin" + 0.004*"it" + 0.004*"year" + 0.004*"im" + 0.004*"good"
2018-08-28 06:42:27,638 : INFO : topic #17 (0.025): 0.018*"sergey" + 0.013*"steve" + 0.011*"language" + 0.011*"trying" + 0.010*"link" + 0.010*"one" + 0.008*"mac" + 0.007*"he" + 0.007*"rory" + 0.006*"basement"
2018-08-28 06:42:27,639 : INFO : topic #37 (0.025): 0.019*"fomo" + 0.010*"la" + 0.005*"economics" + 0.004*"weed" + 0.004*"smoke" + 0.003*"not" + 0.003*"3d" + 0.003*"phase" + 0.002*"remove" + 0.002*"emotion"
2018-08-28 06:42:27,641 : INFO : topic #33 (0.025): 0.048*"bch" + 0.023*"btc" + 0.009*"difficulty" + 0.008*"get" + 0.007*"miner" + 0.007*"bitcoin" + 0.005*"going" + 0.005*"go" + 0.005*"cash" + 0.004*"hour"
2018-08-28 06:42:27,642 : INFO : topic #12 (0.025): 0.019*"btc" + 0.011*"bch" + 0.010*"going" + 0.010*"bitcoin" + 0.008*"buy" + 0.008*"like" + 0.007*"get" + 0.007*"go" + 0.006*"sell" + 0.006*"money"
2018-08-28 06:42:27,647 : INFO : topic diff=0.006268, rho=0.125000
2018-08-28 06:42:46,230 : INFO : -8.364 per-word bound, 329.4 perplexity estimate based on a held-out corpus of 4623 documents with 2290604 words
2018-08-28 06:42:46,231 : INFO : PROGRESS: pass 63, at document #4623/4623
2018-08-28 06:43:00,212 : INFO : topic #37 (0.025): 0.019*"fomo" + 0.010*"la" + 0.005*"economics" + 0.004*"weed" + 0.004*"smoke" + 0.003*"not" + 0.003*"3d" + 0.003*"phase" + 0.002*"remove" + 0.002*"emotion"
2018-08-28 06:43:00,216 : INFO : topic #24 (0.025): 0.008*"cash" + 0.007*"financial" + 0.007*"board" + 0.005*"bitcoin" + 0.004*"gang" + 0.004*"also" + 0.004*"technology" + 0.004*"digital" + 0.004*"clinton" + 0.003*"advisory"
2018-08-28 06:43:00,217 : INFO : topic #36 (0.025): 0.024*"link" + 0.021*"quad" + 0.005*"digital" + 0.003*"etherparty" + 0.003*"fuel" + 0.003*"80" + 0.003*"year" + 0.003*"could" + 0.002*"like" + 0.002*"crime"
2018-08-28 06:43:00,218 : INFO : topic #13 (0.025): 0.011*"card" + 0.005*"pokemon" + 0.003*"prix" + 0.002*"edition" + 0.002*"yugioh" + 0.002*"mtg" + 0.002*"icx" + 0.002*"shape" + 0.002*"charizard" + 0.002*"deck"
2018-08-28 06:43:00,220 : INFO : topic #28 (0.025): 0.003*"zrx" + 0.001*"month" + 0.001*"bancor" + 0.001*"04" + 0.001*"btc" + 0.001*"kike" + 0.001*"gambling" + 0.001*"fuel" + 0.001*"margin" + 0.001*"alt"
2018-08-28 06:43:00,225 : INFO : topic diff=0.006104, rho=0.124035
2018-08-28 06:43:18,831 : INFO : -8.363 per-word bound, 329.3 perplexity estimate based on a held-out corpus of 4623 documents with 2290604 words
2018-08-28 06:43:18,831 : INFO : PROGRESS: pass 64, at document #4623/4623
2018-08-28 06:43:32,690 : INFO : topic #10 (0.025): 0.001*"kama" + 0.001*"master" + 0.001*"po" + 0.001*"xzc" + 0.001*"given" + 0.001*"exec" + 0.001*"pow" + 0.001*"band" + 0.001*"proving" + 0.001*"fenx"
2018-08-28 06:43:32,691 : INFO : topic #14 (0.025): 0.010*"eth" + 0.010*"vitalik" + 0.010*"cp" + 0.009*"child" + 0.007*"people" + 0.006*"he" + 0.005*"fucking" + 0.005*"cos" + 0.005*"it" + 0.005*"porn"
2018-08-28 06:43:32,692 : INFO : topic #31 (0.025): 0.016*"link" + 0.014*"coin" + 0.012*"btc" + 0.010*"eth" + 0.009*"buy" + 0.009*"monero" + 0.008*"year" + 0.007*"like" + 0.007*"xmr" + 0.007*"im"
2018-08-28 06:43:32,694 : INFO : topic #16 (0.025): 0.023*"bitcoin" + 0.018*"btc" + 0.013*"bch" + 0.009*"transaction" + 0.008*"people" + 0.007*"would" + 0.006*"block" + 0.006*"miner" + 0.006*"like" + 0.005*"one"
2018-08-28 06:43:32,695 : INFO : topic #13 (0.025): 0.011*"card" + 0.005*"pokemon" + 0.003*"prix" + 0.002*"edition" + 0.002*"yugioh" + 0.002*"mtg" + 0.002*"icx" + 0.002*"shape" + 0.002*"charizard" + 0.002*"deck"
2018-08-28 06:43:32,700 : INFO : topic diff=0.005952, rho=0.123091
2018-08-28 06:43:51,216 : INFO : -8.363 per-word bound, 329.2 perplexity estimate based on a held-out corpus of 4623 documents with 2290604 words
2018-08-28 06:43:51,218 : INFO : PROGRESS: pass 65, at document #4623/4623
2018-08-28 06:44:04,917 : INFO : topic #23 (0.025): 0.087*"die" + 0.002*"1000" + 0.002*"zencash" + 0.001*"biweekly" + 0.001*"550" + 0.001*"miit" + 0.001*"compliant" + 0.001*"erotix" + 0.001*"bundled" + 0.001*"cranial"
2018-08-28 06:44:04,918 : INFO : topic #25 (0.025): 0.028*"req" + 0.014*"iota" + 0.008*"make" + 0.007*"coin" + 0.006*"get" + 0.006*"omg" + 0.006*"it" + 0.006*"buy" + 0.006*"like" + 0.006*"im"
2018-08-28 06:44:04,920 : INFO : topic #16 (0.025): 0.023*"bitcoin" + 0.018*"btc" + 0.013*"bch" + 0.009*"transaction" + 0.008*"people" + 0.007*"would" + 0.006*"block" + 0.006*"miner" + 0.006*"like" + 0.005*"one"
2018-08-28 06:44:04,921 : INFO : topic #32 (0.025): 0.010*"ark" + 0.010*"going" + 0.010*"arkies" + 0.008*"tank" + 0.008*"arkie" + 0.007*"deluded" + 0.007*"pothead" + 0.006*"arsehole" + 0.006*"get" + 0.006*"wagecucking"
2018-08-28 06:44:04,922 : INFO : topic #17 (0.025): 0.018*"sergey" + 0.013*"steve" + 0.011*"language" + 0.011*"trying" + 0.010*"link" + 0.010*"one" + 0.008*"mac" + 0.007*"he" + 0.007*"rory" + 0.006*"basement"
2018-08-28 06:44:04,927 : INFO : topic diff=0.005808, rho=0.122169
2018-08-28 06:44:23,470 : INFO : -8.362 per-word bound, 329.1 perplexity estimate based on a held-out corpus of 4623 documents with 2290604 words
2018-08-28 06:44:23,473 : INFO : PROGRESS: pass 66, at document #4623/4623
2018-08-28 06:44:37,208 : INFO : topic #28 (0.025): 0.003*"zrx" + 0.001*"bancor" + 0.001*"month" + 0.001*"04" + 0.001*"kike" + 0.001*"gambling" + 0.001*"btc" + 0.001*"fuel" + 0.001*"margin" + 0.001*"legacy"
2018-08-28 06:44:37,209 : INFO : topic #26 (0.025): 0.009*"get" + 0.009*"like" + 0.007*"year" + 0.007*"stock" + 0.006*"money" + 0.006*"im" + 0.005*"pay" + 0.005*"people" + 0.005*"would" + 0.004*"shit"
2018-08-28 06:44:37,211 : INFO : topic #14 (0.025): 0.010*"eth" + 0.010*"vitalik" + 0.010*"cp" + 0.010*"child" + 0.007*"people" + 0.006*"he" + 0.006*"fucking" + 0.005*"cos" + 0.005*"porn" + 0.005*"it"
2018-08-28 06:44:37,212 : INFO : topic #19 (0.025): 0.059*"tax" + 0.023*"gain" + 0.019*"trade" + 0.019*"pay" + 0.018*"crypto" + 0.017*"irs" + 0.014*"cash" + 0.012*"capital" + 0.010*"fiat" + 0.009*"exchange"
2018-08-28 06:44:37,214 : INFO : topic #18 (0.025): 0.057*"hst" + 0.017*"voting" + 0.008*"un" + 0.008*"kucoin" + 0.007*"vote" + 0.007*"horizon" + 0.007*"cryptopia" + 0.006*"telegram" + 0.005*"land" + 0.005*"united"
2018-08-28 06:44:37,218 : INFO : topic diff=0.005668, rho=0.121268
2018-08-28 06:44:55,816 : INFO : -8.362 per-word bound, 329.0 perplexity estimate based on a held-out corpus of 4623 documents with 2290604 words
2018-08-28 06:44:55,816 : INFO : PROGRESS: pass 67, at document #4623/4623
2018-08-28 06:45:09,465 : INFO : topic #2 (0.025): 0.015*"buy" + 0.011*"coin" + 0.009*"going" + 0.008*"im" + 0.007*"go" + 0.006*"get" + 0.006*"pump" + 0.006*"like" + 0.006*"powr" + 0.005*"sell"
2018-08-28 06:45:09,466 : INFO : topic #13 (0.025): 0.011*"card" + 0.005*"pokemon" + 0.003*"prix" + 0.002*"edition" + 0.002*"yugioh" + 0.002*"icx" + 0.002*"mtg" + 0.002*"shape" + 0.002*"charizard" + 0.002*"deck"
2018-08-28 06:45:09,468 : INFO : topic #4 (0.025): 0.021*"token" + 0.020*"link" + 0.012*"project" + 0.011*"coin" + 0.010*"team" + 0.009*"ico" + 0.008*"use" + 0.008*"market" + 0.008*"contract" + 0.007*"blockchain"
2018-08-28 06:45:09,469 : INFO : topic #19 (0.025): 0.059*"tax" + 0.023*"gain" + 0.019*"trade" + 0.019*"pay" + 0.018*"crypto" + 0.017*"irs" + 0.014*"cash" + 0.012*"capital" + 0.010*"fiat" + 0.009*"exchange"
2018-08-28 06:45:09,471 : INFO : topic #1 (0.025): 0.020*"wallet" + 0.010*"get" + 0.010*"address" + 0.010*"use" + 0.009*"exchange" + 0.007*"send" + 0.006*"like" + 0.006*"coin" + 0.006*"im" + 0.006*"account"
2018-08-28 06:45:09,475 : INFO : topic diff=0.005524, rho=0.120386
2018-08-28 06:45:28,079 : INFO : -8.361 per-word bound, 328.9 perplexity estimate based on a held-out corpus of 4623 documents with 2290604 words
2018-08-28 06:45:28,080 : INFO : PROGRESS: pass 68, at document #4623/4623
2018-08-28 06:45:41,806 : INFO : topic #0 (0.025): 0.008*"trip" + 0.004*"resume" + 0.004*"op" + 0.003*"winner" + 0.003*"job" + 0.002*"roll" + 0.002*"gpi" + 0.002*"poc" + 0.002*"reroll" + 0.002*"logo"
2018-08-28 06:45:41,807 : INFO : topic #21 (0.025): 0.142*"neo" + 0.041*"news" + 0.028*"china" + 0.022*"chinese" + 0.016*"gas" + 0.014*"etp" + 0.010*"government" + 0.007*"announcement" + 0.007*"icos" + 0.006*"eth"
2018-08-28 06:45:41,809 : INFO : topic #19 (0.025): 0.059*"tax" + 0.023*"gain" + 0.019*"trade" + 0.019*"pay" + 0.018*"crypto" + 0.017*"irs" + 0.014*"cash" + 0.012*"capital" + 0.010*"fiat" + 0.009*"exchange"
2018-08-28 06:45:41,810 : INFO : topic #12 (0.025): 0.019*"btc" + 0.011*"bch" + 0.010*"going" + 0.010*"bitcoin" + 0.008*"buy" + 0.008*"like" + 0.007*"get" + 0.007*"go" + 0.006*"sell" + 0.006*"money"
2018-08-28 06:45:41,811 : INFO : topic #9 (0.025): 0.148*"ark" + 0.014*"delegate" + 0.014*"lisk" + 0.009*"wallet" + 0.008*"mobile" + 0.007*"staking" + 0.007*"deluded" + 0.006*"vote" + 0.006*"arkies" + 0.005*"faucet"
2018-08-28 06:45:41,815 : INFO : topic diff=0.005397, rho=0.119523
2018-08-28 06:46:00,395 : INFO : -8.361 per-word bound, 328.8 perplexity estimate based on a held-out corpus of 4623 documents with 2290604 words
2018-08-28 06:46:00,396 : INFO : PROGRESS: pass 69, at document #4623/4623
2018-08-28 06:46:14,089 : INFO : topic #29 (0.025): 0.010*"du" + 0.007*"und" + 0.006*"da" + 0.005*"nicht" + 0.005*"ich" + 0.005*"der" + 0.004*"ist" + 0.004*"germany" + 0.004*"zu" + 0.004*"german"
2018-08-28 06:46:14,090 : INFO : topic #15 (0.025): 0.063*"sage" + 0.023*"bat" + 0.008*"brave" + 0.007*"ad" + 0.006*"browser" + 0.006*"youtube" + 0.005*"language" + 0.005*"youtubers" + 0.003*"english" + 0.003*"salt"
2018-08-28 06:46:14,091 : INFO : topic #18 (0.025): 0.057*"hst" + 0.017*"voting" + 0.008*"un" + 0.008*"kucoin" + 0.007*"vote" + 0.007*"horizon" + 0.007*"cryptopia" + 0.006*"telegram" + 0.005*"land" + 0.005*"united"
2018-08-28 06:46:14,093 : INFO : topic #17 (0.025): 0.018*"sergey" + 0.013*"steve" + 0.011*"language" + 0.011*"trying" + 0.010*"link" + 0.010*"one" + 0.008*"mac" + 0.008*"he" + 0.007*"rory" + 0.006*"basement"
2018-08-28 06:46:14,095 : INFO : topic #1 (0.025): 0.020*"wallet" + 0.010*"get" + 0.010*"address" + 0.010*"use" + 0.010*"exchange" + 0.007*"send" + 0.006*"like" + 0.006*"coin" + 0.006*"im" + 0.006*"account"
2018-08-28 06:46:14,099 : INFO : topic diff=0.005273, rho=0.118678
2018-08-28 06:46:32,667 : INFO : -8.361 per-word bound, 328.7 perplexity estimate based on a held-out corpus of 4623 documents with 2290604 words
2018-08-28 06:46:32,667 : INFO : PROGRESS: pass 70, at document #4623/4623
2018-08-28 06:46:46,374 : INFO : topic #17 (0.025): 0.018*"sergey" + 0.013*"steve" + 0.011*"language" + 0.011*"trying" + 0.010*"link" + 0.010*"one" + 0.008*"mac" + 0.008*"he" + 0.007*"rory" + 0.006*"basement"
2018-08-28 06:46:46,376 : INFO : topic #39 (0.025): 0.194*"chancoin" + 0.015*"4chn" + 0.011*"coin" + 0.007*"discord" + 0.006*"tipping" + 0.005*"chan" + 0.005*"name" + 0.004*"00100000" + 0.004*"post" + 0.004*"feature"
2018-08-28 06:46:46,377 : INFO : topic #5 (0.025): 0.009*"ha" + 0.009*"modum" + 0.005*"year" + 0.004*"10k" + 0.004*"pharma" + 0.003*"crypto" + 0.003*"dividend" + 0.003*"wtc" + 0.003*"shipment" + 0.003*"many"
2018-08-28 06:46:46,379 : INFO : topic #29 (0.025): 0.010*"du" + 0.007*"und" + 0.006*"da" + 0.005*"nicht" + 0.005*"ich" + 0.005*"der" + 0.004*"ist" + 0.004*"germany" + 0.004*"zu" + 0.004*"german"
2018-08-28 06:46:46,380 : INFO : topic #4 (0.025): 0.021*"token" + 0.020*"link" + 0.012*"project" + 0.011*"coin" + 0.010*"team" + 0.009*"ico" + 0.008*"market" + 0.008*"use" + 0.008*"contract" + 0.007*"price"
2018-08-28 06:46:46,385 : INFO : topic diff=0.005154, rho=0.117851
2018-08-28 06:47:04,910 : INFO : -8.360 per-word bound, 328.6 perplexity estimate based on a held-out corpus of 4623 documents with 2290604 words
2018-08-28 06:47:04,910 : INFO : PROGRESS: pass 71, at document #4623/4623
2018-08-28 06:47:18,583 : INFO : topic #39 (0.025): 0.194*"chancoin" + 0.015*"4chn" + 0.011*"coin" + 0.007*"discord" + 0.006*"tipping" + 0.005*"chan" + 0.005*"name" + 0.004*"00100000" + 0.004*"post" + 0.004*"feature"
2018-08-28 06:47:18,584 : INFO : topic #22 (0.025): 0.016*"tether" + 0.015*"btc" + 0.008*"money" + 0.007*"exchange" + 0.007*"get" + 0.007*"bitcoin" + 0.007*"price" + 0.006*"bitfinex" + 0.006*"people" + 0.006*"like"
2018-08-28 06:47:18,586 : INFO : topic #35 (0.025): 0.014*"linkies" + 0.012*"linkie" + 0.012*"deranged" + 0.011*"rent" + 0.011*"link" + 0.010*"omisego" + 0.009*"sticker" + 0.008*"free" + 0.007*"surely" + 0.007*"common"
2018-08-28 06:47:18,587 : INFO : topic #37 (0.025): 0.019*"fomo" + 0.010*"la" + 0.005*"economics" + 0.004*"weed" + 0.004*"smoke" + 0.003*"not" + 0.003*"phase" + 0.003*"3d" + 0.002*"remove" + 0.002*"emotion"
2018-08-28 06:47:18,589 : INFO : topic #31 (0.025): 0.016*"link" + 0.015*"coin" + 0.012*"btc" + 0.011*"eth" + 0.009*"buy" + 0.009*"monero" + 0.008*"year" + 0.007*"like" + 0.007*"im" + 0.007*"xmr"
2018-08-28 06:47:18,593 : INFO : topic diff=0.005040, rho=0.117041
2018-08-28 06:47:37,161 : INFO : -8.360 per-word bound, 328.5 perplexity estimate based on a held-out corpus of 4623 documents with 2290604 words
2018-08-28 06:47:37,162 : INFO : PROGRESS: pass 72, at document #4623/4623
2018-08-28 06:47:50,839 : INFO : topic #5 (0.025): 0.009*"ha" + 0.009*"modum" + 0.005*"year" + 0.005*"10k" + 0.004*"pharma" + 0.003*"dividend" + 0.003*"crypto" + 0.003*"wtc" + 0.003*"shipment" + 0.003*"many"
2018-08-28 06:47:50,840 : INFO : topic #22 (0.025): 0.016*"tether" + 0.015*"btc" + 0.008*"money" + 0.007*"exchange" + 0.007*"get" + 0.007*"bitcoin" + 0.007*"price" + 0.006*"bitfinex" + 0.006*"people" + 0.006*"like"
2018-08-28 06:47:50,841 : INFO : topic #2 (0.025): 0.015*"buy" + 0.011*"coin" + 0.009*"going" + 0.008*"im" + 0.007*"go" + 0.006*"get" + 0.006*"powr" + 0.006*"pump" + 0.006*"like" + 0.005*"sell"
2018-08-28 06:47:50,843 : INFO : topic #14 (0.025): 0.011*"eth" + 0.010*"vitalik" + 0.010*"cp" + 0.010*"child" + 0.007*"people" + 0.006*"he" + 0.006*"fucking" + 0.005*"porn" + 0.005*"cos" + 0.005*"it"
2018-08-28 06:47:50,844 : INFO : topic #19 (0.025): 0.059*"tax" + 0.023*"gain" + 0.019*"trade" + 0.019*"pay" + 0.018*"crypto" + 0.017*"irs" + 0.014*"cash" + 0.012*"capital" + 0.010*"fiat" + 0.009*"year"
2018-08-28 06:47:50,849 : INFO : topic diff=0.004930, rho=0.116248
2018-08-28 06:48:09,921 : INFO : -8.359 per-word bound, 328.4 perplexity estimate based on a held-out corpus of 4623 documents with 2290604 words
2018-08-28 06:48:09,923 : INFO : PROGRESS: pass 73, at document #4623/4623
2018-08-28 06:48:23,739 : INFO : topic #12 (0.025): 0.019*"btc" + 0.011*"bch" + 0.010*"going" + 0.010*"bitcoin" + 0.008*"buy" + 0.008*"like" + 0.007*"get" + 0.007*"go" + 0.006*"sell" + 0.006*"money"
2018-08-28 06:48:23,741 : INFO : topic #1 (0.025): 0.020*"wallet" + 0.010*"get" + 0.010*"address" + 0.010*"use" + 0.010*"exchange" + 0.007*"send" + 0.006*"like" + 0.006*"coin" + 0.006*"im" + 0.006*"account"
2018-08-28 06:48:23,743 : INFO : topic #20 (0.025): 0.015*"buy" + 0.012*"im" + 0.011*"sell" + 0.010*"bought" + 0.010*"fucking" + 0.009*"get" + 0.009*"like" + 0.008*"fuck" + 0.008*"back" + 0.008*"coin"
2018-08-28 06:48:23,744 : INFO : topic #21 (0.025): 0.143*"neo" + 0.041*"news" + 0.029*"china" + 0.023*"chinese" + 0.016*"gas" + 0.014*"etp" + 0.010*"government" + 0.007*"announcement" + 0.007*"icos" + 0.006*"monday"
2018-08-28 06:48:23,745 : INFO : topic #34 (0.025): 0.007*"future" + 0.006*"amazon" + 0.005*"50" + 0.005*"bitbay" + 0.004*"doge" + 0.004*"marketplace" + 0.004*"sue" + 0.004*"damage" + 0.003*"court" + 0.003*"settlement"
2018-08-28 06:48:23,750 : INFO : topic diff=0.004819, rho=0.115470
2018-08-28 06:48:42,421 : INFO : -8.359 per-word bound, 328.3 perplexity estimate based on a held-out corpus of 4623 documents with 2290604 words
2018-08-28 06:48:42,422 : INFO : PROGRESS: pass 74, at document #4623/4623
2018-08-28 06:48:56,161 : INFO : topic #36 (0.025): 0.024*"link" + 0.021*"quad" + 0.005*"digital" + 0.003*"etherparty" + 0.003*"fuel" + 0.003*"80" + 0.003*"year" + 0.003*"could" + 0.002*"crime" + 0.002*"rent"
2018-08-28 06:48:56,164 : INFO : topic #31 (0.025): 0.016*"link" + 0.015*"coin" + 0.012*"btc" + 0.011*"eth" + 0.009*"buy" + 0.009*"monero" + 0.008*"year" + 0.007*"like" + 0.007*"im" + 0.007*"make"
2018-08-28 06:48:56,165 : INFO : topic #18 (0.025): 0.056*"hst" + 0.018*"voting" + 0.008*"un" + 0.008*"vote" + 0.007*"kucoin" + 0.007*"horizon" + 0.007*"cryptopia" + 0.005*"telegram" + 0.005*"land" + 0.005*"united"
2018-08-28 06:48:56,166 : INFO : topic #27 (0.025): 0.007*"boomer" + 0.007*"bts" + 0.005*"zeph" + 0.004*"bitshares" + 0.003*"generation" + 0.002*"home" + 0.002*"pool" + 0.002*"string" + 0.001*"waterfront" + 0.001*"pension"
2018-08-28 06:48:56,168 : INFO : topic #24 (0.025): 0.008*"cash" + 0.007*"financial" + 0.007*"board" + 0.004*"gang" + 0.004*"bitcoin" + 0.004*"also" + 0.004*"technology" + 0.004*"digital" + 0.004*"clinton" + 0.003*"advisory"
2018-08-28 06:48:56,173 : INFO : topic diff=0.004713, rho=0.114708
2018-08-28 06:49:14,689 : INFO : -8.358 per-word bound, 328.2 perplexity estimate based on a held-out corpus of 4623 documents with 2290604 words
2018-08-28 06:49:14,689 : INFO : PROGRESS: pass 75, at document #4623/4623
2018-08-28 06:49:28,410 : INFO : topic #21 (0.025): 0.144*"neo" + 0.042*"news" + 0.029*"china" + 0.023*"chinese" + 0.016*"gas" + 0.014*"etp" + 0.010*"government" + 0.007*"announcement" + 0.007*"icos" + 0.006*"monday"
2018-08-28 06:49:28,411 : INFO : topic #38 (0.025): 0.011*"get" + 0.010*"like" + 0.009*"make" + 0.008*"im" + 0.008*"money" + 0.007*"people" + 0.006*"want" + 0.006*"one" + 0.006*"fucking" + 0.006*"good"
2018-08-28 06:49:28,413 : INFO : topic #11 (0.025): 0.019*"power" + 0.016*"coin" + 0.015*"energy" + 0.012*"powr" + 0.011*"tesla" + 0.008*"mommy" + 0.007*"ledger" + 0.007*"solar" + 0.006*"government" + 0.006*"australia"
2018-08-28 06:49:28,415 : INFO : topic #19 (0.025): 0.059*"tax" + 0.023*"gain" + 0.019*"pay" + 0.019*"trade" + 0.018*"crypto" + 0.017*"irs" + 0.015*"cash" + 0.012*"capital" + 0.010*"fiat" + 0.009*"year"
2018-08-28 06:49:28,417 : INFO : topic #5 (0.025): 0.009*"ha" + 0.009*"modum" + 0.005*"10k" + 0.004*"year" + 0.004*"pharma" + 0.003*"dividend" + 0.003*"wtc" + 0.003*"shipment" + 0.003*"crypto" + 0.003*"many"
2018-08-28 06:49:28,422 : INFO : topic diff=0.004616, rho=0.113961
2018-08-28 06:49:47,020 : INFO : -8.358 per-word bound, 328.1 perplexity estimate based on a held-out corpus of 4623 documents with 2290604 words
2018-08-28 06:49:47,022 : INFO : PROGRESS: pass 76, at document #4623/4623
2018-08-28 06:50:00,714 : INFO : topic #3 (0.025): 0.017*"application" + 0.012*"credit" + 0.012*"platform" + 0.007*"lead" + 0.006*"token" + 0.006*"product" + 0.006*"debt" + 0.005*"currently" + 0.005*"see" + 0.005*"protocol"
2018-08-28 06:50:00,717 : INFO : topic #23 (0.025): 0.087*"die" + 0.002*"1000" + 0.002*"zencash" + 0.001*"biweekly" + 0.001*"550" + 0.001*"miit" + 0.001*"erotix" + 0.001*"compliant" + 0.001*"bundled" + 0.001*"cranial"
2018-08-28 06:50:00,719 : INFO : topic #20 (0.025): 0.015*"buy" + 0.012*"im" + 0.011*"sell" + 0.010*"bought" + 0.010*"fucking" + 0.009*"get" + 0.009*"like" + 0.008*"fuck" + 0.008*"back" + 0.008*"coin"
2018-08-28 06:50:00,720 : INFO : topic #34 (0.025): 0.007*"future" + 0.006*"amazon" + 0.005*"50" + 0.005*"bitbay" + 0.004*"doge" + 0.004*"marketplace" + 0.004*"sue" + 0.004*"damage" + 0.003*"court" + 0.003*"settlement"
2018-08-28 06:50:00,721 : INFO : topic #37 (0.025): 0.019*"fomo" + 0.010*"la" + 0.005*"economics" + 0.004*"weed" + 0.004*"smoke" + 0.003*"not" + 0.003*"phase" + 0.003*"3d" + 0.002*"remove" + 0.002*"emotion"
2018-08-28 06:50:00,726 : INFO : topic diff=0.004523, rho=0.113228
2018-08-28 06:50:19,329 : INFO : -8.358 per-word bound, 328.0 perplexity estimate based on a held-out corpus of 4623 documents with 2290604 words
2018-08-28 06:50:19,330 : INFO : PROGRESS: pass 77, at document #4623/4623
2018-08-28 06:50:33,037 : INFO : topic #23 (0.025): 0.087*"die" + 0.002*"1000" + 0.002*"zencash" + 0.001*"biweekly" + 0.001*"550" + 0.001*"miit" + 0.001*"erotix" + 0.001*"bundled" + 0.001*"cranial" + 0.001*"compliant"
2018-08-28 06:50:33,039 : INFO : topic #27 (0.025): 0.007*"boomer" + 0.007*"bts" + 0.005*"zeph" + 0.004*"bitshares" + 0.003*"generation" + 0.002*"home" + 0.002*"pool" + 0.002*"string" + 0.001*"waterfront" + 0.001*"pension"
2018-08-28 06:50:33,040 : INFO : topic #28 (0.025): 0.003*"zrx" + 0.001*"bancor" + 0.001*"04" + 0.001*"kike" + 0.001*"gambling" + 0.001*"fuel" + 0.001*"month" + 0.001*"legacy" + 0.001*"aurora" + 0.001*"margin"
2018-08-28 06:50:33,042 : INFO : topic #38 (0.025): 0.011*"get" + 0.010*"like" + 0.009*"make" + 0.008*"im" + 0.008*"money" + 0.007*"people" + 0.006*"want" + 0.006*"one" + 0.006*"fucking" + 0.006*"good"
2018-08-28 06:50:33,044 : INFO : topic #24 (0.025): 0.008*"cash" + 0.007*"financial" + 0.007*"board" + 0.004*"gang" + 0.004*"also" + 0.004*"technology" + 0.004*"bitcoin" + 0.004*"digital" + 0.004*"clinton" + 0.003*"advisory"
2018-08-28 06:50:33,048 : INFO : topic diff=0.004428, rho=0.112509
2018-08-28 06:50:51,586 : INFO : -8.357 per-word bound, 328.0 perplexity estimate based on a held-out corpus of 4623 documents with 2290604 words
2018-08-28 06:50:51,587 : INFO : PROGRESS: pass 78, at document #4623/4623
2018-08-28 06:51:05,258 : INFO : topic #12 (0.025): 0.020*"btc" + 0.012*"bch" + 0.010*"going" + 0.010*"bitcoin" + 0.008*"buy" + 0.008*"like" + 0.007*"get" + 0.007*"go" + 0.006*"money" + 0.006*"sell"
2018-08-28 06:51:05,260 : INFO : topic #24 (0.025): 0.008*"cash" + 0.007*"financial" + 0.007*"board" + 0.004*"gang" + 0.004*"also" + 0.004*"technology" + 0.004*"bitcoin" + 0.004*"digital" + 0.004*"clinton" + 0.003*"advisory"
2018-08-28 06:51:05,262 : INFO : topic #32 (0.025): 0.010*"ark" + 0.010*"going" + 0.010*"arkies" + 0.008*"tank" + 0.008*"arkie" + 0.007*"deluded" + 0.007*"pothead" + 0.006*"arsehole" + 0.006*"wagecucking" + 0.006*"get"
2018-08-28 06:51:05,263 : INFO : topic #8 (0.025): 0.004*"minereum" + 0.004*"a" + 0.003*"bot" + 0.003*"poll" + 0.003*"in" + 0.003*"english" + 0.002*"sent" + 0.002*"mne" + 0.002*"postcard" + 0.002*"complement"
2018-08-28 06:51:05,265 : INFO : topic #11 (0.025): 0.019*"power" + 0.016*"coin" + 0.015*"energy" + 0.012*"powr" + 0.011*"tesla" + 0.008*"mommy" + 0.007*"solar" + 0.007*"ledger" + 0.006*"government" + 0.006*"australia"
2018-08-28 06:51:05,270 : INFO : topic diff=0.004337, rho=0.111803
2018-08-28 06:51:23,824 : INFO : -8.357 per-word bound, 327.9 perplexity estimate based on a held-out corpus of 4623 documents with 2290604 words
2018-08-28 06:51:23,825 : INFO : PROGRESS: pass 79, at document #4623/4623
2018-08-28 06:51:37,540 : INFO : topic #24 (0.025): 0.008*"cash" + 0.007*"financial" + 0.007*"board" + 0.004*"gang" + 0.004*"also" + 0.004*"technology" + 0.004*"bitcoin" + 0.004*"digital" + 0.004*"clinton" + 0.003*"advisory"
2018-08-28 06:51:37,542 : INFO : topic #7 (0.025): 0.013*"god" + 0.012*"tell" + 0.011*"please" + 0.011*"oh" + 0.008*"odn" + 0.004*"insurance" + 0.004*"little" + 0.004*"pungent" + 0.004*"taste" + 0.003*"yes"
2018-08-28 06:51:37,543 : INFO : topic #10 (0.025): 0.001*"kama" + 0.001*"master" + 0.001*"po" + 0.001*"xzc" + 0.001*"exec" + 0.001*"given" + 0.001*"fenx" + 0.001*"proving" + 0.001*"vega" + 0.001*"band"
2018-08-28 06:51:37,545 : INFO : topic #30 (0.025): 0.006*"people" + 0.005*"crypto" + 0.005*"make" + 0.005*"like" + 0.004*"silver" + 0.004*"it" + 0.004*"bitcoin" + 0.004*"get" + 0.004*"year" + 0.004*"good"
2018-08-28 06:51:37,547 : INFO : topic #35 (0.025): 0.014*"linkies" + 0.012*"linkie" + 0.012*"deranged" + 0.011*"rent" + 0.011*"link" + 0.010*"omisego" + 0.009*"sticker" + 0.008*"free" + 0.007*"surely" + 0.007*"common"
2018-08-28 06:51:37,551 : INFO : topic diff=0.004251, rho=0.111111
2018-08-28 06:51:56,142 : INFO : -8.357 per-word bound, 327.8 perplexity estimate based on a held-out corpus of 4623 documents with 2290604 words
2018-08-28 06:51:56,143 : INFO : PROGRESS: pass 80, at document #4623/4623
2018-08-28 06:52:09,853 : INFO : topic #20 (0.025): 0.015*"buy" + 0.012*"im" + 0.011*"sell" + 0.010*"bought" + 0.010*"fucking" + 0.009*"get" + 0.009*"like" + 0.008*"coin" + 0.008*"fuck" + 0.008*"back"
2018-08-28 06:52:09,854 : INFO : topic #34 (0.025): 0.006*"future" + 0.006*"amazon" + 0.005*"bitbay" + 0.005*"50" + 0.004*"doge" + 0.004*"marketplace" + 0.004*"damage" + 0.004*"sue" + 0.003*"court" + 0.003*"settlement"
2018-08-28 06:52:09,856 : INFO : topic #35 (0.025): 0.014*"linkies" + 0.012*"linkie" + 0.012*"deranged" + 0.011*"rent" + 0.011*"link" + 0.010*"omisego" + 0.009*"sticker" + 0.008*"free" + 0.007*"surely" + 0.007*"common"
2018-08-28 06:52:09,858 : INFO : topic #0 (0.025): 0.008*"trip" + 0.005*"resume" + 0.003*"op" + 0.003*"winner" + 0.002*"roll" + 0.002*"gpi" + 0.002*"job" + 0.002*"poc" + 0.002*"logo" + 0.002*"reroll"
2018-08-28 06:52:09,859 : INFO : topic #3 (0.025): 0.017*"application" + 0.012*"credit" + 0.012*"platform" + 0.007*"lead" + 0.006*"token" + 0.006*"product" + 0.006*"debt" + 0.005*"currently" + 0.005*"see" + 0.005*"protocol"
2018-08-28 06:52:09,864 : INFO : topic diff=0.004170, rho=0.110432
2018-08-28 06:52:28,588 : INFO : -8.356 per-word bound, 327.7 perplexity estimate based on a held-out corpus of 4623 documents with 2290604 words
2018-08-28 06:52:28,590 : INFO : PROGRESS: pass 81, at document #4623/4623
2018-08-28 06:52:42,307 : INFO : topic #17 (0.025): 0.018*"sergey" + 0.013*"steve" + 0.011*"language" + 0.011*"trying" + 0.010*"link" + 0.010*"one" + 0.008*"mac" + 0.008*"he" + 0.007*"rory" + 0.006*"basement"
2018-08-28 06:52:42,309 : INFO : topic #11 (0.025): 0.019*"power" + 0.016*"coin" + 0.015*"energy" + 0.012*"powr" + 0.011*"tesla" + 0.008*"mommy" + 0.008*"solar" + 0.007*"ledger" + 0.006*"government" + 0.006*"australia"
2018-08-28 06:52:42,311 : INFO : topic #13 (0.025): 0.011*"card" + 0.005*"pokemon" + 0.004*"prix" + 0.002*"icx" + 0.002*"edition" + 0.002*"yugioh" + 0.002*"mtg" + 0.002*"shape" + 0.002*"charizard" + 0.002*"deck"
2018-08-28 06:52:42,312 : INFO : topic #36 (0.025): 0.024*"link" + 0.021*"quad" + 0.005*"digital" + 0.003*"etherparty" + 0.003*"fuel" + 0.003*"80" + 0.003*"year" + 0.003*"could" + 0.002*"crime" + 0.002*"rent"
2018-08-28 06:52:42,314 : INFO : topic #19 (0.025): 0.060*"tax" + 0.023*"gain" + 0.019*"pay" + 0.019*"trade" + 0.018*"crypto" + 0.017*"irs" + 0.015*"cash" + 0.012*"capital" + 0.010*"fiat" + 0.009*"year"
2018-08-28 06:52:42,319 : INFO : topic diff=0.004087, rho=0.109764
2018-08-28 06:53:01,018 : INFO : -8.356 per-word bound, 327.6 perplexity estimate based on a held-out corpus of 4623 documents with 2290604 words
2018-08-28 06:53:01,020 : INFO : PROGRESS: pass 82, at document #4623/4623
2018-08-28 06:53:14,793 : INFO : topic #25 (0.025): 0.032*"req" + 0.018*"iota" + 0.007*"make" + 0.007*"omg" + 0.006*"coin" + 0.006*"get" + 0.006*"request" + 0.006*"it" + 0.005*"like" + 0.005*"buy"
2018-08-28 06:53:14,795 : INFO : topic #8 (0.025): 0.004*"minereum" + 0.004*"a" + 0.003*"bot" + 0.003*"poll" + 0.003*"in" + 0.003*"english" + 0.002*"sent" + 0.002*"mne" + 0.002*"postcard" + 0.002*"complement"
2018-08-28 06:53:14,796 : INFO : topic #31 (0.025): 0.016*"link" + 0.015*"coin" + 0.012*"btc" + 0.011*"eth" + 0.009*"buy" + 0.008*"monero" + 0.008*"year" + 0.007*"like" + 0.007*"im" + 0.007*"make"
2018-08-28 06:53:14,798 : INFO : topic #33 (0.025): 0.048*"bch" + 0.021*"btc" + 0.009*"difficulty" + 0.009*"get" + 0.007*"miner" + 0.006*"bitcoin" + 0.005*"hour" + 0.004*"cash" + 0.004*"go" + 0.004*"roll"
2018-08-28 06:53:14,799 : INFO : topic #0 (0.025): 0.008*"trip" + 0.005*"resume" + 0.003*"op" + 0.003*"winner" + 0.002*"roll" + 0.002*"gpi" + 0.002*"job" + 0.002*"poc" + 0.002*"logo" + 0.002*"asch"
2018-08-28 06:53:14,804 : INFO : topic diff=0.004010, rho=0.109109
2018-08-28 06:53:33,406 : INFO : -8.356 per-word bound, 327.6 perplexity estimate based on a held-out corpus of 4623 documents with 2290604 words
2018-08-28 06:53:33,407 : INFO : PROGRESS: pass 83, at document #4623/4623
2018-08-28 06:53:47,142 : INFO : topic #14 (0.025): 0.012*"eth" + 0.011*"vitalik" + 0.010*"cp" + 0.010*"child" + 0.007*"people" + 0.006*"he" + 0.006*"porn" + 0.006*"fucking" + 0.005*"cos" + 0.005*"it"
2018-08-28 06:53:47,144 : INFO : topic #21 (0.025): 0.145*"neo" + 0.042*"news" + 0.029*"china" + 0.023*"chinese" + 0.016*"gas" + 0.014*"etp" + 0.010*"government" + 0.007*"announcement" + 0.007*"icos" + 0.006*"monday"
2018-08-28 06:53:47,146 : INFO : topic #5 (0.025): 0.009*"modum" + 0.009*"ha" + 0.005*"10k" + 0.004*"year" + 0.004*"pharma" + 0.004*"wtc" + 0.004*"shipment" + 0.003*"dividend" + 0.003*"crypto" + 0.003*"ceo"
2018-08-28 06:53:47,147 : INFO : topic #16 (0.025): 0.023*"bitcoin" + 0.018*"btc" + 0.013*"bch" + 0.009*"transaction" + 0.008*"people" + 0.007*"would" + 0.006*"block" + 0.006*"miner" + 0.006*"like" + 0.005*"one"
2018-08-28 06:53:47,149 : INFO : topic #34 (0.025): 0.006*"amazon" + 0.006*"future" + 0.005*"bitbay" + 0.005*"50" + 0.004*"marketplace" + 0.004*"doge" + 0.004*"damage" + 0.004*"sue" + 0.003*"court" + 0.003*"settlement"
2018-08-28 06:53:47,153 : INFO : topic diff=0.003923, rho=0.108465
2018-08-28 06:54:05,712 : INFO : -8.355 per-word bound, 327.5 perplexity estimate based on a held-out corpus of 4623 documents with 2290604 words
2018-08-28 06:54:05,712 : INFO : PROGRESS: pass 84, at document #4623/4623
2018-08-28 06:54:19,460 : INFO : topic #24 (0.025): 0.008*"cash" + 0.007*"financial" + 0.007*"board" + 0.004*"gang" + 0.004*"technology" + 0.004*"also" + 0.004*"digital" + 0.004*"clinton" + 0.003*"bitcoin" + 0.003*"advisory"
2018-08-28 06:54:19,462 : INFO : topic #13 (0.025): 0.011*"card" + 0.005*"pokemon" + 0.004*"prix" + 0.002*"icx" + 0.002*"edition" + 0.002*"yugioh" + 0.002*"mtg" + 0.002*"shape" + 0.002*"charizard" + 0.002*"deck"
2018-08-28 06:54:19,463 : INFO : topic #3 (0.025): 0.017*"application" + 0.012*"credit" + 0.012*"platform" + 0.007*"lead" + 0.006*"token" + 0.006*"product" + 0.006*"debt" + 0.005*"currently" + 0.005*"see" + 0.005*"protocol"
2018-08-28 06:54:19,465 : INFO : topic #15 (0.025): 0.064*"sage" + 0.023*"bat" + 0.008*"brave" + 0.008*"ad" + 0.006*"browser" + 0.006*"youtube" + 0.005*"language" + 0.005*"youtubers" + 0.003*"english" + 0.002*"salt"
2018-08-28 06:54:19,466 : INFO : topic #10 (0.025): 0.001*"kama" + 0.001*"master" + 0.001*"po" + 0.001*"xzc" + 0.001*"exec" + 0.001*"given" + 0.001*"fenx" + 0.001*"proving" + 0.001*"vega" + 0.001*"band"
2018-08-28 06:54:19,471 : INFO : topic diff=0.003852, rho=0.107833
2018-08-28 06:54:38,095 : INFO : -8.355 per-word bound, 327.4 perplexity estimate based on a held-out corpus of 4623 documents with 2290604 words
2018-08-28 06:54:38,096 : INFO : PROGRESS: pass 85, at document #4623/4623
2018-08-28 06:54:51,786 : INFO : topic #31 (0.025): 0.016*"link" + 0.015*"coin" + 0.012*"btc" + 0.011*"eth" + 0.009*"buy" + 0.008*"monero" + 0.008*"year" + 0.007*"like" + 0.007*"im" + 0.007*"make"
2018-08-28 06:54:51,788 : INFO : topic #24 (0.025): 0.008*"cash" + 0.007*"financial" + 0.007*"board" + 0.004*"gang" + 0.004*"technology" + 0.004*"also" + 0.004*"digital" + 0.004*"clinton" + 0.003*"bitcoin" + 0.003*"advisory"
2018-08-28 06:54:51,790 : INFO : topic #27 (0.025): 0.007*"bts" + 0.007*"boomer" + 0.005*"zeph" + 0.004*"bitshares" + 0.003*"generation" + 0.002*"home" + 0.002*"pool" + 0.002*"string" + 0.001*"waterfront" + 0.001*"pension"
2018-08-28 06:54:51,791 : INFO : topic #25 (0.025): 0.033*"req" + 0.018*"iota" + 0.007*"make" + 0.007*"omg" + 0.006*"coin" + 0.006*"get" + 0.006*"request" + 0.006*"it" + 0.005*"like" + 0.005*"buy"
2018-08-28 06:54:51,793 : INFO : topic #36 (0.025): 0.024*"link" + 0.021*"quad" + 0.005*"digital" + 0.003*"etherparty" + 0.003*"fuel" + 0.003*"80" + 0.003*"year" + 0.003*"could" + 0.002*"crime" + 0.002*"rent"
2018-08-28 06:54:51,797 : INFO : topic diff=0.003777, rho=0.107211
2018-08-28 06:55:10,405 : INFO : -8.355 per-word bound, 327.3 perplexity estimate based on a held-out corpus of 4623 documents with 2290604 words
2018-08-28 06:55:10,406 : INFO : PROGRESS: pass 86, at document #4623/4623
2018-08-28 06:55:24,133 : INFO : topic #5 (0.025): 0.009*"modum" + 0.009*"ha" + 0.005*"10k" + 0.004*"year" + 0.004*"pharma" + 0.004*"wtc" + 0.004*"shipment" + 0.003*"dividend" + 0.003*"crypto" + 0.003*"ceo"
2018-08-28 06:55:24,135 : INFO : topic #30 (0.025): 0.006*"people" + 0.005*"crypto" + 0.005*"make" + 0.004*"like" + 0.004*"silver" + 0.004*"it" + 0.004*"bitcoin" + 0.004*"year" + 0.004*"get" + 0.004*"satoshi"
2018-08-28 06:55:24,137 : INFO : topic #3 (0.025): 0.017*"application" + 0.012*"credit" + 0.012*"platform" + 0.007*"lead" + 0.006*"token" + 0.006*"product" + 0.006*"debt" + 0.005*"currently" + 0.005*"see" + 0.005*"protocol"
2018-08-28 06:55:24,138 : INFO : topic #35 (0.025): 0.014*"linkies" + 0.012*"linkie" + 0.012*"deranged" + 0.011*"rent" + 0.011*"link" + 0.010*"omisego" + 0.009*"sticker" + 0.008*"free" + 0.007*"surely" + 0.007*"common"
2018-08-28 06:55:24,140 : INFO : topic #33 (0.025): 0.048*"bch" + 0.021*"btc" + 0.009*"difficulty" + 0.009*"get" + 0.007*"miner" + 0.006*"bitcoin" + 0.005*"hour" + 0.004*"cash" + 0.004*"go" + 0.004*"roll"
2018-08-28 06:55:24,144 : INFO : topic diff=0.003706, rho=0.106600
2018-08-28 06:55:42,658 : INFO : -8.354 per-word bound, 327.3 perplexity estimate based on a held-out corpus of 4623 documents with 2290604 words
2018-08-28 06:55:42,659 : INFO : PROGRESS: pass 87, at document #4623/4623
2018-08-28 06:55:56,329 : INFO : topic #9 (0.025): 0.153*"ark" + 0.015*"delegate" + 0.014*"lisk" + 0.009*"mobile" + 0.009*"wallet" + 0.007*"staking" + 0.007*"deluded" + 0.007*"vote" + 0.006*"arkies" + 0.005*"faucet"
2018-08-28 06:55:56,331 : INFO : topic #5 (0.025): 0.009*"modum" + 0.009*"ha" + 0.005*"10k" + 0.004*"year" + 0.004*"pharma" + 0.004*"wtc" + 0.004*"shipment" + 0.003*"dividend" + 0.003*"crypto" + 0.003*"ceo"
2018-08-28 06:55:56,333 : INFO : topic #0 (0.025): 0.008*"trip" + 0.005*"resume" + 0.003*"op" + 0.003*"winner" + 0.002*"gpi" + 0.002*"roll" + 0.002*"poc" + 0.002*"job" + 0.002*"logo" + 0.002*"asch"
2018-08-28 06:55:56,335 : INFO : topic #11 (0.025): 0.020*"power" + 0.016*"coin" + 0.016*"energy" + 0.012*"powr" + 0.011*"tesla" + 0.008*"mommy" + 0.008*"solar" + 0.008*"ledger" + 0.006*"australia" + 0.006*"government"
2018-08-28 06:55:56,336 : INFO : topic #17 (0.025): 0.018*"sergey" + 0.013*"steve" + 0.011*"language" + 0.011*"trying" + 0.010*"link" + 0.010*"one" + 0.008*"mac" + 0.008*"he" + 0.007*"rory" + 0.006*"basement"
2018-08-28 06:55:56,341 : INFO : topic diff=0.003634, rho=0.106000
2018-08-28 06:56:14,941 : INFO : -8.354 per-word bound, 327.2 perplexity estimate based on a held-out corpus of 4623 documents with 2290604 words
2018-08-28 06:56:14,941 : INFO : PROGRESS: pass 88, at document #4623/4623
2018-08-28 06:56:28,653 : INFO : topic #9 (0.025): 0.153*"ark" + 0.015*"delegate" + 0.014*"lisk" + 0.009*"mobile" + 0.009*"wallet" + 0.007*"staking" + 0.007*"deluded" + 0.007*"vote" + 0.006*"arkies" + 0.005*"faucet"
2018-08-28 06:56:28,654 : INFO : topic #12 (0.025): 0.020*"btc" + 0.012*"bch" + 0.010*"going" + 0.010*"bitcoin" + 0.008*"buy" + 0.008*"like" + 0.007*"get" + 0.007*"go" + 0.006*"money" + 0.006*"sell"
2018-08-28 06:56:28,656 : INFO : topic #3 (0.025): 0.017*"application" + 0.012*"platform" + 0.012*"credit" + 0.007*"lead" + 0.006*"token" + 0.006*"product" + 0.006*"debt" + 0.005*"currently" + 0.005*"see" + 0.005*"protocol"
2018-08-28 06:56:28,657 : INFO : topic #31 (0.025): 0.016*"link" + 0.015*"coin" + 0.012*"btc" + 0.011*"eth" + 0.009*"buy" + 0.008*"monero" + 0.008*"year" + 0.007*"like" + 0.007*"im" + 0.007*"make"
2018-08-28 06:56:28,659 : INFO : topic #39 (0.025): 0.196*"chancoin" + 0.015*"4chn" + 0.011*"coin" + 0.007*"discord" + 0.006*"tipping" + 0.005*"chan" + 0.005*"name" + 0.004*"00100000" + 0.004*"post" + 0.004*"feature"
2018-08-28 06:56:28,663 : INFO : topic diff=0.003563, rho=0.105409
2018-08-28 06:56:47,253 : INFO : -8.354 per-word bound, 327.1 perplexity estimate based on a held-out corpus of 4623 documents with 2290604 words
2018-08-28 06:56:47,253 : INFO : PROGRESS: pass 89, at document #4623/4623
2018-08-28 06:57:00,962 : INFO : topic #31 (0.025): 0.016*"link" + 0.015*"coin" + 0.012*"btc" + 0.011*"eth" + 0.009*"buy" + 0.008*"monero" + 0.008*"year" + 0.007*"like" + 0.007*"im" + 0.007*"make"
2018-08-28 06:57:00,964 : INFO : topic #33 (0.025): 0.048*"bch" + 0.021*"btc" + 0.009*"difficulty" + 0.009*"get" + 0.007*"miner" + 0.006*"bitcoin" + 0.005*"hour" + 0.005*"roll" + 0.004*"cash" + 0.004*"go"
2018-08-28 06:57:00,966 : INFO : topic #20 (0.025): 0.015*"buy" + 0.012*"im" + 0.011*"sell" + 0.010*"bought" + 0.010*"fucking" + 0.009*"get" + 0.009*"like" + 0.008*"coin" + 0.008*"fuck" + 0.008*"back"
2018-08-28 06:57:00,967 : INFO : topic #32 (0.025): 0.010*"ark" + 0.010*"going" + 0.010*"arkies" + 0.008*"tank" + 0.008*"arkie" + 0.007*"deluded" + 0.007*"pothead" + 0.006*"arsehole" + 0.006*"wagecucking" + 0.006*"world"
2018-08-28 06:57:00,968 : INFO : topic #35 (0.025): 0.014*"linkies" + 0.012*"linkie" + 0.012*"deranged" + 0.011*"rent" + 0.011*"link" + 0.010*"omisego" + 0.009*"sticker" + 0.008*"free" + 0.007*"surely" + 0.007*"common"
2018-08-28 06:57:00,973 : INFO : topic diff=0.003503, rho=0.104828
2018-08-28 06:57:19,520 : INFO : -8.353 per-word bound, 327.1 perplexity estimate based on a held-out corpus of 4623 documents with 2290604 words
2018-08-28 06:57:19,521 : INFO : PROGRESS: pass 90, at document #4623/4623
2018-08-28 06:57:33,208 : INFO : topic #23 (0.025): 0.088*"die" + 0.002*"1000" + 0.002*"zencash" + 0.001*"biweekly" + 0.001*"550" + 0.001*"miit" + 0.001*"erotix" + 0.001*"bundled" + 0.001*"cranial" + 0.001*"di"
2018-08-28 06:57:33,210 : INFO : topic #24 (0.025): 0.008*"cash" + 0.007*"financial" + 0.007*"board" + 0.004*"gang" + 0.004*"technology" + 0.004*"also" + 0.004*"clinton" + 0.004*"digital" + 0.003*"advisory" + 0.003*"received"
2018-08-28 06:57:33,211 : INFO : topic #13 (0.025): 0.011*"card" + 0.005*"pokemon" + 0.004*"prix" + 0.003*"icx" + 0.002*"edition" + 0.002*"yugioh" + 0.002*"mtg" + 0.002*"shape" + 0.002*"charizard" + 0.002*"deck"
2018-08-28 06:57:33,213 : INFO : topic #32 (0.025): 0.010*"ark" + 0.010*"going" + 0.010*"arkies" + 0.008*"tank" + 0.008*"arkie" + 0.007*"deluded" + 0.007*"pothead" + 0.006*"arsehole" + 0.006*"wagecucking" + 0.006*"world"
2018-08-28 06:57:33,214 : INFO : topic #36 (0.025): 0.024*"link" + 0.021*"quad" + 0.005*"digital" + 0.003*"etherparty" + 0.003*"fuel" + 0.003*"80" + 0.003*"year" + 0.003*"could" + 0.002*"crime" + 0.002*"rent"
2018-08-28 06:57:33,219 : INFO : topic diff=0.003434, rho=0.104257
2018-08-28 06:57:51,841 : INFO : -8.353 per-word bound, 327.0 perplexity estimate based on a held-out corpus of 4623 documents with 2290604 words
2018-08-28 06:57:51,842 : INFO : PROGRESS: pass 91, at document #4623/4623
2018-08-28 06:58:05,876 : INFO : topic #7 (0.025): 0.013*"god" + 0.012*"tell" + 0.012*"please" + 0.011*"oh" + 0.008*"odn" + 0.004*"insurance" + 0.004*"little" + 0.004*"pungent" + 0.004*"taste" + 0.003*"yes"
2018-08-28 06:58:05,879 : INFO : topic #26 (0.025): 0.009*"get" + 0.009*"like" + 0.008*"year" + 0.007*"stock" + 0.006*"money" + 0.006*"im" + 0.005*"pay" + 0.005*"people" + 0.005*"would" + 0.004*"company"
2018-08-28 06:58:05,881 : INFO : topic #11 (0.025): 0.020*"power" + 0.016*"energy" + 0.016*"coin" + 0.012*"powr" + 0.011*"tesla" + 0.008*"mommy" + 0.008*"solar" + 0.008*"ledger" + 0.006*"australia" + 0.006*"government"
2018-08-28 06:58:05,883 : INFO : topic #10 (0.025): 0.001*"kama" + 0.001*"master" + 0.001*"po" + 0.001*"xzc" + 0.001*"exec" + 0.001*"fenx" + 0.001*"proving" + 0.001*"given" + 0.001*"vega" + 0.001*"band"
2018-08-28 06:58:05,884 : INFO : topic #21 (0.025): 0.146*"neo" + 0.043*"news" + 0.030*"china" + 0.024*"chinese" + 0.016*"gas" + 0.014*"etp" + 0.011*"government" + 0.007*"announcement" + 0.007*"icos" + 0.007*"monday"
2018-08-28 06:58:05,889 : INFO : topic diff=0.003371, rho=0.103695
2018-08-28 06:58:24,488 : INFO : -8.353 per-word bound, 327.0 perplexity estimate based on a held-out corpus of 4623 documents with 2290604 words
2018-08-28 06:58:24,488 : INFO : PROGRESS: pass 92, at document #4623/4623
2018-08-28 06:58:38,223 : INFO : topic #10 (0.025): 0.001*"kama" + 0.001*"master" + 0.001*"po" + 0.001*"xzc" + 0.001*"exec" + 0.001*"fenx" + 0.001*"proving" + 0.001*"given" + 0.001*"vega" + 0.001*"band"
2018-08-28 06:58:38,225 : INFO : topic #37 (0.025): 0.019*"fomo" + 0.010*"la" + 0.005*"economics" + 0.004*"weed" + 0.004*"smoke" + 0.003*"not" + 0.003*"phase" + 0.003*"3d" + 0.003*"remove" + 0.002*"emotion"
2018-08-28 06:58:38,226 : INFO : topic #39 (0.025): 0.196*"chancoin" + 0.015*"4chn" + 0.011*"coin" + 0.007*"discord" + 0.006*"tipping" + 0.005*"chan" + 0.005*"name" + 0.004*"00100000" + 0.004*"post" + 0.004*"feature"
2018-08-28 06:58:38,227 : INFO : topic #21 (0.025): 0.147*"neo" + 0.043*"news" + 0.030*"china" + 0.024*"chinese" + 0.016*"gas" + 0.014*"etp" + 0.011*"government" + 0.007*"announcement" + 0.007*"icos" + 0.007*"monday"
2018-08-28 06:58:38,229 : INFO : topic #36 (0.025): 0.024*"link" + 0.021*"quad" + 0.005*"digital" + 0.003*"etherparty" + 0.003*"fuel" + 0.003*"80" + 0.003*"year" + 0.003*"could" + 0.002*"crime" + 0.002*"rent"
2018-08-28 06:58:38,233 : INFO : topic diff=0.003310, rho=0.103142
2018-08-28 06:58:56,836 : INFO : -8.353 per-word bound, 326.9 perplexity estimate based on a held-out corpus of 4623 documents with 2290604 words
2018-08-28 06:58:56,836 : INFO : PROGRESS: pass 93, at document #4623/4623
2018-08-28 06:59:10,555 : INFO : topic #9 (0.025): 0.154*"ark" + 0.015*"delegate" + 0.014*"lisk" + 0.009*"mobile" + 0.009*"wallet" + 0.008*"staking" + 0.007*"deluded" + 0.007*"vote" + 0.006*"arkies" + 0.005*"faucet"
2018-08-28 06:59:10,557 : INFO : topic #38 (0.025): 0.011*"get" + 0.010*"like" + 0.009*"make" + 0.008*"im" + 0.008*"money" + 0.007*"people" + 0.006*"want" + 0.006*"one" + 0.006*"fucking" + 0.006*"would"
2018-08-28 06:59:10,558 : INFO : topic #30 (0.025): 0.006*"people" + 0.005*"crypto" + 0.005*"make" + 0.005*"silver" + 0.004*"like" + 0.004*"it" + 0.004*"bitcoin" + 0.004*"satoshi" + 0.004*"year" + 0.004*"get"
2018-08-28 06:59:10,560 : INFO : topic #25 (0.025): 0.035*"req" + 0.019*"iota" + 0.007*"make" + 0.007*"omg" + 0.007*"request" + 0.006*"coin" + 0.006*"get" + 0.006*"it" + 0.005*"like" + 0.005*"buy"
2018-08-28 06:59:10,562 : INFO : topic #16 (0.025): 0.023*"bitcoin" + 0.018*"btc" + 0.013*"bch" + 0.009*"transaction" + 0.008*"people" + 0.007*"would" + 0.006*"block" + 0.006*"miner" + 0.006*"like" + 0.005*"one"
2018-08-28 06:59:10,566 : INFO : topic diff=0.003252, rho=0.102598
2018-08-28 06:59:29,151 : INFO : -8.352 per-word bound, 326.8 perplexity estimate based on a held-out corpus of 4623 documents with 2290604 words
2018-08-28 06:59:29,151 : INFO : PROGRESS: pass 94, at document #4623/4623
2018-08-28 06:59:42,846 : INFO : topic #21 (0.025): 0.147*"neo" + 0.043*"news" + 0.030*"china" + 0.024*"chinese" + 0.016*"gas" + 0.014*"etp" + 0.011*"government" + 0.007*"announcement" + 0.007*"icos" + 0.007*"monday"
2018-08-28 06:59:42,848 : INFO : topic #4 (0.025): 0.020*"token" + 0.020*"link" + 0.012*"project" + 0.011*"coin" + 0.010*"team" + 0.009*"ico" + 0.008*"market" + 0.008*"use" + 0.008*"contract" + 0.007*"price"
2018-08-28 06:59:42,849 : INFO : topic #5 (0.025): 0.010*"modum" + 0.010*"ha" + 0.005*"10k" + 0.004*"pharma" + 0.004*"year" + 0.004*"wtc" + 0.004*"shipment" + 0.003*"dividend" + 0.003*"ceo" + 0.003*"car"
2018-08-28 06:59:42,851 : INFO : topic #36 (0.025): 0.024*"link" + 0.021*"quad" + 0.005*"digital" + 0.003*"etherparty" + 0.003*"fuel" + 0.003*"80" + 0.003*"year" + 0.003*"could" + 0.002*"crime" + 0.002*"rent"
2018-08-28 06:59:42,852 : INFO : topic #19 (0.025): 0.060*"tax" + 0.023*"gain" + 0.019*"pay" + 0.019*"trade" + 0.018*"crypto" + 0.017*"irs" + 0.015*"cash" + 0.012*"capital" + 0.010*"fiat" + 0.009*"year"
2018-08-28 06:59:42,856 : INFO : topic diff=0.003190, rho=0.102062
2018-08-28 07:00:01,426 : INFO : -8.352 per-word bound, 326.8 perplexity estimate based on a held-out corpus of 4623 documents with 2290604 words
2018-08-28 07:00:01,427 : INFO : PROGRESS: pass 95, at document #4623/4623
2018-08-28 07:00:15,103 : INFO : topic #9 (0.025): 0.154*"ark" + 0.015*"delegate" + 0.014*"lisk" + 0.009*"mobile" + 0.009*"wallet" + 0.008*"staking" + 0.007*"deluded" + 0.007*"vote" + 0.006*"arkies" + 0.005*"faucet"
2018-08-28 07:00:15,105 : INFO : topic #36 (0.025): 0.024*"link" + 0.021*"quad" + 0.005*"digital" + 0.003*"etherparty" + 0.003*"fuel" + 0.003*"80" + 0.003*"year" + 0.003*"could" + 0.002*"crime" + 0.002*"rent"
2018-08-28 07:00:15,106 : INFO : topic #39 (0.025): 0.197*"chancoin" + 0.015*"4chn" + 0.011*"coin" + 0.007*"discord" + 0.006*"tipping" + 0.005*"chan" + 0.005*"name" + 0.004*"00100000" + 0.004*"post" + 0.004*"feature"
2018-08-28 07:00:15,108 : INFO : topic #21 (0.025): 0.147*"neo" + 0.043*"news" + 0.030*"china" + 0.024*"chinese" + 0.016*"gas" + 0.014*"etp" + 0.011*"government" + 0.007*"announcement" + 0.007*"icos" + 0.007*"monday"
2018-08-28 07:00:15,109 : INFO : topic #12 (0.025): 0.020*"btc" + 0.012*"bch" + 0.010*"going" + 0.010*"bitcoin" + 0.008*"like" + 0.008*"buy" + 0.007*"get" + 0.007*"go" + 0.006*"money" + 0.006*"time"
2018-08-28 07:00:15,114 : INFO : topic diff=0.003128, rho=0.101535
2018-08-28 07:00:33,633 : INFO : -8.352 per-word bound, 326.7 perplexity estimate based on a held-out corpus of 4623 documents with 2290604 words
2018-08-28 07:00:33,634 : INFO : PROGRESS: pass 96, at document #4623/4623
2018-08-28 07:00:47,353 : INFO : topic #13 (0.025): 0.011*"card" + 0.005*"pokemon" + 0.004*"prix" + 0.003*"icx" + 0.002*"edition" + 0.002*"yugioh" + 0.002*"mtg" + 0.002*"shape" + 0.002*"charizard" + 0.002*"deck"
2018-08-28 07:00:47,355 : INFO : topic #21 (0.025): 0.147*"neo" + 0.043*"news" + 0.030*"china" + 0.024*"chinese" + 0.016*"gas" + 0.014*"etp" + 0.011*"government" + 0.007*"announcement" + 0.007*"icos" + 0.007*"monday"
2018-08-28 07:00:47,356 : INFO : topic #25 (0.025): 0.035*"req" + 0.020*"iota" + 0.007*"make" + 0.007*"omg" + 0.007*"request" + 0.006*"get" + 0.006*"coin" + 0.006*"it" + 0.005*"like" + 0.004*"buy"
2018-08-28 07:00:47,358 : INFO : topic #17 (0.025): 0.018*"sergey" + 0.013*"steve" + 0.011*"language" + 0.011*"trying" + 0.010*"link" + 0.010*"one" + 0.008*"mac" + 0.008*"he" + 0.007*"rory" + 0.006*"basement"
2018-08-28 07:00:47,359 : INFO : topic #27 (0.025): 0.007*"bts" + 0.007*"boomer" + 0.005*"zeph" + 0.004*"bitshares" + 0.003*"generation" + 0.002*"home" + 0.002*"pool" + 0.002*"waterfront" + 0.001*"string" + 0.001*"pension"
2018-08-28 07:00:47,364 : INFO : topic diff=0.003073, rho=0.101015
2018-08-28 07:01:05,940 : INFO : -8.352 per-word bound, 326.7 perplexity estimate based on a held-out corpus of 4623 documents with 2290604 words
2018-08-28 07:01:05,940 : INFO : PROGRESS: pass 97, at document #4623/4623
2018-08-28 07:01:19,632 : INFO : topic #20 (0.025): 0.015*"buy" + 0.012*"im" + 0.011*"sell" + 0.010*"bought" + 0.010*"fucking" + 0.009*"get" + 0.009*"coin" + 0.009*"like" + 0.008*"fuck" + 0.008*"back"
2018-08-28 07:01:19,635 : INFO : topic #14 (0.025): 0.013*"eth" + 0.011*"vitalik" + 0.011*"cp" + 0.011*"child" + 0.007*"he" + 0.006*"people" + 0.006*"porn" + 0.006*"fucking" + 0.005*"cos" + 0.005*"it"
2018-08-28 07:01:19,637 : INFO : topic #31 (0.025): 0.016*"link" + 0.015*"coin" + 0.012*"btc" + 0.011*"eth" + 0.009*"buy" + 0.008*"year" + 0.008*"monero" + 0.007*"like" + 0.007*"im" + 0.007*"make"
2018-08-28 07:01:19,638 : INFO : topic #7 (0.025): 0.014*"god" + 0.012*"tell" + 0.012*"please" + 0.011*"oh" + 0.008*"odn" + 0.004*"insurance" + 0.004*"little" + 0.004*"pungent" + 0.004*"taste" + 0.003*"yes"
2018-08-28 07:01:19,639 : INFO : topic #29 (0.025): 0.010*"du" + 0.007*"und" + 0.006*"da" + 0.005*"nicht" + 0.005*"ich" + 0.005*"der" + 0.004*"ist" + 0.004*"germany" + 0.004*"zu" + 0.004*"german"
2018-08-28 07:01:19,644 : INFO : topic diff=0.003018, rho=0.100504
2018-08-28 07:01:38,192 : INFO : -8.351 per-word bound, 326.6 perplexity estimate based on a held-out corpus of 4623 documents with 2290604 words
2018-08-28 07:01:38,192 : INFO : PROGRESS: pass 98, at document #4623/4623
2018-08-28 07:01:51,917 : INFO : topic #16 (0.025): 0.023*"bitcoin" + 0.018*"btc" + 0.013*"bch" + 0.009*"transaction" + 0.008*"people" + 0.007*"would" + 0.006*"block" + 0.006*"miner" + 0.006*"like" + 0.005*"one"
2018-08-28 07:01:51,918 : INFO : topic #4 (0.025): 0.020*"token" + 0.020*"link" + 0.012*"project" + 0.011*"coin" + 0.010*"team" + 0.009*"ico" + 0.008*"market" + 0.008*"use" + 0.008*"contract" + 0.007*"price"
2018-08-28 07:01:51,920 : INFO : topic #39 (0.025): 0.197*"chancoin" + 0.016*"4chn" + 0.011*"coin" + 0.007*"discord" + 0.006*"tipping" + 0.005*"chan" + 0.005*"name" + 0.004*"00100000" + 0.004*"post" + 0.004*"feature"
2018-08-28 07:01:51,921 : INFO : topic #11 (0.025): 0.020*"power" + 0.016*"energy" + 0.016*"coin" + 0.013*"powr" + 0.012*"tesla" + 0.008*"mommy" + 0.008*"solar" + 0.008*"ledger" + 0.007*"australia" + 0.007*"government"
2018-08-28 07:01:51,922 : INFO : topic #17 (0.025): 0.018*"sergey" + 0.013*"steve" + 0.011*"language" + 0.011*"trying" + 0.010*"link" + 0.010*"one" + 0.008*"mac" + 0.008*"he" + 0.007*"rory" + 0.006*"basement"
2018-08-28 07:01:51,927 : INFO : topic diff=0.002966, rho=0.100000
2018-08-28 07:02:10,582 : INFO : -8.351 per-word bound, 326.5 perplexity estimate based on a held-out corpus of 4623 documents with 2290604 words
2018-08-28 07:02:10,583 : INFO : PROGRESS: pass 99, at document #4623/4623
2018-08-28 07:02:24,584 : INFO : topic #0 (0.025): 0.007*"trip" + 0.005*"resume" + 0.003*"op" + 0.003*"winner" + 0.002*"gpi" + 0.002*"poc" + 0.002*"logo" + 0.002*"roll" + 0.002*"job" + 0.002*"asch"
2018-08-28 07:02:24,586 : INFO : topic #12 (0.025): 0.021*"btc" + 0.012*"bch" + 0.010*"bitcoin" + 0.010*"going" + 0.008*"like" + 0.008*"buy" + 0.007*"get" + 0.007*"go" + 0.006*"money" + 0.006*"time"
2018-08-28 07:02:24,589 : INFO : topic #26 (0.025): 0.009*"get" + 0.009*"like" + 0.008*"year" + 0.007*"stock" + 0.006*"money" + 0.006*"im" + 0.005*"pay" + 0.005*"people" + 0.005*"would" + 0.004*"company"
2018-08-28 07:02:24,591 : INFO : topic #8 (0.025): 0.005*"minereum" + 0.004*"a" + 0.003*"poll" + 0.003*"bot" + 0.003*"in" + 0.003*"english" + 0.002*"sent" + 0.002*"mne" + 0.002*"postcard" + 0.002*"complement"
2018-08-28 07:02:24,593 : INFO : topic #6 (0.025): 0.005*"pepe" + 0.005*"trezor" + 0.003*"bachelor" + 0.003*"passphrase" + 0.003*"exploit" + 0.003*"actuarial" + 0.003*"engineering" + 0.003*"malware" + 0.002*"pin" + 0.002*"etherdelta"
2018-08-28 07:02:24,597 : INFO : topic diff=0.002917, rho=0.099504
2018-08-28 07:02:24,600 : INFO : saving LdaState object under models/ldamodel.state, separately None
2018-08-28 07:02:24,872 : INFO : saved models/ldamodel.state
2018-08-28 07:02:24,976 : INFO : saving LdaModel object under models/ldamodel, separately ['expElogbeta', 'sstats']
2018-08-28 07:02:24,984 : INFO : storing np array 'expElogbeta' to models/ldamodel.expElogbeta.npy
2018-08-28 07:02:25,127 : INFO : not storing attribute id2word
2018-08-28 07:02:25,130 : INFO : not storing attribute state
2018-08-28 07:02:25,130 : INFO : not storing attribute dispatcher
2018-08-28 07:02:25,141 : INFO : saved models/ldamodel
2018-08-28 07:02:25,146 : INFO : topic #13 (0.025): 0.011*"card" + 0.005*"pokemon" + 0.004*"prix" + 0.003*"icx" + 0.002*"edition" + 0.002*"yugioh" + 0.002*"mtg" + 0.002*"shape" + 0.002*"charizard" + 0.002*"deck" + 0.002*"booster" + 0.001*"play" + 0.001*"rectangle" + 0.001*"box" + 0.001*"pack" + 0.001*"list" + 0.001*"coworkers" + 0.001*"christian" + 0.001*"psa" + 0.001*"fossil"
2018-08-28 07:02:25,148 : INFO : topic #25 (0.025): 0.036*"req" + 0.020*"iota" + 0.007*"make" + 0.007*"omg" + 0.007*"request" + 0.006*"get" + 0.006*"coin" + 0.006*"it" + 0.005*"like" + 0.004*"buy" + 0.004*"im" + 0.004*"yc" + 0.004*"go" + 0.004*"one" + 0.004*"crypto" + 0.003*"moon" + 0.003*"year" + 0.003*"month" + 0.003*"paypal" + 0.003*"next"
2018-08-28 07:02:25,150 : INFO : topic #33 (0.025): 0.047*"bch" + 0.020*"btc" + 0.010*"get" + 0.009*"difficulty" + 0.007*"miner" + 0.006*"roll" + 0.005*"bitcoin" + 0.005*"hour" + 0.004*"cash" + 0.004*"go" + 0.004*"last" + 0.004*"like" + 0.003*"need" + 0.003*"time" + 0.003*"mining" + 0.003*"going" + 0.003*"profitable" + 0.003*"pump" + 0.003*"flippening" + 0.003*"guy"
2018-08-28 07:02:25,151 : INFO : topic #39 (0.025): 0.197*"chancoin" + 0.016*"4chn" + 0.011*"coin" + 0.007*"discord" + 0.006*"tipping" + 0.005*"chan" + 0.005*"name" + 0.004*"00100000" + 0.004*"post" + 0.004*"feature" + 0.004*"wallet" + 0.004*"tip" + 0.004*"address" + 0.004*"need" + 0.003*"blockchain" + 0.003*"mining" + 0.003*"using" + 0.003*"community" + 0.003*"u" + 0.003*"field"
2018-08-28 07:02:25,153 : INFO : topic #27 (0.025): 0.007*"bts" + 0.007*"boomer" + 0.005*"zeph" + 0.004*"bitshares" + 0.003*"generation" + 0.002*"home" + 0.002*"pool" + 0.002*"waterfront" + 0.001*"string" + 0.001*"pension" + 0.001*"gen" + 0.001*"astronaut" + 0.001*"picolo" + 0.001*"std" + 0.001*"flight" + 0.001*"benefit" + 0.001*"return" + 0.001*"10x" + 0.001*"theory" + 0.001*"millenials"
2018-08-28 07:02:25,155 : INFO : topic #17 (0.025): 0.018*"sergey" + 0.013*"steve" + 0.011*"language" + 0.011*"trying" + 0.010*"link" + 0.010*"one" + 0.008*"mac" + 0.008*"he" + 0.007*"rory" + 0.006*"basement" + 0.006*"mom" + 0.006*"big" + 0.006*"update" + 0.005*"learn" + 0.005*"new" + 0.005*"32" + 0.005*"typo" + 0.005*"light" + 0.005*"booty" + 0.005*"c"
2018-08-28 07:02:25,156 : INFO : topic #1 (0.025): 0.020*"wallet" + 0.010*"get" + 0.010*"use" + 0.010*"address" + 0.010*"exchange" + 0.007*"send" + 0.007*"like" + 0.006*"im" + 0.006*"coin" + 0.006*"account" + 0.005*"one" + 0.005*"key" + 0.005*"eth" + 0.005*"buy" + 0.005*"want" + 0.005*"need" + 0.005*"private" + 0.005*"op" + 0.005*"fee" + 0.004*"it"
2018-08-28 07:02:25,158 : INFO : topic #10 (0.025): 0.001*"kama" + 0.001*"master" + 0.001*"po" + 0.001*"xzc" + 0.001*"exec" + 0.001*"fenx" + 0.001*"proving" + 0.001*"vega" + 0.001*"given" + 0.001*"band" + 0.001*"skeleton" + 0.001*"pow" + 0.001*"bomb" + 0.001*"boardmembers" + 0.001*"nvidia" + 0.001*"lance" + 0.001*"sar" + 0.001*"nytimes" + 0.001*"aia" + 0.001*"sonm"
2018-08-28 07:02:25,159 : INFO : topic #36 (0.025): 0.024*"link" + 0.021*"quad" + 0.005*"digital" + 0.003*"etherparty" + 0.003*"fuel" + 0.003*"80" + 0.003*"year" + 0.002*"could" + 0.002*"crime" + 0.002*"rent" + 0.002*"genesis" + 0.002*"government" + 0.002*"personal" + 0.002*"incoming" + 0.002*"world" + 0.002*"asset" + 0.002*"come" + 0.002*"thread" + 0.002*"making" + 0.002*"coordinate"
2018-08-28 07:02:25,160 : INFO : topic #34 (0.025): 0.009*"bitbay" + 0.006*"amazon" + 0.005*"50" + 0.005*"marketplace" + 0.004*"future" + 0.004*"doge" + 0.004*"damage" + 0.003*"sue" + 0.003*"court" + 0.003*"settlement" + 0.003*"private" + 0.002*"cme" + 0.002*"criminal" + 0.002*"drug" + 0.002*"lawsuit" + 0.002*"illegal" + 0.002*"syscoin" + 0.002*"nxt" + 0.001*"contract" + 0.001*"pyramid"
2018-08-28 07:02:25,162 : INFO : topic #7 (0.025): 0.014*"god" + 0.012*"tell" + 0.012*"please" + 0.011*"oh" + 0.008*"odn" + 0.004*"insurance" + 0.004*"little" + 0.004*"pungent" + 0.004*"taste" + 0.003*"yes" + 0.003*"quite" + 0.003*"wet" + 0.002*"drps" + 0.002*"interview" + 0.002*"sniff" + 0.002*"sue" + 0.002*"drpu" + 0.002*"button" + 0.002*"obsidian" + 0.002*"lawyer"
2018-08-28 07:02:25,163 : INFO : topic #23 (0.025): 0.088*"die" + 0.002*"1000" + 0.002*"zencash" + 0.001*"biweekly" + 0.001*"550" + 0.001*"miit" + 0.001*"erotix" + 0.001*"bundled" + 0.001*"cranial" + 0.001*"di" + 0.001*"compliant" + 0.001*"465" + 0.001*"twice" + 0.001*"1024" + 0.001*"che" + 0.001*"wang" + 0.001*"il" + 0.001*"byte" + 0.001*"42" + 0.001*"ityou"
2018-08-28 07:02:25,165 : INFO : topic #30 (0.025): 0.006*"people" + 0.005*"crypto" + 0.005*"silver" + 0.005*"make" + 0.004*"like" + 0.004*"satoshi" + 0.004*"it" + 0.004*"bitcoin" + 0.004*"year" + 0.004*"get" + 0.003*"good" + 0.003*"time" + 0.003*"you" + 0.003*"im" + 0.003*"day" + 0.003*"coin" + 0.003*"money" + 0.003*"much" + 0.003*"bot" + 0.003*"would"
2018-08-28 07:02:25,187 : INFO : topic #32 (0.025): 0.010*"ark" + 0.010*"going" + 0.010*"arkies" + 0.008*"tank" + 0.008*"arkie" + 0.008*"deluded" + 0.007*"pothead" + 0.006*"arsehole" + 0.006*"wagecucking" + 0.006*"world" + 0.005*"get" + 0.005*"floor" + 0.005*"stuttering" + 0.005*"interview" + 0.005*"fucking" + 0.005*"twitching" + 0.004*"remaining" + 0.003*"continuous" + 0.003*"current" + 0.003*"engineering"
2018-08-28 07:02:25,189 : INFO : topic #31 (0.025): 0.016*"link" + 0.015*"coin" + 0.012*"btc" + 0.011*"eth" + 0.009*"buy" + 0.009*"year" + 0.008*"monero" + 0.007*"like" + 0.007*"im" + 0.007*"make" + 0.006*"xmr" + 0.006*"bitcoin" + 0.006*"get" + 0.006*"crypto" + 0.005*"going" + 0.005*"one" + 0.005*"go" + 0.005*"it" + 0.005*"would" + 0.005*"think"
2018-08-28 07:02:25,190 : INFO : topic #19 (0.025): 0.060*"tax" + 0.023*"gain" + 0.019*"pay" + 0.019*"trade" + 0.018*"crypto" + 0.017*"irs" + 0.015*"cash" + 0.012*"capital" + 0.010*"fiat" + 0.009*"year" + 0.009*"exchange" + 0.007*"income" + 0.007*"loss" + 0.006*"report" + 0.006*"btc" + 0.006*"money" + 0.006*"made" + 0.006*"every" + 0.005*"taxable" + 0.005*"know"
2018-08-28 07:02:25,192 : INFO : topic #26 (0.025): 0.009*"get" + 0.009*"like" + 0.008*"year" + 0.007*"stock" + 0.006*"money" + 0.006*"im" + 0.005*"pay" + 0.005*"people" + 0.005*"would" + 0.004*"company" + 0.004*"good" + 0.004*"one" + 0.004*"market" + 0.004*"shit" + 0.004*"make" + 0.004*"go" + 0.004*"buy" + 0.004*"even" + 0.003*"going" + 0.003*"work"
2018-08-28 07:02:25,193 : INFO : topic #24 (0.025): 0.007*"cash" + 0.007*"financial" + 0.007*"board" + 0.004*"gang" + 0.004*"technology" + 0.004*"also" + 0.004*"clinton" + 0.004*"digital" + 0.003*"advisory" + 0.003*"received" + 0.003*"crisis" + 0.003*"summer" + 0.003*"master" + 0.003*"treasury" + 0.003*"international" + 0.003*"group" + 0.003*"member" + 0.003*"service" + 0.003*"u" + 0.003*"bank"
2018-08-28 07:02:25,194 : INFO : topic #22 (0.025): 0.016*"tether" + 0.015*"btc" + 0.008*"money" + 0.008*"exchange" + 0.007*"get" + 0.007*"bitfinex" + 0.007*"bitcoin" + 0.007*"price" + 0.006*"people" + 0.006*"market" + 0.006*"like" + 0.006*"usd" + 0.006*"fucking" + 0.005*"would" + 0.005*"buy" + 0.005*"go" + 0.005*"crypto" + 0.004*"even" + 0.004*"fuck" + 0.004*"one"
2018-08-28 07:02:25,196 : INFO : topic #9 (0.025): 0.154*"ark" + 0.015*"delegate" + 0.014*"lisk" + 0.009*"mobile" + 0.009*"wallet" + 0.008*"staking" + 0.007*"deluded" + 0.007*"vote" + 0.006*"arkies" + 0.005*"faucet" + 0.005*"blockchains" + 0.004*"biz_classic" + 0.004*"stake" + 0.003*"dpos" + 0.003*"arkie" + 0.003*"voting" + 0.003*"entity" + 0.003*"voter" + 0.003*"button" + 0.002*"arkvm"
2018-08-28 07:02:25,197 : INFO : topic #37 (0.025): 0.019*"fomo" + 0.010*"la" + 0.005*"economics" + 0.004*"weed" + 0.004*"smoke" + 0.003*"not" + 0.003*"phase" + 0.003*"3d" + 0.003*"remove" + 0.002*"emotion" + 0.002*"model" + 0.002*"ebay" + 0.002*"smoking" + 0.002*"aaaaaaaaa" + 0.002*"give" + 0.002*"austrian" + 0.002*"economist" + 0.001*"item" + 0.001*"addicted" + 0.001*"artoken"
2018-08-28 07:02:25,199 : INFO : topic #18 (0.025): 0.056*"hst" + 0.018*"voting" + 0.008*"un" + 0.008*"vote" + 0.007*"horizon" + 0.007*"kucoin" + 0.005*"cryptopia" + 0.005*"telegram" + 0.005*"land" + 0.005*"united" + 0.004*"livecoin" + 0.004*"state" + 0.003*"mana" + 0.003*"tired" + 0.003*"shitcoini" + 0.003*"topic" + 0.003*"hypefuck" + 0.003*"play" + 0.003*"unsold" + 0.003*"australian"
2018-08-28 07:02:25,200 : INFO : topic #11 (0.025): 0.020*"power" + 0.016*"energy" + 0.016*"coin" + 0.013*"powr" + 0.012*"tesla" + 0.008*"mommy" + 0.008*"solar" + 0.008*"ledger" + 0.007*"australia" + 0.007*"government" + 0.006*"electricity" + 0.006*"partnership" + 0.005*"elon" + 0.005*"musk" + 0.004*"company" + 0.004*"plus" + 0.004*"one" + 0.004*"product" + 0.004*"battery" + 0.004*"working"
2018-08-28 07:02:25,202 : INFO : topic #16 (0.025): 0.023*"bitcoin" + 0.018*"btc" + 0.013*"bch" + 0.009*"transaction" + 0.008*"people" + 0.007*"would" + 0.006*"block" + 0.006*"miner" + 0.006*"like" + 0.005*"one" + 0.005*"fee" + 0.005*"cash" + 0.005*"coin" + 0.005*"mining" + 0.005*"time" + 0.005*"get" + 0.005*"core" + 0.004*"even" + 0.004*"make" + 0.004*"value"
2018-08-28 07:02:25,235 : INFO : using symmetric alpha at 0.025
2018-08-28 07:02:25,236 : INFO : using symmetric eta at 0.025
2018-08-28 07:02:25,246 : INFO : using serial LDA version on this node
2018-08-28 07:02:25,631 : INFO : running online (multi-pass) LDA training, 40 topics, 100 passes over the supplied corpus of 1067 documents, updating model once every 1067 documents, evaluating perplexity every 1067 documents, iterating 50x with a convergence threshold of 0.001000
2018-08-28 07:02:30,112 : INFO : -18.414 per-word bound, 349298.1 perplexity estimate based on a held-out corpus of 1067 documents with 1256157 words
2018-08-28 07:02:30,113 : INFO : PROGRESS: pass 0, at document #1067/1067
2018-08-28 07:02:32,391 : INFO : topic #16 (0.025): 0.009*"like" + 0.008*"get" + 0.007*"im" + 0.005*"people" + 0.005*"btc" + 0.005*"would" + 0.005*"going" + 0.005*"money" + 0.005*"buy" + 0.005*"make"
2018-08-28 07:02:32,393 : INFO : topic #5 (0.025): 0.008*"like" + 0.007*"get" + 0.006*"buy" + 0.006*"fucking" + 0.006*"people" + 0.006*"im" + 0.006*"going" + 0.005*"would" + 0.005*"make" + 0.005*"time"
2018-08-28 07:02:32,394 : INFO : topic #19 (0.025): 0.009*"btc" + 0.006*"people" + 0.006*"im" + 0.006*"make" + 0.006*"like" + 0.006*"going" + 0.006*"bch" + 0.005*"buy" + 0.005*"crypto" + 0.005*"bitcoin"
2018-08-28 07:02:32,395 : INFO : topic #37 (0.025): 0.008*"get" + 0.006*"fucking" + 0.005*"like" + 0.005*"im" + 0.005*"coin" + 0.005*"money" + 0.005*"btc" + 0.005*"go" + 0.004*"people" + 0.004*"even"
2018-08-28 07:02:32,396 : INFO : topic #17 (0.025): 0.012*"btc" + 0.006*"get" + 0.006*"bitcoin" + 0.006*"buy" + 0.006*"one" + 0.005*"would" + 0.005*"money" + 0.005*"fucking" + 0.005*"make" + 0.004*"coin"
2018-08-28 07:02:32,399 : INFO : topic diff=17.961372, rho=1.000000
2018-08-28 07:02:37,278 : INFO : -10.186 per-word bound, 1164.5 perplexity estimate based on a held-out corpus of 1067 documents with 1256157 words
2018-08-28 07:02:37,279 : INFO : PROGRESS: pass 1, at document #1067/1067
2018-08-28 07:02:39,847 : INFO : topic #24 (0.025): 0.006*"like" + 0.004*"people" + 0.004*"would" + 0.004*"im" + 0.004*"get" + 0.004*"bitcoin" + 0.004*"make" + 0.004*"shit" + 0.004*"think" + 0.004*"fuck"
2018-08-28 07:02:39,848 : INFO : topic #2 (0.025): 0.007*"like" + 0.006*"im" + 0.006*"get" + 0.005*"buy" + 0.004*"coin" + 0.004*"think" + 0.004*"crypto" + 0.004*"would" + 0.004*"time" + 0.004*"one"
2018-08-28 07:02:39,849 : INFO : topic #6 (0.025): 0.011*"get" + 0.007*"like" + 0.006*"im" + 0.006*"make" + 0.005*"one" + 0.005*"go" + 0.004*"would" + 0.004*"year" + 0.004*"time" + 0.004*"btc"
2018-08-28 07:02:39,850 : INFO : topic #9 (0.025): 0.007*"im" + 0.007*"buy" + 0.007*"fucking" + 0.006*"get" + 0.006*"like" + 0.005*"going" + 0.005*"even" + 0.005*"one" + 0.005*"back" + 0.005*"go"
2018-08-28 07:02:39,851 : INFO : topic #16 (0.025): 0.008*"like" + 0.007*"get" + 0.006*"im" + 0.005*"people" + 0.005*"would" + 0.005*"btc" + 0.004*"money" + 0.004*"going" + 0.004*"make" + 0.004*"buy"
2018-08-28 07:02:39,854 : INFO : topic diff=5.869178, rho=0.577350
2018-08-28 07:02:44,816 : INFO : -9.192 per-word bound, 584.9 perplexity estimate based on a held-out corpus of 1067 documents with 1256157 words
2018-08-28 07:02:44,816 : INFO : PROGRESS: pass 2, at document #1067/1067
2018-08-28 07:02:47,451 : INFO : topic #9 (0.025): 0.007*"buy" + 0.007*"fucking" + 0.007*"im" + 0.006*"get" + 0.006*"like" + 0.005*"going" + 0.005*"back" + 0.005*"shit" + 0.005*"one" + 0.005*"go"
2018-08-28 07:02:47,452 : INFO : topic #8 (0.025): 0.009*"get" + 0.008*"like" + 0.006*"im" + 0.006*"fucking" + 0.006*"would" + 0.005*"people" + 0.005*"one" + 0.005*"make" + 0.005*"time" + 0.005*"it"
2018-08-28 07:02:47,453 : INFO : topic #7 (0.025): 0.006*"get" + 0.005*"btc" + 0.005*"im" + 0.005*"money" + 0.004*"one" + 0.004*"like" + 0.004*"buy" + 0.004*"people" + 0.004*"know" + 0.004*"make"
2018-08-28 07:02:47,455 : INFO : topic #21 (0.025): 0.017*"btc" + 0.013*"bch" + 0.006*"fucking" + 0.006*"bitcoin" + 0.005*"like" + 0.005*"buy" + 0.005*"get" + 0.004*"want" + 0.004*"people" + 0.004*"one"
2018-08-28 07:02:47,456 : INFO : topic #12 (0.025): 0.007*"buy" + 0.006*"get" + 0.006*"btc" + 0.005*"people" + 0.005*"bitcoin" + 0.004*"fucking" + 0.004*"im" + 0.004*"time" + 0.004*"money" + 0.004*"like"
2018-08-28 07:02:47,459 : INFO : topic diff=3.909507, rho=0.500000
2018-08-28 07:02:52,572 : INFO : -8.890 per-word bound, 474.4 perplexity estimate based on a held-out corpus of 1067 documents with 1256157 words
2018-08-28 07:02:52,574 : INFO : PROGRESS: pass 3, at document #1067/1067
2018-08-28 07:02:55,442 : INFO : topic #31 (0.025): 0.023*"link" + 0.007*"like" + 0.007*"token" + 0.006*"would" + 0.006*"buy" + 0.006*"chainlink" + 0.005*"coin" + 0.005*"people" + 0.005*"fucking" + 0.005*"get"
2018-08-28 07:02:55,444 : INFO : topic #14 (0.025): 0.008*"wallet" + 0.006*"like" + 0.006*"im" + 0.005*"make" + 0.005*"get" + 0.005*"would" + 0.004*"coin" + 0.004*"btc" + 0.004*"it" + 0.004*"one"
2018-08-28 07:02:55,445 : INFO : topic #28 (0.025): 0.017*"btc" + 0.012*"tether" + 0.010*"bch" + 0.007*"people" + 0.007*"bitcoin" + 0.006*"get" + 0.006*"like" + 0.006*"money" + 0.005*"would" + 0.005*"fucking"
2018-08-28 07:02:55,446 : INFO : topic #16 (0.025): 0.006*"like" + 0.005*"get" + 0.005*"people" + 0.005*"im" + 0.005*"eth" + 0.004*"would" + 0.004*"think" + 0.004*"one" + 0.004*"money" + 0.004*"know"
2018-08-28 07:02:55,447 : INFO : topic #35 (0.025): 0.031*"die" + 0.007*"like" + 0.006*"sell" + 0.006*"get" + 0.005*"buy" + 0.005*"people" + 0.005*"money" + 0.004*"im" + 0.004*"coin" + 0.004*"fucking"
2018-08-28 07:02:55,450 : INFO : topic diff=2.602327, rho=0.447214
2018-08-28 07:03:00,827 : INFO : -8.737 per-word bound, 426.7 perplexity estimate based on a held-out corpus of 1067 documents with 1256157 words
2018-08-28 07:03:00,829 : INFO : PROGRESS: pass 4, at document #1067/1067
2018-08-28 07:03:03,816 : INFO : topic #37 (0.025): 0.007*"link" + 0.006*"get" + 0.005*"im" + 0.005*"go" + 0.005*"coin" + 0.005*"like" + 0.004*"people" + 0.004*"fucking" + 0.004*"one" + 0.004*"contract"
2018-08-28 07:03:03,817 : INFO : topic #36 (0.025): 0.002*"im" + 0.001*"make" + 0.001*"go" + 0.001*"get" + 0.001*"coin" + 0.001*"fucking" + 0.001*"btc" + 0.001*"like" + 0.001*"one" + 0.001*"think"
2018-08-28 07:03:03,819 : INFO : topic #7 (0.025): 0.005*"btc" + 0.004*"im" + 0.004*"money" + 0.004*"get" + 0.004*"like" + 0.003*"buy" + 0.003*"one" + 0.003*"bts" + 0.003*"du" + 0.003*"know"
2018-08-28 07:03:03,820 : INFO : topic #17 (0.025): 0.009*"btc" + 0.004*"bitcoin" + 0.003*"bch" + 0.003*"get" + 0.003*"buy" + 0.003*"one" + 0.003*"fucking" + 0.002*"would" + 0.002*"money" + 0.002*"people"
2018-08-28 07:03:03,821 : INFO : topic #34 (0.025): 0.009*"buy" + 0.008*"like" + 0.008*"coin" + 0.007*"im" + 0.007*"powr" + 0.007*"get" + 0.006*"going" + 0.005*"fucking" + 0.005*"shit" + 0.005*"fuck"
2018-08-28 07:03:03,824 : INFO : topic diff=1.750612, rho=0.408248
2018-08-28 07:03:09,349 : INFO : -8.649 per-word bound, 401.3 perplexity estimate based on a held-out corpus of 1067 documents with 1256157 words
2018-08-28 07:03:09,350 : INFO : PROGRESS: pass 5, at document #1067/1067
2018-08-28 07:03:12,534 : INFO : topic #9 (0.025): 0.008*"buy" + 0.007*"fucking" + 0.007*"im" + 0.006*"get" + 0.006*"going" + 0.005*"back" + 0.005*"like" + 0.005*"shit" + 0.005*"coin" + 0.005*"sell"
2018-08-28 07:03:12,535 : INFO : topic #0 (0.025): 0.021*"bitcoin" + 0.012*"transaction" + 0.012*"btc" + 0.010*"block" + 0.008*"bch" + 0.007*"would" + 0.007*"miner" + 0.005*"network" + 0.005*"fee" + 0.005*"time"
2018-08-28 07:03:12,536 : INFO : topic #6 (0.025): 0.012*"get" + 0.008*"job" + 0.007*"like" + 0.007*"im" + 0.006*"make" + 0.005*"one" + 0.005*"year" + 0.005*"want" + 0.005*"people" + 0.005*"go"
2018-08-28 07:03:12,537 : INFO : topic #28 (0.025): 0.019*"btc" + 0.013*"tether" + 0.011*"bch" + 0.007*"bitcoin" + 0.007*"people" + 0.006*"get" + 0.006*"money" + 0.006*"like" + 0.005*"would" + 0.005*"fucking"
2018-08-28 07:03:12,539 : INFO : topic #33 (0.025): 0.009*"buy" + 0.008*"coin" + 0.007*"req" + 0.007*"get" + 0.006*"like" + 0.006*"ico" + 0.005*"price" + 0.005*"im" + 0.005*"going" + 0.005*"even"
2018-08-28 07:03:12,542 : INFO : topic diff=1.202875, rho=0.377964
2018-08-28 07:03:18,192 : INFO : -8.593 per-word bound, 386.0 perplexity estimate based on a held-out corpus of 1067 documents with 1256157 words
2018-08-28 07:03:18,192 : INFO : PROGRESS: pass 6, at document #1067/1067
2018-08-28 07:03:21,542 : INFO : topic #39 (0.025): 0.013*"btc" + 0.010*"bitcoin" + 0.009*"bch" + 0.007*"like" + 0.007*"get" + 0.006*"going" + 0.006*"coin" + 0.006*"buy" + 0.006*"people" + 0.006*"im"
2018-08-28 07:03:21,544 : INFO : topic #33 (0.025): 0.009*"buy" + 0.009*"req" + 0.008*"coin" + 0.007*"get" + 0.007*"ico" + 0.006*"like" + 0.006*"price" + 0.005*"im" + 0.005*"going" + 0.005*"even"
2018-08-28 07:03:21,545 : INFO : topic #15 (0.025): 0.084*"sage" + 0.005*"like" + 0.004*"get" + 0.004*"im" + 0.003*"got" + 0.003*"girl" + 0.003*"good" + 0.003*"trading" + 0.003*"woman" + 0.002*"as"
2018-08-28 07:03:21,546 : INFO : topic #35 (0.025): 0.043*"die" + 0.008*"iota" + 0.006*"like" + 0.006*"sell" + 0.005*"people" + 0.005*"get" + 0.004*"buy" + 0.004*"money" + 0.004*"coin" + 0.004*"im"
2018-08-28 07:03:21,547 : INFO : topic #17 (0.025): 0.006*"btc" + 0.002*"bch" + 0.002*"bitcoin" + 0.002*"get" + 0.002*"buy" + 0.002*"one" + 0.002*"fucking" + 0.002*"people" + 0.001*"would" + 0.001*"network"
2018-08-28 07:03:21,550 : INFO : topic diff=0.846014, rho=0.353553
2018-08-28 07:03:27,329 : INFO : -8.555 per-word bound, 376.1 perplexity estimate based on a held-out corpus of 1067 documents with 1256157 words
2018-08-28 07:03:27,330 : INFO : PROGRESS: pass 7, at document #1067/1067
2018-08-28 07:03:30,847 : INFO : topic #25 (0.025): 0.007*"like" + 0.005*"future" + 0.005*"shit" + 0.005*"trade" + 0.005*"even" + 0.005*"fucking" + 0.004*"get" + 0.004*"im" + 0.004*"money" + 0.004*"people"
2018-08-28 07:03:30,848 : INFO : topic #39 (0.025): 0.013*"btc" + 0.010*"bitcoin" + 0.009*"bch" + 0.007*"like" + 0.007*"get" + 0.006*"going" + 0.006*"buy" + 0.006*"coin" + 0.006*"people" + 0.006*"im"
2018-08-28 07:03:30,849 : INFO : topic #9 (0.025): 0.009*"buy" + 0.008*"fucking" + 0.007*"im" + 0.006*"get" + 0.006*"going" + 0.006*"back" + 0.005*"coin" + 0.005*"shit" + 0.005*"like" + 0.005*"sell"
2018-08-28 07:03:30,851 : INFO : topic #12 (0.025): 0.008*"bitbay" + 0.007*"buy" + 0.006*"bitcoin" + 0.004*"marketplace" + 0.004*"would" + 0.004*"btc" + 0.003*"get" + 0.003*"jew" + 0.003*"even" + 0.003*"decentralized"
2018-08-28 07:03:30,852 : INFO : topic #5 (0.025): 0.009*"like" + 0.009*"get" + 0.009*"buy" + 0.008*"im" + 0.006*"going" + 0.006*"go" + 0.005*"make" + 0.005*"neo" + 0.005*"time" + 0.005*"money"
2018-08-28 07:03:30,854 : INFO : topic diff=0.608228, rho=0.333333
2018-08-28 07:03:36,728 : INFO : -8.528 per-word bound, 369.2 perplexity estimate based on a held-out corpus of 1067 documents with 1256157 words
2018-08-28 07:03:36,729 : INFO : PROGRESS: pass 8, at document #1067/1067
2018-08-28 07:03:40,383 : INFO : topic #28 (0.025): 0.020*"btc" + 0.015*"tether" + 0.011*"bch" + 0.007*"bitcoin" + 0.007*"people" + 0.006*"get" + 0.006*"money" + 0.006*"bitfinex" + 0.005*"would" + 0.005*"like"
2018-08-28 07:03:40,384 : INFO : topic #1 (0.025): 0.007*"money" + 0.006*"crypto" + 0.005*"im" + 0.004*"shit" + 0.004*"year" + 0.004*"get" + 0.004*"one" + 0.004*"like" + 0.004*"time" + 0.003*"trading"
2018-08-28 07:03:40,386 : INFO : topic #37 (0.025): 0.005*"link" + 0.005*"go" + 0.005*"im" + 0.005*"get" + 0.004*"coin" + 0.004*"contract" + 0.004*"project" + 0.004*"people" + 0.004*"smart" + 0.004*"like"
2018-08-28 07:03:40,387 : INFO : topic #2 (0.025): 0.004*"age" + 0.003*"year" + 0.003*"im" + 0.003*"software" + 0.002*"get" + 0.002*"crypto" + 0.002*"job" + 0.002*"like" + 0.002*"know" + 0.002*"engineer"
2018-08-28 07:03:40,388 : INFO : topic #8 (0.025): 0.010*"get" + 0.009*"like" + 0.007*"im" + 0.006*"people" + 0.006*"make" + 0.006*"fucking" + 0.005*"would" + 0.005*"want" + 0.005*"money" + 0.005*"it"
2018-08-28 07:03:40,391 : INFO : topic diff=0.446058, rho=0.316228
2018-08-28 07:03:46,517 : INFO : -8.508 per-word bound, 364.1 perplexity estimate based on a held-out corpus of 1067 documents with 1256157 words
2018-08-28 07:03:46,517 : INFO : PROGRESS: pass 9, at document #1067/1067
2018-08-28 07:03:50,339 : INFO : topic #10 (0.025): 0.008*"get" + 0.007*"like" + 0.006*"im" + 0.006*"people" + 0.005*"would" + 0.005*"want" + 0.004*"go" + 0.004*"know" + 0.004*"use" + 0.004*"make"
2018-08-28 07:03:50,340 : INFO : topic #13 (0.025): 0.009*"like" + 0.008*"get" + 0.007*"btc" + 0.007*"money" + 0.005*"bitcoin" + 0.005*"im" + 0.005*"crypto" + 0.005*"buy" + 0.005*"people" + 0.005*"fucking"
2018-08-28 07:03:50,341 : INFO : topic #29 (0.025): 0.004*"pay" + 0.004*"like" + 0.004*"im" + 0.004*"get" + 0.004*"also" + 0.004*"one" + 0.004*"work" + 0.003*"buy" + 0.003*"want" + 0.003*"would"
2018-08-28 07:03:50,342 : INFO : topic #28 (0.025): 0.020*"btc" + 0.015*"tether" + 0.010*"bch" + 0.007*"bitcoin" + 0.007*"people" + 0.006*"get" + 0.006*"money" + 0.006*"bitfinex" + 0.005*"would" + 0.005*"like"
2018-08-28 07:03:50,343 : INFO : topic #2 (0.025): 0.005*"age" + 0.003*"year" + 0.003*"software" + 0.002*"im" + 0.002*"crypto" + 0.002*"get" + 0.002*"job" + 0.002*"engineer" + 0.001*"know" + 0.001*"like"
2018-08-28 07:03:50,347 : INFO : topic diff=0.332940, rho=0.301511
2018-08-28 07:03:56,620 : INFO : -8.493 per-word bound, 360.3 perplexity estimate based on a held-out corpus of 1067 documents with 1256157 words
2018-08-28 07:03:56,621 : INFO : PROGRESS: pass 10, at document #1067/1067
2018-08-28 07:04:00,641 : INFO : topic #32 (0.025): 0.006*"decred" + 0.003*"obsidian" + 0.003*"governance" + 0.002*"tezos" + 0.002*"odn" + 0.002*"progress" + 0.002*"stakeholder" + 0.001*"masternodes" + 0.001*"lawsuit" + 0.001*"horrible"
2018-08-28 07:04:00,643 : INFO : topic #13 (0.025): 0.009*"like" + 0.008*"get" + 0.007*"btc" + 0.007*"money" + 0.005*"crypto" + 0.005*"buy" + 0.005*"bitcoin" + 0.005*"im" + 0.005*"people" + 0.005*"fucking"
2018-08-28 07:04:00,645 : INFO : topic #8 (0.025): 0.010*"get" + 0.009*"like" + 0.007*"im" + 0.007*"people" + 0.006*"make" + 0.006*"fucking" + 0.005*"money" + 0.005*"would" + 0.005*"want" + 0.005*"it"
2018-08-28 07:04:00,646 : INFO : topic #24 (0.025): 0.008*"wage" + 0.007*"minimum" + 0.002*"blah" + 0.001*"100000you" + 0.001*"flipper" + 0.001*"mit" + 0.001*"immigration" + 0.001*"paid" + 0.000*"inflation" + 0.000*"people"
2018-08-28 07:04:00,647 : INFO : topic #35 (0.025): 0.054*"die" + 0.017*"iota" + 0.005*"like" + 0.005*"sell" + 0.005*"people" + 0.004*"get" + 0.003*"music" + 0.003*"jew" + 0.003*"shit" + 0.003*"one"
2018-08-28 07:04:00,650 : INFO : topic diff=0.252612, rho=0.288675
2018-08-28 07:04:07,091 : INFO : -8.481 per-word bound, 357.4 perplexity estimate based on a held-out corpus of 1067 documents with 1256157 words
2018-08-28 07:04:07,092 : INFO : PROGRESS: pass 11, at document #1067/1067
2018-08-28 07:04:11,352 : INFO : topic #28 (0.025): 0.020*"btc" + 0.015*"tether" + 0.010*"bch" + 0.007*"bitcoin" + 0.007*"people" + 0.006*"get" + 0.006*"money" + 0.006*"bitfinex" + 0.005*"would" + 0.005*"like"
2018-08-28 07:04:11,354 : INFO : topic #22 (0.025): 0.006*"req" + 0.005*"omg" + 0.004*"eat" + 0.003*"like" + 0.003*"need" + 0.003*"day" + 0.003*"shit" + 0.003*"fucking" + 0.003*"get" + 0.003*"also"
2018-08-28 07:04:11,355 : INFO : topic #23 (0.025): 0.007*"like" + 0.006*"get" + 0.005*"people" + 0.004*"year" + 0.004*"im" + 0.004*"shit" + 0.004*"fuck" + 0.004*"buy" + 0.004*"money" + 0.004*"xmr"
2018-08-28 07:04:11,356 : INFO : topic #36 (0.025): 0.000*"im" + 0.000*"make" + 0.000*"go" + 0.000*"get" + 0.000*"coin" + 0.000*"fucking" + 0.000*"btc" + 0.000*"like" + 0.000*"one" + 0.000*"think"
2018-08-28 07:04:11,358 : INFO : topic #37 (0.025): 0.005*"go" + 0.005*"im" + 0.004*"contract" + 0.004*"coin" + 0.004*"get" + 0.004*"project" + 0.004*"code" + 0.004*"people" + 0.004*"smart" + 0.004*"link"
2018-08-28 07:04:11,361 : INFO : topic diff=0.194602, rho=0.277350
2018-08-28 07:04:17,967 : INFO : -8.472 per-word bound, 355.0 perplexity estimate based on a held-out corpus of 1067 documents with 1256157 words
2018-08-28 07:04:17,967 : INFO : PROGRESS: pass 12, at document #1067/1067
2018-08-28 07:04:22,329 : INFO : topic #7 (0.025): 0.007*"bts" + 0.005*"du" + 0.004*"germany" + 0.004*"die" + 0.004*"transfer" + 0.004*"btc" + 0.004*"modafinil" + 0.004*"und" + 0.003*"money" + 0.003*"im"
2018-08-28 07:04:22,331 : INFO : topic #13 (0.025): 0.009*"like" + 0.008*"get" + 0.007*"btc" + 0.006*"money" + 0.005*"crypto" + 0.005*"buy" + 0.005*"im" + 0.005*"bitcoin" + 0.005*"people" + 0.005*"fucking"
2018-08-28 07:04:22,332 : INFO : topic #39 (0.025): 0.015*"btc" + 0.010*"bitcoin" + 0.010*"bch" + 0.007*"like" + 0.007*"going" + 0.007*"get" + 0.006*"buy" + 0.006*"coin" + 0.006*"people" + 0.006*"im"
2018-08-28 07:04:22,333 : INFO : topic #18 (0.025): 0.009*"rcn" + 0.007*"token" + 0.006*"credit" + 0.006*"money" + 0.006*"car" + 0.006*"would" + 0.005*"like" + 0.005*"salt" + 0.005*"one" + 0.005*"coin"
2018-08-28 07:04:22,334 : INFO : topic #24 (0.025): 0.009*"wage" + 0.008*"minimum" + 0.002*"blah" + 0.001*"100000you" + 0.001*"mit" + 0.001*"flipper" + 0.001*"immigration" + 0.000*"inflation" + 0.000*"denmark" + 0.000*"iphonemuh"
2018-08-28 07:04:22,337 : INFO : topic diff=0.152167, rho=0.267261
2018-08-28 07:04:29,124 : INFO : -8.464 per-word bound, 353.1 perplexity estimate based on a held-out corpus of 1067 documents with 1256157 words
2018-08-28 07:04:29,126 : INFO : PROGRESS: pass 13, at document #1067/1067
2018-08-28 07:04:33,669 : INFO : topic #10 (0.025): 0.008*"get" + 0.007*"like" + 0.006*"people" + 0.006*"im" + 0.005*"would" + 0.005*"want" + 0.004*"use" + 0.004*"know" + 0.004*"go" + 0.004*"one"
2018-08-28 07:04:33,670 : INFO : topic #38 (0.025): 0.012*"stock" + 0.008*"like" + 0.008*"get" + 0.008*"im" + 0.007*"buy" + 0.007*"money" + 0.006*"good" + 0.006*"market" + 0.006*"going" + 0.006*"day"
2018-08-28 07:04:33,672 : INFO : topic #20 (0.025): 0.008*"like" + 0.007*"gab" + 0.004*"guy" + 0.004*"casino" + 0.003*"since" + 0.003*"play" + 0.002*"come" + 0.002*"ethereum" + 0.002*"pretty" + 0.002*"blockchain"
2018-08-28 07:04:33,673 : INFO : topic #28 (0.025): 0.020*"btc" + 0.016*"tether" + 0.010*"bch" + 0.007*"bitcoin" + 0.007*"people" + 0.006*"get" + 0.006*"bitfinex" + 0.006*"money" + 0.005*"would" + 0.005*"price"
2018-08-28 07:04:33,674 : INFO : topic #6 (0.025): 0.012*"get" + 0.010*"job" + 0.007*"like" + 0.007*"im" + 0.006*"make" + 0.006*"school" + 0.005*"year" + 0.005*"one" + 0.005*"want" + 0.005*"people"
2018-08-28 07:04:33,676 : INFO : topic diff=0.120925, rho=0.258199
2018-08-28 07:04:40,582 : INFO : -8.457 per-word bound, 351.4 perplexity estimate based on a held-out corpus of 1067 documents with 1256157 words
2018-08-28 07:04:40,583 : INFO : PROGRESS: pass 14, at document #1067/1067
2018-08-28 07:04:45,269 : INFO : topic #29 (0.025): 0.004*"pay" + 0.003*"also" + 0.003*"work" + 0.003*"one" + 0.003*"im" + 0.003*"like" + 0.003*"time" + 0.003*"get" + 0.003*"bank" + 0.003*"still"
2018-08-28 07:04:45,270 : INFO : topic #15 (0.025): 0.105*"sage" + 0.003*"girl" + 0.003*"got" + 0.003*"like" + 0.003*"trading" + 0.003*"as" + 0.002*"woman" + 0.002*"im" + 0.002*"get" + 0.002*"good"
2018-08-28 07:04:45,272 : INFO : topic #9 (0.025): 0.009*"buy" + 0.008*"fucking" + 0.007*"im" + 0.006*"back" + 0.006*"get" + 0.006*"going" + 0.006*"shit" + 0.006*"sell" + 0.005*"coin" + 0.005*"like"
2018-08-28 07:04:45,273 : INFO : topic #13 (0.025): 0.008*"like" + 0.008*"get" + 0.006*"money" + 0.006*"btc" + 0.006*"crypto" + 0.005*"buy" + 0.005*"im" + 0.005*"people" + 0.005*"bitcoin" + 0.005*"fucking"
2018-08-28 07:04:45,275 : INFO : topic #2 (0.025): 0.005*"age" + 0.003*"software" + 0.002*"engineer" + 0.002*"year" + 0.001*"crypto" + 0.001*"europe" + 0.001*"math" + 0.001*"package" + 0.001*"germany" + 0.001*"im"
2018-08-28 07:04:45,278 : INFO : topic diff=0.097696, rho=0.250000
2018-08-28 07:04:52,350 : INFO : -8.451 per-word bound, 350.0 perplexity estimate based on a held-out corpus of 1067 documents with 1256157 words
2018-08-28 07:04:52,350 : INFO : PROGRESS: pass 15, at document #1067/1067
2018-08-28 07:04:57,194 : INFO : topic #1 (0.025): 0.006*"crypto" + 0.006*"money" + 0.004*"im" + 0.004*"year" + 0.004*"shit" + 0.003*"trading" + 0.003*"time" + 0.003*"month" + 0.003*"nuls" + 0.003*"one"
2018-08-28 07:04:57,195 : INFO : topic #11 (0.025): 0.000*"instamine" + 0.000*"daylight" + 0.000*"tbreak" + 0.000*"rentbillscold" + 0.000*"tetherscam" + 0.000*"lm" + 0.000*"waterno" + 0.000*"soonlmfaothey" + 0.000*"anondo" + 0.000*"stolenwell"
2018-08-28 07:04:57,197 : INFO : topic #7 (0.025): 0.007*"bts" + 0.005*"du" + 0.004*"germany" + 0.004*"die" + 0.004*"modafinil" + 0.004*"transfer" + 0.004*"und" + 0.003*"btc" + 0.003*"bitshares" + 0.003*"money"
2018-08-28 07:04:57,198 : INFO : topic #38 (0.025): 0.013*"stock" + 0.009*"like" + 0.008*"get" + 0.008*"im" + 0.008*"buy" + 0.007*"money" + 0.007*"good" + 0.006*"market" + 0.006*"going" + 0.006*"company"
2018-08-28 07:04:57,199 : INFO : topic #12 (0.025): 0.012*"bitbay" + 0.006*"marketplace" + 0.005*"buy" + 0.005*"jew" + 0.004*"decentralized" + 0.004*"bitcoin" + 0.003*"syscoin" + 0.003*"private" + 0.003*"polish" + 0.002*"public"
2018-08-28 07:04:57,202 : INFO : topic diff=0.080285, rho=0.242536
2018-08-28 07:05:04,382 : INFO : -8.446 per-word bound, 348.8 perplexity estimate based on a held-out corpus of 1067 documents with 1256157 words
2018-08-28 07:05:04,382 : INFO : PROGRESS: pass 16, at document #1067/1067
2018-08-28 07:05:09,322 : INFO : topic #19 (0.025): 0.018*"tax" + 0.011*"crypto" + 0.008*"gain" + 0.008*"pay" + 0.007*"money" + 0.007*"get" + 0.007*"year" + 0.007*"trade" + 0.007*"scam" + 0.007*"btc"
2018-08-28 07:05:09,324 : INFO : topic #7 (0.025): 0.007*"bts" + 0.005*"du" + 0.004*"germany" + 0.004*"die" + 0.004*"modafinil" + 0.004*"transfer" + 0.004*"und" + 0.003*"btc" + 0.003*"bitshares" + 0.003*"zeph"
2018-08-28 07:05:09,325 : INFO : topic #9 (0.025): 0.009*"buy" + 0.008*"fucking" + 0.007*"im" + 0.006*"back" + 0.006*"get" + 0.006*"going" + 0.006*"sell" + 0.006*"shit" + 0.005*"coin" + 0.005*"pump"
2018-08-28 07:05:09,326 : INFO : topic #21 (0.025): 0.013*"btc" + 0.011*"bch" + 0.006*"fucking" + 0.004*"king" + 0.003*"cia" + 0.003*"exchange" + 0.002*"get" + 0.002*"want" + 0.002*"million" + 0.002*"bithumb"
2018-08-28 07:05:09,328 : INFO : topic #6 (0.025): 0.012*"get" + 0.010*"job" + 0.007*"like" + 0.007*"im" + 0.006*"make" + 0.006*"school" + 0.005*"year" + 0.005*"one" + 0.005*"want" + 0.005*"people"
2018-08-28 07:05:09,331 : INFO : topic diff=0.067061, rho=0.235702
2018-08-28 07:05:16,541 : INFO : -8.442 per-word bound, 347.7 perplexity estimate based on a held-out corpus of 1067 documents with 1256157 words
2018-08-28 07:05:16,542 : INFO : PROGRESS: pass 17, at document #1067/1067
2018-08-28 07:05:21,560 : INFO : topic #24 (0.025): 0.009*"wage" + 0.009*"minimum" + 0.002*"blah" + 0.001*"100000you" + 0.001*"mit" + 0.001*"flipper" + 0.001*"immigration" + 0.001*"inflation" + 0.000*"denmark" + 0.000*"iphonemuh"
2018-08-28 07:05:21,561 : INFO : topic #15 (0.025): 0.110*"sage" + 0.003*"got" + 0.003*"girl" + 0.003*"trading" + 0.003*"as" + 0.003*"like" + 0.002*"woman" + 0.002*"eth" + 0.002*"im" + 0.002*"game"
2018-08-28 07:05:21,563 : INFO : topic #3 (0.025): 0.054*"chancoin" + 0.009*"coin" + 0.006*"ark" + 0.005*"buy" + 0.004*"one" + 0.004*"like" + 0.004*"price" + 0.004*"get" + 0.003*"wallet" + 0.003*"going"
2018-08-28 07:05:21,564 : INFO : topic #37 (0.025): 0.005*"code" + 0.005*"go" + 0.005*"im" + 0.004*"contract" + 0.004*"coin" + 0.004*"smart" + 0.004*"fake" + 0.004*"people" + 0.004*"project" + 0.004*"one"
2018-08-28 07:05:21,565 : INFO : topic #0 (0.025): 0.028*"bitcoin" + 0.017*"transaction" + 0.015*"block" + 0.014*"bch" + 0.014*"btc" + 0.012*"miner" + 0.010*"mining" + 0.010*"fee" + 0.008*"would" + 0.008*"core"
2018-08-28 07:05:21,569 : INFO : topic diff=0.056908, rho=0.229416
2018-08-28 07:05:28,878 : INFO : -8.438 per-word bound, 346.7 perplexity estimate based on a held-out corpus of 1067 documents with 1256157 words
2018-08-28 07:05:28,879 : INFO : PROGRESS: pass 18, at document #1067/1067
2018-08-28 07:05:33,956 : INFO : topic #19 (0.025): 0.018*"tax" + 0.011*"crypto" + 0.008*"gain" + 0.008*"pay" + 0.007*"money" + 0.007*"get" + 0.007*"year" + 0.007*"trade" + 0.007*"scam" + 0.007*"btc"
2018-08-28 07:05:33,957 : INFO : topic #37 (0.025): 0.005*"code" + 0.005*"go" + 0.005*"im" + 0.004*"contract" + 0.004*"coin" + 0.004*"fake" + 0.004*"smart" + 0.004*"people" + 0.003*"project" + 0.003*"one"
2018-08-28 07:05:33,959 : INFO : topic #30 (0.025): 0.009*"money" + 0.008*"im" + 0.008*"get" + 0.007*"like" + 0.006*"make" + 0.006*"ark" + 0.005*"trade" + 0.005*"coin" + 0.005*"go" + 0.005*"good"
2018-08-28 07:05:33,960 : INFO : topic #1 (0.025): 0.006*"crypto" + 0.005*"money" + 0.004*"year" + 0.004*"im" + 0.004*"trading" + 0.003*"shit" + 0.003*"month" + 0.003*"nuls" + 0.003*"time" + 0.003*"thread"
2018-08-28 07:05:33,962 : INFO : topic #16 (0.025): 0.010*"address" + 0.009*"eth" + 0.009*"wallet" + 0.008*"contract" + 0.006*"send" + 0.006*"gas" + 0.005*"guy" + 0.004*"god" + 0.004*"key" + 0.004*"minereum"
2018-08-28 07:05:33,965 : INFO : topic diff=0.049002, rho=0.223607
2018-08-28 07:05:41,284 : INFO : -8.434 per-word bound, 345.8 perplexity estimate based on a held-out corpus of 1067 documents with 1256157 words
2018-08-28 07:05:41,285 : INFO : PROGRESS: pass 19, at document #1067/1067
2018-08-28 07:05:46,382 : INFO : topic #17 (0.025): 0.002*"petahash" + 0.001*"hkd" + 0.001*"hkma" + 0.001*"78" + 0.001*"monetary" + 0.001*"stall" + 0.001*"hong" + 0.001*"bitcoincom" + 0.001*"parasiting" + 0.001*"kong"
2018-08-28 07:05:46,383 : INFO : topic #13 (0.025): 0.008*"like" + 0.008*"get" + 0.006*"money" + 0.005*"crypto" + 0.005*"btc" + 0.005*"buy" + 0.005*"fucking" + 0.005*"people" + 0.005*"shit" + 0.005*"im"
2018-08-28 07:05:46,385 : INFO : topic #3 (0.025): 0.056*"chancoin" + 0.009*"coin" + 0.005*"ark" + 0.005*"buy" + 0.004*"one" + 0.004*"like" + 0.004*"price" + 0.004*"get" + 0.003*"wallet" + 0.003*"going"
2018-08-28 07:05:46,387 : INFO : topic #11 (0.025): 0.000*"instamine" + 0.000*"daylight" + 0.000*"tbreak" + 0.000*"rentbillscold" + 0.000*"tetherscam" + 0.000*"lm" + 0.000*"waterno" + 0.000*"soonlmfaothey" + 0.000*"anondo" + 0.000*"stolenwell"
2018-08-28 07:05:46,388 : INFO : topic #6 (0.025): 0.012*"get" + 0.010*"job" + 0.007*"like" + 0.007*"im" + 0.006*"school" + 0.006*"make" + 0.005*"year" + 0.005*"one" + 0.005*"want" + 0.005*"people"
2018-08-28 07:05:46,391 : INFO : topic diff=0.042771, rho=0.218218
2018-08-28 07:05:53,747 : INFO : -8.431 per-word bound, 345.0 perplexity estimate based on a held-out corpus of 1067 documents with 1256157 words
2018-08-28 07:05:53,749 : INFO : PROGRESS: pass 20, at document #1067/1067
2018-08-28 07:05:58,863 : INFO : topic #1 (0.025): 0.007*"crypto" + 0.005*"money" + 0.004*"year" + 0.004*"im" + 0.004*"trading" + 0.003*"shit" + 0.003*"month" + 0.003*"nuls" + 0.003*"time" + 0.003*"loan"
2018-08-28 07:05:58,865 : INFO : topic #29 (0.025): 0.004*"pay" + 0.003*"also" + 0.003*"work" + 0.003*"25k" + 0.002*"bank" + 0.002*"time" + 0.002*"still" + 0.002*"vechain" + 0.002*"euro" + 0.002*"one"
2018-08-28 07:05:58,867 : INFO : topic #12 (0.025): 0.013*"bitbay" + 0.007*"marketplace" + 0.005*"jew" + 0.004*"decentralized" + 0.004*"syscoin" + 0.004*"buy" + 0.004*"private" + 0.003*"bitcoin" + 0.003*"polish" + 0.002*"public"
2018-08-28 07:05:58,868 : INFO : topic #5 (0.025): 0.010*"buy" + 0.009*"get" + 0.009*"like" + 0.008*"im" + 0.008*"ark" + 0.008*"neo" + 0.007*"going" + 0.006*"go" + 0.005*"make" + 0.005*"time"
2018-08-28 07:05:58,869 : INFO : topic #22 (0.025): 0.004*"omg" + 0.004*"eat" + 0.004*"req" + 0.003*"day" + 0.003*"egg" + 0.003*"need" + 0.003*"fat" + 0.003*"account" + 0.002*"credit" + 0.002*"shit"
2018-08-28 07:05:58,872 : INFO : topic diff=0.037799, rho=0.213201
2018-08-28 07:06:06,249 : INFO : -8.427 per-word bound, 344.3 perplexity estimate based on a held-out corpus of 1067 documents with 1256157 words
2018-08-28 07:06:06,249 : INFO : PROGRESS: pass 21, at document #1067/1067
2018-08-28 07:06:11,380 : INFO : topic #20 (0.025): 0.008*"gab" + 0.006*"like" + 0.004*"casino" + 0.004*"guy" + 0.003*"come" + 0.003*"play" + 0.003*"since" + 0.002*"pretty" + 0.002*"tax" + 0.002*"fedora"
2018-08-28 07:06:11,382 : INFO : topic #19 (0.025): 0.018*"tax" + 0.011*"crypto" + 0.008*"gain" + 0.008*"pay" + 0.007*"money" + 0.007*"trade" + 0.007*"get" + 0.007*"year" + 0.007*"scam" + 0.006*"btc"
2018-08-28 07:06:11,383 : INFO : topic #6 (0.025): 0.012*"get" + 0.010*"job" + 0.007*"like" + 0.007*"im" + 0.006*"school" + 0.006*"make" + 0.005*"year" + 0.005*"one" + 0.005*"want" + 0.005*"people"
2018-08-28 07:06:11,385 : INFO : topic #28 (0.025): 0.019*"btc" + 0.017*"tether" + 0.008*"bch" + 0.007*"people" + 0.007*"bitcoin" + 0.007*"bitfinex" + 0.007*"get" + 0.006*"money" + 0.006*"usd" + 0.006*"price"
2018-08-28 07:06:11,386 : INFO : topic #8 (0.025): 0.010*"get" + 0.010*"like" + 0.007*"im" + 0.007*"make" + 0.007*"people" + 0.006*"money" + 0.006*"fucking" + 0.006*"want" + 0.006*"would" + 0.005*"year"
2018-08-28 07:06:11,389 : INFO : topic diff=0.033797, rho=0.208514
2018-08-28 07:06:18,765 : INFO : -8.425 per-word bound, 343.6 perplexity estimate based on a held-out corpus of 1067 documents with 1256157 words
2018-08-28 07:06:18,766 : INFO : PROGRESS: pass 22, at document #1067/1067
2018-08-28 07:06:23,931 : INFO : topic #30 (0.025): 0.009*"money" + 0.008*"im" + 0.008*"get" + 0.007*"like" + 0.006*"make" + 0.006*"ark" + 0.005*"trade" + 0.005*"coin" + 0.005*"good" + 0.005*"go"
2018-08-28 07:06:23,934 : INFO : topic #26 (0.025): 0.007*"buy" + 0.007*"fucking" + 0.006*"going" + 0.006*"go" + 0.006*"like" + 0.006*"make" + 0.005*"im" + 0.005*"one" + 0.005*"get" + 0.004*"know"
2018-08-28 07:06:23,935 : INFO : topic #3 (0.025): 0.060*"chancoin" + 0.009*"coin" + 0.005*"ark" + 0.005*"buy" + 0.004*"one" + 0.004*"like" + 0.004*"price" + 0.003*"get" + 0.003*"wallet" + 0.003*"need"
2018-08-28 07:06:23,936 : INFO : topic #11 (0.025): 0.000*"instamine" + 0.000*"daylight" + 0.000*"tbreak" + 0.000*"rentbillscold" + 0.000*"tetherscam" + 0.000*"lm" + 0.000*"waterno" + 0.000*"soonlmfaothey" + 0.000*"anondo" + 0.000*"stolenwell"
2018-08-28 07:06:23,937 : INFO : topic #4 (0.025): 0.011*"btc" + 0.008*"buy" + 0.008*"im" + 0.008*"eth" + 0.007*"coin" + 0.006*"like" + 0.006*"get" + 0.006*"money" + 0.006*"go" + 0.005*"one"
2018-08-28 07:06:23,940 : INFO : topic diff=0.030525, rho=0.204124
2018-08-28 07:06:31,294 : INFO : -8.422 per-word bound, 342.9 perplexity estimate based on a held-out corpus of 1067 documents with 1256157 words
2018-08-28 07:06:31,295 : INFO : PROGRESS: pass 23, at document #1067/1067
2018-08-28 07:06:36,486 : INFO : topic #11 (0.025): 0.000*"instamine" + 0.000*"daylight" + 0.000*"tbreak" + 0.000*"rentbillscold" + 0.000*"tetherscam" + 0.000*"lm" + 0.000*"waterno" + 0.000*"soonlmfaothey" + 0.000*"anondo" + 0.000*"stolenwell"
2018-08-28 07:06:36,487 : INFO : topic #37 (0.025): 0.006*"code" + 0.004*"im" + 0.004*"contract" + 0.004*"go" + 0.004*"coin" + 0.004*"fake" + 0.003*"smart" + 0.003*"update" + 0.003*"people" + 0.003*"one"
2018-08-28 07:06:36,488 : INFO : topic #25 (0.025): 0.009*"future" + 0.008*"bat" + 0.005*"like" + 0.005*"contract" + 0.005*"shit" + 0.004*"even" + 0.004*"eth" + 0.004*"fucking" + 0.004*"thats" + 0.003*"fee"
2018-08-28 07:06:36,490 : INFO : topic #1 (0.025): 0.007*"crypto" + 0.004*"money" + 0.004*"year" + 0.004*"trading" + 0.004*"im" + 0.003*"nuls" + 0.003*"month" + 0.003*"loan" + 0.003*"shit" + 0.002*"thread"
2018-08-28 07:06:36,491 : INFO : topic #8 (0.025): 0.010*"get" + 0.010*"like" + 0.007*"im" + 0.007*"make" + 0.007*"people" + 0.006*"money" + 0.006*"fucking" + 0.006*"want" + 0.006*"would" + 0.005*"year"
2018-08-28 07:06:36,494 : INFO : topic diff=0.027823, rho=0.200000
2018-08-28 07:06:43,887 : INFO : -8.419 per-word bound, 342.4 perplexity estimate based on a held-out corpus of 1067 documents with 1256157 words
2018-08-28 07:06:43,888 : INFO : PROGRESS: pass 24, at document #1067/1067
2018-08-28 07:06:49,129 : INFO : topic #4 (0.025): 0.011*"btc" + 0.008*"buy" + 0.008*"im" + 0.008*"eth" + 0.007*"coin" + 0.006*"like" + 0.006*"get" + 0.006*"money" + 0.006*"go" + 0.005*"one"
2018-08-28 07:06:49,131 : INFO : topic #36 (0.025): 0.000*"im" + 0.000*"make" + 0.000*"go" + 0.000*"get" + 0.000*"coin" + 0.000*"fucking" + 0.000*"btc" + 0.000*"like" + 0.000*"one" + 0.000*"think"
2018-08-28 07:06:49,133 : INFO : topic #31 (0.025): 0.027*"link" + 0.009*"token" + 0.008*"coin" + 0.007*"like" + 0.006*"would" + 0.006*"eth" + 0.006*"buy" + 0.006*"even" + 0.006*"project" + 0.006*"make"
2018-08-28 07:06:49,134 : INFO : topic #1 (0.025): 0.007*"crypto" + 0.004*"year" + 0.004*"money" + 0.004*"trading" + 0.003*"im" + 0.003*"nuls" + 0.003*"month" + 0.003*"loan" + 0.002*"thread" + 0.002*"china"
2018-08-28 07:06:49,135 : INFO : topic #6 (0.025): 0.012*"get" + 0.010*"job" + 0.007*"like" + 0.007*"im" + 0.006*"school" + 0.006*"make" + 0.005*"year" + 0.005*"one" + 0.005*"want" + 0.005*"people"
2018-08-28 07:06:49,139 : INFO : topic diff=0.025558, rho=0.196116
2018-08-28 07:06:56,608 : INFO : -8.417 per-word bound, 341.8 perplexity estimate based on a held-out corpus of 1067 documents with 1256157 words
2018-08-28 07:06:56,610 : INFO : PROGRESS: pass 25, at document #1067/1067
2018-08-28 07:07:01,833 : INFO : topic #35 (0.025): 0.072*"die" + 0.033*"iota" + 0.005*"music" + 0.005*"jew" + 0.004*"people" + 0.004*"giota" + 0.004*"like" + 0.003*"top" + 0.003*"reclaim" + 0.003*"shit"
2018-08-28 07:07:01,835 : INFO : topic #31 (0.025): 0.026*"link" + 0.009*"token" + 0.008*"coin" + 0.008*"like" + 0.006*"would" + 0.006*"eth" + 0.006*"buy" + 0.006*"even" + 0.006*"project" + 0.006*"make"
2018-08-28 07:07:01,836 : INFO : topic #23 (0.025): 0.005*"like" + 0.004*"xmr" + 0.004*"get" + 0.004*"people" + 0.004*"year" + 0.004*"asian" + 0.003*"weed" + 0.003*"smoke" + 0.003*"meme" + 0.003*"shit"
2018-08-28 07:07:01,838 : INFO : topic #34 (0.025): 0.011*"coin" + 0.011*"buy" + 0.009*"powr" + 0.009*"im" + 0.008*"like" + 0.007*"going" + 0.006*"get" + 0.006*"fucking" + 0.006*"shit" + 0.005*"go"
2018-08-28 07:07:01,839 : INFO : topic #8 (0.025): 0.010*"get" + 0.010*"like" + 0.007*"im" + 0.007*"make" + 0.007*"people" + 0.006*"money" + 0.006*"fucking" + 0.006*"want" + 0.006*"would" + 0.005*"year"
2018-08-28 07:07:01,842 : INFO : topic diff=0.023660, rho=0.192450
2018-08-28 07:07:09,298 : INFO : -8.415 per-word bound, 341.3 perplexity estimate based on a held-out corpus of 1067 documents with 1256157 words
2018-08-28 07:07:09,299 : INFO : PROGRESS: pass 26, at document #1067/1067
2018-08-28 07:07:14,483 : INFO : topic #9 (0.025): 0.009*"buy" + 0.008*"fucking" + 0.007*"im" + 0.006*"back" + 0.006*"going" + 0.006*"get" + 0.006*"sell" + 0.006*"shit" + 0.005*"pump" + 0.005*"fuck"
2018-08-28 07:07:14,484 : INFO : topic #35 (0.025): 0.073*"die" + 0.033*"iota" + 0.005*"music" + 0.005*"jew" + 0.004*"giota" + 0.004*"people" + 0.004*"like" + 0.003*"reclaim" + 0.003*"top" + 0.003*"back"
2018-08-28 07:07:14,486 : INFO : topic #22 (0.025): 0.004*"eat" + 0.004*"omg" + 0.003*"day" + 0.003*"egg" + 0.003*"fat" + 0.003*"req" + 0.002*"account" + 0.002*"credit" + 0.002*"need" + 0.002*"eating"
2018-08-28 07:07:14,487 : INFO : topic #2 (0.025): 0.004*"age" + 0.003*"software" + 0.001*"engineer" + 0.001*"debit" + 0.001*"package" + 0.001*"math" + 0.001*"germany" + 0.001*"europe" + 0.001*"facebook" + 0.001*"bonus"
2018-08-28 07:07:14,488 : INFO : topic #21 (0.025): 0.007*"btc" + 0.006*"bch" + 0.004*"fucking" + 0.004*"king" + 0.003*"cia" + 0.002*"bithumb" + 0.002*"million" + 0.002*"ver" + 0.002*"exchange" + 0.002*"increase"
2018-08-28 07:07:14,491 : INFO : topic diff=0.022022, rho=0.188982
2018-08-28 07:07:21,939 : INFO : -8.413 per-word bound, 340.8 perplexity estimate based on a held-out corpus of 1067 documents with 1256157 words
2018-08-28 07:07:21,939 : INFO : PROGRESS: pass 27, at document #1067/1067
2018-08-28 07:07:27,144 : INFO : topic #18 (0.025): 0.011*"rcn" + 0.008*"token" + 0.007*"credit" + 0.006*"salt" + 0.006*"car" + 0.006*"loan" + 0.006*"money" + 0.005*"market" + 0.005*"would" + 0.005*"one"
2018-08-28 07:07:27,146 : INFO : topic #21 (0.025): 0.007*"btc" + 0.006*"bch" + 0.004*"king" + 0.004*"fucking" + 0.003*"cia" + 0.002*"bithumb" + 0.002*"million" + 0.002*"ver" + 0.002*"increase" + 0.002*"usd"
2018-08-28 07:07:27,147 : INFO : topic #24 (0.025): 0.010*"wage" + 0.010*"minimum" + 0.002*"blah" + 0.001*"immigration" + 0.001*"100000you" + 0.001*"mit" + 0.001*"flipper" + 0.001*"inflation" + 0.000*"denmark" + 0.000*"iphonemuh"
2018-08-28 07:07:27,148 : INFO : topic #39 (0.025): 0.016*"btc" + 0.009*"bch" + 0.009*"bitcoin" + 0.007*"going" + 0.007*"like" + 0.007*"buy" + 0.007*"get" + 0.006*"coin" + 0.006*"im" + 0.006*"people"
2018-08-28 07:07:27,149 : INFO : topic #36 (0.025): 0.000*"im" + 0.000*"make" + 0.000*"go" + 0.000*"get" + 0.000*"coin" + 0.000*"fucking" + 0.000*"btc" + 0.000*"like" + 0.000*"one" + 0.000*"think"
2018-08-28 07:07:27,152 : INFO : topic diff=0.020603, rho=0.185695
2018-08-28 07:07:34,582 : INFO : -8.411 per-word bound, 340.3 perplexity estimate based on a held-out corpus of 1067 documents with 1256157 words
2018-08-28 07:07:34,582 : INFO : PROGRESS: pass 28, at document #1067/1067
2018-08-28 07:07:39,779 : INFO : topic #20 (0.025): 0.008*"gab" + 0.005*"like" + 0.005*"casino" + 0.004*"guy" + 0.003*"come" + 0.003*"play" + 0.003*"since" + 0.002*"pretty" + 0.002*"tax" + 0.002*"fedora"
2018-08-28 07:07:39,780 : INFO : topic #34 (0.025): 0.011*"coin" + 0.011*"buy" + 0.009*"powr" + 0.009*"im" + 0.008*"like" + 0.007*"going" + 0.006*"get" + 0.006*"fucking" + 0.006*"shit" + 0.005*"go"
2018-08-28 07:07:39,781 : INFO : topic #15 (0.025): 0.122*"sage" + 0.003*"trading" + 0.003*"got" + 0.003*"girl" + 0.002*"as" + 0.002*"eth" + 0.002*"woman" + 0.002*"trade" + 0.002*"game" + 0.002*"sub"
2018-08-28 07:07:39,783 : INFO : topic #11 (0.025): 0.000*"instamine" + 0.000*"daylight" + 0.000*"tbreak" + 0.000*"rentbillscold" + 0.000*"tetherscam" + 0.000*"lm" + 0.000*"waterno" + 0.000*"soonlmfaothey" + 0.000*"anondo" + 0.000*"stolenwell"
2018-08-28 07:07:39,784 : INFO : topic #3 (0.025): 0.065*"chancoin" + 0.009*"coin" + 0.004*"buy" + 0.004*"one" + 0.004*"ark" + 0.003*"wallet" + 0.003*"price" + 0.003*"like" + 0.003*"get" + 0.003*"need"
2018-08-28 07:07:39,787 : INFO : topic diff=0.019365, rho=0.182574
2018-08-28 07:07:47,214 : INFO : -8.409 per-word bound, 339.8 perplexity estimate based on a held-out corpus of 1067 documents with 1256157 words
2018-08-28 07:07:47,215 : INFO : PROGRESS: pass 29, at document #1067/1067
2018-08-28 07:07:52,440 : INFO : topic #34 (0.025): 0.011*"coin" + 0.011*"buy" + 0.009*"powr" + 0.009*"im" + 0.008*"like" + 0.007*"going" + 0.006*"get" + 0.006*"fucking" + 0.006*"shit" + 0.005*"go"
2018-08-28 07:07:52,441 : INFO : topic #9 (0.025): 0.009*"buy" + 0.008*"fucking" + 0.007*"im" + 0.007*"back" + 0.006*"going" + 0.006*"get" + 0.006*"sell" + 0.006*"shit" + 0.005*"pump" + 0.005*"fuck"
2018-08-28 07:07:52,442 : INFO : topic #39 (0.025): 0.016*"btc" + 0.009*"bch" + 0.009*"bitcoin" + 0.007*"going" + 0.007*"like" + 0.007*"buy" + 0.007*"get" + 0.006*"coin" + 0.006*"im" + 0.006*"people"
2018-08-28 07:07:52,443 : INFO : topic #20 (0.025): 0.008*"gab" + 0.005*"like" + 0.005*"casino" + 0.004*"guy" + 0.003*"come" + 0.003*"play" + 0.003*"since" + 0.002*"pretty" + 0.002*"tax" + 0.002*"fedora"
2018-08-28 07:07:52,445 : INFO : topic #13 (0.025): 0.008*"like" + 0.007*"get" + 0.005*"crypto" + 0.005*"money" + 0.005*"buy" + 0.005*"wabi" + 0.004*"shit" + 0.004*"fucking" + 0.004*"people" + 0.004*"bitcoin"
2018-08-28 07:07:52,448 : INFO : topic diff=0.018275, rho=0.179605
2018-08-28 07:08:00,402 : INFO : -8.407 per-word bound, 339.4 perplexity estimate based on a held-out corpus of 1067 documents with 1256157 words
2018-08-28 07:08:00,403 : INFO : PROGRESS: pass 30, at document #1067/1067
2018-08-28 07:08:05,629 : INFO : topic #13 (0.025): 0.008*"like" + 0.007*"get" + 0.005*"crypto" + 0.005*"money" + 0.005*"buy" + 0.005*"wabi" + 0.004*"shit" + 0.004*"fucking" + 0.004*"people" + 0.004*"bitcoin"
2018-08-28 07:08:05,630 : INFO : topic #22 (0.025): 0.004*"eat" + 0.004*"omg" + 0.003*"day" + 0.003*"egg" + 0.003*"fat" + 0.002*"credit" + 0.002*"account" + 0.002*"eating" + 0.002*"letter" + 0.002*"paypal"
2018-08-28 07:08:05,632 : INFO : topic #11 (0.025): 0.000*"instamine" + 0.000*"daylight" + 0.000*"tbreak" + 0.000*"rentbillscold" + 0.000*"tetherscam" + 0.000*"lm" + 0.000*"waterno" + 0.000*"soonlmfaothey" + 0.000*"anondo" + 0.000*"stolenwell"
2018-08-28 07:08:05,633 : INFO : topic #15 (0.025): 0.123*"sage" + 0.003*"trading" + 0.003*"got" + 0.003*"girl" + 0.002*"as" + 0.002*"eth" + 0.002*"trade" + 0.002*"woman" + 0.002*"game" + 0.002*"sub"
2018-08-28 07:08:05,634 : INFO : topic #16 (0.025): 0.012*"address" + 0.010*"wallet" + 0.010*"eth" + 0.009*"contract" + 0.007*"send" + 0.006*"gas" + 0.005*"guy" + 0.005*"key" + 0.004*"god" + 0.004*"sent"
2018-08-28 07:08:05,637 : INFO : topic diff=0.017305, rho=0.176777
2018-08-28 07:08:13,075 : INFO : -8.405 per-word bound, 339.0 perplexity estimate based on a held-out corpus of 1067 documents with 1256157 words
2018-08-28 07:08:13,076 : INFO : PROGRESS: pass 31, at document #1067/1067
2018-08-28 07:08:18,312 : INFO : topic #13 (0.025): 0.008*"like" + 0.007*"get" + 0.005*"crypto" + 0.005*"money" + 0.005*"buy" + 0.005*"wabi" + 0.004*"shit" + 0.004*"fucking" + 0.004*"people" + 0.004*"bitcoin"
2018-08-28 07:08:18,314 : INFO : topic #19 (0.025): 0.019*"tax" + 0.011*"crypto" + 0.009*"gain" + 0.008*"pay" + 0.008*"money" + 0.007*"trade" + 0.007*"year" + 0.007*"get" + 0.007*"scam" + 0.007*"like"
2018-08-28 07:08:18,315 : INFO : topic #2 (0.025): 0.004*"age" + 0.003*"software" + 0.001*"debit" + 0.001*"engineer" + 0.001*"package" + 0.001*"math" + 0.001*"germany" + 0.001*"europe" + 0.001*"facebook" + 0.001*"0occupation"
2018-08-28 07:08:18,317 : INFO : topic #12 (0.025): 0.014*"bitbay" + 0.007*"marketplace" + 0.005*"jew" + 0.005*"syscoin" + 0.004*"decentralized" + 0.004*"private" + 0.003*"polish" + 0.003*"public" + 0.002*"message" + 0.002*"turd"
2018-08-28 07:08:18,318 : INFO : topic #29 (0.025): 0.003*"pay" + 0.003*"25k" + 0.002*"also" + 0.002*"vechain" + 0.002*"freelancer" + 0.002*"euro" + 0.002*"logo" + 0.002*"mind" + 0.002*"work" + 0.002*"30"
2018-08-28 07:08:18,321 : INFO : topic diff=0.016437, rho=0.174078
2018-08-28 07:08:25,796 : INFO : -8.404 per-word bound, 338.6 perplexity estimate based on a held-out corpus of 1067 documents with 1256157 words
2018-08-28 07:08:25,797 : INFO : PROGRESS: pass 32, at document #1067/1067
2018-08-28 07:08:30,981 : INFO : topic #2 (0.025): 0.004*"age" + 0.003*"software" + 0.002*"debit" + 0.001*"engineer" + 0.001*"package" + 0.001*"math" + 0.001*"germany" + 0.001*"europe" + 0.001*"facebook" + 0.001*"0occupation"
2018-08-28 07:08:30,983 : INFO : topic #36 (0.025): 0.000*"im" + 0.000*"make" + 0.000*"go" + 0.000*"get" + 0.000*"coin" + 0.000*"fucking" + 0.000*"btc" + 0.000*"like" + 0.000*"one" + 0.000*"think"
2018-08-28 07:08:30,984 : INFO : topic #16 (0.025): 0.012*"address" + 0.011*"wallet" + 0.010*"eth" + 0.009*"contract" + 0.007*"send" + 0.006*"gas" + 0.005*"guy" + 0.005*"key" + 0.004*"sent" + 0.004*"god"
2018-08-28 07:08:30,985 : INFO : topic #27 (0.025): 0.007*"team" + 0.006*"posw" + 0.004*"publica" + 0.004*"etp" + 0.004*"exchange" + 0.004*"coin" + 0.003*"cmc" + 0.003*"coinbase" + 0.003*"telegram" + 0.002*"ceo"
2018-08-28 07:08:30,986 : INFO : topic #15 (0.025): 0.124*"sage" + 0.003*"trading" + 0.003*"got" + 0.003*"girl" + 0.002*"as" + 0.002*"eth" + 0.002*"trade" + 0.002*"game" + 0.002*"sub" + 0.002*"woman"
2018-08-28 07:08:30,989 : INFO : topic diff=0.015649, rho=0.171499
2018-08-28 07:08:38,438 : INFO : -8.402 per-word bound, 338.3 perplexity estimate based on a held-out corpus of 1067 documents with 1256157 words
2018-08-28 07:08:38,439 : INFO : PROGRESS: pass 33, at document #1067/1067
2018-08-28 07:08:43,652 : INFO : topic #39 (0.025): 0.016*"btc" + 0.009*"bitcoin" + 0.009*"bch" + 0.007*"going" + 0.007*"like" + 0.007*"buy" + 0.007*"get" + 0.006*"coin" + 0.006*"im" + 0.006*"people"
2018-08-28 07:08:43,654 : INFO : topic #16 (0.025): 0.012*"address" + 0.011*"wallet" + 0.010*"eth" + 0.009*"contract" + 0.007*"send" + 0.006*"gas" + 0.005*"guy" + 0.005*"key" + 0.005*"sent" + 0.004*"minereum"
2018-08-28 07:08:43,656 : INFO : topic #13 (0.025): 0.008*"like" + 0.007*"get" + 0.005*"crypto" + 0.005*"money" + 0.005*"wabi" + 0.005*"buy" + 0.004*"shit" + 0.004*"fucking" + 0.004*"bitcoin" + 0.004*"want"
2018-08-28 07:08:43,657 : INFO : topic #33 (0.025): 0.021*"req" + 0.011*"ico" + 0.010*"buy" + 0.009*"coin" + 0.008*"request" + 0.007*"get" + 0.007*"like" + 0.006*"price" + 0.005*"even" + 0.005*"moon"
2018-08-28 07:08:43,659 : INFO : topic #25 (0.025): 0.011*"future" + 0.010*"bat" + 0.007*"contract" + 0.004*"like" + 0.004*"shit" + 0.004*"even" + 0.004*"browser" + 0.004*"fee" + 0.003*"eth" + 0.003*"thats"
2018-08-28 07:08:43,662 : INFO : topic diff=0.014932, rho=0.169031
2018-08-28 07:08:51,143 : INFO : -8.401 per-word bound, 337.9 perplexity estimate based on a held-out corpus of 1067 documents with 1256157 words
2018-08-28 07:08:51,144 : INFO : PROGRESS: pass 34, at document #1067/1067
2018-08-28 07:08:56,354 : INFO : topic #3 (0.025): 0.070*"chancoin" + 0.009*"coin" + 0.004*"buy" + 0.004*"one" + 0.004*"wallet" + 0.003*"ark" + 0.003*"price" + 0.003*"need" + 0.003*"get" + 0.003*"like"
2018-08-28 07:08:56,356 : INFO : topic #6 (0.025): 0.012*"get" + 0.011*"job" + 0.007*"like" + 0.007*"school" + 0.007*"im" + 0.006*"make" + 0.005*"year" + 0.005*"one" + 0.005*"want" + 0.005*"people"
2018-08-28 07:08:56,357 : INFO : topic #37 (0.025): 0.006*"code" + 0.005*"fake" + 0.004*"contract" + 0.004*"language" + 0.004*"im" + 0.003*"update" + 0.003*"coin" + 0.003*"go" + 0.003*"hiring" + 0.003*"ruby"
2018-08-28 07:08:56,358 : INFO : topic #0 (0.025): 0.029*"bitcoin" + 0.023*"bch" + 0.018*"btc" + 0.016*"transaction" + 0.014*"block" + 0.014*"miner" + 0.010*"mining" + 0.010*"fee" + 0.009*"core" + 0.009*"would"
2018-08-28 07:08:56,359 : INFO : topic #39 (0.025): 0.016*"btc" + 0.009*"bitcoin" + 0.009*"bch" + 0.007*"going" + 0.007*"like" + 0.007*"buy" + 0.007*"get" + 0.006*"coin" + 0.006*"im" + 0.006*"people"
2018-08-28 07:08:56,361 : INFO : topic diff=0.014285, rho=0.166667
2018-08-28 07:09:03,781 : INFO : -8.399 per-word bound, 337.6 perplexity estimate based on a held-out corpus of 1067 documents with 1256157 words
2018-08-28 07:09:03,781 : INFO : PROGRESS: pass 35, at document #1067/1067
2018-08-28 07:09:09,022 : INFO : topic #21 (0.025): 0.004*"king" + 0.004*"btc" + 0.004*"cia" + 0.003*"bch" + 0.002*"fucking" + 0.002*"bithumb" + 0.002*"million" + 0.001*"ver" + 0.001*"highway" + 0.001*"bar"
2018-08-28 07:09:09,024 : INFO : topic #37 (0.025): 0.006*"code" + 0.005*"fake" + 0.004*"contract" + 0.004*"language" + 0.004*"im" + 0.003*"update" + 0.003*"go" + 0.003*"coin" + 0.003*"hiring" + 0.003*"ruby"
2018-08-28 07:09:09,025 : INFO : topic #15 (0.025): 0.126*"sage" + 0.003*"trading" + 0.003*"got" + 0.003*"girl" + 0.002*"as" + 0.002*"eth" + 0.002*"trade" + 0.002*"sub" + 0.002*"game" + 0.002*"wife"
2018-08-28 07:09:09,027 : INFO : topic #0 (0.025): 0.029*"bitcoin" + 0.023*"bch" + 0.018*"btc" + 0.016*"transaction" + 0.014*"block" + 0.014*"miner" + 0.010*"mining" + 0.010*"fee" + 0.009*"core" + 0.009*"would"
2018-08-28 07:09:09,029 : INFO : topic #31 (0.025): 0.025*"link" + 0.009*"token" + 0.009*"coin" + 0.008*"like" + 0.006*"would" + 0.006*"eth" + 0.006*"buy" + 0.006*"even" + 0.006*"project" + 0.006*"make"
2018-08-28 07:09:09,032 : INFO : topic diff=0.013687, rho=0.164399
2018-08-28 07:09:16,497 : INFO : -8.398 per-word bound, 337.3 perplexity estimate based on a held-out corpus of 1067 documents with 1256157 words
2018-08-28 07:09:16,498 : INFO : PROGRESS: pass 36, at document #1067/1067
2018-08-28 07:09:21,752 : INFO : topic #29 (0.025): 0.003*"25k" + 0.003*"pay" + 0.002*"vechain" + 0.002*"freelancer" + 0.002*"also" + 0.002*"euro" + 0.002*"logo" + 0.002*"30" + 0.002*"mind" + 0.002*"etf"
2018-08-28 07:09:21,753 : INFO : topic #24 (0.025): 0.010*"wage" + 0.010*"minimum" + 0.002*"blah" + 0.001*"immigration" + 0.001*"inflation" + 0.001*"100000you" + 0.001*"mit" + 0.001*"flipper" + 0.000*"denmark" + 0.000*"iphonemuh"
2018-08-28 07:09:21,755 : INFO : topic #12 (0.025): 0.014*"bitbay" + 0.007*"marketplace" + 0.005*"jew" + 0.005*"syscoin" + 0.004*"decentralized" + 0.004*"private" + 0.003*"polish" + 0.003*"public" + 0.002*"message" + 0.002*"turd"
2018-08-28 07:09:21,756 : INFO : topic #14 (0.025): 0.048*"wallet" + 0.020*"key" + 0.014*"private" + 0.010*"ledger" + 0.009*"hardware" + 0.009*"use" + 0.007*"seed" + 0.007*"address" + 0.006*"etherdelta" + 0.005*"hacked"
2018-08-28 07:09:21,757 : INFO : topic #20 (0.025): 0.008*"gab" + 0.005*"casino" + 0.004*"like" + 0.004*"guy" + 0.003*"come" + 0.003*"play" + 0.003*"since" + 0.002*"tax" + 0.002*"fedora" + 0.002*"pretty"
2018-08-28 07:09:21,760 : INFO : topic diff=0.013132, rho=0.162221
2018-08-28 07:09:29,190 : INFO : -8.396 per-word bound, 337.0 perplexity estimate based on a held-out corpus of 1067 documents with 1256157 words
2018-08-28 07:09:29,191 : INFO : PROGRESS: pass 37, at document #1067/1067
2018-08-28 07:09:34,407 : INFO : topic #5 (0.025): 0.010*"buy" + 0.010*"ark" + 0.009*"get" + 0.009*"neo" + 0.009*"im" + 0.008*"like" + 0.007*"going" + 0.006*"go" + 0.005*"make" + 0.005*"time"
2018-08-28 07:09:34,408 : INFO : topic #13 (0.025): 0.007*"like" + 0.007*"get" + 0.005*"crypto" + 0.005*"wabi" + 0.005*"money" + 0.005*"buy" + 0.004*"shit" + 0.004*"fucking" + 0.004*"want" + 0.004*"bitcoin"
2018-08-28 07:09:34,410 : INFO : topic #1 (0.025): 0.006*"crypto" + 0.004*"trading" + 0.003*"year" + 0.003*"loan" + 0.003*"money" + 0.002*"china" + 0.002*"nuls" + 0.002*"month" + 0.002*"student" + 0.002*"saving"
2018-08-28 07:09:34,411 : INFO : topic #17 (0.025): 0.002*"petahash" + 0.001*"hkd" + 0.001*"hkma" + 0.001*"monetary" + 0.001*"78" + 0.001*"hong" + 0.001*"stall" + 0.001*"bitcoincom" + 0.001*"kong" + 0.001*"parasiting"
2018-08-28 07:09:34,412 : INFO : topic #29 (0.025): 0.003*"25k" + 0.003*"pay" + 0.002*"vechain" + 0.002*"freelancer" + 0.002*"also" + 0.002*"euro" + 0.002*"logo" + 0.002*"30" + 0.002*"mind" + 0.002*"etf"
2018-08-28 07:09:34,415 : INFO : topic diff=0.012626, rho=0.160128
2018-08-28 07:09:41,885 : INFO : -8.395 per-word bound, 336.7 perplexity estimate based on a held-out corpus of 1067 documents with 1256157 words
2018-08-28 07:09:41,886 : INFO : PROGRESS: pass 38, at document #1067/1067
2018-08-28 07:09:47,101 : INFO : topic #20 (0.025): 0.008*"gab" + 0.005*"casino" + 0.004*"like" + 0.004*"guy" + 0.003*"come" + 0.003*"play" + 0.003*"since" + 0.002*"tax" + 0.002*"fedora" + 0.002*"pretty"
2018-08-28 07:09:47,103 : INFO : topic #2 (0.025): 0.004*"age" + 0.003*"software" + 0.002*"debit" + 0.001*"engineer" + 0.001*"package" + 0.001*"germany" + 0.001*"math" + 0.001*"europe" + 0.001*"0occupation" + 0.001*"van"
2018-08-28 07:09:47,104 : INFO : topic #13 (0.025): 0.007*"like" + 0.007*"get" + 0.005*"crypto" + 0.005*"wabi" + 0.005*"money" + 0.005*"buy" + 0.004*"shit" + 0.004*"fucking" + 0.004*"want" + 0.004*"bitcoin"
2018-08-28 07:09:47,105 : INFO : topic #3 (0.025): 0.072*"chancoin" + 0.009*"coin" + 0.004*"buy" + 0.004*"one" + 0.004*"wallet" + 0.003*"need" + 0.003*"price" + 0.003*"ark" + 0.003*"get" + 0.003*"like"
2018-08-28 07:09:47,107 : INFO : topic #35 (0.025): 0.081*"die" + 0.037*"iota" + 0.005*"music" + 0.005*"jew" + 0.005*"giota" + 0.003*"people" + 0.003*"reclaim" + 0.003*"tangle" + 0.003*"top" + 0.003*"nigger"
2018-08-28 07:09:47,110 : INFO : topic diff=0.012156, rho=0.158114
2018-08-28 07:09:54,594 : INFO : -8.394 per-word bound, 336.4 perplexity estimate based on a held-out corpus of 1067 documents with 1256157 words
2018-08-28 07:09:54,595 : INFO : PROGRESS: pass 39, at document #1067/1067
2018-08-28 07:09:59,844 : INFO : topic #37 (0.025): 0.007*"code" + 0.005*"fake" + 0.004*"language" + 0.004*"contract" + 0.004*"ruby" + 0.003*"update" + 0.003*"hiring" + 0.003*"im" + 0.003*"steve" + 0.003*"go"
2018-08-28 07:09:59,845 : INFO : topic #36 (0.025): 0.000*"im" + 0.000*"make" + 0.000*"go" + 0.000*"get" + 0.000*"coin" + 0.000*"fucking" + 0.000*"btc" + 0.000*"like" + 0.000*"one" + 0.000*"think"
2018-08-28 07:09:59,847 : INFO : topic #12 (0.025): 0.014*"bitbay" + 0.007*"marketplace" + 0.005*"jew" + 0.005*"syscoin" + 0.004*"decentralized" + 0.004*"private" + 0.003*"polish" + 0.003*"public" + 0.002*"message" + 0.002*"turd"
2018-08-28 07:09:59,848 : INFO : topic #28 (0.025): 0.019*"tether" + 0.017*"btc" + 0.008*"bitfinex" + 0.007*"people" + 0.007*"money" + 0.007*"get" + 0.006*"usd" + 0.006*"bitcoin" + 0.006*"exchange" + 0.006*"price"
2018-08-28 07:09:59,849 : INFO : topic #15 (0.025): 0.127*"sage" + 0.003*"trading" + 0.003*"got" + 0.002*"girl" + 0.002*"as" + 0.002*"eth" + 0.002*"trade" + 0.002*"sub" + 0.002*"game" + 0.002*"wife"
2018-08-28 07:09:59,852 : INFO : topic diff=0.011709, rho=0.156174
2018-08-28 07:10:07,315 : INFO : -8.393 per-word bound, 336.1 perplexity estimate based on a held-out corpus of 1067 documents with 1256157 words
2018-08-28 07:10:07,316 : INFO : PROGRESS: pass 40, at document #1067/1067
2018-08-28 07:10:12,527 : INFO : topic #38 (0.025): 0.017*"stock" + 0.010*"like" + 0.008*"im" + 0.008*"get" + 0.008*"buy" + 0.007*"money" + 0.007*"market" + 0.007*"good" + 0.006*"company" + 0.006*"going"
2018-08-28 07:10:12,528 : INFO : topic #36 (0.025): 0.000*"im" + 0.000*"make" + 0.000*"go" + 0.000*"get" + 0.000*"coin" + 0.000*"fucking" + 0.000*"btc" + 0.000*"like" + 0.000*"one" + 0.000*"think"
2018-08-28 07:10:12,529 : INFO : topic #26 (0.025): 0.006*"fucking" + 0.006*"buy" + 0.006*"go" + 0.006*"make" + 0.006*"going" + 0.005*"like" + 0.005*"one" + 0.005*"im" + 0.004*"get" + 0.004*"know"
2018-08-28 07:10:12,531 : INFO : topic #23 (0.025): 0.005*"xmr" + 0.004*"weed" + 0.004*"asian" + 0.004*"smoke" + 0.003*"torrent" + 0.003*"meme" + 0.003*"year" + 0.003*"fenx" + 0.003*"people" + 0.003*"like"
2018-08-28 07:10:12,533 : INFO : topic #12 (0.025): 0.014*"bitbay" + 0.007*"marketplace" + 0.005*"jew" + 0.005*"syscoin" + 0.004*"decentralized" + 0.004*"private" + 0.003*"polish" + 0.003*"public" + 0.002*"message" + 0.002*"turd"
2018-08-28 07:10:12,536 : INFO : topic diff=0.011277, rho=0.154303
2018-08-28 07:10:20,000 : INFO : -8.392 per-word bound, 335.9 perplexity estimate based on a held-out corpus of 1067 documents with 1256157 words
2018-08-28 07:10:20,001 : INFO : PROGRESS: pass 41, at document #1067/1067
2018-08-28 07:10:25,215 : INFO : topic #14 (0.025): 0.050*"wallet" + 0.020*"key" + 0.015*"private" + 0.011*"ledger" + 0.010*"hardware" + 0.009*"use" + 0.008*"seed" + 0.007*"address" + 0.006*"etherdelta" + 0.006*"hacked"
2018-08-28 07:10:25,216 : INFO : topic #13 (0.025): 0.007*"like" + 0.007*"get" + 0.005*"wabi" + 0.005*"crypto" + 0.005*"money" + 0.004*"buy" + 0.004*"shit" + 0.004*"want" + 0.004*"fucking" + 0.004*"bitcoin"
2018-08-28 07:10:25,217 : INFO : topic #3 (0.025): 0.074*"chancoin" + 0.009*"coin" + 0.004*"buy" + 0.004*"wallet" + 0.004*"one" + 0.003*"need" + 0.003*"price" + 0.003*"get" + 0.003*"iop" + 0.003*"ark"
2018-08-28 07:10:25,218 : INFO : topic #34 (0.025): 0.011*"buy" + 0.011*"coin" + 0.009*"powr" + 0.009*"im" + 0.007*"like" + 0.007*"going" + 0.006*"get" + 0.006*"fucking" + 0.006*"shit" + 0.005*"fuck"
2018-08-28 07:10:25,220 : INFO : topic #33 (0.025): 0.023*"req" + 0.011*"ico" + 0.010*"buy" + 0.009*"coin" + 0.008*"request" + 0.007*"get" + 0.007*"like" + 0.006*"price" + 0.005*"even" + 0.005*"moon"
2018-08-28 07:10:25,223 : INFO : topic diff=0.010855, rho=0.152499
2018-08-28 07:10:32,670 : INFO : -8.391 per-word bound, 335.6 perplexity estimate based on a held-out corpus of 1067 documents with 1256157 words
2018-08-28 07:10:32,671 : INFO : PROGRESS: pass 42, at document #1067/1067
2018-08-28 07:10:37,905 : INFO : topic #4 (0.025): 0.011*"btc" + 0.008*"im" + 0.008*"eth" + 0.008*"buy" + 0.007*"coin" + 0.006*"money" + 0.006*"like" + 0.005*"get" + 0.005*"go" + 0.005*"bought"
2018-08-28 07:10:37,907 : INFO : topic #5 (0.025): 0.010*"buy" + 0.010*"ark" + 0.010*"neo" + 0.009*"get" + 0.009*"im" + 0.008*"like" + 0.007*"going" + 0.006*"go" + 0.005*"make" + 0.005*"time"
2018-08-28 07:10:37,908 : INFO : topic #33 (0.025): 0.023*"req" + 0.011*"ico" + 0.010*"buy" + 0.009*"coin" + 0.008*"request" + 0.007*"get" + 0.007*"like" + 0.006*"price" + 0.005*"even" + 0.005*"moon"
2018-08-28 07:10:37,910 : INFO : topic #1 (0.025): 0.006*"crypto" + 0.004*"trading" + 0.003*"year" + 0.003*"loan" + 0.002*"china" + 0.002*"nuls" + 0.002*"student" + 0.002*"month" + 0.002*"saving" + 0.002*"money"
2018-08-28 07:10:37,911 : INFO : topic #9 (0.025): 0.009*"buy" + 0.008*"fucking" + 0.007*"im" + 0.007*"back" + 0.006*"going" + 0.006*"shit" + 0.006*"sell" + 0.006*"get" + 0.005*"pump" + 0.005*"fuck"
2018-08-28 07:10:37,914 : INFO : topic diff=0.010487, rho=0.150756
2018-08-28 07:10:45,345 : INFO : -8.390 per-word bound, 335.4 perplexity estimate based on a held-out corpus of 1067 documents with 1256157 words
2018-08-28 07:10:45,345 : INFO : PROGRESS: pass 43, at document #1067/1067
2018-08-28 07:10:50,561 : INFO : topic #28 (0.025): 0.020*"tether" + 0.016*"btc" + 0.008*"bitfinex" + 0.007*"people" + 0.007*"money" + 0.007*"get" + 0.007*"usd" + 0.006*"bitcoin" + 0.006*"exchange" + 0.006*"price"
2018-08-28 07:10:50,562 : INFO : topic #38 (0.025): 0.017*"stock" + 0.010*"like" + 0.009*"im" + 0.008*"get" + 0.008*"buy" + 0.007*"money" + 0.007*"market" + 0.007*"good" + 0.006*"company" + 0.006*"going"
2018-08-28 07:10:50,563 : INFO : topic #1 (0.025): 0.006*"crypto" + 0.004*"trading" + 0.003*"loan" + 0.003*"year" + 0.002*"china" + 0.002*"nuls" + 0.002*"student" + 0.002*"month" + 0.002*"saving" + 0.002*"school"
2018-08-28 07:10:50,564 : INFO : topic #10 (0.025): 0.008*"get" + 0.006*"like" + 0.006*"people" + 0.005*"monero" + 0.005*"im" + 0.005*"use" + 0.005*"would" + 0.005*"want" + 0.004*"one" + 0.004*"shit"
2018-08-28 07:10:50,565 : INFO : topic #6 (0.025): 0.012*"get" + 0.011*"job" + 0.007*"school" + 0.007*"like" + 0.006*"im" + 0.005*"year" + 0.005*"make" + 0.005*"ha" + 0.005*"one" + 0.005*"pay"
2018-08-28 07:10:50,568 : INFO : topic diff=0.010137, rho=0.149071
2018-08-28 07:10:58,049 : INFO : -8.389 per-word bound, 335.1 perplexity estimate based on a held-out corpus of 1067 documents with 1256157 words
2018-08-28 07:10:58,050 : INFO : PROGRESS: pass 44, at document #1067/1067
2018-08-28 07:11:03,285 : INFO : topic #31 (0.025): 0.024*"link" + 0.009*"coin" + 0.009*"token" + 0.008*"like" + 0.006*"would" + 0.006*"eth" + 0.006*"buy" + 0.006*"even" + 0.006*"project" + 0.006*"make"
2018-08-28 07:11:03,286 : INFO : topic #29 (0.025): 0.003*"25k" + 0.002*"vechain" + 0.002*"freelancer" + 0.002*"pay" + 0.002*"logo" + 0.002*"euro" + 0.002*"sophie" + 0.002*"30" + 0.002*"etf" + 0.002*"mind"
2018-08-28 07:11:03,287 : INFO : topic #17 (0.025): 0.002*"petahash" + 0.001*"hkd" + 0.001*"hkma" + 0.001*"monetary" + 0.001*"hong" + 0.001*"78" + 0.001*"stall" + 0.001*"bitcoincom" + 0.001*"kong" + 0.001*"parasiting"
2018-08-28 07:11:03,288 : INFO : topic #0 (0.025): 0.029*"bitcoin" + 0.026*"bch" + 0.019*"btc" + 0.016*"transaction" + 0.014*"miner" + 0.014*"block" + 0.010*"mining" + 0.010*"fee" + 0.009*"core" + 0.009*"would"
2018-08-28 07:11:03,289 : INFO : topic #26 (0.025): 0.006*"fucking" + 0.006*"go" + 0.006*"make" + 0.006*"buy" + 0.005*"going" + 0.005*"like" + 0.005*"one" + 0.005*"im" + 0.004*"get" + 0.004*"know"
2018-08-28 07:11:03,292 : INFO : topic diff=0.009803, rho=0.147442
2018-08-28 07:11:10,760 : INFO : -8.388 per-word bound, 334.9 perplexity estimate based on a held-out corpus of 1067 documents with 1256157 words
2018-08-28 07:11:10,760 : INFO : PROGRESS: pass 45, at document #1067/1067
2018-08-28 07:11:15,986 : INFO : topic #25 (0.025): 0.013*"future" + 0.011*"bat" + 0.008*"contract" + 0.004*"browser" + 0.004*"fee" + 0.004*"even" + 0.003*"shit" + 0.003*"brooke" + 0.003*"like" + 0.003*"eth"
2018-08-28 07:11:15,987 : INFO : topic #37 (0.025): 0.007*"code" + 0.005*"fake" + 0.004*"language" + 0.004*"ruby" + 0.004*"contract" + 0.004*"hiring" + 0.003*"update" + 0.003*"steve" + 0.003*"hired" + 0.003*"rewrite"
2018-08-28 07:11:15,989 : INFO : topic #11 (0.025): 0.000*"instamine" + 0.000*"daylight" + 0.000*"tbreak" + 0.000*"rentbillscold" + 0.000*"tetherscam" + 0.000*"lm" + 0.000*"waterno" + 0.000*"soonlmfaothey" + 0.000*"anondo" + 0.000*"herb"
2018-08-28 07:11:15,990 : INFO : topic #9 (0.025): 0.009*"buy" + 0.008*"fucking" + 0.007*"im" + 0.007*"back" + 0.006*"going" + 0.006*"shit" + 0.005*"pump" + 0.005*"sell" + 0.005*"get" + 0.005*"fuck"
2018-08-28 07:11:15,991 : INFO : topic #26 (0.025): 0.006*"fucking" + 0.006*"make" + 0.006*"go" + 0.006*"buy" + 0.005*"going" + 0.005*"like" + 0.005*"one" + 0.004*"im" + 0.004*"get" + 0.004*"know"
2018-08-28 07:11:15,994 : INFO : topic diff=0.009484, rho=0.145865
2018-08-28 07:11:23,467 : INFO : -8.387 per-word bound, 334.7 perplexity estimate based on a held-out corpus of 1067 documents with 1256157 words
2018-08-28 07:11:23,468 : INFO : PROGRESS: pass 46, at document #1067/1067
2018-08-28 07:11:28,674 : INFO : topic #5 (0.025): 0.010*"ark" + 0.010*"buy" + 0.010*"neo" + 0.009*"get" + 0.009*"im" + 0.008*"like" + 0.007*"going" + 0.006*"go" + 0.005*"make" + 0.005*"time"
2018-08-28 07:11:28,675 : INFO : topic #28 (0.025): 0.020*"tether" + 0.016*"btc" + 0.008*"bitfinex" + 0.007*"people" + 0.007*"money" + 0.007*"get" + 0.007*"usd" + 0.006*"bitcoin" + 0.006*"exchange" + 0.006*"price"
2018-08-28 07:11:28,676 : INFO : topic #15 (0.025): 0.129*"sage" + 0.003*"trading" + 0.002*"got" + 0.002*"as" + 0.002*"girl" + 0.002*"eth" + 0.002*"trade" + 0.002*"sub" + 0.002*"wife" + 0.002*"game"
2018-08-28 07:11:28,677 : INFO : topic #39 (0.025): 0.016*"btc" + 0.009*"bitcoin" + 0.008*"bch" + 0.008*"going" + 0.007*"buy" + 0.007*"like" + 0.007*"get" + 0.006*"coin" + 0.006*"im" + 0.006*"people"
2018-08-28 07:11:28,678 : INFO : topic #21 (0.025): 0.004*"king" + 0.004*"cia" + 0.002*"bithumb" + 0.002*"btc" + 0.001*"highway" + 0.001*"bch" + 0.001*"bar" + 0.001*"fucking" + 0.001*"leveraged" + 0.001*"disaster"
2018-08-28 07:11:28,681 : INFO : topic diff=0.009187, rho=0.144338
2018-08-28 07:11:36,111 : INFO : -8.386 per-word bound, 334.5 perplexity estimate based on a held-out corpus of 1067 documents with 1256157 words
2018-08-28 07:11:36,112 : INFO : PROGRESS: pass 47, at document #1067/1067
2018-08-28 07:11:41,333 : INFO : topic #2 (0.025): 0.004*"age" + 0.003*"software" + 0.002*"debit" + 0.001*"engineer" + 0.001*"package" + 0.001*"germany" + 0.001*"math" + 0.001*"0occupation" + 0.001*"van" + 0.001*"nfc"
2018-08-28 07:11:41,335 : INFO : topic #20 (0.025): 0.009*"gab" + 0.005*"casino" + 0.004*"like" + 0.003*"guy" + 0.003*"come" + 0.003*"play" + 0.003*"since" + 0.002*"tax" + 0.002*"fedora" + 0.002*"pretty"
2018-08-28 07:11:41,336 : INFO : topic #35 (0.025): 0.084*"die" + 0.039*"iota" + 0.006*"music" + 0.005*"jew" + 0.005*"giota" + 0.003*"tangle" + 0.003*"reclaim" + 0.003*"top" + 0.003*"people" + 0.003*"nigger"
2018-08-28 07:11:41,337 : INFO : topic #19 (0.025): 0.019*"tax" + 0.012*"crypto" + 0.009*"pay" + 0.009*"gain" + 0.008*"money" + 0.008*"trade" + 0.008*"get" + 0.008*"year" + 0.007*"like" + 0.007*"scam"
2018-08-28 07:11:41,338 : INFO : topic #17 (0.025): 0.002*"petahash" + 0.001*"hkd" + 0.001*"hkma" + 0.001*"monetary" + 0.001*"hong" + 0.001*"78" + 0.001*"stall" + 0.001*"bitcoincom" + 0.001*"kong" + 0.001*"parasiting"
2018-08-28 07:11:41,341 : INFO : topic diff=0.008903, rho=0.142857
2018-08-28 07:11:48,794 : INFO : -8.385 per-word bound, 334.3 perplexity estimate based on a held-out corpus of 1067 documents with 1256157 words
2018-08-28 07:11:48,795 : INFO : PROGRESS: pass 48, at document #1067/1067
2018-08-28 07:11:54,059 : INFO : topic #2 (0.025): 0.004*"age" + 0.003*"software" + 0.002*"debit" + 0.001*"engineer" + 0.001*"package" + 0.001*"germany" + 0.001*"math" + 0.001*"0occupation" + 0.001*"van" + 0.001*"nfc"
2018-08-28 07:11:54,060 : INFO : topic #17 (0.025): 0.002*"petahash" + 0.001*"hkd" + 0.001*"hkma" + 0.001*"monetary" + 0.001*"hong" + 0.001*"78" + 0.001*"stall" + 0.001*"bitcoincom" + 0.001*"kong" + 0.001*"parasiting"
2018-08-28 07:11:54,061 : INFO : topic #6 (0.025): 0.012*"get" + 0.011*"job" + 0.007*"school" + 0.007*"like" + 0.006*"im" + 0.005*"year" + 0.005*"make" + 0.005*"ha" + 0.005*"pay" + 0.005*"one"
2018-08-28 07:11:54,062 : INFO : topic #14 (0.025): 0.052*"wallet" + 0.021*"key" + 0.015*"private" + 0.011*"ledger" + 0.010*"hardware" + 0.009*"use" + 0.008*"address" + 0.008*"seed" + 0.006*"etherdelta" + 0.006*"hacked"
2018-08-28 07:11:54,063 : INFO : topic #26 (0.025): 0.006*"fucking" + 0.006*"make" + 0.006*"go" + 0.005*"buy" + 0.005*"going" + 0.005*"like" + 0.005*"one" + 0.004*"im" + 0.004*"tesla" + 0.004*"know"
2018-08-28 07:11:54,066 : INFO : topic diff=0.008638, rho=0.141421
2018-08-28 07:12:01,523 : INFO : -8.384 per-word bound, 334.1 perplexity estimate based on a held-out corpus of 1067 documents with 1256157 words
2018-08-28 07:12:01,524 : INFO : PROGRESS: pass 49, at document #1067/1067
2018-08-28 07:12:06,809 : INFO : topic #30 (0.025): 0.010*"money" + 0.008*"im" + 0.008*"get" + 0.007*"like" + 0.006*"trade" + 0.006*"make" + 0.006*"ark" + 0.005*"good" + 0.005*"day" + 0.005*"made"
2018-08-28 07:12:06,810 : INFO : topic #6 (0.025): 0.012*"get" + 0.011*"job" + 0.007*"school" + 0.006*"like" + 0.006*"im" + 0.005*"year" + 0.005*"make" + 0.005*"ha" + 0.005*"pay" + 0.005*"one"
2018-08-28 07:12:06,811 : INFO : topic #19 (0.025): 0.019*"tax" + 0.012*"crypto" + 0.009*"pay" + 0.009*"gain" + 0.008*"money" + 0.008*"trade" + 0.008*"get" + 0.008*"year" + 0.007*"like" + 0.007*"scam"
2018-08-28 07:12:06,812 : INFO : topic #24 (0.025): 0.011*"wage" + 0.010*"minimum" + 0.002*"blah" + 0.001*"inflation" + 0.001*"immigration" + 0.001*"100000you" + 0.001*"mit" + 0.001*"flipper" + 0.000*"denmark" + 0.000*"iphonemuh"
2018-08-28 07:12:06,813 : INFO : topic #23 (0.025): 0.005*"xmr" + 0.004*"weed" + 0.004*"smoke" + 0.004*"torrent" + 0.004*"asian" + 0.003*"fenx" + 0.003*"meme" + 0.002*"smoking" + 0.002*"year" + 0.002*"ed"
2018-08-28 07:12:06,816 : INFO : topic diff=0.008387, rho=0.140028
2018-08-28 07:12:14,465 : INFO : -8.383 per-word bound, 333.9 perplexity estimate based on a held-out corpus of 1067 documents with 1256157 words
2018-08-28 07:12:14,466 : INFO : PROGRESS: pass 50, at document #1067/1067
2018-08-28 07:12:19,763 : INFO : topic #21 (0.025): 0.004*"king" + 0.004*"cia" + 0.002*"bithumb" + 0.001*"highway" + 0.001*"bar" + 0.001*"leveraged" + 0.001*"disaster" + 0.001*"bitcoinplus" + 0.001*"jammed" + 0.001*"determined"
2018-08-28 07:12:19,764 : INFO : topic #1 (0.025): 0.006*"crypto" + 0.004*"trading" + 0.003*"loan" + 0.003*"year" + 0.002*"china" + 0.002*"student" + 0.002*"saving" + 0.002*"nuls" + 0.002*"school" + 0.002*"opiate"
2018-08-28 07:12:19,765 : INFO : topic #29 (0.025): 0.003*"25k" + 0.003*"vechain" + 0.002*"freelancer" + 0.002*"logo" + 0.002*"sophie" + 0.002*"pay" + 0.002*"euro" + 0.002*"etf" + 0.002*"30" + 0.002*"mind"
2018-08-28 07:12:19,767 : INFO : topic #38 (0.025): 0.017*"stock" + 0.010*"like" + 0.009*"im" + 0.008*"get" + 0.008*"buy" + 0.007*"money" + 0.007*"market" + 0.007*"good" + 0.006*"company" + 0.006*"day"
2018-08-28 07:12:19,768 : INFO : topic #16 (0.025): 0.013*"address" + 0.011*"wallet" + 0.010*"eth" + 0.009*"contract" + 0.007*"send" + 0.007*"gas" + 0.005*"key" + 0.005*"sent" + 0.005*"minereum" + 0.005*"bot"
2018-08-28 07:12:19,771 : INFO : topic diff=0.008145, rho=0.138675
2018-08-28 07:12:27,254 : INFO : -8.382 per-word bound, 333.7 perplexity estimate based on a held-out corpus of 1067 documents with 1256157 words
2018-08-28 07:12:27,255 : INFO : PROGRESS: pass 51, at document #1067/1067
2018-08-28 07:12:32,474 : INFO : topic #38 (0.025): 0.017*"stock" + 0.010*"like" + 0.009*"im" + 0.008*"get" + 0.008*"buy" + 0.007*"market" + 0.007*"money" + 0.007*"good" + 0.006*"company" + 0.006*"day"
2018-08-28 07:12:32,475 : INFO : topic #23 (0.025): 0.005*"xmr" + 0.004*"weed" + 0.004*"torrent" + 0.004*"smoke" + 0.004*"asian" + 0.003*"fenx" + 0.003*"meme" + 0.002*"smoking" + 0.002*"ed" + 0.002*"year"
2018-08-28 07:12:32,476 : INFO : topic #4 (0.025): 0.011*"btc" + 0.008*"im" + 0.008*"eth" + 0.008*"buy" + 0.006*"coin" + 0.006*"money" + 0.006*"like" + 0.005*"get" + 0.005*"go" + 0.005*"bought"
2018-08-28 07:12:32,477 : INFO : topic #18 (0.025): 0.012*"rcn" + 0.009*"credit" + 0.008*"token" + 0.007*"salt" + 0.007*"car" + 0.006*"loan" + 0.005*"market" + 0.005*"money" + 0.005*"one" + 0.004*"coin"
2018-08-28 07:12:32,479 : INFO : topic #12 (0.025): 0.015*"bitbay" + 0.008*"marketplace" + 0.005*"jew" + 0.005*"syscoin" + 0.004*"decentralized" + 0.004*"private" + 0.003*"polish" + 0.003*"public" + 0.002*"message" + 0.002*"turd"
2018-08-28 07:12:32,482 : INFO : topic diff=0.007916, rho=0.137361
2018-08-28 07:12:39,947 : INFO : -8.382 per-word bound, 333.5 perplexity estimate based on a held-out corpus of 1067 documents with 1256157 words
2018-08-28 07:12:39,948 : INFO : PROGRESS: pass 52, at document #1067/1067
2018-08-28 07:12:45,173 : INFO : topic #28 (0.025): 0.020*"tether" + 0.016*"btc" + 0.008*"bitfinex" + 0.007*"people" + 0.007*"money" + 0.007*"usd" + 0.007*"get" + 0.006*"bitcoin" + 0.006*"exchange" + 0.006*"price"
2018-08-28 07:12:45,175 : INFO : topic #13 (0.025): 0.007*"get" + 0.007*"like" + 0.006*"wabi" + 0.005*"crypto" + 0.004*"buy" + 0.004*"shit" + 0.004*"money" + 0.004*"want" + 0.003*"bitcoin" + 0.003*"fucking"
2018-08-28 07:12:45,176 : INFO : topic #0 (0.025): 0.029*"bitcoin" + 0.028*"bch" + 0.020*"btc" + 0.015*"transaction" + 0.014*"miner" + 0.014*"block" + 0.010*"mining" + 0.010*"fee" + 0.009*"would" + 0.009*"core"
2018-08-28 07:12:45,178 : INFO : topic #5 (0.025): 0.010*"ark" + 0.010*"neo" + 0.010*"buy" + 0.009*"get" + 0.009*"im" + 0.008*"like" + 0.007*"going" + 0.006*"go" + 0.005*"make" + 0.005*"time"
2018-08-28 07:12:45,179 : INFO : topic #31 (0.025): 0.023*"link" + 0.009*"coin" + 0.009*"token" + 0.008*"like" + 0.006*"would" + 0.006*"eth" + 0.006*"buy" + 0.006*"even" + 0.006*"project" + 0.006*"make"
2018-08-28 07:12:45,182 : INFO : topic diff=0.007697, rho=0.136083
2018-08-28 07:12:52,683 : INFO : -8.381 per-word bound, 333.3 perplexity estimate based on a held-out corpus of 1067 documents with 1256157 words
2018-08-28 07:12:52,685 : INFO : PROGRESS: pass 53, at document #1067/1067
2018-08-28 07:12:58,033 : INFO : topic #9 (0.025): 0.008*"fucking" + 0.008*"buy" + 0.007*"im" + 0.007*"back" + 0.006*"shit" + 0.005*"pump" + 0.005*"going" + 0.005*"sell" + 0.005*"get" + 0.005*"fuck"
2018-08-28 07:12:58,034 : INFO : topic #2 (0.025): 0.004*"age" + 0.003*"software" + 0.002*"debit" + 0.001*"engineer" + 0.001*"package" + 0.001*"germany" + 0.001*"math" + 0.001*"0occupation" + 0.001*"van" + 0.001*"nfc"
2018-08-28 07:12:58,035 : INFO : topic #26 (0.025): 0.006*"fucking" + 0.006*"make" + 0.005*"go" + 0.005*"buy" + 0.005*"going" + 0.005*"one" + 0.005*"like" + 0.004*"tesla" + 0.004*"im" + 0.004*"know"
2018-08-28 07:12:58,036 : INFO : topic #4 (0.025): 0.011*"btc" + 0.008*"im" + 0.008*"eth" + 0.008*"buy" + 0.006*"coin" + 0.006*"money" + 0.006*"like" + 0.005*"get" + 0.005*"go" + 0.005*"bought"
2018-08-28 07:12:58,038 : INFO : topic #30 (0.025): 0.010*"money" + 0.008*"im" + 0.008*"get" + 0.007*"like" + 0.007*"trade" + 0.006*"make" + 0.006*"ark" + 0.005*"good" + 0.005*"day" + 0.005*"made"
2018-08-28 07:12:58,041 : INFO : topic diff=0.007484, rho=0.134840
2018-08-28 07:13:05,482 : INFO : -8.380 per-word bound, 333.2 perplexity estimate based on a held-out corpus of 1067 documents with 1256157 words
2018-08-28 07:13:05,483 : INFO : PROGRESS: pass 54, at document #1067/1067
2018-08-28 07:13:10,720 : INFO : topic #24 (0.025): 0.011*"wage" + 0.010*"minimum" + 0.002*"blah" + 0.001*"inflation" + 0.001*"immigration" + 0.001*"100000you" + 0.001*"mit" + 0.001*"flipper" + 0.000*"denmark" + 0.000*"livingobviously"
2018-08-28 07:13:10,721 : INFO : topic #1 (0.025): 0.005*"crypto" + 0.004*"trading" + 0.003*"loan" + 0.002*"china" + 0.002*"student" + 0.002*"year" + 0.002*"saving" + 0.002*"opiate" + 0.002*"school" + 0.002*"nuls"
2018-08-28 07:13:10,723 : INFO : topic #36 (0.025): 0.000*"im" + 0.000*"make" + 0.000*"go" + 0.000*"get" + 0.000*"coin" + 0.000*"fucking" + 0.000*"btc" + 0.000*"like" + 0.000*"one" + 0.000*"think"
2018-08-28 07:13:10,724 : INFO : topic #25 (0.025): 0.013*"future" + 0.011*"bat" + 0.008*"contract" + 0.005*"browser" + 0.003*"fee" + 0.003*"brooke" + 0.003*"even" + 0.003*"shit" + 0.003*"thing" + 0.003*"omg"
2018-08-28 07:13:10,725 : INFO : topic #22 (0.025): 0.005*"eat" + 0.003*"egg" + 0.003*"day" + 0.003*"fat" + 0.003*"omg" + 0.002*"eating" + 0.002*"paypal" + 0.002*"letter" + 0.002*"30" + 0.002*"whole"
2018-08-28 07:13:10,728 : INFO : topic diff=0.007283, rho=0.133631
2018-08-28 07:13:18,228 : INFO : -8.379 per-word bound, 333.0 perplexity estimate based on a held-out corpus of 1067 documents with 1256157 words
2018-08-28 07:13:18,228 : INFO : PROGRESS: pass 55, at document #1067/1067
2018-08-28 07:13:23,475 : INFO : topic #20 (0.025): 0.009*"gab" + 0.005*"casino" + 0.003*"like" + 0.003*"guy" + 0.003*"come" + 0.003*"play" + 0.003*"since" + 0.002*"tax" + 0.002*"fedora" + 0.002*"roulette"
2018-08-28 07:13:23,478 : INFO : topic #11 (0.025): 0.000*"instamine" + 0.000*"daylight" + 0.000*"rentbillscold" + 0.000*"tbreak" + 0.000*"tetherscam" + 0.000*"waterno" + 0.000*"lm" + 0.000*"soonlmfaothey" + 0.000*"herb" + 0.000*"stolenwell"
2018-08-28 07:13:23,479 : INFO : topic #27 (0.025): 0.007*"posw" + 0.005*"team" + 0.005*"publica" + 0.005*"etp" + 0.004*"cmc" + 0.003*"exchange" + 0.003*"ceo" + 0.002*"book" + 0.002*"telegram" + 0.002*"pbl"
2018-08-28 07:13:23,481 : INFO : topic #37 (0.025): 0.007*"code" + 0.005*"fake" + 0.005*"ruby" + 0.005*"language" + 0.004*"hiring" + 0.004*"contract" + 0.003*"steve" + 0.003*"update" + 0.003*"rewrite" + 0.003*"hired"
2018-08-28 07:13:23,482 : INFO : topic #24 (0.025): 0.011*"wage" + 0.010*"minimum" + 0.002*"blah" + 0.001*"inflation" + 0.001*"immigration" + 0.001*"100000you" + 0.001*"mit" + 0.001*"flipper" + 0.000*"denmark" + 0.000*"niggros"
2018-08-28 07:13:23,485 : INFO : topic diff=0.007087, rho=0.132453
2018-08-28 07:13:30,942 : INFO : -8.379 per-word bound, 332.9 perplexity estimate based on a held-out corpus of 1067 documents with 1256157 words
2018-08-28 07:13:30,943 : INFO : PROGRESS: pass 56, at document #1067/1067
2018-08-28 07:13:36,192 : INFO : topic #36 (0.025): 0.000*"im" + 0.000*"make" + 0.000*"go" + 0.000*"get" + 0.000*"coin" + 0.000*"fucking" + 0.000*"btc" + 0.000*"like" + 0.000*"one" + 0.000*"think"
2018-08-28 07:13:36,193 : INFO : topic #27 (0.025): 0.007*"posw" + 0.005*"team" + 0.005*"publica" + 0.005*"etp" + 0.004*"cmc" + 0.003*"exchange" + 0.003*"ceo" + 0.002*"book" + 0.002*"telegram" + 0.002*"pbl"
2018-08-28 07:13:36,195 : INFO : topic #30 (0.025): 0.010*"money" + 0.008*"im" + 0.008*"get" + 0.007*"trade" + 0.006*"like" + 0.006*"make" + 0.006*"ark" + 0.005*"good" + 0.005*"day" + 0.005*"made"
2018-08-28 07:13:36,196 : INFO : topic #34 (0.025): 0.011*"buy" + 0.011*"coin" + 0.009*"powr" + 0.009*"im" + 0.007*"like" + 0.007*"going" + 0.006*"get" + 0.006*"fucking" + 0.006*"shit" + 0.005*"fuck"
2018-08-28 07:13:36,197 : INFO : topic #35 (0.025): 0.087*"die" + 0.041*"iota" + 0.006*"music" + 0.005*"jew" + 0.005*"giota" + 0.003*"tangle" + 0.003*"reclaim" + 0.003*"top" + 0.003*"nigger" + 0.002*"popular"
2018-08-28 07:13:36,200 : INFO : topic diff=0.006900, rho=0.131306
2018-08-28 07:13:43,662 : INFO : -8.378 per-word bound, 332.7 perplexity estimate based on a held-out corpus of 1067 documents with 1256157 words
2018-08-28 07:13:43,662 : INFO : PROGRESS: pass 57, at document #1067/1067
2018-08-28 07:13:48,905 : INFO : topic #28 (0.025): 0.021*"tether" + 0.015*"btc" + 0.008*"bitfinex" + 0.007*"people" + 0.007*"money" + 0.007*"usd" + 0.007*"get" + 0.006*"exchange" + 0.006*"bitcoin" + 0.006*"price"
2018-08-28 07:13:48,906 : INFO : topic #20 (0.025): 0.009*"gab" + 0.005*"casino" + 0.003*"like" + 0.003*"guy" + 0.003*"come" + 0.003*"play" + 0.003*"since" + 0.002*"tax" + 0.002*"fedora" + 0.002*"roulette"
2018-08-28 07:13:48,908 : INFO : topic #21 (0.025): 0.004*"cia" + 0.004*"king" + 0.002*"bithumb" + 0.001*"highway" + 0.001*"bar" + 0.001*"leveraged" + 0.001*"disaster" + 0.001*"bitcoinplus" + 0.001*"jammed" + 0.001*"determined"
2018-08-28 07:13:48,909 : INFO : topic #8 (0.025): 0.011*"get" + 0.010*"like" + 0.008*"im" + 0.007*"people" + 0.007*"make" + 0.007*"money" + 0.006*"fucking" + 0.006*"want" + 0.006*"would" + 0.005*"year"
2018-08-28 07:13:48,910 : INFO : topic #23 (0.025): 0.005*"xmr" + 0.004*"torrent" + 0.004*"weed" + 0.004*"smoke" + 0.004*"asian" + 0.003*"fenx" + 0.003*"meme" + 0.003*"smoking" + 0.002*"ed" + 0.002*"torrenting"
2018-08-28 07:13:48,913 : INFO : topic diff=0.006723, rho=0.130189
2018-08-28 07:13:56,382 : INFO : -8.377 per-word bound, 332.5 perplexity estimate based on a held-out corpus of 1067 documents with 1256157 words
2018-08-28 07:13:56,382 : INFO : PROGRESS: pass 58, at document #1067/1067
2018-08-28 07:14:01,645 : INFO : topic #16 (0.025): 0.013*"address" + 0.012*"wallet" + 0.010*"eth" + 0.009*"contract" + 0.007*"send" + 0.007*"gas" + 0.005*"key" + 0.005*"sent" + 0.005*"minereum" + 0.005*"bot"
2018-08-28 07:14:01,647 : INFO : topic #31 (0.025): 0.023*"link" + 0.009*"coin" + 0.008*"token" + 0.008*"like" + 0.006*"would" + 0.006*"eth" + 0.006*"buy" + 0.006*"even" + 0.006*"project" + 0.006*"make"
2018-08-28 07:14:01,649 : INFO : topic #19 (0.025): 0.019*"tax" + 0.012*"crypto" + 0.009*"pay" + 0.009*"gain" + 0.008*"money" + 0.008*"trade" + 0.008*"get" + 0.008*"year" + 0.007*"like" + 0.007*"scam"
2018-08-28 07:14:01,650 : INFO : topic #24 (0.025): 0.011*"wage" + 0.010*"minimum" + 0.002*"blah" + 0.001*"inflation" + 0.001*"immigration" + 0.001*"100000you" + 0.001*"mit" + 0.001*"flipper" + 0.000*"denmark" + 0.000*"backgroundanother"
2018-08-28 07:14:01,651 : INFO : topic #18 (0.025): 0.013*"rcn" + 0.009*"credit" + 0.008*"token" + 0.007*"salt" + 0.007*"car" + 0.007*"loan" + 0.005*"market" + 0.005*"money" + 0.005*"one" + 0.004*"coin"
2018-08-28 07:14:01,654 : INFO : topic diff=0.006550, rho=0.129099
2018-08-28 07:14:09,147 : INFO : -8.377 per-word bound, 332.4 perplexity estimate based on a held-out corpus of 1067 documents with 1256157 words
2018-08-28 07:14:09,148 : INFO : PROGRESS: pass 59, at document #1067/1067
2018-08-28 07:14:14,405 : INFO : topic #12 (0.025): 0.015*"bitbay" + 0.008*"marketplace" + 0.005*"jew" + 0.005*"syscoin" + 0.004*"decentralized" + 0.004*"private" + 0.003*"polish" + 0.003*"public" + 0.002*"message" + 0.002*"turd"
2018-08-28 07:14:14,407 : INFO : topic #27 (0.025): 0.007*"posw" + 0.005*"publica" + 0.005*"team" + 0.005*"etp" + 0.004*"cmc" + 0.003*"exchange" + 0.003*"ceo" + 0.002*"book" + 0.002*"telegram" + 0.002*"pbl"
2018-08-28 07:14:14,408 : INFO : topic #13 (0.025): 0.007*"get" + 0.006*"wabi" + 0.006*"like" + 0.005*"crypto" + 0.004*"buy" + 0.004*"shit" + 0.004*"want" + 0.003*"money" + 0.003*"already" + 0.003*"bitcoin"
2018-08-28 07:14:14,409 : INFO : topic #39 (0.025): 0.015*"btc" + 0.008*"bitcoin" + 0.008*"going" + 0.008*"buy" + 0.007*"like" + 0.007*"bch" + 0.007*"get" + 0.006*"im" + 0.006*"coin" + 0.006*"go"
2018-08-28 07:14:14,410 : INFO : topic #7 (0.025): 0.008*"bts" + 0.006*"du" + 0.005*"germany" + 0.005*"die" + 0.005*"modafinil" + 0.004*"und" + 0.004*"bitshares" + 0.004*"transfer" + 0.003*"zeph" + 0.003*"german"
2018-08-28 07:14:14,413 : INFO : topic diff=0.006386, rho=0.128037
2018-08-28 07:14:21,879 : INFO : -8.376 per-word bound, 332.3 perplexity estimate based on a held-out corpus of 1067 documents with 1256157 words
2018-08-28 07:14:21,879 : INFO : PROGRESS: pass 60, at document #1067/1067
2018-08-28 07:14:27,131 : INFO : topic #39 (0.025): 0.015*"btc" + 0.008*"bitcoin" + 0.008*"going" + 0.008*"buy" + 0.007*"like" + 0.007*"bch" + 0.007*"get" + 0.006*"im" + 0.006*"coin" + 0.006*"go"
2018-08-28 07:14:27,132 : INFO : topic #26 (0.025): 0.006*"fucking" + 0.005*"make" + 0.005*"go" + 0.005*"one" + 0.005*"going" + 0.005*"buy" + 0.005*"like" + 0.005*"tesla" + 0.004*"im" + 0.004*"car"
2018-08-28 07:14:27,134 : INFO : topic #27 (0.025): 0.007*"posw" + 0.005*"publica" + 0.005*"etp" + 0.005*"team" + 0.004*"cmc" + 0.003*"exchange" + 0.003*"ceo" + 0.002*"book" + 0.002*"telegram" + 0.002*"pbl"
2018-08-28 07:14:27,135 : INFO : topic #7 (0.025): 0.008*"bts" + 0.006*"du" + 0.005*"germany" + 0.005*"die" + 0.005*"modafinil" + 0.004*"und" + 0.004*"bitshares" + 0.004*"transfer" + 0.003*"zeph" + 0.003*"german"
2018-08-28 07:14:27,136 : INFO : topic #20 (0.025): 0.009*"gab" + 0.005*"casino" + 0.003*"guy" + 0.003*"like" + 0.003*"come" + 0.003*"play" + 0.003*"since" + 0.002*"tax" + 0.002*"fedora" + 0.002*"roulette"
2018-08-28 07:14:27,139 : INFO : topic diff=0.006224, rho=0.127000
2018-08-28 07:14:34,618 : INFO : -8.376 per-word bound, 332.1 perplexity estimate based on a held-out corpus of 1067 documents with 1256157 words
2018-08-28 07:14:34,618 : INFO : PROGRESS: pass 61, at document #1067/1067
2018-08-28 07:14:39,886 : INFO : topic #13 (0.025): 0.007*"get" + 0.006*"wabi" + 0.006*"like" + 0.005*"crypto" + 0.004*"buy" + 0.004*"shit" + 0.004*"want" + 0.003*"money" + 0.003*"already" + 0.003*"bitcoin"
2018-08-28 07:14:39,887 : INFO : topic #21 (0.025): 0.004*"cia" + 0.004*"king" + 0.002*"bithumb" + 0.001*"highway" + 0.001*"bar" + 0.001*"leveraged" + 0.001*"disaster" + 0.001*"bitcoinplus" + 0.001*"jammed" + 0.001*"determined"
2018-08-28 07:14:39,889 : INFO : topic #34 (0.025): 0.011*"buy" + 0.011*"coin" + 0.009*"powr" + 0.009*"im" + 0.007*"like" + 0.007*"going" + 0.006*"get" + 0.006*"fucking" + 0.006*"shit" + 0.005*"fuck"
2018-08-28 07:14:39,890 : INFO : topic #31 (0.025): 0.023*"link" + 0.009*"coin" + 0.008*"token" + 0.008*"like" + 0.006*"would" + 0.006*"eth" + 0.006*"buy" + 0.006*"even" + 0.006*"project" + 0.006*"make"
2018-08-28 07:14:39,891 : INFO : topic #15 (0.025): 0.131*"sage" + 0.003*"trading" + 0.002*"as" + 0.002*"got" + 0.002*"girl" + 0.002*"eth" + 0.002*"sub" + 0.002*"trade" + 0.002*"wife" + 0.002*"stoploss"
2018-08-28 07:14:39,894 : INFO : topic diff=0.006067, rho=0.125988
2018-08-28 07:14:47,371 : INFO : -8.375 per-word bound, 332.0 perplexity estimate based on a held-out corpus of 1067 documents with 1256157 words
2018-08-28 07:14:47,372 : INFO : PROGRESS: pass 62, at document #1067/1067
2018-08-28 07:14:52,652 : INFO : topic #8 (0.025): 0.011*"get" + 0.010*"like" + 0.008*"im" + 0.007*"people" + 0.007*"make" + 0.007*"money" + 0.006*"fucking" + 0.006*"want" + 0.006*"would" + 0.005*"year"
2018-08-28 07:14:52,654 : INFO : topic #21 (0.025): 0.004*"cia" + 0.004*"king" + 0.002*"bithumb" + 0.001*"highway" + 0.001*"bar" + 0.001*"leveraged" + 0.001*"disaster" + 0.001*"bitcoinplus" + 0.001*"jammed" + 0.001*"determined"
2018-08-28 07:14:52,656 : INFO : topic #5 (0.025): 0.011*"ark" + 0.011*"neo" + 0.010*"buy" + 0.009*"get" + 0.009*"im" + 0.008*"like" + 0.007*"going" + 0.006*"go" + 0.005*"make" + 0.005*"sell"
2018-08-28 07:14:52,657 : INFO : topic #9 (0.025): 0.008*"fucking" + 0.008*"buy" + 0.007*"im" + 0.006*"back" + 0.006*"shit" + 0.005*"pump" + 0.005*"dump" + 0.005*"going" + 0.005*"fuck" + 0.005*"sell"
2018-08-28 07:14:52,659 : INFO : topic #38 (0.025): 0.017*"stock" + 0.010*"like" + 0.009*"im" + 0.008*"get" + 0.008*"buy" + 0.008*"market" + 0.007*"money" + 0.007*"good" + 0.006*"company" + 0.006*"day"
2018-08-28 07:14:52,663 : INFO : topic diff=0.005922, rho=0.125000
2018-08-28 07:15:00,131 : INFO : -8.374 per-word bound, 331.9 perplexity estimate based on a held-out corpus of 1067 documents with 1256157 words
2018-08-28 07:15:00,132 : INFO : PROGRESS: pass 63, at document #1067/1067
2018-08-28 07:15:05,404 : INFO : topic #8 (0.025): 0.011*"get" + 0.010*"like" + 0.008*"im" + 0.007*"people" + 0.007*"make" + 0.007*"money" + 0.006*"fucking" + 0.006*"want" + 0.006*"would" + 0.005*"year"
2018-08-28 07:15:05,405 : INFO : topic #32 (0.025): 0.007*"decred" + 0.003*"obsidian" + 0.003*"governance" + 0.002*"tezos" + 0.002*"odn" + 0.002*"stakeholder" + 0.002*"progress" + 0.002*"lawsuit" + 0.002*"horrible" + 0.002*"masternodes"
2018-08-28 07:15:05,407 : INFO : topic #24 (0.025): 0.011*"wage" + 0.010*"minimum" + 0.002*"blah" + 0.001*"inflation" + 0.001*"immigration" + 0.001*"100000you" + 0.001*"mit" + 0.001*"flipper" + 0.000*"denmark" + 0.000*"niggros"
2018-08-28 07:15:05,409 : INFO : topic #20 (0.025): 0.009*"gab" + 0.005*"casino" + 0.003*"guy" + 0.003*"like" + 0.003*"come" + 0.003*"play" + 0.003*"since" + 0.002*"tax" + 0.002*"fedora" + 0.002*"roulette"
2018-08-28 07:15:05,411 : INFO : topic #15 (0.025): 0.131*"sage" + 0.003*"trading" + 0.002*"as" + 0.002*"got" + 0.002*"girl" + 0.002*"eth" + 0.002*"sub" + 0.002*"trade" + 0.002*"wife" + 0.002*"stoploss"
2018-08-28 07:15:05,415 : INFO : topic diff=0.005779, rho=0.124035
2018-08-28 07:15:12,930 : INFO : -8.374 per-word bound, 331.7 perplexity estimate based on a held-out corpus of 1067 documents with 1256157 words
2018-08-28 07:15:12,930 : INFO : PROGRESS: pass 64, at document #1067/1067
2018-08-28 07:15:18,182 : INFO : topic #6 (0.025): 0.012*"get" + 0.012*"job" + 0.007*"school" + 0.006*"im" + 0.006*"like" + 0.005*"year" + 0.005*"make" + 0.005*"ha" + 0.005*"pay" + 0.005*"one"
2018-08-28 07:15:18,183 : INFO : topic #21 (0.025): 0.004*"cia" + 0.004*"king" + 0.002*"bithumb" + 0.001*"highway" + 0.001*"bar" + 0.001*"leveraged" + 0.001*"disaster" + 0.001*"bitcoinplus" + 0.001*"jammed" + 0.001*"determined"
2018-08-28 07:15:18,185 : INFO : topic #18 (0.025): 0.013*"rcn" + 0.009*"credit" + 0.008*"salt" + 0.008*"token" + 0.007*"loan" + 0.007*"car" + 0.005*"market" + 0.005*"money" + 0.004*"one" + 0.004*"coin"
2018-08-28 07:15:18,186 : INFO : topic #37 (0.025): 0.008*"code" + 0.005*"fake" + 0.005*"ruby" + 0.005*"language" + 0.004*"hiring" + 0.004*"steve" + 0.003*"rewrite" + 0.003*"hired" + 0.003*"update" + 0.003*"contract"
2018-08-28 07:15:18,187 : INFO : topic #5 (0.025): 0.011*"ark" + 0.011*"neo" + 0.010*"buy" + 0.009*"get" + 0.009*"im" + 0.008*"like" + 0.007*"going" + 0.006*"go" + 0.005*"make" + 0.005*"sell"
2018-08-28 07:15:18,190 : INFO : topic diff=0.005641, rho=0.123091
2018-08-28 07:15:25,679 : INFO : -8.373 per-word bound, 331.6 perplexity estimate based on a held-out corpus of 1067 documents with 1256157 words
2018-08-28 07:15:25,680 : INFO : PROGRESS: pass 65, at document #1067/1067
2018-08-28 07:15:30,922 : INFO : topic #25 (0.025): 0.014*"future" + 0.012*"bat" + 0.009*"contract" + 0.005*"browser" + 0.003*"brooke" + 0.003*"fee" + 0.003*"exist" + 0.003*"omg" + 0.003*"even" + 0.003*"thing"
2018-08-28 07:15:30,923 : INFO : topic #29 (0.025): 0.003*"25k" + 0.003*"vechain" + 0.002*"freelancer" + 0.002*"sophie" + 0.002*"logo" + 0.002*"etf" + 0.002*"professional" + 0.002*"historical" + 0.002*"euro" + 0.002*"30"
2018-08-28 07:15:30,924 : INFO : topic #30 (0.025): 0.010*"money" + 0.008*"im" + 0.008*"get" + 0.007*"trade" + 0.006*"like" + 0.006*"make" + 0.006*"ark" + 0.005*"good" + 0.005*"day" + 0.005*"made"
2018-08-28 07:15:30,926 : INFO : topic #37 (0.025): 0.008*"code" + 0.005*"ruby" + 0.005*"fake" + 0.005*"language" + 0.004*"hiring" + 0.004*"steve" + 0.004*"rewrite" + 0.003*"hired" + 0.003*"update" + 0.003*"contract"
2018-08-28 07:15:30,927 : INFO : topic #18 (0.025): 0.013*"rcn" + 0.009*"credit" + 0.008*"salt" + 0.008*"token" + 0.007*"loan" + 0.007*"car" + 0.005*"market" + 0.005*"money" + 0.004*"one" + 0.004*"coin"
2018-08-28 07:15:30,930 : INFO : topic diff=0.005510, rho=0.122169
2018-08-28 07:15:38,412 : INFO : -8.373 per-word bound, 331.5 perplexity estimate based on a held-out corpus of 1067 documents with 1256157 words
2018-08-28 07:15:38,413 : INFO : PROGRESS: pass 66, at document #1067/1067
2018-08-28 07:15:43,663 : INFO : topic #14 (0.025): 0.058*"wallet" + 0.022*"key" + 0.017*"private" + 0.012*"ledger" + 0.011*"hardware" + 0.010*"use" + 0.010*"address" + 0.008*"seed" + 0.007*"hacked" + 0.006*"etherdelta"
2018-08-28 07:15:43,665 : INFO : topic #2 (0.025): 0.004*"age" + 0.003*"software" + 0.002*"debit" + 0.001*"engineer" + 0.001*"package" + 0.001*"germany" + 0.001*"math" + 0.001*"0occupation" + 0.001*"van" + 0.001*"nfc"
2018-08-28 07:15:43,666 : INFO : topic #15 (0.025): 0.131*"sage" + 0.003*"trading" + 0.002*"as" + 0.002*"got" + 0.002*"girl" + 0.002*"eth" + 0.002*"sub" + 0.002*"trade" + 0.002*"wife" + 0.002*"stoploss"
2018-08-28 07:15:43,668 : INFO : topic #1 (0.025): 0.005*"crypto" + 0.004*"trading" + 0.003*"loan" + 0.002*"china" + 0.002*"student" + 0.002*"saving" + 0.002*"opiate" + 0.002*"brazilian" + 0.002*"acid" + 0.002*"school"
2018-08-28 07:15:43,669 : INFO : topic #4 (0.025): 0.011*"btc" + 0.009*"eth" + 0.008*"im" + 0.008*"buy" + 0.006*"coin" + 0.006*"money" + 0.005*"like" + 0.005*"bought" + 0.005*"go" + 0.005*"get"
2018-08-28 07:15:43,672 : INFO : topic diff=0.005386, rho=0.121268
2018-08-28 07:15:51,167 : INFO : -8.372 per-word bound, 331.4 perplexity estimate based on a held-out corpus of 1067 documents with 1256157 words
2018-08-28 07:15:51,168 : INFO : PROGRESS: pass 67, at document #1067/1067
2018-08-28 07:15:56,437 : INFO : topic #19 (0.025): 0.019*"tax" + 0.012*"crypto" + 0.009*"pay" + 0.009*"gain" + 0.008*"money" + 0.008*"trade" + 0.008*"get" + 0.008*"year" + 0.007*"like" + 0.007*"btc"
2018-08-28 07:15:56,438 : INFO : topic #33 (0.025): 0.027*"req" + 0.011*"ico" + 0.010*"request" + 0.009*"buy" + 0.008*"coin" + 0.006*"get" + 0.006*"like" + 0.006*"price" + 0.005*"paypal" + 0.005*"payment"
2018-08-28 07:15:56,439 : INFO : topic #26 (0.025): 0.005*"make" + 0.005*"fucking" + 0.005*"go" + 0.005*"one" + 0.005*"going" + 0.005*"tesla" + 0.005*"like" + 0.005*"buy" + 0.004*"car" + 0.004*"good"
2018-08-28 07:15:56,441 : INFO : topic #36 (0.025): 0.000*"im" + 0.000*"make" + 0.000*"go" + 0.000*"get" + 0.000*"coin" + 0.000*"fucking" + 0.000*"btc" + 0.000*"like" + 0.000*"one" + 0.000*"think"
2018-08-28 07:15:56,442 : INFO : topic #32 (0.025): 0.007*"decred" + 0.003*"obsidian" + 0.003*"governance" + 0.002*"tezos" + 0.002*"odn" + 0.002*"stakeholder" + 0.002*"progress" + 0.002*"lawsuit" + 0.002*"horrible" + 0.002*"masternodes"
2018-08-28 07:15:56,445 : INFO : topic diff=0.005262, rho=0.120386
2018-08-28 07:16:03,906 : INFO : -8.372 per-word bound, 331.3 perplexity estimate based on a held-out corpus of 1067 documents with 1256157 words
2018-08-28 07:16:03,907 : INFO : PROGRESS: pass 68, at document #1067/1067
2018-08-28 07:16:09,163 : INFO : topic #10 (0.025): 0.008*"get" + 0.006*"people" + 0.006*"monero" + 0.006*"like" + 0.005*"use" + 0.005*"want" + 0.005*"would" + 0.005*"im" + 0.004*"one" + 0.004*"shit"
2018-08-28 07:16:09,164 : INFO : topic #26 (0.025): 0.005*"make" + 0.005*"fucking" + 0.005*"go" + 0.005*"one" + 0.005*"going" + 0.005*"tesla" + 0.005*"like" + 0.005*"buy" + 0.004*"car" + 0.004*"good"
2018-08-28 07:16:09,165 : INFO : topic #17 (0.025): 0.002*"petahash" + 0.001*"hkd" + 0.001*"hkma" + 0.001*"monetary" + 0.001*"hong" + 0.001*"78" + 0.001*"stall" + 0.001*"bitcoincom" + 0.001*"kong" + 0.001*"parasiting"
2018-08-28 07:16:09,167 : INFO : topic #0 (0.025): 0.031*"bch" + 0.030*"bitcoin" + 0.022*"btc" + 0.015*"transaction" + 0.014*"miner" + 0.013*"block" + 0.010*"mining" + 0.009*"fee" + 0.009*"would" + 0.009*"core"
2018-08-28 07:16:09,168 : INFO : topic #27 (0.025): 0.007*"posw" + 0.005*"publica" + 0.005*"etp" + 0.004*"team" + 0.004*"cmc" + 0.003*"ceo" + 0.002*"exchange" + 0.002*"book" + 0.002*"pbl" + 0.002*"anonymous"
2018-08-28 07:16:09,171 : INFO : topic diff=0.005144, rho=0.119523
2018-08-28 07:16:16,660 : INFO : -8.371 per-word bound, 331.1 perplexity estimate based on a held-out corpus of 1067 documents with 1256157 words
2018-08-28 07:16:16,661 : INFO : PROGRESS: pass 69, at document #1067/1067
2018-08-28 07:16:21,908 : INFO : topic #22 (0.025): 0.005*"eat" + 0.003*"egg" + 0.003*"fat" + 0.003*"day" + 0.002*"eating" + 0.002*"paypal" + 0.002*"letter" + 0.002*"calorie" + 0.002*"tuna" + 0.002*"30"
2018-08-28 07:16:21,910 : INFO : topic #32 (0.025): 0.007*"decred" + 0.003*"obsidian" + 0.003*"governance" + 0.002*"tezos" + 0.002*"odn" + 0.002*"stakeholder" + 0.002*"progress" + 0.002*"lawsuit" + 0.002*"horrible" + 0.002*"masternodes"
2018-08-28 07:16:21,911 : INFO : topic #36 (0.025): 0.000*"im" + 0.000*"make" + 0.000*"go" + 0.000*"get" + 0.000*"coin" + 0.000*"fucking" + 0.000*"btc" + 0.000*"like" + 0.000*"one" + 0.000*"think"
2018-08-28 07:16:21,913 : INFO : topic #1 (0.025): 0.005*"crypto" + 0.004*"trading" + 0.003*"loan" + 0.002*"student" + 0.002*"china" + 0.002*"opiate" + 0.002*"saving" + 0.002*"brazilian" + 0.002*"acid" + 0.002*"school"
2018-08-28 07:16:21,914 : INFO : topic #28 (0.025): 0.021*"tether" + 0.015*"btc" + 0.008*"bitfinex" + 0.007*"people" + 0.007*"usd" + 0.007*"money" + 0.007*"exchange" + 0.007*"get" + 0.006*"bitcoin" + 0.006*"price"
2018-08-28 07:16:21,917 : INFO : topic diff=0.005031, rho=0.118678
2018-08-28 07:16:29,373 : INFO : -8.371 per-word bound, 331.0 perplexity estimate based on a held-out corpus of 1067 documents with 1256157 words
2018-08-28 07:16:29,373 : INFO : PROGRESS: pass 70, at document #1067/1067
2018-08-28 07:16:34,625 : INFO : topic #32 (0.025): 0.007*"decred" + 0.003*"obsidian" + 0.003*"governance" + 0.002*"tezos" + 0.002*"odn" + 0.002*"stakeholder" + 0.002*"progress" + 0.002*"lawsuit" + 0.002*"horrible" + 0.002*"masternodes"
2018-08-28 07:16:34,627 : INFO : topic #33 (0.025): 0.027*"req" + 0.011*"ico" + 0.010*"request" + 0.009*"buy" + 0.008*"coin" + 0.006*"get" + 0.006*"like" + 0.006*"price" + 0.005*"paypal" + 0.005*"payment"
2018-08-28 07:16:34,628 : INFO : topic #13 (0.025): 0.007*"wabi" + 0.006*"get" + 0.006*"like" + 0.005*"crypto" + 0.004*"buy" + 0.003*"shit" + 0.003*"want" + 0.003*"already" + 0.003*"post" + 0.003*"sell"
2018-08-28 07:16:34,629 : INFO : topic #38 (0.025): 0.017*"stock" + 0.010*"like" + 0.009*"im" + 0.008*"get" + 0.008*"buy" + 0.008*"market" + 0.007*"money" + 0.007*"good" + 0.007*"company" + 0.006*"day"
2018-08-28 07:16:34,630 : INFO : topic #18 (0.025): 0.013*"rcn" + 0.009*"credit" + 0.008*"salt" + 0.007*"token" + 0.007*"loan" + 0.007*"car" + 0.005*"market" + 0.005*"money" + 0.004*"one" + 0.004*"value"
2018-08-28 07:16:34,633 : INFO : topic diff=0.004922, rho=0.117851
2018-08-28 07:16:42,138 : INFO : -8.370 per-word bound, 330.9 perplexity estimate based on a held-out corpus of 1067 documents with 1256157 words
2018-08-28 07:16:42,138 : INFO : PROGRESS: pass 71, at document #1067/1067
2018-08-28 07:16:47,398 : INFO : topic #17 (0.025): 0.002*"petahash" + 0.001*"hkma" + 0.001*"hkd" + 0.001*"monetary" + 0.001*"hong" + 0.001*"78" + 0.001*"stall" + 0.001*"bitcoincom" + 0.001*"kong" + 0.001*"parasiting"
2018-08-28 07:16:47,400 : INFO : topic #20 (0.025): 0.009*"gab" + 0.005*"casino" + 0.003*"guy" + 0.003*"like" + 0.003*"come" + 0.003*"play" + 0.003*"since" + 0.002*"tax" + 0.002*"fedora" + 0.002*"roulette"
2018-08-28 07:16:47,401 : INFO : topic #27 (0.025): 0.007*"posw" + 0.005*"publica" + 0.005*"etp" + 0.004*"team" + 0.004*"cmc" + 0.003*"ceo" + 0.002*"exchange" + 0.002*"book" + 0.002*"pbl" + 0.002*"anonymous"
2018-08-28 07:16:47,402 : INFO : topic #23 (0.025): 0.005*"xmr" + 0.004*"torrent" + 0.004*"weed" + 0.004*"smoke" + 0.004*"asian" + 0.003*"fenx" + 0.003*"smoking" + 0.002*"ed" + 0.002*"meme" + 0.002*"torrenting"
2018-08-28 07:16:47,403 : INFO : topic #39 (0.025): 0.015*"btc" + 0.008*"bitcoin" + 0.008*"going" + 0.008*"buy" + 0.007*"like" + 0.007*"get" + 0.007*"bch" + 0.006*"im" + 0.006*"coin" + 0.006*"go"
2018-08-28 07:16:47,406 : INFO : topic diff=0.004815, rho=0.117041
2018-08-28 07:16:54,887 : INFO : -8.370 per-word bound, 330.8 perplexity estimate based on a held-out corpus of 1067 documents with 1256157 words
2018-08-28 07:16:54,887 : INFO : PROGRESS: pass 72, at document #1067/1067
2018-08-28 07:17:00,154 : INFO : topic #22 (0.025): 0.005*"eat" + 0.004*"egg" + 0.003*"fat" + 0.003*"day" + 0.002*"eating" + 0.002*"paypal" + 0.002*"letter" + 0.002*"calorie" + 0.002*"tuna" + 0.002*"30"
2018-08-28 07:17:00,155 : INFO : topic #1 (0.025): 0.005*"crypto" + 0.004*"trading" + 0.003*"loan" + 0.002*"student" + 0.002*"china" + 0.002*"opiate" + 0.002*"saving" + 0.002*"brazilian" + 0.002*"acid" + 0.002*"school"
2018-08-28 07:17:00,156 : INFO : topic #29 (0.025): 0.003*"25k" + 0.003*"vechain" + 0.002*"freelancer" + 0.002*"sophie" + 0.002*"logo" + 0.002*"professional" + 0.002*"etf" + 0.002*"historical" + 0.001*"30" + 0.001*"bizcoin"
2018-08-28 07:17:00,158 : INFO : topic #13 (0.025): 0.007*"wabi" + 0.006*"get" + 0.006*"like" + 0.005*"crypto" + 0.004*"buy" + 0.003*"shit" + 0.003*"want" + 0.003*"already" + 0.003*"post" + 0.003*"sell"
2018-08-28 07:17:00,159 : INFO : topic #15 (0.025): 0.132*"sage" + 0.003*"trading" + 0.002*"as" + 0.002*"got" + 0.002*"girl" + 0.002*"eth" + 0.002*"sub" + 0.002*"trade" + 0.002*"wife" + 0.002*"stoploss"
2018-08-28 07:17:00,162 : INFO : topic diff=0.004715, rho=0.116248
2018-08-28 07:17:07,661 : INFO : -8.369 per-word bound, 330.7 perplexity estimate based on a held-out corpus of 1067 documents with 1256157 words
2018-08-28 07:17:07,662 : INFO : PROGRESS: pass 73, at document #1067/1067
2018-08-28 07:17:12,907 : INFO : topic #21 (0.025): 0.004*"cia" + 0.004*"king" + 0.002*"bithumb" + 0.001*"highway" + 0.001*"bar" + 0.001*"disaster" + 0.001*"leveraged" + 0.001*"bitcoinplus" + 0.001*"jammed" + 0.001*"determined"
2018-08-28 07:17:12,908 : INFO : topic #7 (0.025): 0.009*"bts" + 0.006*"du" + 0.005*"germany" + 0.005*"die" + 0.005*"modafinil" + 0.004*"und" + 0.004*"bitshares" + 0.004*"transfer" + 0.004*"zeph" + 0.003*"german"
2018-08-28 07:17:12,909 : INFO : topic #15 (0.025): 0.132*"sage" + 0.003*"trading" + 0.002*"as" + 0.002*"got" + 0.002*"girl" + 0.002*"eth" + 0.002*"sub" + 0.002*"trade" + 0.002*"wife" + 0.002*"stoploss"
2018-08-28 07:17:12,911 : INFO : topic #16 (0.025): 0.013*"address" + 0.012*"wallet" + 0.010*"contract" + 0.009*"eth" + 0.007*"send" + 0.007*"gas" + 0.005*"key" + 0.005*"sent" + 0.005*"minereum" + 0.005*"bot"
2018-08-28 07:17:12,912 : INFO : topic #35 (0.025): 0.090*"die" + 0.042*"iota" + 0.006*"music" + 0.005*"giota" + 0.005*"jew" + 0.004*"tangle" + 0.003*"reclaim" + 0.003*"top" + 0.003*"nigger" + 0.002*"popular"
2018-08-28 07:17:12,915 : INFO : topic diff=0.004618, rho=0.115470
2018-08-28 07:17:20,420 : INFO : -8.369 per-word bound, 330.6 perplexity estimate based on a held-out corpus of 1067 documents with 1256157 words
2018-08-28 07:17:20,420 : INFO : PROGRESS: pass 74, at document #1067/1067
2018-08-28 07:17:25,684 : INFO : topic #8 (0.025): 0.011*"get" + 0.010*"like" + 0.008*"im" + 0.007*"people" + 0.007*"make" + 0.007*"money" + 0.006*"fucking" + 0.006*"want" + 0.006*"would" + 0.005*"year"
2018-08-28 07:17:25,685 : INFO : topic #17 (0.025): 0.002*"petahash" + 0.001*"hkma" + 0.001*"hkd" + 0.001*"monetary" + 0.001*"hong" + 0.001*"78" + 0.001*"stall" + 0.001*"bitcoincom" + 0.001*"kong" + 0.001*"parasiting"
2018-08-28 07:17:25,686 : INFO : topic #4 (0.025): 0.011*"btc" + 0.009*"eth" + 0.008*"im" + 0.008*"buy" + 0.006*"coin" + 0.006*"money" + 0.005*"like" + 0.005*"bought" + 0.005*"year" + 0.005*"go"
2018-08-28 07:17:25,687 : INFO : topic #35 (0.025): 0.091*"die" + 0.042*"iota" + 0.006*"music" + 0.005*"giota" + 0.005*"jew" + 0.004*"tangle" + 0.003*"reclaim" + 0.003*"top" + 0.003*"nigger" + 0.002*"popular"
2018-08-28 07:17:25,688 : INFO : topic #34 (0.025): 0.012*"buy" + 0.011*"coin" + 0.010*"powr" + 0.009*"im" + 0.007*"like" + 0.007*"going" + 0.006*"fucking" + 0.006*"get" + 0.006*"shit" + 0.005*"fuck"
2018-08-28 07:17:25,691 : INFO : topic diff=0.004523, rho=0.114708
2018-08-28 07:17:33,200 : INFO : -8.369 per-word bound, 330.5 perplexity estimate based on a held-out corpus of 1067 documents with 1256157 words
2018-08-28 07:17:33,201 : INFO : PROGRESS: pass 75, at document #1067/1067
2018-08-28 07:17:38,452 : INFO : topic #5 (0.025): 0.011*"ark" + 0.011*"neo" + 0.010*"buy" + 0.009*"get" + 0.009*"im" + 0.008*"like" + 0.008*"going" + 0.006*"go" + 0.005*"sell" + 0.005*"make"
2018-08-28 07:17:38,453 : INFO : topic #17 (0.025): 0.002*"petahash" + 0.001*"hkma" + 0.001*"hkd" + 0.001*"monetary" + 0.001*"hong" + 0.001*"78" + 0.001*"stall" + 0.001*"bitcoincom" + 0.001*"kong" + 0.001*"parasiting"
2018-08-28 07:17:38,454 : INFO : topic #25 (0.025): 0.015*"future" + 0.013*"bat" + 0.009*"contract" + 0.005*"browser" + 0.004*"brooke" + 0.003*"fee" + 0.003*"exist" + 0.003*"s2x" + 0.003*"omg" + 0.003*"brave"
2018-08-28 07:17:38,456 : INFO : topic #32 (0.025): 0.007*"decred" + 0.003*"obsidian" + 0.003*"governance" + 0.002*"tezos" + 0.002*"odn" + 0.002*"stakeholder" + 0.002*"progress" + 0.002*"lawsuit" + 0.002*"horrible" + 0.001*"masternodes"
2018-08-28 07:17:38,457 : INFO : topic #34 (0.025): 0.012*"buy" + 0.011*"coin" + 0.010*"powr" + 0.009*"im" + 0.007*"like" + 0.007*"going" + 0.006*"fucking" + 0.006*"get" + 0.006*"shit" + 0.005*"fuck"
2018-08-28 07:17:38,460 : INFO : topic diff=0.004430, rho=0.113961
2018-08-28 07:17:45,943 : INFO : -8.368 per-word bound, 330.4 perplexity estimate based on a held-out corpus of 1067 documents with 1256157 words
2018-08-28 07:17:45,944 : INFO : PROGRESS: pass 76, at document #1067/1067
2018-08-28 07:17:51,212 : INFO : topic #29 (0.025): 0.003*"25k" + 0.003*"vechain" + 0.002*"freelancer" + 0.002*"sophie" + 0.002*"logo" + 0.002*"professional" + 0.002*"historical" + 0.002*"etf" + 0.001*"bizcoin" + 0.001*"cyclical"
2018-08-28 07:17:51,236 : INFO : topic #30 (0.025): 0.010*"money" + 0.008*"im" + 0.008*"get" + 0.007*"trade" + 0.006*"like" + 0.006*"make" + 0.006*"ark" + 0.005*"good" + 0.005*"day" + 0.005*"made"
2018-08-28 07:17:51,238 : INFO : topic #13 (0.025): 0.007*"wabi" + 0.006*"get" + 0.005*"like" + 0.005*"crypto" + 0.004*"buy" + 0.003*"want" + 0.003*"shit" + 0.003*"already" + 0.003*"post" + 0.003*"sell"
2018-08-28 07:17:51,239 : INFO : topic #18 (0.025): 0.013*"rcn" + 0.009*"credit" + 0.008*"salt" + 0.007*"token" + 0.007*"loan" + 0.007*"car" + 0.005*"market" + 0.004*"one" + 0.004*"money" + 0.004*"value"
2018-08-28 07:17:51,242 : INFO : topic diff=0.004344, rho=0.113228
2018-08-28 07:17:58,945 : INFO : -8.368 per-word bound, 330.3 perplexity estimate based on a held-out corpus of 1067 documents with 1256157 words
2018-08-28 07:17:58,945 : INFO : PROGRESS: pass 77, at document #1067/1067
2018-08-28 07:18:04,224 : INFO : topic #7 (0.025): 0.009*"bts" + 0.006*"du" + 0.005*"germany" + 0.005*"die" + 0.005*"modafinil" + 0.004*"und" + 0.004*"bitshares" + 0.004*"transfer" + 0.004*"zeph" + 0.003*"german"
2018-08-28 07:18:04,225 : INFO : topic #25 (0.025): 0.015*"future" + 0.013*"bat" + 0.009*"contract" + 0.005*"browser" + 0.004*"brooke" + 0.003*"fee" + 0.003*"exist" + 0.003*"s2x" + 0.003*"omg" + 0.003*"brave"
2018-08-28 07:18:04,227 : INFO : topic #19 (0.025): 0.018*"tax" + 0.012*"crypto" + 0.009*"pay" + 0.009*"gain" + 0.008*"money" + 0.008*"trade" + 0.008*"get" + 0.008*"year" + 0.007*"like" + 0.007*"btc"
2018-08-28 07:18:04,228 : INFO : topic #16 (0.025): 0.013*"address" + 0.012*"wallet" + 0.010*"contract" + 0.009*"eth" + 0.007*"send" + 0.007*"gas" + 0.005*"key" + 0.005*"sent" + 0.005*"minereum" + 0.005*"bot"
2018-08-28 07:18:04,230 : INFO : topic #27 (0.025): 0.008*"posw" + 0.005*"publica" + 0.005*"etp" + 0.004*"team" + 0.004*"cmc" + 0.003*"ceo" + 0.002*"book" + 0.002*"exchange" + 0.002*"pbl" + 0.002*"anonymous"
2018-08-28 07:18:04,233 : INFO : topic diff=0.004258, rho=0.112509
2018-08-28 07:18:11,781 : INFO : -8.367 per-word bound, 330.2 perplexity estimate based on a held-out corpus of 1067 documents with 1256157 words
2018-08-28 07:18:11,783 : INFO : PROGRESS: pass 78, at document #1067/1067
2018-08-28 07:18:17,092 : INFO : topic #28 (0.025): 0.021*"tether" + 0.014*"btc" + 0.008*"bitfinex" + 0.007*"people" + 0.007*"usd" + 0.007*"money" + 0.007*"exchange" + 0.007*"get" + 0.006*"bitcoin" + 0.006*"price"
2018-08-28 07:18:17,093 : INFO : topic #15 (0.025): 0.132*"sage" + 0.003*"trading" + 0.002*"as" + 0.002*"got" + 0.002*"girl" + 0.002*"eth" + 0.002*"sub" + 0.002*"trade" + 0.002*"stoploss" + 0.002*"wife"
2018-08-28 07:18:17,094 : INFO : topic #29 (0.025): 0.003*"25k" + 0.003*"vechain" + 0.002*"freelancer" + 0.002*"sophie" + 0.002*"logo" + 0.002*"professional" + 0.002*"historical" + 0.002*"etf" + 0.001*"bizcoin" + 0.001*"cyclical"
2018-08-28 07:18:17,096 : INFO : topic #31 (0.025): 0.022*"link" + 0.009*"coin" + 0.008*"token" + 0.008*"like" + 0.006*"eth" + 0.006*"would" + 0.006*"buy" + 0.006*"even" + 0.006*"project" + 0.006*"make"
2018-08-28 07:18:17,097 : INFO : topic #2 (0.025): 0.004*"age" + 0.003*"software" + 0.002*"debit" + 0.001*"engineer" + 0.001*"package" + 0.001*"germany" + 0.001*"math" + 0.001*"0occupation" + 0.001*"van" + 0.001*"nfc"
2018-08-28 07:18:17,100 : INFO : topic diff=0.004177, rho=0.111803
2018-08-28 07:18:24,680 : INFO : -8.367 per-word bound, 330.1 perplexity estimate based on a held-out corpus of 1067 documents with 1256157 words
2018-08-28 07:18:24,681 : INFO : PROGRESS: pass 79, at document #1067/1067
2018-08-28 07:18:29,985 : INFO : topic #8 (0.025): 0.011*"get" + 0.010*"like" + 0.008*"im" + 0.007*"people" + 0.007*"make" + 0.007*"money" + 0.006*"fucking" + 0.006*"would" + 0.006*"want" + 0.005*"year"
2018-08-28 07:18:29,986 : INFO : topic #18 (0.025): 0.013*"rcn" + 0.009*"credit" + 0.008*"salt" + 0.007*"token" + 0.007*"loan" + 0.007*"car" + 0.005*"market" + 0.004*"one" + 0.004*"money" + 0.004*"value"
2018-08-28 07:18:29,988 : INFO : topic #1 (0.025): 0.004*"crypto" + 0.004*"trading" + 0.003*"loan" + 0.002*"student" + 0.002*"china" + 0.002*"opiate" + 0.002*"brazilian" + 0.002*"acid" + 0.002*"saving" + 0.002*"school"
2018-08-28 07:18:29,989 : INFO : topic #37 (0.025): 0.008*"code" + 0.006*"ruby" + 0.005*"language" + 0.005*"fake" + 0.004*"hiring" + 0.004*"steve" + 0.004*"rewrite" + 0.003*"hired" + 0.003*"update" + 0.003*"contract"
2018-08-28 07:18:29,990 : INFO : topic #2 (0.025): 0.004*"age" + 0.003*"software" + 0.002*"debit" + 0.001*"engineer" + 0.001*"package" + 0.001*"germany" + 0.001*"math" + 0.001*"0occupation" + 0.001*"van" + 0.001*"nfc"
2018-08-28 07:18:29,994 : INFO : topic diff=0.004098, rho=0.111111
2018-08-28 07:18:37,493 : INFO : -8.367 per-word bound, 330.1 perplexity estimate based on a held-out corpus of 1067 documents with 1256157 words
2018-08-28 07:18:37,493 : INFO : PROGRESS: pass 80, at document #1067/1067
2018-08-28 07:18:42,761 : INFO : topic #22 (0.025): 0.005*"eat" + 0.004*"egg" + 0.003*"fat" + 0.002*"day" + 0.002*"eating" + 0.002*"paypal" + 0.002*"letter" + 0.002*"calorie" + 0.002*"tuna" + 0.002*"30"
2018-08-28 07:18:42,763 : INFO : topic #26 (0.025): 0.005*"make" + 0.005*"fucking" + 0.005*"one" + 0.005*"tesla" + 0.005*"go" + 0.005*"going" + 0.004*"car" + 0.004*"like" + 0.004*"buy" + 0.004*"good"
2018-08-28 07:18:42,764 : INFO : topic #3 (0.025): 0.087*"chancoin" + 0.008*"coin" + 0.004*"wallet" + 0.003*"iop" + 0.003*"need" + 0.003*"discord" + 0.003*"u" + 0.003*"chan" + 0.003*"one" + 0.002*"buy"
2018-08-28 07:18:42,765 : INFO : topic #33 (0.025): 0.029*"req" + 0.011*"ico" + 0.011*"request" + 0.009*"buy" + 0.008*"coin" + 0.006*"get" + 0.006*"like" + 0.006*"price" + 0.005*"paypal" + 0.005*"payment"
2018-08-28 07:18:42,767 : INFO : topic #23 (0.025): 0.005*"xmr" + 0.005*"torrent" + 0.004*"weed" + 0.004*"smoke" + 0.004*"asian" + 0.003*"fenx" + 0.003*"smoking" + 0.002*"ed" + 0.002*"meme" + 0.002*"torrenting"
2018-08-28 07:18:42,770 : INFO : topic diff=0.004020, rho=0.110432
2018-08-28 07:18:50,327 : INFO : -8.366 per-word bound, 330.0 perplexity estimate based on a held-out corpus of 1067 documents with 1256157 words
2018-08-28 07:18:50,327 : INFO : PROGRESS: pass 81, at document #1067/1067
2018-08-28 07:18:55,640 : INFO : topic #10 (0.025): 0.007*"get" + 0.006*"monero" + 0.006*"people" + 0.006*"like" + 0.005*"use" + 0.005*"want" + 0.005*"would" + 0.005*"im" + 0.004*"one" + 0.004*"shit"
2018-08-28 07:18:55,642 : INFO : topic #20 (0.025): 0.009*"gab" + 0.005*"casino" + 0.003*"guy" + 0.003*"like" + 0.003*"come" + 0.003*"play" + 0.003*"since" + 0.002*"tax" + 0.002*"fedora" + 0.002*"roulette"
2018-08-28 07:18:55,643 : INFO : topic #0 (0.025): 0.032*"bch" + 0.030*"bitcoin" + 0.023*"btc" + 0.015*"transaction" + 0.014*"miner" + 0.013*"block" + 0.010*"mining" + 0.009*"fee" + 0.009*"would" + 0.008*"core"
2018-08-28 07:18:55,644 : INFO : topic #38 (0.025): 0.017*"stock" + 0.010*"like" + 0.009*"im" + 0.008*"get" + 0.008*"market" + 0.008*"buy" + 0.007*"money" + 0.007*"good" + 0.007*"company" + 0.006*"day"
2018-08-28 07:18:55,646 : INFO : topic #28 (0.025): 0.021*"tether" + 0.014*"btc" + 0.008*"bitfinex" + 0.007*"people" + 0.007*"usd" + 0.007*"money" + 0.007*"exchange" + 0.007*"get" + 0.006*"bitcoin" + 0.006*"price"
2018-08-28 07:18:55,649 : INFO : topic diff=0.003948, rho=0.109764
2018-08-28 07:19:03,162 : INFO : -8.366 per-word bound, 329.9 perplexity estimate based on a held-out corpus of 1067 documents with 1256157 words
2018-08-28 07:19:03,163 : INFO : PROGRESS: pass 82, at document #1067/1067
2018-08-28 07:19:08,492 : INFO : topic #13 (0.025): 0.007*"wabi" + 0.006*"get" + 0.005*"like" + 0.005*"crypto" + 0.003*"buy" + 0.003*"want" + 0.003*"shit" + 0.003*"already" + 0.003*"post" + 0.003*"sell"
2018-08-28 07:19:08,494 : INFO : topic #26 (0.025): 0.005*"make" + 0.005*"tesla" + 0.005*"one" + 0.005*"fucking" + 0.005*"go" + 0.005*"car" + 0.005*"going" + 0.004*"like" + 0.004*"buy" + 0.004*"good"
2018-08-28 07:19:08,495 : INFO : topic #3 (0.025): 0.088*"chancoin" + 0.008*"coin" + 0.004*"wallet" + 0.003*"iop" + 0.003*"need" + 0.003*"discord" + 0.003*"u" + 0.003*"chan" + 0.002*"one" + 0.002*"free"
2018-08-28 07:19:08,496 : INFO : topic #36 (0.025): 0.000*"im" + 0.000*"make" + 0.000*"get" + 0.000*"go" + 0.000*"coin" + 0.000*"fucking" + 0.000*"btc" + 0.000*"like" + 0.000*"one" + 0.000*"think"
2018-08-28 07:19:08,497 : INFO : topic #1 (0.025): 0.004*"crypto" + 0.004*"trading" + 0.003*"loan" + 0.002*"student" + 0.002*"china" + 0.002*"opiate" + 0.002*"brazilian" + 0.002*"acid" + 0.002*"saving" + 0.002*"school"
2018-08-28 07:19:08,500 : INFO : topic diff=0.003875, rho=0.109109
2018-08-28 07:19:16,134 : INFO : -8.365 per-word bound, 329.8 perplexity estimate based on a held-out corpus of 1067 documents with 1256157 words
2018-08-28 07:19:16,135 : INFO : PROGRESS: pass 83, at document #1067/1067
2018-08-28 07:19:21,470 : INFO : topic #37 (0.025): 0.008*"code" + 0.006*"ruby" + 0.006*"language" + 0.005*"fake" + 0.004*"hiring" + 0.004*"steve" + 0.004*"rewrite" + 0.003*"hired" + 0.003*"update" + 0.003*"pic"
2018-08-28 07:19:21,472 : INFO : topic #6 (0.025): 0.012*"get" + 0.012*"job" + 0.007*"school" + 0.006*"im" + 0.006*"like" + 0.005*"year" + 0.005*"ha" + 0.005*"make" + 0.005*"pay" + 0.005*"card"
2018-08-28 07:19:21,473 : INFO : topic #28 (0.025): 0.022*"tether" + 0.014*"btc" + 0.008*"bitfinex" + 0.007*"people" + 0.007*"usd" + 0.007*"money" + 0.007*"exchange" + 0.007*"get" + 0.006*"bitcoin" + 0.006*"price"
2018-08-28 07:19:21,474 : INFO : topic #19 (0.025): 0.018*"tax" + 0.012*"crypto" + 0.009*"pay" + 0.009*"gain" + 0.008*"money" + 0.008*"trade" + 0.008*"get" + 0.008*"year" + 0.007*"like" + 0.007*"btc"
2018-08-28 07:19:21,475 : INFO : topic #21 (0.025): 0.004*"cia" + 0.004*"king" + 0.003*"bithumb" + 0.001*"highway" + 0.001*"bar" + 0.001*"disaster" + 0.001*"leveraged" + 0.001*"jammed" + 0.001*"bitcoinplus" + 0.001*"determined"
2018-08-28 07:19:21,479 : INFO : topic diff=0.003808, rho=0.108465
2018-08-28 07:19:28,986 : INFO : -8.365 per-word bound, 329.7 perplexity estimate based on a held-out corpus of 1067 documents with 1256157 words
2018-08-28 07:19:28,987 : INFO : PROGRESS: pass 84, at document #1067/1067
2018-08-28 07:19:34,268 : INFO : topic #33 (0.025): 0.029*"req" + 0.011*"ico" + 0.011*"request" + 0.009*"buy" + 0.008*"coin" + 0.006*"get" + 0.006*"like" + 0.005*"price" + 0.005*"paypal" + 0.005*"payment"
2018-08-28 07:19:34,270 : INFO : topic #22 (0.025): 0.005*"eat" + 0.004*"egg" + 0.003*"fat" + 0.002*"eating" + 0.002*"day" + 0.002*"paypal" + 0.002*"letter" + 0.002*"calorie" + 0.002*"tuna" + 0.002*"ebay"
2018-08-28 07:19:34,271 : INFO : topic #1 (0.025): 0.004*"crypto" + 0.004*"trading" + 0.003*"loan" + 0.002*"student" + 0.002*"china" + 0.002*"opiate" + 0.002*"brazilian" + 0.002*"acid" + 0.002*"saving" + 0.002*"school"
2018-08-28 07:19:34,273 : INFO : topic #23 (0.025): 0.005*"xmr" + 0.005*"torrent" + 0.004*"weed" + 0.004*"smoke" + 0.004*"fenx" + 0.003*"asian" + 0.003*"smoking" + 0.002*"ed" + 0.002*"torrenting" + 0.002*"meme"
2018-08-28 07:19:34,283 : INFO : topic diff=0.003743, rho=0.107833
2018-08-28 07:19:41,814 : INFO : -8.365 per-word bound, 329.6 perplexity estimate based on a held-out corpus of 1067 documents with 1256157 words
2018-08-28 07:19:41,815 : INFO : PROGRESS: pass 85, at document #1067/1067
2018-08-28 07:19:47,093 : INFO : topic #37 (0.025): 0.008*"code" + 0.006*"ruby" + 0.006*"language" + 0.005*"fake" + 0.004*"hiring" + 0.004*"steve" + 0.004*"rewrite" + 0.004*"hired" + 0.003*"update" + 0.003*"pic"
2018-08-28 07:19:47,094 : INFO : topic #2 (0.025): 0.004*"age" + 0.003*"software" + 0.002*"debit" + 0.001*"engineer" + 0.001*"package" + 0.001*"germany" + 0.001*"math" + 0.001*"0occupation" + 0.001*"van" + 0.001*"nfc"
2018-08-28 07:19:47,096 : INFO : topic #7 (0.025): 0.009*"bts" + 0.006*"du" + 0.005*"germany" + 0.005*"die" + 0.005*"modafinil" + 0.004*"und" + 0.004*"bitshares" + 0.004*"transfer" + 0.004*"zeph" + 0.003*"german"
2018-08-28 07:19:47,097 : INFO : topic #21 (0.025): 0.004*"cia" + 0.004*"king" + 0.003*"bithumb" + 0.001*"highway" + 0.001*"bar" + 0.001*"disaster" + 0.001*"leveraged" + 0.001*"bitcoinplus" + 0.001*"jammed" + 0.001*"determined"
2018-08-28 07:19:47,098 : INFO : topic #18 (0.025): 0.013*"rcn" + 0.009*"credit" + 0.008*"salt" + 0.007*"token" + 0.007*"loan" + 0.007*"car" + 0.005*"market" + 0.004*"one" + 0.004*"value" + 0.004*"sticker"
2018-08-28 07:19:47,101 : INFO : topic diff=0.003678, rho=0.107211
2018-08-28 07:19:54,576 : INFO : -8.364 per-word bound, 329.5 perplexity estimate based on a held-out corpus of 1067 documents with 1256157 words
2018-08-28 07:19:54,576 : INFO : PROGRESS: pass 86, at document #1067/1067
2018-08-28 07:19:59,898 : INFO : topic #7 (0.025): 0.009*"bts" + 0.006*"du" + 0.005*"germany" + 0.005*"die" + 0.005*"modafinil" + 0.004*"und" + 0.004*"bitshares" + 0.004*"zeph" + 0.004*"transfer" + 0.003*"german"
2018-08-28 07:19:59,900 : INFO : topic #27 (0.025): 0.008*"posw" + 0.005*"publica" + 0.005*"etp" + 0.004*"cmc" + 0.004*"team" + 0.003*"ceo" + 0.002*"book" + 0.002*"pbl" + 0.002*"exchange" + 0.002*"cryptopia"
2018-08-28 07:19:59,901 : INFO : topic #31 (0.025): 0.022*"link" + 0.009*"coin" + 0.008*"token" + 0.008*"like" + 0.006*"eth" + 0.006*"would" + 0.006*"buy" + 0.006*"even" + 0.006*"project" + 0.006*"get"
2018-08-28 07:19:59,903 : INFO : topic #38 (0.025): 0.017*"stock" + 0.010*"like" + 0.009*"im" + 0.008*"get" + 0.008*"market" + 0.008*"buy" + 0.007*"money" + 0.007*"good" + 0.007*"company" + 0.006*"day"
2018-08-28 07:19:59,904 : INFO : topic #13 (0.025): 0.007*"wabi" + 0.006*"get" + 0.005*"like" + 0.005*"crypto" + 0.003*"buy" + 0.003*"want" + 0.003*"already" + 0.003*"post" + 0.003*"shit" + 0.003*"sell"
2018-08-28 07:19:59,907 : INFO : topic diff=0.003615, rho=0.106600
2018-08-28 07:20:07,440 : INFO : -8.364 per-word bound, 329.5 perplexity estimate based on a held-out corpus of 1067 documents with 1256157 words
2018-08-28 07:20:07,440 : INFO : PROGRESS: pass 87, at document #1067/1067
2018-08-28 07:20:12,702 : INFO : topic #28 (0.025): 0.022*"tether" + 0.014*"btc" + 0.009*"bitfinex" + 0.007*"people" + 0.007*"usd" + 0.007*"money" + 0.007*"exchange" + 0.007*"get" + 0.006*"bitcoin" + 0.006*"price"
2018-08-28 07:20:12,703 : INFO : topic #25 (0.025): 0.015*"future" + 0.013*"bat" + 0.009*"contract" + 0.005*"browser" + 0.004*"brooke" + 0.003*"fee" + 0.003*"exist" + 0.003*"s2x" + 0.003*"brave" + 0.002*"omg"
2018-08-28 07:20:12,704 : INFO : topic #36 (0.025): 0.000*"im" + 0.000*"make" + 0.000*"get" + 0.000*"go" + 0.000*"coin" + 0.000*"fucking" + 0.000*"btc" + 0.000*"like" + 0.000*"one" + 0.000*"think"
2018-08-28 07:20:12,706 : INFO : topic #2 (0.025): 0.004*"age" + 0.003*"software" + 0.002*"debit" + 0.001*"engineer" + 0.001*"package" + 0.001*"germany" + 0.001*"math" + 0.001*"0occupation" + 0.001*"van" + 0.001*"nfc"
2018-08-28 07:20:12,707 : INFO : topic #19 (0.025): 0.018*"tax" + 0.012*"crypto" + 0.009*"pay" + 0.009*"gain" + 0.008*"money" + 0.008*"trade" + 0.008*"get" + 0.008*"year" + 0.007*"like" + 0.007*"btc"
2018-08-28 07:20:12,710 : INFO : topic diff=0.003552, rho=0.106000
2018-08-28 07:20:20,207 : INFO : -8.364 per-word bound, 329.4 perplexity estimate based on a held-out corpus of 1067 documents with 1256157 words
2018-08-28 07:20:20,208 : INFO : PROGRESS: pass 88, at document #1067/1067
2018-08-28 07:20:25,482 : INFO : topic #8 (0.025): 0.011*"get" + 0.010*"like" + 0.008*"im" + 0.007*"people" + 0.007*"make" + 0.007*"money" + 0.006*"fucking" + 0.006*"would" + 0.006*"want" + 0.005*"year"
2018-08-28 07:20:25,485 : INFO : topic #0 (0.025): 0.033*"bch" + 0.030*"bitcoin" + 0.024*"btc" + 0.015*"transaction" + 0.014*"miner" + 0.013*"block" + 0.009*"mining" + 0.009*"fee" + 0.009*"would" + 0.008*"core"
2018-08-28 07:20:25,486 : INFO : topic #36 (0.025): 0.000*"im" + 0.000*"make" + 0.000*"get" + 0.000*"go" + 0.000*"coin" + 0.000*"fucking" + 0.000*"btc" + 0.000*"one" + 0.000*"like" + 0.000*"think"
2018-08-28 07:20:25,487 : INFO : topic #16 (0.025): 0.013*"address" + 0.012*"wallet" + 0.010*"contract" + 0.009*"eth" + 0.007*"send" + 0.007*"gas" + 0.005*"key" + 0.005*"sent" + 0.005*"minereum" + 0.005*"bot"
2018-08-28 07:20:25,489 : INFO : topic #28 (0.025): 0.022*"tether" + 0.014*"btc" + 0.009*"bitfinex" + 0.007*"people" + 0.007*"usd" + 0.007*"money" + 0.007*"exchange" + 0.007*"get" + 0.006*"bitcoin" + 0.006*"price"
2018-08-28 07:20:25,493 : INFO : topic diff=0.003493, rho=0.105409
2018-08-28 07:20:32,987 : INFO : -8.363 per-word bound, 329.3 perplexity estimate based on a held-out corpus of 1067 documents with 1256157 words
2018-08-28 07:20:32,987 : INFO : PROGRESS: pass 89, at document #1067/1067
2018-08-28 07:20:38,257 : INFO : topic #11 (0.025): 0.000*"anondo" + 0.000*"tetherscam" + 0.000*"lm" + 0.000*"soonlmfaothey" + 0.000*"waterno" + 0.000*"tbreak" + 0.000*"herb" + 0.000*"meteorologist" + 0.000*"rentbillscold" + 0.000*"daylight"
2018-08-28 07:20:38,259 : INFO : topic #14 (0.025): 0.063*"wallet" + 0.024*"key" + 0.018*"private" + 0.013*"ledger" + 0.011*"address" + 0.011*"hardware" + 0.010*"use" + 0.009*"seed" + 0.008*"hacked" + 0.007*"etherdelta"
2018-08-28 07:20:38,260 : INFO : topic #3 (0.025): 0.089*"chancoin" + 0.008*"coin" + 0.004*"wallet" + 0.003*"iop" + 0.003*"need" + 0.003*"discord" + 0.003*"chan" + 0.003*"u" + 0.002*"free" + 0.002*"one"
2018-08-28 07:20:38,269 : INFO : topic #36 (0.025): 0.000*"im" + 0.000*"make" + 0.000*"get" + 0.000*"go" + 0.000*"coin" + 0.000*"fucking" + 0.000*"btc" + 0.000*"like" + 0.000*"one" + 0.000*"think"
2018-08-28 07:20:38,272 : INFO : topic diff=0.003437, rho=0.104828
2018-08-28 07:20:45,785 : INFO : -8.363 per-word bound, 329.2 perplexity estimate based on a held-out corpus of 1067 documents with 1256157 words
2018-08-28 07:20:45,786 : INFO : PROGRESS: pass 90, at document #1067/1067
2018-08-28 07:20:51,067 : INFO : topic #12 (0.025): 0.015*"bitbay" + 0.008*"marketplace" + 0.005*"jew" + 0.005*"syscoin" + 0.004*"private" + 0.004*"decentralized" + 0.003*"polish" + 0.003*"public" + 0.002*"message" + 0.002*"turd"
2018-08-28 07:20:51,068 : INFO : topic #22 (0.025): 0.005*"eat" + 0.004*"egg" + 0.003*"fat" + 0.002*"eating" + 0.002*"paypal" + 0.002*"day" + 0.002*"letter" + 0.002*"calorie" + 0.002*"tuna" + 0.002*"ebay"
2018-08-28 07:20:51,078 : INFO : topic #25 (0.025): 0.015*"future" + 0.013*"bat" + 0.009*"contract" + 0.005*"browser" + 0.004*"brooke" + 0.003*"fee" + 0.003*"exist" + 0.003*"s2x" + 0.003*"brave" + 0.002*"omg"
2018-08-28 07:20:51,080 : INFO : topic #2 (0.025): 0.004*"age" + 0.003*"software" + 0.002*"debit" + 0.001*"package" + 0.001*"engineer" + 0.001*"germany" + 0.001*"0occupation" + 0.001*"math" + 0.001*"van" + 0.001*"nfc"
2018-08-28 07:20:51,083 : INFO : topic diff=0.003380, rho=0.104257
2018-08-28 07:20:58,589 : INFO : -8.363 per-word bound, 329.2 perplexity estimate based on a held-out corpus of 1067 documents with 1256157 words
2018-08-28 07:20:58,589 : INFO : PROGRESS: pass 91, at document #1067/1067
2018-08-28 07:21:03,860 : INFO : topic #36 (0.025): 0.000*"im" + 0.000*"make" + 0.000*"get" + 0.000*"go" + 0.000*"coin" + 0.000*"fucking" + 0.000*"btc" + 0.000*"one" + 0.000*"like" + 0.000*"think"
2018-08-28 07:21:03,862 : INFO : topic #25 (0.025): 0.015*"future" + 0.013*"bat" + 0.009*"contract" + 0.005*"browser" + 0.004*"brooke" + 0.003*"fee" + 0.003*"exist" + 0.003*"s2x" + 0.003*"brave" + 0.002*"omg"
2018-08-28 07:21:03,863 : INFO : topic #16 (0.025): 0.013*"address" + 0.012*"wallet" + 0.010*"contract" + 0.009*"eth" + 0.007*"send" + 0.007*"gas" + 0.005*"key" + 0.005*"sent" + 0.005*"minereum" + 0.005*"bot"
2018-08-28 07:21:03,864 : INFO : topic #7 (0.025): 0.009*"bts" + 0.006*"du" + 0.005*"germany" + 0.005*"die" + 0.005*"modafinil" + 0.004*"und" + 0.004*"bitshares" + 0.004*"zeph" + 0.004*"transfer" + 0.003*"german"
2018-08-28 07:21:03,866 : INFO : topic #30 (0.025): 0.010*"money" + 0.008*"im" + 0.007*"get" + 0.007*"trade" + 0.006*"like" + 0.006*"make" + 0.006*"ark" + 0.005*"day" + 0.005*"good" + 0.005*"made"
2018-08-28 07:21:03,869 : INFO : topic diff=0.003326, rho=0.103695
2018-08-28 07:21:11,395 : INFO : -8.362 per-word bound, 329.1 perplexity estimate based on a held-out corpus of 1067 documents with 1256157 words
2018-08-28 07:21:11,397 : INFO : PROGRESS: pass 92, at document #1067/1067
2018-08-28 07:21:16,748 : INFO : topic #10 (0.025): 0.007*"get" + 0.007*"monero" + 0.006*"people" + 0.006*"like" + 0.005*"use" + 0.005*"want" + 0.005*"would" + 0.005*"im" + 0.004*"one" + 0.004*"think"
2018-08-28 07:21:16,749 : INFO : topic #32 (0.025): 0.007*"decred" + 0.003*"obsidian" + 0.003*"governance" + 0.002*"tezos" + 0.002*"odn" + 0.002*"stakeholder" + 0.002*"progress" + 0.002*"lawsuit" + 0.002*"horrible" + 0.001*"masternodes"
2018-08-28 07:21:16,750 : INFO : topic #30 (0.025): 0.010*"money" + 0.008*"im" + 0.007*"get" + 0.007*"trade" + 0.006*"like" + 0.006*"make" + 0.006*"ark" + 0.005*"day" + 0.005*"good" + 0.005*"made"
2018-08-28 07:21:16,752 : INFO : topic #18 (0.025): 0.014*"rcn" + 0.009*"credit" + 0.008*"salt" + 0.007*"token" + 0.007*"loan" + 0.007*"car" + 0.005*"market" + 0.004*"value" + 0.004*"sticker" + 0.004*"one"
2018-08-28 07:21:16,752 : INFO : topic #7 (0.025): 0.009*"bts" + 0.006*"du" + 0.005*"germany" + 0.005*"die" + 0.005*"modafinil" + 0.004*"und" + 0.004*"bitshares" + 0.004*"zeph" + 0.004*"transfer" + 0.003*"german"
2018-08-28 07:21:16,756 : INFO : topic diff=0.003274, rho=0.103142
2018-08-28 07:21:24,304 : INFO : -8.362 per-word bound, 329.0 perplexity estimate based on a held-out corpus of 1067 documents with 1256157 words
2018-08-28 07:21:24,307 : INFO : PROGRESS: pass 93, at document #1067/1067
2018-08-28 07:21:29,574 : INFO : topic #39 (0.025): 0.015*"btc" + 0.008*"going" + 0.008*"buy" + 0.008*"like" + 0.007*"bitcoin" + 0.007*"get" + 0.007*"im" + 0.006*"coin" + 0.006*"go" + 0.006*"money"
2018-08-28 07:21:29,577 : INFO : topic #33 (0.025): 0.031*"req" + 0.011*"ico" + 0.011*"request" + 0.009*"buy" + 0.008*"coin" + 0.006*"paypal" + 0.006*"payment" + 0.006*"like" + 0.006*"get" + 0.005*"price"
2018-08-28 07:21:29,578 : INFO : topic #24 (0.025): 0.011*"wage" + 0.010*"minimum" + 0.002*"blah" + 0.001*"inflation" + 0.001*"immigration" + 0.001*"100000you" + 0.001*"mit" + 0.001*"flipper" + 0.000*"denmark" + 0.000*"kikeslets"
2018-08-28 07:21:29,579 : INFO : topic #15 (0.025): 0.132*"sage" + 0.003*"trading" + 0.002*"as" + 0.002*"got" + 0.002*"girl" + 0.002*"eth" + 0.002*"sub" + 0.002*"trade" + 0.002*"stoploss" + 0.002*"wife"
2018-08-28 07:21:29,580 : INFO : topic #30 (0.025): 0.010*"money" + 0.008*"im" + 0.007*"get" + 0.007*"trade" + 0.006*"like" + 0.006*"make" + 0.006*"ark" + 0.005*"day" + 0.005*"good" + 0.005*"made"
2018-08-28 07:21:29,583 : INFO : topic diff=0.003224, rho=0.102598
2018-08-28 07:21:37,110 : INFO : -8.362 per-word bound, 329.0 perplexity estimate based on a held-out corpus of 1067 documents with 1256157 words
2018-08-28 07:21:37,110 : INFO : PROGRESS: pass 94, at document #1067/1067
2018-08-28 07:21:42,379 : INFO : topic #6 (0.025): 0.012*"job" + 0.012*"get" + 0.008*"school" + 0.006*"im" + 0.006*"like" + 0.005*"year" + 0.005*"ha" + 0.005*"make" + 0.005*"pay" + 0.005*"card"
2018-08-28 07:21:42,380 : INFO : topic #24 (0.025): 0.011*"wage" + 0.010*"minimum" + 0.002*"blah" + 0.001*"inflation" + 0.001*"immigration" + 0.001*"100000you" + 0.001*"mit" + 0.001*"flipper" + 0.000*"denmark" + 0.000*"civicsof"
2018-08-28 07:21:42,382 : INFO : topic #35 (0.025): 0.093*"die" + 0.043*"iota" + 0.006*"music" + 0.005*"giota" + 0.005*"jew" + 0.004*"tangle" + 0.003*"reclaim" + 0.003*"top" + 0.003*"nigger" + 0.002*"popular"
2018-08-28 07:21:42,383 : INFO : topic #37 (0.025): 0.008*"code" + 0.006*"ruby" + 0.006*"language" + 0.005*"fake" + 0.004*"hiring" + 0.004*"rewrite" + 0.004*"steve" + 0.004*"hired" + 0.003*"update" + 0.003*"pic"
2018-08-28 07:21:42,384 : INFO : topic #2 (0.025): 0.004*"age" + 0.003*"software" + 0.002*"debit" + 0.001*"package" + 0.001*"engineer" + 0.001*"germany" + 0.001*"0occupation" + 0.001*"van" + 0.001*"nfc" + 0.001*"math"
2018-08-28 07:21:42,387 : INFO : topic diff=0.003172, rho=0.102062
2018-08-28 07:21:49,900 : INFO : -8.361 per-word bound, 328.9 perplexity estimate based on a held-out corpus of 1067 documents with 1256157 words
2018-08-28 07:21:49,901 : INFO : PROGRESS: pass 95, at document #1067/1067
2018-08-28 07:21:55,170 : INFO : topic #39 (0.025): 0.014*"btc" + 0.008*"going" + 0.008*"buy" + 0.008*"like" + 0.007*"bitcoin" + 0.007*"get" + 0.007*"im" + 0.006*"coin" + 0.006*"go" + 0.006*"money"
2018-08-28 07:21:55,171 : INFO : topic #35 (0.025): 0.093*"die" + 0.043*"iota" + 0.006*"music" + 0.005*"giota" + 0.005*"jew" + 0.004*"tangle" + 0.003*"reclaim" + 0.003*"top" + 0.003*"nigger" + 0.002*"popular"
2018-08-28 07:21:55,173 : INFO : topic #23 (0.025): 0.005*"xmr" + 0.005*"torrent" + 0.004*"weed" + 0.004*"smoke" + 0.004*"fenx" + 0.003*"asian" + 0.003*"smoking" + 0.002*"ed" + 0.002*"torrenting" + 0.002*"meme"
2018-08-28 07:21:55,174 : INFO : topic #28 (0.025): 0.022*"tether" + 0.014*"btc" + 0.009*"bitfinex" + 0.007*"people" + 0.007*"usd" + 0.007*"money" + 0.007*"exchange" + 0.006*"get" + 0.006*"bitcoin" + 0.006*"price"
2018-08-28 07:21:55,175 : INFO : topic #20 (0.025): 0.009*"gab" + 0.005*"casino" + 0.003*"guy" + 0.003*"like" + 0.003*"come" + 0.003*"play" + 0.003*"since" + 0.003*"tax" + 0.002*"fedora" + 0.002*"roulette"
2018-08-28 07:21:55,178 : INFO : topic diff=0.003122, rho=0.101535
2018-08-28 07:22:02,688 : INFO : -8.361 per-word bound, 328.8 perplexity estimate based on a held-out corpus of 1067 documents with 1256157 words
2018-08-28 07:22:02,688 : INFO : PROGRESS: pass 96, at document #1067/1067
2018-08-28 07:22:08,007 : INFO : topic #6 (0.025): 0.012*"job" + 0.012*"get" + 0.008*"school" + 0.006*"im" + 0.006*"like" + 0.005*"ha" + 0.005*"year" + 0.005*"make" + 0.005*"pay" + 0.005*"card"
2018-08-28 07:22:08,008 : INFO : topic #21 (0.025): 0.004*"cia" + 0.004*"king" + 0.003*"bithumb" + 0.001*"highway" + 0.001*"bar" + 0.001*"disaster" + 0.001*"leveraged" + 0.001*"determined" + 0.001*"jammed" + 0.001*"bitcoinplus"
2018-08-28 07:22:08,009 : INFO : topic #16 (0.025): 0.013*"address" + 0.012*"wallet" + 0.010*"contract" + 0.009*"eth" + 0.007*"send" + 0.007*"gas" + 0.005*"key" + 0.005*"sent" + 0.005*"minereum" + 0.005*"bot"
2018-08-28 07:22:08,010 : INFO : topic #35 (0.025): 0.093*"die" + 0.043*"iota" + 0.006*"music" + 0.005*"giota" + 0.005*"jew" + 0.004*"tangle" + 0.003*"reclaim" + 0.003*"top" + 0.003*"nigger" + 0.002*"popular"
2018-08-28 07:22:08,011 : INFO : topic #18 (0.025): 0.014*"rcn" + 0.009*"credit" + 0.008*"salt" + 0.007*"token" + 0.007*"loan" + 0.007*"car" + 0.005*"market" + 0.004*"sticker" + 0.004*"value" + 0.004*"omisego"
2018-08-28 07:22:08,014 : INFO : topic diff=0.003074, rho=0.101015
2018-08-28 07:22:15,695 : INFO : -8.361 per-word bound, 328.8 perplexity estimate based on a held-out corpus of 1067 documents with 1256157 words
2018-08-28 07:22:15,695 : INFO : PROGRESS: pass 97, at document #1067/1067
2018-08-28 07:22:21,003 : INFO : topic #19 (0.025): 0.018*"tax" + 0.012*"crypto" + 0.009*"pay" + 0.009*"gain" + 0.008*"money" + 0.008*"trade" + 0.008*"get" + 0.008*"year" + 0.007*"like" + 0.007*"btc"
2018-08-28 07:22:21,005 : INFO : topic #13 (0.025): 0.008*"wabi" + 0.006*"get" + 0.005*"crypto" + 0.004*"like" + 0.003*"already" + 0.003*"post" + 0.003*"buy" + 0.003*"product" + 0.003*"want" + 0.003*"sell"
2018-08-28 07:22:21,006 : INFO : topic #20 (0.025): 0.009*"gab" + 0.005*"casino" + 0.003*"guy" + 0.003*"like" + 0.003*"come" + 0.003*"play" + 0.003*"since" + 0.003*"tax" + 0.002*"fedora" + 0.002*"roulette"
2018-08-28 07:22:21,007 : INFO : topic #23 (0.025): 0.005*"xmr" + 0.005*"torrent" + 0.004*"weed" + 0.004*"smoke" + 0.004*"fenx" + 0.003*"asian" + 0.003*"smoking" + 0.002*"ed" + 0.002*"torrenting" + 0.002*"meme"
2018-08-28 07:22:21,008 : INFO : topic #29 (0.025): 0.003*"25k" + 0.003*"vechain" + 0.002*"freelancer" + 0.002*"sophie" + 0.002*"logo" + 0.002*"professional" + 0.002*"historical" + 0.001*"bizcoin" + 0.001*"cyclical" + 0.001*"mavic"
2018-08-28 07:22:21,011 : INFO : topic diff=0.003029, rho=0.100504
2018-08-28 07:22:28,524 : INFO : -8.361 per-word bound, 328.7 perplexity estimate based on a held-out corpus of 1067 documents with 1256157 words
2018-08-28 07:22:28,525 : INFO : PROGRESS: pass 98, at document #1067/1067
2018-08-28 07:22:33,803 : INFO : topic #22 (0.025): 0.005*"eat" + 0.004*"egg" + 0.003*"fat" + 0.002*"eating" + 0.002*"paypal" + 0.002*"day" + 0.002*"letter" + 0.002*"calorie" + 0.002*"tuna" + 0.002*"ebay"
2018-08-28 07:22:33,804 : INFO : topic #15 (0.025): 0.132*"sage" + 0.003*"trading" + 0.002*"as" + 0.002*"got" + 0.002*"eth" + 0.002*"girl" + 0.002*"sub" + 0.002*"trade" + 0.002*"stoploss" + 0.002*"wife"
2018-08-28 07:22:33,805 : INFO : topic #36 (0.025): 0.000*"im" + 0.000*"make" + 0.000*"go" + 0.000*"get" + 0.000*"coin" + 0.000*"fucking" + 0.000*"btc" + 0.000*"like" + 0.000*"one" + 0.000*"think"
2018-08-28 07:22:33,806 : INFO : topic #35 (0.025): 0.093*"die" + 0.043*"iota" + 0.006*"music" + 0.005*"giota" + 0.005*"jew" + 0.004*"tangle" + 0.003*"reclaim" + 0.003*"top" + 0.003*"nigger" + 0.002*"popular"
2018-08-28 07:22:33,807 : INFO : topic #1 (0.025): 0.004*"crypto" + 0.003*"trading" + 0.003*"loan" + 0.002*"opiate" + 0.002*"student" + 0.002*"brazilian" + 0.002*"acid" + 0.002*"china" + 0.002*"saving" + 0.002*"net"
2018-08-28 07:22:33,810 : INFO : topic diff=0.002981, rho=0.100000
2018-08-28 07:22:41,328 : INFO : -8.360 per-word bound, 328.6 perplexity estimate based on a held-out corpus of 1067 documents with 1256157 words
2018-08-28 07:22:41,329 : INFO : PROGRESS: pass 99, at document #1067/1067
2018-08-28 07:22:46,600 : INFO : topic #12 (0.025): 0.015*"bitbay" + 0.008*"marketplace" + 0.005*"jew" + 0.005*"syscoin" + 0.004*"private" + 0.004*"decentralized" + 0.003*"polish" + 0.003*"public" + 0.002*"message" + 0.002*"turd"
2018-08-28 07:22:46,601 : INFO : topic #3 (0.025): 0.090*"chancoin" + 0.008*"coin" + 0.004*"wallet" + 0.003*"iop" + 0.003*"need" + 0.003*"discord" + 0.003*"chan" + 0.003*"u" + 0.002*"free" + 0.002*"4chn"
2018-08-28 07:22:46,602 : INFO : topic #20 (0.025): 0.009*"gab" + 0.005*"casino" + 0.003*"guy" + 0.003*"like" + 0.003*"come" + 0.003*"play" + 0.003*"since" + 0.003*"tax" + 0.002*"fedora" + 0.002*"roulette"
2018-08-28 07:22:46,603 : INFO : topic #31 (0.025): 0.021*"link" + 0.010*"coin" + 0.008*"token" + 0.008*"like" + 0.006*"eth" + 0.006*"would" + 0.006*"buy" + 0.006*"even" + 0.006*"get" + 0.006*"project"
2018-08-28 07:22:46,604 : INFO : topic #11 (0.025): 0.000*"tbreak" + 0.000*"lm" + 0.000*"instamine" + 0.000*"soonlmfaothey" + 0.000*"stolenwell" + 0.000*"tetherscam" + 0.000*"anondo" + 0.000*"veldewhen" + 0.000*"waterno" + 0.000*"daylight"
2018-08-28 07:22:46,607 : INFO : topic diff=0.002939, rho=0.099504
2018-08-28 07:22:46,609 : INFO : saving LdaState object under models/ldamodel.state, separately None
2018-08-28 07:22:46,770 : INFO : saved models/ldamodel.state
2018-08-28 07:22:46,831 : INFO : saving LdaModel object under models/ldamodel, separately ['expElogbeta', 'sstats']
2018-08-28 07:22:46,832 : INFO : storing np array 'expElogbeta' to models/ldamodel.expElogbeta.npy
2018-08-28 07:22:46,902 : INFO : not storing attribute id2word
2018-08-28 07:22:46,904 : INFO : not storing attribute state
2018-08-28 07:22:46,904 : INFO : not storing attribute dispatcher
2018-08-28 07:22:46,910 : INFO : saved models/ldamodel
2018-08-28 07:22:46,914 : INFO : topic #10 (0.025): 0.007*"get" + 0.007*"monero" + 0.006*"people" + 0.006*"like" + 0.006*"use" + 0.005*"want" + 0.005*"would" + 0.004*"im" + 0.004*"one" + 0.004*"think" + 0.004*"shit" + 0.004*"also" + 0.004*"even" + 0.003*"know" + 0.003*"go" + 0.003*"pay" + 0.003*"it" + 0.003*"good" + 0.003*"time" + 0.003*"need"
2018-08-28 07:22:46,915 : INFO : topic #24 (0.025): 0.011*"wage" + 0.010*"minimum" + 0.002*"blah" + 0.001*"inflation" + 0.001*"immigration" + 0.001*"100000you" + 0.001*"mit" + 0.001*"flipper" + 0.000*"denmark" + 0.000*"heightism" + 0.000*"lowerpic" + 0.000*"marketeer" + 0.000*"metizo" + 0.000*"niggros" + 0.000*"outmuh" + 0.000*"parttimegig" + 0.000*"perpetuates" + 0.000*"cheaphowever" + 0.000*"backgroundanother" + 0.000*"rentfood"
2018-08-28 07:22:46,916 : INFO : topic #36 (0.025): 0.000*"im" + 0.000*"make" + 0.000*"go" + 0.000*"get" + 0.000*"coin" + 0.000*"fucking" + 0.000*"btc" + 0.000*"one" + 0.000*"like" + 0.000*"think" + 0.000*"people" + 0.000*"even" + 0.000*"shit" + 0.000*"going" + 0.000*"money" + 0.000*"want" + 0.000*"would" + 0.000*"right" + 0.000*"know" + 0.000*"it"
2018-08-28 07:22:46,917 : INFO : topic #33 (0.025): 0.031*"req" + 0.011*"request" + 0.011*"ico" + 0.009*"buy" + 0.007*"coin" + 0.006*"paypal" + 0.006*"payment" + 0.005*"like" + 0.005*"get" + 0.005*"price" + 0.005*"yc" + 0.005*"omg" + 0.005*"moon" + 0.004*"even" + 0.004*"ed" + 0.004*"ing" + 0.004*"pajeet" + 0.003*"etherdelta" + 0.003*"sell" + 0.003*"need"
2018-08-28 07:22:46,918 : INFO : topic #25 (0.025): 0.015*"future" + 0.013*"bat" + 0.009*"contract" + 0.005*"browser" + 0.004*"brooke" + 0.003*"fee" + 0.003*"exist" + 0.003*"s2x" + 0.003*"brave" + 0.002*"omg" + 0.002*"mobile" + 0.002*"casino" + 0.002*"youtubers" + 0.002*"thing" + 0.002*"funfair" + 0.002*"gold" + 0.002*"credit" + 0.002*"certain" + 0.002*"software" + 0.002*"stupid"
2018-08-28 07:22:46,919 : INFO : topic #13 (0.025): 0.008*"wabi" + 0.006*"get" + 0.005*"crypto" + 0.004*"like" + 0.003*"already" + 0.003*"post" + 0.003*"buy" + 0.003*"product" + 0.003*"want" + 0.003*"sell" + 0.003*"usd" + 0.003*"shit" + 0.003*"use" + 0.003*"he" + 0.002*"also" + 0.002*"got" + 0.002*"merchant" + 0.002*"10" + 0.002*"ico" + 0.002*"user"
2018-08-28 07:22:46,925 : INFO : topic #32 (0.025): 0.007*"decred" + 0.003*"obsidian" + 0.003*"governance" + 0.002*"tezos" + 0.002*"odn" + 0.002*"stakeholder" + 0.002*"progress" + 0.002*"lawsuit" + 0.002*"horrible" + 0.001*"masternodes" + 0.001*"vote" + 0.001*"obsidianxxl" + 0.001*"stratis" + 0.001*"voting" + 0.001*"ultimately" + 0.001*"stalker" + 0.001*"decentralizing" + 0.001*"sadness" + 0.001*"bordering" + 0.001*"messenger"
2018-08-28 07:22:46,928 : INFO : topic #5 (0.025): 0.012*"ark" + 0.011*"neo" + 0.010*"buy" + 0.009*"get" + 0.009*"im" + 0.008*"going" + 0.007*"like" + 0.006*"go" + 0.005*"sell" + 0.005*"news" + 0.005*"time" + 0.005*"make" + 0.005*"day" + 0.005*"back" + 0.005*"fucking" + 0.004*"good" + 0.004*"right" + 0.004*"one" + 0.004*"moon" + 0.004*"got"
2018-08-28 07:22:46,930 : INFO : topic #28 (0.025): 0.022*"tether" + 0.014*"btc" + 0.009*"bitfinex" + 0.007*"people" + 0.007*"usd" + 0.007*"money" + 0.007*"exchange" + 0.006*"get" + 0.006*"bitcoin" + 0.006*"price" + 0.006*"usdt" + 0.006*"market" + 0.006*"fucking" + 0.005*"crypto" + 0.005*"like" + 0.005*"would" + 0.005*"one" + 0.005*"go" + 0.004*"even" + 0.004*"dollar"
2018-08-28 07:22:46,931 : INFO : topic #27 (0.025): 0.008*"posw" + 0.005*"publica" + 0.005*"etp" + 0.004*"cmc" + 0.003*"team" + 0.003*"ceo" + 0.002*"book" + 0.002*"pbl" + 0.002*"cryptopia" + 0.002*"anonymous" + 0.002*"josef" + 0.002*"exchange" + 0.002*"telegram" + 0.002*"diamond" + 0.002*"schedule" + 0.001*"scandiweb" + 0.001*"publishing" + 0.001*"explorer" + 0.001*"shuttle" + 0.001*"according"
2018-08-28 07:22:46,932 : INFO : topic #17 (0.025): 0.002*"petahash" + 0.001*"monetary" + 0.001*"hkd" + 0.001*"hkma" + 0.001*"hong" + 0.001*"78" + 0.001*"stall" + 0.001*"bitcoincom" + 0.001*"kong" + 0.001*"parasiting" + 0.001*"29k" + 0.001*"surged" + 0.001*"xbc" + 0.001*"roulette" + 0.001*"proud" + 0.000*"supporting" + 0.000*"throttling" + 0.000*"noshort" + 0.000*"pennieslies" + 0.000*"nonamecoin"
2018-08-28 07:22:46,933 : INFO : topic #1 (0.025): 0.004*"crypto" + 0.003*"trading" + 0.003*"loan" + 0.002*"opiate" + 0.002*"student" + 0.002*"brazilian" + 0.002*"acid" + 0.002*"china" + 0.002*"saving" + 0.002*"net" + 0.002*"school" + 0.002*"elephant" + 0.002*"inchain" + 0.002*"alliance" + 0.002*"belt" + 0.001*"weed" + 0.001*"stock" + 0.001*"desk" + 0.001*"english" + 0.001*"nuls"
2018-08-28 07:22:46,934 : INFO : topic #31 (0.025): 0.021*"link" + 0.010*"coin" + 0.008*"token" + 0.008*"like" + 0.006*"eth" + 0.006*"would" + 0.006*"buy" + 0.006*"even" + 0.006*"get" + 0.006*"project" + 0.006*"make" + 0.005*"one" + 0.005*"price" + 0.005*"fucking" + 0.005*"know" + 0.005*"go" + 0.005*"people" + 0.005*"im" + 0.005*"market" + 0.004*"shit"
2018-08-28 07:22:46,935 : INFO : topic #12 (0.025): 0.015*"bitbay" + 0.008*"marketplace" + 0.005*"jew" + 0.005*"syscoin" + 0.004*"private" + 0.004*"decentralized" + 0.003*"polish" + 0.003*"public" + 0.002*"message" + 0.002*"turd" + 0.002*"story" + 0.002*"jewish" + 0.002*"2010" + 0.002*"peg" + 0.002*"related" + 0.002*"anonymous" + 0.001*"pyramid" + 0.001*"christian" + 0.001*"pic" + 0.001*"bitbays"
2018-08-28 07:22:46,936 : INFO : topic #39 (0.025): 0.014*"btc" + 0.008*"going" + 0.008*"buy" + 0.008*"like" + 0.007*"get" + 0.007*"bitcoin" + 0.007*"im" + 0.006*"coin" + 0.006*"go" + 0.006*"money" + 0.006*"time" + 0.006*"fucking" + 0.006*"bch" + 0.006*"people" + 0.005*"think" + 0.005*"sell" + 0.005*"shit" + 0.005*"back" + 0.005*"make" + 0.005*"it"
2018-08-28 07:22:46,938 : INFO : topic #8 (0.025): 0.011*"get" + 0.010*"like" + 0.008*"im" + 0.007*"people" + 0.007*"make" + 0.007*"money" + 0.006*"fucking" + 0.006*"would" + 0.006*"want" + 0.005*"year" + 0.005*"it" + 0.005*"fuck" + 0.005*"shit" + 0.005*"one" + 0.005*"good" + 0.005*"life" + 0.005*"know" + 0.005*"work" + 0.004*"even" + 0.004*"think"
2018-08-28 07:22:46,939 : INFO : topic #22 (0.025): 0.005*"eat" + 0.004*"egg" + 0.003*"fat" + 0.002*"eating" + 0.002*"paypal" + 0.002*"letter" + 0.002*"day" + 0.002*"calorie" + 0.002*"tuna" + 0.002*"ebay" + 0.002*"30" + 0.002*"whole" + 0.002*"microwave" + 0.002*"whore" + 0.002*"02" + 0.002*"12" + 0.002*"jam" + 0.002*"metabolism" + 0.002*"fish" + 0.002*"credit"
2018-08-28 07:22:46,940 : INFO : topic #18 (0.025): 0.014*"rcn" + 0.009*"credit" + 0.008*"salt" + 0.007*"token" + 0.007*"loan" + 0.007*"car" + 0.005*"market" + 0.004*"sticker" + 0.004*"value" + 0.004*"omisego" + 0.004*"one" + 0.004*"billion" + 0.004*"ripio" + 0.004*"money" + 0.004*"company" + 0.004*"coin" + 0.004*"amazon" + 0.004*"even" + 0.004*"50" + 0.004*"investor"
2018-08-28 07:22:46,941 : INFO : topic #11 (0.025): 0.000*"tbreak" + 0.000*"rentbillscold" + 0.000*"herb" + 0.000*"meteorologist" + 0.000*"waterno" + 0.000*"veldewhen" + 0.000*"daylight" + 0.000*"tetherscam" + 0.000*"stolenwell" + 0.000*"soonlmfaothey" + 0.000*"instamine" + 0.000*"lm" + 0.000*"anondo" + 0.000*"camping" + 0.000*"6x" + 0.000*"btc" + 0.000*"get" + 0.000*"like" + 0.000*"bch" + 0.000*"go"
2018-08-28 07:22:46,942 : INFO : topic #35 (0.025): 0.093*"die" + 0.043*"iota" + 0.006*"music" + 0.005*"giota" + 0.005*"jew" + 0.004*"tangle" + 0.003*"reclaim" + 0.003*"top" + 0.003*"nigger" + 0.002*"popular" + 0.002*"black" + 0.002*"coordinator" + 0.002*"miota" + 0.002*"tool" + 0.002*"refugee" + 0.002*"foundation" + 0.002*"iot" + 0.002*"romania" + 0.002*"took" + 0.002*"rapper"
2018-08-28 07:22:46,943 : INFO : topic #34 (0.025): 0.011*"buy" + 0.011*"coin" + 0.010*"powr" + 0.009*"im" + 0.007*"like" + 0.007*"going" + 0.006*"fucking" + 0.006*"get" + 0.006*"shit" + 0.005*"fuck" + 0.005*"go" + 0.005*"sell" + 0.005*"one" + 0.004*"bought" + 0.004*"already" + 0.004*"look" + 0.004*"know" + 0.004*"people" + 0.004*"pump" + 0.004*"good"
2018-08-28 07:22:46,944 : INFO : topic #15 (0.025): 0.132*"sage" + 0.003*"trading" + 0.002*"as" + 0.002*"got" + 0.002*"eth" + 0.002*"girl" + 0.002*"sub" + 0.002*"trade" + 0.002*"stoploss" + 0.002*"wife" + 0.001*"game" + 0.001*"face" + 0.001*"nude" + 0.001*"approach" + 0.001*"hot" + 0.001*"showing" + 0.001*"personality" + 0.001*"dick" + 0.001*"philosophical" + 0.001*"butt"
2018-08-28 07:22:46,945 : INFO : topic #30 (0.025): 0.010*"money" + 0.008*"im" + 0.007*"get" + 0.007*"trade" + 0.006*"like" + 0.006*"make" + 0.005*"ark" + 0.005*"day" + 0.005*"made" + 0.005*"good" + 0.005*"trading" + 0.004*"want" + 0.004*"time" + 0.004*"know" + 0.004*"group" + 0.004*"go" + 0.004*"coin" + 0.004*"one" + 0.004*"going" + 0.004*"people"
2018-08-28 07:22:46,947 : INFO : topic #21 (0.025): 0.004*"cia" + 0.004*"king" + 0.003*"bithumb" + 0.001*"highway" + 0.001*"bar" + 0.001*"disaster" + 0.001*"leveraged" + 0.001*"determined" + 0.001*"jammed" + 0.001*"bitcoinplus" + 0.001*"subhuman" + 0.001*"ti" + 0.001*"fixing" + 0.001*"underground" + 0.001*"gavin" + 0.001*"circle" + 0.001*"preemptive" + 0.001*"bounded" + 0.001*"31m" + 0.001*"timespan"
2018-08-28 07:22:46,969 : INFO : using symmetric alpha at 0.025
2018-08-28 07:22:46,970 : INFO : using symmetric eta at 0.025
2018-08-28 07:22:46,984 : INFO : using serial LDA version on this node
2018-08-28 07:22:47,545 : INFO : running online (multi-pass) LDA training, 40 topics, 100 passes over the supplied corpus of 2653 documents, updating model once every 2653 documents, evaluating perplexity every 2653 documents, iterating 50x with a convergence threshold of 0.001000
2018-08-28 07:22:55,748 : INFO : -18.102 per-word bound, 281317.5 perplexity estimate based on a held-out corpus of 2653 documents with 1868102 words
2018-08-28 07:22:55,748 : INFO : PROGRESS: pass 0, at document #2653/2653
2018-08-28 07:23:00,395 : INFO : topic #9 (0.025): 0.006*"link" + 0.006*"get" + 0.005*"like" + 0.005*"im" + 0.005*"one" + 0.005*"people" + 0.004*"go" + 0.004*"know" + 0.004*"coin" + 0.004*"money"
2018-08-28 07:23:00,396 : INFO : topic #5 (0.025): 0.008*"like" + 0.008*"btc" + 0.008*"im" + 0.007*"get" + 0.005*"would" + 0.005*"one" + 0.005*"make" + 0.005*"money" + 0.005*"go" + 0.005*"coin"
2018-08-28 07:23:00,398 : INFO : topic #21 (0.025): 0.010*"like" + 0.009*"get" + 0.008*"make" + 0.007*"im" + 0.006*"people" + 0.005*"going" + 0.005*"money" + 0.005*"fucking" + 0.005*"coin" + 0.004*"know"
2018-08-28 07:23:00,399 : INFO : topic #6 (0.025): 0.014*"btc" + 0.009*"get" + 0.007*"bch" + 0.006*"go" + 0.006*"money" + 0.006*"bitcoin" + 0.006*"coin" + 0.005*"going" + 0.005*"time" + 0.005*"like"
2018-08-28 07:23:00,401 : INFO : topic #32 (0.025): 0.008*"get" + 0.007*"like" + 0.006*"people" + 0.006*"would" + 0.005*"btc" + 0.005*"im" + 0.005*"go" + 0.005*"coin" + 0.005*"buy" + 0.005*"make"
2018-08-28 07:23:00,404 : INFO : topic diff=20.218857, rho=1.000000
2018-08-28 07:23:09,283 : INFO : -9.836 per-word bound, 914.1 perplexity estimate based on a held-out corpus of 2653 documents with 1868102 words
2018-08-28 07:23:09,285 : INFO : PROGRESS: pass 1, at document #2653/2653
2018-08-28 07:23:14,337 : INFO : topic #36 (0.025): 0.007*"get" + 0.006*"im" + 0.006*"like" + 0.004*"shit" + 0.004*"one" + 0.004*"bitcoin" + 0.004*"go" + 0.004*"fucking" + 0.004*"people" + 0.004*"fuck"
2018-08-28 07:23:14,339 : INFO : topic #12 (0.025): 0.009*"like" + 0.006*"btc" + 0.006*"fucking" + 0.005*"coin" + 0.005*"going" + 0.005*"buy" + 0.005*"neo" + 0.005*"get" + 0.005*"time" + 0.005*"shit"
2018-08-28 07:23:14,340 : INFO : topic #20 (0.025): 0.009*"btc" + 0.007*"like" + 0.006*"get" + 0.006*"im" + 0.005*"fucking" + 0.005*"link" + 0.005*"people" + 0.005*"bitcoin" + 0.005*"money" + 0.005*"coin"
2018-08-28 07:23:14,342 : INFO : topic #15 (0.025): 0.008*"like" + 0.007*"btc" + 0.006*"it" + 0.006*"buy" + 0.006*"go" + 0.005*"get" + 0.005*"coin" + 0.005*"people" + 0.005*"year" + 0.005*"know"
2018-08-28 07:23:14,343 : INFO : topic #28 (0.025): 0.044*"chancoin" + 0.007*"like" + 0.006*"4chn" + 0.006*"coin" + 0.005*"im" + 0.005*"get" + 0.005*"going" + 0.004*"buy" + 0.004*"make" + 0.004*"one"
2018-08-28 07:23:14,347 : INFO : topic diff=5.104236, rho=0.577350
2018-08-28 07:23:23,410 : INFO : -9.075 per-word bound, 539.2 perplexity estimate based on a held-out corpus of 2653 documents with 1868102 words
2018-08-28 07:23:23,412 : INFO : PROGRESS: pass 2, at document #2653/2653
2018-08-28 07:23:28,501 : INFO : topic #25 (0.025): 0.003*"get" + 0.003*"money" + 0.002*"one" + 0.002*"like" + 0.002*"buy" + 0.002*"would" + 0.002*"shit" + 0.002*"it" + 0.002*"go" + 0.002*"time"
2018-08-28 07:23:28,503 : INFO : topic #30 (0.025): 0.022*"bch" + 0.021*"btc" + 0.017*"bitcoin" + 0.007*"get" + 0.007*"going" + 0.006*"like" + 0.005*"buy" + 0.005*"people" + 0.005*"fucking" + 0.005*"cash"
2018-08-28 07:23:28,504 : INFO : topic #33 (0.025): 0.011*"get" + 0.010*"like" + 0.008*"im" + 0.007*"money" + 0.006*"make" + 0.006*"want" + 0.005*"fucking" + 0.005*"fuck" + 0.005*"one" + 0.005*"it"
2018-08-28 07:23:28,506 : INFO : topic #23 (0.025): 0.006*"get" + 0.006*"bitcoin" + 0.006*"going" + 0.005*"btc" + 0.005*"it" + 0.005*"one" + 0.005*"like" + 0.004*"coin" + 0.004*"buy" + 0.004*"know"
2018-08-28 07:23:28,507 : INFO : topic #29 (0.025): 0.007*"tell" + 0.007*"please" + 0.007*"god" + 0.006*"oh" + 0.005*"like" + 0.005*"im" + 0.004*"get" + 0.004*"money" + 0.003*"buy" + 0.003*"go"
2018-08-28 07:23:28,510 : INFO : topic diff=3.482264, rho=0.500000
2018-08-28 07:23:37,649 : INFO : -8.819 per-word bound, 451.7 perplexity estimate based on a held-out corpus of 2653 documents with 1868102 words
2018-08-28 07:23:37,650 : INFO : PROGRESS: pass 3, at document #2653/2653
2018-08-28 07:23:42,934 : INFO : topic #5 (0.025): 0.008*"get" + 0.008*"im" + 0.007*"like" + 0.007*"year" + 0.006*"money" + 0.005*"would" + 0.005*"time" + 0.005*"btc" + 0.005*"make" + 0.005*"job"
2018-08-28 07:23:42,936 : INFO : topic #38 (0.025): 0.004*"chancoin" + 0.003*"like" + 0.003*"money" + 0.003*"make" + 0.003*"get" + 0.003*"go" + 0.002*"im" + 0.002*"would" + 0.002*"think" + 0.002*"people"
2018-08-28 07:23:42,937 : INFO : topic #23 (0.025): 0.006*"get" + 0.005*"going" + 0.005*"bitcoin" + 0.005*"it" + 0.005*"like" + 0.005*"one" + 0.004*"btc" + 0.004*"coin" + 0.004*"know" + 0.004*"make"
2018-08-28 07:23:42,939 : INFO : topic #16 (0.025): 0.024*"sage" + 0.009*"link" + 0.006*"ark" + 0.006*"get" + 0.005*"like" + 0.005*"even" + 0.004*"crypto" + 0.004*"im" + 0.004*"tax" + 0.004*"money"
2018-08-28 07:23:42,940 : INFO : topic #37 (0.025): 0.007*"get" + 0.007*"like" + 0.007*"coin" + 0.006*"buy" + 0.006*"im" + 0.006*"btc" + 0.006*"link" + 0.005*"would" + 0.005*"fucking" + 0.005*"people"
2018-08-28 07:23:42,944 : INFO : topic diff=2.353577, rho=0.447214
2018-08-28 07:23:52,195 : INFO : -8.689 per-word bound, 412.8 perplexity estimate based on a held-out corpus of 2653 documents with 1868102 words
2018-08-28 07:23:52,196 : INFO : PROGRESS: pass 4, at document #2653/2653
2018-08-28 07:23:57,721 : INFO : topic #24 (0.025): 0.010*"buy" + 0.007*"im" + 0.007*"coin" + 0.007*"fucking" + 0.007*"get" + 0.006*"go" + 0.006*"like" + 0.006*"going" + 0.005*"shit" + 0.005*"make"
2018-08-28 07:23:57,722 : INFO : topic #13 (0.025): 0.007*"get" + 0.006*"buy" + 0.005*"wabi" + 0.005*"like" + 0.005*"product" + 0.004*"year" + 0.004*"work" + 0.004*"im" + 0.004*"coin" + 0.004*"token"
2018-08-28 07:23:57,724 : INFO : topic #16 (0.025): 0.030*"sage" + 0.009*"link" + 0.007*"ark" + 0.005*"get" + 0.005*"even" + 0.004*"crypto" + 0.004*"like" + 0.004*"im" + 0.003*"tax" + 0.003*"pay"
2018-08-28 07:23:57,726 : INFO : topic #8 (0.025): 0.009*"like" + 0.008*"coin" + 0.007*"cos" + 0.007*"buy" + 0.007*"btc" + 0.007*"exchange" + 0.006*"get" + 0.005*"im" + 0.005*"one" + 0.005*"shit"
2018-08-28 07:23:57,727 : INFO : topic #39 (0.025): 0.009*"rcn" + 0.006*"like" + 0.005*"credit" + 0.005*"buy" + 0.005*"get" + 0.005*"im" + 0.004*"token" + 0.004*"money" + 0.004*"coin" + 0.004*"going"
2018-08-28 07:23:57,731 : INFO : topic diff=1.598369, rho=0.408248
2018-08-28 07:24:07,249 : INFO : -8.614 per-word bound, 391.8 perplexity estimate based on a held-out corpus of 2653 documents with 1868102 words
2018-08-28 07:24:07,250 : INFO : PROGRESS: pass 5, at document #2653/2653
2018-08-28 07:24:12,973 : INFO : topic #2 (0.025): 0.004*"bitcoin" + 0.004*"im" + 0.004*"like" + 0.004*"coin" + 0.003*"bch" + 0.003*"btc" + 0.003*"money" + 0.003*"fuck" + 0.003*"buy" + 0.003*"get"
2018-08-28 07:24:12,975 : INFO : topic #9 (0.025): 0.026*"roll" + 0.016*"op" + 0.011*"dub" + 0.011*"get" + 0.011*"rolling" + 0.008*"trip" + 0.006*"rollin" + 0.006*"please" + 0.006*"thread" + 0.006*"im"
2018-08-28 07:24:12,976 : INFO : topic #28 (0.025): 0.127*"chancoin" + 0.013*"4chn" + 0.009*"coin" + 0.005*"discord" + 0.004*"get" + 0.004*"tipping" + 0.003*"chan" + 0.003*"need" + 0.003*"like" + 0.003*"post"
2018-08-28 07:24:12,977 : INFO : topic #31 (0.025): 0.009*"card" + 0.005*"get" + 0.005*"like" + 0.004*"monaco" + 0.003*"visa" + 0.003*"mco" + 0.003*"im" + 0.003*"tenx" + 0.002*"want" + 0.002*"help"
2018-08-28 07:24:12,978 : INFO : topic #39 (0.025): 0.011*"rcn" + 0.006*"credit" + 0.006*"like" + 0.005*"token" + 0.005*"buy" + 0.005*"im" + 0.005*"get" + 0.004*"coin" + 0.004*"market" + 0.004*"money"
2018-08-28 07:24:12,982 : INFO : topic diff=1.102828, rho=0.377964
2018-08-28 07:24:22,737 : INFO : -8.566 per-word bound, 379.0 perplexity estimate based on a held-out corpus of 2653 documents with 1868102 words
2018-08-28 07:24:22,739 : INFO : PROGRESS: pass 6, at document #2653/2653
2018-08-28 07:24:28,729 : INFO : topic #30 (0.025): 0.025*"btc" + 0.024*"bch" + 0.020*"bitcoin" + 0.007*"going" + 0.006*"people" + 0.006*"get" + 0.006*"like" + 0.006*"cash" + 0.006*"transaction" + 0.005*"miner"
2018-08-28 07:24:28,730 : INFO : topic #34 (0.025): 0.016*"link" + 0.014*"contract" + 0.012*"token" + 0.012*"smart" + 0.010*"chainlink" + 0.010*"data" + 0.008*"oracle" + 0.008*"network" + 0.008*"use" + 0.008*"node"
2018-08-28 07:24:28,732 : INFO : topic #7 (0.025): 0.006*"like" + 0.005*"get" + 0.005*"one" + 0.005*"money" + 0.005*"im" + 0.005*"would" + 0.004*"even" + 0.004*"coin" + 0.004*"people" + 0.004*"really"
2018-08-28 07:24:28,734 : INFO : topic #19 (0.025): 0.006*"like" + 0.004*"get" + 0.004*"crypto" + 0.004*"im" + 0.004*"know" + 0.004*"one" + 0.003*"make" + 0.003*"see" + 0.003*"coin" + 0.003*"money"
2018-08-28 07:24:28,735 : INFO : topic #33 (0.025): 0.012*"get" + 0.010*"like" + 0.009*"money" + 0.008*"im" + 0.007*"want" + 0.007*"make" + 0.006*"fuck" + 0.006*"fucking" + 0.005*"one" + 0.005*"people"
2018-08-28 07:24:28,739 : INFO : topic diff=0.776157, rho=0.353553
2018-08-28 07:24:38,731 : INFO : -8.534 per-word bound, 370.5 perplexity estimate based on a held-out corpus of 2653 documents with 1868102 words
2018-08-28 07:24:38,731 : INFO : PROGRESS: pass 7, at document #2653/2653
2018-08-28 07:24:44,975 : INFO : topic #15 (0.025): 0.007*"like" + 0.005*"year" + 0.005*"crypto" + 0.005*"people" + 0.005*"tether" + 0.005*"it" + 0.005*"go" + 0.005*"get" + 0.005*"know" + 0.004*"neo"
2018-08-28 07:24:44,977 : INFO : topic #39 (0.025): 0.013*"rcn" + 0.008*"credit" + 0.006*"token" + 0.005*"market" + 0.005*"like" + 0.005*"coin" + 0.004*"im" + 0.004*"buy" + 0.004*"loan" + 0.004*"going"
2018-08-28 07:24:44,978 : INFO : topic #32 (0.025): 0.011*"tax" + 0.008*"like" + 0.007*"get" + 0.007*"crypto" + 0.006*"im" + 0.006*"gain" + 0.006*"would" + 0.006*"pay" + 0.005*"year" + 0.005*"coin"
2018-08-28 07:24:44,979 : INFO : topic #36 (0.025): 0.005*"english" + 0.004*"car" + 0.004*"like" + 0.003*"fucking" + 0.003*"french" + 0.003*"a" + 0.003*"get" + 0.002*"complement" + 0.002*"im" + 0.002*"better"
2018-08-28 07:24:44,981 : INFO : topic #8 (0.025): 0.009*"cos" + 0.009*"coin" + 0.008*"like" + 0.008*"exchange" + 0.007*"buy" + 0.006*"get" + 0.006*"btc" + 0.005*"im" + 0.005*"one" + 0.004*"shit"
2018-08-28 07:24:44,985 : INFO : topic diff=0.557452, rho=0.333333
2018-08-28 07:24:55,228 : INFO : -8.510 per-word bound, 364.6 perplexity estimate based on a held-out corpus of 2653 documents with 1868102 words
2018-08-28 07:24:55,228 : INFO : PROGRESS: pass 8, at document #2653/2653
2018-08-28 07:25:01,909 : INFO : topic #9 (0.025): 0.028*"roll" + 0.022*"op" + 0.013*"dub" + 0.013*"get" + 0.012*"rolling" + 0.010*"trip" + 0.008*"thread" + 0.008*"please" + 0.008*"thanks" + 0.008*"anon"
2018-08-28 07:25:01,910 : INFO : topic #16 (0.025): 0.045*"sage" + 0.009*"ark" + 0.007*"link" + 0.004*"crypto" + 0.004*"even" + 0.004*"get" + 0.004*"im" + 0.003*"like" + 0.003*"pay" + 0.003*"got"
2018-08-28 07:25:01,912 : INFO : topic #24 (0.025): 0.010*"buy" + 0.008*"coin" + 0.008*"im" + 0.007*"fucking" + 0.007*"get" + 0.007*"go" + 0.006*"like" + 0.006*"going" + 0.006*"shit" + 0.005*"make"
2018-08-28 07:25:01,913 : INFO : topic #15 (0.025): 0.006*"like" + 0.006*"year" + 0.005*"crypto" + 0.005*"people" + 0.005*"it" + 0.005*"go" + 0.004*"know" + 0.004*"get" + 0.004*"tether" + 0.004*"time"
2018-08-28 07:25:01,914 : INFO : topic #25 (0.025): 0.001*"dickload" + 0.001*"smartcontractcoms" + 0.000*"finishd" + 0.000*"gangsta" + 0.000*"boyos11big" + 0.000*"4516967youre" + 0.000*"drunker" + 0.000*"binancelink" + 0.000*"overnighteither" + 0.000*"015too"
2018-08-28 07:25:01,918 : INFO : topic diff=0.408333, rho=0.316228
2018-08-28 07:25:12,660 : INFO : -8.493 per-word bound, 360.2 perplexity estimate based on a held-out corpus of 2653 documents with 1868102 words
2018-08-28 07:25:12,661 : INFO : PROGRESS: pass 9, at document #2653/2653
2018-08-28 07:25:19,528 : INFO : topic #25 (0.025): 0.001*"dickload" + 0.001*"smartcontractcoms" + 0.000*"finishd" + 0.000*"gangsta" + 0.000*"boyos11big" + 0.000*"4516967youre" + 0.000*"drunker" + 0.000*"binancelink" + 0.000*"overnighteither" + 0.000*"015too"
2018-08-28 07:25:19,530 : INFO : topic #35 (0.025): 0.008*"tether" + 0.002*"cap" + 0.002*"market" + 0.002*"usdt" + 0.002*"price" + 0.002*"exchange" + 0.002*"supply" + 0.002*"usd" + 0.002*"increase" + 0.001*"people"
2018-08-28 07:25:19,531 : INFO : topic #28 (0.025): 0.147*"chancoin" + 0.015*"4chn" + 0.010*"coin" + 0.006*"discord" + 0.004*"tipping" + 0.004*"chan" + 0.004*"get" + 0.003*"need" + 0.003*"post" + 0.003*"feature"
2018-08-28 07:25:19,532 : INFO : topic #32 (0.025): 0.012*"tax" + 0.008*"crypto" + 0.008*"like" + 0.007*"get" + 0.006*"pay" + 0.006*"gain" + 0.006*"would" + 0.006*"year" + 0.006*"im" + 0.006*"money"
2018-08-28 07:25:19,534 : INFO : topic #23 (0.025): 0.006*"application" + 0.005*"token" + 0.005*"platform" + 0.004*"going" + 0.004*"make" + 0.003*"one" + 0.003*"see" + 0.003*"credit" + 0.003*"like" + 0.003*"idea"
2018-08-28 07:25:19,538 : INFO : topic diff=0.304726, rho=0.301511
2018-08-28 07:25:30,433 : INFO : -8.479 per-word bound, 356.8 perplexity estimate based on a held-out corpus of 2653 documents with 1868102 words
2018-08-28 07:25:30,433 : INFO : PROGRESS: pass 10, at document #2653/2653
2018-08-28 07:25:37,685 : INFO : topic #28 (0.025): 0.150*"chancoin" + 0.015*"4chn" + 0.010*"coin" + 0.006*"discord" + 0.004*"tipping" + 0.004*"chan" + 0.004*"get" + 0.003*"need" + 0.003*"post" + 0.003*"feature"
2018-08-28 07:25:37,687 : INFO : topic #16 (0.025): 0.051*"sage" + 0.009*"ark" + 0.006*"link" + 0.004*"crypto" + 0.004*"even" + 0.003*"im" + 0.003*"get" + 0.003*"got" + 0.003*"like" + 0.003*"pay"
2018-08-28 07:25:37,689 : INFO : topic #36 (0.025): 0.006*"english" + 0.004*"car" + 0.003*"french" + 0.003*"a" + 0.003*"like" + 0.003*"complement" + 0.003*"postcard" + 0.003*"in" + 0.003*"friend" + 0.002*"fucking"
2018-08-28 07:25:37,690 : INFO : topic #25 (0.025): 0.001*"dickload" + 0.001*"smartcontractcoms" + 0.000*"finishd" + 0.000*"gangsta" + 0.000*"boyos11big" + 0.000*"4516967youre" + 0.000*"drunker" + 0.000*"binancelink" + 0.000*"overnighteither" + 0.000*"015too"
2018-08-28 07:25:37,691 : INFO : topic #39 (0.025): 0.015*"rcn" + 0.010*"credit" + 0.007*"token" + 0.006*"market" + 0.005*"loan" + 0.005*"coin" + 0.005*"ripio" + 0.004*"like" + 0.004*"im" + 0.004*"going"
2018-08-28 07:25:37,695 : INFO : topic diff=0.231567, rho=0.288675
2018-08-28 07:25:48,812 : INFO : -8.468 per-word bound, 354.1 perplexity estimate based on a held-out corpus of 2653 documents with 1868102 words
2018-08-28 07:25:48,812 : INFO : PROGRESS: pass 11, at document #2653/2653
2018-08-28 07:25:56,280 : INFO : topic #18 (0.025): 0.009*"ark" + 0.008*"like" + 0.007*"get" + 0.007*"im" + 0.006*"btc" + 0.005*"one" + 0.005*"would" + 0.005*"make" + 0.005*"fucking" + 0.005*"money"
2018-08-28 07:25:56,281 : INFO : topic #10 (0.025): 0.010*"link" + 0.010*"neo" + 0.009*"buy" + 0.009*"like" + 0.007*"coin" + 0.007*"get" + 0.006*"going" + 0.006*"im" + 0.005*"one" + 0.005*"make"
2018-08-28 07:25:56,283 : INFO : topic #28 (0.025): 0.152*"chancoin" + 0.015*"4chn" + 0.010*"coin" + 0.006*"discord" + 0.004*"tipping" + 0.004*"chan" + 0.004*"get" + 0.004*"post" + 0.003*"need" + 0.003*"feature"
2018-08-28 07:25:56,284 : INFO : topic #7 (0.025): 0.005*"like" + 0.005*"one" + 0.005*"would" + 0.005*"get" + 0.005*"money" + 0.004*"im" + 0.004*"bat" + 0.004*"really" + 0.004*"even" + 0.003*"coin"
2018-08-28 07:25:56,286 : INFO : topic #22 (0.025): 0.026*"iota" + 0.005*"people" + 0.005*"like" + 0.005*"coin" + 0.004*"transaction" + 0.004*"one" + 0.003*"make" + 0.003*"get" + 0.003*"shit" + 0.003*"time"
2018-08-28 07:25:56,290 : INFO : topic diff=0.179142, rho=0.277350
2018-08-28 07:26:07,926 : INFO : -8.459 per-word bound, 351.9 perplexity estimate based on a held-out corpus of 2653 documents with 1868102 words
2018-08-28 07:26:07,927 : INFO : PROGRESS: pass 12, at document #2653/2653
2018-08-28 07:26:15,723 : INFO : topic #15 (0.025): 0.006*"year" + 0.006*"like" + 0.006*"crypto" + 0.004*"people" + 0.004*"go" + 0.004*"know" + 0.004*"it" + 0.004*"get" + 0.004*"time" + 0.003*"good"
2018-08-28 07:26:15,725 : INFO : topic #21 (0.025): 0.010*"like" + 0.010*"people" + 0.008*"get" + 0.006*"make" + 0.006*"im" + 0.005*"work" + 0.005*"know" + 0.004*"good" + 0.004*"fucking" + 0.004*"shit"
2018-08-28 07:26:15,726 : INFO : topic #9 (0.025): 0.029*"roll" + 0.025*"op" + 0.014*"dub" + 0.013*"get" + 0.012*"rolling" + 0.010*"trip" + 0.009*"thanks" + 0.009*"thread" + 0.009*"anon" + 0.009*"please"
2018-08-28 07:26:15,728 : INFO : topic #17 (0.025): 0.007*"would" + 0.006*"money" + 0.006*"get" + 0.005*"people" + 0.005*"like" + 0.004*"make" + 0.004*"one" + 0.004*"shit" + 0.003*"fucking" + 0.003*"guy"
2018-08-28 07:26:15,729 : INFO : topic #27 (0.025): 0.014*"tether" + 0.011*"btc" + 0.010*"buy" + 0.009*"get" + 0.009*"like" + 0.009*"sell" + 0.008*"going" + 0.007*"back" + 0.007*"go" + 0.007*"im"
2018-08-28 07:26:15,733 : INFO : topic diff=0.141088, rho=0.267261
2018-08-28 07:26:27,560 : INFO : -8.451 per-word bound, 350.0 perplexity estimate based on a held-out corpus of 2653 documents with 1868102 words
2018-08-28 07:26:27,560 : INFO : PROGRESS: pass 13, at document #2653/2653
2018-08-28 07:26:35,609 : INFO : topic #31 (0.025): 0.019*"card" + 0.007*"monaco" + 0.006*"visa" + 0.006*"mco" + 0.005*"tenx" + 0.003*"vega" + 0.003*"tokencard" + 0.003*"que" + 0.003*"mining" + 0.003*"get"
2018-08-28 07:26:35,610 : INFO : topic #5 (0.025): 0.011*"job" + 0.010*"year" + 0.009*"get" + 0.008*"im" + 0.006*"money" + 0.006*"like" + 0.006*"time" + 0.005*"school" + 0.005*"make" + 0.005*"crypto"
2018-08-28 07:26:35,611 : INFO : topic #15 (0.025): 0.006*"year" + 0.006*"like" + 0.006*"crypto" + 0.004*"people" + 0.004*"go" + 0.004*"know" + 0.004*"it" + 0.004*"time" + 0.004*"get" + 0.003*"good"
2018-08-28 07:26:35,612 : INFO : topic #29 (0.025): 0.016*"god" + 0.016*"tell" + 0.016*"please" + 0.016*"oh" + 0.005*"asch" + 0.002*"application" + 0.002*"ben" + 0.001*"liquidation" + 0.001*"100" + 0.001*"platform"
2018-08-28 07:26:35,614 : INFO : topic #23 (0.025): 0.007*"application" + 0.005*"platform" + 0.005*"token" + 0.004*"credit" + 0.004*"make" + 0.004*"going" + 0.004*"see" + 0.004*"idea" + 0.003*"product" + 0.003*"lead"
2018-08-28 07:26:35,618 : INFO : topic diff=0.113173, rho=0.258199
2018-08-28 07:26:47,685 : INFO : -8.445 per-word bound, 348.4 perplexity estimate based on a held-out corpus of 2653 documents with 1868102 words
2018-08-28 07:26:47,685 : INFO : PROGRESS: pass 14, at document #2653/2653
2018-08-28 07:26:56,008 : INFO : topic #19 (0.025): 0.004*"crypto" + 0.003*"like" + 0.003*"men" + 0.003*"woman" + 0.003*"gay" + 0.003*"already" + 0.003*"know" + 0.002*"computing" + 0.002*"see" + 0.002*"one"
2018-08-28 07:26:56,009 : INFO : topic #37 (0.025): 0.007*"get" + 0.007*"like" + 0.007*"coin" + 0.006*"im" + 0.006*"buy" + 0.006*"link" + 0.006*"would" + 0.005*"people" + 0.005*"fucking" + 0.005*"make"
2018-08-28 07:26:56,010 : INFO : topic #31 (0.025): 0.020*"card" + 0.007*"monaco" + 0.006*"visa" + 0.006*"mco" + 0.005*"tenx" + 0.003*"vega" + 0.003*"tokencard" + 0.003*"que" + 0.003*"mining" + 0.003*"rig"
2018-08-28 07:26:56,012 : INFO : topic #5 (0.025): 0.012*"job" + 0.010*"year" + 0.009*"get" + 0.008*"im" + 0.006*"money" + 0.006*"like" + 0.006*"time" + 0.005*"school" + 0.005*"make" + 0.005*"crypto"
2018-08-28 07:26:56,014 : INFO : topic #11 (0.025): 0.004*"egg" + 0.004*"tuna" + 0.003*"eat" + 0.002*"fbi" + 0.002*"fish" + 0.002*"eating" + 0.002*"microwave" + 0.002*"jam" + 0.002*"minute" + 0.002*"bos"
2018-08-28 07:26:56,018 : INFO : topic diff=0.092492, rho=0.250000
2018-08-28 07:27:08,331 : INFO : -8.439 per-word bound, 347.0 perplexity estimate based on a held-out corpus of 2653 documents with 1868102 words
2018-08-28 07:27:08,332 : INFO : PROGRESS: pass 15, at document #2653/2653
2018-08-28 07:27:16,927 : INFO : topic #8 (0.025): 0.012*"cos" + 0.010*"exchange" + 0.009*"coin" + 0.007*"like" + 0.007*"buy" + 0.006*"get" + 0.005*"btc" + 0.005*"im" + 0.005*"one" + 0.004*"shit"
2018-08-28 07:27:16,930 : INFO : topic #39 (0.025): 0.016*"rcn" + 0.012*"credit" + 0.007*"token" + 0.007*"loan" + 0.006*"market" + 0.005*"ripio" + 0.005*"coin" + 0.005*"lending" + 0.004*"billion" + 0.004*"lender"
2018-08-28 07:27:16,931 : INFO : topic #34 (0.025): 0.028*"link" + 0.015*"token" + 0.014*"contract" + 0.012*"chainlink" + 0.012*"smart" + 0.010*"node" + 0.009*"network" + 0.009*"data" + 0.009*"use" + 0.008*"blockchain"
2018-08-28 07:27:16,933 : INFO : topic #20 (0.025): 0.005*"fucking" + 0.005*"coin" + 0.005*"get" + 0.005*"fake" + 0.005*"even" + 0.005*"pbc" + 0.005*"one" + 0.005*"like" + 0.004*"link" + 0.004*"im"
2018-08-28 07:27:16,934 : INFO : topic #22 (0.025): 0.030*"iota" + 0.005*"people" + 0.005*"transaction" + 0.004*"like" + 0.004*"coin" + 0.003*"one" + 0.003*"make" + 0.003*"get" + 0.003*"shit" + 0.003*"giota"
2018-08-28 07:27:16,938 : INFO : topic diff=0.077015, rho=0.242536
2018-08-28 07:27:29,358 : INFO : -8.434 per-word bound, 345.8 perplexity estimate based on a held-out corpus of 2653 documents with 1868102 words
2018-08-28 07:27:29,359 : INFO : PROGRESS: pass 16, at document #2653/2653
2018-08-28 07:27:38,045 : INFO : topic #22 (0.025): 0.031*"iota" + 0.005*"people" + 0.005*"transaction" + 0.004*"like" + 0.004*"coin" + 0.003*"one" + 0.003*"make" + 0.003*"shit" + 0.003*"get" + 0.003*"giota"
2018-08-28 07:27:38,047 : INFO : topic #16 (0.025): 0.063*"sage" + 0.009*"ark" + 0.004*"link" + 0.003*"crypto" + 0.003*"got" + 0.003*"even" + 0.002*"property" + 0.002*"im" + 0.002*"estate" + 0.002*"thread"
2018-08-28 07:27:38,048 : INFO : topic #26 (0.025): 0.008*"like" + 0.006*"im" + 0.006*"get" + 0.006*"btc" + 0.006*"time" + 0.005*"people" + 0.005*"buy" + 0.004*"make" + 0.004*"one" + 0.004*"good"
2018-08-28 07:27:38,049 : INFO : topic #17 (0.025): 0.007*"would" + 0.006*"money" + 0.006*"get" + 0.004*"people" + 0.004*"like" + 0.004*"make" + 0.004*"one" + 0.004*"shit" + 0.003*"fucking" + 0.003*"guy"
2018-08-28 07:27:38,051 : INFO : topic #13 (0.025): 0.009*"wabi" + 0.007*"product" + 0.006*"get" + 0.005*"modum" + 0.005*"token" + 0.004*"ico" + 0.004*"buy" + 0.004*"work" + 0.004*"company" + 0.004*"use"
2018-08-28 07:27:38,055 : INFO : topic diff=0.065226, rho=0.235702
2018-08-28 07:27:50,655 : INFO : -8.429 per-word bound, 344.7 perplexity estimate based on a held-out corpus of 2653 documents with 1868102 words
2018-08-28 07:27:50,656 : INFO : PROGRESS: pass 17, at document #2653/2653
2018-08-28 07:27:59,833 : INFO : topic #17 (0.025): 0.007*"would" + 0.006*"money" + 0.006*"get" + 0.004*"people" + 0.004*"like" + 0.004*"make" + 0.004*"one" + 0.003*"shit" + 0.003*"guy" + 0.003*"fucking"
2018-08-28 07:27:59,836 : INFO : topic #29 (0.025): 0.017*"god" + 0.016*"tell" + 0.016*"please" + 0.016*"oh" + 0.006*"asch" + 0.002*"application" + 0.002*"ben" + 0.001*"liquidation" + 0.001*"unregulated" + 0.001*"buy"
2018-08-28 07:27:59,837 : INFO : topic #39 (0.025): 0.017*"rcn" + 0.013*"credit" + 0.007*"loan" + 0.007*"token" + 0.006*"market" + 0.005*"ripio" + 0.005*"coin" + 0.005*"lending" + 0.004*"lender" + 0.004*"billion"
2018-08-28 07:27:59,839 : INFO : topic #12 (0.025): 0.008*"neo" + 0.006*"fucking" + 0.005*"like" + 0.004*"bitbay" + 0.004*"shit" + 0.004*"going" + 0.004*"got" + 0.003*"coin" + 0.003*"1" + 0.003*"get"
2018-08-28 07:27:59,840 : INFO : topic #9 (0.025): 0.029*"roll" + 0.027*"op" + 0.015*"dub" + 0.014*"get" + 0.012*"rolling" + 0.010*"trip" + 0.010*"thread" + 0.010*"thanks" + 0.009*"anon" + 0.009*"please"
2018-08-28 07:27:59,844 : INFO : topic diff=0.056101, rho=0.229416
2018-08-28 07:28:12,578 : INFO : -8.425 per-word bound, 343.7 perplexity estimate based on a held-out corpus of 2653 documents with 1868102 words
2018-08-28 07:28:12,579 : INFO : PROGRESS: pass 18, at document #2653/2653
2018-08-28 07:28:21,548 : INFO : topic #31 (0.025): 0.024*"card" + 0.008*"monaco" + 0.006*"visa" + 0.006*"mco" + 0.005*"tenx" + 0.004*"vega" + 0.003*"tokencard" + 0.003*"rig" + 0.003*"que" + 0.003*"debit"
2018-08-28 07:28:21,549 : INFO : topic #25 (0.025): 0.001*"dickload" + 0.001*"smartcontractcoms" + 0.000*"finishd" + 0.000*"gangsta" + 0.000*"boyos11big" + 0.000*"4516967youre" + 0.000*"drunker" + 0.000*"binancelink" + 0.000*"overnighteither" + 0.000*"015too"
2018-08-28 07:28:21,550 : INFO : topic #33 (0.025): 0.013*"get" + 0.011*"like" + 0.010*"money" + 0.009*"im" + 0.008*"make" + 0.008*"want" + 0.006*"fucking" + 0.006*"fuck" + 0.005*"life" + 0.005*"one"
2018-08-28 07:28:21,552 : INFO : topic #23 (0.025): 0.007*"application" + 0.006*"platform" + 0.005*"token" + 0.005*"credit" + 0.004*"see" + 0.004*"idea" + 0.004*"going" + 0.004*"make" + 0.004*"product" + 0.004*"lead"
2018-08-28 07:28:21,553 : INFO : topic #15 (0.025): 0.006*"year" + 0.006*"crypto" + 0.005*"like" + 0.004*"go" + 0.004*"know" + 0.004*"people" + 0.004*"it" + 0.003*"time" + 0.003*"get" + 0.003*"good"
2018-08-28 07:28:21,557 : INFO : topic diff=0.048926, rho=0.223607
2018-08-28 07:28:34,202 : INFO : -8.421 per-word bound, 342.8 perplexity estimate based on a held-out corpus of 2653 documents with 1868102 words
2018-08-28 07:28:34,202 : INFO : PROGRESS: pass 19, at document #2653/2653
2018-08-28 07:28:43,166 : INFO : topic #33 (0.025): 0.013*"get" + 0.011*"like" + 0.010*"money" + 0.009*"im" + 0.008*"make" + 0.008*"want" + 0.006*"fucking" + 0.006*"fuck" + 0.005*"life" + 0.005*"one"
2018-08-28 07:28:43,168 : INFO : topic #26 (0.025): 0.008*"like" + 0.006*"im" + 0.006*"get" + 0.006*"time" + 0.005*"btc" + 0.005*"people" + 0.005*"buy" + 0.004*"good" + 0.004*"one" + 0.004*"make"
2018-08-28 07:28:43,169 : INFO : topic #29 (0.025): 0.017*"god" + 0.016*"tell" + 0.016*"please" + 0.016*"oh" + 0.006*"asch" + 0.002*"application" + 0.002*"ben" + 0.001*"liquidation" + 0.001*"buy" + 0.001*"unregulated"
2018-08-28 07:28:43,171 : INFO : topic #25 (0.025): 0.001*"dickload" + 0.001*"smartcontractcoms" + 0.000*"finishd" + 0.000*"gangsta" + 0.000*"boyos11big" + 0.000*"4516967youre" + 0.000*"drunker" + 0.000*"binancelink" + 0.000*"overnighteither" + 0.000*"015too"
2018-08-28 07:28:43,172 : INFO : topic #17 (0.025): 0.007*"would" + 0.006*"money" + 0.005*"get" + 0.004*"like" + 0.004*"people" + 0.004*"make" + 0.003*"one" + 0.003*"shit" + 0.003*"guy" + 0.003*"organ"
2018-08-28 07:28:43,176 : INFO : topic diff=0.043225, rho=0.218218
2018-08-28 07:28:55,873 : INFO : -8.418 per-word bound, 341.9 perplexity estimate based on a held-out corpus of 2653 documents with 1868102 words
2018-08-28 07:28:55,874 : INFO : PROGRESS: pass 20, at document #2653/2653
2018-08-28 07:29:04,887 : INFO : topic #35 (0.025): 0.002*"60m" + 0.001*"offset" + 0.001*"tether" + 0.001*"maker" + 0.001*"supply" + 0.001*"cap" + 0.001*"maintain" + 0.001*"100m" + 0.001*"transact" + 0.001*"increase"
2018-08-28 07:29:04,889 : INFO : topic #21 (0.025): 0.011*"people" + 0.010*"like" + 0.007*"get" + 0.005*"make" + 0.005*"work" + 0.005*"im" + 0.005*"fucking" + 0.005*"think" + 0.004*"would" + 0.004*"know"
2018-08-28 07:29:04,891 : INFO : topic #2 (0.025): 0.003*"agricultural" + 0.002*"f5" + 0.002*"vechain" + 0.002*"chip" + 0.002*"liaoning" + 0.002*"product" + 0.001*"agriculture" + 0.001*"academy" + 0.001*"science" + 0.001*"bottle"
2018-08-28 07:29:04,892 : INFO : topic #37 (0.025): 0.008*"get" + 0.007*"like" + 0.007*"coin" + 0.006*"im" + 0.006*"buy" + 0.006*"would" + 0.005*"link" + 0.005*"people" + 0.005*"know" + 0.005*"fucking"
2018-08-28 07:29:04,894 : INFO : topic #14 (0.025): 0.012*"coin" + 0.009*"req" + 0.008*"token" + 0.008*"ico" + 0.008*"buy" + 0.007*"get" + 0.007*"like" + 0.007*"project" + 0.006*"team" + 0.006*"going"
2018-08-28 07:29:04,897 : INFO : topic diff=0.038613, rho=0.213201
2018-08-28 07:29:17,723 : INFO : -8.414 per-word bound, 341.2 perplexity estimate based on a held-out corpus of 2653 documents with 1868102 words
2018-08-28 07:29:17,724 : INFO : PROGRESS: pass 21, at document #2653/2653
2018-08-28 07:29:26,848 : INFO : topic #2 (0.025): 0.003*"agricultural" + 0.002*"f5" + 0.002*"vechain" + 0.002*"chip" + 0.002*"liaoning" + 0.002*"product" + 0.001*"agriculture" + 0.001*"academy" + 0.001*"science" + 0.001*"bottle"
2018-08-28 07:29:26,849 : INFO : topic #5 (0.025): 0.013*"job" + 0.011*"year" + 0.009*"get" + 0.008*"im" + 0.006*"school" + 0.006*"time" + 0.006*"money" + 0.006*"like" + 0.006*"work" + 0.005*"make"
2018-08-28 07:29:26,850 : INFO : topic #29 (0.025): 0.017*"god" + 0.017*"tell" + 0.017*"please" + 0.016*"oh" + 0.006*"asch" + 0.002*"application" + 0.002*"ben" + 0.001*"liquidation" + 0.001*"buy" + 0.001*"unregulated"
2018-08-28 07:29:26,852 : INFO : topic #17 (0.025): 0.007*"would" + 0.006*"money" + 0.005*"get" + 0.004*"like" + 0.004*"people" + 0.003*"make" + 0.003*"one" + 0.003*"shit" + 0.003*"organ" + 0.003*"guy"
2018-08-28 07:29:26,853 : INFO : topic #36 (0.025): 0.007*"english" + 0.004*"french" + 0.004*"a" + 0.003*"complement" + 0.003*"postcard" + 0.003*"in" + 0.003*"friend" + 0.003*"sent" + 0.003*"stephanie" + 0.002*"trevor"
2018-08-28 07:29:26,857 : INFO : topic diff=0.034834, rho=0.208514
2018-08-28 07:29:39,639 : INFO : -8.411 per-word bound, 340.4 perplexity estimate based on a held-out corpus of 2653 documents with 1868102 words
2018-08-28 07:29:39,640 : INFO : PROGRESS: pass 22, at document #2653/2653
2018-08-28 07:29:48,807 : INFO : topic #0 (0.025): 0.019*"future" + 0.010*"contract" + 0.005*"dump" + 0.004*"steal" + 0.003*"s2x" + 0.003*"exist" + 0.002*"private" + 0.002*"stellar" + 0.002*"date" + 0.002*"odn"
2018-08-28 07:29:48,809 : INFO : topic #29 (0.025): 0.017*"god" + 0.017*"tell" + 0.017*"please" + 0.016*"oh" + 0.006*"asch" + 0.002*"application" + 0.002*"ben" + 0.001*"liquidation" + 0.001*"buy" + 0.001*"relational"
2018-08-28 07:29:48,810 : INFO : topic #3 (0.025): 0.011*"link" + 0.008*"linkies" + 0.007*"sergey" + 0.007*"one" + 0.006*"linkie" + 0.006*"deranged" + 0.006*"like" + 0.005*"steve" + 0.005*"community" + 0.005*"time"
2018-08-28 07:29:48,811 : INFO : topic #25 (0.025): 0.001*"dickload" + 0.001*"smartcontractcoms" + 0.000*"finishd" + 0.000*"gangsta" + 0.000*"boyos11big" + 0.000*"4516967youre" + 0.000*"drunker" + 0.000*"binancelink" + 0.000*"overnighteither" + 0.000*"015too"
2018-08-28 07:29:48,813 : INFO : topic #7 (0.025): 0.007*"bat" + 0.005*"would" + 0.004*"one" + 0.004*"really" + 0.004*"like" + 0.004*"money" + 0.003*"get" + 0.003*"im" + 0.003*"started" + 0.003*"even"
2018-08-28 07:29:48,817 : INFO : topic diff=0.031712, rho=0.204124
2018-08-28 07:30:01,647 : INFO : -8.408 per-word bound, 339.8 perplexity estimate based on a held-out corpus of 2653 documents with 1868102 words
2018-08-28 07:30:01,648 : INFO : PROGRESS: pass 23, at document #2653/2653
2018-08-28 07:30:10,803 : INFO : topic #32 (0.025): 0.013*"tax" + 0.010*"crypto" + 0.008*"pay" + 0.008*"like" + 0.007*"get" + 0.007*"year" + 0.007*"monero" + 0.007*"gain" + 0.007*"money" + 0.006*"would"
2018-08-28 07:30:10,804 : INFO : topic #16 (0.025): 0.072*"sage" + 0.006*"ark" + 0.002*"got" + 0.002*"estate" + 0.002*"property" + 0.002*"crypto" + 0.002*"link" + 0.002*"trading" + 0.002*"tenant" + 0.002*"even"
2018-08-28 07:30:10,806 : INFO : topic #5 (0.025): 0.014*"job" + 0.011*"year" + 0.009*"get" + 0.008*"im" + 0.006*"school" + 0.006*"time" + 0.006*"money" + 0.006*"work" + 0.005*"like" + 0.005*"make"
2018-08-28 07:30:10,807 : INFO : topic #17 (0.025): 0.007*"would" + 0.006*"money" + 0.005*"get" + 0.004*"like" + 0.004*"people" + 0.003*"organ" + 0.003*"make" + 0.003*"one" + 0.003*"shit" + 0.003*"guy"
2018-08-28 07:30:10,809 : INFO : topic #18 (0.025): 0.014*"ark" + 0.008*"like" + 0.007*"im" + 0.007*"get" + 0.005*"one" + 0.005*"would" + 0.005*"make" + 0.005*"shit" + 0.005*"fucking" + 0.004*"btc"
2018-08-28 07:30:10,812 : INFO : topic diff=0.029102, rho=0.200000
2018-08-28 07:30:23,688 : INFO : -8.406 per-word bound, 339.2 perplexity estimate based on a held-out corpus of 2653 documents with 1868102 words
2018-08-28 07:30:23,690 : INFO : PROGRESS: pass 24, at document #2653/2653
2018-08-28 07:30:32,818 : INFO : topic #1 (0.025): 0.005*"wine" + 0.004*"billion" + 0.004*"ripple" + 0.003*"potential" + 0.003*"marketcap" + 0.003*"million" + 0.002*"supply" + 0.002*"600" + 0.002*"likely" + 0.001*"move"
2018-08-28 07:30:32,819 : INFO : topic #29 (0.025): 0.017*"god" + 0.017*"tell" + 0.017*"please" + 0.016*"oh" + 0.006*"asch" + 0.002*"ben" + 0.002*"application" + 0.001*"liquidation" + 0.001*"buy" + 0.001*"relational"
2018-08-28 07:30:32,821 : INFO : topic #14 (0.025): 0.012*"coin" + 0.009*"req" + 0.008*"token" + 0.008*"ico" + 0.007*"buy" + 0.007*"like" + 0.007*"get" + 0.007*"project" + 0.007*"team" + 0.006*"shit"
2018-08-28 07:30:32,822 : INFO : topic #16 (0.025): 0.073*"sage" + 0.006*"ark" + 0.002*"got" + 0.002*"estate" + 0.002*"property" + 0.002*"crypto" + 0.002*"trading" + 0.002*"tenant" + 0.002*"link" + 0.001*"video"
2018-08-28 07:30:32,823 : INFO : topic #9 (0.025): 0.029*"roll" + 0.029*"op" + 0.015*"dub" + 0.014*"get" + 0.012*"rolling" + 0.010*"trip" + 0.010*"thread" + 0.010*"thanks" + 0.010*"anon" + 0.010*"please"
2018-08-28 07:30:32,827 : INFO : topic diff=0.026888, rho=0.196116
2018-08-28 07:30:45,760 : INFO : -8.403 per-word bound, 338.6 perplexity estimate based on a held-out corpus of 2653 documents with 1868102 words
2018-08-28 07:30:45,761 : INFO : PROGRESS: pass 25, at document #2653/2653
2018-08-28 07:30:55,011 : INFO : topic #9 (0.025): 0.029*"roll" + 0.029*"op" + 0.015*"dub" + 0.014*"get" + 0.012*"rolling" + 0.010*"trip" + 0.010*"thread" + 0.010*"thanks" + 0.010*"anon" + 0.010*"please"
2018-08-28 07:30:55,012 : INFO : topic #15 (0.025): 0.007*"year" + 0.005*"crypto" + 0.004*"like" + 0.003*"go" + 0.003*"it" + 0.003*"know" + 0.003*"time" + 0.003*"people" + 0.003*"digital" + 0.003*"government"
2018-08-28 07:30:55,014 : INFO : topic #21 (0.025): 0.011*"people" + 0.010*"like" + 0.007*"get" + 0.005*"make" + 0.005*"work" + 0.005*"fucking" + 0.005*"think" + 0.005*"would" + 0.004*"im" + 0.004*"know"
2018-08-28 07:30:55,015 : INFO : topic #34 (0.025): 0.034*"link" + 0.014*"token" + 0.013*"contract" + 0.012*"chainlink" + 0.011*"smart" + 0.010*"node" + 0.009*"use" + 0.009*"network" + 0.009*"data" + 0.008*"blockchain"
2018-08-28 07:30:55,016 : INFO : topic #17 (0.025): 0.007*"would" + 0.006*"money" + 0.005*"get" + 0.004*"like" + 0.003*"people" + 0.003*"organ" + 0.003*"one" + 0.003*"guy" + 0.003*"make" + 0.003*"shit"
2018-08-28 07:30:55,020 : INFO : topic diff=0.024988, rho=0.192450
2018-08-28 07:31:07,951 : INFO : -8.401 per-word bound, 338.0 perplexity estimate based on a held-out corpus of 2653 documents with 1868102 words
2018-08-28 07:31:07,951 : INFO : PROGRESS: pass 26, at document #2653/2653
2018-08-28 07:31:17,207 : INFO : topic #6 (0.025): 0.014*"btc" + 0.012*"scam" + 0.010*"ark" + 0.008*"get" + 0.008*"going" + 0.006*"go" + 0.005*"price" + 0.004*"coin" + 0.004*"time" + 0.004*"alt"
2018-08-28 07:31:17,208 : INFO : topic #23 (0.025): 0.008*"application" + 0.007*"platform" + 0.006*"token" + 0.005*"credit" + 0.004*"see" + 0.004*"idea" + 0.004*"lead" + 0.004*"product" + 0.004*"loan" + 0.004*"debt"
2018-08-28 07:31:17,210 : INFO : topic #4 (0.025): 0.007*"money" + 0.006*"im" + 0.006*"like" + 0.005*"buy" + 0.005*"make" + 0.005*"trade" + 0.005*"time" + 0.005*"one" + 0.005*"get" + 0.004*"people"
2018-08-28 07:31:17,212 : INFO : topic #7 (0.025): 0.007*"bat" + 0.004*"would" + 0.004*"one" + 0.004*"really" + 0.003*"money" + 0.003*"like" + 0.003*"browser" + 0.003*"started" + 0.003*"brave" + 0.003*"get"
2018-08-28 07:31:17,213 : INFO : topic #10 (0.025): 0.013*"neo" + 0.009*"buy" + 0.009*"link" + 0.008*"like" + 0.008*"coin" + 0.007*"going" + 0.007*"get" + 0.006*"im" + 0.006*"news" + 0.005*"go"
2018-08-28 07:31:17,217 : INFO : topic diff=0.023325, rho=0.188982
2018-08-28 07:31:30,109 : INFO : -8.399 per-word bound, 337.5 perplexity estimate based on a held-out corpus of 2653 documents with 1868102 words
2018-08-28 07:31:30,110 : INFO : PROGRESS: pass 27, at document #2653/2653
2018-08-28 07:31:39,347 : INFO : topic #7 (0.025): 0.007*"bat" + 0.004*"would" + 0.004*"one" + 0.004*"really" + 0.003*"money" + 0.003*"browser" + 0.003*"like" + 0.003*"started" + 0.003*"brave" + 0.003*"better"
2018-08-28 07:31:39,349 : INFO : topic #0 (0.025): 0.021*"future" + 0.010*"contract" + 0.005*"dump" + 0.005*"steal" + 0.003*"s2x" + 0.003*"exist" + 0.003*"stellar" + 0.002*"date" + 0.002*"private" + 0.002*"option"
2018-08-28 07:31:39,350 : INFO : topic #35 (0.025): 0.002*"60m" + 0.001*"offset" + 0.001*"maker" + 0.001*"maintain" + 0.001*"100m" + 0.001*"transact" + 0.001*"supply" + 0.001*"065" + 0.001*"241" + 0.001*"100million"
2018-08-28 07:31:39,352 : INFO : topic #39 (0.025): 0.019*"rcn" + 0.015*"credit" + 0.010*"loan" + 0.008*"salt" + 0.007*"token" + 0.007*"market" + 0.006*"ripio" + 0.006*"lending" + 0.005*"lender" + 0.005*"billion"
2018-08-28 07:31:39,353 : INFO : topic #12 (0.025): 0.009*"bitbay" + 0.005*"neo" + 0.004*"fucking" + 0.004*"1" + 0.004*"neutrality" + 0.003*"vtc" + 0.003*"marketplace" + 0.003*"lmc" + 0.003*"like" + 0.003*"got"
2018-08-28 07:31:39,357 : INFO : topic diff=0.021875, rho=0.185695
2018-08-28 07:31:52,314 : INFO : -8.397 per-word bound, 337.0 perplexity estimate based on a held-out corpus of 2653 documents with 1868102 words
2018-08-28 07:31:52,314 : INFO : PROGRESS: pass 28, at document #2653/2653
2018-08-28 07:32:01,603 : INFO : topic #19 (0.025): 0.004*"men" + 0.003*"gay" + 0.003*"computing" + 0.003*"woman" + 0.002*"crypto" + 0.002*"rlc" + 0.002*"iexec" + 0.001*"bot" + 0.001*"already" + 0.001*"930"
2018-08-28 07:32:01,604 : INFO : topic #34 (0.025): 0.035*"link" + 0.014*"token" + 0.012*"contract" + 0.011*"chainlink" + 0.011*"smart" + 0.010*"node" + 0.009*"use" + 0.009*"network" + 0.008*"data" + 0.008*"blockchain"
2018-08-28 07:32:01,605 : INFO : topic #32 (0.025): 0.014*"tax" + 0.010*"crypto" + 0.008*"pay" + 0.008*"like" + 0.007*"get" + 0.007*"year" + 0.007*"monero" + 0.007*"money" + 0.007*"gain" + 0.006*"would"
2018-08-28 07:32:01,607 : INFO : topic #7 (0.025): 0.007*"bat" + 0.004*"would" + 0.004*"one" + 0.004*"really" + 0.003*"browser" + 0.003*"money" + 0.003*"like" + 0.003*"brave" + 0.003*"started" + 0.003*"better"
2018-08-28 07:32:01,608 : INFO : topic #25 (0.025): 0.001*"dickload" + 0.001*"smartcontractcoms" + 0.000*"finishd" + 0.000*"gangsta" + 0.000*"boyos11big" + 0.000*"4516967youre" + 0.000*"drunker" + 0.000*"binancelink" + 0.000*"overnighteither" + 0.000*"015too"
2018-08-28 07:32:01,612 : INFO : topic diff=0.020591, rho=0.182574
2018-08-28 07:32:14,673 : INFO : -8.395 per-word bound, 336.6 perplexity estimate based on a held-out corpus of 2653 documents with 1868102 words
2018-08-28 07:32:14,674 : INFO : PROGRESS: pass 29, at document #2653/2653
2018-08-28 07:32:24,049 : INFO : topic #19 (0.025): 0.004*"men" + 0.003*"gay" + 0.003*"computing" + 0.003*"woman" + 0.002*"crypto" + 0.002*"rlc" + 0.002*"iexec" + 0.001*"bot" + 0.001*"930" + 0.001*"already"
2018-08-28 07:32:24,052 : INFO : topic #30 (0.025): 0.028*"btc" + 0.024*"bch" + 0.022*"bitcoin" + 0.007*"people" + 0.006*"going" + 0.006*"like" + 0.006*"transaction" + 0.006*"get" + 0.005*"cash" + 0.005*"would"
2018-08-28 07:32:24,054 : INFO : topic #0 (0.025): 0.021*"future" + 0.011*"contract" + 0.005*"dump" + 0.005*"steal" + 0.003*"s2x" + 0.003*"exist" + 0.003*"stellar" + 0.002*"date" + 0.002*"option" + 0.002*"private"
2018-08-28 07:32:24,056 : INFO : topic #7 (0.025): 0.008*"bat" + 0.004*"would" + 0.004*"one" + 0.003*"really" + 0.003*"browser" + 0.003*"money" + 0.003*"brave" + 0.003*"like" + 0.003*"started" + 0.003*"better"
2018-08-28 07:32:24,057 : INFO : topic #11 (0.025): 0.004*"tuna" + 0.004*"egg" + 0.003*"eat" + 0.003*"fbi" + 0.002*"fish" + 0.002*"microwave" + 0.002*"eating" + 0.002*"jam" + 0.002*"stellar" + 0.001*"bos"
2018-08-28 07:32:24,061 : INFO : topic diff=0.019457, rho=0.179605
2018-08-28 07:32:37,117 : INFO : -8.393 per-word bound, 336.1 perplexity estimate based on a held-out corpus of 2653 documents with 1868102 words
2018-08-28 07:32:37,118 : INFO : PROGRESS: pass 30, at document #2653/2653
2018-08-28 07:32:46,427 : INFO : topic #11 (0.025): 0.004*"tuna" + 0.004*"egg" + 0.003*"eat" + 0.003*"fbi" + 0.002*"fish" + 0.002*"microwave" + 0.002*"eating" + 0.002*"jam" + 0.002*"stellar" + 0.001*"bos"
2018-08-28 07:32:46,428 : INFO : topic #28 (0.025): 0.164*"chancoin" + 0.016*"4chn" + 0.010*"coin" + 0.006*"discord" + 0.005*"tipping" + 0.005*"chan" + 0.004*"feature" + 0.004*"need" + 0.003*"post" + 0.003*"u"
2018-08-28 07:32:46,429 : INFO : topic #19 (0.025): 0.004*"men" + 0.003*"gay" + 0.003*"computing" + 0.003*"woman" + 0.002*"crypto" + 0.002*"rlc" + 0.002*"iexec" + 0.001*"bot" + 0.001*"930" + 0.001*"already"
2018-08-28 07:32:46,431 : INFO : topic #35 (0.025): 0.002*"60m" + 0.001*"offset" + 0.001*"maker" + 0.001*"maintain" + 0.001*"100m" + 0.001*"transact" + 0.001*"065" + 0.001*"241" + 0.001*"100million" + 0.001*"75m"
2018-08-28 07:32:46,432 : INFO : topic #16 (0.025): 0.077*"sage" + 0.004*"ark" + 0.002*"estate" + 0.002*"got" + 0.002*"trading" + 0.002*"tenant" + 0.002*"property" + 0.001*"video" + 0.001*"town" + 0.001*"crypto"
2018-08-28 07:32:46,436 : INFO : topic diff=0.018436, rho=0.176777
2018-08-28 07:32:59,618 : INFO : -8.391 per-word bound, 335.7 perplexity estimate based on a held-out corpus of 2653 documents with 1868102 words
2018-08-28 07:32:59,618 : INFO : PROGRESS: pass 31, at document #2653/2653
2018-08-28 07:33:08,947 : INFO : topic #38 (0.025): 0.003*"python" + 0.002*"c" + 0.002*"programming" + 0.001*"java" + 0.001*"programmer" + 0.001*"bash" + 0.001*"nodejs" + 0.001*"dealt" + 0.000*"language" + 0.000*"senseyou"
2018-08-28 07:33:08,949 : INFO : topic #0 (0.025): 0.021*"future" + 0.011*"contract" + 0.005*"dump" + 0.005*"steal" + 0.003*"s2x" + 0.003*"stellar" + 0.003*"exist" + 0.002*"date" + 0.002*"option" + 0.002*"refund"
2018-08-28 07:33:08,950 : INFO : topic #23 (0.025): 0.009*"application" + 0.007*"platform" + 0.006*"token" + 0.005*"credit" + 0.004*"see" + 0.004*"lead" + 0.004*"idea" + 0.004*"product" + 0.004*"loan" + 0.004*"debt"
2018-08-28 07:33:08,951 : INFO : topic #14 (0.025): 0.013*"coin" + 0.009*"token" + 0.008*"ico" + 0.008*"req" + 0.008*"project" + 0.007*"like" + 0.007*"buy" + 0.007*"get" + 0.007*"team" + 0.006*"shit"
2018-08-28 07:33:08,953 : INFO : topic #33 (0.025): 0.013*"get" + 0.012*"like" + 0.010*"money" + 0.009*"im" + 0.009*"make" + 0.008*"want" + 0.006*"fucking" + 0.006*"fuck" + 0.006*"life" + 0.005*"one"
2018-08-28 07:33:08,957 : INFO : topic diff=0.017501, rho=0.174078
2018-08-28 07:33:21,995 : INFO : -8.389 per-word bound, 335.3 perplexity estimate based on a held-out corpus of 2653 documents with 1868102 words
2018-08-28 07:33:21,996 : INFO : PROGRESS: pass 32, at document #2653/2653
2018-08-28 07:33:31,355 : INFO : topic #21 (0.025): 0.012*"people" + 0.009*"like" + 0.006*"get" + 0.005*"make" + 0.005*"think" + 0.005*"fucking" + 0.005*"would" + 0.005*"work" + 0.004*"thing" + 0.004*"shit"
2018-08-28 07:33:31,356 : INFO : topic #16 (0.025): 0.078*"sage" + 0.003*"ark" + 0.002*"estate" + 0.002*"trading" + 0.002*"got" + 0.002*"tenant" + 0.001*"property" + 0.001*"video" + 0.001*"town" + 0.001*"bulgaria"
2018-08-28 07:33:31,357 : INFO : topic #1 (0.025): 0.005*"wine" + 0.004*"billion" + 0.003*"ripple" + 0.003*"marketcap" + 0.003*"million" + 0.003*"potential" + 0.002*"supply" + 0.002*"600" + 0.002*"likely" + 0.001*"circulating"
2018-08-28 07:33:31,359 : INFO : topic #7 (0.025): 0.008*"bat" + 0.004*"would" + 0.004*"one" + 0.003*"really" + 0.003*"browser" + 0.003*"brave" + 0.003*"money" + 0.003*"started" + 0.002*"ad" + 0.002*"better"
2018-08-28 07:33:31,361 : INFO : topic #8 (0.025): 0.017*"cos" + 0.012*"exchange" + 0.009*"coin" + 0.006*"like" + 0.006*"buy" + 0.005*"get" + 0.005*"volume" + 0.004*"btc" + 0.004*"one" + 0.004*"im"
2018-08-28 07:33:31,365 : INFO : topic diff=0.016657, rho=0.171499
2018-08-28 07:33:44,389 : INFO : -8.388 per-word bound, 335.0 perplexity estimate based on a held-out corpus of 2653 documents with 1868102 words
2018-08-28 07:33:44,389 : INFO : PROGRESS: pass 33, at document #2653/2653
2018-08-28 07:33:53,713 : INFO : topic #14 (0.025): 0.013*"coin" + 0.009*"token" + 0.008*"ico" + 0.008*"req" + 0.008*"project" + 0.007*"like" + 0.007*"get" + 0.007*"buy" + 0.007*"team" + 0.006*"shit"
2018-08-28 07:33:53,716 : INFO : topic #7 (0.025): 0.008*"bat" + 0.004*"would" + 0.004*"one" + 0.003*"really" + 0.003*"browser" + 0.003*"brave" + 0.003*"money" + 0.003*"started" + 0.003*"ad" + 0.002*"join"
2018-08-28 07:33:53,718 : INFO : topic #6 (0.025): 0.013*"scam" + 0.013*"btc" + 0.011*"ark" + 0.008*"going" + 0.008*"get" + 0.006*"go" + 0.005*"price" + 0.004*"arkies" + 0.004*"coin" + 0.004*"alt"
2018-08-28 07:33:53,719 : INFO : topic #23 (0.025): 0.009*"application" + 0.007*"platform" + 0.006*"token" + 0.005*"credit" + 0.004*"see" + 0.004*"lead" + 0.004*"idea" + 0.004*"product" + 0.004*"loan" + 0.004*"debt"
2018-08-28 07:33:53,721 : INFO : topic #30 (0.025): 0.028*"btc" + 0.024*"bch" + 0.022*"bitcoin" + 0.007*"people" + 0.006*"going" + 0.006*"like" + 0.006*"transaction" + 0.006*"get" + 0.006*"cash" + 0.005*"would"
2018-08-28 07:33:53,725 : INFO : topic diff=0.015883, rho=0.169031
2018-08-28 07:34:06,773 : INFO : -8.386 per-word bound, 334.6 perplexity estimate based on a held-out corpus of 2653 documents with 1868102 words
2018-08-28 07:34:06,773 : INFO : PROGRESS: pass 34, at document #2653/2653
2018-08-28 07:34:16,119 : INFO : topic #15 (0.025): 0.007*"year" + 0.005*"crypto" + 0.004*"like" + 0.003*"digital" + 0.003*"go" + 0.003*"government" + 0.003*"life" + 0.003*"world" + 0.003*"it" + 0.002*"next"
2018-08-28 07:34:16,121 : INFO : topic #35 (0.025): 0.002*"60m" + 0.001*"offset" + 0.001*"maintain" + 0.001*"maker" + 0.001*"100m" + 0.001*"transact" + 0.001*"065" + 0.001*"241" + 0.001*"100million" + 0.001*"75m"
2018-08-28 07:34:16,122 : INFO : topic #24 (0.025): 0.012*"buy" + 0.010*"im" + 0.008*"coin" + 0.008*"going" + 0.007*"get" + 0.007*"go" + 0.007*"like" + 0.007*"fucking" + 0.006*"sell" + 0.006*"shit"
2018-08-28 07:34:16,124 : INFO : topic #26 (0.025): 0.008*"like" + 0.006*"time" + 0.006*"im" + 0.005*"get" + 0.005*"people" + 0.004*"good" + 0.004*"btc" + 0.004*"one" + 0.004*"make" + 0.004*"think"
2018-08-28 07:34:16,125 : INFO : topic #23 (0.025): 0.009*"application" + 0.007*"platform" + 0.006*"token" + 0.005*"credit" + 0.004*"see" + 0.004*"lead" + 0.004*"idea" + 0.004*"product" + 0.004*"loan" + 0.004*"debt"
2018-08-28 07:34:16,129 : INFO : topic diff=0.015173, rho=0.166667
2018-08-28 07:34:29,241 : INFO : -8.385 per-word bound, 334.3 perplexity estimate based on a held-out corpus of 2653 documents with 1868102 words
2018-08-28 07:34:29,242 : INFO : PROGRESS: pass 35, at document #2653/2653
2018-08-28 07:34:38,580 : INFO : topic #22 (0.025): 0.041*"iota" + 0.006*"transaction" + 0.004*"giota" + 0.004*"wallet" + 0.004*"tangle" + 0.003*"address" + 0.003*"people" + 0.003*"devs" + 0.003*"foundation" + 0.003*"balance"
2018-08-28 07:34:38,582 : INFO : topic #19 (0.025): 0.004*"men" + 0.003*"computing" + 0.003*"gay" + 0.003*"woman" + 0.002*"rlc" + 0.002*"crypto" + 0.002*"iexec" + 0.001*"930" + 0.001*"bot" + 0.001*"guarantee"
2018-08-28 07:34:38,583 : INFO : topic #9 (0.025): 0.030*"roll" + 0.030*"op" + 0.016*"dub" + 0.014*"get" + 0.012*"rolling" + 0.011*"thread" + 0.011*"thanks" + 0.011*"trip" + 0.010*"please" + 0.010*"address"
2018-08-28 07:34:38,584 : INFO : topic #35 (0.025): 0.002*"60m" + 0.001*"offset" + 0.001*"maintain" + 0.001*"maker" + 0.001*"100m" + 0.001*"transact" + 0.001*"065" + 0.001*"241" + 0.001*"100million" + 0.001*"75m"
2018-08-28 07:34:38,586 : INFO : topic #3 (0.025): 0.012*"link" + 0.008*"linkies" + 0.008*"sergey" + 0.007*"linkie" + 0.007*"one" + 0.007*"deranged" + 0.005*"steve" + 0.005*"community" + 0.005*"rent" + 0.005*"chainlink"
2018-08-28 07:34:38,590 : INFO : topic diff=0.014516, rho=0.164399
2018-08-28 07:34:51,577 : INFO : -8.383 per-word bound, 333.9 perplexity estimate based on a held-out corpus of 2653 documents with 1868102 words
2018-08-28 07:34:51,578 : INFO : PROGRESS: pass 36, at document #2653/2653
2018-08-28 07:35:00,906 : INFO : topic #33 (0.025): 0.013*"get" + 0.012*"like" + 0.010*"money" + 0.009*"im" + 0.009*"make" + 0.008*"want" + 0.006*"fucking" + 0.006*"fuck" + 0.006*"life" + 0.005*"one"
2018-08-28 07:35:00,908 : INFO : topic #7 (0.025): 0.008*"bat" + 0.004*"would" + 0.004*"one" + 0.003*"browser" + 0.003*"really" + 0.003*"brave" + 0.003*"ad" + 0.003*"join" + 0.002*"started" + 0.002*"money"
2018-08-28 07:35:00,909 : INFO : topic #2 (0.025): 0.003*"agricultural" + 0.002*"f5" + 0.002*"vechain" + 0.002*"liaoning" + 0.002*"chip" + 0.001*"product" + 0.001*"agriculture" + 0.001*"academy" + 0.001*"science" + 0.001*"bottle"
2018-08-28 07:35:00,911 : INFO : topic #21 (0.025): 0.012*"people" + 0.009*"like" + 0.006*"get" + 0.005*"think" + 0.005*"fucking" + 0.005*"make" + 0.005*"would" + 0.004*"work" + 0.004*"thing" + 0.004*"shit"
2018-08-28 07:35:00,912 : INFO : topic #0 (0.025): 0.022*"future" + 0.012*"contract" + 0.005*"dump" + 0.005*"steal" + 0.004*"stellar" + 0.003*"s2x" + 0.003*"exist" + 0.002*"date" + 0.002*"option" + 0.002*"refund"
2018-08-28 07:35:00,916 : INFO : topic diff=0.013906, rho=0.162221
2018-08-28 07:35:14,024 : INFO : -8.382 per-word bound, 333.6 perplexity estimate based on a held-out corpus of 2653 documents with 1868102 words
2018-08-28 07:35:14,025 : INFO : PROGRESS: pass 37, at document #2653/2653
2018-08-28 07:35:23,408 : INFO : topic #14 (0.025): 0.013*"coin" + 0.009*"token" + 0.008*"ico" + 0.008*"req" + 0.008*"project" + 0.008*"like" + 0.007*"get" + 0.007*"buy" + 0.007*"team" + 0.006*"shit"
2018-08-28 07:35:23,412 : INFO : topic #7 (0.025): 0.008*"bat" + 0.004*"would" + 0.004*"one" + 0.004*"browser" + 0.003*"really" + 0.003*"brave" + 0.003*"ad" + 0.003*"join" + 0.002*"started" + 0.002*"money"
2018-08-28 07:35:23,413 : INFO : topic #28 (0.025): 0.165*"chancoin" + 0.017*"4chn" + 0.010*"coin" + 0.006*"discord" + 0.005*"tipping" + 0.005*"chan" + 0.004*"feature" + 0.004*"need" + 0.003*"u" + 0.003*"post"
2018-08-28 07:35:23,414 : INFO : topic #8 (0.025): 0.018*"cos" + 0.013*"exchange" + 0.008*"coin" + 0.006*"like" + 0.005*"volume" + 0.005*"buy" + 0.005*"get" + 0.004*"btc" + 0.004*"binance" + 0.004*"one"
2018-08-28 07:35:23,416 : INFO : topic #13 (0.025): 0.012*"wabi" + 0.008*"product" + 0.008*"modum" + 0.004*"company" + 0.004*"use" + 0.004*"pharma" + 0.003*"work" + 0.003*"power" + 0.003*"ico" + 0.003*"get"
2018-08-28 07:35:23,420 : INFO : topic diff=0.013342, rho=0.160128
2018-08-28 07:35:36,478 : INFO : -8.381 per-word bound, 333.3 perplexity estimate based on a held-out corpus of 2653 documents with 1868102 words
2018-08-28 07:35:36,478 : INFO : PROGRESS: pass 38, at document #2653/2653
2018-08-28 07:35:45,832 : INFO : topic #21 (0.025): 0.012*"people" + 0.009*"like" + 0.006*"get" + 0.005*"think" + 0.005*"fucking" + 0.005*"make" + 0.005*"would" + 0.004*"thing" + 0.004*"work" + 0.004*"shit"
2018-08-28 07:35:45,833 : INFO : topic #30 (0.025): 0.028*"btc" + 0.024*"bch" + 0.023*"bitcoin" + 0.007*"people" + 0.006*"going" + 0.006*"like" + 0.006*"transaction" + 0.006*"cash" + 0.006*"get" + 0.005*"would"
2018-08-28 07:35:45,835 : INFO : topic #29 (0.025): 0.017*"god" + 0.017*"tell" + 0.017*"please" + 0.017*"oh" + 0.006*"asch" + 0.002*"ben" + 0.001*"liquidation" + 0.001*"jewess" + 0.001*"relational" + 0.001*"khazar"
2018-08-28 07:35:45,836 : INFO : topic #20 (0.025): 0.013*"powr" + 0.013*"pbc" + 0.010*"teeka" + 0.010*"slr" + 0.009*"fake" + 0.009*"pick" + 0.006*"solar" + 0.006*"coin" + 0.006*"energy" + 0.005*"mit"
2018-08-28 07:35:45,838 : INFO : topic #22 (0.025): 0.042*"iota" + 0.006*"transaction" + 0.004*"giota" + 0.004*"wallet" + 0.004*"tangle" + 0.004*"address" + 0.003*"devs" + 0.003*"people" + 0.003*"foundation" + 0.003*"balance"
2018-08-28 07:35:45,841 : INFO : topic diff=0.012813, rho=0.158114
2018-08-28 07:35:58,866 : INFO : -8.380 per-word bound, 333.1 perplexity estimate based on a held-out corpus of 2653 documents with 1868102 words
2018-08-28 07:35:58,866 : INFO : PROGRESS: pass 39, at document #2653/2653
2018-08-28 07:36:08,281 : INFO : topic #8 (0.025): 0.018*"cos" + 0.013*"exchange" + 0.008*"coin" + 0.006*"like" + 0.005*"volume" + 0.005*"buy" + 0.005*"get" + 0.004*"btc" + 0.004*"binance" + 0.004*"one"
2018-08-28 07:36:08,283 : INFO : topic #35 (0.025): 0.002*"60m" + 0.001*"offset" + 0.001*"maintain" + 0.001*"maker" + 0.001*"100m" + 0.001*"transact" + 0.001*"065" + 0.001*"241" + 0.001*"100million" + 0.001*"75m"
2018-08-28 07:36:08,284 : INFO : topic #34 (0.025): 0.039*"link" + 0.014*"token" + 0.012*"contract" + 0.011*"chainlink" + 0.010*"smart" + 0.009*"node" + 0.009*"use" + 0.009*"network" + 0.008*"blockchain" + 0.008*"data"
2018-08-28 07:36:08,286 : INFO : topic #33 (0.025): 0.013*"get" + 0.012*"like" + 0.010*"money" + 0.009*"im" + 0.009*"make" + 0.008*"want" + 0.006*"fucking" + 0.006*"fuck" + 0.006*"life" + 0.005*"shit"
2018-08-28 07:36:08,287 : INFO : topic #4 (0.025): 0.007*"money" + 0.006*"like" + 0.005*"trade" + 0.005*"im" + 0.005*"make" + 0.005*"buy" + 0.005*"one" + 0.005*"time" + 0.004*"trading" + 0.004*"get"
2018-08-28 07:36:08,291 : INFO : topic diff=0.012329, rho=0.156174
2018-08-28 07:36:21,332 : INFO : -8.378 per-word bound, 332.8 perplexity estimate based on a held-out corpus of 2653 documents with 1868102 words
2018-08-28 07:36:21,332 : INFO : PROGRESS: pass 40, at document #2653/2653
2018-08-28 07:36:30,713 : INFO : topic #38 (0.025): 0.003*"python" + 0.002*"programming" + 0.001*"java" + 0.001*"c" + 0.001*"programmer" + 0.001*"bash" + 0.001*"nodejs" + 0.001*"dealt" + 0.000*"senseyou" + 0.000*"hyperledgers"
2018-08-28 07:36:30,714 : INFO : topic #31 (0.025): 0.030*"card" + 0.009*"monaco" + 0.007*"visa" + 0.007*"tenx" + 0.007*"mco" + 0.004*"tokencard" + 0.004*"vega" + 0.004*"debit" + 0.003*"rig" + 0.003*"que"
2018-08-28 07:36:30,716 : INFO : topic #26 (0.025): 0.008*"like" + 0.006*"time" + 0.005*"im" + 0.005*"get" + 0.004*"people" + 0.004*"good" + 0.004*"one" + 0.004*"day" + 0.004*"think" + 0.004*"make"
2018-08-28 07:36:30,717 : INFO : topic #21 (0.025): 0.012*"people" + 0.009*"like" + 0.006*"get" + 0.005*"think" + 0.005*"fucking" + 0.005*"make" + 0.005*"would" + 0.004*"thing" + 0.004*"work" + 0.004*"shit"
2018-08-28 07:36:30,718 : INFO : topic #32 (0.025): 0.014*"tax" + 0.011*"crypto" + 0.009*"pay" + 0.008*"like" + 0.007*"year" + 0.007*"get" + 0.007*"money" + 0.007*"monero" + 0.007*"gain" + 0.006*"would"
2018-08-28 07:36:30,722 : INFO : topic diff=0.011882, rho=0.154303
2018-08-28 07:36:43,785 : INFO : -8.377 per-word bound, 332.5 perplexity estimate based on a held-out corpus of 2653 documents with 1868102 words
2018-08-28 07:36:43,786 : INFO : PROGRESS: pass 41, at document #2653/2653
2018-08-28 07:36:53,207 : INFO : topic #25 (0.025): 0.001*"dickload" + 0.001*"smartcontractcoms" + 0.000*"finishd" + 0.000*"gangsta" + 0.000*"drunker" + 0.000*"4516967youre" + 0.000*"boyos11big" + 0.000*"binancelink" + 0.000*"overnighteither" + 0.000*"finishedi"
2018-08-28 07:36:53,210 : INFO : topic #34 (0.025): 0.040*"link" + 0.014*"token" + 0.012*"contract" + 0.011*"chainlink" + 0.010*"smart" + 0.009*"node" + 0.009*"use" + 0.009*"network" + 0.008*"blockchain" + 0.008*"data"
2018-08-28 07:36:53,212 : INFO : topic #10 (0.025): 0.015*"neo" + 0.009*"buy" + 0.008*"like" + 0.007*"coin" + 0.007*"link" + 0.007*"news" + 0.007*"going" + 0.006*"get" + 0.006*"im" + 0.005*"one"
2018-08-28 07:36:53,213 : INFO : topic #19 (0.025): 0.004*"men" + 0.003*"computing" + 0.003*"gay" + 0.003*"woman" + 0.002*"rlc" + 0.002*"iexec" + 0.001*"930" + 0.001*"crypto" + 0.001*"guarantee" + 0.001*"trader"
2018-08-28 07:36:53,215 : INFO : topic #36 (0.025): 0.006*"english" + 0.004*"french" + 0.004*"a" + 0.003*"complement" + 0.003*"postcard" + 0.003*"in" + 0.003*"sent" + 0.003*"friend" + 0.003*"stephanie" + 0.003*"trevor"
2018-08-28 07:36:53,219 : INFO : topic diff=0.011432, rho=0.152499
2018-08-28 07:37:06,235 : INFO : -8.376 per-word bound, 332.3 perplexity estimate based on a held-out corpus of 2653 documents with 1868102 words
2018-08-28 07:37:06,235 : INFO : PROGRESS: pass 42, at document #2653/2653
2018-08-28 07:37:15,698 : INFO : topic #22 (0.025): 0.043*"iota" + 0.006*"transaction" + 0.004*"giota" + 0.004*"tangle" + 0.004*"wallet" + 0.004*"address" + 0.003*"devs" + 0.003*"foundation" + 0.003*"balance" + 0.003*"people"
2018-08-28 07:37:15,699 : INFO : topic #32 (0.025): 0.014*"tax" + 0.011*"crypto" + 0.009*"pay" + 0.008*"like" + 0.008*"year" + 0.007*"money" + 0.007*"get" + 0.007*"monero" + 0.007*"gain" + 0.006*"would"
2018-08-28 07:37:15,701 : INFO : topic #0 (0.025): 0.023*"future" + 0.012*"contract" + 0.005*"dump" + 0.005*"steal" + 0.004*"stellar" + 0.003*"s2x" + 0.003*"exist" + 0.002*"date" + 0.002*"option" + 0.002*"refund"
2018-08-28 07:37:15,702 : INFO : topic #28 (0.025): 0.166*"chancoin" + 0.017*"4chn" + 0.010*"coin" + 0.006*"discord" + 0.005*"tipping" + 0.005*"chan" + 0.004*"feature" + 0.004*"need" + 0.003*"u" + 0.003*"name"
2018-08-28 07:37:15,703 : INFO : topic #20 (0.025): 0.014*"powr" + 0.014*"pbc" + 0.011*"teeka" + 0.011*"slr" + 0.009*"pick" + 0.009*"fake" + 0.007*"solar" + 0.006*"energy" + 0.006*"coin" + 0.005*"mit"
2018-08-28 07:37:15,707 : INFO : topic diff=0.011016, rho=0.150756
2018-08-28 07:37:28,823 : INFO : -8.375 per-word bound, 332.0 perplexity estimate based on a held-out corpus of 2653 documents with 1868102 words
2018-08-28 07:37:28,824 : INFO : PROGRESS: pass 43, at document #2653/2653
2018-08-28 07:37:38,172 : INFO : topic #23 (0.025): 0.009*"application" + 0.007*"platform" + 0.006*"token" + 0.005*"credit" + 0.004*"lead" + 0.004*"see" + 0.004*"idea" + 0.004*"loan" + 0.004*"product" + 0.004*"debt"
2018-08-28 07:37:38,173 : INFO : topic #6 (0.025): 0.015*"scam" + 0.012*"ark" + 0.011*"btc" + 0.008*"going" + 0.008*"get" + 0.005*"go" + 0.005*"arkies" + 0.005*"price" + 0.004*"deluded" + 0.004*"alt"
2018-08-28 07:37:38,175 : INFO : topic #25 (0.025): 0.001*"dickload" + 0.001*"smartcontractcoms" + 0.000*"finishd" + 0.000*"gangsta" + 0.000*"boyos11big" + 0.000*"4516967youre" + 0.000*"drunker" + 0.000*"binancelink" + 0.000*"overnighteither" + 0.000*"finishedi"
2018-08-28 07:37:38,176 : INFO : topic #20 (0.025): 0.015*"powr" + 0.014*"pbc" + 0.011*"teeka" + 0.011*"slr" + 0.010*"pick" + 0.009*"fake" + 0.007*"solar" + 0.006*"energy" + 0.006*"coin" + 0.005*"mit"
2018-08-28 07:37:38,177 : INFO : topic #17 (0.025): 0.007*"would" + 0.005*"money" + 0.004*"get" + 0.004*"organ" + 0.004*"phone" + 0.004*"like" + 0.003*"guy" + 0.003*"50" + 0.003*"comment" + 0.003*"big"
2018-08-28 07:37:38,181 : INFO : topic diff=0.010633, rho=0.149071
2018-08-28 07:37:51,218 : INFO : -8.374 per-word bound, 331.8 perplexity estimate based on a held-out corpus of 2653 documents with 1868102 words
2018-08-28 07:37:51,219 : INFO : PROGRESS: pass 44, at document #2653/2653
2018-08-28 07:38:00,846 : INFO : topic #4 (0.025): 0.007*"money" + 0.006*"trade" + 0.005*"like" + 0.005*"im" + 0.005*"make" + 0.005*"buy" + 0.005*"one" + 0.005*"time" + 0.005*"trading" + 0.004*"year"
2018-08-28 07:38:00,849 : INFO : topic #39 (0.025): 0.020*"rcn" + 0.017*"credit" + 0.015*"salt" + 0.013*"loan" + 0.007*"token" + 0.007*"lending" + 0.006*"market" + 0.006*"ripio" + 0.005*"lender" + 0.005*"billion"
2018-08-28 07:38:00,851 : INFO : topic #15 (0.025): 0.007*"year" + 0.004*"crypto" + 0.003*"digital" + 0.003*"like" + 0.003*"government" + 0.003*"world" + 0.003*"go" + 0.003*"life" + 0.003*"bubble" + 0.002*"work"
2018-08-28 07:38:00,852 : INFO : topic #24 (0.025): 0.012*"buy" + 0.010*"im" + 0.008*"coin" + 0.008*"going" + 0.007*"get" + 0.007*"like" + 0.007*"go" + 0.007*"fucking" + 0.006*"sell" + 0.006*"back"
2018-08-28 07:38:00,854 : INFO : topic #36 (0.025): 0.006*"english" + 0.004*"french" + 0.004*"a" + 0.003*"complement" + 0.003*"postcard" + 0.003*"in" + 0.003*"sent" + 0.003*"friend" + 0.003*"stephanie" + 0.003*"trevor"
2018-08-28 07:38:00,858 : INFO : topic diff=0.010263, rho=0.147442
2018-08-28 07:38:13,934 : INFO : -8.373 per-word bound, 331.6 perplexity estimate based on a held-out corpus of 2653 documents with 1868102 words
2018-08-28 07:38:13,935 : INFO : PROGRESS: pass 45, at document #2653/2653
2018-08-28 07:38:23,340 : INFO : topic #29 (0.025): 0.017*"god" + 0.017*"tell" + 0.017*"please" + 0.017*"oh" + 0.006*"asch" + 0.002*"ben" + 0.001*"liquidation" + 0.001*"jewess" + 0.001*"relational" + 0.001*"milker"
2018-08-28 07:38:23,344 : INFO : topic #33 (0.025): 0.013*"get" + 0.012*"like" + 0.010*"money" + 0.009*"im" + 0.009*"make" + 0.008*"want" + 0.006*"fucking" + 0.006*"fuck" + 0.006*"life" + 0.005*"shit"
2018-08-28 07:38:23,346 : INFO : topic #13 (0.025): 0.013*"wabi" + 0.008*"modum" + 0.008*"product" + 0.004*"company" + 0.004*"pharma" + 0.004*"use" + 0.003*"power" + 0.003*"work" + 0.003*"every" + 0.003*"ico"
2018-08-28 07:38:23,347 : INFO : topic #20 (0.025): 0.015*"powr" + 0.014*"pbc" + 0.011*"teeka" + 0.011*"slr" + 0.010*"pick" + 0.009*"fake" + 0.007*"solar" + 0.006*"energy" + 0.006*"coin" + 0.005*"mit"
2018-08-28 07:38:23,348 : INFO : topic #2 (0.025): 0.003*"agricultural" + 0.002*"f5" + 0.002*"vechain" + 0.002*"liaoning" + 0.002*"chip" + 0.001*"product" + 0.001*"academy" + 0.001*"science" + 0.001*"agriculture" + 0.001*"bottle"
2018-08-28 07:38:23,353 : INFO : topic diff=0.009914, rho=0.145865
2018-08-28 07:38:36,390 : INFO : -8.372 per-word bound, 331.4 perplexity estimate based on a held-out corpus of 2653 documents with 1868102 words
2018-08-28 07:38:36,391 : INFO : PROGRESS: pass 46, at document #2653/2653
2018-08-28 07:38:45,745 : INFO : topic #6 (0.025): 0.015*"scam" + 0.012*"ark" + 0.011*"btc" + 0.008*"going" + 0.008*"get" + 0.005*"go" + 0.005*"arkies" + 0.005*"price" + 0.004*"deluded" + 0.004*"wallet"
2018-08-28 07:38:45,747 : INFO : topic #19 (0.025): 0.004*"men" + 0.004*"computing" + 0.003*"gay" + 0.003*"woman" + 0.002*"rlc" + 0.002*"iexec" + 0.001*"930" + 0.001*"sexist" + 0.001*"trader" + 0.001*"guarantee"
2018-08-28 07:38:45,748 : INFO : topic #28 (0.025): 0.167*"chancoin" + 0.017*"4chn" + 0.010*"coin" + 0.006*"discord" + 0.005*"tipping" + 0.005*"chan" + 0.004*"feature" + 0.004*"need" + 0.003*"u" + 0.003*"name"
2018-08-28 07:38:45,749 : INFO : topic #15 (0.025): 0.007*"year" + 0.004*"crypto" + 0.003*"digital" + 0.003*"like" + 0.003*"government" + 0.003*"world" + 0.003*"go" + 0.003*"life" + 0.003*"bubble" + 0.002*"work"
2018-08-28 07:38:45,751 : INFO : topic #38 (0.025): 0.003*"python" + 0.001*"programming" + 0.001*"java" + 0.001*"c" + 0.001*"programmer" + 0.001*"bash" + 0.001*"nodejs" + 0.001*"dealt" + 0.000*"senseyou" + 0.000*"bitcoinwhat"
2018-08-28 07:38:45,755 : INFO : topic diff=0.009582, rho=0.144338
2018-08-28 07:38:58,866 : INFO : -8.371 per-word bound, 331.2 perplexity estimate based on a held-out corpus of 2653 documents with 1868102 words
2018-08-28 07:38:58,867 : INFO : PROGRESS: pass 47, at document #2653/2653
2018-08-28 07:39:08,242 : INFO : topic #32 (0.025): 0.014*"tax" + 0.011*"crypto" + 0.009*"pay" + 0.008*"like" + 0.008*"year" + 0.007*"money" + 0.007*"get" + 0.007*"monero" + 0.007*"gain" + 0.006*"would"
2018-08-28 07:39:08,243 : INFO : topic #7 (0.025): 0.010*"bat" + 0.004*"browser" + 0.004*"brave" + 0.003*"would" + 0.003*"ad" + 0.003*"one" + 0.003*"really" + 0.003*"join" + 0.003*"youtube" + 0.002*"group"
2018-08-28 07:39:08,245 : INFO : topic #30 (0.025): 0.029*"btc" + 0.024*"bch" + 0.023*"bitcoin" + 0.007*"people" + 0.006*"going" + 0.006*"like" + 0.006*"transaction" + 0.006*"cash" + 0.005*"get" + 0.005*"would"
2018-08-28 07:39:08,247 : INFO : topic #11 (0.025): 0.004*"tuna" + 0.004*"egg" + 0.003*"fbi" + 0.002*"eat" + 0.002*"fish" + 0.002*"microwave" + 0.002*"eating" + 0.002*"jam" + 0.002*"stellar" + 0.001*"12"
2018-08-28 07:39:08,248 : INFO : topic #36 (0.025): 0.006*"english" + 0.004*"french" + 0.004*"a" + 0.004*"complement" + 0.003*"postcard" + 0.003*"in" + 0.003*"sent" + 0.003*"stephanie" + 0.003*"friend" + 0.003*"trevor"
2018-08-28 07:39:08,252 : INFO : topic diff=0.009284, rho=0.142857
2018-08-28 07:39:21,327 : INFO : -8.371 per-word bound, 331.0 perplexity estimate based on a held-out corpus of 2653 documents with 1868102 words
2018-08-28 07:39:21,327 : INFO : PROGRESS: pass 48, at document #2653/2653
2018-08-28 07:39:30,708 : INFO : topic #20 (0.025): 0.016*"powr" + 0.015*"pbc" + 0.011*"slr" + 0.011*"teeka" + 0.010*"pick" + 0.010*"fake" + 0.007*"solar" + 0.007*"energy" + 0.006*"coin" + 0.005*"mit"
2018-08-28 07:39:30,710 : INFO : topic #23 (0.025): 0.009*"application" + 0.007*"platform" + 0.006*"token" + 0.005*"credit" + 0.004*"lead" + 0.004*"see" + 0.004*"idea" + 0.004*"loan" + 0.004*"product" + 0.004*"debt"
2018-08-28 07:39:30,712 : INFO : topic #18 (0.025): 0.019*"ark" + 0.007*"like" + 0.007*"get" + 0.007*"im" + 0.006*"one" + 0.005*"would" + 0.004*"shit" + 0.004*"make" + 0.004*"fucking" + 0.004*"good"
2018-08-28 07:39:30,713 : INFO : topic #9 (0.025): 0.031*"op" + 0.030*"roll" + 0.016*"dub" + 0.015*"get" + 0.012*"rolling" + 0.011*"thread" + 0.011*"thanks" + 0.011*"address" + 0.011*"trip" + 0.011*"please"
2018-08-28 07:39:30,714 : INFO : topic #39 (0.025): 0.021*"rcn" + 0.017*"credit" + 0.016*"salt" + 0.014*"loan" + 0.007*"token" + 0.007*"lending" + 0.006*"ripio" + 0.006*"market" + 0.005*"lender" + 0.005*"billion"
2018-08-28 07:39:30,718 : INFO : topic diff=0.008984, rho=0.141421
2018-08-28 07:39:43,805 : INFO : -8.370 per-word bound, 330.8 perplexity estimate based on a held-out corpus of 2653 documents with 1868102 words
2018-08-28 07:39:43,806 : INFO : PROGRESS: pass 49, at document #2653/2653
2018-08-28 07:39:53,236 : INFO : topic #34 (0.025): 0.041*"link" + 0.013*"token" + 0.011*"contract" + 0.011*"chainlink" + 0.010*"smart" + 0.009*"node" + 0.009*"use" + 0.009*"network" + 0.008*"blockchain" + 0.008*"data"
2018-08-28 07:39:53,238 : INFO : topic #3 (0.025): 0.012*"link" + 0.009*"linkies" + 0.008*"sergey" + 0.007*"linkie" + 0.007*"deranged" + 0.007*"one" + 0.006*"steve" + 0.005*"community" + 0.005*"rent" + 0.005*"chainlink"
2018-08-28 07:39:53,240 : INFO : topic #38 (0.025): 0.003*"python" + 0.001*"programming" + 0.001*"java" + 0.001*"programmer" + 0.001*"c" + 0.001*"bash" + 0.001*"nodejs" + 0.001*"dealt" + 0.000*"senseyou" + 0.000*"morganbuy"
2018-08-28 07:39:53,241 : INFO : topic #19 (0.025): 0.004*"men" + 0.004*"computing" + 0.003*"gay" + 0.003*"woman" + 0.002*"rlc" + 0.002*"iexec" + 0.001*"930" + 0.001*"sexist" + 0.001*"trader" + 0.001*"guarantee"
2018-08-28 07:39:53,243 : INFO : topic #11 (0.025): 0.004*"tuna" + 0.004*"egg" + 0.003*"fbi" + 0.002*"eat" + 0.002*"fish" + 0.002*"microwave" + 0.002*"eating" + 0.002*"jam" + 0.002*"stellar" + 0.001*"12"
2018-08-28 07:39:53,247 : INFO : topic diff=0.008715, rho=0.140028
2018-08-28 07:40:06,314 : INFO : -8.369 per-word bound, 330.6 perplexity estimate based on a held-out corpus of 2653 documents with 1868102 words
2018-08-28 07:40:06,315 : INFO : PROGRESS: pass 50, at document #2653/2653
2018-08-28 07:40:15,663 : INFO : topic #32 (0.025): 0.014*"tax" + 0.011*"crypto" + 0.009*"pay" + 0.008*"like" + 0.008*"year" + 0.007*"money" + 0.007*"get" + 0.007*"monero" + 0.007*"gain" + 0.006*"would"
2018-08-28 07:40:15,664 : INFO : topic #19 (0.025): 0.004*"men" + 0.004*"computing" + 0.003*"gay" + 0.003*"woman" + 0.002*"rlc" + 0.002*"iexec" + 0.001*"930" + 0.001*"sexist" + 0.001*"trader" + 0.001*"guarantee"
2018-08-28 07:40:15,666 : INFO : topic #26 (0.025): 0.007*"like" + 0.006*"time" + 0.005*"im" + 0.004*"get" + 0.004*"people" + 0.004*"good" + 0.004*"one" + 0.004*"day" + 0.003*"think" + 0.003*"work"
2018-08-28 07:40:15,667 : INFO : topic #11 (0.025): 0.004*"tuna" + 0.004*"egg" + 0.003*"fbi" + 0.002*"eat" + 0.002*"fish" + 0.002*"microwave" + 0.002*"eating" + 0.002*"jam" + 0.002*"stellar" + 0.001*"12"
2018-08-28 07:40:15,669 : INFO : topic #16 (0.025): 0.083*"sage" + 0.002*"estate" + 0.002*"trading" + 0.002*"tenant" + 0.001*"town" + 0.001*"video" + 0.001*"bulgaria" + 0.001*"sub" + 0.001*"got" + 0.001*"tu"
2018-08-28 07:40:15,673 : INFO : topic diff=0.008454, rho=0.138675
2018-08-28 07:40:28,859 : INFO : -8.368 per-word bound, 330.4 perplexity estimate based on a held-out corpus of 2653 documents with 1868102 words
2018-08-28 07:40:28,859 : INFO : PROGRESS: pass 51, at document #2653/2653
2018-08-28 07:40:38,241 : INFO : topic #37 (0.025): 0.008*"get" + 0.007*"like" + 0.006*"wallet" + 0.006*"im" + 0.006*"coin" + 0.006*"would" + 0.005*"people" + 0.005*"buy" + 0.005*"know" + 0.005*"fucking"
2018-08-28 07:40:38,243 : INFO : topic #19 (0.025): 0.004*"men" + 0.004*"computing" + 0.003*"gay" + 0.003*"woman" + 0.002*"rlc" + 0.002*"iexec" + 0.001*"930" + 0.001*"sexist" + 0.001*"trader" + 0.001*"guarantee"
2018-08-28 07:40:38,245 : INFO : topic #38 (0.025): 0.003*"python" + 0.001*"programming" + 0.001*"java" + 0.001*"programmer" + 0.001*"c" + 0.001*"bash" + 0.001*"nodejs" + 0.001*"dealt" + 0.000*"senseyou" + 0.000*"it4chan"
2018-08-28 07:40:38,246 : INFO : topic #11 (0.025): 0.004*"tuna" + 0.004*"egg" + 0.003*"fbi" + 0.002*"eat" + 0.002*"fish" + 0.002*"microwave" + 0.002*"eating" + 0.002*"jam" + 0.002*"stellar" + 0.001*"12"
2018-08-28 07:40:38,247 : INFO : topic #27 (0.025): 0.018*"tether" + 0.009*"like" + 0.009*"get" + 0.009*"market" + 0.008*"btc" + 0.008*"stock" + 0.008*"buy" + 0.008*"money" + 0.007*"bitfinex" + 0.007*"going"
2018-08-28 07:40:38,251 : INFO : topic diff=0.008198, rho=0.137361
2018-08-28 07:40:51,395 : INFO : -8.367 per-word bound, 330.2 perplexity estimate based on a held-out corpus of 2653 documents with 1868102 words
2018-08-28 07:40:51,396 : INFO : PROGRESS: pass 52, at document #2653/2653
2018-08-28 07:41:00,789 : INFO : topic #16 (0.025): 0.083*"sage" + 0.002*"estate" + 0.002*"trading" + 0.002*"tenant" + 0.001*"town" + 0.001*"video" + 0.001*"bulgaria" + 0.001*"sub" + 0.001*"got" + 0.001*"tu"
2018-08-28 07:41:00,791 : INFO : topic #19 (0.025): 0.004*"men" + 0.004*"computing" + 0.003*"gay" + 0.003*"woman" + 0.002*"rlc" + 0.002*"iexec" + 0.001*"930" + 0.001*"sexist" + 0.001*"trader" + 0.001*"guarantee"
2018-08-28 07:41:00,792 : INFO : topic #17 (0.025): 0.007*"would" + 0.005*"money" + 0.004*"organ" + 0.004*"phone" + 0.004*"get" + 0.004*"like" + 0.003*"comment" + 0.003*"50" + 0.003*"big" + 0.003*"guy"
2018-08-28 07:41:00,794 : INFO : topic #35 (0.025): 0.002*"60m" + 0.001*"offset" + 0.001*"maintain" + 0.001*"100m" + 0.001*"maker" + 0.001*"transact" + 0.001*"065" + 0.001*"241" + 0.001*"75m" + 0.001*"100million"
2018-08-28 07:41:00,795 : INFO : topic #13 (0.025): 0.013*"wabi" + 0.008*"modum" + 0.008*"product" + 0.004*"company" + 0.004*"pharma" + 0.003*"use" + 0.003*"power" + 0.003*"work" + 0.003*"shipment" + 0.003*"every"
2018-08-28 07:41:00,799 : INFO : topic diff=0.007954, rho=0.136083
2018-08-28 07:41:13,879 : INFO : -8.367 per-word bound, 330.1 perplexity estimate based on a held-out corpus of 2653 documents with 1868102 words
2018-08-28 07:41:13,879 : INFO : PROGRESS: pass 53, at document #2653/2653
2018-08-28 07:41:23,249 : INFO : topic #37 (0.025): 0.008*"get" + 0.007*"like" + 0.006*"wallet" + 0.006*"im" + 0.006*"coin" + 0.006*"would" + 0.005*"people" + 0.005*"buy" + 0.005*"know" + 0.005*"fucking"
2018-08-28 07:41:23,253 : INFO : topic #30 (0.025): 0.029*"btc" + 0.024*"bch" + 0.023*"bitcoin" + 0.007*"people" + 0.006*"going" + 0.006*"like" + 0.006*"transaction" + 0.006*"cash" + 0.005*"would" + 0.005*"get"
2018-08-28 07:41:23,254 : INFO : topic #5 (0.025): 0.017*"job" + 0.012*"year" + 0.009*"get" + 0.007*"im" + 0.007*"school" + 0.007*"work" + 0.006*"degree" + 0.006*"time" + 0.005*"good" + 0.005*"college"
2018-08-28 07:41:23,256 : INFO : topic #31 (0.025): 0.031*"card" + 0.009*"monaco" + 0.007*"tenx" + 0.007*"visa" + 0.007*"mco" + 0.004*"tokencard" + 0.004*"vega" + 0.004*"debit" + 0.004*"rig" + 0.003*"que"
2018-08-28 07:41:23,257 : INFO : topic #24 (0.025): 0.013*"buy" + 0.010*"im" + 0.008*"coin" + 0.008*"going" + 0.008*"like" + 0.008*"get" + 0.008*"go" + 0.007*"fucking" + 0.006*"sell" + 0.006*"back"
2018-08-28 07:41:23,261 : INFO : topic diff=0.007730, rho=0.134840
2018-08-28 07:41:36,402 : INFO : -8.366 per-word bound, 329.9 perplexity estimate based on a held-out corpus of 2653 documents with 1868102 words
2018-08-28 07:41:36,403 : INFO : PROGRESS: pass 54, at document #2653/2653
2018-08-28 07:41:45,747 : INFO : topic #10 (0.025): 0.016*"neo" + 0.009*"buy" + 0.008*"like" + 0.007*"news" + 0.007*"coin" + 0.007*"going" + 0.006*"link" + 0.006*"get" + 0.006*"im" + 0.005*"one"
2018-08-28 07:41:45,748 : INFO : topic #1 (0.025): 0.005*"wine" + 0.004*"billion" + 0.003*"ripple" + 0.002*"marketcap" + 0.002*"million" + 0.002*"potential" + 0.002*"supply" + 0.002*"600" + 0.002*"likely" + 0.001*"circulating"
2018-08-28 07:41:45,750 : INFO : topic #25 (0.025): 0.001*"dickload" + 0.001*"smartcontractcoms" + 0.000*"gangsta" + 0.000*"finishd" + 0.000*"overnighteither" + 0.000*"binancelink" + 0.000*"btclook" + 0.000*"boyos11big" + 0.000*"finishedi" + 0.000*"015too"
2018-08-28 07:41:45,751 : INFO : topic #2 (0.025): 0.003*"agricultural" + 0.002*"f5" + 0.002*"vechain" + 0.002*"liaoning" + 0.002*"chip" + 0.001*"product" + 0.001*"science" + 0.001*"academy" + 0.001*"agriculture" + 0.001*"bottle"
2018-08-28 07:41:45,753 : INFO : topic #18 (0.025): 0.020*"ark" + 0.007*"like" + 0.007*"get" + 0.007*"im" + 0.006*"one" + 0.005*"would" + 0.004*"shit" + 0.004*"make" + 0.004*"fucking" + 0.004*"good"
2018-08-28 07:41:45,757 : INFO : topic diff=0.007509, rho=0.133631
2018-08-28 07:41:58,847 : INFO : -8.365 per-word bound, 329.7 perplexity estimate based on a held-out corpus of 2653 documents with 1868102 words
2018-08-28 07:41:58,848 : INFO : PROGRESS: pass 55, at document #2653/2653
2018-08-28 07:42:08,221 : INFO : topic #11 (0.025): 0.004*"tuna" + 0.004*"egg" + 0.003*"fbi" + 0.002*"eat" + 0.002*"fish" + 0.002*"microwave" + 0.002*"eating" + 0.002*"jam" + 0.002*"stellar" + 0.001*"12"
2018-08-28 07:42:08,223 : INFO : topic #12 (0.025): 0.017*"bitbay" + 0.007*"marketplace" + 0.005*"bay" + 0.005*"neutrality" + 0.005*"lmc" + 0.004*"1" + 0.004*"net" + 0.003*"vtc" + 0.003*"grs" + 0.003*"internet"
2018-08-28 07:42:08,225 : INFO : topic #6 (0.025): 0.016*"scam" + 0.013*"ark" + 0.010*"btc" + 0.008*"going" + 0.007*"get" + 0.005*"arkies" + 0.005*"go" + 0.005*"price" + 0.005*"deluded" + 0.004*"wallet"
2018-08-28 07:42:08,226 : INFO : topic #32 (0.025): 0.014*"tax" + 0.011*"crypto" + 0.009*"pay" + 0.008*"year" + 0.008*"like" + 0.008*"money" + 0.007*"get" + 0.007*"monero" + 0.007*"gain" + 0.006*"would"
2018-08-28 07:42:08,227 : INFO : topic #22 (0.025): 0.047*"iota" + 0.006*"transaction" + 0.005*"giota" + 0.004*"tangle" + 0.004*"wallet" + 0.004*"address" + 0.004*"foundation" + 0.003*"devs" + 0.003*"balance" + 0.003*"reclaim"
2018-08-28 07:42:08,231 : INFO : topic diff=0.007305, rho=0.132453
2018-08-28 07:42:21,535 : INFO : -8.365 per-word bound, 329.6 perplexity estimate based on a held-out corpus of 2653 documents with 1868102 words
2018-08-28 07:42:21,536 : INFO : PROGRESS: pass 56, at document #2653/2653
2018-08-28 07:42:30,894 : INFO : topic #3 (0.025): 0.012*"link" + 0.009*"linkies" + 0.008*"sergey" + 0.007*"linkie" + 0.007*"deranged" + 0.007*"one" + 0.006*"steve" + 0.005*"community" + 0.005*"rent" + 0.005*"chainlink"
2018-08-28 07:42:30,896 : INFO : topic #13 (0.025): 0.013*"wabi" + 0.008*"modum" + 0.008*"product" + 0.004*"company" + 0.004*"pharma" + 0.003*"power" + 0.003*"use" + 0.003*"shipment" + 0.003*"work" + 0.003*"every"
2018-08-28 07:42:30,897 : INFO : topic #38 (0.025): 0.003*"python" + 0.001*"java" + 0.001*"programming" + 0.001*"programmer" + 0.001*"c" + 0.001*"nodejs" + 0.001*"bash" + 0.001*"dealt" + 0.000*"againneat" + 0.000*"leeeejun"
2018-08-28 07:42:30,899 : INFO : topic #15 (0.025): 0.007*"year" + 0.003*"digital" + 0.003*"government" + 0.003*"crypto" + 0.003*"world" + 0.003*"like" + 0.003*"bubble" + 0.002*"life" + 0.002*"work" + 0.002*"next"
2018-08-28 07:42:30,900 : INFO : topic #39 (0.025): 0.021*"rcn" + 0.018*"salt" + 0.018*"credit" + 0.014*"loan" + 0.007*"token" + 0.007*"lending" + 0.007*"ripio" + 0.006*"market" + 0.006*"lender" + 0.005*"billion"
2018-08-28 07:42:30,904 : INFO : topic diff=0.007110, rho=0.131306
2018-08-28 07:42:44,230 : INFO : -8.364 per-word bound, 329.4 perplexity estimate based on a held-out corpus of 2653 documents with 1868102 words
2018-08-28 07:42:44,231 : INFO : PROGRESS: pass 57, at document #2653/2653
2018-08-28 07:42:53,598 : INFO : topic #29 (0.025): 0.017*"god" + 0.017*"tell" + 0.017*"please" + 0.017*"oh" + 0.006*"asch" + 0.002*"ben" + 0.001*"liquidation" + 0.001*"jewess" + 0.001*"relational" + 0.001*"khazar"
2018-08-28 07:42:53,602 : INFO : topic #23 (0.025): 0.010*"application" + 0.007*"platform" + 0.006*"credit" + 0.005*"token" + 0.004*"lead" + 0.004*"see" + 0.004*"idea" + 0.004*"loan" + 0.004*"debt" + 0.004*"product"
2018-08-28 07:42:53,603 : INFO : topic #30 (0.025): 0.029*"btc" + 0.024*"bch" + 0.023*"bitcoin" + 0.007*"people" + 0.006*"going" + 0.006*"like" + 0.006*"transaction" + 0.006*"cash" + 0.006*"would" + 0.005*"get"
2018-08-28 07:42:53,605 : INFO : topic #2 (0.025): 0.003*"agricultural" + 0.002*"f5" + 0.002*"vechain" + 0.002*"liaoning" + 0.002*"chip" + 0.001*"product" + 0.001*"academy" + 0.001*"science" + 0.001*"agriculture" + 0.001*"bottle"
2018-08-28 07:42:53,606 : INFO : topic #16 (0.025): 0.084*"sage" + 0.002*"estate" + 0.002*"trading" + 0.002*"tenant" + 0.001*"town" + 0.001*"video" + 0.001*"bulgaria" + 0.001*"sub" + 0.001*"tu" + 0.001*"stoploss"
2018-08-28 07:42:53,610 : INFO : topic diff=0.006917, rho=0.130189
2018-08-28 07:43:06,844 : INFO : -8.363 per-word bound, 329.3 perplexity estimate based on a held-out corpus of 2653 documents with 1868102 words
2018-08-28 07:43:06,846 : INFO : PROGRESS: pass 58, at document #2653/2653
2018-08-28 07:43:16,219 : INFO : topic #22 (0.025): 0.048*"iota" + 0.006*"transaction" + 0.005*"giota" + 0.004*"tangle" + 0.004*"wallet" + 0.004*"address" + 0.004*"foundation" + 0.003*"devs" + 0.003*"balance" + 0.003*"reclaim"
2018-08-28 07:43:16,220 : INFO : topic #14 (0.025): 0.014*"coin" + 0.009*"token" + 0.008*"ico" + 0.008*"project" + 0.008*"like" + 0.007*"req" + 0.007*"get" + 0.007*"team" + 0.007*"buy" + 0.006*"market"
2018-08-28 07:43:16,222 : INFO : topic #5 (0.025): 0.017*"job" + 0.012*"year" + 0.009*"get" + 0.008*"school" + 0.008*"work" + 0.007*"im" + 0.006*"degree" + 0.006*"time" + 0.005*"college" + 0.005*"good"
2018-08-28 07:43:16,223 : INFO : topic #23 (0.025): 0.010*"application" + 0.007*"platform" + 0.006*"credit" + 0.005*"token" + 0.004*"lead" + 0.004*"see" + 0.004*"idea" + 0.004*"loan" + 0.004*"debt" + 0.004*"product"
2018-08-28 07:43:16,225 : INFO : topic #38 (0.025): 0.003*"python" + 0.001*"java" + 0.001*"programming" + 0.001*"programmer" + 0.001*"c" + 0.001*"nodejs" + 0.001*"bash" + 0.001*"dealt" + 0.000*"btfoill" + 0.000*"it4chan"
2018-08-28 07:43:16,229 : INFO : topic diff=0.006739, rho=0.129099
2018-08-28 07:43:29,319 : INFO : -8.363 per-word bound, 329.1 perplexity estimate based on a held-out corpus of 2653 documents with 1868102 words
2018-08-28 07:43:29,319 : INFO : PROGRESS: pass 59, at document #2653/2653
2018-08-28 07:43:38,692 : INFO : topic #26 (0.025): 0.007*"like" + 0.006*"time" + 0.005*"im" + 0.004*"get" + 0.004*"good" + 0.004*"people" + 0.004*"one" + 0.004*"day" + 0.003*"work" + 0.003*"long"
2018-08-28 07:43:38,694 : INFO : topic #3 (0.025): 0.012*"link" + 0.009*"linkies" + 0.008*"sergey" + 0.007*"linkie" + 0.007*"deranged" + 0.007*"one" + 0.006*"steve" + 0.005*"community" + 0.005*"rent" + 0.005*"chainlink"
2018-08-28 07:43:38,695 : INFO : topic #32 (0.025): 0.014*"tax" + 0.011*"crypto" + 0.009*"pay" + 0.008*"year" + 0.008*"like" + 0.008*"money" + 0.007*"get" + 0.007*"monero" + 0.007*"gain" + 0.006*"would"
2018-08-28 07:43:38,696 : INFO : topic #9 (0.025): 0.031*"roll" + 0.031*"op" + 0.016*"dub" + 0.015*"get" + 0.012*"rolling" + 0.012*"thread" + 0.011*"address" + 0.011*"thanks" + 0.011*"trip" + 0.011*"please"
2018-08-28 07:43:38,697 : INFO : topic #17 (0.025): 0.007*"would" + 0.005*"organ" + 0.004*"money" + 0.004*"phone" + 0.004*"comment" + 0.003*"like" + 0.003*"50" + 0.003*"get" + 0.003*"big" + 0.003*"amazon"
2018-08-28 07:43:38,701 : INFO : topic diff=0.006568, rho=0.128037
2018-08-28 07:43:51,782 : INFO : -8.362 per-word bound, 329.0 perplexity estimate based on a held-out corpus of 2653 documents with 1868102 words
2018-08-28 07:43:51,783 : INFO : PROGRESS: pass 60, at document #2653/2653
2018-08-28 07:44:01,144 : INFO : topic #39 (0.025): 0.021*"rcn" + 0.019*"salt" + 0.018*"credit" + 0.014*"loan" + 0.007*"token" + 0.007*"lending" + 0.007*"ripio" + 0.006*"market" + 0.006*"lender" + 0.005*"billion"
2018-08-28 07:44:01,145 : INFO : topic #28 (0.025): 0.169*"chancoin" + 0.017*"4chn" + 0.010*"coin" + 0.006*"discord" + 0.005*"tipping" + 0.005*"chan" + 0.004*"feature" + 0.004*"need" + 0.003*"name" + 0.003*"u"
2018-08-28 07:44:01,146 : INFO : topic #3 (0.025): 0.011*"link" + 0.009*"linkies" + 0.008*"sergey" + 0.007*"linkie" + 0.007*"deranged" + 0.007*"one" + 0.006*"steve" + 0.005*"community" + 0.005*"rent" + 0.005*"chainlink"
2018-08-28 07:44:01,148 : INFO : topic #33 (0.025): 0.013*"get" + 0.012*"like" + 0.010*"money" + 0.009*"im" + 0.009*"make" + 0.008*"want" + 0.006*"fucking" + 0.006*"fuck" + 0.006*"shit" + 0.006*"life"
2018-08-28 07:44:01,149 : INFO : topic #36 (0.025): 0.006*"english" + 0.004*"french" + 0.004*"a" + 0.004*"complement" + 0.003*"postcard" + 0.003*"in" + 0.003*"sent" + 0.003*"stephanie" + 0.003*"trevor" + 0.003*"friend"
2018-08-28 07:44:01,153 : INFO : topic diff=0.006404, rho=0.127000
2018-08-28 07:44:14,246 : INFO : -8.361 per-word bound, 328.9 perplexity estimate based on a held-out corpus of 2653 documents with 1868102 words
2018-08-28 07:44:14,247 : INFO : PROGRESS: pass 61, at document #2653/2653
2018-08-28 07:44:23,603 : INFO : topic #4 (0.025): 0.007*"money" + 0.006*"trade" + 0.005*"like" + 0.005*"make" + 0.005*"im" + 0.005*"one" + 0.005*"trading" + 0.005*"time" + 0.005*"buy" + 0.004*"market"
2018-08-28 07:44:23,605 : INFO : topic #7 (0.025): 0.011*"bat" + 0.004*"browser" + 0.004*"brave" + 0.003*"ad" + 0.003*"youtube" + 0.003*"would" + 0.003*"join" + 0.003*"really" + 0.002*"group" + 0.002*"one"
2018-08-28 07:44:23,606 : INFO : topic #23 (0.025): 0.010*"application" + 0.007*"platform" + 0.006*"credit" + 0.005*"token" + 0.004*"lead" + 0.004*"see" + 0.004*"idea" + 0.004*"loan" + 0.004*"debt" + 0.004*"product"
2018-08-28 07:44:23,608 : INFO : topic #12 (0.025): 0.018*"bitbay" + 0.007*"marketplace" + 0.005*"bay" + 0.005*"neutrality" + 0.005*"lmc" + 0.004*"1" + 0.004*"net" + 0.004*"vtc" + 0.003*"grs" + 0.003*"internet"
2018-08-28 07:44:23,609 : INFO : topic #1 (0.025): 0.005*"wine" + 0.004*"billion" + 0.003*"ripple" + 0.002*"marketcap" + 0.002*"million" + 0.002*"supply" + 0.002*"potential" + 0.002*"600" + 0.002*"likely" + 0.001*"circulating"
2018-08-28 07:44:23,613 : INFO : topic diff=0.006245, rho=0.125988
2018-08-28 07:44:36,786 : INFO : -8.361 per-word bound, 328.7 perplexity estimate based on a held-out corpus of 2653 documents with 1868102 words
2018-08-28 07:44:36,786 : INFO : PROGRESS: pass 62, at document #2653/2653
2018-08-28 07:44:46,144 : INFO : topic #16 (0.025): 0.084*"sage" + 0.002*"trading" + 0.002*"estate" + 0.002*"tenant" + 0.001*"town" + 0.001*"bulgaria" + 0.001*"sub" + 0.001*"video" + 0.001*"tu" + 0.001*"stoploss"
2018-08-28 07:44:46,145 : INFO : topic #17 (0.025): 0.007*"would" + 0.005*"organ" + 0.004*"money" + 0.004*"phone" + 0.004*"comment" + 0.003*"like" + 0.003*"50" + 0.003*"big" + 0.003*"amazon" + 0.003*"get"
2018-08-28 07:44:46,147 : INFO : topic #38 (0.025): 0.003*"python" + 0.001*"java" + 0.001*"programming" + 0.001*"programmer" + 0.001*"c" + 0.001*"nodejs" + 0.001*"bash" + 0.001*"dealt" + 0.000*"hyperledgers" + 0.000*"againneat"
2018-08-28 07:44:46,149 : INFO : topic #25 (0.025): 0.001*"dickload" + 0.001*"smartcontractcoms" + 0.000*"finishedi" + 0.000*"drunker" + 0.000*"finishd" + 0.000*"015too" + 0.000*"gangsta" + 0.000*"boyos11big" + 0.000*"4516967youre" + 0.000*"binancelink"
2018-08-28 07:44:46,150 : INFO : topic #8 (0.025): 0.023*"cos" + 0.015*"exchange" + 0.008*"coin" + 0.006*"volume" + 0.004*"binance" + 0.004*"bts" + 0.004*"btc" + 0.004*"like" + 0.004*"buy" + 0.004*"get"
2018-08-28 07:44:46,154 : INFO : topic diff=0.006089, rho=0.125000
2018-08-28 07:44:59,285 : INFO : -8.360 per-word bound, 328.6 perplexity estimate based on a held-out corpus of 2653 documents with 1868102 words
2018-08-28 07:44:59,286 : INFO : PROGRESS: pass 63, at document #2653/2653
2018-08-28 07:45:08,629 : INFO : topic #9 (0.025): 0.031*"roll" + 0.031*"op" + 0.016*"dub" + 0.015*"get" + 0.012*"rolling" + 0.012*"thread" + 0.011*"address" + 0.011*"thanks" + 0.011*"trip" + 0.011*"please"
2018-08-28 07:45:08,631 : INFO : topic #36 (0.025): 0.006*"english" + 0.004*"a" + 0.004*"french" + 0.004*"complement" + 0.003*"postcard" + 0.003*"in" + 0.003*"sent" + 0.003*"stephanie" + 0.003*"trevor" + 0.003*"friend"
2018-08-28 07:45:08,632 : INFO : topic #38 (0.025): 0.003*"python" + 0.001*"java" + 0.001*"programming" + 0.001*"programmer" + 0.001*"nodejs" + 0.001*"c" + 0.001*"bash" + 0.001*"dealt" + 0.000*"bitcoinwhat" + 0.000*"dntwhoops"
2018-08-28 07:45:08,634 : INFO : topic #18 (0.025): 0.021*"ark" + 0.007*"like" + 0.007*"get" + 0.007*"im" + 0.006*"one" + 0.005*"would" + 0.004*"shit" + 0.004*"fucking" + 0.004*"make" + 0.004*"good"
2018-08-28 07:45:08,635 : INFO : topic #20 (0.025): 0.019*"powr" + 0.017*"pbc" + 0.012*"slr" + 0.011*"teeka" + 0.011*"pick" + 0.010*"fake" + 0.008*"solar" + 0.008*"energy" + 0.007*"coin" + 0.005*"mit"
2018-08-28 07:45:08,639 : INFO : topic diff=0.005946, rho=0.124035
2018-08-28 07:45:21,719 : INFO : -8.360 per-word bound, 328.5 perplexity estimate based on a held-out corpus of 2653 documents with 1868102 words
2018-08-28 07:45:21,719 : INFO : PROGRESS: pass 64, at document #2653/2653
2018-08-28 07:45:31,098 : INFO : topic #28 (0.025): 0.170*"chancoin" + 0.017*"4chn" + 0.010*"coin" + 0.006*"discord" + 0.005*"tipping" + 0.005*"chan" + 0.004*"feature" + 0.004*"need" + 0.004*"name" + 0.003*"u"
2018-08-28 07:45:31,099 : INFO : topic #11 (0.025): 0.004*"tuna" + 0.004*"egg" + 0.003*"fbi" + 0.002*"eat" + 0.002*"fish" + 0.002*"microwave" + 0.002*"jam" + 0.002*"eating" + 0.002*"stellar" + 0.001*"sue"
2018-08-28 07:45:31,101 : INFO : topic #31 (0.025): 0.031*"card" + 0.010*"monaco" + 0.007*"tenx" + 0.007*"mco" + 0.007*"visa" + 0.004*"tokencard" + 0.004*"vega" + 0.004*"debit" + 0.004*"rig" + 0.003*"que"
2018-08-28 07:45:31,102 : INFO : topic #36 (0.025): 0.006*"english" + 0.004*"a" + 0.004*"french" + 0.004*"complement" + 0.003*"postcard" + 0.003*"in" + 0.003*"sent" + 0.003*"stephanie" + 0.003*"trevor" + 0.003*"friend"
2018-08-28 07:45:31,104 : INFO : topic #4 (0.025): 0.007*"money" + 0.006*"trade" + 0.005*"like" + 0.005*"make" + 0.005*"trading" + 0.005*"one" + 0.005*"im" + 0.005*"time" + 0.005*"buy" + 0.004*"market"
2018-08-28 07:45:31,108 : INFO : topic diff=0.005801, rho=0.123091
2018-08-28 07:45:44,232 : INFO : -8.359 per-word bound, 328.4 perplexity estimate based on a held-out corpus of 2653 documents with 1868102 words
2018-08-28 07:45:44,232 : INFO : PROGRESS: pass 65, at document #2653/2653
2018-08-28 07:45:53,571 : INFO : topic #8 (0.025): 0.024*"cos" + 0.016*"exchange" + 0.008*"coin" + 0.006*"volume" + 0.004*"binance" + 0.004*"bts" + 0.004*"btc" + 0.004*"like" + 0.004*"buy" + 0.004*"get"
2018-08-28 07:45:53,574 : INFO : topic #28 (0.025): 0.170*"chancoin" + 0.017*"4chn" + 0.010*"coin" + 0.006*"discord" + 0.005*"tipping" + 0.005*"chan" + 0.004*"feature" + 0.004*"need" + 0.004*"name" + 0.003*"u"
2018-08-28 07:45:53,576 : INFO : topic #16 (0.025): 0.084*"sage" + 0.002*"trading" + 0.002*"estate" + 0.002*"tenant" + 0.001*"town" + 0.001*"sub" + 0.001*"bulgaria" + 0.001*"video" + 0.001*"tu" + 0.001*"stoploss"
2018-08-28 07:45:53,577 : INFO : topic #11 (0.025): 0.004*"tuna" + 0.004*"egg" + 0.003*"fbi" + 0.002*"eat" + 0.002*"fish" + 0.002*"microwave" + 0.002*"jam" + 0.002*"eating" + 0.002*"stellar" + 0.001*"sue"
2018-08-28 07:45:53,579 : INFO : topic #18 (0.025): 0.021*"ark" + 0.007*"like" + 0.007*"get" + 0.007*"im" + 0.006*"one" + 0.005*"would" + 0.004*"shit" + 0.004*"fucking" + 0.004*"make" + 0.004*"good"
2018-08-28 07:45:53,583 : INFO : topic diff=0.005666, rho=0.122169
2018-08-28 07:46:06,736 : INFO : -8.359 per-word bound, 328.3 perplexity estimate based on a held-out corpus of 2653 documents with 1868102 words
2018-08-28 07:46:06,737 : INFO : PROGRESS: pass 66, at document #2653/2653
2018-08-28 07:46:16,117 : INFO : topic #21 (0.025): 0.012*"people" + 0.009*"like" + 0.006*"get" + 0.005*"fucking" + 0.005*"think" + 0.005*"would" + 0.005*"thing" + 0.004*"make" + 0.004*"shit" + 0.004*"know"
2018-08-28 07:46:16,118 : INFO : topic #17 (0.025): 0.007*"would" + 0.005*"organ" + 0.004*"money" + 0.004*"phone" + 0.004*"comment" + 0.003*"like" + 0.003*"50" + 0.003*"big" + 0.003*"amazon" + 0.003*"sue"
2018-08-28 07:46:16,119 : INFO : topic #14 (0.025): 0.014*"coin" + 0.009*"token" + 0.009*"ico" + 0.008*"project" + 0.008*"like" + 0.007*"req" + 0.007*"team" + 0.007*"get" + 0.007*"buy" + 0.006*"market"
2018-08-28 07:46:16,121 : INFO : topic #6 (0.025): 0.018*"scam" + 0.014*"ark" + 0.009*"btc" + 0.008*"going" + 0.007*"get" + 0.006*"arkies" + 0.005*"deluded" + 0.005*"price" + 0.005*"go" + 0.004*"wallet"
2018-08-28 07:46:16,122 : INFO : topic #34 (0.025): 0.044*"link" + 0.013*"token" + 0.011*"contract" + 0.011*"chainlink" + 0.010*"smart" + 0.009*"node" + 0.009*"use" + 0.008*"network" + 0.008*"data" + 0.008*"blockchain"
2018-08-28 07:46:16,126 : INFO : topic diff=0.005530, rho=0.121268
2018-08-28 07:46:29,241 : INFO : -8.358 per-word bound, 328.1 perplexity estimate based on a held-out corpus of 2653 documents with 1868102 words
2018-08-28 07:46:29,241 : INFO : PROGRESS: pass 67, at document #2653/2653
2018-08-28 07:46:38,569 : INFO : topic #34 (0.025): 0.044*"link" + 0.013*"token" + 0.011*"contract" + 0.011*"chainlink" + 0.010*"smart" + 0.009*"node" + 0.009*"use" + 0.008*"network" + 0.008*"data" + 0.008*"blockchain"
2018-08-28 07:46:38,571 : INFO : topic #19 (0.025): 0.004*"men" + 0.004*"computing" + 0.004*"gay" + 0.003*"woman" + 0.002*"rlc" + 0.002*"iexec" + 0.002*"930" + 0.001*"sexist" + 0.001*"trader" + 0.001*"minereum"
2018-08-28 07:46:38,573 : INFO : topic #36 (0.025): 0.006*"english" + 0.004*"a" + 0.004*"french" + 0.004*"complement" + 0.003*"postcard" + 0.003*"in" + 0.003*"sent" + 0.003*"stephanie" + 0.003*"trevor" + 0.003*"friend"
2018-08-28 07:46:38,574 : INFO : topic #39 (0.025): 0.021*"rcn" + 0.019*"salt" + 0.018*"credit" + 0.015*"loan" + 0.007*"token" + 0.007*"lending" + 0.007*"ripio" + 0.006*"market" + 0.006*"lender" + 0.005*"billion"
2018-08-28 07:46:38,575 : INFO : topic #31 (0.025): 0.031*"card" + 0.010*"monaco" + 0.007*"tenx" + 0.007*"mco" + 0.007*"visa" + 0.004*"tokencard" + 0.004*"vega" + 0.004*"debit" + 0.004*"rig" + 0.003*"que"
2018-08-28 07:46:38,579 : INFO : topic diff=0.005405, rho=0.120386
2018-08-28 07:46:51,708 : INFO : -8.358 per-word bound, 328.0 perplexity estimate based on a held-out corpus of 2653 documents with 1868102 words
2018-08-28 07:46:51,709 : INFO : PROGRESS: pass 68, at document #2653/2653
2018-08-28 07:47:01,067 : INFO : topic #26 (0.025): 0.006*"like" + 0.006*"time" + 0.004*"im" + 0.004*"good" + 0.004*"people" + 0.004*"get" + 0.003*"work" + 0.003*"long" + 0.003*"day" + 0.003*"one"
2018-08-28 07:47:01,068 : INFO : topic #16 (0.025): 0.085*"sage" + 0.002*"trading" + 0.002*"estate" + 0.002*"tenant" + 0.001*"town" + 0.001*"sub" + 0.001*"bulgaria" + 0.001*"video" + 0.001*"tu" + 0.001*"stoploss"
2018-08-28 07:47:01,070 : INFO : topic #12 (0.025): 0.018*"bitbay" + 0.007*"marketplace" + 0.006*"bay" + 0.005*"neutrality" + 0.005*"lmc" + 0.004*"1" + 0.004*"net" + 0.004*"vtc" + 0.003*"grs" + 0.003*"internet"
2018-08-28 07:47:01,071 : INFO : topic #25 (0.025): 0.001*"smartcontractcoms" + 0.001*"dickload" + 0.000*"finishedi" + 0.000*"4516967youre" + 0.000*"happeningone" + 0.000*"015too" + 0.000*"overnighteither" + 0.000*"boyos11big" + 0.000*"drunker" + 0.000*"finishd"
2018-08-28 07:47:01,072 : INFO : topic #28 (0.025): 0.170*"chancoin" + 0.017*"4chn" + 0.010*"coin" + 0.006*"discord" + 0.005*"tipping" + 0.005*"chan" + 0.004*"feature" + 0.004*"need" + 0.004*"name" + 0.004*"u"
2018-08-28 07:47:01,077 : INFO : topic diff=0.005281, rho=0.119523
2018-08-28 07:47:14,359 : INFO : -8.357 per-word bound, 327.9 perplexity estimate based on a held-out corpus of 2653 documents with 1868102 words
2018-08-28 07:47:14,361 : INFO : PROGRESS: pass 69, at document #2653/2653
2018-08-28 07:47:23,681 : INFO : topic #28 (0.025): 0.170*"chancoin" + 0.017*"4chn" + 0.010*"coin" + 0.006*"discord" + 0.005*"tipping" + 0.005*"chan" + 0.004*"feature" + 0.004*"need" + 0.004*"name" + 0.004*"u"
2018-08-28 07:47:23,684 : INFO : topic #37 (0.025): 0.008*"get" + 0.007*"like" + 0.007*"wallet" + 0.006*"im" + 0.006*"coin" + 0.006*"would" + 0.005*"people" + 0.005*"know" + 0.005*"fucking" + 0.005*"buy"
2018-08-28 07:47:23,685 : INFO : topic #29 (0.025): 0.017*"god" + 0.017*"tell" + 0.017*"please" + 0.017*"oh" + 0.006*"asch" + 0.002*"ben" + 0.001*"liquidation" + 0.001*"jewess" + 0.001*"relational" + 0.001*"milker"
2018-08-28 07:47:23,686 : INFO : topic #0 (0.025): 0.024*"future" + 0.012*"contract" + 0.005*"stellar" + 0.005*"dump" + 0.005*"steal" + 0.004*"s2x" + 0.003*"exist" + 0.002*"date" + 0.002*"option" + 0.002*"refund"
2018-08-28 07:47:23,688 : INFO : topic #31 (0.025): 0.031*"card" + 0.010*"monaco" + 0.007*"tenx" + 0.007*"mco" + 0.007*"visa" + 0.004*"tokencard" + 0.004*"vega" + 0.004*"debit" + 0.003*"rig" + 0.003*"que"
2018-08-28 07:47:23,692 : INFO : topic diff=0.005165, rho=0.118678
2018-08-28 07:47:36,819 : INFO : -8.357 per-word bound, 327.8 perplexity estimate based on a held-out corpus of 2653 documents with 1868102 words
2018-08-28 07:47:36,819 : INFO : PROGRESS: pass 70, at document #2653/2653
2018-08-28 07:47:46,166 : INFO : topic #31 (0.025): 0.031*"card" + 0.010*"monaco" + 0.007*"tenx" + 0.007*"mco" + 0.007*"visa" + 0.004*"tokencard" + 0.004*"vega" + 0.004*"debit" + 0.003*"rig" + 0.003*"que"
2018-08-28 07:47:46,167 : INFO : topic #2 (0.025): 0.003*"agricultural" + 0.002*"f5" + 0.002*"vechain" + 0.002*"liaoning" + 0.002*"chip" + 0.001*"product" + 0.001*"science" + 0.001*"academy" + 0.001*"agriculture" + 0.001*"bottle"
2018-08-28 07:47:46,169 : INFO : topic #6 (0.025): 0.018*"scam" + 0.015*"ark" + 0.008*"btc" + 0.008*"going" + 0.007*"get" + 0.006*"arkies" + 0.005*"deluded" + 0.004*"price" + 0.004*"go" + 0.004*"wallet"
2018-08-28 07:47:46,170 : INFO : topic #33 (0.025): 0.013*"get" + 0.012*"like" + 0.010*"money" + 0.009*"im" + 0.009*"make" + 0.008*"want" + 0.006*"fucking" + 0.006*"fuck" + 0.006*"shit" + 0.006*"it"
2018-08-28 07:47:46,172 : INFO : topic #29 (0.025): 0.017*"god" + 0.017*"tell" + 0.017*"please" + 0.017*"oh" + 0.006*"asch" + 0.002*"ben" + 0.001*"liquidation" + 0.001*"jewess" + 0.001*"relational" + 0.001*"milker"
2018-08-28 07:47:46,175 : INFO : topic diff=0.005050, rho=0.117851
2018-08-28 07:47:59,740 : INFO : -8.356 per-word bound, 327.7 perplexity estimate based on a held-out corpus of 2653 documents with 1868102 words
2018-08-28 07:47:59,742 : INFO : PROGRESS: pass 71, at document #2653/2653
2018-08-28 07:48:09,838 : INFO : topic #11 (0.025): 0.004*"tuna" + 0.004*"egg" + 0.003*"fbi" + 0.002*"eat" + 0.002*"fish" + 0.002*"microwave" + 0.002*"jam" + 0.002*"eating" + 0.002*"stellar" + 0.001*"sue"
2018-08-28 07:48:09,839 : INFO : topic #10 (0.025): 0.018*"neo" + 0.008*"buy" + 0.008*"news" + 0.008*"like" + 0.007*"coin" + 0.007*"going" + 0.006*"im" + 0.006*"get" + 0.006*"link" + 0.005*"nuls"
2018-08-28 07:48:09,841 : INFO : topic #16 (0.025): 0.085*"sage" + 0.002*"trading" + 0.002*"estate" + 0.002*"tenant" + 0.001*"town" + 0.001*"sub" + 0.001*"bulgaria" + 0.001*"video" + 0.001*"tu" + 0.001*"stoploss"
2018-08-28 07:48:09,842 : INFO : topic #31 (0.025): 0.031*"card" + 0.010*"monaco" + 0.007*"tenx" + 0.007*"mco" + 0.007*"visa" + 0.004*"tokencard" + 0.004*"vega" + 0.004*"debit" + 0.003*"rig" + 0.003*"que"
2018-08-28 07:48:09,844 : INFO : topic #30 (0.025): 0.029*"btc" + 0.024*"bch" + 0.023*"bitcoin" + 0.007*"people" + 0.006*"going" + 0.006*"transaction" + 0.006*"like" + 0.006*"cash" + 0.006*"would" + 0.005*"get"
2018-08-28 07:48:09,848 : INFO : topic diff=0.004938, rho=0.117041
2018-08-28 07:48:22,978 : INFO : -8.356 per-word bound, 327.6 perplexity estimate based on a held-out corpus of 2653 documents with 1868102 words
2018-08-28 07:48:22,980 : INFO : PROGRESS: pass 72, at document #2653/2653
2018-08-28 07:48:32,383 : INFO : topic #12 (0.025): 0.019*"bitbay" + 0.007*"marketplace" + 0.006*"bay" + 0.005*"neutrality" + 0.005*"lmc" + 0.004*"1" + 0.004*"net" + 0.004*"vtc" + 0.003*"grs" + 0.003*"peg"
2018-08-28 07:48:32,385 : INFO : topic #6 (0.025): 0.018*"scam" + 0.015*"ark" + 0.008*"btc" + 0.008*"going" + 0.007*"get" + 0.006*"arkies" + 0.005*"deluded" + 0.004*"price" + 0.004*"go" + 0.004*"wallet"
2018-08-28 07:48:32,386 : INFO : topic #27 (0.025): 0.019*"tether" + 0.009*"market" + 0.009*"stock" + 0.009*"like" + 0.009*"get" + 0.008*"money" + 0.008*"btc" + 0.008*"buy" + 0.007*"bitfinex" + 0.007*"price"
2018-08-28 07:48:32,387 : INFO : topic #37 (0.025): 0.008*"get" + 0.007*"wallet" + 0.007*"like" + 0.006*"im" + 0.006*"coin" + 0.006*"would" + 0.005*"people" + 0.005*"know" + 0.005*"fucking" + 0.005*"buy"
2018-08-28 07:48:32,388 : INFO : topic #39 (0.025): 0.022*"rcn" + 0.020*"salt" + 0.018*"credit" + 0.015*"loan" + 0.007*"token" + 0.007*"lending" + 0.007*"ripio" + 0.006*"market" + 0.006*"lender" + 0.005*"billion"
2018-08-28 07:48:32,393 : INFO : topic diff=0.004834, rho=0.116248
2018-08-28 07:48:45,557 : INFO : -8.355 per-word bound, 327.5 perplexity estimate based on a held-out corpus of 2653 documents with 1868102 words
2018-08-28 07:48:45,557 : INFO : PROGRESS: pass 73, at document #2653/2653
2018-08-28 07:48:54,839 : INFO : topic #34 (0.025): 0.044*"link" + 0.013*"token" + 0.011*"contract" + 0.011*"chainlink" + 0.010*"smart" + 0.009*"node" + 0.009*"use" + 0.008*"network" + 0.008*"data" + 0.008*"would"
2018-08-28 07:48:54,843 : INFO : topic #35 (0.025): 0.002*"60m" + 0.001*"offset" + 0.001*"maintain" + 0.001*"100m" + 0.001*"transact" + 0.001*"maker" + 0.001*"065" + 0.001*"241" + 0.001*"75m" + 0.001*"100million"
2018-08-28 07:48:54,845 : INFO : topic #8 (0.025): 0.025*"cos" + 0.016*"exchange" + 0.007*"coin" + 0.007*"volume" + 0.005*"bts" + 0.004*"binance" + 0.004*"btc" + 0.003*"buy" + 0.003*"like" + 0.003*"get"
2018-08-28 07:48:54,847 : INFO : topic #18 (0.025): 0.022*"ark" + 0.007*"like" + 0.007*"get" + 0.007*"im" + 0.006*"one" + 0.005*"would" + 0.004*"shit" + 0.004*"fucking" + 0.004*"make" + 0.004*"good"
2018-08-28 07:48:54,848 : INFO : topic #15 (0.025): 0.007*"year" + 0.004*"digital" + 0.003*"government" + 0.003*"world" + 0.002*"bubble" + 0.002*"work" + 0.002*"life" + 0.002*"like" + 0.002*"crypto" + 0.002*"next"
2018-08-28 07:48:54,852 : INFO : topic diff=0.004729, rho=0.115470
2018-08-28 07:49:07,886 : INFO : -8.355 per-word bound, 327.4 perplexity estimate based on a held-out corpus of 2653 documents with 1868102 words
2018-08-28 07:49:07,887 : INFO : PROGRESS: pass 74, at document #2653/2653
2018-08-28 07:49:17,228 : INFO : topic #12 (0.025): 0.019*"bitbay" + 0.007*"marketplace" + 0.006*"bay" + 0.005*"neutrality" + 0.005*"lmc" + 0.004*"1" + 0.004*"net" + 0.004*"vtc" + 0.003*"grs" + 0.003*"peg"
2018-08-28 07:49:17,229 : INFO : topic #13 (0.025): 0.014*"wabi" + 0.009*"modum" + 0.008*"product" + 0.004*"pharma" + 0.004*"company" + 0.003*"power" + 0.003*"shipment" + 0.003*"use" + 0.003*"customer" + 0.003*"usd"
2018-08-28 07:49:17,230 : INFO : topic #17 (0.025): 0.006*"would" + 0.005*"organ" + 0.004*"phone" + 0.004*"money" + 0.004*"comment" + 0.004*"50" + 0.004*"like" + 0.003*"big" + 0.003*"amazon" + 0.003*"sue"
2018-08-28 07:49:17,232 : INFO : topic #29 (0.025): 0.017*"god" + 0.017*"tell" + 0.017*"please" + 0.017*"oh" + 0.006*"asch" + 0.002*"ben" + 0.001*"liquidation" + 0.001*"jewess" + 0.001*"relational" + 0.001*"milker"
2018-08-28 07:49:17,233 : INFO : topic #4 (0.025): 0.007*"money" + 0.006*"trade" + 0.005*"like" + 0.005*"trading" + 0.005*"make" + 0.005*"one" + 0.005*"time" + 0.005*"im" + 0.004*"buy" + 0.004*"market"
2018-08-28 07:49:17,237 : INFO : topic diff=0.004631, rho=0.114708
2018-08-28 07:49:30,348 : INFO : -8.355 per-word bound, 327.3 perplexity estimate based on a held-out corpus of 2653 documents with 1868102 words
2018-08-28 07:49:30,349 : INFO : PROGRESS: pass 75, at document #2653/2653
2018-08-28 07:49:39,679 : INFO : topic #1 (0.025): 0.005*"wine" + 0.004*"billion" + 0.003*"ripple" + 0.002*"marketcap" + 0.002*"million" + 0.002*"600" + 0.002*"supply" + 0.002*"potential" + 0.002*"likely" + 0.001*"red"
2018-08-28 07:49:39,680 : INFO : topic #13 (0.025): 0.014*"wabi" + 0.009*"modum" + 0.008*"product" + 0.004*"pharma" + 0.004*"company" + 0.003*"power" + 0.003*"shipment" + 0.003*"use" + 0.003*"customer" + 0.003*"usd"
2018-08-28 07:49:39,682 : INFO : topic #29 (0.025): 0.017*"god" + 0.017*"tell" + 0.017*"please" + 0.017*"oh" + 0.006*"asch" + 0.002*"ben" + 0.001*"liquidation" + 0.001*"jewess" + 0.001*"relational" + 0.001*"milker"
2018-08-28 07:49:39,683 : INFO : topic #17 (0.025): 0.006*"would" + 0.005*"organ" + 0.004*"phone" + 0.004*"money" + 0.004*"comment" + 0.004*"50" + 0.004*"like" + 0.003*"big" + 0.003*"amazon" + 0.003*"sue"
2018-08-28 07:49:39,685 : INFO : topic #26 (0.025): 0.006*"like" + 0.006*"time" + 0.004*"im" + 0.004*"good" + 0.004*"people" + 0.003*"work" + 0.003*"long" + 0.003*"day" + 0.003*"get" + 0.003*"one"
2018-08-28 07:49:39,689 : INFO : topic diff=0.004533, rho=0.113961
2018-08-28 07:49:52,862 : INFO : -8.354 per-word bound, 327.2 perplexity estimate based on a held-out corpus of 2653 documents with 1868102 words
2018-08-28 07:49:52,864 : INFO : PROGRESS: pass 76, at document #2653/2653
2018-08-28 07:50:02,279 : INFO : topic #12 (0.025): 0.019*"bitbay" + 0.007*"marketplace" + 0.006*"bay" + 0.005*"neutrality" + 0.005*"lmc" + 0.004*"1" + 0.004*"net" + 0.004*"vtc" + 0.003*"grs" + 0.003*"peg"
2018-08-28 07:50:02,281 : INFO : topic #11 (0.025): 0.004*"tuna" + 0.004*"egg" + 0.003*"fbi" + 0.002*"eat" + 0.002*"fish" + 0.002*"microwave" + 0.002*"jam" + 0.002*"eating" + 0.002*"stellar" + 0.001*"sue"
2018-08-28 07:50:02,283 : INFO : topic #25 (0.025): 0.001*"smartcontractcoms" + 0.001*"dickload" + 0.000*"layering" + 0.000*"binancelink" + 0.000*"gangsta" + 0.000*"015too" + 0.000*"linkthey" + 0.000*"btclook" + 0.000*"happeningone" + 0.000*"boyos11big"
2018-08-28 07:50:02,284 : INFO : topic #27 (0.025): 0.019*"tether" + 0.009*"market" + 0.009*"stock" + 0.009*"like" + 0.009*"get" + 0.008*"money" + 0.008*"btc" + 0.008*"bitfinex" + 0.008*"buy" + 0.007*"price"
2018-08-28 07:50:02,285 : INFO : topic #36 (0.025): 0.006*"english" + 0.004*"a" + 0.004*"french" + 0.004*"complement" + 0.003*"postcard" + 0.003*"in" + 0.003*"sent" + 0.003*"stephanie" + 0.003*"trevor" + 0.003*"friend"
2018-08-28 07:50:02,289 : INFO : topic diff=0.004444, rho=0.113228
2018-08-28 07:50:15,491 : INFO : -8.354 per-word bound, 327.1 perplexity estimate based on a held-out corpus of 2653 documents with 1868102 words
2018-08-28 07:50:15,491 : INFO : PROGRESS: pass 77, at document #2653/2653
2018-08-28 07:50:24,762 : INFO : topic #13 (0.025): 0.014*"wabi" + 0.009*"modum" + 0.008*"product" + 0.004*"pharma" + 0.004*"company" + 0.003*"power" + 0.003*"shipment" + 0.003*"use" + 0.003*"customer" + 0.003*"usd"
2018-08-28 07:50:24,766 : INFO : topic #24 (0.025): 0.013*"buy" + 0.010*"im" + 0.009*"going" + 0.008*"coin" + 0.008*"like" + 0.008*"get" + 0.008*"go" + 0.007*"fucking" + 0.007*"sell" + 0.006*"back"
2018-08-28 07:50:24,767 : INFO : topic #5 (0.025): 0.018*"job" + 0.013*"year" + 0.009*"get" + 0.008*"school" + 0.008*"work" + 0.007*"im" + 0.006*"degree" + 0.006*"time" + 0.005*"college" + 0.005*"debt"
2018-08-28 07:50:24,769 : INFO : topic #36 (0.025): 0.006*"english" + 0.004*"a" + 0.004*"french" + 0.004*"complement" + 0.003*"postcard" + 0.003*"in" + 0.003*"sent" + 0.003*"stephanie" + 0.003*"trevor" + 0.003*"friend"
2018-08-28 07:50:24,771 : INFO : topic #11 (0.025): 0.004*"tuna" + 0.004*"egg" + 0.003*"fbi" + 0.002*"eat" + 0.002*"fish" + 0.002*"microwave" + 0.002*"jam" + 0.002*"eating" + 0.002*"stellar" + 0.001*"sue"
2018-08-28 07:50:24,775 : INFO : topic diff=0.004354, rho=0.112509
2018-08-28 07:50:37,826 : INFO : -8.353 per-word bound, 327.0 perplexity estimate based on a held-out corpus of 2653 documents with 1868102 words
2018-08-28 07:50:37,827 : INFO : PROGRESS: pass 78, at document #2653/2653
2018-08-28 07:50:47,118 : INFO : topic #15 (0.025): 0.007*"year" + 0.004*"digital" + 0.003*"government" + 0.003*"world" + 0.002*"bubble" + 0.002*"work" + 0.002*"life" + 0.002*"like" + 0.002*"next" + 0.002*"rent"
2018-08-28 07:50:47,120 : INFO : topic #11 (0.025): 0.004*"tuna" + 0.004*"egg" + 0.003*"fbi" + 0.002*"eat" + 0.002*"fish" + 0.002*"microwave" + 0.002*"jam" + 0.002*"eating" + 0.002*"stellar" + 0.001*"sue"
2018-08-28 07:50:47,121 : INFO : topic #12 (0.025): 0.019*"bitbay" + 0.007*"marketplace" + 0.006*"bay" + 0.005*"neutrality" + 0.005*"lmc" + 0.004*"1" + 0.004*"net" + 0.004*"vtc" + 0.003*"grs" + 0.003*"peg"
2018-08-28 07:50:47,122 : INFO : topic #39 (0.025): 0.022*"rcn" + 0.020*"salt" + 0.018*"credit" + 0.015*"loan" + 0.007*"lending" + 0.007*"token" + 0.007*"ripio" + 0.006*"market" + 0.006*"lender" + 0.005*"billion"
2018-08-28 07:50:47,124 : INFO : topic #28 (0.025): 0.171*"chancoin" + 0.017*"4chn" + 0.010*"coin" + 0.006*"discord" + 0.005*"tipping" + 0.005*"chan" + 0.004*"feature" + 0.004*"need" + 0.004*"name" + 0.004*"u"
2018-08-28 07:50:47,128 : INFO : topic diff=0.004263, rho=0.111803
2018-08-28 07:51:00,186 : INFO : -8.353 per-word bound, 327.0 perplexity estimate based on a held-out corpus of 2653 documents with 1868102 words
2018-08-28 07:51:00,187 : INFO : PROGRESS: pass 79, at document #2653/2653
2018-08-28 07:51:09,495 : INFO : topic #38 (0.025): 0.002*"python" + 0.001*"java" + 0.001*"programmer" + 0.001*"programming" + 0.001*"nodejs" + 0.001*"dealt" + 0.001*"bash" + 0.000*"morganbuy" + 0.000*"directorypermissions" + 0.000*"polnice"
2018-08-28 07:51:09,497 : INFO : topic #31 (0.025): 0.031*"card" + 0.010*"monaco" + 0.007*"tenx" + 0.007*"mco" + 0.007*"visa" + 0.004*"tokencard" + 0.004*"vega" + 0.004*"debit" + 0.003*"que" + 0.003*"rig"
2018-08-28 07:51:09,498 : INFO : topic #11 (0.025): 0.004*"tuna" + 0.004*"egg" + 0.003*"fbi" + 0.002*"eat" + 0.002*"fish" + 0.002*"microwave" + 0.002*"jam" + 0.002*"eating" + 0.002*"stellar" + 0.001*"sue"
2018-08-28 07:51:09,499 : INFO : topic #27 (0.025): 0.019*"tether" + 0.009*"market" + 0.009*"stock" + 0.009*"like" + 0.009*"get" + 0.008*"money" + 0.008*"bitfinex" + 0.008*"btc" + 0.007*"buy" + 0.007*"price"
2018-08-28 07:51:09,500 : INFO : topic #18 (0.025): 0.022*"ark" + 0.007*"like" + 0.007*"get" + 0.006*"im" + 0.006*"one" + 0.005*"would" + 0.004*"shit" + 0.004*"fucking" + 0.004*"make" + 0.004*"good"
2018-08-28 07:51:09,504 : INFO : topic diff=0.004181, rho=0.111111
2018-08-28 07:51:22,559 : INFO : -8.353 per-word bound, 326.9 perplexity estimate based on a held-out corpus of 2653 documents with 1868102 words
2018-08-28 07:51:22,559 : INFO : PROGRESS: pass 80, at document #2653/2653
2018-08-28 07:51:31,855 : INFO : topic #36 (0.025): 0.006*"english" + 0.004*"a" + 0.004*"french" + 0.004*"complement" + 0.003*"postcard" + 0.003*"in" + 0.003*"sent" + 0.003*"stephanie" + 0.003*"trevor" + 0.003*"friend"
2018-08-28 07:51:31,856 : INFO : topic #11 (0.025): 0.004*"tuna" + 0.004*"egg" + 0.003*"fbi" + 0.002*"eat" + 0.002*"fish" + 0.002*"microwave" + 0.002*"jam" + 0.002*"eating" + 0.002*"stellar" + 0.001*"sue"
2018-08-28 07:51:31,857 : INFO : topic #10 (0.025): 0.019*"neo" + 0.008*"buy" + 0.008*"news" + 0.008*"like" + 0.006*"coin" + 0.006*"going" + 0.006*"im" + 0.006*"get" + 0.006*"nuls" + 0.005*"link"
2018-08-28 07:51:31,859 : INFO : topic #8 (0.025): 0.026*"cos" + 0.017*"exchange" + 0.007*"coin" + 0.007*"volume" + 0.005*"bts" + 0.005*"binance" + 0.004*"btc" + 0.003*"fiat" + 0.003*"token" + 0.003*"ui"
2018-08-28 07:51:31,860 : INFO : topic #35 (0.025): 0.002*"60m" + 0.001*"offset" + 0.001*"maintain" + 0.001*"100m" + 0.001*"transact" + 0.001*"maker" + 0.001*"065" + 0.001*"75m" + 0.001*"100million" + 0.001*"241"
2018-08-28 07:51:31,864 : INFO : topic diff=0.004100, rho=0.110432
2018-08-28 07:51:44,951 : INFO : -8.352 per-word bound, 326.8 perplexity estimate based on a held-out corpus of 2653 documents with 1868102 words
2018-08-28 07:51:44,952 : INFO : PROGRESS: pass 81, at document #2653/2653
2018-08-28 07:51:54,282 : INFO : topic #7 (0.025): 0.014*"bat" + 0.005*"browser" + 0.005*"brave" + 0.004*"ad" + 0.003*"youtube" + 0.003*"join" + 0.003*"group" + 0.002*"would" + 0.002*"really" + 0.002*"youtubers"
2018-08-28 07:51:54,285 : INFO : topic #15 (0.025): 0.007*"year" + 0.004*"digital" + 0.003*"government" + 0.003*"world" + 0.002*"bubble" + 0.002*"work" + 0.002*"life" + 0.002*"rent" + 0.002*"next" + 0.002*"crime"
2018-08-28 07:51:54,287 : INFO : topic #9 (0.025): 0.032*"roll" + 0.032*"op" + 0.017*"dub" + 0.015*"get" + 0.013*"rolling" + 0.012*"thread" + 0.012*"address" + 0.011*"thanks" + 0.011*"please" + 0.011*"trip"
2018-08-28 07:51:54,288 : INFO : topic #36 (0.025): 0.006*"english" + 0.004*"a" + 0.004*"french" + 0.004*"complement" + 0.003*"postcard" + 0.003*"in" + 0.003*"sent" + 0.003*"stephanie" + 0.003*"trevor" + 0.003*"friend"
2018-08-28 07:51:54,290 : INFO : topic #0 (0.025): 0.024*"future" + 0.012*"contract" + 0.005*"stellar" + 0.005*"dump" + 0.005*"steal" + 0.004*"s2x" + 0.003*"exist" + 0.002*"date" + 0.002*"option" + 0.002*"refund"
2018-08-28 07:51:54,294 : INFO : topic diff=0.004021, rho=0.109764
2018-08-28 07:52:07,382 : INFO : -8.352 per-word bound, 326.7 perplexity estimate based on a held-out corpus of 2653 documents with 1868102 words
2018-08-28 07:52:07,383 : INFO : PROGRESS: pass 82, at document #2653/2653
2018-08-28 07:52:16,665 : INFO : topic #17 (0.025): 0.006*"would" + 0.005*"organ" + 0.004*"phone" + 0.004*"comment" + 0.004*"50" + 0.004*"big" + 0.004*"like" + 0.004*"money" + 0.003*"amazon" + 0.003*"sue"
2018-08-28 07:52:16,667 : INFO : topic #21 (0.025): 0.012*"people" + 0.009*"like" + 0.005*"get" + 0.005*"fucking" + 0.005*"think" + 0.005*"would" + 0.005*"thing" + 0.004*"shit" + 0.004*"make" + 0.004*"know"
2018-08-28 07:52:16,668 : INFO : topic #19 (0.025): 0.004*"men" + 0.004*"computing" + 0.004*"gay" + 0.002*"woman" + 0.002*"iexec" + 0.002*"rlc" + 0.002*"930" + 0.001*"sexist" + 0.001*"ta" + 0.001*"minereum"
2018-08-28 07:52:16,670 : INFO : topic #22 (0.025): 0.052*"iota" + 0.006*"transaction" + 0.005*"giota" + 0.005*"tangle" + 0.004*"wallet" + 0.004*"address" + 0.004*"foundation" + 0.004*"balance" + 0.004*"devs" + 0.003*"reclaim"
2018-08-28 07:52:16,672 : INFO : topic #3 (0.025): 0.011*"link" + 0.009*"linkies" + 0.008*"sergey" + 0.008*"linkie" + 0.007*"deranged" + 0.007*"one" + 0.006*"steve" + 0.006*"community" + 0.005*"rent" + 0.005*"common"
2018-08-28 07:52:16,677 : INFO : topic diff=0.003946, rho=0.109109
2018-08-28 07:52:29,891 : INFO : -8.352 per-word bound, 326.6 perplexity estimate based on a held-out corpus of 2653 documents with 1868102 words
2018-08-28 07:52:29,892 : INFO : PROGRESS: pass 83, at document #2653/2653
2018-08-28 07:52:39,204 : INFO : topic #33 (0.025): 0.013*"get" + 0.012*"like" + 0.010*"money" + 0.009*"im" + 0.009*"make" + 0.008*"want" + 0.006*"fucking" + 0.006*"fuck" + 0.006*"shit" + 0.006*"it"
2018-08-28 07:52:39,206 : INFO : topic #12 (0.025): 0.019*"bitbay" + 0.007*"marketplace" + 0.006*"bay" + 0.005*"neutrality" + 0.005*"lmc" + 0.004*"1" + 0.004*"net" + 0.004*"vtc" + 0.003*"grs" + 0.003*"peg"
2018-08-28 07:52:39,208 : INFO : topic #8 (0.025): 0.027*"cos" + 0.017*"exchange" + 0.007*"volume" + 0.007*"coin" + 0.005*"bts" + 0.005*"binance" + 0.004*"btc" + 0.003*"fiat" + 0.003*"ui" + 0.003*"token"
2018-08-28 07:52:39,209 : INFO : topic #39 (0.025): 0.022*"rcn" + 0.020*"salt" + 0.018*"credit" + 0.015*"loan" + 0.007*"lending" + 0.007*"token" + 0.007*"ripio" + 0.006*"market" + 0.006*"lender" + 0.005*"billion"
2018-08-28 07:52:39,210 : INFO : topic #10 (0.025): 0.019*"neo" + 0.008*"buy" + 0.008*"news" + 0.008*"like" + 0.006*"coin" + 0.006*"going" + 0.006*"im" + 0.006*"get" + 0.006*"nuls" + 0.005*"link"
2018-08-28 07:52:39,214 : INFO : topic diff=0.003867, rho=0.108465
2018-08-28 07:52:52,267 : INFO : -8.351 per-word bound, 326.5 perplexity estimate based on a held-out corpus of 2653 documents with 1868102 words
2018-08-28 07:52:52,267 : INFO : PROGRESS: pass 84, at document #2653/2653
2018-08-28 07:53:01,669 : INFO : topic #23 (0.025): 0.010*"application" + 0.007*"platform" + 0.006*"credit" + 0.005*"token" + 0.004*"lead" + 0.004*"loan" + 0.004*"idea" + 0.004*"see" + 0.004*"debt" + 0.004*"currently"
2018-08-28 07:53:01,671 : INFO : topic #19 (0.025): 0.004*"men" + 0.004*"computing" + 0.004*"gay" + 0.002*"woman" + 0.002*"iexec" + 0.002*"rlc" + 0.002*"930" + 0.001*"sexist" + 0.001*"ta" + 0.001*"minereum"
2018-08-28 07:53:01,673 : INFO : topic #35 (0.025): 0.002*"60m" + 0.001*"offset" + 0.001*"maintain" + 0.001*"100m" + 0.001*"transact" + 0.001*"maker" + 0.001*"241" + 0.001*"100million" + 0.001*"065" + 0.001*"nothingbuy"
2018-08-28 07:53:01,674 : INFO : topic #27 (0.025): 0.019*"tether" + 0.009*"market" + 0.009*"stock" + 0.009*"like" + 0.009*"get" + 0.008*"money" + 0.008*"bitfinex" + 0.007*"btc" + 0.007*"buy" + 0.007*"price"
2018-08-28 07:53:01,675 : INFO : topic #39 (0.025): 0.022*"rcn" + 0.020*"salt" + 0.018*"credit" + 0.015*"loan" + 0.007*"lending" + 0.007*"token" + 0.007*"ripio" + 0.006*"lender" + 0.006*"market" + 0.005*"billion"
2018-08-28 07:53:01,679 : INFO : topic diff=0.003795, rho=0.107833
2018-08-28 07:53:14,772 : INFO : -8.351 per-word bound, 326.5 perplexity estimate based on a held-out corpus of 2653 documents with 1868102 words
2018-08-28 07:53:14,774 : INFO : PROGRESS: pass 85, at document #2653/2653
2018-08-28 07:53:24,054 : INFO : topic #34 (0.025): 0.045*"link" + 0.013*"token" + 0.011*"chainlink" + 0.011*"contract" + 0.010*"smart" + 0.009*"node" + 0.009*"use" + 0.008*"network" + 0.008*"would" + 0.008*"data"
2018-08-28 07:53:24,058 : INFO : topic #33 (0.025): 0.013*"get" + 0.012*"like" + 0.010*"money" + 0.009*"im" + 0.009*"make" + 0.008*"want" + 0.006*"fucking" + 0.006*"fuck" + 0.006*"shit" + 0.006*"it"
2018-08-28 07:53:24,059 : INFO : topic #23 (0.025): 0.010*"application" + 0.007*"platform" + 0.006*"credit" + 0.005*"token" + 0.004*"lead" + 0.004*"loan" + 0.004*"idea" + 0.004*"see" + 0.004*"debt" + 0.004*"currently"
2018-08-28 07:53:24,061 : INFO : topic #8 (0.025): 0.027*"cos" + 0.017*"exchange" + 0.007*"volume" + 0.007*"coin" + 0.005*"bts" + 0.005*"binance" + 0.004*"btc" + 0.003*"fiat" + 0.003*"ui" + 0.003*"publica"
2018-08-28 07:53:24,062 : INFO : topic #12 (0.025): 0.019*"bitbay" + 0.007*"marketplace" + 0.006*"bay" + 0.005*"neutrality" + 0.005*"lmc" + 0.004*"1" + 0.004*"net" + 0.004*"vtc" + 0.003*"grs" + 0.003*"peg"
2018-08-28 07:53:24,066 : INFO : topic diff=0.003725, rho=0.107211
2018-08-28 07:53:37,124 : INFO : -8.350 per-word bound, 326.4 perplexity estimate based on a held-out corpus of 2653 documents with 1868102 words
2018-08-28 07:53:37,124 : INFO : PROGRESS: pass 86, at document #2653/2653
2018-08-28 07:53:46,452 : INFO : topic #24 (0.025): 0.013*"buy" + 0.010*"im" + 0.009*"going" + 0.008*"coin" + 0.008*"like" + 0.008*"get" + 0.008*"go" + 0.007*"fucking" + 0.007*"sell" + 0.006*"back"
2018-08-28 07:53:46,454 : INFO : topic #20 (0.025): 0.023*"powr" + 0.018*"pbc" + 0.012*"pick" + 0.012*"slr" + 0.012*"teeka" + 0.010*"fake" + 0.009*"energy" + 0.009*"solar" + 0.008*"coin" + 0.006*"power"
2018-08-28 07:53:46,455 : INFO : topic #26 (0.025): 0.006*"time" + 0.006*"like" + 0.004*"im" + 0.004*"good" + 0.003*"long" + 0.003*"work" + 0.003*"people" + 0.003*"day" + 0.003*"one" + 0.003*"use"
2018-08-28 07:53:46,457 : INFO : topic #33 (0.025): 0.013*"get" + 0.012*"like" + 0.010*"money" + 0.009*"im" + 0.009*"make" + 0.008*"want" + 0.006*"fucking" + 0.006*"fuck" + 0.006*"shit" + 0.006*"it"
2018-08-28 07:53:46,458 : INFO : topic #18 (0.025): 0.023*"ark" + 0.007*"like" + 0.007*"get" + 0.006*"im" + 0.006*"one" + 0.005*"would" + 0.004*"shit" + 0.004*"fucking" + 0.004*"make" + 0.004*"good"
2018-08-28 07:53:46,462 : INFO : topic diff=0.003653, rho=0.106600
2018-08-28 07:53:59,482 : INFO : -8.350 per-word bound, 326.3 perplexity estimate based on a held-out corpus of 2653 documents with 1868102 words
2018-08-28 07:53:59,483 : INFO : PROGRESS: pass 87, at document #2653/2653
2018-08-28 07:54:08,818 : INFO : topic #13 (0.025): 0.014*"wabi" + 0.009*"modum" + 0.007*"product" + 0.004*"pharma" + 0.004*"company" + 0.003*"power" + 0.003*"shipment" + 0.003*"customer" + 0.003*"usd" + 0.003*"use"
2018-08-28 07:54:08,819 : INFO : topic #17 (0.025): 0.006*"would" + 0.005*"organ" + 0.004*"phone" + 0.004*"comment" + 0.004*"50" + 0.004*"big" + 0.004*"like" + 0.004*"amazon" + 0.003*"sue" + 0.003*"money"
2018-08-28 07:54:08,820 : INFO : topic #25 (0.025): 0.001*"smartcontractcoms" + 0.001*"dickload" + 0.000*"binancelink" + 0.000*"btclook" + 0.000*"gangsta" + 0.000*"finishd" + 0.000*"finishedi" + 0.000*"overnighteither" + 0.000*"015too" + 0.000*"boyos11big"
2018-08-28 07:54:08,822 : INFO : topic #38 (0.025): 0.002*"python" + 0.001*"java" + 0.001*"programmer" + 0.001*"programming" + 0.001*"nodejs" + 0.001*"dealt" + 0.000*"bash" + 0.000*"investigatingtheyve" + 0.000*"hackeror" + 0.000*"realwhy"
2018-08-28 07:54:08,823 : INFO : topic #33 (0.025): 0.013*"get" + 0.012*"like" + 0.010*"money" + 0.009*"im" + 0.009*"make" + 0.008*"want" + 0.006*"fucking" + 0.006*"fuck" + 0.006*"shit" + 0.006*"it"
2018-08-28 07:54:08,827 : INFO : topic diff=0.003589, rho=0.106000
2018-08-28 07:54:21,865 : INFO : -8.350 per-word bound, 326.3 perplexity estimate based on a held-out corpus of 2653 documents with 1868102 words
2018-08-28 07:54:21,865 : INFO : PROGRESS: pass 88, at document #2653/2653
2018-08-28 07:54:31,152 : INFO : topic #37 (0.025): 0.008*"get" + 0.007*"wallet" + 0.007*"like" + 0.006*"im" + 0.006*"coin" + 0.006*"would" + 0.005*"people" + 0.005*"know" + 0.005*"fucking" + 0.005*"eth"
2018-08-28 07:54:31,153 : INFO : topic #13 (0.025): 0.014*"wabi" + 0.009*"modum" + 0.007*"product" + 0.004*"pharma" + 0.004*"company" + 0.003*"power" + 0.003*"shipment" + 0.003*"customer" + 0.003*"usd" + 0.003*"use"
2018-08-28 07:54:31,155 : INFO : topic #4 (0.025): 0.006*"money" + 0.006*"trade" + 0.005*"trading" + 0.005*"like" + 0.005*"one" + 0.005*"make" + 0.005*"time" + 0.004*"im" + 0.004*"market" + 0.004*"buy"
2018-08-28 07:54:31,157 : INFO : topic #0 (0.025): 0.024*"future" + 0.012*"contract" + 0.005*"stellar" + 0.005*"dump" + 0.005*"steal" + 0.004*"s2x" + 0.003*"exist" + 0.002*"date" + 0.002*"option" + 0.002*"refund"
2018-08-28 07:54:31,158 : INFO : topic #23 (0.025): 0.010*"application" + 0.007*"platform" + 0.006*"credit" + 0.005*"token" + 0.004*"lead" + 0.004*"loan" + 0.004*"idea" + 0.004*"see" + 0.004*"debt" + 0.004*"currently"
2018-08-28 07:54:31,162 : INFO : topic diff=0.003518, rho=0.105409
2018-08-28 07:54:44,241 : INFO : -8.350 per-word bound, 326.2 perplexity estimate based on a held-out corpus of 2653 documents with 1868102 words
2018-08-28 07:54:44,241 : INFO : PROGRESS: pass 89, at document #2653/2653
2018-08-28 07:54:53,541 : INFO : topic #11 (0.025): 0.004*"tuna" + 0.004*"egg" + 0.003*"fbi" + 0.002*"fish" + 0.002*"eat" + 0.002*"microwave" + 0.002*"jam" + 0.002*"eating" + 0.002*"stellar" + 0.001*"sue"
2018-08-28 07:54:53,544 : INFO : topic #35 (0.025): 0.002*"60m" + 0.001*"offset" + 0.001*"maintain" + 0.001*"100m" + 0.001*"transact" + 0.001*"75m" + 0.001*"enj" + 0.001*"nothingbuy" + 0.001*"241" + 0.001*"065"
2018-08-28 07:54:53,546 : INFO : topic #29 (0.025): 0.017*"god" + 0.017*"tell" + 0.017*"please" + 0.017*"oh" + 0.006*"asch" + 0.002*"ben" + 0.001*"liquidation" + 0.001*"jewess" + 0.001*"relational" + 0.001*"khazar"
2018-08-28 07:54:53,548 : INFO : topic #20 (0.025): 0.024*"powr" + 0.018*"pbc" + 0.012*"pick" + 0.012*"slr" + 0.012*"teeka" + 0.010*"fake" + 0.009*"energy" + 0.009*"solar" + 0.008*"coin" + 0.007*"power"
2018-08-28 07:54:53,550 : INFO : topic #15 (0.025): 0.006*"year" + 0.004*"digital" + 0.003*"government" + 0.003*"world" + 0.002*"bubble" + 0.002*"work" + 0.002*"life" + 0.002*"rent" + 0.002*"crime" + 0.002*"next"
2018-08-28 07:54:53,555 : INFO : topic diff=0.003457, rho=0.104828
2018-08-28 07:55:06,653 : INFO : -8.349 per-word bound, 326.1 perplexity estimate based on a held-out corpus of 2653 documents with 1868102 words
2018-08-28 07:55:06,653 : INFO : PROGRESS: pass 90, at document #2653/2653
2018-08-28 07:55:15,901 : INFO : topic #14 (0.025): 0.015*"coin" + 0.010*"token" + 0.009*"project" + 0.009*"ico" + 0.008*"like" + 0.008*"team" + 0.007*"req" + 0.007*"get" + 0.006*"buy" + 0.006*"market"
2018-08-28 07:55:15,903 : INFO : topic #20 (0.025): 0.024*"powr" + 0.018*"pbc" + 0.012*"pick" + 0.012*"slr" + 0.012*"teeka" + 0.010*"fake" + 0.009*"energy" + 0.009*"solar" + 0.008*"coin" + 0.007*"power"
2018-08-28 07:55:15,904 : INFO : topic #18 (0.025): 0.023*"ark" + 0.007*"like" + 0.007*"get" + 0.006*"im" + 0.006*"one" + 0.005*"would" + 0.004*"shit" + 0.004*"fucking" + 0.004*"much" + 0.004*"good"
2018-08-28 07:55:15,906 : INFO : topic #4 (0.025): 0.006*"money" + 0.006*"trade" + 0.005*"trading" + 0.005*"one" + 0.005*"like" + 0.005*"make" + 0.005*"time" + 0.004*"im" + 0.004*"market" + 0.004*"buy"
2018-08-28 07:55:15,907 : INFO : topic #37 (0.025): 0.008*"get" + 0.007*"wallet" + 0.007*"like" + 0.006*"im" + 0.006*"coin" + 0.006*"would" + 0.005*"people" + 0.005*"know" + 0.005*"fucking" + 0.005*"eth"
2018-08-28 07:55:15,911 : INFO : topic diff=0.003396, rho=0.104257
2018-08-28 07:55:28,937 : INFO : -8.349 per-word bound, 326.0 perplexity estimate based on a held-out corpus of 2653 documents with 1868102 words
2018-08-28 07:55:28,938 : INFO : PROGRESS: pass 91, at document #2653/2653
2018-08-28 07:55:38,239 : INFO : topic #24 (0.025): 0.013*"buy" + 0.010*"im" + 0.009*"going" + 0.008*"like" + 0.008*"coin" + 0.008*"get" + 0.008*"go" + 0.007*"fucking" + 0.007*"sell" + 0.006*"back"
2018-08-28 07:55:38,241 : INFO : topic #2 (0.025): 0.003*"agricultural" + 0.002*"f5" + 0.002*"vechain" + 0.002*"liaoning" + 0.002*"chip" + 0.001*"academy" + 0.001*"science" + 0.001*"agriculture" + 0.001*"product" + 0.001*"bottle"
2018-08-28 07:55:38,242 : INFO : topic #12 (0.025): 0.020*"bitbay" + 0.007*"marketplace" + 0.006*"bay" + 0.005*"neutrality" + 0.005*"lmc" + 0.004*"1" + 0.004*"net" + 0.004*"vtc" + 0.003*"grs" + 0.003*"peg"
2018-08-28 07:55:38,244 : INFO : topic #39 (0.025): 0.022*"rcn" + 0.021*"salt" + 0.018*"credit" + 0.016*"loan" + 0.007*"lending" + 0.007*"ripio" + 0.007*"token" + 0.006*"lender" + 0.006*"market" + 0.005*"billion"
2018-08-28 07:55:38,245 : INFO : topic #19 (0.025): 0.004*"men" + 0.004*"computing" + 0.004*"gay" + 0.002*"woman" + 0.002*"iexec" + 0.002*"rlc" + 0.002*"930" + 0.001*"sexist" + 0.001*"minereum" + 0.001*"ta"
2018-08-28 07:55:38,249 : INFO : topic diff=0.003336, rho=0.103695
2018-08-28 07:55:51,297 : INFO : -8.349 per-word bound, 326.0 perplexity estimate based on a held-out corpus of 2653 documents with 1868102 words
2018-08-28 07:55:51,298 : INFO : PROGRESS: pass 92, at document #2653/2653
2018-08-28 07:56:00,647 : INFO : topic #12 (0.025): 0.020*"bitbay" + 0.007*"marketplace" + 0.006*"bay" + 0.005*"neutrality" + 0.005*"lmc" + 0.004*"1" + 0.004*"net" + 0.004*"vtc" + 0.003*"grs" + 0.003*"peg"
2018-08-28 07:56:00,648 : INFO : topic #24 (0.025): 0.013*"buy" + 0.010*"im" + 0.009*"going" + 0.008*"like" + 0.008*"get" + 0.008*"coin" + 0.008*"go" + 0.007*"fucking" + 0.007*"sell" + 0.006*"back"
2018-08-28 07:56:00,650 : INFO : topic #2 (0.025): 0.003*"agricultural" + 0.002*"f5" + 0.002*"vechain" + 0.002*"liaoning" + 0.002*"chip" + 0.001*"academy" + 0.001*"science" + 0.001*"agriculture" + 0.001*"product" + 0.001*"bottle"
2018-08-28 07:56:00,651 : INFO : topic #28 (0.025): 0.172*"chancoin" + 0.017*"4chn" + 0.010*"coin" + 0.006*"discord" + 0.005*"tipping" + 0.005*"chan" + 0.004*"feature" + 0.004*"name" + 0.004*"need" + 0.004*"u"
2018-08-28 07:56:00,653 : INFO : topic #20 (0.025): 0.024*"powr" + 0.018*"pbc" + 0.012*"pick" + 0.012*"slr" + 0.012*"teeka" + 0.011*"fake" + 0.009*"energy" + 0.009*"solar" + 0.008*"coin" + 0.007*"power"
2018-08-28 07:56:00,656 : INFO : topic diff=0.003275, rho=0.103142
2018-08-28 07:56:13,727 : INFO : -8.348 per-word bound, 325.9 perplexity estimate based on a held-out corpus of 2653 documents with 1868102 words
2018-08-28 07:56:13,727 : INFO : PROGRESS: pass 93, at document #2653/2653
2018-08-28 07:56:23,022 : INFO : topic #7 (0.025): 0.014*"bat" + 0.005*"browser" + 0.005*"brave" + 0.004*"ad" + 0.003*"youtube" + 0.003*"join" + 0.003*"group" + 0.002*"youtubers" + 0.002*"winning" + 0.002*"mobile"
2018-08-28 07:56:23,026 : INFO : topic #38 (0.025): 0.002*"python" + 0.001*"java" + 0.001*"programmer" + 0.001*"programming" + 0.001*"nodejs" + 0.001*"dealt" + 0.000*"bash" + 0.000*"realwhy" + 0.000*"cyado" + 0.000*"attacknobody"
2018-08-28 07:56:23,027 : INFO : topic #9 (0.025): 0.032*"roll" + 0.032*"op" + 0.017*"dub" + 0.015*"get" + 0.013*"rolling" + 0.012*"thread" + 0.012*"address" + 0.011*"thanks" + 0.011*"please" + 0.011*"trip"
2018-08-28 07:56:23,028 : INFO : topic #26 (0.025): 0.006*"time" + 0.005*"like" + 0.004*"good" + 0.003*"long" + 0.003*"im" + 0.003*"work" + 0.003*"people" + 0.003*"day" + 0.003*"use" + 0.003*"one"
2018-08-28 07:56:23,030 : INFO : topic #18 (0.025): 0.023*"ark" + 0.007*"like" + 0.007*"get" + 0.006*"im" + 0.005*"one" + 0.005*"would" + 0.004*"shit" + 0.004*"fucking" + 0.004*"much" + 0.004*"good"
2018-08-28 07:56:23,034 : INFO : topic diff=0.003220, rho=0.102598
2018-08-28 07:56:36,078 : INFO : -8.348 per-word bound, 325.8 perplexity estimate based on a held-out corpus of 2653 documents with 1868102 words
2018-08-28 07:56:36,078 : INFO : PROGRESS: pass 94, at document #2653/2653
2018-08-28 07:56:45,365 : INFO : topic #32 (0.025): 0.014*"tax" + 0.012*"crypto" + 0.009*"pay" + 0.008*"year" + 0.008*"money" + 0.008*"like" + 0.007*"get" + 0.007*"monero" + 0.007*"gain" + 0.007*"would"
2018-08-28 07:56:45,367 : INFO : topic #12 (0.025): 0.020*"bitbay" + 0.007*"marketplace" + 0.006*"bay" + 0.005*"neutrality" + 0.005*"lmc" + 0.004*"1" + 0.004*"net" + 0.004*"vtc" + 0.003*"grs" + 0.003*"peg"
2018-08-28 07:56:45,369 : INFO : topic #11 (0.025): 0.004*"tuna" + 0.004*"egg" + 0.003*"fbi" + 0.002*"fish" + 0.002*"eat" + 0.002*"microwave" + 0.002*"jam" + 0.002*"stellar" + 0.002*"eating" + 0.001*"sue"
2018-08-28 07:56:45,370 : INFO : topic #18 (0.025): 0.023*"ark" + 0.007*"like" + 0.007*"get" + 0.006*"im" + 0.005*"one" + 0.005*"would" + 0.004*"shit" + 0.004*"fucking" + 0.004*"much" + 0.004*"good"
2018-08-28 07:56:45,372 : INFO : topic #39 (0.025): 0.022*"rcn" + 0.021*"salt" + 0.018*"credit" + 0.016*"loan" + 0.007*"lending" + 0.007*"ripio" + 0.007*"token" + 0.006*"lender" + 0.006*"market" + 0.005*"billion"
2018-08-28 07:56:45,377 : INFO : topic diff=0.003167, rho=0.102062
2018-08-28 07:56:58,391 : INFO : -8.348 per-word bound, 325.8 perplexity estimate based on a held-out corpus of 2653 documents with 1868102 words
2018-08-28 07:56:58,391 : INFO : PROGRESS: pass 95, at document #2653/2653
2018-08-28 07:57:07,706 : INFO : topic #24 (0.025): 0.013*"buy" + 0.010*"im" + 0.009*"going" + 0.008*"like" + 0.008*"get" + 0.008*"coin" + 0.008*"go" + 0.007*"fucking" + 0.007*"sell" + 0.006*"back"
2018-08-28 07:57:07,708 : INFO : topic #8 (0.025): 0.028*"cos" + 0.017*"exchange" + 0.007*"volume" + 0.006*"coin" + 0.005*"bts" + 0.005*"binance" + 0.003*"btc" + 0.003*"fiat" + 0.003*"ui" + 0.003*"publica"
2018-08-28 07:57:07,709 : INFO : topic #21 (0.025): 0.013*"people" + 0.009*"like" + 0.005*"get" + 0.005*"fucking" + 0.005*"think" + 0.005*"would" + 0.005*"thing" + 0.004*"shit" + 0.004*"make" + 0.004*"even"
2018-08-28 07:57:07,711 : INFO : topic #4 (0.025): 0.006*"money" + 0.006*"trade" + 0.005*"trading" + 0.005*"one" + 0.005*"like" + 0.005*"make" + 0.005*"time" + 0.004*"market" + 0.004*"im" + 0.004*"buy"
2018-08-28 07:57:07,712 : INFO : topic #22 (0.025): 0.054*"iota" + 0.006*"transaction" + 0.005*"giota" + 0.005*"tangle" + 0.005*"wallet" + 0.004*"address" + 0.004*"foundation" + 0.004*"balance" + 0.003*"devs" + 0.003*"reclaim"
2018-08-28 07:57:07,716 : INFO : topic diff=0.003112, rho=0.101535
2018-08-28 07:57:20,698 : INFO : -8.347 per-word bound, 325.7 perplexity estimate based on a held-out corpus of 2653 documents with 1868102 words
2018-08-28 07:57:20,699 : INFO : PROGRESS: pass 96, at document #2653/2653
2018-08-28 07:57:29,965 : INFO : topic #21 (0.025): 0.013*"people" + 0.009*"like" + 0.005*"fucking" + 0.005*"get" + 0.005*"think" + 0.005*"would" + 0.005*"thing" + 0.004*"shit" + 0.004*"make" + 0.004*"even"
2018-08-28 07:57:29,966 : INFO : topic #4 (0.025): 0.006*"money" + 0.006*"trade" + 0.005*"trading" + 0.005*"one" + 0.005*"like" + 0.005*"make" + 0.005*"time" + 0.004*"market" + 0.004*"im" + 0.004*"buy"
2018-08-28 07:57:29,967 : INFO : topic #11 (0.025): 0.004*"tuna" + 0.004*"egg" + 0.003*"fbi" + 0.002*"fish" + 0.002*"eat" + 0.002*"microwave" + 0.002*"jam" + 0.002*"stellar" + 0.002*"eating" + 0.001*"sue"
2018-08-28 07:57:29,969 : INFO : topic #33 (0.025): 0.013*"get" + 0.012*"like" + 0.010*"money" + 0.009*"im" + 0.009*"make" + 0.008*"want" + 0.006*"fucking" + 0.006*"fuck" + 0.006*"shit" + 0.006*"people"
2018-08-28 07:57:29,970 : INFO : topic #13 (0.025): 0.015*"wabi" + 0.009*"modum" + 0.007*"product" + 0.004*"pharma" + 0.003*"company" + 0.003*"shipment" + 0.003*"power" + 0.003*"customer" + 0.003*"usd" + 0.003*"use"
2018-08-28 07:57:29,974 : INFO : topic diff=0.003061, rho=0.101015
2018-08-28 07:57:43,003 : INFO : -8.347 per-word bound, 325.7 perplexity estimate based on a held-out corpus of 2653 documents with 1868102 words
2018-08-28 07:57:43,004 : INFO : PROGRESS: pass 97, at document #2653/2653
2018-08-28 07:57:52,277 : INFO : topic #29 (0.025): 0.017*"god" + 0.017*"tell" + 0.017*"please" + 0.017*"oh" + 0.006*"asch" + 0.002*"ben" + 0.001*"liquidation" + 0.001*"jewess" + 0.001*"relational" + 0.001*"khazar"
2018-08-28 07:57:52,278 : INFO : topic #37 (0.025): 0.008*"get" + 0.007*"wallet" + 0.007*"like" + 0.006*"im" + 0.006*"would" + 0.006*"coin" + 0.005*"people" + 0.005*"know" + 0.005*"fucking" + 0.005*"eth"
2018-08-28 07:57:52,279 : INFO : topic #14 (0.025): 0.015*"coin" + 0.010*"token" + 0.009*"project" + 0.009*"ico" + 0.008*"like" + 0.008*"team" + 0.007*"req" + 0.007*"get" + 0.006*"market" + 0.006*"buy"
2018-08-28 07:57:52,280 : INFO : topic #15 (0.025): 0.006*"year" + 0.004*"digital" + 0.003*"government" + 0.003*"world" + 0.002*"bubble" + 0.002*"work" + 0.002*"life" + 0.002*"rent" + 0.002*"crime" + 0.002*"next"
2018-08-28 07:57:52,282 : INFO : topic #7 (0.025): 0.015*"bat" + 0.005*"browser" + 0.005*"brave" + 0.004*"ad" + 0.003*"youtube" + 0.003*"join" + 0.003*"group" + 0.002*"youtubers" + 0.002*"mobile" + 0.002*"winning"
2018-08-28 07:57:52,286 : INFO : topic diff=0.003011, rho=0.100504
2018-08-28 07:58:05,669 : INFO : -8.347 per-word bound, 325.6 perplexity estimate based on a held-out corpus of 2653 documents with 1868102 words
2018-08-28 07:58:05,671 : INFO : PROGRESS: pass 98, at document #2653/2653
2018-08-28 07:58:14,972 : INFO : topic #6 (0.025): 0.020*"scam" + 0.016*"ark" + 0.007*"going" + 0.007*"arkies" + 0.006*"btc" + 0.006*"get" + 0.006*"deluded" + 0.005*"wallet" + 0.004*"price" + 0.004*"tank"
2018-08-28 07:58:14,974 : INFO : topic #20 (0.025): 0.025*"powr" + 0.018*"pbc" + 0.012*"pick" + 0.012*"slr" + 0.012*"teeka" + 0.011*"fake" + 0.010*"energy" + 0.010*"solar" + 0.008*"coin" + 0.008*"power"
2018-08-28 07:58:14,975 : INFO : topic #29 (0.025): 0.017*"god" + 0.017*"tell" + 0.017*"please" + 0.017*"oh" + 0.006*"asch" + 0.002*"ben" + 0.001*"liquidation" + 0.001*"jewess" + 0.001*"relational" + 0.001*"khazar"
2018-08-28 07:58:14,977 : INFO : topic #7 (0.025): 0.015*"bat" + 0.005*"browser" + 0.005*"brave" + 0.004*"ad" + 0.003*"youtube" + 0.003*"join" + 0.003*"group" + 0.002*"youtubers" + 0.002*"mobile" + 0.002*"winning"
2018-08-28 07:58:14,978 : INFO : topic #15 (0.025): 0.006*"year" + 0.004*"digital" + 0.003*"government" + 0.003*"world" + 0.002*"bubble" + 0.002*"work" + 0.002*"life" + 0.002*"rent" + 0.002*"crime" + 0.002*"next"
2018-08-28 07:58:14,982 : INFO : topic diff=0.002961, rho=0.100000
2018-08-28 07:58:28,103 : INFO : -8.347 per-word bound, 325.5 perplexity estimate based on a held-out corpus of 2653 documents with 1868102 words
2018-08-28 07:58:28,104 : INFO : PROGRESS: pass 99, at document #2653/2653
2018-08-28 07:58:37,358 : INFO : topic #1 (0.025): 0.005*"wine" + 0.004*"billion" + 0.003*"ripple" + 0.002*"marketcap" + 0.002*"600" + 0.001*"million" + 0.001*"supply" + 0.001*"likely" + 0.001*"red" + 0.001*"sizeable"
2018-08-28 07:58:37,361 : INFO : topic #30 (0.025): 0.029*"btc" + 0.024*"bch" + 0.023*"bitcoin" + 0.007*"people" + 0.006*"transaction" + 0.006*"going" + 0.006*"like" + 0.006*"would" + 0.006*"cash" + 0.005*"get"
2018-08-28 07:58:37,362 : INFO : topic #36 (0.025): 0.006*"english" + 0.004*"a" + 0.004*"french" + 0.004*"complement" + 0.003*"postcard" + 0.003*"in" + 0.003*"sent" + 0.003*"stephanie" + 0.003*"trevor" + 0.003*"paris"
2018-08-28 07:58:37,363 : INFO : topic #20 (0.025): 0.025*"powr" + 0.018*"pbc" + 0.012*"pick" + 0.012*"slr" + 0.012*"teeka" + 0.011*"fake" + 0.010*"energy" + 0.010*"solar" + 0.008*"coin" + 0.008*"power"
2018-08-28 07:58:37,364 : INFO : topic #6 (0.025): 0.020*"scam" + 0.016*"ark" + 0.007*"going" + 0.007*"arkies" + 0.006*"btc" + 0.006*"get" + 0.006*"deluded" + 0.005*"wallet" + 0.004*"price" + 0.004*"tank"
2018-08-28 07:58:37,368 : INFO : topic diff=0.002913, rho=0.099504
2018-08-28 07:58:37,370 : INFO : saving LdaState object under models/ldamodel.state, separately None
2018-08-28 07:58:37,571 : INFO : saved models/ldamodel.state
2018-08-28 07:58:37,642 : INFO : saving LdaModel object under models/ldamodel, separately ['expElogbeta', 'sstats']
2018-08-28 07:58:37,644 : INFO : storing np array 'expElogbeta' to models/ldamodel.expElogbeta.npy
2018-08-28 07:58:37,714 : INFO : not storing attribute id2word
2018-08-28 07:58:37,721 : INFO : not storing attribute state
2018-08-28 07:58:37,722 : INFO : not storing attribute dispatcher
2018-08-28 07:58:37,734 : INFO : saved models/ldamodel
2018-08-28 07:58:37,740 : INFO : topic #36 (0.025): 0.006*"english" + 0.004*"a" + 0.004*"french" + 0.004*"complement" + 0.003*"postcard" + 0.003*"in" + 0.003*"sent" + 0.003*"stephanie" + 0.003*"trevor" + 0.003*"paris" + 0.003*"friend" + 0.002*"teach" + 0.002*"sentence" + 0.002*"b" + 0.002*"poland" + 0.002*"italy" + 0.002*"pleb" + 0.002*"answer" + 0.002*"with" + 0.002*"country"
2018-08-28 07:58:37,742 : INFO : topic #12 (0.025): 0.020*"bitbay" + 0.008*"marketplace" + 0.006*"bay" + 0.005*"neutrality" + 0.005*"lmc" + 0.004*"1" + 0.004*"net" + 0.004*"vtc" + 0.004*"grs" + 0.003*"peg" + 0.003*"decentralized" + 0.003*"internet" + 0.003*"isps" + 0.002*"source" + 0.002*"bandwidth" + 0.002*"site" + 0.002*"po" + 0.002*"bitbays" + 0.002*"netflix" + 0.002*"web"
2018-08-28 07:58:37,744 : INFO : topic #31 (0.025): 0.030*"card" + 0.010*"monaco" + 0.007*"tenx" + 0.007*"mco" + 0.007*"visa" + 0.004*"tokencard" + 0.004*"vega" + 0.004*"debit" + 0.003*"que" + 0.003*"rig" + 0.003*"mining" + 0.003*"gpus" + 0.002*"program" + 0.002*"singapore" + 0.002*"prepaid" + 0.002*"electricity" + 0.002*"today" + 0.002*"benchmark" + 0.002*"eu" + 0.002*"approved"
2018-08-28 07:58:37,746 : INFO : topic #39 (0.025): 0.022*"rcn" + 0.021*"salt" + 0.018*"credit" + 0.016*"loan" + 0.007*"lending" + 0.007*"ripio" + 0.007*"token" + 0.006*"lender" + 0.006*"market" + 0.005*"billion" + 0.005*"collateral" + 0.005*"network" + 0.004*"borrower" + 0.004*"value" + 0.004*"fiat" + 0.004*"around" + 0.004*"tim" + 0.003*"smart" + 0.003*"global" + 0.003*"draper"
2018-08-28 07:58:37,747 : INFO : topic #21 (0.025): 0.013*"people" + 0.009*"like" + 0.005*"fucking" + 0.005*"think" + 0.005*"get" + 0.005*"would" + 0.005*"thing" + 0.004*"shit" + 0.004*"make" + 0.004*"even" + 0.004*"one" + 0.004*"know" + 0.004*"fuck" + 0.004*"good" + 0.004*"world" + 0.004*"work" + 0.004*"child" + 0.003*"life" + 0.003*"need" + 0.003*"cant"
2018-08-28 07:58:37,748 : INFO : topic #0 (0.025): 0.024*"future" + 0.012*"contract" + 0.005*"stellar" + 0.005*"dump" + 0.005*"steal" + 0.004*"s2x" + 0.004*"exist" + 0.002*"date" + 0.002*"refund" + 0.002*"option" + 0.002*"certain" + 0.002*"clearinghouse" + 0.002*"stealing" + 0.002*"cow" + 0.002*"smoking" + 0.002*"odn" + 0.002*"lumen" + 0.002*"tobacco" + 0.002*"sue" + 0.001*"stole"
2018-08-28 07:58:37,749 : INFO : topic #38 (0.025): 0.002*"python" + 0.001*"java" + 0.001*"programmer" + 0.001*"programming" + 0.001*"nodejs" + 0.001*"dealt" + 0.000*"bash" + 0.000*"droppingpeople" + 0.000*"abuser" + 0.000*"anythingbuy" + 0.000*"againneat" + 0.000*"ecosystemso" + 0.000*"unraveling" + 0.000*"attacknobody" + 0.000*"hackeror" + 0.000*"hereeither" + 0.000*"investigatingtheyve" + 0.000*"cyado" + 0.000*"realwhy" + 0.000*"balanceon"
2018-08-28 07:58:37,751 : INFO : topic #17 (0.025): 0.006*"would" + 0.005*"organ" + 0.004*"phone" + 0.004*"comment" + 0.004*"big" + 0.004*"50" + 0.004*"amazon" + 0.004*"like" + 0.004*"sue" + 0.003*"said" + 0.003*"mistake" + 0.003*"guy" + 0.003*"check" + 0.003*"money" + 0.003*"centrum" + 0.003*"damage" + 0.003*"state" + 0.003*"court" + 0.003*"lawyer" + 0.003*"last"
2018-08-28 07:58:37,752 : INFO : topic #13 (0.025): 0.015*"wabi" + 0.009*"modum" + 0.007*"product" + 0.004*"pharma" + 0.003*"company" + 0.003*"shipment" + 0.003*"power" + 0.003*"customer" + 0.003*"usd" + 0.003*"use" + 0.003*"sensor" + 0.003*"pepe" + 0.003*"china" + 0.002*"business" + 0.002*"work" + 0.002*"every" + 0.002*"chain" + 0.002*"two" + 0.002*"channel" + 0.002*"find"
2018-08-28 07:58:37,754 : INFO : topic #26 (0.025): 0.005*"time" + 0.005*"like" + 0.004*"long" + 0.003*"good" + 0.003*"work" + 0.003*"im" + 0.003*"people" + 0.003*"day" + 0.003*"use" + 0.003*"one" + 0.003*"think" + 0.003*"need" + 0.002*"get" + 0.002*"know" + 0.002*"want" + 0.002*"really" + 0.002*"play" + 0.002*"trading" + 0.002*"go" + 0.002*"learn"
2018-08-28 07:58:37,755 : INFO : topic #2 (0.025): 0.003*"agricultural" + 0.002*"f5" + 0.002*"vechain" + 0.002*"liaoning" + 0.002*"chip" + 0.001*"academy" + 0.001*"science" + 0.001*"agriculture" + 0.001*"product" + 0.001*"bottle" + 0.001*"green" + 0.001*"vertcucks" + 0.001*"tweet" + 0.001*"regarding" + 0.001*"province" + 0.001*"greenhouse" + 0.001*"water" + 0.001*"bulltrap" + 0.001*"manufacturer" + 0.001*"qsp"
2018-08-28 07:58:37,757 : INFO : topic #8 (0.025): 0.029*"cos" + 0.018*"exchange" + 0.007*"volume" + 0.006*"coin" + 0.005*"bts" + 0.005*"binance" + 0.003*"btc" + 0.003*"ui" + 0.003*"fiat" + 0.003*"publica" + 0.003*"zeph" + 0.003*"bitshares" + 0.003*"token" + 0.003*"wallet" + 0.003*"take" + 0.002*"team" + 0.002*"gateway" + 0.002*"added" + 0.002*"buy" + 0.002*"list"
2018-08-28 07:58:37,758 : INFO : topic #28 (0.025): 0.172*"chancoin" + 0.017*"4chn" + 0.010*"coin" + 0.007*"discord" + 0.005*"tipping" + 0.005*"chan" + 0.004*"feature" + 0.004*"name" + 0.004*"need" + 0.004*"u" + 0.003*"board" + 0.003*"blockchain" + 0.003*"post" + 0.003*"address" + 0.003*"also" + 0.003*"project" + 0.003*"mining" + 0.003*"tip" + 0.003*"using" + 0.003*"thread"
2018-08-28 07:58:37,759 : INFO : topic #14 (0.025): 0.015*"coin" + 0.010*"token" + 0.009*"project" + 0.009*"ico" + 0.008*"team" + 0.008*"like" + 0.007*"req" + 0.007*"get" + 0.006*"market" + 0.006*"buy" + 0.006*"even" + 0.006*"cap" + 0.006*"shit" + 0.005*"one" + 0.005*"price" + 0.005*"product" + 0.005*"going" + 0.005*"exchange" + 0.004*"already" + 0.004*"fucking"
2018-08-28 07:58:37,760 : INFO : topic #27 (0.025): 0.020*"tether" + 0.010*"market" + 0.010*"stock" + 0.009*"like" + 0.008*"get" + 0.008*"money" + 0.008*"bitfinex" + 0.007*"btc" + 0.007*"buy" + 0.007*"price" + 0.006*"usd" + 0.006*"go" + 0.006*"going" + 0.006*"sell" + 0.005*"exchange" + 0.005*"people" + 0.005*"usdt" + 0.005*"im" + 0.005*"fuck" + 0.004*"short"
2018-08-28 07:58:37,761 : INFO : topic #19 (0.025): 0.004*"men" + 0.004*"gay" + 0.004*"computing" + 0.002*"woman" + 0.002*"iexec" + 0.002*"rlc" + 0.002*"930" + 0.001*"sexist" + 0.001*"minereum" + 0.001*"ta" + 0.001*"trader" + 0.001*"france" + 0.001*"backtest" + 0.001*"guarantee" + 0.001*"gender" + 0.001*"cloud" + 0.001*"platinum" + 0.001*"saltmemberships" + 0.001*"cryptotards" + 0.001*"seal"
2018-08-28 07:58:37,763 : INFO : topic #7 (0.025): 0.015*"bat" + 0.005*"browser" + 0.005*"brave" + 0.004*"ad" + 0.003*"youtube" + 0.003*"join" + 0.003*"group" + 0.002*"youtubers" + 0.002*"mobile" + 0.002*"winning" + 0.002*"audience" + 0.002*"lottery" + 0.002*"porn" + 0.002*"google" + 0.002*"bump" + 0.002*"really" + 0.002*"number" + 0.002*"daughter" + 0.002*"profit" + 0.001*"would"
2018-08-28 07:58:37,764 : INFO : topic #15 (0.025): 0.006*"year" + 0.004*"digital" + 0.003*"government" + 0.003*"world" + 0.002*"bubble" + 0.002*"work" + 0.002*"life" + 0.002*"rent" + 0.002*"crime" + 0.002*"next" + 0.002*"authority" + 0.002*"genesis" + 0.002*"personal" + 0.002*"currency" + 0.002*"like" + 0.002*"eark" + 0.002*"bloodline" + 0.002*"the" + 0.002*"around" + 0.002*"4chan"
2018-08-28 07:58:37,765 : INFO : topic #35 (0.025): 0.002*"60m" + 0.001*"offset" + 0.001*"maintain" + 0.001*"100m" + 0.001*"transact" + 0.001*"241" + 0.001*"enj" + 0.001*"nothingbuy" + 0.001*"75m" + 0.001*"065" + 0.001*"100million" + 0.001*"maker" + 0.001*"aim" + 0.001*"concept" + 0.000*"usdthe" + 0.000*"bucksno" + 0.000*"and1" + 0.000*"homophobic" + 0.000*"regalcoin" + 0.000*"slursuses"
2018-08-28 07:58:37,766 : INFO : topic #18 (0.025): 0.024*"ark" + 0.007*"like" + 0.006*"get" + 0.006*"im" + 0.005*"one" + 0.005*"would" + 0.004*"shit" + 0.004*"fucking" + 0.004*"much" + 0.004*"good" + 0.003*"make" + 0.003*"time" + 0.003*"it" + 0.003*"year" + 0.003*"think" + 0.003*"could" + 0.003*"guy" + 0.003*"wallet" + 0.003*"know" + 0.003*"want"
2018-08-28 07:58:37,768 : INFO : topic #10 (0.025): 0.020*"neo" + 0.009*"news" + 0.008*"buy" + 0.007*"like" + 0.006*"going" + 0.006*"coin" + 0.006*"nuls" + 0.006*"im" + 0.005*"get" + 0.005*"one" + 0.005*"link" + 0.005*"eth" + 0.005*"time" + 0.004*"go" + 0.004*"fucking" + 0.004*"good" + 0.004*"shit" + 0.004*"make" + 0.004*"chinese" + 0.004*"sell"
2018-08-28 07:58:37,770 : INFO : topic #6 (0.025): 0.020*"scam" + 0.016*"ark" + 0.007*"going" + 0.007*"arkies" + 0.006*"btc" + 0.006*"get" + 0.006*"deluded" + 0.005*"wallet" + 0.004*"price" + 0.004*"tank" + 0.004*"arkie" + 0.004*"pothead" + 0.003*"go" + 0.003*"world" + 0.003*"wagecucking" + 0.003*"arsehole" + 0.003*"interview" + 0.003*"floor" + 0.003*"alt" + 0.003*"stuttering"
2018-08-28 07:58:37,771 : INFO : topic #1 (0.025): 0.005*"wine" + 0.004*"billion" + 0.003*"ripple" + 0.002*"marketcap" + 0.002*"600" + 0.001*"million" + 0.001*"supply" + 0.001*"likely" + 0.001*"red" + 0.001*"sizeable" + 0.001*"circulating" + 0.001*"potential" + 0.001*"together" + 0.001*"400s" + 0.001*"cest" + 0.001*"buyout" + 0.001*"de" + 0.001*"xlm" + 0.001*"classy" + 0.001*"un"
2018-08-28 07:58:37,772 : INFO : topic #37 (0.025): 0.008*"get" + 0.007*"wallet" + 0.007*"like" + 0.006*"im" + 0.006*"would" + 0.005*"coin" + 0.005*"people" + 0.005*"know" + 0.005*"fucking" + 0.005*"eth" + 0.005*"one" + 0.005*"it" + 0.005*"buy" + 0.004*"shit" + 0.004*"time" + 0.004*"make" + 0.004*"use" + 0.004*"even" + 0.004*"money" + 0.004*"think"
2018-08-28 07:58:37,773 : INFO : topic #4 (0.025): 0.006*"trade" + 0.006*"money" + 0.005*"trading" + 0.005*"one" + 0.005*"make" + 0.005*"like" + 0.005*"time" + 0.004*"market" + 0.004*"im" + 0.004*"buy" + 0.004*"day" + 0.004*"people" + 0.004*"year" + 0.004*"also" + 0.004*"use" + 0.004*"would" + 0.003*"work" + 0.003*"company" + 0.003*"think" + 0.003*"even"
2018-08-28 07:58:37,801 : INFO : using symmetric alpha at 0.02
2018-08-28 07:58:37,802 : INFO : using symmetric eta at 0.02
2018-08-28 07:58:37,819 : INFO : using serial LDA version on this node
2018-08-28 07:58:38,621 : INFO : running online (multi-pass) LDA training, 50 topics, 100 passes over the supplied corpus of 4623 documents, updating model once every 4623 documents, evaluating perplexity every 4623 documents, iterating 50x with a convergence threshold of 0.001000
2018-08-28 07:58:50,811 : INFO : -19.975 per-word bound, 1030853.9 perplexity estimate based on a held-out corpus of 4623 documents with 2290604 words
2018-08-28 07:58:50,812 : INFO : PROGRESS: pass 0, at document #4623/4623
2018-08-28 07:58:57,969 : INFO : topic #17 (0.020): 0.006*"people" + 0.006*"like" + 0.005*"even" + 0.005*"shit" + 0.005*"buy" + 0.005*"coin" + 0.005*"im" + 0.005*"get" + 0.004*"make" + 0.004*"would"
2018-08-28 07:58:57,971 : INFO : topic #36 (0.020): 0.008*"like" + 0.007*"get" + 0.005*"coin" + 0.005*"make" + 0.005*"shit" + 0.005*"think" + 0.005*"one" + 0.005*"bitcoin" + 0.005*"go" + 0.005*"buy"
2018-08-28 07:58:57,973 : INFO : topic #27 (0.020): 0.008*"bitcoin" + 0.007*"get" + 0.006*"money" + 0.006*"people" + 0.005*"like" + 0.005*"btc" + 0.005*"fucking" + 0.005*"make" + 0.004*"im" + 0.004*"year"
2018-08-28 07:58:57,974 : INFO : topic #2 (0.020): 0.010*"like" + 0.007*"coin" + 0.007*"buy" + 0.006*"money" + 0.006*"get" + 0.006*"go" + 0.006*"make" + 0.005*"link" + 0.005*"know" + 0.005*"im"
2018-08-28 07:58:57,976 : INFO : topic #31 (0.020): 0.008*"coin" + 0.007*"im" + 0.007*"like" + 0.006*"going" + 0.005*"get" + 0.005*"buy" + 0.005*"one" + 0.005*"even" + 0.004*"btc" + 0.004*"make"
2018-08-28 07:58:57,981 : INFO : topic diff=28.224321, rho=1.000000
2018-08-28 07:59:11,493 : INFO : -9.959 per-word bound, 995.3 perplexity estimate based on a held-out corpus of 4623 documents with 2290604 words
2018-08-28 07:59:11,494 : INFO : PROGRESS: pass 1, at document #4623/4623
2018-08-28 07:59:19,954 : INFO : topic #36 (0.020): 0.008*"like" + 0.007*"get" + 0.005*"coin" + 0.005*"one" + 0.005*"shit" + 0.005*"think" + 0.005*"make" + 0.005*"buy" + 0.004*"go" + 0.004*"people"
2018-08-28 07:59:19,955 : INFO : topic #7 (0.020): 0.007*"like" + 0.006*"get" + 0.006*"im" + 0.005*"going" + 0.005*"one" + 0.004*"buy" + 0.004*"shit" + 0.004*"good" + 0.004*"people" + 0.003*"time"
2018-08-28 07:59:19,957 : INFO : topic #13 (0.020): 0.007*"im" + 0.007*"like" + 0.006*"get" + 0.006*"buy" + 0.006*"btc" + 0.006*"one" + 0.006*"going" + 0.006*"people" + 0.006*"coin" + 0.006*"fucking"
2018-08-28 07:59:19,959 : INFO : topic #5 (0.020): 0.007*"fucking" + 0.007*"get" + 0.006*"like" + 0.005*"shit" + 0.005*"im" + 0.004*"know" + 0.004*"make" + 0.004*"money" + 0.004*"one" + 0.004*"go"
2018-08-28 07:59:19,960 : INFO : topic #34 (0.020): 0.015*"bitcoin" + 0.014*"bch" + 0.011*"btc" + 0.007*"get" + 0.007*"like" + 0.006*"time" + 0.005*"coin" + 0.005*"one" + 0.005*"going" + 0.004*"im"
2018-08-28 07:59:19,965 : INFO : topic diff=5.415115, rho=0.577350
2018-08-28 07:59:33,873 : INFO : -9.180 per-word bound, 579.9 perplexity estimate based on a held-out corpus of 4623 documents with 2290604 words
2018-08-28 07:59:33,873 : INFO : PROGRESS: pass 2, at document #4623/4623
2018-08-28 07:59:42,568 : INFO : topic #29 (0.020): 0.008*"get" + 0.008*"like" + 0.008*"btc" + 0.006*"people" + 0.006*"time" + 0.006*"buy" + 0.006*"fucking" + 0.006*"bitcoin" + 0.006*"make" + 0.005*"go"
2018-08-28 07:59:42,570 : INFO : topic #9 (0.020): 0.007*"btc" + 0.006*"time" + 0.006*"like" + 0.005*"get" + 0.005*"money" + 0.005*"im" + 0.005*"make" + 0.005*"bch" + 0.005*"one" + 0.004*"bitcoin"
2018-08-28 07:59:42,572 : INFO : topic #46 (0.020): 0.008*"get" + 0.007*"like" + 0.007*"fucking" + 0.007*"people" + 0.006*"buy" + 0.006*"btc" + 0.005*"bch" + 0.005*"would" + 0.005*"shit" + 0.005*"go"
2018-08-28 07:59:42,573 : INFO : topic #19 (0.020): 0.010*"like" + 0.007*"get" + 0.006*"im" + 0.005*"fucking" + 0.005*"make" + 0.005*"money" + 0.005*"want" + 0.005*"know" + 0.005*"people" + 0.004*"btc"
2018-08-28 07:59:42,574 : INFO : topic #35 (0.020): 0.011*"buy" + 0.008*"get" + 0.008*"fucking" + 0.007*"btc" + 0.007*"like" + 0.006*"coin" + 0.006*"go" + 0.006*"fuck" + 0.006*"bitcoin" + 0.005*"going"
2018-08-28 07:59:42,580 : INFO : topic diff=3.788779, rho=0.500000
2018-08-28 07:59:56,796 : INFO : -8.906 per-word bound, 479.6 perplexity estimate based on a held-out corpus of 4623 documents with 2290604 words
2018-08-28 07:59:56,796 : INFO : PROGRESS: pass 3, at document #4623/4623
2018-08-28 08:00:05,963 : INFO : topic #34 (0.020): 0.025*"bitcoin" + 0.022*"bch" + 0.015*"btc" + 0.009*"transaction" + 0.008*"block" + 0.007*"cash" + 0.006*"get" + 0.006*"time" + 0.006*"miner" + 0.006*"core"
2018-08-28 08:00:05,964 : INFO : topic #25 (0.020): 0.025*"die" + 0.006*"get" + 0.005*"chancoin" + 0.005*"btc" + 0.005*"would" + 0.005*"like" + 0.004*"make" + 0.004*"people" + 0.004*"crypto" + 0.004*"money"
2018-08-28 08:00:05,965 : INFO : topic #12 (0.020): 0.014*"wallet" + 0.014*"roll" + 0.009*"coin" + 0.009*"get" + 0.006*"key" + 0.006*"rolling" + 0.005*"one" + 0.005*"im" + 0.005*"make" + 0.005*"like"
2018-08-28 08:00:05,967 : INFO : topic #20 (0.020): 0.008*"car" + 0.008*"get" + 0.006*"tell" + 0.005*"like" + 0.005*"please" + 0.004*"tax" + 0.004*"fuck" + 0.004*"shit" + 0.004*"oh" + 0.004*"god"
2018-08-28 08:00:05,968 : INFO : topic #35 (0.020): 0.012*"buy" + 0.008*"get" + 0.008*"fucking" + 0.007*"btc" + 0.007*"like" + 0.007*"coin" + 0.006*"go" + 0.006*"fuck" + 0.006*"going" + 0.006*"im"
2018-08-28 08:00:05,973 : INFO : topic diff=2.621719, rho=0.447214
2018-08-28 08:00:20,549 : INFO : -8.761 per-word bound, 433.7 perplexity estimate based on a held-out corpus of 4623 documents with 2290604 words
2018-08-28 08:00:20,550 : INFO : PROGRESS: pass 4, at document #4623/4623
2018-08-28 08:00:30,003 : INFO : topic #14 (0.020): 0.005*"get" + 0.004*"btc" + 0.004*"coin" + 0.004*"go" + 0.004*"like" + 0.003*"would" + 0.003*"wallet" + 0.003*"fucking" + 0.003*"people" + 0.003*"gamma"
2018-08-28 08:00:30,004 : INFO : topic #22 (0.020): 0.029*"btc" + 0.016*"bitcoin" + 0.012*"bch" + 0.008*"buy" + 0.006*"like" + 0.006*"go" + 0.005*"would" + 0.005*"get" + 0.005*"one" + 0.005*"money"
2018-08-28 08:00:30,006 : INFO : topic #28 (0.020): 0.014*"tax" + 0.009*"get" + 0.007*"money" + 0.007*"like" + 0.007*"fucking" + 0.007*"gain" + 0.006*"pay" + 0.006*"make" + 0.006*"crypto" + 0.006*"year"
2018-08-28 08:00:30,007 : INFO : topic #21 (0.020): 0.021*"link" + 0.006*"get" + 0.006*"like" + 0.006*"fucking" + 0.005*"time" + 0.005*"im" + 0.005*"chainlink" + 0.005*"make" + 0.005*"buy" + 0.005*"one"
2018-08-28 08:00:30,009 : INFO : topic #33 (0.020): 0.008*"get" + 0.008*"coin" + 0.007*"like" + 0.006*"market" + 0.005*"buy" + 0.005*"make" + 0.005*"one" + 0.005*"it" + 0.005*"im" + 0.005*"btc"
2018-08-28 08:00:30,014 : INFO : topic diff=1.815360, rho=0.408248
2018-08-28 08:00:44,761 : INFO : -8.674 per-word bound, 408.6 perplexity estimate based on a held-out corpus of 4623 documents with 2290604 words
2018-08-28 08:00:44,762 : INFO : PROGRESS: pass 5, at document #4623/4623
2018-08-28 08:00:54,542 : INFO : topic #35 (0.020): 0.013*"buy" + 0.008*"get" + 0.008*"fucking" + 0.007*"coin" + 0.007*"like" + 0.007*"btc" + 0.006*"go" + 0.006*"im" + 0.006*"going" + 0.006*"fuck"
2018-08-28 08:00:54,544 : INFO : topic #47 (0.020): 0.009*"im" + 0.009*"like" + 0.007*"buy" + 0.007*"money" + 0.006*"get" + 0.006*"btc" + 0.006*"people" + 0.006*"make" + 0.005*"it" + 0.005*"fuck"
2018-08-28 08:00:54,545 : INFO : topic #15 (0.020): 0.006*"money" + 0.005*"like" + 0.005*"going" + 0.005*"make" + 0.005*"im" + 0.004*"fucking" + 0.004*"buy" + 0.004*"people" + 0.003*"get" + 0.003*"one"
2018-08-28 08:00:54,547 : INFO : topic #4 (0.020): 0.008*"get" + 0.007*"coin" + 0.007*"like" + 0.007*"btc" + 0.006*"bitcoin" + 0.006*"tether" + 0.005*"one" + 0.005*"shit" + 0.004*"fucking" + 0.004*"think"
2018-08-28 08:00:54,549 : INFO : topic #34 (0.020): 0.030*"bitcoin" + 0.027*"bch" + 0.018*"btc" + 0.012*"transaction" + 0.011*"block" + 0.008*"miner" + 0.007*"core" + 0.007*"cash" + 0.007*"fee" + 0.006*"people"
2018-08-28 08:00:54,554 : INFO : topic diff=1.271284, rho=0.377964
2018-08-28 08:01:09,616 : INFO : -8.619 per-word bound, 393.3 perplexity estimate based on a held-out corpus of 4623 documents with 2290604 words
2018-08-28 08:01:09,617 : INFO : PROGRESS: pass 6, at document #4623/4623
2018-08-28 08:01:19,647 : INFO : topic #45 (0.020): 0.289*"chancoin" + 0.009*"4chn" + 0.008*"discord" + 0.007*"tipping" + 0.005*"coin" + 0.005*"chan" + 0.005*"du" + 0.003*"name" + 0.003*"field" + 0.003*"und"
